[2025-07-30T16:37:34.181+0800][0.007s][info][gc,init] CardTable entry size: 512
[2025-07-30T16:37:34.181+0800][0.007s][info][gc     ] Using G1
[2025-07-30T16:37:34.189+0800][0.015s][info][gc,init] Version: 21.0.6+7-LTS (release)
[2025-07-30T16:37:34.189+0800][0.015s][info][gc,init] CPUs: 16 total, 16 available
[2025-07-30T16:37:34.189+0800][0.015s][info][gc,init] Memory: 31801M
[2025-07-30T16:37:34.189+0800][0.015s][info][gc,init] Large Page Support: Disabled
[2025-07-30T16:37:34.189+0800][0.015s][info][gc,init] NUMA Support: Disabled
[2025-07-30T16:37:34.189+0800][0.015s][info][gc,init] Compressed Oops: Enabled (32-bit)
[2025-07-30T16:37:34.189+0800][0.015s][info][gc,init] Heap Region Size: 1M
[2025-07-30T16:37:34.189+0800][0.015s][info][gc,init] Heap Min Capacity: 2G
[2025-07-30T16:37:34.190+0800][0.016s][info][gc,init] Heap Initial Capacity: 2G
[2025-07-30T16:37:34.190+0800][0.016s][info][gc,init] Heap Max Capacity: 2G
[2025-07-30T16:37:34.190+0800][0.016s][info][gc,init] Pre-touch: Disabled
[2025-07-30T16:37:34.190+0800][0.016s][info][gc,init] Parallel Workers: 1
[2025-07-30T16:37:34.190+0800][0.016s][info][gc,init] Concurrent Workers: 1
[2025-07-30T16:37:34.190+0800][0.016s][info][gc,init] Concurrent Refinement Workers: 1
[2025-07-30T16:37:34.190+0800][0.016s][info][gc,init] Periodic GC: Disabled
[2025-07-30T16:37:34.195+0800][0.020s][info][gc,metaspace] CDS archive(s) mapped at: [0x000001c980000000-0x000001c980cd0000-0x000001c980cd0000), size 13434880, SharedBaseAddress: 0x000001c980000000, ArchiveRelocationMode: 1.
[2025-07-30T16:37:34.195+0800][0.020s][info][gc,metaspace] Compressed class space mapped at: 0x000001c981000000-0x000001c9c1000000, reserved size: 1073741824
[2025-07-30T16:37:34.195+0800][0.020s][info][gc,metaspace] Narrow klass base: 0x000001c980000000, Narrow klass shift: 0, Narrow klass range: 0x100000000
[2025-07-30T16:37:34.260+0800][0.085s][info][gc,start    ] GC(0) Pause Young (Normal) (G1 Evacuation Pause)
[2025-07-30T16:37:34.260+0800][0.086s][info][gc,task     ] GC(0) Using 1 workers of 1 for evacuation
[2025-07-30T16:37:34.283+0800][0.109s][info][gc,phases   ] GC(0)   Pre Evacuate Collection Set: 0.3ms
[2025-07-30T16:37:34.283+0800][0.109s][info][gc,phases   ] GC(0)   Merge Heap Roots: 0.1ms
[2025-07-30T16:37:34.283+0800][0.109s][info][gc,phases   ] GC(0)   Evacuate Collection Set: 22.4ms
[2025-07-30T16:37:34.283+0800][0.109s][info][gc,phases   ] GC(0)   Post Evacuate Collection Set: 0.3ms
[2025-07-30T16:37:34.283+0800][0.109s][info][gc,phases   ] GC(0)   Other: 0.1ms
[2025-07-30T16:37:34.283+0800][0.109s][info][gc,heap     ] GC(0) Eden regions: 102->0(89)
[2025-07-30T16:37:34.283+0800][0.109s][info][gc,heap     ] GC(0) Survivor regions: 0->13(13)
[2025-07-30T16:37:34.283+0800][0.109s][info][gc,heap     ] GC(0) Old regions: 0->84
[2025-07-30T16:37:34.283+0800][0.109s][info][gc,heap     ] GC(0) Humongous regions: 0->0
[2025-07-30T16:37:34.283+0800][0.109s][info][gc,metaspace] GC(0) Metaspace: 1063K(1216K)->1063K(1216K) NonClass: 980K(1024K)->980K(1024K) Class: 82K(192K)->82K(192K)
[2025-07-30T16:37:34.283+0800][0.109s][info][gc          ] GC(0) Pause Young (Normal) (G1 Evacuation Pause) 102M->96M(2048M) 23.345ms
[2025-07-30T16:37:34.283+0800][0.109s][info][gc,cpu      ] GC(0) User=0.00s Sys=0.03s Real=0.02s
[2025-07-30T16:37:34.283+0800][0.109s][info][safepoint   ] Safepoint "G1CollectForAllocation", Time since last: 63246300 ns, Reaching safepoint: 5600 ns, Cleanup: 25600 ns, At safepoint: 23387100 ns, Total: 23418300 ns
[2025-07-30T16:37:34.290+0800][0.116s][info][gc,start    ] GC(1) Pause Young (Normal) (G1 Evacuation Pause)
[2025-07-30T16:37:34.290+0800][0.116s][info][gc,task     ] GC(1) Using 1 workers of 1 for evacuation
[2025-07-30T16:37:34.314+0800][0.139s][info][gc,phases   ] GC(1)   Pre Evacuate Collection Set: 0.3ms
[2025-07-30T16:37:34.314+0800][0.139s][info][gc,phases   ] GC(1)   Merge Heap Roots: 0.0ms
[2025-07-30T16:37:34.314+0800][0.139s][info][gc,phases   ] GC(1)   Evacuate Collection Set: 22.6ms
[2025-07-30T16:37:34.314+0800][0.139s][info][gc,phases   ] GC(1)   Post Evacuate Collection Set: 0.3ms
[2025-07-30T16:37:34.314+0800][0.140s][info][gc,phases   ] GC(1)   Other: 0.0ms
[2025-07-30T16:37:34.314+0800][0.140s][info][gc,heap     ] GC(1) Eden regions: 89->0(89)
[2025-07-30T16:37:34.314+0800][0.140s][info][gc,heap     ] GC(1) Survivor regions: 13->13(13)
[2025-07-30T16:37:34.314+0800][0.140s][info][gc,heap     ] GC(1) Old regions: 84->171
[2025-07-30T16:37:34.314+0800][0.140s][info][gc,heap     ] GC(1) Humongous regions: 2->2
[2025-07-30T16:37:34.314+0800][0.140s][info][gc,metaspace] GC(1) Metaspace: 1160K(1344K)->1160K(1344K) NonClass: 1073K(1152K)->1073K(1152K) Class: 87K(192K)->87K(192K)
[2025-07-30T16:37:34.314+0800][0.140s][info][gc          ] GC(1) Pause Young (Normal) (G1 Evacuation Pause) 187M->185M(2048M) 23.520ms
[2025-07-30T16:37:34.314+0800][0.140s][info][gc,cpu      ] GC(1) User=0.03s Sys=0.00s Real=0.02s
[2025-07-30T16:37:34.314+0800][0.140s][info][safepoint   ] Safepoint "G1CollectForAllocation", Time since last: 7185400 ns, Reaching safepoint: 12600 ns, Cleanup: 6400 ns, At safepoint: 23559900 ns, Total: 23578900 ns
[2025-07-30T16:37:34.317+0800][0.143s][info][gc,start    ] GC(2) Pause Young (Normal) (G1 Evacuation Pause)
[2025-07-30T16:37:34.317+0800][0.143s][info][gc,task     ] GC(2) Using 1 workers of 1 for evacuation
[2025-07-30T16:37:34.339+0800][0.165s][info][gc,phases   ] GC(2)   Pre Evacuate Collection Set: 0.3ms
[2025-07-30T16:37:34.339+0800][0.165s][info][gc,phases   ] GC(2)   Merge Heap Roots: 0.0ms
[2025-07-30T16:37:34.339+0800][0.165s][info][gc,phases   ] GC(2)   Evacuate Collection Set: 21.2ms
[2025-07-30T16:37:34.339+0800][0.165s][info][gc,phases   ] GC(2)   Post Evacuate Collection Set: 0.2ms
[2025-07-30T16:37:34.339+0800][0.165s][info][gc,phases   ] GC(2)   Other: 0.0ms
[2025-07-30T16:37:34.339+0800][0.165s][info][gc,heap     ] GC(2) Eden regions: 89->0(89)
[2025-07-30T16:37:34.339+0800][0.165s][info][gc,heap     ] GC(2) Survivor regions: 13->13(13)
[2025-07-30T16:37:34.339+0800][0.165s][info][gc,heap     ] GC(2) Old regions: 171->260
[2025-07-30T16:37:34.339+0800][0.165s][info][gc,heap     ] GC(2) Humongous regions: 4->4
[2025-07-30T16:37:34.339+0800][0.165s][info][gc,metaspace] GC(2) Metaspace: 1203K(1344K)->1203K(1344K) NonClass: 1113K(1152K)->1113K(1152K) Class: 89K(192K)->89K(192K)
[2025-07-30T16:37:34.339+0800][0.165s][info][gc          ] GC(2) Pause Young (Normal) (G1 Evacuation Pause) 276M->276M(2048M) 21.924ms
[2025-07-30T16:37:34.339+0800][0.165s][info][gc,cpu      ] GC(2) User=0.02s Sys=0.00s Real=0.02s
[2025-07-30T16:37:34.339+0800][0.165s][info][safepoint   ] Safepoint "G1CollectForAllocation", Time since last: 3260700 ns, Reaching safepoint: 2100 ns, Cleanup: 2100 ns, At safepoint: 21963500 ns, Total: 21967700 ns
[2025-07-30T16:37:34.342+0800][0.168s][info][gc,start    ] GC(3) Pause Young (Normal) (G1 Evacuation Pause)
[2025-07-30T16:37:34.342+0800][0.168s][info][gc,task     ] GC(3) Using 1 workers of 1 for evacuation
[2025-07-30T16:37:34.363+0800][0.188s][info][gc,phases   ] GC(3)   Pre Evacuate Collection Set: 0.4ms
[2025-07-30T16:37:34.363+0800][0.189s][info][gc,phases   ] GC(3)   Merge Heap Roots: 0.0ms
[2025-07-30T16:37:34.363+0800][0.189s][info][gc,phases   ] GC(3)   Evacuate Collection Set: 20.1ms
[2025-07-30T16:37:34.363+0800][0.189s][info][gc,phases   ] GC(3)   Post Evacuate Collection Set: 0.2ms
[2025-07-30T16:37:34.363+0800][0.189s][info][gc,phases   ] GC(3)   Other: 0.1ms
[2025-07-30T16:37:34.363+0800][0.189s][info][gc,heap     ] GC(3) Eden regions: 89->0(89)
[2025-07-30T16:37:34.363+0800][0.189s][info][gc,heap     ] GC(3) Survivor regions: 13->13(13)
[2025-07-30T16:37:34.363+0800][0.189s][info][gc,heap     ] GC(3) Old regions: 260->348
[2025-07-30T16:37:34.363+0800][0.189s][info][gc,heap     ] GC(3) Humongous regions: 4->4
[2025-07-30T16:37:34.363+0800][0.189s][info][gc,metaspace] GC(3) Metaspace: 1251K(1408K)->1251K(1408K) NonClass: 1157K(1216K)->1157K(1216K) Class: 94K(192K)->94K(192K)
[2025-07-30T16:37:34.363+0800][0.189s][info][gc          ] GC(3) Pause Young (Normal) (G1 Evacuation Pause) 365M->365M(2048M) 21.099ms
[2025-07-30T16:37:34.363+0800][0.189s][info][gc,cpu      ] GC(3) User=0.02s Sys=0.02s Real=0.02s
[2025-07-30T16:37:34.363+0800][0.189s][info][safepoint   ] Safepoint "G1CollectForAllocation", Time since last: 2752800 ns, Reaching safepoint: 2200 ns, Cleanup: 4800 ns, At safepoint: 21237400 ns, Total: 21244400 ns
[2025-07-30T16:37:34.367+0800][0.193s][info][gc,start    ] GC(4) Pause Young (Normal) (G1 Evacuation Pause)
[2025-07-30T16:37:34.367+0800][0.193s][info][gc,task     ] GC(4) Using 1 workers of 1 for evacuation
[2025-07-30T16:37:34.389+0800][0.215s][info][gc,phases   ] GC(4)   Pre Evacuate Collection Set: 0.2ms
[2025-07-30T16:37:34.389+0800][0.215s][info][gc,phases   ] GC(4)   Merge Heap Roots: 0.0ms
[2025-07-30T16:37:34.389+0800][0.215s][info][gc,phases   ] GC(4)   Evacuate Collection Set: 22.1ms
[2025-07-30T16:37:34.389+0800][0.215s][info][gc,phases   ] GC(4)   Post Evacuate Collection Set: 0.2ms
[2025-07-30T16:37:34.389+0800][0.215s][info][gc,phases   ] GC(4)   Other: 0.1ms
[2025-07-30T16:37:34.389+0800][0.215s][info][gc,heap     ] GC(4) Eden regions: 89->0(89)
[2025-07-30T16:37:34.389+0800][0.215s][info][gc,heap     ] GC(4) Survivor regions: 13->13(13)
[2025-07-30T16:37:34.389+0800][0.215s][info][gc,heap     ] GC(4) Old regions: 348->437
[2025-07-30T16:37:34.389+0800][0.215s][info][gc,heap     ] GC(4) Humongous regions: 7->7
[2025-07-30T16:37:34.390+0800][0.215s][info][gc,metaspace] GC(4) Metaspace: 1318K(1536K)->1318K(1536K) NonClass: 1220K(1344K)->1220K(1344K) Class: 98K(192K)->98K(192K)
[2025-07-30T16:37:34.390+0800][0.215s][info][gc          ] GC(4) Pause Young (Normal) (G1 Evacuation Pause) 457M->456M(2048M) 22.885ms
[2025-07-30T16:37:34.390+0800][0.215s][info][gc,cpu      ] GC(4) User=0.02s Sys=0.00s Real=0.02s
[2025-07-30T16:37:34.390+0800][0.216s][info][safepoint   ] Safepoint "G1CollectForAllocation", Time since last: 3729900 ns, Reaching safepoint: 2200 ns, Cleanup: 4700 ns, At safepoint: 22934900 ns, Total: 22941800 ns
[2025-07-30T16:37:34.401+0800][0.226s][info][gc,start    ] GC(5) Pause Young (Normal) (G1 Evacuation Pause)
[2025-07-30T16:37:34.401+0800][0.226s][info][gc,task     ] GC(5) Using 1 workers of 1 for evacuation
[2025-07-30T16:37:34.408+0800][0.233s][info][gc,phases   ] GC(5)   Pre Evacuate Collection Set: 0.2ms
[2025-07-30T16:37:34.408+0800][0.233s][info][gc,phases   ] GC(5)   Merge Heap Roots: 0.0ms
[2025-07-30T16:37:34.408+0800][0.233s][info][gc,phases   ] GC(5)   Evacuate Collection Set: 6.4ms
[2025-07-30T16:37:34.408+0800][0.233s][info][gc,phases   ] GC(5)   Post Evacuate Collection Set: 0.2ms
[2025-07-30T16:37:34.408+0800][0.233s][info][gc,phases   ] GC(5)   Other: 0.0ms
[2025-07-30T16:37:34.408+0800][0.234s][info][gc,heap     ] GC(5) Eden regions: 89->0(89)
[2025-07-30T16:37:34.408+0800][0.234s][info][gc,heap     ] GC(5) Survivor regions: 13->13(13)
[2025-07-30T16:37:34.408+0800][0.234s][info][gc,heap     ] GC(5) Old regions: 437->457
[2025-07-30T16:37:34.408+0800][0.234s][info][gc,heap     ] GC(5) Humongous regions: 7->7
[2025-07-30T16:37:34.408+0800][0.234s][info][gc,metaspace] GC(5) Metaspace: 1481K(1664K)->1481K(1664K) NonClass: 1367K(1472K)->1367K(1472K) Class: 113K(192K)->113K(192K)
[2025-07-30T16:37:34.408+0800][0.234s][info][gc          ] GC(5) Pause Young (Normal) (G1 Evacuation Pause) 545M->476M(2048M) 7.147ms
[2025-07-30T16:37:34.408+0800][0.234s][info][gc,cpu      ] GC(5) User=0.00s Sys=0.02s Real=0.01s
[2025-07-30T16:37:34.408+0800][0.234s][info][safepoint   ] Safepoint "G1CollectForAllocation", Time since last: 10745800 ns, Reaching safepoint: 157100 ns, Cleanup: 4300 ns, At safepoint: 7193100 ns, Total: 7354500 ns
[2025-07-30T16:37:34.420+0800][0.246s][info][gc,start    ] GC(6) Pause Young (Normal) (G1 Evacuation Pause)
[2025-07-30T16:37:34.420+0800][0.246s][info][gc,task     ] GC(6) Using 1 workers of 1 for evacuation
[2025-07-30T16:37:34.441+0800][0.266s][info][gc,phases   ] GC(6)   Pre Evacuate Collection Set: 0.2ms
[2025-07-30T16:37:34.441+0800][0.266s][info][gc,phases   ] GC(6)   Merge Heap Roots: 0.0ms
[2025-07-30T16:37:34.441+0800][0.266s][info][gc,phases   ] GC(6)   Evacuate Collection Set: 19.6ms
[2025-07-30T16:37:34.441+0800][0.266s][info][gc,phases   ] GC(6)   Post Evacuate Collection Set: 0.2ms
[2025-07-30T16:37:34.441+0800][0.266s][info][gc,phases   ] GC(6)   Other: 0.0ms
[2025-07-30T16:37:34.441+0800][0.266s][info][gc,heap     ] GC(6) Eden regions: 89->0(89)
[2025-07-30T16:37:34.441+0800][0.266s][info][gc,heap     ] GC(6) Survivor regions: 13->13(13)
[2025-07-30T16:37:34.441+0800][0.266s][info][gc,heap     ] GC(6) Old regions: 457->546
[2025-07-30T16:37:34.441+0800][0.266s][info][gc,heap     ] GC(6) Humongous regions: 7->7
[2025-07-30T16:37:34.441+0800][0.266s][info][gc,metaspace] GC(6) Metaspace: 1627K(1792K)->1627K(1792K) NonClass: 1497K(1600K)->1497K(1600K) Class: 130K(192K)->130K(192K)
[2025-07-30T16:37:34.441+0800][0.266s][info][gc          ] GC(6) Pause Young (Normal) (G1 Evacuation Pause) 565M->565M(2048M) 20.383ms
[2025-07-30T16:37:34.441+0800][0.266s][info][gc,cpu      ] GC(6) User=0.03s Sys=0.00s Real=0.02s
[2025-07-30T16:37:34.441+0800][0.266s][info][safepoint   ] Safepoint "G1CollectForAllocation", Time since last: 12137500 ns, Reaching safepoint: 33200 ns, Cleanup: 5000 ns, At safepoint: 20423300 ns, Total: 20461500 ns
[2025-07-30T16:37:34.443+0800][0.269s][info][gc,start    ] GC(7) Pause Young (Normal) (G1 Evacuation Pause)
[2025-07-30T16:37:34.443+0800][0.269s][info][gc,task     ] GC(7) Using 1 workers of 1 for evacuation
[2025-07-30T16:37:34.464+0800][0.289s][info][gc,phases   ] GC(7)   Pre Evacuate Collection Set: 0.2ms
[2025-07-30T16:37:34.464+0800][0.289s][info][gc,phases   ] GC(7)   Merge Heap Roots: 0.0ms
[2025-07-30T16:37:34.464+0800][0.289s][info][gc,phases   ] GC(7)   Evacuate Collection Set: 19.6ms
[2025-07-30T16:37:34.464+0800][0.289s][info][gc,phases   ] GC(7)   Post Evacuate Collection Set: 0.2ms
[2025-07-30T16:37:34.464+0800][0.289s][info][gc,phases   ] GC(7)   Other: 0.0ms
[2025-07-30T16:37:34.464+0800][0.289s][info][gc,heap     ] GC(7) Eden regions: 89->0(89)
[2025-07-30T16:37:34.464+0800][0.289s][info][gc,heap     ] GC(7) Survivor regions: 13->13(13)
[2025-07-30T16:37:34.464+0800][0.289s][info][gc,heap     ] GC(7) Old regions: 546->635
[2025-07-30T16:37:34.464+0800][0.289s][info][gc,heap     ] GC(7) Humongous regions: 7->7
[2025-07-30T16:37:34.464+0800][0.289s][info][gc,metaspace] GC(7) Metaspace: 1777K(1984K)->1777K(1984K) NonClass: 1632K(1728K)->1632K(1728K) Class: 144K(256K)->144K(256K)
[2025-07-30T16:37:34.464+0800][0.289s][info][gc          ] GC(7) Pause Young (Normal) (G1 Evacuation Pause) 654M->654M(2048M) 20.224ms
[2025-07-30T16:37:34.464+0800][0.289s][info][gc,cpu      ] GC(7) User=0.02s Sys=0.00s Real=0.02s
[2025-07-30T16:37:34.464+0800][0.289s][info][safepoint   ] Safepoint "G1CollectForAllocation", Time since last: 2533300 ns, Reaching safepoint: 33100 ns, Cleanup: 1900 ns, At safepoint: 20261000 ns, Total: 20296000 ns
[2025-07-30T16:37:34.467+0800][0.292s][info][gc,start    ] GC(8) Pause Young (Normal) (G1 Evacuation Pause)
[2025-07-30T16:37:34.467+0800][0.292s][info][gc,task     ] GC(8) Using 1 workers of 1 for evacuation
[2025-07-30T16:37:34.486+0800][0.311s][info][gc,phases   ] GC(8)   Pre Evacuate Collection Set: 0.3ms
[2025-07-30T16:37:34.486+0800][0.311s][info][gc,phases   ] GC(8)   Merge Heap Roots: 0.0ms
[2025-07-30T16:37:34.486+0800][0.311s][info][gc,phases   ] GC(8)   Evacuate Collection Set: 18.9ms
[2025-07-30T16:37:34.486+0800][0.311s][info][gc,phases   ] GC(8)   Post Evacuate Collection Set: 0.2ms
[2025-07-30T16:37:34.486+0800][0.311s][info][gc,phases   ] GC(8)   Other: 0.0ms
[2025-07-30T16:37:34.486+0800][0.311s][info][gc,heap     ] GC(8) Eden regions: 89->0(89)
[2025-07-30T16:37:34.486+0800][0.311s][info][gc,heap     ] GC(8) Survivor regions: 13->13(13)
[2025-07-30T16:37:34.486+0800][0.311s][info][gc,heap     ] GC(8) Old regions: 635->724
[2025-07-30T16:37:34.486+0800][0.311s][info][gc,heap     ] GC(8) Humongous regions: 7->7
[2025-07-30T16:37:34.486+0800][0.311s][info][gc,metaspace] GC(8) Metaspace: 2046K(2240K)->2046K(2240K) NonClass: 1881K(1984K)->1881K(1984K) Class: 165K(256K)->165K(256K)
[2025-07-30T16:37:34.486+0800][0.311s][info][gc          ] GC(8) Pause Young (Normal) (G1 Evacuation Pause) 743M->743M(2048M) 19.647ms
[2025-07-30T16:37:34.486+0800][0.311s][info][gc,cpu      ] GC(8) User=0.02s Sys=0.02s Real=0.02s
[2025-07-30T16:37:34.486+0800][0.311s][info][safepoint   ] Safepoint "G1CollectForAllocation", Time since last: 2756700 ns, Reaching safepoint: 1800 ns, Cleanup: 2000 ns, At safepoint: 19687100 ns, Total: 19690900 ns
[2025-07-30T16:37:34.489+0800][0.314s][info][gc,start    ] GC(9) Pause Young (Normal) (G1 Evacuation Pause)
[2025-07-30T16:37:34.489+0800][0.314s][info][gc,task     ] GC(9) Using 1 workers of 1 for evacuation
[2025-07-30T16:37:34.508+0800][0.333s][info][gc,phases   ] GC(9)   Pre Evacuate Collection Set: 0.2ms
[2025-07-30T16:37:34.508+0800][0.333s][info][gc,phases   ] GC(9)   Merge Heap Roots: 0.0ms
[2025-07-30T16:37:34.508+0800][0.333s][info][gc,phases   ] GC(9)   Evacuate Collection Set: 19.1ms
[2025-07-30T16:37:34.508+0800][0.333s][info][gc,phases   ] GC(9)   Post Evacuate Collection Set: 0.2ms
[2025-07-30T16:37:34.508+0800][0.333s][info][gc,phases   ] GC(9)   Other: 0.0ms
[2025-07-30T16:37:34.508+0800][0.334s][info][gc,heap     ] GC(9) Eden regions: 89->0(89)
[2025-07-30T16:37:34.508+0800][0.334s][info][gc,heap     ] GC(9) Survivor regions: 13->13(13)
[2025-07-30T16:37:34.508+0800][0.334s][info][gc,heap     ] GC(9) Old regions: 724->813
[2025-07-30T16:37:34.508+0800][0.334s][info][gc,heap     ] GC(9) Humongous regions: 7->7
[2025-07-30T16:37:34.508+0800][0.334s][info][gc,metaspace] GC(9) Metaspace: 2143K(2304K)->2143K(2304K) NonClass: 1963K(2048K)->1963K(2048K) Class: 180K(256K)->180K(256K)
[2025-07-30T16:37:34.508+0800][0.334s][info][gc          ] GC(9) Pause Young (Normal) (G1 Evacuation Pause) 832M->832M(2048M) 19.765ms
[2025-07-30T16:37:34.508+0800][0.334s][info][gc,cpu      ] GC(9) User=0.02s Sys=0.00s Real=0.02s
[2025-07-30T16:37:34.508+0800][0.334s][info][safepoint   ] Safepoint "G1CollectForAllocation", Time since last: 2303700 ns, Reaching safepoint: 1700 ns, Cleanup: 3400 ns, At safepoint: 19801200 ns, Total: 19806300 ns
[2025-07-30T16:37:34.510+0800][0.336s][info][gc,start    ] GC(10) Pause Young (Normal) (G1 Evacuation Pause)
[2025-07-30T16:37:34.511+0800][0.336s][info][gc,task     ] GC(10) Using 1 workers of 1 for evacuation
[2025-07-30T16:37:34.529+0800][0.355s][info][gc,phases   ] GC(10)   Pre Evacuate Collection Set: 0.2ms
[2025-07-30T16:37:34.529+0800][0.355s][info][gc,phases   ] GC(10)   Merge Heap Roots: 0.0ms
[2025-07-30T16:37:34.529+0800][0.355s][info][gc,phases   ] GC(10)   Evacuate Collection Set: 18.9ms
[2025-07-30T16:37:34.529+0800][0.355s][info][gc,phases   ] GC(10)   Post Evacuate Collection Set: 0.2ms
[2025-07-30T16:37:34.529+0800][0.355s][info][gc,phases   ] GC(10)   Other: 0.0ms
[2025-07-30T16:37:34.529+0800][0.355s][info][gc,heap     ] GC(10) Eden regions: 89->0(89)
[2025-07-30T16:37:34.529+0800][0.355s][info][gc,heap     ] GC(10) Survivor regions: 13->13(13)
[2025-07-30T16:37:34.529+0800][0.355s][info][gc,heap     ] GC(10) Old regions: 813->902
[2025-07-30T16:37:34.529+0800][0.355s][info][gc,heap     ] GC(10) Humongous regions: 7->7
[2025-07-30T16:37:34.529+0800][0.355s][info][gc,metaspace] GC(10) Metaspace: 2305K(2496K)->2305K(2496K) NonClass: 2103K(2240K)->2103K(2240K) Class: 201K(256K)->201K(256K)
[2025-07-30T16:37:34.529+0800][0.355s][info][gc          ] GC(10) Pause Young (Normal) (G1 Evacuation Pause) 921M->921M(2048M) 19.512ms
[2025-07-30T16:37:34.529+0800][0.355s][info][gc,cpu      ] GC(10) User=0.02s Sys=0.00s Real=0.02s
[2025-07-30T16:37:34.529+0800][0.355s][info][safepoint   ] Safepoint "G1CollectForAllocation", Time since last: 2187900 ns, Reaching safepoint: 1700 ns, Cleanup: 3200 ns, At safepoint: 19552700 ns, Total: 19557600 ns
[2025-07-30T16:37:34.532+0800][0.358s][info][gc,start    ] GC(11) Pause Young (Normal) (G1 Evacuation Pause)
[2025-07-30T16:37:34.532+0800][0.358s][info][gc,task     ] GC(11) Using 1 workers of 1 for evacuation
[2025-07-30T16:37:34.542+0800][0.367s][info][gc,phases   ] GC(11)   Pre Evacuate Collection Set: 0.2ms
[2025-07-30T16:37:34.542+0800][0.367s][info][gc,phases   ] GC(11)   Merge Heap Roots: 0.0ms
[2025-07-30T16:37:34.542+0800][0.367s][info][gc,phases   ] GC(11)   Evacuate Collection Set: 8.6ms
[2025-07-30T16:37:34.542+0800][0.367s][info][gc,phases   ] GC(11)   Post Evacuate Collection Set: 0.2ms
[2025-07-30T16:37:34.542+0800][0.367s][info][gc,phases   ] GC(11)   Other: 0.0ms
[2025-07-30T16:37:34.542+0800][0.367s][info][gc,heap     ] GC(11) Eden regions: 89->0(89)
[2025-07-30T16:37:34.542+0800][0.367s][info][gc,heap     ] GC(11) Survivor regions: 13->13(13)
[2025-07-30T16:37:34.542+0800][0.367s][info][gc,heap     ] GC(11) Old regions: 902->941
[2025-07-30T16:37:34.542+0800][0.367s][info][gc,heap     ] GC(11) Humongous regions: 7->7
[2025-07-30T16:37:34.542+0800][0.367s][info][gc,metaspace] GC(11) Metaspace: 2462K(2688K)->2462K(2688K) NonClass: 2245K(2368K)->2245K(2368K) Class: 216K(320K)->216K(320K)
[2025-07-30T16:37:34.542+0800][0.367s][info][gc          ] GC(11) Pause Young (Normal) (G1 Evacuation Pause) 1010M->961M(2048M) 9.221ms
[2025-07-30T16:37:34.542+0800][0.367s][info][gc,cpu      ] GC(11) User=0.00s Sys=0.00s Real=0.01s
[2025-07-30T16:37:34.542+0800][0.367s][info][safepoint   ] Safepoint "G1CollectForAllocation", Time since last: 2783100 ns, Reaching safepoint: 43700 ns, Cleanup: 2100 ns, At safepoint: 9260700 ns, Total: 9306500 ns
[2025-07-30T16:37:34.544+0800][0.370s][info][gc,start    ] GC(12) Pause Young (Concurrent Start) (G1 Evacuation Pause)
[2025-07-30T16:37:34.544+0800][0.370s][info][gc,task     ] GC(12) Using 1 workers of 1 for evacuation
[2025-07-30T16:37:34.563+0800][0.389s][info][gc,phases   ] GC(12)   Pre Evacuate Collection Set: 0.2ms
[2025-07-30T16:37:34.563+0800][0.389s][info][gc,phases   ] GC(12)   Merge Heap Roots: 0.0ms
[2025-07-30T16:37:34.563+0800][0.389s][info][gc,phases   ] GC(12)   Evacuate Collection Set: 18.2ms
[2025-07-30T16:37:34.563+0800][0.389s][info][gc,phases   ] GC(12)   Post Evacuate Collection Set: 0.2ms
[2025-07-30T16:37:34.563+0800][0.389s][info][gc,phases   ] GC(12)   Other: 0.1ms
[2025-07-30T16:37:34.563+0800][0.389s][info][gc,heap     ] GC(12) Eden regions: 89->0(89)
[2025-07-30T16:37:34.563+0800][0.389s][info][gc,heap     ] GC(12) Survivor regions: 13->13(13)
[2025-07-30T16:37:34.563+0800][0.389s][info][gc,heap     ] GC(12) Old regions: 941->1030
[2025-07-30T16:37:34.563+0800][0.389s][info][gc,heap     ] GC(12) Humongous regions: 7->7
[2025-07-30T16:37:34.563+0800][0.389s][info][gc,metaspace] GC(12) Metaspace: 2633K(2816K)->2633K(2816K) NonClass: 2405K(2496K)->2405K(2496K) Class: 227K(320K)->227K(320K)
[2025-07-30T16:37:34.563+0800][0.389s][info][gc          ] GC(12) Pause Young (Concurrent Start) (G1 Evacuation Pause) 1050M->1050M(2048M) 18.869ms
[2025-07-30T16:37:34.563+0800][0.389s][info][gc,cpu      ] GC(12) User=0.03s Sys=0.00s Real=0.02s
[2025-07-30T16:37:34.563+0800][0.389s][info][gc          ] GC(13) Concurrent Mark Cycle
[2025-07-30T16:37:34.563+0800][0.389s][info][safepoint   ] Safepoint "G1CollectForAllocation", Time since last: 2413300 ns, Reaching safepoint: 12400 ns, Cleanup: 5600 ns, At safepoint: 18910600 ns, Total: 18928600 ns
[2025-07-30T16:37:34.563+0800][0.389s][info][gc,marking  ] GC(13) Concurrent Scan Root Regions
[2025-07-30T16:37:34.565+0800][0.390s][info][gc,marking  ] GC(13) Concurrent Scan Root Regions 1.685ms
[2025-07-30T16:37:34.565+0800][0.391s][info][gc,marking  ] GC(13) Concurrent Mark
[2025-07-30T16:37:34.565+0800][0.391s][info][gc,marking  ] GC(13) Concurrent Mark From Roots
[2025-07-30T16:37:34.565+0800][0.391s][info][gc,task     ] GC(13) Using 1 workers of 1 for marking
[2025-07-30T16:37:34.565+0800][0.391s][info][gc,start    ] GC(14) Pause Young (Normal) (G1 Evacuation Pause)
[2025-07-30T16:37:34.566+0800][0.391s][info][gc,task     ] GC(14) Using 1 workers of 1 for evacuation
[2025-07-30T16:37:34.584+0800][0.410s][info][gc,phases   ] GC(14)   Pre Evacuate Collection Set: 0.2ms
[2025-07-30T16:37:34.584+0800][0.410s][info][gc,phases   ] GC(14)   Merge Heap Roots: 0.0ms
[2025-07-30T16:37:34.584+0800][0.410s][info][gc,phases   ] GC(14)   Evacuate Collection Set: 18.3ms
[2025-07-30T16:37:34.584+0800][0.410s][info][gc,phases   ] GC(14)   Post Evacuate Collection Set: 0.2ms
[2025-07-30T16:37:34.584+0800][0.410s][info][gc,phases   ] GC(14)   Other: 0.0ms
[2025-07-30T16:37:34.584+0800][0.410s][info][gc,heap     ] GC(14) Eden regions: 89->0(89)
[2025-07-30T16:37:34.584+0800][0.410s][info][gc,heap     ] GC(14) Survivor regions: 13->13(13)
[2025-07-30T16:37:34.584+0800][0.410s][info][gc,heap     ] GC(14) Old regions: 1030->1119
[2025-07-30T16:37:34.584+0800][0.410s][info][gc,heap     ] GC(14) Humongous regions: 7->7
[2025-07-30T16:37:34.584+0800][0.410s][info][gc,metaspace] GC(14) Metaspace: 2772K(2944K)->2772K(2944K) NonClass: 2520K(2624K)->2520K(2624K) Class: 252K(320K)->252K(320K)
[2025-07-30T16:37:34.584+0800][0.410s][info][gc          ] GC(14) Pause Young (Normal) (G1 Evacuation Pause) 1139M->1139M(2048M) 18.915ms
[2025-07-30T16:37:34.584+0800][0.410s][info][gc,cpu      ] GC(14) User=0.02s Sys=0.00s Real=0.02s
[2025-07-30T16:37:34.584+0800][0.410s][info][safepoint   ] Safepoint "G1CollectForAllocation", Time since last: 2412300 ns, Reaching safepoint: 14300 ns, Cleanup: 4200 ns, At safepoint: 18955800 ns, Total: 18974300 ns
[2025-07-30T16:37:34.587+0800][0.413s][info][gc,start    ] GC(15) Pause Young (Normal) (G1 Evacuation Pause)
[2025-07-30T16:37:34.587+0800][0.413s][info][gc,task     ] GC(15) Using 1 workers of 1 for evacuation
[2025-07-30T16:37:34.607+0800][0.433s][info][gc,phases   ] GC(15)   Pre Evacuate Collection Set: 0.2ms
[2025-07-30T16:37:34.607+0800][0.433s][info][gc,phases   ] GC(15)   Merge Heap Roots: 0.0ms
[2025-07-30T16:37:34.607+0800][0.433s][info][gc,phases   ] GC(15)   Evacuate Collection Set: 19.8ms
[2025-07-30T16:37:34.607+0800][0.433s][info][gc,phases   ] GC(15)   Post Evacuate Collection Set: 0.2ms
[2025-07-30T16:37:34.607+0800][0.433s][info][gc,phases   ] GC(15)   Other: 0.0ms
[2025-07-30T16:37:34.607+0800][0.433s][info][gc,heap     ] GC(15) Eden regions: 89->0(89)
[2025-07-30T16:37:34.607+0800][0.433s][info][gc,heap     ] GC(15) Survivor regions: 13->13(13)
[2025-07-30T16:37:34.607+0800][0.433s][info][gc,heap     ] GC(15) Old regions: 1119->1208
[2025-07-30T16:37:34.607+0800][0.433s][info][gc,heap     ] GC(15) Humongous regions: 7->7
[2025-07-30T16:37:34.607+0800][0.433s][info][gc,metaspace] GC(15) Metaspace: 2826K(3008K)->2826K(3008K) NonClass: 2568K(2688K)->2568K(2688K) Class: 258K(320K)->258K(320K)
[2025-07-30T16:37:34.607+0800][0.433s][info][gc          ] GC(15) Pause Young (Normal) (G1 Evacuation Pause) 1228M->1228M(2048M) 20.464ms
[2025-07-30T16:37:34.607+0800][0.433s][info][gc,cpu      ] GC(15) User=0.00s Sys=0.02s Real=0.02s
[2025-07-30T16:37:34.607+0800][0.433s][info][safepoint   ] Safepoint "G1CollectForAllocation", Time since last: 2648800 ns, Reaching safepoint: 13600 ns, Cleanup: 2300 ns, At safepoint: 20503200 ns, Total: 20519100 ns
[2025-07-30T16:37:34.610+0800][0.436s][info][gc,start    ] GC(16) Pause Young (Normal) (G1 Evacuation Pause)
[2025-07-30T16:37:34.610+0800][0.436s][info][gc,task     ] GC(16) Using 1 workers of 1 for evacuation
[2025-07-30T16:37:34.629+0800][0.455s][info][gc,phases   ] GC(16)   Pre Evacuate Collection Set: 0.2ms
[2025-07-30T16:37:34.629+0800][0.455s][info][gc,phases   ] GC(16)   Merge Heap Roots: 0.0ms
[2025-07-30T16:37:34.629+0800][0.455s][info][gc,phases   ] GC(16)   Evacuate Collection Set: 18.6ms
[2025-07-30T16:37:34.629+0800][0.455s][info][gc,phases   ] GC(16)   Post Evacuate Collection Set: 0.2ms
[2025-07-30T16:37:34.629+0800][0.455s][info][gc,phases   ] GC(16)   Other: 0.0ms
[2025-07-30T16:37:34.629+0800][0.455s][info][gc,heap     ] GC(16) Eden regions: 89->0(89)
[2025-07-30T16:37:34.629+0800][0.455s][info][gc,heap     ] GC(16) Survivor regions: 13->13(13)
[2025-07-30T16:37:34.629+0800][0.455s][info][gc,heap     ] GC(16) Old regions: 1208->1297
[2025-07-30T16:37:34.629+0800][0.455s][info][gc,heap     ] GC(16) Humongous regions: 7->7
[2025-07-30T16:37:34.629+0800][0.455s][info][gc,metaspace] GC(16) Metaspace: 2939K(3072K)->2939K(3072K) NonClass: 2673K(2752K)->2673K(2752K) Class: 266K(320K)->266K(320K)
[2025-07-30T16:37:34.629+0800][0.455s][info][gc          ] GC(16) Pause Young (Normal) (G1 Evacuation Pause) 1317M->1317M(2048M) 19.194ms
[2025-07-30T16:37:34.629+0800][0.455s][info][gc,cpu      ] GC(16) User=0.02s Sys=0.00s Real=0.02s
[2025-07-30T16:37:34.629+0800][0.455s][info][safepoint   ] Safepoint "G1CollectForAllocation", Time since last: 2369400 ns, Reaching safepoint: 55200 ns, Cleanup: 4500 ns, At safepoint: 19232700 ns, Total: 19292400 ns
[2025-07-30T16:37:34.631+0800][0.457s][info][gc,start    ] GC(17) Pause Young (Normal) (G1 Evacuation Pause)
[2025-07-30T16:37:34.631+0800][0.457s][info][gc,task     ] GC(17) Using 1 workers of 1 for evacuation
[2025-07-30T16:37:34.649+0800][0.475s][info][gc,phases   ] GC(17)   Pre Evacuate Collection Set: 0.2ms
[2025-07-30T16:37:34.649+0800][0.475s][info][gc,phases   ] GC(17)   Merge Heap Roots: 0.0ms
[2025-07-30T16:37:34.649+0800][0.475s][info][gc,phases   ] GC(17)   Evacuate Collection Set: 17.6ms
[2025-07-30T16:37:34.649+0800][0.475s][info][gc,phases   ] GC(17)   Post Evacuate Collection Set: 0.2ms
[2025-07-30T16:37:34.649+0800][0.475s][info][gc,phases   ] GC(17)   Other: 0.0ms
[2025-07-30T16:37:34.649+0800][0.475s][info][gc,heap     ] GC(17) Eden regions: 89->0(89)
[2025-07-30T16:37:34.649+0800][0.475s][info][gc,heap     ] GC(17) Survivor regions: 13->13(13)
[2025-07-30T16:37:34.649+0800][0.475s][info][gc,heap     ] GC(17) Old regions: 1297->1386
[2025-07-30T16:37:34.649+0800][0.475s][info][gc,heap     ] GC(17) Humongous regions: 7->7
[2025-07-30T16:37:34.649+0800][0.475s][info][gc,metaspace] GC(17) Metaspace: 2981K(3136K)->2981K(3136K) NonClass: 2710K(2816K)->2710K(2816K) Class: 270K(320K)->270K(320K)
[2025-07-30T16:37:34.649+0800][0.475s][info][gc          ] GC(17) Pause Young (Normal) (G1 Evacuation Pause) 1406M->1406M(2048M) 18.181ms
[2025-07-30T16:37:34.649+0800][0.475s][info][gc,cpu      ] GC(17) User=0.02s Sys=0.00s Real=0.02s
[2025-07-30T16:37:34.650+0800][0.475s][info][safepoint   ] Safepoint "G1CollectForAllocation", Time since last: 2197900 ns, Reaching safepoint: 26100 ns, Cleanup: 5400 ns, At safepoint: 18225100 ns, Total: 18256600 ns
[2025-07-30T16:37:34.653+0800][0.478s][info][gc,marking  ] GC(13) Concurrent Mark From Roots 87.029ms
[2025-07-30T16:37:34.653+0800][0.478s][info][gc,marking  ] GC(13) Concurrent Preclean
[2025-07-30T16:37:34.653+0800][0.478s][info][gc,marking  ] GC(13) Concurrent Preclean 0.021ms
[2025-07-30T16:37:34.653+0800][0.478s][info][gc,start    ] GC(13) Pause Remark
[2025-07-30T16:37:34.654+0800][0.479s][info][gc          ] GC(13) Pause Remark 1445M->568M(2048M) 1.033ms
[2025-07-30T16:37:34.654+0800][0.479s][info][gc,cpu      ] GC(13) User=0.00s Sys=0.00s Real=0.00s
[2025-07-30T16:37:34.654+0800][0.479s][info][safepoint   ] Safepoint "G1PauseRemark", Time since last: 2191800 ns, Reaching safepoint: 1800 ns, Cleanup: 3800 ns, At safepoint: 1084300 ns, Total: 1089900 ns
[2025-07-30T16:37:34.654+0800][0.479s][info][gc,marking  ] GC(13) Concurrent Mark 88.239ms
[2025-07-30T16:37:34.654+0800][0.479s][info][gc,marking  ] GC(13) Concurrent Rebuild Remembered Sets and Scrub Regions
[2025-07-30T16:37:34.655+0800][0.480s][info][gc,start    ] GC(18) Pause Young (Normal) (G1 Evacuation Pause)
[2025-07-30T16:37:34.655+0800][0.480s][info][gc,task     ] GC(18) Using 1 workers of 1 for evacuation
[2025-07-30T16:37:34.666+0800][0.491s][info][gc,phases   ] GC(18)   Pre Evacuate Collection Set: 0.2ms
[2025-07-30T16:37:34.666+0800][0.491s][info][gc,phases   ] GC(18)   Merge Heap Roots: 0.0ms
[2025-07-30T16:37:34.666+0800][0.491s][info][gc,phases   ] GC(18)   Evacuate Collection Set: 10.3ms
[2025-07-30T16:37:34.666+0800][0.491s][info][gc,phases   ] GC(18)   Post Evacuate Collection Set: 0.2ms
[2025-07-30T16:37:34.666+0800][0.491s][info][gc,phases   ] GC(18)   Other: 0.0ms
[2025-07-30T16:37:34.666+0800][0.491s][info][gc,heap     ] GC(18) Eden regions: 92->0(114)
[2025-07-30T16:37:34.666+0800][0.491s][info][gc,heap     ] GC(18) Survivor regions: 13->14(14)
[2025-07-30T16:37:34.666+0800][0.491s][info][gc,heap     ] GC(18) Old regions: 513->579
[2025-07-30T16:37:34.666+0800][0.491s][info][gc,heap     ] GC(18) Humongous regions: 3->3
[2025-07-30T16:37:34.666+0800][0.491s][info][gc,metaspace] GC(18) Metaspace: 3033K(3136K)->3033K(3136K) NonClass: 2756K(2816K)->2756K(2816K) Class: 277K(320K)->277K(320K)
[2025-07-30T16:37:34.666+0800][0.491s][info][gc          ] GC(18) Pause Young (Normal) (G1 Evacuation Pause) 621M->596M(2048M) 10.968ms
[2025-07-30T16:37:34.666+0800][0.491s][info][gc,cpu      ] GC(18) User=0.02s Sys=0.00s Real=0.01s
[2025-07-30T16:37:34.666+0800][0.491s][info][safepoint   ] Safepoint "G1CollectForAllocation", Time since last: 1364900 ns, Reaching safepoint: 35100 ns, Cleanup: 1500 ns, At safepoint: 11010300 ns, Total: 11046900 ns
[2025-07-30T16:37:34.671+0800][0.496s][info][gc,start    ] GC(19) Pause Young (Normal) (G1 Evacuation Pause)
[2025-07-30T16:37:34.672+0800][0.497s][info][gc,task     ] GC(19) Using 1 workers of 1 for evacuation
[2025-07-30T16:37:34.689+0800][0.514s][info][gc,phases   ] GC(19)   Pre Evacuate Collection Set: 0.2ms
[2025-07-30T16:37:34.689+0800][0.514s][info][gc,phases   ] GC(19)   Merge Heap Roots: 0.0ms
[2025-07-30T16:37:34.689+0800][0.514s][info][gc,phases   ] GC(19)   Evacuate Collection Set: 17.4ms
[2025-07-30T16:37:34.689+0800][0.514s][info][gc,phases   ] GC(19)   Post Evacuate Collection Set: 0.2ms
[2025-07-30T16:37:34.689+0800][0.514s][info][gc,phases   ] GC(19)   Other: 0.1ms
[2025-07-30T16:37:34.689+0800][0.514s][info][gc,heap     ] GC(19) Eden regions: 116->0(134)
[2025-07-30T16:37:34.689+0800][0.514s][info][gc,heap     ] GC(19) Survivor regions: 14->17(17)
[2025-07-30T16:37:34.689+0800][0.514s][info][gc,heap     ] GC(19) Old regions: 579->692
[2025-07-30T16:37:34.689+0800][0.515s][info][gc,heap     ] GC(19) Humongous regions: 3->3
[2025-07-30T16:37:34.689+0800][0.515s][info][gc,metaspace] GC(19) Metaspace: 3176K(3328K)->3176K(3328K) NonClass: 2884K(2944K)->2884K(2944K) Class: 291K(384K)->291K(384K)
[2025-07-30T16:37:34.689+0800][0.515s][info][gc          ] GC(19) Pause Young (Normal) (G1 Evacuation Pause) 712M->712M(2048M) 18.062ms
[2025-07-30T16:37:34.689+0800][0.515s][info][gc,cpu      ] GC(19) User=0.03s Sys=0.00s Real=0.02s
[2025-07-30T16:37:34.689+0800][0.515s][info][safepoint   ] Safepoint "G1CollectForAllocation", Time since last: 5302900 ns, Reaching safepoint: 19500 ns, Cleanup: 5900 ns, At safepoint: 18104200 ns, Total: 18129600 ns
[2025-07-30T16:37:34.690+0800][0.516s][info][gc,marking  ] GC(13) Concurrent Rebuild Remembered Sets and Scrub Regions 37.386ms
[2025-07-30T16:37:34.691+0800][0.516s][info][gc,start    ] GC(13) Pause Cleanup
[2025-07-30T16:37:34.691+0800][0.516s][info][gc          ] GC(13) Pause Cleanup 762M->762M(2048M) 0.237ms
[2025-07-30T16:37:34.691+0800][0.516s][info][gc,cpu      ] GC(13) User=0.00s Sys=0.00s Real=0.00s
[2025-07-30T16:37:34.691+0800][0.517s][info][safepoint   ] Safepoint "G1PauseCleanup", Time since last: 1650000 ns, Reaching safepoint: 1800 ns, Cleanup: 1800 ns, At safepoint: 281900 ns, Total: 285500 ns
[2025-07-30T16:37:34.691+0800][0.517s][info][gc,marking  ] GC(13) Concurrent Clear Claimed Marks
[2025-07-30T16:37:34.691+0800][0.517s][info][gc,marking  ] GC(13) Concurrent Clear Claimed Marks 0.029ms
[2025-07-30T16:37:34.691+0800][0.517s][info][gc,marking  ] GC(13) Concurrent Cleanup for Next Mark
[2025-07-30T16:37:34.694+0800][0.520s][info][gc,marking  ] GC(13) Concurrent Cleanup for Next Mark 3.319ms
[2025-07-30T16:37:34.694+0800][0.520s][info][gc          ] GC(13) Concurrent Mark Cycle 131.167ms
[2025-07-30T16:37:34.695+0800][0.520s][info][gc,start    ] GC(20) Pause Young (Prepare Mixed) (G1 Evacuation Pause)
[2025-07-30T16:37:34.695+0800][0.521s][info][gc,task     ] GC(20) Using 1 workers of 1 for evacuation
[2025-07-30T16:37:34.717+0800][0.542s][info][gc,phases   ] GC(20)   Pre Evacuate Collection Set: 0.2ms
[2025-07-30T16:37:34.718+0800][0.543s][info][gc,phases   ] GC(20)   Merge Heap Roots: 0.0ms
[2025-07-30T16:37:34.718+0800][0.543s][info][gc,phases   ] GC(20)   Evacuate Collection Set: 21.5ms
[2025-07-30T16:37:34.718+0800][0.543s][info][gc,phases   ] GC(20)   Post Evacuate Collection Set: 0.2ms
[2025-07-30T16:37:34.718+0800][0.543s][info][gc,phases   ] GC(20)   Other: 0.0ms
[2025-07-30T16:37:34.718+0800][0.543s][info][gc,heap     ] GC(20) Eden regions: 137->0(157)
[2025-07-30T16:37:34.718+0800][0.543s][info][gc,heap     ] GC(20) Survivor regions: 17->20(20)
[2025-07-30T16:37:34.718+0800][0.543s][info][gc,heap     ] GC(20) Old regions: 692->825
[2025-07-30T16:37:34.718+0800][0.543s][info][gc,heap     ] GC(20) Humongous regions: 3->3
[2025-07-30T16:37:34.718+0800][0.543s][info][gc,metaspace] GC(20) Metaspace: 3295K(3456K)->3295K(3456K) NonClass: 2986K(3072K)->2986K(3072K) Class: 309K(384K)->309K(384K)
[2025-07-30T16:37:34.718+0800][0.543s][info][gc          ] GC(20) Pause Young (Prepare Mixed) (G1 Evacuation Pause) 849M->848M(2048M) 22.134ms
[2025-07-30T16:37:34.718+0800][0.543s][info][gc,cpu      ] GC(20) User=0.00s Sys=0.02s Real=0.02s
[2025-07-30T16:37:34.718+0800][0.543s][info][safepoint   ] Safepoint "G1CollectForAllocation", Time since last: 3959400 ns, Reaching safepoint: 22000 ns, Cleanup: 1400 ns, At safepoint: 22172000 ns, Total: 22195400 ns
[2025-07-30T16:37:34.723+0800][0.549s][info][gc,start    ] GC(21) Pause Young (Mixed) (G1 Evacuation Pause)
[2025-07-30T16:37:34.723+0800][0.549s][info][gc,task     ] GC(21) Using 1 workers of 1 for evacuation
[2025-07-30T16:37:34.749+0800][0.574s][info][gc,phases   ] GC(21)   Pre Evacuate Collection Set: 0.2ms
[2025-07-30T16:37:34.749+0800][0.574s][info][gc,phases   ] GC(21)   Merge Heap Roots: 0.0ms
[2025-07-30T16:37:34.749+0800][0.574s][info][gc,phases   ] GC(21)   Evacuate Collection Set: 24.3ms
[2025-07-30T16:37:34.749+0800][0.574s][info][gc,phases   ] GC(21)   Post Evacuate Collection Set: 0.2ms
[2025-07-30T16:37:34.749+0800][0.574s][info][gc,phases   ] GC(21)   Other: 0.1ms
[2025-07-30T16:37:34.749+0800][0.574s][info][gc,heap     ] GC(21) Eden regions: 161->0(156)
[2025-07-30T16:37:34.749+0800][0.574s][info][gc,heap     ] GC(21) Survivor regions: 20->23(23)
[2025-07-30T16:37:34.749+0800][0.574s][info][gc,heap     ] GC(21) Old regions: 825->979
[2025-07-30T16:37:34.749+0800][0.574s][info][gc,heap     ] GC(21) Humongous regions: 3->3
[2025-07-30T16:37:34.749+0800][0.574s][info][gc,metaspace] GC(21) Metaspace: 3425K(3648K)->3425K(3648K) NonClass: 3098K(3264K)->3098K(3264K) Class: 326K(384K)->326K(384K)
[2025-07-30T16:37:34.749+0800][0.574s][info][gc          ] GC(21) Pause Young (Mixed) (G1 Evacuation Pause) 1009M->1004M(2048M) 25.070ms
[2025-07-30T16:37:34.749+0800][0.574s][info][gc,cpu      ] GC(21) User=0.02s Sys=0.00s Real=0.03s
[2025-07-30T16:37:34.749+0800][0.574s][info][safepoint   ] Safepoint "G1CollectForAllocation", Time since last: 6060700 ns, Reaching safepoint: 84700 ns, Cleanup: 9100 ns, At safepoint: 25117200 ns, Total: 25211000 ns
[2025-07-30T16:37:34.754+0800][0.580s][info][gc,start    ] GC(22) Pause Young (Concurrent Start) (G1 Evacuation Pause)
[2025-07-30T16:37:34.754+0800][0.580s][info][gc,task     ] GC(22) Using 1 workers of 1 for evacuation
[2025-07-30T16:37:34.775+0800][0.600s][info][gc,phases   ] GC(22)   Pre Evacuate Collection Set: 0.2ms
[2025-07-30T16:37:34.775+0800][0.600s][info][gc,phases   ] GC(22)   Merge Heap Roots: 0.0ms
[2025-07-30T16:37:34.775+0800][0.600s][info][gc,phases   ] GC(22)   Evacuate Collection Set: 19.8ms
[2025-07-30T16:37:34.775+0800][0.600s][info][gc,phases   ] GC(22)   Post Evacuate Collection Set: 0.3ms
[2025-07-30T16:37:34.775+0800][0.600s][info][gc,phases   ] GC(22)   Other: 0.1ms
[2025-07-30T16:37:34.775+0800][0.600s][info][gc,heap     ] GC(22) Eden regions: 160->0(190)
[2025-07-30T16:37:34.775+0800][0.600s][info][gc,heap     ] GC(22) Survivor regions: 23->23(23)
[2025-07-30T16:37:34.775+0800][0.600s][info][gc,heap     ] GC(22) Old regions: 979->1099
[2025-07-30T16:37:34.777+0800][0.602s][info][gc,heap     ] GC(22) Humongous regions: 3->3
[2025-07-30T16:37:34.777+0800][0.602s][info][gc,metaspace] GC(22) Metaspace: 3544K(3712K)->3544K(3712K) NonClass: 3205K(3328K)->3205K(3328K) Class: 339K(384K)->339K(384K)
[2025-07-30T16:37:34.777+0800][0.602s][info][gc          ] GC(22) Pause Young (Concurrent Start) (G1 Evacuation Pause) 1164M->1124M(2048M) 22.447ms
[2025-07-30T16:37:34.777+0800][0.602s][info][gc,cpu      ] GC(22) User=0.02s Sys=0.00s Real=0.02s
[2025-07-30T16:37:34.777+0800][0.602s][info][gc          ] GC(23) Concurrent Mark Cycle
[2025-07-30T16:37:34.777+0800][0.602s][info][safepoint   ] Safepoint "G1CollectForAllocation", Time since last: 5658600 ns, Reaching safepoint: 12800 ns, Cleanup: 5300 ns, At safepoint: 22492900 ns, Total: 22511000 ns
[2025-07-30T16:37:34.777+0800][0.602s][info][gc,marking  ] GC(23) Concurrent Scan Root Regions
[2025-07-30T16:37:34.779+0800][0.605s][info][gc,marking  ] GC(23) Concurrent Scan Root Regions 2.753ms
[2025-07-30T16:37:34.779+0800][0.605s][info][gc,marking  ] GC(23) Concurrent Mark
[2025-07-30T16:37:34.779+0800][0.605s][info][gc,marking  ] GC(23) Concurrent Mark From Roots
[2025-07-30T16:37:34.779+0800][0.605s][info][gc,task     ] GC(23) Using 1 workers of 1 for marking
[2025-07-30T16:37:34.784+0800][0.610s][info][gc,start    ] GC(24) Pause Young (Normal) (G1 Evacuation Pause)
[2025-07-30T16:37:34.784+0800][0.610s][info][gc,task     ] GC(24) Using 1 workers of 1 for evacuation
[2025-07-30T16:37:34.817+0800][0.643s][info][gc,phases   ] GC(24)   Pre Evacuate Collection Set: 0.2ms
[2025-07-30T16:37:34.817+0800][0.643s][info][gc,phases   ] GC(24)   Merge Heap Roots: 0.0ms
[2025-07-30T16:37:34.817+0800][0.643s][info][gc,phases   ] GC(24)   Evacuate Collection Set: 31.8ms
[2025-07-30T16:37:34.817+0800][0.643s][info][gc,phases   ] GC(24)   Post Evacuate Collection Set: 0.3ms
[2025-07-30T16:37:34.817+0800][0.643s][info][gc,phases   ] GC(24)   Other: 0.1ms
[2025-07-30T16:37:34.817+0800][0.643s][info][gc,heap     ] GC(24) Eden regions: 194->0(223)
[2025-07-30T16:37:34.817+0800][0.643s][info][gc,heap     ] GC(24) Survivor regions: 23->28(28)
[2025-07-30T16:37:34.817+0800][0.643s][info][gc,heap     ] GC(24) Old regions: 1099->1287
[2025-07-30T16:37:34.817+0800][0.643s][info][gc,heap     ] GC(24) Humongous regions: 3->3
[2025-07-30T16:37:34.817+0800][0.643s][info][gc,metaspace] GC(24) Metaspace: 3728K(3968K)->3728K(3968K) NonClass: 3371K(3520K)->3371K(3520K) Class: 357K(448K)->357K(448K)
[2025-07-30T16:37:34.817+0800][0.643s][info][gc          ] GC(24) Pause Young (Normal) (G1 Evacuation Pause) 1318M->1317M(2048M) 32.553ms
[2025-07-30T16:37:34.817+0800][0.643s][info][gc,cpu      ] GC(24) User=0.03s Sys=0.00s Real=0.03s
[2025-07-30T16:37:34.817+0800][0.643s][info][safepoint   ] Safepoint "G1CollectForAllocation", Time since last: 8026200 ns, Reaching safepoint: 8500 ns, Cleanup: 3300 ns, At safepoint: 32600500 ns, Total: 32612300 ns
[2025-07-30T16:37:34.819+0800][0.644s][info][gc,marking  ] GC(23) Concurrent Mark From Roots 39.306ms
[2025-07-30T16:37:34.819+0800][0.644s][info][gc,marking  ] GC(23) Concurrent Preclean
[2025-07-30T16:37:34.819+0800][0.644s][info][gc,marking  ] GC(23) Concurrent Preclean 0.027ms
[2025-07-30T16:37:34.819+0800][0.644s][info][gc,start    ] GC(23) Pause Remark
[2025-07-30T16:37:34.820+0800][0.646s][info][gc          ] GC(23) Pause Remark 1356M->431M(2048M) 1.364ms
[2025-07-30T16:37:34.821+0800][0.647s][info][gc,cpu      ] GC(23) User=0.00s Sys=0.00s Real=0.00s
[2025-07-30T16:37:34.821+0800][0.647s][info][safepoint   ] Safepoint "G1PauseRemark", Time since last: 1559500 ns, Reaching safepoint: 23300 ns, Cleanup: 2500 ns, At safepoint: 2674900 ns, Total: 2700700 ns
[2025-07-30T16:37:34.821+0800][0.647s][info][gc,marking  ] GC(23) Concurrent Mark 42.141ms
[2025-07-30T16:37:34.821+0800][0.647s][info][gc,marking  ] GC(23) Concurrent Rebuild Remembered Sets and Scrub Regions
[2025-07-30T16:37:34.829+0800][0.655s][info][gc,marking  ] GC(23) Concurrent Rebuild Remembered Sets and Scrub Regions 8.223ms
[2025-07-30T16:37:34.830+0800][0.655s][info][gc,start    ] GC(23) Pause Cleanup
[2025-07-30T16:37:34.830+0800][0.656s][info][gc          ] GC(23) Pause Cleanup 619M->619M(2048M) 0.207ms
[2025-07-30T16:37:34.830+0800][0.656s][info][gc,cpu      ] GC(23) User=0.00s Sys=0.00s Real=0.00s
[2025-07-30T16:37:34.830+0800][0.656s][info][safepoint   ] Safepoint "G1PauseCleanup", Time since last: 8319700 ns, Reaching safepoint: 53600 ns, Cleanup: 3800 ns, At safepoint: 245400 ns, Total: 302800 ns
[2025-07-30T16:37:34.830+0800][0.656s][info][gc,marking  ] GC(23) Concurrent Clear Claimed Marks
[2025-07-30T16:37:34.830+0800][0.656s][info][gc,marking  ] GC(23) Concurrent Clear Claimed Marks 0.015ms
[2025-07-30T16:37:34.830+0800][0.656s][info][gc,start    ] GC(25) Pause Young (Prepare Mixed) (G1 Evacuation Pause)
[2025-07-30T16:37:34.830+0800][0.656s][info][gc,marking  ] GC(23) Concurrent Cleanup for Next Mark
[2025-07-30T16:37:34.830+0800][0.656s][info][gc,task     ] GC(25) Using 1 workers of 1 for evacuation
[2025-07-30T16:37:34.840+0800][0.666s][info][gc,phases   ] GC(25)   Pre Evacuate Collection Set: 0.2ms
[2025-07-30T16:37:34.840+0800][0.666s][info][gc,phases   ] GC(25)   Merge Heap Roots: 0.0ms
[2025-07-30T16:37:34.840+0800][0.666s][info][gc,phases   ] GC(25)   Evacuate Collection Set: 9.3ms
[2025-07-30T16:37:34.840+0800][0.666s][info][gc,phases   ] GC(25)   Post Evacuate Collection Set: 0.3ms
[2025-07-30T16:37:34.840+0800][0.666s][info][gc,phases   ] GC(25)   Other: 0.1ms
[2025-07-30T16:37:34.840+0800][0.666s][info][gc,heap     ] GC(25) Eden regions: 227->0(1196)
[2025-07-30T16:37:34.840+0800][0.666s][info][gc,heap     ] GC(25) Survivor regions: 28->32(32)
[2025-07-30T16:37:34.840+0800][0.666s][info][gc,heap     ] GC(25) Old regions: 362->384
[2025-07-30T16:37:34.840+0800][0.666s][info][gc,heap     ] GC(25) Humongous regions: 3->3
[2025-07-30T16:37:34.840+0800][0.666s][info][gc,metaspace] GC(25) Metaspace: 4071K(4288K)->4071K(4288K) NonClass: 3677K(3840K)->3677K(3840K) Class: 393K(448K)->393K(448K)
[2025-07-30T16:37:34.840+0800][0.666s][info][gc          ] GC(25) Pause Young (Prepare Mixed) (G1 Evacuation Pause) 619M->418M(2048M) 10.097ms
[2025-07-30T16:37:34.840+0800][0.666s][info][gc,cpu      ] GC(25) User=0.00s Sys=0.00s Real=0.01s
[2025-07-30T16:37:34.840+0800][0.666s][info][safepoint   ] Safepoint "G1CollectForAllocation", Time since last: 33200 ns, Reaching safepoint: 800 ns, Cleanup: 1000 ns, At safepoint: 10130700 ns, Total: 10132500 ns
[2025-07-30T16:37:34.842+0800][0.668s][info][gc,marking  ] GC(23) Concurrent Cleanup for Next Mark 12.016ms
[2025-07-30T16:37:34.842+0800][0.668s][info][gc          ] GC(23) Concurrent Mark Cycle 65.630ms
[2025-07-30T16:37:34.914+0800][0.739s][info][gc,start    ] GC(26) Pause Young (Mixed) (G1 Evacuation Pause)
[2025-07-30T16:37:34.914+0800][0.739s][info][gc,task     ] GC(26) Using 1 workers of 1 for evacuation
[2025-07-30T16:37:34.942+0800][0.767s][info][gc,phases   ] GC(26)   Pre Evacuate Collection Set: 0.4ms
[2025-07-30T16:37:34.942+0800][0.767s][info][gc,phases   ] GC(26)   Merge Heap Roots: 0.1ms
[2025-07-30T16:37:34.942+0800][0.767s][info][gc,phases   ] GC(26)   Evacuate Collection Set: 26.5ms
[2025-07-30T16:37:34.942+0800][0.767s][info][gc,phases   ] GC(26)   Post Evacuate Collection Set: 0.8ms
[2025-07-30T16:37:34.942+0800][0.767s][info][gc,phases   ] GC(26)   Other: 0.2ms
[2025-07-30T16:37:34.942+0800][0.767s][info][gc,heap     ] GC(26) Eden regions: 1196->0(977)
[2025-07-30T16:37:34.942+0800][0.767s][info][gc,heap     ] GC(26) Survivor regions: 32->154(154)
[2025-07-30T16:37:34.942+0800][0.767s][info][gc,heap     ] GC(26) Old regions: 384->451
[2025-07-30T16:37:34.942+0800][0.767s][info][gc,heap     ] GC(26) Humongous regions: 3->3
[2025-07-30T16:37:34.942+0800][0.767s][info][gc,metaspace] GC(26) Metaspace: 5421K(5632K)->5421K(5632K) NonClass: 4887K(4992K)->4887K(4992K) Class: 533K(640K)->533K(640K)
[2025-07-30T16:37:34.942+0800][0.768s][info][gc          ] GC(26) Pause Young (Mixed) (G1 Evacuation Pause) 1614M->607M(2048M) 28.139ms
[2025-07-30T16:37:34.942+0800][0.768s][info][gc,cpu      ] GC(26) User=0.03s Sys=0.00s Real=0.03s
[2025-07-30T16:37:34.942+0800][0.768s][info][safepoint   ] Safepoint "G1CollectForAllocation", Time since last: 73538700 ns, Reaching safepoint: 12200 ns, Cleanup: 22900 ns, At safepoint: 28193300 ns, Total: 28228400 ns
[2025-07-30T16:37:34.979+0800][0.804s][info][gc,start    ] GC(27) Pause Young (Normal) (G1 Evacuation Pause)
[2025-07-30T16:37:34.979+0800][0.804s][info][gc,task     ] GC(27) Using 1 workers of 1 for evacuation
[2025-07-30T16:37:35.002+0800][0.827s][info][gc,phases   ] GC(27)   Pre Evacuate Collection Set: 0.3ms
[2025-07-30T16:37:35.002+0800][0.827s][info][gc,phases   ] GC(27)   Merge Heap Roots: 0.1ms
[2025-07-30T16:37:35.002+0800][0.827s][info][gc,phases   ] GC(27)   Evacuate Collection Set: 22.3ms
[2025-07-30T16:37:35.002+0800][0.827s][info][gc,phases   ] GC(27)   Post Evacuate Collection Set: 0.7ms
[2025-07-30T16:37:35.002+0800][0.827s][info][gc,phases   ] GC(27)   Other: 0.1ms
[2025-07-30T16:37:35.002+0800][0.827s][info][gc,heap     ] GC(27) Eden regions: 977->0(955)
[2025-07-30T16:37:35.002+0800][0.827s][info][gc,heap     ] GC(27) Survivor regions: 154->142(142)
[2025-07-30T16:37:35.002+0800][0.827s][info][gc,heap     ] GC(27) Old regions: 451->493
[2025-07-30T16:37:35.002+0800][0.827s][info][gc,heap     ] GC(27) Humongous regions: 3->3
[2025-07-30T16:37:35.002+0800][0.827s][info][gc,metaspace] GC(27) Metaspace: 6221K(6464K)->6221K(6464K) NonClass: 5599K(5696K)->5599K(5696K) Class: 622K(768K)->622K(768K)
[2025-07-30T16:37:35.002+0800][0.827s][info][gc          ] GC(27) Pause Young (Normal) (G1 Evacuation Pause) 1584M->637M(2048M) 23.674ms
[2025-07-30T16:37:35.002+0800][0.827s][info][gc,cpu      ] GC(27) User=0.03s Sys=0.00s Real=0.02s
[2025-07-30T16:37:35.002+0800][0.827s][info][safepoint   ] Safepoint "G1CollectForAllocation", Time since last: 36074500 ns, Reaching safepoint: 63300 ns, Cleanup: 9900 ns, At safepoint: 23716400 ns, Total: 23789600 ns
[2025-07-30T16:37:35.044+0800][0.870s][info][gc,start    ] GC(28) Pause Young (Normal) (G1 Evacuation Pause)
[2025-07-30T16:37:35.044+0800][0.870s][info][gc,task     ] GC(28) Using 1 workers of 1 for evacuation
[2025-07-30T16:37:35.059+0800][0.884s][info][gc,phases   ] GC(28)   Pre Evacuate Collection Set: 0.4ms
[2025-07-30T16:37:35.059+0800][0.884s][info][gc,phases   ] GC(28)   Merge Heap Roots: 0.1ms
[2025-07-30T16:37:35.059+0800][0.884s][info][gc,phases   ] GC(28)   Evacuate Collection Set: 13.2ms
[2025-07-30T16:37:35.059+0800][0.884s][info][gc,phases   ] GC(28)   Post Evacuate Collection Set: 0.7ms
[2025-07-30T16:37:35.059+0800][0.884s][info][gc,phases   ] GC(28)   Other: 0.1ms
[2025-07-30T16:37:35.059+0800][0.884s][info][gc,heap     ] GC(28) Eden regions: 955->0(1009)
[2025-07-30T16:37:35.059+0800][0.884s][info][gc,heap     ] GC(28) Survivor regions: 142->119(138)
[2025-07-30T16:37:35.059+0800][0.884s][info][gc,heap     ] GC(28) Old regions: 493->493
[2025-07-30T16:37:35.059+0800][0.884s][info][gc,heap     ] GC(28) Humongous regions: 3->3
[2025-07-30T16:37:35.059+0800][0.884s][info][gc,metaspace] GC(28) Metaspace: 6861K(7168K)->6861K(7168K) NonClass: 6148K(6272K)->6148K(6272K) Class: 712K(896K)->712K(896K)
[2025-07-30T16:37:35.059+0800][0.884s][info][gc          ] GC(28) Pause Young (Normal) (G1 Evacuation Pause) 1592M->615M(2048M) 14.678ms
[2025-07-30T16:37:35.059+0800][0.884s][info][gc,cpu      ] GC(28) User=0.00s Sys=0.03s Real=0.02s
[2025-07-30T16:37:35.059+0800][0.884s][info][safepoint   ] Safepoint "G1CollectForAllocation", Time since last: 42206000 ns, Reaching safepoint: 2400 ns, Cleanup: 16300 ns, At safepoint: 14723200 ns, Total: 14741900 ns
[2025-07-30T16:37:35.095+0800][0.921s][info][gc,start    ] GC(29) Pause Young (Normal) (G1 Evacuation Pause)
[2025-07-30T16:37:35.095+0800][0.921s][info][gc,task     ] GC(29) Using 1 workers of 1 for evacuation
[2025-07-30T16:37:35.108+0800][0.934s][info][gc,phases   ] GC(29)   Pre Evacuate Collection Set: 0.4ms
[2025-07-30T16:37:35.108+0800][0.934s][info][gc,phases   ] GC(29)   Merge Heap Roots: 0.1ms
[2025-07-30T16:37:35.108+0800][0.934s][info][gc,phases   ] GC(29)   Evacuate Collection Set: 11.2ms
[2025-07-30T16:37:35.108+0800][0.934s][info][gc,phases   ] GC(29)   Post Evacuate Collection Set: 0.6ms
[2025-07-30T16:37:35.108+0800][0.934s][info][gc,phases   ] GC(29)   Other: 0.1ms
[2025-07-30T16:37:35.108+0800][0.934s][info][gc,heap     ] GC(29) Eden regions: 1009->0(1052)
[2025-07-30T16:37:35.108+0800][0.934s][info][gc,heap     ] GC(29) Survivor regions: 119->110(141)
[2025-07-30T16:37:35.108+0800][0.934s][info][gc,heap     ] GC(29) Old regions: 493->494
[2025-07-30T16:37:35.108+0800][0.934s][info][gc,heap     ] GC(29) Humongous regions: 3->3
[2025-07-30T16:37:35.108+0800][0.934s][info][gc,metaspace] GC(29) Metaspace: 6861K(7168K)->6861K(7168K) NonClass: 6148K(6272K)->6148K(6272K) Class: 712K(896K)->712K(896K)
[2025-07-30T16:37:35.109+0800][0.934s][info][gc          ] GC(29) Pause Young (Normal) (G1 Evacuation Pause) 1624M->606M(2048M) 12.639ms
[2025-07-30T16:37:35.109+0800][0.934s][info][gc,cpu      ] GC(29) User=0.00s Sys=0.00s Real=0.01s
[2025-07-30T16:37:35.109+0800][0.934s][info][safepoint   ] Safepoint "G1CollectForAllocation", Time since last: 36851900 ns, Reaching safepoint: 3400 ns, Cleanup: 4300 ns, At safepoint: 12685200 ns, Total: 12692900 ns
[2025-07-30T16:37:35.148+0800][0.973s][info][gc,start    ] GC(30) Pause Young (Normal) (G1 Evacuation Pause)
[2025-07-30T16:37:35.148+0800][0.973s][info][gc,task     ] GC(30) Using 1 workers of 1 for evacuation
[2025-07-30T16:37:35.163+0800][0.989s][info][gc,phases   ] GC(30)   Pre Evacuate Collection Set: 0.5ms
[2025-07-30T16:37:35.163+0800][0.989s][info][gc,phases   ] GC(30)   Merge Heap Roots: 0.1ms
[2025-07-30T16:37:35.163+0800][0.989s][info][gc,phases   ] GC(30)   Evacuate Collection Set: 14.2ms
[2025-07-30T16:37:35.163+0800][0.989s][info][gc,phases   ] GC(30)   Post Evacuate Collection Set: 0.7ms
[2025-07-30T16:37:35.163+0800][0.989s][info][gc,phases   ] GC(30)   Other: 0.1ms
[2025-07-30T16:37:35.163+0800][0.989s][info][gc,heap     ] GC(30) Eden regions: 1052->0(1028)
[2025-07-30T16:37:35.163+0800][0.989s][info][gc,heap     ] GC(30) Survivor regions: 110->144(146)
[2025-07-30T16:37:35.163+0800][0.989s][info][gc,heap     ] GC(30) Old regions: 494->494
[2025-07-30T16:37:35.163+0800][0.989s][info][gc,heap     ] GC(30) Humongous regions: 3->3
[2025-07-30T16:37:35.163+0800][0.989s][info][gc,metaspace] GC(30) Metaspace: 6861K(7168K)->6861K(7168K) NonClass: 6148K(6272K)->6148K(6272K) Class: 712K(896K)->712K(896K)
[2025-07-30T16:37:35.163+0800][0.989s][info][gc          ] GC(30) Pause Young (Normal) (G1 Evacuation Pause) 1658M->640M(2048M) 15.784ms
[2025-07-30T16:37:35.163+0800][0.989s][info][gc,cpu      ] GC(30) User=0.02s Sys=0.02s Real=0.02s
[2025-07-30T16:37:35.163+0800][0.989s][info][safepoint   ] Safepoint "G1CollectForAllocation", Time since last: 39074400 ns, Reaching safepoint: 4000 ns, Cleanup: 3800 ns, At safepoint: 15830900 ns, Total: 15838700 ns
[2025-07-30T16:37:35.201+0800][1.027s][info][gc,start    ] GC(31) Pause Young (Normal) (G1 Evacuation Pause)
[2025-07-30T16:37:35.201+0800][1.027s][info][gc,task     ] GC(31) Using 1 workers of 1 for evacuation
[2025-07-30T16:37:35.218+0800][1.044s][info][gc,phases   ] GC(31)   Pre Evacuate Collection Set: 0.4ms
[2025-07-30T16:37:35.218+0800][1.044s][info][gc,phases   ] GC(31)   Merge Heap Roots: 0.1ms
[2025-07-30T16:37:35.218+0800][1.044s][info][gc,phases   ] GC(31)   Evacuate Collection Set: 15.2ms
[2025-07-30T16:37:35.218+0800][1.044s][info][gc,phases   ] GC(31)   Post Evacuate Collection Set: 0.7ms
[2025-07-30T16:37:35.218+0800][1.044s][info][gc,phases   ] GC(31)   Other: 0.1ms
[2025-07-30T16:37:35.218+0800][1.044s][info][gc,heap     ] GC(31) Eden regions: 1028->0(1019)
[2025-07-30T16:37:35.219+0800][1.044s][info][gc,heap     ] GC(31) Survivor regions: 144->147(147)
[2025-07-30T16:37:35.219+0800][1.044s][info][gc,heap     ] GC(31) Old regions: 494->501
[2025-07-30T16:37:35.219+0800][1.044s][info][gc,heap     ] GC(31) Humongous regions: 3->3
[2025-07-30T16:37:35.219+0800][1.044s][info][gc,metaspace] GC(31) Metaspace: 6861K(7168K)->6861K(7168K) NonClass: 6148K(6272K)->6148K(6272K) Class: 712K(896K)->712K(896K)
[2025-07-30T16:37:35.219+0800][1.044s][info][gc          ] GC(31) Pause Young (Normal) (G1 Evacuation Pause) 1668M->651M(2048M) 16.675ms
[2025-07-30T16:37:35.219+0800][1.044s][info][gc,cpu      ] GC(31) User=0.02s Sys=0.02s Real=0.02s
[2025-07-30T16:37:35.219+0800][1.044s][info][safepoint   ] Safepoint "G1CollectForAllocation", Time since last: 38409400 ns, Reaching safepoint: 4000 ns, Cleanup: 4300 ns, At safepoint: 16720900 ns, Total: 16729200 ns
[2025-07-30T16:37:35.255+0800][1.080s][info][gc,start    ] GC(32) Pause Young (Normal) (G1 Evacuation Pause)
[2025-07-30T16:37:35.255+0800][1.081s][info][gc,task     ] GC(32) Using 1 workers of 1 for evacuation
[2025-07-30T16:37:35.271+0800][1.097s][info][gc,phases   ] GC(32)   Pre Evacuate Collection Set: 0.4ms
[2025-07-30T16:37:35.271+0800][1.097s][info][gc,phases   ] GC(32)   Merge Heap Roots: 0.1ms
[2025-07-30T16:37:35.271+0800][1.097s][info][gc,phases   ] GC(32)   Evacuate Collection Set: 15.4ms
[2025-07-30T16:37:35.271+0800][1.097s][info][gc,phases   ] GC(32)   Post Evacuate Collection Set: 0.7ms
[2025-07-30T16:37:35.271+0800][1.097s][info][gc,phases   ] GC(32)   Other: 0.1ms
[2025-07-30T16:37:35.271+0800][1.097s][info][gc,heap     ] GC(32) Eden regions: 1019->0(1014)
[2025-07-30T16:37:35.271+0800][1.097s][info][gc,heap     ] GC(32) Survivor regions: 147->146(146)
[2025-07-30T16:37:35.271+0800][1.097s][info][gc,heap     ] GC(32) Old regions: 501->510
[2025-07-30T16:37:35.271+0800][1.097s][info][gc,heap     ] GC(32) Humongous regions: 3->3
[2025-07-30T16:37:35.271+0800][1.097s][info][gc,metaspace] GC(32) Metaspace: 6861K(7168K)->6861K(7168K) NonClass: 6148K(6272K)->6148K(6272K) Class: 712K(896K)->712K(896K)
[2025-07-30T16:37:35.271+0800][1.097s][info][gc          ] GC(32) Pause Young (Normal) (G1 Evacuation Pause) 1670M->659M(2048M) 16.772ms
[2025-07-30T16:37:35.271+0800][1.097s][info][gc,cpu      ] GC(32) User=0.02s Sys=0.02s Real=0.02s
[2025-07-30T16:37:35.271+0800][1.097s][info][safepoint   ] Safepoint "G1CollectForAllocation", Time since last: 36513200 ns, Reaching safepoint: 2700 ns, Cleanup: 3500 ns, At safepoint: 16814400 ns, Total: 16820600 ns
[2025-07-30T16:37:35.308+0800][1.134s][info][gc,start    ] GC(33) Pause Young (Normal) (G1 Evacuation Pause)
[2025-07-30T16:37:35.308+0800][1.134s][info][gc,task     ] GC(33) Using 1 workers of 1 for evacuation
[2025-07-30T16:37:35.324+0800][1.150s][info][gc,phases   ] GC(33)   Pre Evacuate Collection Set: 0.5ms
[2025-07-30T16:37:35.324+0800][1.150s][info][gc,phases   ] GC(33)   Merge Heap Roots: 0.1ms
[2025-07-30T16:37:35.324+0800][1.150s][info][gc,phases   ] GC(33)   Evacuate Collection Set: 14.9ms
[2025-07-30T16:37:35.324+0800][1.150s][info][gc,phases   ] GC(33)   Post Evacuate Collection Set: 0.7ms
[2025-07-30T16:37:35.324+0800][1.150s][info][gc,phases   ] GC(33)   Other: 0.1ms
[2025-07-30T16:37:35.324+0800][1.150s][info][gc,heap     ] GC(33) Eden regions: 1014->0(1017)
[2025-07-30T16:37:35.324+0800][1.150s][info][gc,heap     ] GC(33) Survivor regions: 146->145(145)
[2025-07-30T16:37:35.324+0800][1.150s][info][gc,heap     ] GC(33) Old regions: 510->516
[2025-07-30T16:37:35.324+0800][1.150s][info][gc,heap     ] GC(33) Humongous regions: 3->3
[2025-07-30T16:37:35.324+0800][1.150s][info][gc,metaspace] GC(33) Metaspace: 6861K(7168K)->6861K(7168K) NonClass: 6148K(6272K)->6148K(6272K) Class: 712K(896K)->712K(896K)
[2025-07-30T16:37:35.324+0800][1.150s][info][gc          ] GC(33) Pause Young (Normal) (G1 Evacuation Pause) 1673M->664M(2048M) 16.396ms
[2025-07-30T16:37:35.324+0800][1.150s][info][gc,cpu      ] GC(33) User=0.02s Sys=0.02s Real=0.02s
[2025-07-30T16:37:35.324+0800][1.150s][info][safepoint   ] Safepoint "G1CollectForAllocation", Time since last: 36512800 ns, Reaching safepoint: 4000 ns, Cleanup: 8000 ns, At safepoint: 16451300 ns, Total: 16463300 ns
[2025-07-30T16:37:35.363+0800][1.188s][info][gc,start    ] GC(34) Pause Young (Normal) (G1 Evacuation Pause)
[2025-07-30T16:37:35.363+0800][1.188s][info][gc,task     ] GC(34) Using 1 workers of 1 for evacuation
[2025-07-30T16:37:35.378+0800][1.204s][info][gc,phases   ] GC(34)   Pre Evacuate Collection Set: 0.5ms
[2025-07-30T16:37:35.378+0800][1.204s][info][gc,phases   ] GC(34)   Merge Heap Roots: 0.1ms
[2025-07-30T16:37:35.378+0800][1.204s][info][gc,phases   ] GC(34)   Evacuate Collection Set: 14.7ms
[2025-07-30T16:37:35.378+0800][1.204s][info][gc,phases   ] GC(34)   Post Evacuate Collection Set: 0.6ms
[2025-07-30T16:37:35.378+0800][1.204s][info][gc,phases   ] GC(34)   Other: 0.1ms
[2025-07-30T16:37:35.378+0800][1.204s][info][gc,heap     ] GC(34) Eden regions: 1017->0(1019)
[2025-07-30T16:37:35.378+0800][1.204s][info][gc,heap     ] GC(34) Survivor regions: 145->146(146)
[2025-07-30T16:37:35.378+0800][1.204s][info][gc,heap     ] GC(34) Old regions: 516->520
[2025-07-30T16:37:35.378+0800][1.204s][info][gc,heap     ] GC(34) Humongous regions: 3->3
[2025-07-30T16:37:35.378+0800][1.204s][info][gc,metaspace] GC(34) Metaspace: 6861K(7168K)->6861K(7168K) NonClass: 6148K(6272K)->6148K(6272K) Class: 712K(896K)->712K(896K)
[2025-07-30T16:37:35.378+0800][1.204s][info][gc          ] GC(34) Pause Young (Normal) (G1 Evacuation Pause) 1681M->669M(2048M) 16.114ms
[2025-07-30T16:37:35.378+0800][1.204s][info][gc,cpu      ] GC(34) User=0.03s Sys=0.00s Real=0.02s
[2025-07-30T16:37:35.378+0800][1.204s][info][safepoint   ] Safepoint "G1CollectForAllocation", Time since last: 37637800 ns, Reaching safepoint: 3000 ns, Cleanup: 2900 ns, At safepoint: 16154500 ns, Total: 16160400 ns
[2025-07-30T16:37:35.416+0800][1.241s][info][gc,start    ] GC(35) Pause Young (Normal) (G1 Evacuation Pause)
[2025-07-30T16:37:35.416+0800][1.241s][info][gc,task     ] GC(35) Using 1 workers of 1 for evacuation
[2025-07-30T16:37:35.433+0800][1.258s][info][gc,phases   ] GC(35)   Pre Evacuate Collection Set: 0.5ms
[2025-07-30T16:37:35.433+0800][1.258s][info][gc,phases   ] GC(35)   Merge Heap Roots: 0.1ms
[2025-07-30T16:37:35.433+0800][1.258s][info][gc,phases   ] GC(35)   Evacuate Collection Set: 15.3ms
[2025-07-30T16:37:35.433+0800][1.258s][info][gc,phases   ] GC(35)   Post Evacuate Collection Set: 0.7ms
[2025-07-30T16:37:35.433+0800][1.258s][info][gc,phases   ] GC(35)   Other: 0.1ms
[2025-07-30T16:37:35.433+0800][1.258s][info][gc,heap     ] GC(35) Eden regions: 1019->0(1018)
[2025-07-30T16:37:35.433+0800][1.258s][info][gc,heap     ] GC(35) Survivor regions: 146->146(146)
[2025-07-30T16:37:35.433+0800][1.258s][info][gc,heap     ] GC(35) Old regions: 520->526
[2025-07-30T16:37:35.433+0800][1.258s][info][gc,heap     ] GC(35) Humongous regions: 3->3
[2025-07-30T16:37:35.433+0800][1.258s][info][gc,metaspace] GC(35) Metaspace: 6861K(7168K)->6861K(7168K) NonClass: 6148K(6272K)->6148K(6272K) Class: 712K(896K)->712K(896K)
[2025-07-30T16:37:35.433+0800][1.258s][info][gc          ] GC(35) Pause Young (Normal) (G1 Evacuation Pause) 1688M->674M(2048M) 16.851ms
[2025-07-30T16:37:35.433+0800][1.258s][info][gc,cpu      ] GC(35) User=0.02s Sys=0.02s Real=0.02s
[2025-07-30T16:37:35.433+0800][1.258s][info][safepoint   ] Safepoint "G1CollectForAllocation", Time since last: 37315600 ns, Reaching safepoint: 4500 ns, Cleanup: 4300 ns, At safepoint: 16892700 ns, Total: 16901500 ns
[2025-07-30T16:37:35.471+0800][1.296s][info][gc,start    ] GC(36) Pause Young (Normal) (G1 Evacuation Pause)
[2025-07-30T16:37:35.471+0800][1.296s][info][gc,task     ] GC(36) Using 1 workers of 1 for evacuation
[2025-07-30T16:37:35.487+0800][1.313s][info][gc,phases   ] GC(36)   Pre Evacuate Collection Set: 0.5ms
[2025-07-30T16:37:35.487+0800][1.313s][info][gc,phases   ] GC(36)   Merge Heap Roots: 0.1ms
[2025-07-30T16:37:35.487+0800][1.313s][info][gc,phases   ] GC(36)   Evacuate Collection Set: 15.0ms
[2025-07-30T16:37:35.487+0800][1.313s][info][gc,phases   ] GC(36)   Post Evacuate Collection Set: 0.8ms
[2025-07-30T16:37:35.487+0800][1.313s][info][gc,phases   ] GC(36)   Other: 0.1ms
[2025-07-30T16:37:35.487+0800][1.313s][info][gc,heap     ] GC(36) Eden regions: 1018->0(1017)
[2025-07-30T16:37:35.487+0800][1.313s][info][gc,heap     ] GC(36) Survivor regions: 146->146(146)
[2025-07-30T16:37:35.487+0800][1.313s][info][gc,heap     ] GC(36) Old regions: 526->531
[2025-07-30T16:37:35.487+0800][1.313s][info][gc,heap     ] GC(36) Humongous regions: 3->3
[2025-07-30T16:37:35.487+0800][1.313s][info][gc,metaspace] GC(36) Metaspace: 6861K(7168K)->6861K(7168K) NonClass: 6148K(6272K)->6148K(6272K) Class: 712K(896K)->712K(896K)
[2025-07-30T16:37:35.487+0800][1.313s][info][gc          ] GC(36) Pause Young (Normal) (G1 Evacuation Pause) 1692M->680M(2048M) 16.684ms
[2025-07-30T16:37:35.487+0800][1.313s][info][gc,cpu      ] GC(36) User=0.02s Sys=0.02s Real=0.02s
[2025-07-30T16:37:35.487+0800][1.313s][info][safepoint   ] Safepoint "G1CollectForAllocation", Time since last: 37719600 ns, Reaching safepoint: 3800 ns, Cleanup: 3700 ns, At safepoint: 16729800 ns, Total: 16737300 ns
[2025-07-30T16:37:35.525+0800][1.350s][info][gc,start    ] GC(37) Pause Young (Normal) (G1 Evacuation Pause)
[2025-07-30T16:37:35.525+0800][1.350s][info][gc,task     ] GC(37) Using 1 workers of 1 for evacuation
[2025-07-30T16:37:35.541+0800][1.366s][info][gc,phases   ] GC(37)   Pre Evacuate Collection Set: 0.4ms
[2025-07-30T16:37:35.541+0800][1.366s][info][gc,phases   ] GC(37)   Merge Heap Roots: 0.1ms
[2025-07-30T16:37:35.541+0800][1.366s][info][gc,phases   ] GC(37)   Evacuate Collection Set: 14.6ms
[2025-07-30T16:37:35.541+0800][1.366s][info][gc,phases   ] GC(37)   Post Evacuate Collection Set: 0.7ms
[2025-07-30T16:37:35.541+0800][1.366s][info][gc,phases   ] GC(37)   Other: 0.1ms
[2025-07-30T16:37:35.541+0800][1.366s][info][gc,heap     ] GC(37) Eden regions: 1017->0(1016)
[2025-07-30T16:37:35.541+0800][1.366s][info][gc,heap     ] GC(37) Survivor regions: 146->146(146)
[2025-07-30T16:37:35.541+0800][1.366s][info][gc,heap     ] GC(37) Old regions: 531->536
[2025-07-30T16:37:35.541+0800][1.366s][info][gc,heap     ] GC(37) Humongous regions: 3->3
[2025-07-30T16:37:35.541+0800][1.366s][info][gc,metaspace] GC(37) Metaspace: 6861K(7168K)->6861K(7168K) NonClass: 6148K(6272K)->6148K(6272K) Class: 712K(896K)->712K(896K)
[2025-07-30T16:37:35.541+0800][1.366s][info][gc          ] GC(37) Pause Young (Normal) (G1 Evacuation Pause) 1697M->684M(2048M) 16.129ms
[2025-07-30T16:37:35.541+0800][1.366s][info][gc,cpu      ] GC(37) User=0.02s Sys=0.00s Real=0.02s
[2025-07-30T16:37:35.541+0800][1.366s][info][safepoint   ] Safepoint "G1CollectForAllocation", Time since last: 37329500 ns, Reaching safepoint: 4700 ns, Cleanup: 3300 ns, At safepoint: 16172400 ns, Total: 16180400 ns
[2025-07-30T16:37:35.578+0800][1.404s][info][gc,start    ] GC(38) Pause Young (Normal) (G1 Evacuation Pause)
[2025-07-30T16:37:35.578+0800][1.404s][info][gc,task     ] GC(38) Using 1 workers of 1 for evacuation
[2025-07-30T16:37:35.593+0800][1.419s][info][gc,phases   ] GC(38)   Pre Evacuate Collection Set: 0.4ms
[2025-07-30T16:37:35.593+0800][1.419s][info][gc,phases   ] GC(38)   Merge Heap Roots: 0.1ms
[2025-07-30T16:37:35.593+0800][1.419s][info][gc,phases   ] GC(38)   Evacuate Collection Set: 14.3ms
[2025-07-30T16:37:35.593+0800][1.419s][info][gc,phases   ] GC(38)   Post Evacuate Collection Set: 0.7ms
[2025-07-30T16:37:35.593+0800][1.419s][info][gc,phases   ] GC(38)   Other: 0.1ms
[2025-07-30T16:37:35.593+0800][1.419s][info][gc,heap     ] GC(38) Eden regions: 1016->0(1018)
[2025-07-30T16:37:35.593+0800][1.419s][info][gc,heap     ] GC(38) Survivor regions: 146->146(146)
[2025-07-30T16:37:35.593+0800][1.419s][info][gc,heap     ] GC(38) Old regions: 536->538
[2025-07-30T16:37:35.593+0800][1.419s][info][gc,heap     ] GC(38) Humongous regions: 3->3
[2025-07-30T16:37:35.593+0800][1.419s][info][gc,metaspace] GC(38) Metaspace: 6934K(7296K)->6934K(7296K) NonClass: 6212K(6400K)->6212K(6400K) Class: 722K(896K)->722K(896K)
[2025-07-30T16:37:35.594+0800][1.419s][info][gc          ] GC(38) Pause Young (Normal) (G1 Evacuation Pause) 1700M->686M(2048M) 15.790ms
[2025-07-30T16:37:35.594+0800][1.419s][info][gc,cpu      ] GC(38) User=0.02s Sys=0.02s Real=0.02s
[2025-07-30T16:37:35.594+0800][1.419s][info][safepoint   ] Safepoint "G1CollectForAllocation", Time since last: 37255900 ns, Reaching safepoint: 3300 ns, Cleanup: 10100 ns, At safepoint: 15835100 ns, Total: 15848500 ns
[2025-07-30T16:37:35.630+0800][1.457s][info][gc,start    ] GC(39) Pause Young (Normal) (G1 Evacuation Pause)
[2025-07-30T16:37:35.630+0800][1.457s][info][gc,task     ] GC(39) Using 1 workers of 1 for evacuation
[2025-07-30T16:37:35.646+0800][1.472s][info][gc,phases   ] GC(39)   Pre Evacuate Collection Set: 0.4ms
[2025-07-30T16:37:35.646+0800][1.472s][info][gc,phases   ] GC(39)   Merge Heap Roots: 0.1ms
[2025-07-30T16:37:35.646+0800][1.472s][info][gc,phases   ] GC(39)   Evacuate Collection Set: 14.3ms
[2025-07-30T16:37:35.646+0800][1.472s][info][gc,phases   ] GC(39)   Post Evacuate Collection Set: 0.6ms
[2025-07-30T16:37:35.646+0800][1.472s][info][gc,phases   ] GC(39)   Other: 0.1ms
[2025-07-30T16:37:35.646+0800][1.472s][info][gc,heap     ] GC(39) Eden regions: 1018->0(1019)
[2025-07-30T16:37:35.646+0800][1.472s][info][gc,heap     ] GC(39) Survivor regions: 146->146(146)
[2025-07-30T16:37:35.646+0800][1.472s][info][gc,heap     ] GC(39) Old regions: 538->540
[2025-07-30T16:37:35.646+0800][1.472s][info][gc,heap     ] GC(39) Humongous regions: 3->3
[2025-07-30T16:37:35.646+0800][1.472s][info][gc,metaspace] GC(39) Metaspace: 6934K(7296K)->6934K(7296K) NonClass: 6212K(6400K)->6212K(6400K) Class: 722K(896K)->722K(896K)
[2025-07-30T16:37:35.646+0800][1.472s][info][gc          ] GC(39) Pause Young (Normal) (G1 Evacuation Pause) 1704M->688M(2048M) 15.530ms
[2025-07-30T16:37:35.646+0800][1.472s][info][gc,cpu      ] GC(39) User=0.02s Sys=0.00s Real=0.02s
[2025-07-30T16:37:35.646+0800][1.472s][info][safepoint   ] Safepoint "G1CollectForAllocation", Time since last: 37156500 ns, Reaching safepoint: 2300 ns, Cleanup: 2900 ns, At safepoint: 15569900 ns, Total: 15575100 ns
[2025-07-30T16:37:35.682+0800][1.508s][info][gc,start    ] GC(40) Pause Young (Normal) (G1 Evacuation Pause)
[2025-07-30T16:37:35.682+0800][1.508s][info][gc,task     ] GC(40) Using 1 workers of 1 for evacuation
[2025-07-30T16:37:35.698+0800][1.523s][info][gc,phases   ] GC(40)   Pre Evacuate Collection Set: 0.3ms
[2025-07-30T16:37:35.698+0800][1.524s][info][gc,phases   ] GC(40)   Merge Heap Roots: 0.0ms
[2025-07-30T16:37:35.698+0800][1.524s][info][gc,phases   ] GC(40)   Evacuate Collection Set: 14.2ms
[2025-07-30T16:37:35.698+0800][1.524s][info][gc,phases   ] GC(40)   Post Evacuate Collection Set: 0.6ms
[2025-07-30T16:37:35.698+0800][1.524s][info][gc,phases   ] GC(40)   Other: 0.1ms
[2025-07-30T16:37:35.698+0800][1.524s][info][gc,heap     ] GC(40) Eden regions: 1019->0(1018)
[2025-07-30T16:37:35.698+0800][1.524s][info][gc,heap     ] GC(40) Survivor regions: 146->146(146)
[2025-07-30T16:37:35.698+0800][1.524s][info][gc,heap     ] GC(40) Old regions: 540->543
[2025-07-30T16:37:35.698+0800][1.524s][info][gc,heap     ] GC(40) Humongous regions: 3->3
[2025-07-30T16:37:35.698+0800][1.524s][info][gc,metaspace] GC(40) Metaspace: 6934K(7296K)->6934K(7296K) NonClass: 6212K(6400K)->6212K(6400K) Class: 722K(896K)->722K(896K)
[2025-07-30T16:37:35.698+0800][1.524s][info][gc          ] GC(40) Pause Young (Normal) (G1 Evacuation Pause) 1707M->691M(2048M) 15.447ms
[2025-07-30T16:37:35.698+0800][1.524s][info][gc,cpu      ] GC(40) User=0.02s Sys=0.00s Real=0.02s
[2025-07-30T16:37:35.698+0800][1.524s][info][safepoint   ] Safepoint "G1CollectForAllocation", Time since last: 36097000 ns, Reaching safepoint: 2300 ns, Cleanup: 3100 ns, At safepoint: 15490200 ns, Total: 15495600 ns
[2025-07-30T16:37:35.736+0800][1.561s][info][gc,start    ] GC(41) Pause Young (Normal) (G1 Evacuation Pause)
[2025-07-30T16:37:35.736+0800][1.562s][info][gc,task     ] GC(41) Using 1 workers of 1 for evacuation
[2025-07-30T16:37:35.752+0800][1.577s][info][gc,phases   ] GC(41)   Pre Evacuate Collection Set: 0.3ms
[2025-07-30T16:37:35.752+0800][1.577s][info][gc,phases   ] GC(41)   Merge Heap Roots: 0.0ms
[2025-07-30T16:37:35.752+0800][1.577s][info][gc,phases   ] GC(41)   Evacuate Collection Set: 14.4ms
[2025-07-30T16:37:35.752+0800][1.577s][info][gc,phases   ] GC(41)   Post Evacuate Collection Set: 0.7ms
[2025-07-30T16:37:35.752+0800][1.577s][info][gc,phases   ] GC(41)   Other: 0.1ms
[2025-07-30T16:37:35.752+0800][1.577s][info][gc,heap     ] GC(41) Eden regions: 1018->0(1017)
[2025-07-30T16:37:35.752+0800][1.577s][info][gc,heap     ] GC(41) Survivor regions: 146->146(146)
[2025-07-30T16:37:35.752+0800][1.577s][info][gc,heap     ] GC(41) Old regions: 543->546
[2025-07-30T16:37:35.752+0800][1.577s][info][gc,heap     ] GC(41) Humongous regions: 3->3
[2025-07-30T16:37:35.752+0800][1.577s][info][gc,metaspace] GC(41) Metaspace: 6934K(7296K)->6934K(7296K) NonClass: 6212K(6400K)->6212K(6400K) Class: 722K(896K)->722K(896K)
[2025-07-30T16:37:35.752+0800][1.577s][info][gc          ] GC(41) Pause Young (Normal) (G1 Evacuation Pause) 1709M->694M(2048M) 15.618ms
[2025-07-30T16:37:35.752+0800][1.577s][info][gc,cpu      ] GC(41) User=0.02s Sys=0.00s Real=0.02s
[2025-07-30T16:37:35.752+0800][1.577s][info][safepoint   ] Safepoint "G1CollectForAllocation", Time since last: 37765500 ns, Reaching safepoint: 2300 ns, Cleanup: 2500 ns, At safepoint: 15656100 ns, Total: 15660900 ns
[2025-07-30T16:37:35.788+0800][1.613s][info][gc,start    ] GC(42) Pause Young (Normal) (G1 Evacuation Pause)
[2025-07-30T16:37:35.788+0800][1.613s][info][gc,task     ] GC(42) Using 1 workers of 1 for evacuation
[2025-07-30T16:37:35.804+0800][1.629s][info][gc,phases   ] GC(42)   Pre Evacuate Collection Set: 0.3ms
[2025-07-30T16:37:35.804+0800][1.629s][info][gc,phases   ] GC(42)   Merge Heap Roots: 0.0ms
[2025-07-30T16:37:35.804+0800][1.629s][info][gc,phases   ] GC(42)   Evacuate Collection Set: 15.3ms
[2025-07-30T16:37:35.804+0800][1.629s][info][gc,phases   ] GC(42)   Post Evacuate Collection Set: 0.6ms
[2025-07-30T16:37:35.804+0800][1.630s][info][gc,phases   ] GC(42)   Other: 0.1ms
[2025-07-30T16:37:35.804+0800][1.630s][info][gc,heap     ] GC(42) Eden regions: 1017->0(1017)
[2025-07-30T16:37:35.804+0800][1.630s][info][gc,heap     ] GC(42) Survivor regions: 146->146(146)
[2025-07-30T16:37:35.804+0800][1.630s][info][gc,heap     ] GC(42) Old regions: 546->548
[2025-07-30T16:37:35.804+0800][1.630s][info][gc,heap     ] GC(42) Humongous regions: 3->3
[2025-07-30T16:37:35.804+0800][1.630s][info][gc,metaspace] GC(42) Metaspace: 6934K(7296K)->6934K(7296K) NonClass: 6212K(6400K)->6212K(6400K) Class: 722K(896K)->722K(896K)
[2025-07-30T16:37:35.804+0800][1.630s][info][gc          ] GC(42) Pause Young (Normal) (G1 Evacuation Pause) 1711M->696M(2048M) 16.447ms
[2025-07-30T16:37:35.804+0800][1.630s][info][gc,cpu      ] GC(42) User=0.02s Sys=0.00s Real=0.02s
[2025-07-30T16:37:35.804+0800][1.630s][info][safepoint   ] Safepoint "G1CollectForAllocation", Time since last: 36011000 ns, Reaching safepoint: 2200 ns, Cleanup: 2400 ns, At safepoint: 16483500 ns, Total: 16488100 ns
[2025-07-30T16:37:35.841+0800][1.667s][info][gc,start    ] GC(43) Pause Young (Normal) (G1 Evacuation Pause)
[2025-07-30T16:37:35.841+0800][1.667s][info][gc,task     ] GC(43) Using 1 workers of 1 for evacuation
[2025-07-30T16:37:35.856+0800][1.682s][info][gc,phases   ] GC(43)   Pre Evacuate Collection Set: 0.4ms
[2025-07-30T16:37:35.856+0800][1.682s][info][gc,phases   ] GC(43)   Merge Heap Roots: 0.0ms
[2025-07-30T16:37:35.856+0800][1.682s][info][gc,phases   ] GC(43)   Evacuate Collection Set: 13.7ms
[2025-07-30T16:37:35.856+0800][1.682s][info][gc,phases   ] GC(43)   Post Evacuate Collection Set: 0.6ms
[2025-07-30T16:37:35.856+0800][1.682s][info][gc,phases   ] GC(43)   Other: 0.1ms
[2025-07-30T16:37:35.856+0800][1.682s][info][gc,heap     ] GC(43) Eden regions: 1017->0(1017)
[2025-07-30T16:37:35.856+0800][1.682s][info][gc,heap     ] GC(43) Survivor regions: 146->146(146)
[2025-07-30T16:37:35.856+0800][1.682s][info][gc,heap     ] GC(43) Old regions: 548->549
[2025-07-30T16:37:35.856+0800][1.682s][info][gc,heap     ] GC(43) Humongous regions: 3->3
[2025-07-30T16:37:35.856+0800][1.682s][info][gc,metaspace] GC(43) Metaspace: 6934K(7296K)->6934K(7296K) NonClass: 6212K(6400K)->6212K(6400K) Class: 722K(896K)->722K(896K)
[2025-07-30T16:37:35.856+0800][1.682s][info][gc          ] GC(43) Pause Young (Normal) (G1 Evacuation Pause) 1713M->697M(2048M) 14.983ms
[2025-07-30T16:37:35.856+0800][1.682s][info][gc,cpu      ] GC(43) User=0.02s Sys=0.00s Real=0.01s
[2025-07-30T16:37:35.856+0800][1.682s][info][safepoint   ] Safepoint "G1CollectForAllocation", Time since last: 37156200 ns, Reaching safepoint: 2100 ns, Cleanup: 2300 ns, At safepoint: 15024700 ns, Total: 15029100 ns
[2025-07-30T16:37:35.894+0800][1.719s][info][gc,start    ] GC(44) Pause Young (Normal) (G1 Evacuation Pause)
[2025-07-30T16:37:35.894+0800][1.719s][info][gc,task     ] GC(44) Using 1 workers of 1 for evacuation
[2025-07-30T16:37:35.909+0800][1.735s][info][gc,phases   ] GC(44)   Pre Evacuate Collection Set: 0.4ms
[2025-07-30T16:37:35.909+0800][1.735s][info][gc,phases   ] GC(44)   Merge Heap Roots: 0.1ms
[2025-07-30T16:37:35.909+0800][1.735s][info][gc,phases   ] GC(44)   Evacuate Collection Set: 14.3ms
[2025-07-30T16:37:35.909+0800][1.735s][info][gc,phases   ] GC(44)   Post Evacuate Collection Set: 0.6ms
[2025-07-30T16:37:35.909+0800][1.735s][info][gc,phases   ] GC(44)   Other: 0.1ms
[2025-07-30T16:37:35.909+0800][1.735s][info][gc,heap     ] GC(44) Eden regions: 1017->0(1018)
[2025-07-30T16:37:35.909+0800][1.735s][info][gc,heap     ] GC(44) Survivor regions: 146->146(146)
[2025-07-30T16:37:35.909+0800][1.735s][info][gc,heap     ] GC(44) Old regions: 549->550
[2025-07-30T16:37:35.909+0800][1.735s][info][gc,heap     ] GC(44) Humongous regions: 3->3
[2025-07-30T16:37:35.909+0800][1.735s][info][gc,metaspace] GC(44) Metaspace: 6934K(7296K)->6934K(7296K) NonClass: 6212K(6400K)->6212K(6400K) Class: 722K(896K)->722K(896K)
[2025-07-30T16:37:35.909+0800][1.735s][info][gc          ] GC(44) Pause Young (Normal) (G1 Evacuation Pause) 1714M->698M(2048M) 15.669ms
[2025-07-30T16:37:35.909+0800][1.735s][info][gc,cpu      ] GC(44) User=0.02s Sys=0.00s Real=0.01s
[2025-07-30T16:37:35.909+0800][1.735s][info][safepoint   ] Safepoint "G1CollectForAllocation", Time since last: 37626700 ns, Reaching safepoint: 2500 ns, Cleanup: 3300 ns, At safepoint: 15709200 ns, Total: 15715000 ns
[2025-07-30T16:37:35.946+0800][1.772s][info][gc,start    ] GC(45) Pause Young (Normal) (G1 Evacuation Pause)
[2025-07-30T16:37:35.947+0800][1.772s][info][gc,task     ] GC(45) Using 1 workers of 1 for evacuation
[2025-07-30T16:37:35.963+0800][1.788s][info][gc,phases   ] GC(45)   Pre Evacuate Collection Set: 0.4ms
[2025-07-30T16:37:35.963+0800][1.788s][info][gc,phases   ] GC(45)   Merge Heap Roots: 0.1ms
[2025-07-30T16:37:35.963+0800][1.788s][info][gc,phases   ] GC(45)   Evacuate Collection Set: 15.5ms
[2025-07-30T16:37:35.963+0800][1.788s][info][gc,phases   ] GC(45)   Post Evacuate Collection Set: 0.7ms
[2025-07-30T16:37:35.963+0800][1.788s][info][gc,phases   ] GC(45)   Other: 0.1ms
[2025-07-30T16:37:35.963+0800][1.788s][info][gc,heap     ] GC(45) Eden regions: 1018->0(1020)
[2025-07-30T16:37:35.963+0800][1.788s][info][gc,heap     ] GC(45) Survivor regions: 146->146(146)
[2025-07-30T16:37:35.963+0800][1.788s][info][gc,heap     ] GC(45) Old regions: 550->550
[2025-07-30T16:37:35.963+0800][1.788s][info][gc,heap     ] GC(45) Humongous regions: 3->3
[2025-07-30T16:37:35.963+0800][1.788s][info][gc,metaspace] GC(45) Metaspace: 6934K(7296K)->6934K(7296K) NonClass: 6212K(6400K)->6212K(6400K) Class: 722K(896K)->722K(896K)
[2025-07-30T16:37:35.963+0800][1.788s][info][gc          ] GC(45) Pause Young (Normal) (G1 Evacuation Pause) 1716M->698M(2048M) 16.873ms
[2025-07-30T16:37:35.963+0800][1.788s][info][gc,cpu      ] GC(45) User=0.02s Sys=0.00s Real=0.02s
[2025-07-30T16:37:35.963+0800][1.788s][info][safepoint   ] Safepoint "G1CollectForAllocation", Time since last: 36398800 ns, Reaching safepoint: 2200 ns, Cleanup: 3100 ns, At safepoint: 16912000 ns, Total: 16917300 ns
[2025-07-30T16:37:36.001+0800][1.826s][info][gc,start    ] GC(46) Pause Young (Normal) (G1 Evacuation Pause)
[2025-07-30T16:37:36.001+0800][1.826s][info][gc,task     ] GC(46) Using 1 workers of 1 for evacuation
[2025-07-30T16:37:36.015+0800][1.841s][info][gc,phases   ] GC(46)   Pre Evacuate Collection Set: 0.3ms
[2025-07-30T16:37:36.015+0800][1.841s][info][gc,phases   ] GC(46)   Merge Heap Roots: 0.0ms
[2025-07-30T16:37:36.015+0800][1.841s][info][gc,phases   ] GC(46)   Evacuate Collection Set: 14.3ms
[2025-07-30T16:37:36.015+0800][1.841s][info][gc,phases   ] GC(46)   Post Evacuate Collection Set: 0.6ms
[2025-07-30T16:37:36.015+0800][1.841s][info][gc,phases   ] GC(46)   Other: 0.1ms
[2025-07-30T16:37:36.015+0800][1.841s][info][gc,heap     ] GC(46) Eden regions: 1020->0(1017)
[2025-07-30T16:37:36.015+0800][1.841s][info][gc,heap     ] GC(46) Survivor regions: 146->146(146)
[2025-07-30T16:37:36.015+0800][1.841s][info][gc,heap     ] GC(46) Old regions: 550->553
[2025-07-30T16:37:36.015+0800][1.841s][info][gc,heap     ] GC(46) Humongous regions: 3->3
[2025-07-30T16:37:36.015+0800][1.841s][info][gc,metaspace] GC(46) Metaspace: 6934K(7296K)->6934K(7296K) NonClass: 6212K(6400K)->6212K(6400K) Class: 722K(896K)->722K(896K)
[2025-07-30T16:37:36.015+0800][1.841s][info][gc          ] GC(46) Pause Young (Normal) (G1 Evacuation Pause) 1718M->701M(2048M) 15.585ms
[2025-07-30T16:37:36.015+0800][1.841s][info][gc,cpu      ] GC(46) User=0.02s Sys=0.00s Real=0.01s
[2025-07-30T16:37:36.015+0800][1.841s][info][safepoint   ] Safepoint "G1CollectForAllocation", Time since last: 37239500 ns, Reaching safepoint: 2200 ns, Cleanup: 2900 ns, At safepoint: 15622900 ns, Total: 15628000 ns
[2025-07-30T16:37:36.052+0800][1.877s][info][gc,start    ] GC(47) Pause Young (Normal) (G1 Evacuation Pause)
[2025-07-30T16:37:36.052+0800][1.877s][info][gc,task     ] GC(47) Using 1 workers of 1 for evacuation
[2025-07-30T16:37:36.068+0800][1.893s][info][gc,phases   ] GC(47)   Pre Evacuate Collection Set: 0.3ms
[2025-07-30T16:37:36.068+0800][1.893s][info][gc,phases   ] GC(47)   Merge Heap Roots: 0.1ms
[2025-07-30T16:37:36.068+0800][1.893s][info][gc,phases   ] GC(47)   Evacuate Collection Set: 14.5ms
[2025-07-30T16:37:36.068+0800][1.893s][info][gc,phases   ] GC(47)   Post Evacuate Collection Set: 0.7ms
[2025-07-30T16:37:36.068+0800][1.893s][info][gc,phases   ] GC(47)   Other: 0.1ms
[2025-07-30T16:37:36.068+0800][1.893s][info][gc,heap     ] GC(47) Eden regions: 1017->0(1016)
[2025-07-30T16:37:36.068+0800][1.893s][info][gc,heap     ] GC(47) Survivor regions: 146->146(146)
[2025-07-30T16:37:36.068+0800][1.893s][info][gc,heap     ] GC(47) Old regions: 553->554
[2025-07-30T16:37:36.068+0800][1.893s][info][gc,heap     ] GC(47) Humongous regions: 3->3
[2025-07-30T16:37:36.068+0800][1.893s][info][gc,metaspace] GC(47) Metaspace: 6934K(7296K)->6934K(7296K) NonClass: 6212K(6400K)->6212K(6400K) Class: 722K(896K)->722K(896K)
[2025-07-30T16:37:36.068+0800][1.893s][info][gc          ] GC(47) Pause Young (Normal) (G1 Evacuation Pause) 1718M->703M(2048M) 15.812ms
[2025-07-30T16:37:36.068+0800][1.893s][info][gc,cpu      ] GC(47) User=0.02s Sys=0.00s Real=0.02s
[2025-07-30T16:37:36.068+0800][1.893s][info][safepoint   ] Safepoint "G1CollectForAllocation", Time since last: 36102500 ns, Reaching safepoint: 2000 ns, Cleanup: 2900 ns, At safepoint: 15851900 ns, Total: 15856800 ns
[2025-07-30T16:37:36.106+0800][1.931s][info][gc,start    ] GC(48) Pause Young (Normal) (G1 Evacuation Pause)
[2025-07-30T16:37:36.107+0800][1.932s][info][gc,task     ] GC(48) Using 1 workers of 1 for evacuation
[2025-07-30T16:37:36.122+0800][1.947s][info][gc,phases   ] GC(48)   Pre Evacuate Collection Set: 0.4ms
[2025-07-30T16:37:36.122+0800][1.947s][info][gc,phases   ] GC(48)   Merge Heap Roots: 0.1ms
[2025-07-30T16:37:36.122+0800][1.947s][info][gc,phases   ] GC(48)   Evacuate Collection Set: 14.4ms
[2025-07-30T16:37:36.122+0800][1.947s][info][gc,phases   ] GC(48)   Post Evacuate Collection Set: 0.6ms
[2025-07-30T16:37:36.122+0800][1.947s][info][gc,phases   ] GC(48)   Other: 0.1ms
[2025-07-30T16:37:36.122+0800][1.947s][info][gc,heap     ] GC(48) Eden regions: 1016->0(1017)
[2025-07-30T16:37:36.122+0800][1.947s][info][gc,heap     ] GC(48) Survivor regions: 146->146(146)
[2025-07-30T16:37:36.122+0800][1.947s][info][gc,heap     ] GC(48) Old regions: 554->554
[2025-07-30T16:37:36.122+0800][1.947s][info][gc,heap     ] GC(48) Humongous regions: 3->3
[2025-07-30T16:37:36.122+0800][1.947s][info][gc,metaspace] GC(48) Metaspace: 6934K(7296K)->6934K(7296K) NonClass: 6212K(6400K)->6212K(6400K) Class: 722K(896K)->722K(896K)
[2025-07-30T16:37:36.122+0800][1.947s][info][gc          ] GC(48) Pause Young (Normal) (G1 Evacuation Pause) 1719M->703M(2048M) 15.720ms
[2025-07-30T16:37:36.122+0800][1.947s][info][gc,cpu      ] GC(48) User=0.02s Sys=0.00s Real=0.02s
[2025-07-30T16:37:36.122+0800][1.947s][info][safepoint   ] Safepoint "G1CollectForAllocation", Time since last: 38170500 ns, Reaching safepoint: 2800 ns, Cleanup: 2800 ns, At safepoint: 15759900 ns, Total: 15765500 ns
[2025-07-30T16:37:36.159+0800][1.985s][info][gc,start    ] GC(49) Pause Young (Normal) (G1 Evacuation Pause)
[2025-07-30T16:37:36.159+0800][1.985s][info][gc,task     ] GC(49) Using 1 workers of 1 for evacuation
[2025-07-30T16:37:36.174+0800][2.000s][info][gc,phases   ] GC(49)   Pre Evacuate Collection Set: 0.3ms
[2025-07-30T16:37:36.174+0800][2.000s][info][gc,phases   ] GC(49)   Merge Heap Roots: 0.0ms
[2025-07-30T16:37:36.174+0800][2.000s][info][gc,phases   ] GC(49)   Evacuate Collection Set: 14.0ms
[2025-07-30T16:37:36.174+0800][2.000s][info][gc,phases   ] GC(49)   Post Evacuate Collection Set: 0.6ms
[2025-07-30T16:37:36.174+0800][2.000s][info][gc,phases   ] GC(49)   Other: 0.1ms
[2025-07-30T16:37:36.174+0800][2.000s][info][gc,heap     ] GC(49) Eden regions: 1017->0(1020)
[2025-07-30T16:37:36.174+0800][2.000s][info][gc,heap     ] GC(49) Survivor regions: 146->145(146)
[2025-07-30T16:37:36.174+0800][2.000s][info][gc,heap     ] GC(49) Old regions: 554->554
[2025-07-30T16:37:36.174+0800][2.000s][info][gc,heap     ] GC(49) Humongous regions: 3->3
[2025-07-30T16:37:36.174+0800][2.000s][info][gc,metaspace] GC(49) Metaspace: 6934K(7296K)->6934K(7296K) NonClass: 6212K(6400K)->6212K(6400K) Class: 722K(896K)->722K(896K)
[2025-07-30T16:37:36.174+0800][2.000s][info][gc          ] GC(49) Pause Young (Normal) (G1 Evacuation Pause) 1720M->702M(2048M) 15.250ms
[2025-07-30T16:37:36.174+0800][2.000s][info][gc,cpu      ] GC(49) User=0.02s Sys=0.00s Real=0.02s
[2025-07-30T16:37:36.174+0800][2.000s][info][safepoint   ] Safepoint "G1CollectForAllocation", Time since last: 37331900 ns, Reaching safepoint: 2400 ns, Cleanup: 2800 ns, At safepoint: 15288200 ns, Total: 15293400 ns
[2025-07-30T16:37:36.212+0800][2.037s][info][gc,start    ] GC(50) Pause Young (Normal) (G1 Evacuation Pause)
[2025-07-30T16:37:36.212+0800][2.037s][info][gc,task     ] GC(50) Using 1 workers of 1 for evacuation
[2025-07-30T16:37:36.228+0800][2.053s][info][gc,phases   ] GC(50)   Pre Evacuate Collection Set: 0.4ms
[2025-07-30T16:37:36.228+0800][2.053s][info][gc,phases   ] GC(50)   Merge Heap Roots: 0.1ms
[2025-07-30T16:37:36.228+0800][2.053s][info][gc,phases   ] GC(50)   Evacuate Collection Set: 14.5ms
[2025-07-30T16:37:36.228+0800][2.053s][info][gc,phases   ] GC(50)   Post Evacuate Collection Set: 0.7ms
[2025-07-30T16:37:36.228+0800][2.053s][info][gc,phases   ] GC(50)   Other: 0.1ms
[2025-07-30T16:37:36.228+0800][2.053s][info][gc,heap     ] GC(50) Eden regions: 1020->0(1018)
[2025-07-30T16:37:36.228+0800][2.053s][info][gc,heap     ] GC(50) Survivor regions: 145->146(146)
[2025-07-30T16:37:36.228+0800][2.053s][info][gc,heap     ] GC(50) Old regions: 554->555
[2025-07-30T16:37:36.228+0800][2.053s][info][gc,heap     ] GC(50) Humongous regions: 3->3
[2025-07-30T16:37:36.228+0800][2.053s][info][gc,metaspace] GC(50) Metaspace: 6934K(7296K)->6934K(7296K) NonClass: 6212K(6400K)->6212K(6400K) Class: 722K(896K)->722K(896K)
[2025-07-30T16:37:36.228+0800][2.053s][info][gc          ] GC(50) Pause Young (Normal) (G1 Evacuation Pause) 1722M->703M(2048M) 15.919ms
[2025-07-30T16:37:36.228+0800][2.053s][info][gc,cpu      ] GC(50) User=0.02s Sys=0.00s Real=0.02s
[2025-07-30T16:37:36.228+0800][2.053s][info][safepoint   ] Safepoint "G1CollectForAllocation", Time since last: 37235300 ns, Reaching safepoint: 3300 ns, Cleanup: 4200 ns, At safepoint: 15960200 ns, Total: 15967700 ns
[2025-07-30T16:37:36.264+0800][2.089s][info][gc,start    ] GC(51) Pause Young (Normal) (G1 Evacuation Pause)
[2025-07-30T16:37:36.264+0800][2.089s][info][gc,task     ] GC(51) Using 1 workers of 1 for evacuation
[2025-07-30T16:37:36.280+0800][2.105s][info][gc,phases   ] GC(51)   Pre Evacuate Collection Set: 0.4ms
[2025-07-30T16:37:36.280+0800][2.105s][info][gc,phases   ] GC(51)   Merge Heap Roots: 0.1ms
[2025-07-30T16:37:36.280+0800][2.105s][info][gc,phases   ] GC(51)   Evacuate Collection Set: 14.2ms
[2025-07-30T16:37:36.280+0800][2.105s][info][gc,phases   ] GC(51)   Post Evacuate Collection Set: 0.7ms
[2025-07-30T16:37:36.280+0800][2.105s][info][gc,phases   ] GC(51)   Other: 0.1ms
[2025-07-30T16:37:36.280+0800][2.105s][info][gc,heap     ] GC(51) Eden regions: 1018->0(1017)
[2025-07-30T16:37:36.280+0800][2.105s][info][gc,heap     ] GC(51) Survivor regions: 146->146(146)
[2025-07-30T16:37:36.280+0800][2.105s][info][gc,heap     ] GC(51) Old regions: 555->556
[2025-07-30T16:37:36.280+0800][2.105s][info][gc,heap     ] GC(51) Humongous regions: 3->3
[2025-07-30T16:37:36.280+0800][2.105s][info][gc,metaspace] GC(51) Metaspace: 6934K(7296K)->6934K(7296K) NonClass: 6212K(6400K)->6212K(6400K) Class: 722K(896K)->722K(896K)
[2025-07-30T16:37:36.280+0800][2.105s][info][gc          ] GC(51) Pause Young (Normal) (G1 Evacuation Pause) 1721M->704M(2048M) 15.544ms
[2025-07-30T16:37:36.280+0800][2.105s][info][gc,cpu      ] GC(51) User=0.02s Sys=0.00s Real=0.02s
[2025-07-30T16:37:36.280+0800][2.105s][info][safepoint   ] Safepoint "G1CollectForAllocation", Time since last: 36373300 ns, Reaching safepoint: 3100 ns, Cleanup: 6300 ns, At safepoint: 15589300 ns, Total: 15598700 ns
[2025-07-30T16:37:36.317+0800][2.142s][info][gc,start    ] GC(52) Pause Young (Normal) (G1 Evacuation Pause)
[2025-07-30T16:37:36.317+0800][2.142s][info][gc,task     ] GC(52) Using 1 workers of 1 for evacuation
[2025-07-30T16:37:36.332+0800][2.158s][info][gc,phases   ] GC(52)   Pre Evacuate Collection Set: 0.4ms
[2025-07-30T16:37:36.332+0800][2.158s][info][gc,phases   ] GC(52)   Merge Heap Roots: 0.1ms
[2025-07-30T16:37:36.333+0800][2.158s][info][gc,phases   ] GC(52)   Evacuate Collection Set: 14.3ms
[2025-07-30T16:37:36.333+0800][2.158s][info][gc,phases   ] GC(52)   Post Evacuate Collection Set: 0.9ms
[2025-07-30T16:37:36.333+0800][2.158s][info][gc,phases   ] GC(52)   Other: 0.1ms
[2025-07-30T16:37:36.333+0800][2.158s][info][gc,heap     ] GC(52) Eden regions: 1017->0(1018)
[2025-07-30T16:37:36.333+0800][2.158s][info][gc,heap     ] GC(52) Survivor regions: 146->146(146)
[2025-07-30T16:37:36.333+0800][2.158s][info][gc,heap     ] GC(52) Old regions: 556->556
[2025-07-30T16:37:36.333+0800][2.158s][info][gc,heap     ] GC(52) Humongous regions: 3->3
[2025-07-30T16:37:36.333+0800][2.158s][info][gc,metaspace] GC(52) Metaspace: 6934K(7296K)->6934K(7296K) NonClass: 6212K(6400K)->6212K(6400K) Class: 722K(896K)->722K(896K)
[2025-07-30T16:37:36.333+0800][2.158s][info][gc          ] GC(52) Pause Young (Normal) (G1 Evacuation Pause) 1721M->705M(2048M) 15.881ms
[2025-07-30T16:37:36.333+0800][2.158s][info][gc,cpu      ] GC(52) User=0.02s Sys=0.00s Real=0.02s
[2025-07-30T16:37:36.333+0800][2.158s][info][safepoint   ] Safepoint "G1CollectForAllocation", Time since last: 36806300 ns, Reaching safepoint: 3100 ns, Cleanup: 3200 ns, At safepoint: 15922400 ns, Total: 15928700 ns
[2025-07-30T16:37:36.369+0800][2.194s][info][gc,start    ] GC(53) Pause Young (Normal) (G1 Evacuation Pause)
[2025-07-30T16:37:36.369+0800][2.194s][info][gc,task     ] GC(53) Using 1 workers of 1 for evacuation
[2025-07-30T16:37:36.384+0800][2.209s][info][gc,phases   ] GC(53)   Pre Evacuate Collection Set: 0.3ms
[2025-07-30T16:37:36.384+0800][2.209s][info][gc,phases   ] GC(53)   Merge Heap Roots: 0.0ms
[2025-07-30T16:37:36.384+0800][2.209s][info][gc,phases   ] GC(53)   Evacuate Collection Set: 14.0ms
[2025-07-30T16:37:36.384+0800][2.209s][info][gc,phases   ] GC(53)   Post Evacuate Collection Set: 0.6ms
[2025-07-30T16:37:36.384+0800][2.209s][info][gc,phases   ] GC(53)   Other: 0.1ms
[2025-07-30T16:37:36.384+0800][2.209s][info][gc,heap     ] GC(53) Eden regions: 1018->0(1017)
[2025-07-30T16:37:36.384+0800][2.209s][info][gc,heap     ] GC(53) Survivor regions: 146->146(146)
[2025-07-30T16:37:36.384+0800][2.209s][info][gc,heap     ] GC(53) Old regions: 556->557
[2025-07-30T16:37:36.384+0800][2.209s][info][gc,heap     ] GC(53) Humongous regions: 3->3
[2025-07-30T16:37:36.384+0800][2.209s][info][gc,metaspace] GC(53) Metaspace: 6934K(7296K)->6934K(7296K) NonClass: 6212K(6400K)->6212K(6400K) Class: 722K(896K)->722K(896K)
[2025-07-30T16:37:36.384+0800][2.209s][info][gc          ] GC(53) Pause Young (Normal) (G1 Evacuation Pause) 1723M->705M(2048M) 15.261ms
[2025-07-30T16:37:36.384+0800][2.209s][info][gc,cpu      ] GC(53) User=0.02s Sys=0.00s Real=0.02s
[2025-07-30T16:37:36.384+0800][2.209s][info][safepoint   ] Safepoint "G1CollectForAllocation", Time since last: 36346600 ns, Reaching safepoint: 2000 ns, Cleanup: 3000 ns, At safepoint: 15300100 ns, Total: 15305100 ns
[2025-07-30T16:37:36.420+0800][2.246s][info][gc,start    ] GC(54) Pause Young (Normal) (G1 Evacuation Pause)
[2025-07-30T16:37:36.420+0800][2.246s][info][gc,task     ] GC(54) Using 1 workers of 1 for evacuation
[2025-07-30T16:37:36.434+0800][2.260s][info][gc,phases   ] GC(54)   Pre Evacuate Collection Set: 0.3ms
[2025-07-30T16:37:36.434+0800][2.260s][info][gc,phases   ] GC(54)   Merge Heap Roots: 0.0ms
[2025-07-30T16:37:36.434+0800][2.260s][info][gc,phases   ] GC(54)   Evacuate Collection Set: 13.6ms
[2025-07-30T16:37:36.434+0800][2.260s][info][gc,phases   ] GC(54)   Post Evacuate Collection Set: 0.6ms
[2025-07-30T16:37:36.434+0800][2.260s][info][gc,phases   ] GC(54)   Other: 0.1ms
[2025-07-30T16:37:36.434+0800][2.260s][info][gc,heap     ] GC(54) Eden regions: 1017->0(1018)
[2025-07-30T16:37:36.434+0800][2.260s][info][gc,heap     ] GC(54) Survivor regions: 146->146(146)
[2025-07-30T16:37:36.434+0800][2.260s][info][gc,heap     ] GC(54) Old regions: 557->557
[2025-07-30T16:37:36.434+0800][2.260s][info][gc,heap     ] GC(54) Humongous regions: 3->3
[2025-07-30T16:37:36.434+0800][2.260s][info][gc,metaspace] GC(54) Metaspace: 6934K(7296K)->6934K(7296K) NonClass: 6212K(6400K)->6212K(6400K) Class: 722K(896K)->722K(896K)
[2025-07-30T16:37:36.434+0800][2.260s][info][gc          ] GC(54) Pause Young (Normal) (G1 Evacuation Pause) 1722M->704M(2048M) 14.790ms
[2025-07-30T16:37:36.434+0800][2.260s][info][gc,cpu      ] GC(54) User=0.02s Sys=0.00s Real=0.01s
[2025-07-30T16:37:36.435+0800][2.260s][info][safepoint   ] Safepoint "G1CollectForAllocation", Time since last: 36171700 ns, Reaching safepoint: 2000 ns, Cleanup: 2400 ns, At safepoint: 14831200 ns, Total: 14835600 ns
[2025-07-30T16:37:36.471+0800][2.296s][info][gc,start    ] GC(55) Pause Young (Normal) (G1 Evacuation Pause)
[2025-07-30T16:37:36.471+0800][2.296s][info][gc,task     ] GC(55) Using 1 workers of 1 for evacuation
[2025-07-30T16:37:36.485+0800][2.311s][info][gc,phases   ] GC(55)   Pre Evacuate Collection Set: 0.3ms
[2025-07-30T16:37:36.485+0800][2.311s][info][gc,phases   ] GC(55)   Merge Heap Roots: 0.1ms
[2025-07-30T16:37:36.485+0800][2.311s][info][gc,phases   ] GC(55)   Evacuate Collection Set: 13.7ms
[2025-07-30T16:37:36.485+0800][2.311s][info][gc,phases   ] GC(55)   Post Evacuate Collection Set: 0.6ms
[2025-07-30T16:37:36.485+0800][2.311s][info][gc,phases   ] GC(55)   Other: 0.1ms
[2025-07-30T16:37:36.485+0800][2.311s][info][gc,heap     ] GC(55) Eden regions: 1018->0(1019)
[2025-07-30T16:37:36.485+0800][2.311s][info][gc,heap     ] GC(55) Survivor regions: 146->146(146)
[2025-07-30T16:37:36.485+0800][2.311s][info][gc,heap     ] GC(55) Old regions: 557->557
[2025-07-30T16:37:36.485+0800][2.311s][info][gc,heap     ] GC(55) Humongous regions: 3->3
[2025-07-30T16:37:36.485+0800][2.311s][info][gc,metaspace] GC(55) Metaspace: 6934K(7296K)->6934K(7296K) NonClass: 6212K(6400K)->6212K(6400K) Class: 722K(896K)->722K(896K)
[2025-07-30T16:37:36.485+0800][2.311s][info][gc          ] GC(55) Pause Young (Normal) (G1 Evacuation Pause) 1722M->704M(2048M) 14.856ms
[2025-07-30T16:37:36.485+0800][2.311s][info][gc,cpu      ] GC(55) User=0.02s Sys=0.00s Real=0.01s
[2025-07-30T16:37:36.485+0800][2.311s][info][safepoint   ] Safepoint "G1CollectForAllocation", Time since last: 35875000 ns, Reaching safepoint: 2000 ns, Cleanup: 2800 ns, At safepoint: 14896300 ns, Total: 14901100 ns
[2025-07-30T16:37:36.522+0800][2.347s][info][gc,start    ] GC(56) Pause Young (Normal) (G1 Evacuation Pause)
[2025-07-30T16:37:36.522+0800][2.347s][info][gc,task     ] GC(56) Using 1 workers of 1 for evacuation
[2025-07-30T16:37:36.538+0800][2.363s][info][gc,phases   ] GC(56)   Pre Evacuate Collection Set: 0.3ms
[2025-07-30T16:37:36.538+0800][2.363s][info][gc,phases   ] GC(56)   Merge Heap Roots: 0.1ms
[2025-07-30T16:37:36.538+0800][2.363s][info][gc,phases   ] GC(56)   Evacuate Collection Set: 14.6ms
[2025-07-30T16:37:36.538+0800][2.363s][info][gc,phases   ] GC(56)   Post Evacuate Collection Set: 0.6ms
[2025-07-30T16:37:36.538+0800][2.363s][info][gc,phases   ] GC(56)   Other: 0.1ms
[2025-07-30T16:37:36.538+0800][2.363s][info][gc,heap     ] GC(56) Eden regions: 1019->0(1019)
[2025-07-30T16:37:36.538+0800][2.363s][info][gc,heap     ] GC(56) Survivor regions: 146->146(146)
[2025-07-30T16:37:36.538+0800][2.363s][info][gc,heap     ] GC(56) Old regions: 557->557
[2025-07-30T16:37:36.538+0800][2.363s][info][gc,heap     ] GC(56) Humongous regions: 3->3
[2025-07-30T16:37:36.538+0800][2.363s][info][gc,metaspace] GC(56) Metaspace: 6934K(7296K)->6934K(7296K) NonClass: 6212K(6400K)->6212K(6400K) Class: 722K(896K)->722K(896K)
[2025-07-30T16:37:36.538+0800][2.363s][info][gc          ] GC(56) Pause Young (Normal) (G1 Evacuation Pause) 1723M->705M(2048M) 15.699ms
[2025-07-30T16:37:36.538+0800][2.363s][info][gc,cpu      ] GC(56) User=0.02s Sys=0.00s Real=0.02s
[2025-07-30T16:37:36.538+0800][2.363s][info][safepoint   ] Safepoint "G1CollectForAllocation", Time since last: 36166000 ns, Reaching safepoint: 1900 ns, Cleanup: 2600 ns, At safepoint: 15735000 ns, Total: 15739500 ns
[2025-07-30T16:37:36.574+0800][2.400s][info][gc,start    ] GC(57) Pause Young (Normal) (G1 Evacuation Pause)
[2025-07-30T16:37:36.574+0800][2.400s][info][gc,task     ] GC(57) Using 1 workers of 1 for evacuation
[2025-07-30T16:37:36.590+0800][2.416s][info][gc,phases   ] GC(57)   Pre Evacuate Collection Set: 0.3ms
[2025-07-30T16:37:36.590+0800][2.416s][info][gc,phases   ] GC(57)   Merge Heap Roots: 0.1ms
[2025-07-30T16:37:36.590+0800][2.416s][info][gc,phases   ] GC(57)   Evacuate Collection Set: 14.5ms
[2025-07-30T16:37:36.590+0800][2.416s][info][gc,phases   ] GC(57)   Post Evacuate Collection Set: 0.6ms
[2025-07-30T16:37:36.590+0800][2.416s][info][gc,phases   ] GC(57)   Other: 0.1ms
[2025-07-30T16:37:36.590+0800][2.416s][info][gc,heap     ] GC(57) Eden regions: 1019->0(1016)
[2025-07-30T16:37:36.590+0800][2.416s][info][gc,heap     ] GC(57) Survivor regions: 146->146(146)
[2025-07-30T16:37:36.590+0800][2.416s][info][gc,heap     ] GC(57) Old regions: 557->559
[2025-07-30T16:37:36.590+0800][2.416s][info][gc,heap     ] GC(57) Humongous regions: 3->3
[2025-07-30T16:37:36.590+0800][2.416s][info][gc,metaspace] GC(57) Metaspace: 6935K(7296K)->6935K(7296K) NonClass: 6213K(6400K)->6213K(6400K) Class: 722K(896K)->722K(896K)
[2025-07-30T16:37:36.590+0800][2.416s][info][gc          ] GC(57) Pause Young (Normal) (G1 Evacuation Pause) 1724M->707M(2048M) 15.782ms
[2025-07-30T16:37:36.590+0800][2.416s][info][gc,cpu      ] GC(57) User=0.00s Sys=0.03s Real=0.02s
[2025-07-30T16:37:36.590+0800][2.416s][info][safepoint   ] Safepoint "G1CollectForAllocation", Time since last: 36918400 ns, Reaching safepoint: 1900 ns, Cleanup: 2600 ns, At safepoint: 15820700 ns, Total: 15825200 ns
[2025-07-30T16:37:36.626+0800][2.452s][info][gc,start    ] GC(58) Pause Young (Normal) (G1 Evacuation Pause)
[2025-07-30T16:37:36.627+0800][2.452s][info][gc,task     ] GC(58) Using 1 workers of 1 for evacuation
[2025-07-30T16:37:36.641+0800][2.467s][info][gc,phases   ] GC(58)   Pre Evacuate Collection Set: 0.4ms
[2025-07-30T16:37:36.641+0800][2.467s][info][gc,phases   ] GC(58)   Merge Heap Roots: 0.1ms
[2025-07-30T16:37:36.641+0800][2.467s][info][gc,phases   ] GC(58)   Evacuate Collection Set: 13.7ms
[2025-07-30T16:37:36.641+0800][2.467s][info][gc,phases   ] GC(58)   Post Evacuate Collection Set: 0.6ms
[2025-07-30T16:37:36.641+0800][2.467s][info][gc,phases   ] GC(58)   Other: 0.1ms
[2025-07-30T16:37:36.641+0800][2.467s][info][gc,heap     ] GC(58) Eden regions: 1016->0(1016)
[2025-07-30T16:37:36.641+0800][2.467s][info][gc,heap     ] GC(58) Survivor regions: 146->146(146)
[2025-07-30T16:37:36.641+0800][2.467s][info][gc,heap     ] GC(58) Old regions: 559->559
[2025-07-30T16:37:36.641+0800][2.467s][info][gc,heap     ] GC(58) Humongous regions: 3->3
[2025-07-30T16:37:36.641+0800][2.467s][info][gc,metaspace] GC(58) Metaspace: 6942K(7296K)->6942K(7296K) NonClass: 6219K(6400K)->6219K(6400K) Class: 722K(896K)->722K(896K)
[2025-07-30T16:37:36.641+0800][2.467s][info][gc          ] GC(58) Pause Young (Normal) (G1 Evacuation Pause) 1723M->706M(2048M) 15.018ms
[2025-07-30T16:37:36.642+0800][2.467s][info][gc,cpu      ] GC(58) User=0.00s Sys=0.02s Real=0.02s
[2025-07-30T16:37:36.642+0800][2.467s][info][safepoint   ] Safepoint "G1CollectForAllocation", Time since last: 36518400 ns, Reaching safepoint: 2400 ns, Cleanup: 5600 ns, At safepoint: 15061100 ns, Total: 15069100 ns
[2025-07-30T16:37:36.679+0800][2.504s][info][gc,start    ] GC(59) Pause Young (Normal) (G1 Evacuation Pause)
[2025-07-30T16:37:36.679+0800][2.504s][info][gc,task     ] GC(59) Using 1 workers of 1 for evacuation
[2025-07-30T16:37:36.694+0800][2.519s][info][gc,phases   ] GC(59)   Pre Evacuate Collection Set: 0.4ms
[2025-07-30T16:37:36.694+0800][2.519s][info][gc,phases   ] GC(59)   Merge Heap Roots: 0.1ms
[2025-07-30T16:37:36.694+0800][2.519s][info][gc,phases   ] GC(59)   Evacuate Collection Set: 13.8ms
[2025-07-30T16:37:36.694+0800][2.519s][info][gc,phases   ] GC(59)   Post Evacuate Collection Set: 0.7ms
[2025-07-30T16:37:36.694+0800][2.519s][info][gc,phases   ] GC(59)   Other: 0.1ms
[2025-07-30T16:37:36.694+0800][2.519s][info][gc,heap     ] GC(59) Eden regions: 1016->0(1020)
[2025-07-30T16:37:36.694+0800][2.519s][info][gc,heap     ] GC(59) Survivor regions: 146->144(146)
[2025-07-30T16:37:36.694+0800][2.519s][info][gc,heap     ] GC(59) Old regions: 559->559
[2025-07-30T16:37:36.694+0800][2.519s][info][gc,heap     ] GC(59) Humongous regions: 3->3
[2025-07-30T16:37:36.694+0800][2.519s][info][gc,metaspace] GC(59) Metaspace: 6942K(7296K)->6942K(7296K) NonClass: 6219K(6400K)->6219K(6400K) Class: 722K(896K)->722K(896K)
[2025-07-30T16:37:36.694+0800][2.519s][info][gc          ] GC(59) Pause Young (Normal) (G1 Evacuation Pause) 1722M->704M(2048M) 15.200ms
[2025-07-30T16:37:36.694+0800][2.519s][info][gc,cpu      ] GC(59) User=0.02s Sys=0.00s Real=0.02s
[2025-07-30T16:37:36.694+0800][2.519s][info][safepoint   ] Safepoint "G1CollectForAllocation", Time since last: 36648400 ns, Reaching safepoint: 3700 ns, Cleanup: 4400 ns, At safepoint: 15245400 ns, Total: 15253500 ns
[2025-07-30T16:37:36.730+0800][2.556s][info][gc,start    ] GC(60) Pause Young (Normal) (G1 Evacuation Pause)
[2025-07-30T16:37:36.730+0800][2.556s][info][gc,task     ] GC(60) Using 1 workers of 1 for evacuation
[2025-07-30T16:37:36.746+0800][2.571s][info][gc,phases   ] GC(60)   Pre Evacuate Collection Set: 0.3ms
[2025-07-30T16:37:36.746+0800][2.571s][info][gc,phases   ] GC(60)   Merge Heap Roots: 0.1ms
[2025-07-30T16:37:36.746+0800][2.571s][info][gc,phases   ] GC(60)   Evacuate Collection Set: 13.8ms
[2025-07-30T16:37:36.746+0800][2.571s][info][gc,phases   ] GC(60)   Post Evacuate Collection Set: 0.7ms
[2025-07-30T16:37:36.746+0800][2.571s][info][gc,phases   ] GC(60)   Other: 0.1ms
[2025-07-30T16:37:36.746+0800][2.571s][info][gc,heap     ] GC(60) Eden regions: 1020->0(1018)
[2025-07-30T16:37:36.746+0800][2.571s][info][gc,heap     ] GC(60) Survivor regions: 144->146(146)
[2025-07-30T16:37:36.746+0800][2.571s][info][gc,heap     ] GC(60) Old regions: 559->559
[2025-07-30T16:37:36.746+0800][2.571s][info][gc,heap     ] GC(60) Humongous regions: 3->3
[2025-07-30T16:37:36.746+0800][2.571s][info][gc,metaspace] GC(60) Metaspace: 6942K(7296K)->6942K(7296K) NonClass: 6219K(6400K)->6219K(6400K) Class: 722K(896K)->722K(896K)
[2025-07-30T16:37:36.746+0800][2.571s][info][gc          ] GC(60) Pause Young (Normal) (G1 Evacuation Pause) 1724M->707M(2048M) 15.141ms
[2025-07-30T16:37:36.746+0800][2.571s][info][gc,cpu      ] GC(60) User=0.02s Sys=0.00s Real=0.02s
[2025-07-30T16:37:36.746+0800][2.571s][info][safepoint   ] Safepoint "G1CollectForAllocation", Time since last: 36644600 ns, Reaching safepoint: 2400 ns, Cleanup: 3000 ns, At safepoint: 15182400 ns, Total: 15187800 ns
[2025-07-30T16:37:36.783+0800][2.609s][info][gc,start    ] GC(61) Pause Young (Normal) (G1 Evacuation Pause)
[2025-07-30T16:37:36.783+0800][2.609s][info][gc,task     ] GC(61) Using 1 workers of 1 for evacuation
[2025-07-30T16:37:36.797+0800][2.623s][info][gc,phases   ] GC(61)   Pre Evacuate Collection Set: 0.3ms
[2025-07-30T16:37:36.797+0800][2.623s][info][gc,phases   ] GC(61)   Merge Heap Roots: 0.1ms
[2025-07-30T16:37:36.797+0800][2.623s][info][gc,phases   ] GC(61)   Evacuate Collection Set: 13.7ms
[2025-07-30T16:37:36.797+0800][2.623s][info][gc,phases   ] GC(61)   Post Evacuate Collection Set: 0.6ms
[2025-07-30T16:37:36.797+0800][2.623s][info][gc,phases   ] GC(61)   Other: 0.1ms
[2025-07-30T16:37:36.797+0800][2.623s][info][gc,heap     ] GC(61) Eden regions: 1018->0(1018)
[2025-07-30T16:37:36.797+0800][2.623s][info][gc,heap     ] GC(61) Survivor regions: 146->146(146)
[2025-07-30T16:37:36.797+0800][2.623s][info][gc,heap     ] GC(61) Old regions: 559->559
[2025-07-30T16:37:36.797+0800][2.623s][info][gc,heap     ] GC(61) Humongous regions: 3->3
[2025-07-30T16:37:36.797+0800][2.623s][info][gc,metaspace] GC(61) Metaspace: 6942K(7296K)->6942K(7296K) NonClass: 6219K(6400K)->6219K(6400K) Class: 722K(896K)->722K(896K)
[2025-07-30T16:37:36.797+0800][2.623s][info][gc          ] GC(61) Pause Young (Normal) (G1 Evacuation Pause) 1725M->707M(2048M) 14.880ms
[2025-07-30T16:37:36.798+0800][2.623s][info][gc,cpu      ] GC(61) User=0.02s Sys=0.00s Real=0.02s
[2025-07-30T16:37:36.798+0800][2.623s][info][safepoint   ] Safepoint "G1CollectForAllocation", Time since last: 37337800 ns, Reaching safepoint: 7100 ns, Cleanup: 2700 ns, At safepoint: 14924100 ns, Total: 14933900 ns
[2025-07-30T16:37:36.835+0800][2.661s][info][gc,start    ] GC(62) Pause Young (Normal) (G1 Evacuation Pause)
[2025-07-30T16:37:36.835+0800][2.661s][info][gc,task     ] GC(62) Using 1 workers of 1 for evacuation
[2025-07-30T16:37:36.850+0800][2.676s][info][gc,phases   ] GC(62)   Pre Evacuate Collection Set: 0.4ms
[2025-07-30T16:37:36.850+0800][2.676s][info][gc,phases   ] GC(62)   Merge Heap Roots: 0.1ms
[2025-07-30T16:37:36.850+0800][2.676s][info][gc,phases   ] GC(62)   Evacuate Collection Set: 13.7ms
[2025-07-30T16:37:36.850+0800][2.676s][info][gc,phases   ] GC(62)   Post Evacuate Collection Set: 0.7ms
[2025-07-30T16:37:36.850+0800][2.676s][info][gc,phases   ] GC(62)   Other: 0.1ms
[2025-07-30T16:37:36.850+0800][2.676s][info][gc,heap     ] GC(62) Eden regions: 1018->0(1018)
[2025-07-30T16:37:36.850+0800][2.676s][info][gc,heap     ] GC(62) Survivor regions: 146->146(146)
[2025-07-30T16:37:36.850+0800][2.676s][info][gc,heap     ] GC(62) Old regions: 559->559
[2025-07-30T16:37:36.850+0800][2.676s][info][gc,heap     ] GC(62) Humongous regions: 3->3
[2025-07-30T16:37:36.850+0800][2.676s][info][gc,metaspace] GC(62) Metaspace: 6942K(7296K)->6942K(7296K) NonClass: 6219K(6400K)->6219K(6400K) Class: 722K(896K)->722K(896K)
[2025-07-30T16:37:36.850+0800][2.676s][info][gc          ] GC(62) Pause Young (Normal) (G1 Evacuation Pause) 1725M->707M(2048M) 15.210ms
[2025-07-30T16:37:36.850+0800][2.676s][info][gc,cpu      ] GC(62) User=0.02s Sys=0.00s Real=0.01s
[2025-07-30T16:37:36.850+0800][2.676s][info][safepoint   ] Safepoint "G1CollectForAllocation", Time since last: 37727600 ns, Reaching safepoint: 3200 ns, Cleanup: 4200 ns, At safepoint: 15259200 ns, Total: 15266600 ns
[2025-07-30T16:37:36.887+0800][2.712s][info][gc,start    ] GC(63) Pause Young (Normal) (G1 Evacuation Pause)
[2025-07-30T16:37:36.888+0800][2.712s][info][gc,task     ] GC(63) Using 1 workers of 1 for evacuation
[2025-07-30T16:37:36.903+0800][2.728s][info][gc,phases   ] GC(63)   Pre Evacuate Collection Set: 0.4ms
[2025-07-30T16:37:36.903+0800][2.728s][info][gc,phases   ] GC(63)   Merge Heap Roots: 0.0ms
[2025-07-30T16:37:36.903+0800][2.728s][info][gc,phases   ] GC(63)   Evacuate Collection Set: 14.5ms
[2025-07-30T16:37:36.903+0800][2.728s][info][gc,phases   ] GC(63)   Post Evacuate Collection Set: 0.6ms
[2025-07-30T16:37:36.903+0800][2.728s][info][gc,phases   ] GC(63)   Other: 0.1ms
[2025-07-30T16:37:36.903+0800][2.728s][info][gc,heap     ] GC(63) Eden regions: 1018->0(1018)
[2025-07-30T16:37:36.903+0800][2.728s][info][gc,heap     ] GC(63) Survivor regions: 146->146(146)
[2025-07-30T16:37:36.903+0800][2.728s][info][gc,heap     ] GC(63) Old regions: 559->559
[2025-07-30T16:37:36.903+0800][2.728s][info][gc,heap     ] GC(63) Humongous regions: 3->3
[2025-07-30T16:37:36.903+0800][2.728s][info][gc,metaspace] GC(63) Metaspace: 6942K(7296K)->6942K(7296K) NonClass: 6219K(6400K)->6219K(6400K) Class: 722K(896K)->722K(896K)
[2025-07-30T16:37:36.903+0800][2.728s][info][gc          ] GC(63) Pause Young (Normal) (G1 Evacuation Pause) 1725M->707M(2048M) 15.832ms
[2025-07-30T16:37:36.903+0800][2.728s][info][gc,cpu      ] GC(63) User=0.02s Sys=0.00s Real=0.02s
[2025-07-30T16:37:36.903+0800][2.728s][info][safepoint   ] Safepoint "G1CollectForAllocation", Time since last: 35994500 ns, Reaching safepoint: 2600 ns, Cleanup: 3200 ns, At safepoint: 15873100 ns, Total: 15878900 ns
[2025-07-30T16:37:36.940+0800][2.765s][info][gc,start    ] GC(64) Pause Young (Normal) (G1 Evacuation Pause)
[2025-07-30T16:37:36.940+0800][2.765s][info][gc,task     ] GC(64) Using 1 workers of 1 for evacuation
[2025-07-30T16:37:36.955+0800][2.781s][info][gc,phases   ] GC(64)   Pre Evacuate Collection Set: 0.4ms
[2025-07-30T16:37:36.955+0800][2.781s][info][gc,phases   ] GC(64)   Merge Heap Roots: 0.1ms
[2025-07-30T16:37:36.955+0800][2.781s][info][gc,phases   ] GC(64)   Evacuate Collection Set: 14.3ms
[2025-07-30T16:37:36.955+0800][2.781s][info][gc,phases   ] GC(64)   Post Evacuate Collection Set: 0.7ms
[2025-07-30T16:37:36.955+0800][2.781s][info][gc,phases   ] GC(64)   Other: 0.1ms
[2025-07-30T16:37:36.955+0800][2.781s][info][gc,heap     ] GC(64) Eden regions: 1018->0(1018)
[2025-07-30T16:37:36.955+0800][2.781s][info][gc,heap     ] GC(64) Survivor regions: 146->146(146)
[2025-07-30T16:37:36.955+0800][2.781s][info][gc,heap     ] GC(64) Old regions: 559->559
[2025-07-30T16:37:36.955+0800][2.781s][info][gc,heap     ] GC(64) Humongous regions: 3->3
[2025-07-30T16:37:36.955+0800][2.781s][info][gc,metaspace] GC(64) Metaspace: 6942K(7296K)->6942K(7296K) NonClass: 6219K(6400K)->6219K(6400K) Class: 722K(896K)->722K(896K)
[2025-07-30T16:37:36.955+0800][2.781s][info][gc          ] GC(64) Pause Young (Normal) (G1 Evacuation Pause) 1725M->707M(2048M) 15.802ms
[2025-07-30T16:37:36.955+0800][2.781s][info][gc,cpu      ] GC(64) User=0.00s Sys=0.02s Real=0.01s
[2025-07-30T16:37:36.955+0800][2.781s][info][safepoint   ] Safepoint "G1CollectForAllocation", Time since last: 36545600 ns, Reaching safepoint: 3100 ns, Cleanup: 3500 ns, At safepoint: 15846700 ns, Total: 15853300 ns
[2025-07-30T16:37:36.992+0800][2.817s][info][gc,start    ] GC(65) Pause Young (Normal) (G1 Evacuation Pause)
[2025-07-30T16:37:36.992+0800][2.817s][info][gc,task     ] GC(65) Using 1 workers of 1 for evacuation
[2025-07-30T16:37:37.007+0800][2.833s][info][gc,phases   ] GC(65)   Pre Evacuate Collection Set: 0.3ms
[2025-07-30T16:37:37.007+0800][2.833s][info][gc,phases   ] GC(65)   Merge Heap Roots: 0.1ms
[2025-07-30T16:37:37.007+0800][2.833s][info][gc,phases   ] GC(65)   Evacuate Collection Set: 14.2ms
[2025-07-30T16:37:37.007+0800][2.833s][info][gc,phases   ] GC(65)   Post Evacuate Collection Set: 0.7ms
[2025-07-30T16:37:37.007+0800][2.833s][info][gc,phases   ] GC(65)   Other: 0.1ms
[2025-07-30T16:37:37.007+0800][2.833s][info][gc,heap     ] GC(65) Eden regions: 1018->0(1018)
[2025-07-30T16:37:37.007+0800][2.833s][info][gc,heap     ] GC(65) Survivor regions: 146->146(146)
[2025-07-30T16:37:37.007+0800][2.833s][info][gc,heap     ] GC(65) Old regions: 559->559
[2025-07-30T16:37:37.007+0800][2.833s][info][gc,heap     ] GC(65) Humongous regions: 3->3
[2025-07-30T16:37:37.007+0800][2.833s][info][gc,metaspace] GC(65) Metaspace: 6942K(7296K)->6942K(7296K) NonClass: 6219K(6400K)->6219K(6400K) Class: 722K(896K)->722K(896K)
[2025-07-30T16:37:37.007+0800][2.833s][info][gc          ] GC(65) Pause Young (Normal) (G1 Evacuation Pause) 1725M->707M(2048M) 15.575ms
[2025-07-30T16:37:37.007+0800][2.833s][info][gc,cpu      ] GC(65) User=0.02s Sys=0.00s Real=0.01s
[2025-07-30T16:37:37.007+0800][2.833s][info][safepoint   ] Safepoint "G1CollectForAllocation", Time since last: 36645900 ns, Reaching safepoint: 2400 ns, Cleanup: 2700 ns, At safepoint: 15614200 ns, Total: 15619300 ns
[2025-07-30T16:37:37.044+0800][2.869s][info][gc,start    ] GC(66) Pause Young (Normal) (G1 Evacuation Pause)
[2025-07-30T16:37:37.044+0800][2.869s][info][gc,task     ] GC(66) Using 1 workers of 1 for evacuation
[2025-07-30T16:37:37.059+0800][2.884s][info][gc,phases   ] GC(66)   Pre Evacuate Collection Set: 0.4ms
[2025-07-30T16:37:37.059+0800][2.884s][info][gc,phases   ] GC(66)   Merge Heap Roots: 0.1ms
[2025-07-30T16:37:37.059+0800][2.884s][info][gc,phases   ] GC(66)   Evacuate Collection Set: 13.8ms
[2025-07-30T16:37:37.059+0800][2.884s][info][gc,phases   ] GC(66)   Post Evacuate Collection Set: 0.7ms
[2025-07-30T16:37:37.059+0800][2.884s][info][gc,phases   ] GC(66)   Other: 0.1ms
[2025-07-30T16:37:37.059+0800][2.884s][info][gc,heap     ] GC(66) Eden regions: 1018->0(1018)
[2025-07-30T16:37:37.059+0800][2.884s][info][gc,heap     ] GC(66) Survivor regions: 146->146(146)
[2025-07-30T16:37:37.059+0800][2.884s][info][gc,heap     ] GC(66) Old regions: 559->559
[2025-07-30T16:37:37.059+0800][2.884s][info][gc,heap     ] GC(66) Humongous regions: 3->3
[2025-07-30T16:37:37.059+0800][2.884s][info][gc,metaspace] GC(66) Metaspace: 6942K(7296K)->6942K(7296K) NonClass: 6219K(6400K)->6219K(6400K) Class: 722K(896K)->722K(896K)
[2025-07-30T16:37:37.059+0800][2.884s][info][gc          ] GC(66) Pause Young (Normal) (G1 Evacuation Pause) 1725M->707M(2048M) 15.190ms
[2025-07-30T16:37:37.059+0800][2.884s][info][gc,cpu      ] GC(66) User=0.02s Sys=0.00s Real=0.02s
[2025-07-30T16:37:37.059+0800][2.884s][info][safepoint   ] Safepoint "G1CollectForAllocation", Time since last: 36272700 ns, Reaching safepoint: 2800 ns, Cleanup: 3900 ns, At safepoint: 15232500 ns, Total: 15239200 ns
[2025-07-30T16:37:37.097+0800][2.922s][info][gc,start    ] GC(67) Pause Young (Normal) (G1 Evacuation Pause)
[2025-07-30T16:37:37.097+0800][2.922s][info][gc,task     ] GC(67) Using 1 workers of 1 for evacuation
[2025-07-30T16:37:37.113+0800][2.938s][info][gc,phases   ] GC(67)   Pre Evacuate Collection Set: 0.4ms
[2025-07-30T16:37:37.113+0800][2.938s][info][gc,phases   ] GC(67)   Merge Heap Roots: 0.1ms
[2025-07-30T16:37:37.113+0800][2.938s][info][gc,phases   ] GC(67)   Evacuate Collection Set: 14.9ms
[2025-07-30T16:37:37.113+0800][2.939s][info][gc,phases   ] GC(67)   Post Evacuate Collection Set: 0.7ms
[2025-07-30T16:37:37.113+0800][2.939s][info][gc,phases   ] GC(67)   Other: 0.1ms
[2025-07-30T16:37:37.113+0800][2.939s][info][gc,heap     ] GC(67) Eden regions: 1018->0(1018)
[2025-07-30T16:37:37.113+0800][2.939s][info][gc,heap     ] GC(67) Survivor regions: 146->146(146)
[2025-07-30T16:37:37.113+0800][2.939s][info][gc,heap     ] GC(67) Old regions: 559->559
[2025-07-30T16:37:37.113+0800][2.939s][info][gc,heap     ] GC(67) Humongous regions: 3->3
[2025-07-30T16:37:37.113+0800][2.939s][info][gc,metaspace] GC(67) Metaspace: 6942K(7296K)->6942K(7296K) NonClass: 6219K(6400K)->6219K(6400K) Class: 722K(896K)->722K(896K)
[2025-07-30T16:37:37.113+0800][2.939s][info][gc          ] GC(67) Pause Young (Normal) (G1 Evacuation Pause) 1725M->707M(2048M) 16.306ms
[2025-07-30T16:37:37.113+0800][2.939s][info][gc,cpu      ] GC(67) User=0.02s Sys=0.00s Real=0.02s
[2025-07-30T16:37:37.113+0800][2.939s][info][safepoint   ] Safepoint "G1CollectForAllocation", Time since last: 37793600 ns, Reaching safepoint: 3200 ns, Cleanup: 3000 ns, At safepoint: 16356000 ns, Total: 16362200 ns
[2025-07-30T16:37:37.150+0800][2.975s][info][gc,start    ] GC(68) Pause Young (Normal) (G1 Evacuation Pause)
[2025-07-30T16:37:37.150+0800][2.976s][info][gc,task     ] GC(68) Using 1 workers of 1 for evacuation
[2025-07-30T16:37:37.166+0800][2.991s][info][gc,phases   ] GC(68)   Pre Evacuate Collection Set: 0.4ms
[2025-07-30T16:37:37.166+0800][2.991s][info][gc,phases   ] GC(68)   Merge Heap Roots: 0.1ms
[2025-07-30T16:37:37.166+0800][2.991s][info][gc,phases   ] GC(68)   Evacuate Collection Set: 14.4ms
[2025-07-30T16:37:37.166+0800][2.991s][info][gc,phases   ] GC(68)   Post Evacuate Collection Set: 0.6ms
[2025-07-30T16:37:37.166+0800][2.991s][info][gc,phases   ] GC(68)   Other: 0.1ms
[2025-07-30T16:37:37.166+0800][2.991s][info][gc,heap     ] GC(68) Eden regions: 1018->0(1017)
[2025-07-30T16:37:37.166+0800][2.991s][info][gc,heap     ] GC(68) Survivor regions: 146->146(146)
[2025-07-30T16:37:37.166+0800][2.991s][info][gc,heap     ] GC(68) Old regions: 559->560
[2025-07-30T16:37:37.166+0800][2.991s][info][gc,heap     ] GC(68) Humongous regions: 3->3
[2025-07-30T16:37:37.166+0800][2.991s][info][gc,metaspace] GC(68) Metaspace: 6942K(7296K)->6942K(7296K) NonClass: 6219K(6400K)->6219K(6400K) Class: 722K(896K)->722K(896K)
[2025-07-30T16:37:37.166+0800][2.991s][info][gc          ] GC(68) Pause Young (Normal) (G1 Evacuation Pause) 1725M->708M(2048M) 15.741ms
[2025-07-30T16:37:37.166+0800][2.991s][info][gc,cpu      ] GC(68) User=0.02s Sys=0.00s Real=0.02s
[2025-07-30T16:37:37.166+0800][2.991s][info][safepoint   ] Safepoint "G1CollectForAllocation", Time since last: 36851700 ns, Reaching safepoint: 2700 ns, Cleanup: 3300 ns, At safepoint: 15781600 ns, Total: 15787600 ns
[2025-07-30T16:37:37.202+0800][3.028s][info][gc,start    ] GC(69) Pause Young (Normal) (G1 Evacuation Pause)
[2025-07-30T16:37:37.202+0800][3.028s][info][gc,task     ] GC(69) Using 1 workers of 1 for evacuation
[2025-07-30T16:37:37.219+0800][3.044s][info][gc,phases   ] GC(69)   Pre Evacuate Collection Set: 0.5ms
[2025-07-30T16:37:37.219+0800][3.044s][info][gc,phases   ] GC(69)   Merge Heap Roots: 0.1ms
[2025-07-30T16:37:37.219+0800][3.044s][info][gc,phases   ] GC(69)   Evacuate Collection Set: 14.7ms
[2025-07-30T16:37:37.219+0800][3.044s][info][gc,phases   ] GC(69)   Post Evacuate Collection Set: 0.8ms
[2025-07-30T16:37:37.219+0800][3.044s][info][gc,phases   ] GC(69)   Other: 0.1ms
[2025-07-30T16:37:37.219+0800][3.044s][info][gc,heap     ] GC(69) Eden regions: 1017->0(1017)
[2025-07-30T16:37:37.219+0800][3.044s][info][gc,heap     ] GC(69) Survivor regions: 146->146(146)
[2025-07-30T16:37:37.219+0800][3.044s][info][gc,heap     ] GC(69) Old regions: 560->560
[2025-07-30T16:37:37.219+0800][3.044s][info][gc,heap     ] GC(69) Humongous regions: 3->3
[2025-07-30T16:37:37.219+0800][3.044s][info][gc,metaspace] GC(69) Metaspace: 6942K(7296K)->6942K(7296K) NonClass: 6219K(6400K)->6219K(6400K) Class: 722K(896K)->722K(896K)
[2025-07-30T16:37:37.219+0800][3.044s][info][gc          ] GC(69) Pause Young (Normal) (G1 Evacuation Pause) 1725M->708M(2048M) 16.485ms
[2025-07-30T16:37:37.219+0800][3.044s][info][gc,cpu      ] GC(69) User=0.02s Sys=0.00s Real=0.02s
[2025-07-30T16:37:37.219+0800][3.044s][info][safepoint   ] Safepoint "G1CollectForAllocation", Time since last: 36245000 ns, Reaching safepoint: 4200 ns, Cleanup: 5500 ns, At safepoint: 16531300 ns, Total: 16541000 ns
[2025-07-30T16:37:37.257+0800][3.083s][info][gc,start    ] GC(70) Pause Young (Normal) (G1 Evacuation Pause)
[2025-07-30T16:37:37.258+0800][3.083s][info][gc,task     ] GC(70) Using 1 workers of 1 for evacuation
[2025-07-30T16:37:37.272+0800][3.098s][info][gc,phases   ] GC(70)   Pre Evacuate Collection Set: 0.3ms
[2025-07-30T16:37:37.272+0800][3.098s][info][gc,phases   ] GC(70)   Merge Heap Roots: 0.0ms
[2025-07-30T16:37:37.272+0800][3.098s][info][gc,phases   ] GC(70)   Evacuate Collection Set: 13.7ms
[2025-07-30T16:37:37.272+0800][3.098s][info][gc,phases   ] GC(70)   Post Evacuate Collection Set: 0.6ms
[2025-07-30T16:37:37.272+0800][3.098s][info][gc,phases   ] GC(70)   Other: 0.1ms
[2025-07-30T16:37:37.272+0800][3.098s][info][gc,heap     ] GC(70) Eden regions: 1017->0(1018)
[2025-07-30T16:37:37.272+0800][3.098s][info][gc,heap     ] GC(70) Survivor regions: 146->145(146)
[2025-07-30T16:37:37.272+0800][3.098s][info][gc,heap     ] GC(70) Old regions: 560->560
[2025-07-30T16:37:37.272+0800][3.098s][info][gc,heap     ] GC(70) Humongous regions: 3->3
[2025-07-30T16:37:37.272+0800][3.098s][info][gc,metaspace] GC(70) Metaspace: 6942K(7296K)->6942K(7296K) NonClass: 6219K(6400K)->6219K(6400K) Class: 722K(896K)->722K(896K)
[2025-07-30T16:37:37.272+0800][3.098s][info][gc          ] GC(70) Pause Young (Normal) (G1 Evacuation Pause) 1725M->707M(2048M) 14.931ms
[2025-07-30T16:37:37.272+0800][3.098s][info][gc,cpu      ] GC(70) User=0.02s Sys=0.00s Real=0.02s
[2025-07-30T16:37:37.272+0800][3.098s][info][safepoint   ] Safepoint "G1CollectForAllocation", Time since last: 38915300 ns, Reaching safepoint: 2600 ns, Cleanup: 2900 ns, At safepoint: 14969400 ns, Total: 14974900 ns
[2025-07-30T16:37:37.309+0800][3.134s][info][gc,start    ] GC(71) Pause Young (Normal) (G1 Evacuation Pause)
[2025-07-30T16:37:37.309+0800][3.134s][info][gc,task     ] GC(71) Using 1 workers of 1 for evacuation
[2025-07-30T16:37:37.324+0800][3.149s][info][gc,phases   ] GC(71)   Pre Evacuate Collection Set: 0.3ms
[2025-07-30T16:37:37.324+0800][3.149s][info][gc,phases   ] GC(71)   Merge Heap Roots: 0.0ms
[2025-07-30T16:37:37.324+0800][3.149s][info][gc,phases   ] GC(71)   Evacuate Collection Set: 13.8ms
[2025-07-30T16:37:37.324+0800][3.149s][info][gc,phases   ] GC(71)   Post Evacuate Collection Set: 0.6ms
[2025-07-30T16:37:37.324+0800][3.149s][info][gc,phases   ] GC(71)   Other: 0.1ms
[2025-07-30T16:37:37.324+0800][3.149s][info][gc,heap     ] GC(71) Eden regions: 1018->0(1019)
[2025-07-30T16:37:37.324+0800][3.149s][info][gc,heap     ] GC(71) Survivor regions: 145->145(146)
[2025-07-30T16:37:37.324+0800][3.149s][info][gc,heap     ] GC(71) Old regions: 560->560
[2025-07-30T16:37:37.324+0800][3.149s][info][gc,heap     ] GC(71) Humongous regions: 3->3
[2025-07-30T16:37:37.324+0800][3.149s][info][gc,metaspace] GC(71) Metaspace: 6942K(7296K)->6942K(7296K) NonClass: 6219K(6400K)->6219K(6400K) Class: 722K(896K)->722K(896K)
[2025-07-30T16:37:37.324+0800][3.149s][info][gc          ] GC(71) Pause Young (Normal) (G1 Evacuation Pause) 1725M->707M(2048M) 15.048ms
[2025-07-30T16:37:37.324+0800][3.149s][info][gc,cpu      ] GC(71) User=0.02s Sys=0.00s Real=0.01s
[2025-07-30T16:37:37.324+0800][3.149s][info][safepoint   ] Safepoint "G1CollectForAllocation", Time since last: 36328100 ns, Reaching safepoint: 2300 ns, Cleanup: 2800 ns, At safepoint: 15086000 ns, Total: 15091100 ns
[2025-07-30T16:37:37.359+0800][3.186s][info][gc,start    ] GC(72) Pause Young (Normal) (G1 Evacuation Pause)
[2025-07-30T16:37:37.359+0800][3.186s][info][gc,task     ] GC(72) Using 1 workers of 1 for evacuation
[2025-07-30T16:37:37.375+0800][3.200s][info][gc,phases   ] GC(72)   Pre Evacuate Collection Set: 0.3ms
[2025-07-30T16:37:37.375+0800][3.200s][info][gc,phases   ] GC(72)   Merge Heap Roots: 0.0ms
[2025-07-30T16:37:37.375+0800][3.200s][info][gc,phases   ] GC(72)   Evacuate Collection Set: 13.7ms
[2025-07-30T16:37:37.375+0800][3.200s][info][gc,phases   ] GC(72)   Post Evacuate Collection Set: 0.6ms
[2025-07-30T16:37:37.375+0800][3.200s][info][gc,phases   ] GC(72)   Other: 0.1ms
[2025-07-30T16:37:37.375+0800][3.200s][info][gc,heap     ] GC(72) Eden regions: 1019->0(1018)
[2025-07-30T16:37:37.375+0800][3.200s][info][gc,heap     ] GC(72) Survivor regions: 145->146(146)
[2025-07-30T16:37:37.375+0800][3.200s][info][gc,heap     ] GC(72) Old regions: 560->560
[2025-07-30T16:37:37.375+0800][3.200s][info][gc,heap     ] GC(72) Humongous regions: 3->3
[2025-07-30T16:37:37.375+0800][3.200s][info][gc,metaspace] GC(72) Metaspace: 6942K(7296K)->6942K(7296K) NonClass: 6219K(6400K)->6219K(6400K) Class: 722K(896K)->722K(896K)
[2025-07-30T16:37:37.375+0800][3.200s][info][gc          ] GC(72) Pause Young (Normal) (G1 Evacuation Pause) 1726M->708M(2048M) 14.843ms
[2025-07-30T16:37:37.375+0800][3.200s][info][gc,cpu      ] GC(72) User=0.00s Sys=0.00s Real=0.02s
[2025-07-30T16:37:37.375+0800][3.200s][info][safepoint   ] Safepoint "G1CollectForAllocation", Time since last: 36239700 ns, Reaching safepoint: 1900 ns, Cleanup: 2500 ns, At safepoint: 14879600 ns, Total: 14884000 ns
[2025-07-30T16:37:37.411+0800][3.237s][info][gc,start    ] GC(73) Pause Young (Normal) (G1 Evacuation Pause)
[2025-07-30T16:37:37.411+0800][3.237s][info][gc,task     ] GC(73) Using 1 workers of 1 for evacuation
[2025-07-30T16:37:37.427+0800][3.252s][info][gc,phases   ] GC(73)   Pre Evacuate Collection Set: 0.3ms
[2025-07-30T16:37:37.427+0800][3.252s][info][gc,phases   ] GC(73)   Merge Heap Roots: 0.0ms
[2025-07-30T16:37:37.427+0800][3.252s][info][gc,phases   ] GC(73)   Evacuate Collection Set: 14.4ms
[2025-07-30T16:37:37.427+0800][3.252s][info][gc,phases   ] GC(73)   Post Evacuate Collection Set: 0.7ms
[2025-07-30T16:37:37.427+0800][3.252s][info][gc,phases   ] GC(73)   Other: 0.1ms
[2025-07-30T16:37:37.427+0800][3.252s][info][gc,heap     ] GC(73) Eden regions: 1018->0(1017)
[2025-07-30T16:37:37.427+0800][3.252s][info][gc,heap     ] GC(73) Survivor regions: 146->146(146)
[2025-07-30T16:37:37.427+0800][3.252s][info][gc,heap     ] GC(73) Old regions: 560->560
[2025-07-30T16:37:37.427+0800][3.252s][info][gc,heap     ] GC(73) Humongous regions: 3->3
[2025-07-30T16:37:37.427+0800][3.252s][info][gc,metaspace] GC(73) Metaspace: 6942K(7296K)->6942K(7296K) NonClass: 6219K(6400K)->6219K(6400K) Class: 722K(896K)->722K(896K)
[2025-07-30T16:37:37.427+0800][3.252s][info][gc          ] GC(73) Pause Young (Normal) (G1 Evacuation Pause) 1726M->708M(2048M) 15.697ms
[2025-07-30T16:37:37.427+0800][3.252s][info][gc,cpu      ] GC(73) User=0.02s Sys=0.00s Real=0.02s
[2025-07-30T16:37:37.427+0800][3.252s][info][safepoint   ] Safepoint "G1CollectForAllocation", Time since last: 36184500 ns, Reaching safepoint: 2000 ns, Cleanup: 2700 ns, At safepoint: 15735900 ns, Total: 15740600 ns
[2025-07-30T16:37:37.464+0800][3.289s][info][gc,start    ] GC(74) Pause Young (Normal) (G1 Evacuation Pause)
[2025-07-30T16:37:37.464+0800][3.289s][info][gc,task     ] GC(74) Using 1 workers of 1 for evacuation
[2025-07-30T16:37:37.479+0800][3.304s][info][gc,phases   ] GC(74)   Pre Evacuate Collection Set: 0.4ms
[2025-07-30T16:37:37.479+0800][3.304s][info][gc,phases   ] GC(74)   Merge Heap Roots: 0.1ms
[2025-07-30T16:37:37.479+0800][3.304s][info][gc,phases   ] GC(74)   Evacuate Collection Set: 14.2ms
[2025-07-30T16:37:37.479+0800][3.304s][info][gc,phases   ] GC(74)   Post Evacuate Collection Set: 0.7ms
[2025-07-30T16:37:37.480+0800][3.304s][info][gc,phases   ] GC(74)   Other: 0.1ms
[2025-07-30T16:37:37.480+0800][3.305s][info][gc,heap     ] GC(74) Eden regions: 1017->0(1018)
[2025-07-30T16:37:37.480+0800][3.305s][info][gc,heap     ] GC(74) Survivor regions: 146->146(146)
[2025-07-30T16:37:37.480+0800][3.305s][info][gc,heap     ] GC(74) Old regions: 560->560
[2025-07-30T16:37:37.480+0800][3.305s][info][gc,heap     ] GC(74) Humongous regions: 3->3
[2025-07-30T16:37:37.480+0800][3.305s][info][gc,metaspace] GC(74) Metaspace: 6942K(7296K)->6942K(7296K) NonClass: 6219K(6400K)->6219K(6400K) Class: 722K(896K)->722K(896K)
[2025-07-30T16:37:37.480+0800][3.305s][info][gc          ] GC(74) Pause Young (Normal) (G1 Evacuation Pause) 1725M->707M(2048M) 15.682ms
[2025-07-30T16:37:37.480+0800][3.305s][info][gc,cpu      ] GC(74) User=0.02s Sys=0.00s Real=0.02s
[2025-07-30T16:37:37.480+0800][3.305s][info][safepoint   ] Safepoint "G1CollectForAllocation", Time since last: 36462300 ns, Reaching safepoint: 3900 ns, Cleanup: 4400 ns, At safepoint: 15727000 ns, Total: 15735300 ns
[2025-07-30T16:37:37.516+0800][3.342s][info][gc,start    ] GC(75) Pause Young (Normal) (G1 Evacuation Pause)
[2025-07-30T16:37:37.516+0800][3.342s][info][gc,task     ] GC(75) Using 1 workers of 1 for evacuation
[2025-07-30T16:37:37.532+0800][3.358s][info][gc,phases   ] GC(75)   Pre Evacuate Collection Set: 0.5ms
[2025-07-30T16:37:37.532+0800][3.358s][info][gc,phases   ] GC(75)   Merge Heap Roots: 0.1ms
[2025-07-30T16:37:37.532+0800][3.358s][info][gc,phases   ] GC(75)   Evacuate Collection Set: 13.9ms
[2025-07-30T16:37:37.532+0800][3.358s][info][gc,phases   ] GC(75)   Post Evacuate Collection Set: 1.0ms
[2025-07-30T16:37:37.532+0800][3.358s][info][gc,phases   ] GC(75)   Other: 0.1ms
[2025-07-30T16:37:37.532+0800][3.358s][info][gc,heap     ] GC(75) Eden regions: 1018->0(1018)
[2025-07-30T16:37:37.532+0800][3.358s][info][gc,heap     ] GC(75) Survivor regions: 146->146(146)
[2025-07-30T16:37:37.532+0800][3.358s][info][gc,heap     ] GC(75) Old regions: 560->560
[2025-07-30T16:37:37.532+0800][3.358s][info][gc,heap     ] GC(75) Humongous regions: 3->3
[2025-07-30T16:37:37.532+0800][3.358s][info][gc,metaspace] GC(75) Metaspace: 6942K(7296K)->6942K(7296K) NonClass: 6219K(6400K)->6219K(6400K) Class: 722K(896K)->722K(896K)
[2025-07-30T16:37:37.532+0800][3.358s][info][gc          ] GC(75) Pause Young (Normal) (G1 Evacuation Pause) 1725M->707M(2048M) 15.798ms
[2025-07-30T16:37:37.532+0800][3.358s][info][gc,cpu      ] GC(75) User=0.02s Sys=0.00s Real=0.02s
[2025-07-30T16:37:37.532+0800][3.358s][info][safepoint   ] Safepoint "G1CollectForAllocation", Time since last: 37268800 ns, Reaching safepoint: 3700 ns, Cleanup: 4500 ns, At safepoint: 15845100 ns, Total: 15853300 ns
[2025-07-30T16:37:37.570+0800][3.395s][info][gc,start    ] GC(76) Pause Young (Normal) (G1 Evacuation Pause)
[2025-07-30T16:37:37.570+0800][3.395s][info][gc,task     ] GC(76) Using 1 workers of 1 for evacuation
[2025-07-30T16:37:37.585+0800][3.410s][info][gc,phases   ] GC(76)   Pre Evacuate Collection Set: 0.5ms
[2025-07-30T16:37:37.585+0800][3.410s][info][gc,phases   ] GC(76)   Merge Heap Roots: 0.1ms
[2025-07-30T16:37:37.585+0800][3.410s][info][gc,phases   ] GC(76)   Evacuate Collection Set: 13.9ms
[2025-07-30T16:37:37.585+0800][3.410s][info][gc,phases   ] GC(76)   Post Evacuate Collection Set: 0.7ms
[2025-07-30T16:37:37.585+0800][3.410s][info][gc,phases   ] GC(76)   Other: 0.1ms
[2025-07-30T16:37:37.585+0800][3.410s][info][gc,heap     ] GC(76) Eden regions: 1018->0(1018)
[2025-07-30T16:37:37.585+0800][3.410s][info][gc,heap     ] GC(76) Survivor regions: 146->146(146)
[2025-07-30T16:37:37.585+0800][3.410s][info][gc,heap     ] GC(76) Old regions: 560->560
[2025-07-30T16:37:37.585+0800][3.410s][info][gc,heap     ] GC(76) Humongous regions: 3->3
[2025-07-30T16:37:37.585+0800][3.410s][info][gc,metaspace] GC(76) Metaspace: 6942K(7296K)->6942K(7296K) NonClass: 6219K(6400K)->6219K(6400K) Class: 722K(896K)->722K(896K)
[2025-07-30T16:37:37.585+0800][3.410s][info][gc          ] GC(76) Pause Young (Normal) (G1 Evacuation Pause) 1725M->707M(2048M) 15.424ms
[2025-07-30T16:37:37.585+0800][3.410s][info][gc,cpu      ] GC(76) User=0.02s Sys=0.00s Real=0.02s
[2025-07-30T16:37:37.585+0800][3.410s][info][safepoint   ] Safepoint "G1CollectForAllocation", Time since last: 37034300 ns, Reaching safepoint: 4100 ns, Cleanup: 4900 ns, At safepoint: 15471000 ns, Total: 15480000 ns
[2025-07-30T16:37:37.624+0800][3.450s][info][gc,start    ] GC(77) Pause Young (Normal) (G1 Evacuation Pause)
[2025-07-30T16:37:37.624+0800][3.450s][info][gc,task     ] GC(77) Using 1 workers of 1 for evacuation
[2025-07-30T16:37:37.640+0800][3.466s][info][gc,phases   ] GC(77)   Pre Evacuate Collection Set: 0.5ms
[2025-07-30T16:37:37.640+0800][3.466s][info][gc,phases   ] GC(77)   Merge Heap Roots: 0.1ms
[2025-07-30T16:37:37.640+0800][3.466s][info][gc,phases   ] GC(77)   Evacuate Collection Set: 14.7ms
[2025-07-30T16:37:37.640+0800][3.466s][info][gc,phases   ] GC(77)   Post Evacuate Collection Set: 1.0ms
[2025-07-30T16:37:37.640+0800][3.466s][info][gc,phases   ] GC(77)   Other: 0.1ms
[2025-07-30T16:37:37.640+0800][3.466s][info][gc,heap     ] GC(77) Eden regions: 1018->0(1018)
[2025-07-30T16:37:37.640+0800][3.466s][info][gc,heap     ] GC(77) Survivor regions: 146->146(146)
[2025-07-30T16:37:37.640+0800][3.466s][info][gc,heap     ] GC(77) Old regions: 560->560
[2025-07-30T16:37:37.640+0800][3.466s][info][gc,heap     ] GC(77) Humongous regions: 3->3
[2025-07-30T16:37:37.640+0800][3.466s][info][gc,metaspace] GC(77) Metaspace: 6944K(7296K)->6944K(7296K) NonClass: 6221K(6400K)->6221K(6400K) Class: 722K(896K)->722K(896K)
[2025-07-30T16:37:37.640+0800][3.466s][info][gc          ] GC(77) Pause Young (Normal) (G1 Evacuation Pause) 1725M->707M(2048M) 16.582ms
[2025-07-30T16:37:37.640+0800][3.466s][info][gc,cpu      ] GC(77) User=0.02s Sys=0.02s Real=0.02s
[2025-07-30T16:37:37.640+0800][3.466s][info][safepoint   ] Safepoint "G1CollectForAllocation", Time since last: 39258800 ns, Reaching safepoint: 3500 ns, Cleanup: 4600 ns, At safepoint: 16624200 ns, Total: 16632300 ns
[2025-07-30T16:37:37.678+0800][3.503s][info][gc,start    ] GC(78) Pause Young (Normal) (G1 Evacuation Pause)
[2025-07-30T16:37:37.678+0800][3.503s][info][gc,task     ] GC(78) Using 1 workers of 1 for evacuation
[2025-07-30T16:37:37.693+0800][3.518s][info][gc,phases   ] GC(78)   Pre Evacuate Collection Set: 0.4ms
[2025-07-30T16:37:37.693+0800][3.518s][info][gc,phases   ] GC(78)   Merge Heap Roots: 0.1ms
[2025-07-30T16:37:37.693+0800][3.518s][info][gc,phases   ] GC(78)   Evacuate Collection Set: 14.0ms
[2025-07-30T16:37:37.693+0800][3.519s][info][gc,phases   ] GC(78)   Post Evacuate Collection Set: 0.7ms
[2025-07-30T16:37:37.693+0800][3.519s][info][gc,phases   ] GC(78)   Other: 0.1ms
[2025-07-30T16:37:37.693+0800][3.519s][info][gc,heap     ] GC(78) Eden regions: 1018->0(1019)
[2025-07-30T16:37:37.693+0800][3.519s][info][gc,heap     ] GC(78) Survivor regions: 146->146(146)
[2025-07-30T16:37:37.693+0800][3.519s][info][gc,heap     ] GC(78) Old regions: 560->560
[2025-07-30T16:37:37.693+0800][3.519s][info][gc,heap     ] GC(78) Humongous regions: 3->3
[2025-07-30T16:37:37.693+0800][3.519s][info][gc,metaspace] GC(78) Metaspace: 6968K(7296K)->6968K(7296K) NonClass: 6246K(6400K)->6246K(6400K) Class: 722K(896K)->722K(896K)
[2025-07-30T16:37:37.693+0800][3.519s][info][gc          ] GC(78) Pause Young (Normal) (G1 Evacuation Pause) 1725M->707M(2048M) 15.486ms
[2025-07-30T16:37:37.693+0800][3.519s][info][gc,cpu      ] GC(78) User=0.02s Sys=0.00s Real=0.02s
[2025-07-30T16:37:37.693+0800][3.519s][info][safepoint   ] Safepoint "G1CollectForAllocation", Time since last: 36937900 ns, Reaching safepoint: 3600 ns, Cleanup: 11700 ns, At safepoint: 15531500 ns, Total: 15546800 ns
[2025-07-30T16:37:37.730+0800][3.555s][info][gc,start    ] GC(79) Pause Young (Normal) (G1 Evacuation Pause)
[2025-07-30T16:37:37.730+0800][3.556s][info][gc,task     ] GC(79) Using 1 workers of 1 for evacuation
[2025-07-30T16:37:37.746+0800][3.571s][info][gc,phases   ] GC(79)   Pre Evacuate Collection Set: 0.5ms
[2025-07-30T16:37:37.746+0800][3.571s][info][gc,phases   ] GC(79)   Merge Heap Roots: 0.1ms
[2025-07-30T16:37:37.746+0800][3.571s][info][gc,phases   ] GC(79)   Evacuate Collection Set: 14.0ms
[2025-07-30T16:37:37.746+0800][3.571s][info][gc,phases   ] GC(79)   Post Evacuate Collection Set: 0.7ms
[2025-07-30T16:37:37.746+0800][3.571s][info][gc,phases   ] GC(79)   Other: 0.1ms
[2025-07-30T16:37:37.746+0800][3.571s][info][gc,heap     ] GC(79) Eden regions: 1019->0(1018)
[2025-07-30T16:37:37.746+0800][3.571s][info][gc,heap     ] GC(79) Survivor regions: 146->146(146)
[2025-07-30T16:37:37.746+0800][3.571s][info][gc,heap     ] GC(79) Old regions: 560->560
[2025-07-30T16:37:37.746+0800][3.571s][info][gc,heap     ] GC(79) Humongous regions: 3->3
[2025-07-30T16:37:37.746+0800][3.571s][info][gc,metaspace] GC(79) Metaspace: 6968K(7296K)->6968K(7296K) NonClass: 6246K(6400K)->6246K(6400K) Class: 722K(896K)->722K(896K)
[2025-07-30T16:37:37.746+0800][3.571s][info][gc          ] GC(79) Pause Young (Normal) (G1 Evacuation Pause) 1726M->708M(2048M) 15.483ms
[2025-07-30T16:37:37.746+0800][3.571s][info][gc,cpu      ] GC(79) User=0.02s Sys=0.00s Real=0.02s
[2025-07-30T16:37:37.746+0800][3.571s][info][safepoint   ] Safepoint "G1CollectForAllocation", Time since last: 36840500 ns, Reaching safepoint: 4100 ns, Cleanup: 4600 ns, At safepoint: 15534300 ns, Total: 15543000 ns
[2025-07-30T16:37:37.782+0800][3.608s][info][gc,start    ] GC(80) Pause Young (Normal) (G1 Evacuation Pause)
[2025-07-30T16:37:37.782+0800][3.608s][info][gc,task     ] GC(80) Using 1 workers of 1 for evacuation
[2025-07-30T16:37:37.797+0800][3.622s][info][gc,phases   ] GC(80)   Pre Evacuate Collection Set: 0.3ms
[2025-07-30T16:37:37.797+0800][3.622s][info][gc,phases   ] GC(80)   Merge Heap Roots: 0.0ms
[2025-07-30T16:37:37.797+0800][3.622s][info][gc,phases   ] GC(80)   Evacuate Collection Set: 13.7ms
[2025-07-30T16:37:37.797+0800][3.622s][info][gc,phases   ] GC(80)   Post Evacuate Collection Set: 0.6ms
[2025-07-30T16:37:37.797+0800][3.622s][info][gc,phases   ] GC(80)   Other: 0.1ms
[2025-07-30T16:37:37.797+0800][3.622s][info][gc,heap     ] GC(80) Eden regions: 1018->0(1017)
[2025-07-30T16:37:37.797+0800][3.622s][info][gc,heap     ] GC(80) Survivor regions: 146->146(146)
[2025-07-30T16:37:37.797+0800][3.622s][info][gc,heap     ] GC(80) Old regions: 560->560
[2025-07-30T16:37:37.797+0800][3.622s][info][gc,heap     ] GC(80) Humongous regions: 3->3
[2025-07-30T16:37:37.797+0800][3.622s][info][gc,metaspace] GC(80) Metaspace: 6968K(7296K)->6968K(7296K) NonClass: 6246K(6400K)->6246K(6400K) Class: 722K(896K)->722K(896K)
[2025-07-30T16:37:37.797+0800][3.622s][info][gc          ] GC(80) Pause Young (Normal) (G1 Evacuation Pause) 1726M->708M(2048M) 14.932ms
[2025-07-30T16:37:37.797+0800][3.623s][info][gc,cpu      ] GC(80) User=0.02s Sys=0.00s Real=0.01s
[2025-07-30T16:37:37.797+0800][3.623s][info][safepoint   ] Safepoint "G1CollectForAllocation", Time since last: 36544900 ns, Reaching safepoint: 2100 ns, Cleanup: 2800 ns, At safepoint: 14971700 ns, Total: 14976600 ns
[2025-07-30T16:37:37.834+0800][3.660s][info][gc,start    ] GC(81) Pause Young (Normal) (G1 Evacuation Pause)
[2025-07-30T16:37:37.834+0800][3.660s][info][gc,task     ] GC(81) Using 1 workers of 1 for evacuation
[2025-07-30T16:37:37.849+0800][3.675s][info][gc,phases   ] GC(81)   Pre Evacuate Collection Set: 0.3ms
[2025-07-30T16:37:37.849+0800][3.675s][info][gc,phases   ] GC(81)   Merge Heap Roots: 0.0ms
[2025-07-30T16:37:37.849+0800][3.675s][info][gc,phases   ] GC(81)   Evacuate Collection Set: 13.7ms
[2025-07-30T16:37:37.849+0800][3.675s][info][gc,phases   ] GC(81)   Post Evacuate Collection Set: 0.6ms
[2025-07-30T16:37:37.849+0800][3.675s][info][gc,phases   ] GC(81)   Other: 0.1ms
[2025-07-30T16:37:37.849+0800][3.675s][info][gc,heap     ] GC(81) Eden regions: 1017->0(1017)
[2025-07-30T16:37:37.849+0800][3.675s][info][gc,heap     ] GC(81) Survivor regions: 146->146(146)
[2025-07-30T16:37:37.849+0800][3.675s][info][gc,heap     ] GC(81) Old regions: 560->560
[2025-07-30T16:37:37.849+0800][3.675s][info][gc,heap     ] GC(81) Humongous regions: 3->3
[2025-07-30T16:37:37.849+0800][3.675s][info][gc,metaspace] GC(81) Metaspace: 6968K(7296K)->6968K(7296K) NonClass: 6246K(6400K)->6246K(6400K) Class: 722K(896K)->722K(896K)
[2025-07-30T16:37:37.849+0800][3.675s][info][gc          ] GC(81) Pause Young (Normal) (G1 Evacuation Pause) 1725M->708M(2048M) 14.918ms
[2025-07-30T16:37:37.849+0800][3.675s][info][gc,cpu      ] GC(81) User=0.02s Sys=0.00s Real=0.01s
[2025-07-30T16:37:37.849+0800][3.675s][info][safepoint   ] Safepoint "G1CollectForAllocation", Time since last: 37431900 ns, Reaching safepoint: 1900 ns, Cleanup: 2700 ns, At safepoint: 14957300 ns, Total: 14961900 ns
[2025-07-30T16:37:37.886+0800][3.711s][info][gc,start    ] GC(82) Pause Young (Normal) (G1 Evacuation Pause)
[2025-07-30T16:37:37.886+0800][3.711s][info][gc,task     ] GC(82) Using 1 workers of 1 for evacuation
[2025-07-30T16:37:37.901+0800][3.726s][info][gc,phases   ] GC(82)   Pre Evacuate Collection Set: 0.3ms
[2025-07-30T16:37:37.901+0800][3.726s][info][gc,phases   ] GC(82)   Merge Heap Roots: 0.0ms
[2025-07-30T16:37:37.901+0800][3.726s][info][gc,phases   ] GC(82)   Evacuate Collection Set: 13.8ms
[2025-07-30T16:37:37.901+0800][3.726s][info][gc,phases   ] GC(82)   Post Evacuate Collection Set: 0.6ms
[2025-07-30T16:37:37.901+0800][3.726s][info][gc,phases   ] GC(82)   Other: 0.1ms
[2025-07-30T16:37:37.901+0800][3.726s][info][gc,heap     ] GC(82) Eden regions: 1017->0(1019)
[2025-07-30T16:37:37.901+0800][3.726s][info][gc,heap     ] GC(82) Survivor regions: 146->145(146)
[2025-07-30T16:37:37.901+0800][3.726s][info][gc,heap     ] GC(82) Old regions: 560->560
[2025-07-30T16:37:37.901+0800][3.726s][info][gc,heap     ] GC(82) Humongous regions: 3->3
[2025-07-30T16:37:37.901+0800][3.726s][info][gc,metaspace] GC(82) Metaspace: 6968K(7296K)->6968K(7296K) NonClass: 6246K(6400K)->6246K(6400K) Class: 722K(896K)->722K(896K)
[2025-07-30T16:37:37.901+0800][3.726s][info][gc          ] GC(82) Pause Young (Normal) (G1 Evacuation Pause) 1725M->707M(2048M) 15.018ms
[2025-07-30T16:37:37.901+0800][3.726s][info][gc,cpu      ] GC(82) User=0.02s Sys=0.00s Real=0.02s
[2025-07-30T16:37:37.901+0800][3.726s][info][safepoint   ] Safepoint "G1CollectForAllocation", Time since last: 36451700 ns, Reaching safepoint: 2000 ns, Cleanup: 2700 ns, At safepoint: 15057700 ns, Total: 15062400 ns
[2025-07-30T16:37:37.938+0800][3.763s][info][gc,start    ] GC(83) Pause Young (Normal) (G1 Evacuation Pause)
[2025-07-30T16:37:37.938+0800][3.763s][info][gc,task     ] GC(83) Using 1 workers of 1 for evacuation
[2025-07-30T16:37:37.954+0800][3.780s][info][gc,phases   ] GC(83)   Pre Evacuate Collection Set: 0.3ms
[2025-07-30T16:37:37.955+0800][3.780s][info][gc,phases   ] GC(83)   Merge Heap Roots: 0.1ms
[2025-07-30T16:37:37.955+0800][3.780s][info][gc,phases   ] GC(83)   Evacuate Collection Set: 15.1ms
[2025-07-30T16:37:37.955+0800][3.780s][info][gc,phases   ] GC(83)   Post Evacuate Collection Set: 0.6ms
[2025-07-30T16:37:37.955+0800][3.780s][info][gc,phases   ] GC(83)   Other: 0.1ms
[2025-07-30T16:37:37.955+0800][3.780s][info][gc,heap     ] GC(83) Eden regions: 1019->0(1018)
[2025-07-30T16:37:37.955+0800][3.780s][info][gc,heap     ] GC(83) Survivor regions: 145->146(146)
[2025-07-30T16:37:37.955+0800][3.780s][info][gc,heap     ] GC(83) Old regions: 560->560
[2025-07-30T16:37:37.955+0800][3.780s][info][gc,heap     ] GC(83) Humongous regions: 3->3
[2025-07-30T16:37:37.955+0800][3.780s][info][gc,metaspace] GC(83) Metaspace: 6968K(7296K)->6968K(7296K) NonClass: 6246K(6400K)->6246K(6400K) Class: 722K(896K)->722K(896K)
[2025-07-30T16:37:37.955+0800][3.780s][info][gc          ] GC(83) Pause Young (Normal) (G1 Evacuation Pause) 1726M->708M(2048M) 16.380ms
[2025-07-30T16:37:37.955+0800][3.780s][info][gc,cpu      ] GC(83) User=0.02s Sys=0.00s Real=0.02s
[2025-07-30T16:37:37.955+0800][3.780s][info][safepoint   ] Safepoint "G1CollectForAllocation", Time since last: 36935600 ns, Reaching safepoint: 2900 ns, Cleanup: 2500 ns, At safepoint: 16418200 ns, Total: 16423600 ns
[2025-07-30T16:37:37.991+0800][3.816s][info][gc,start    ] GC(84) Pause Young (Normal) (G1 Evacuation Pause)
[2025-07-30T16:37:37.991+0800][3.816s][info][gc,task     ] GC(84) Using 1 workers of 1 for evacuation
[2025-07-30T16:37:38.007+0800][3.832s][info][gc,phases   ] GC(84)   Pre Evacuate Collection Set: 0.3ms
[2025-07-30T16:37:38.007+0800][3.832s][info][gc,phases   ] GC(84)   Merge Heap Roots: 0.1ms
[2025-07-30T16:37:38.007+0800][3.832s][info][gc,phases   ] GC(84)   Evacuate Collection Set: 14.5ms
[2025-07-30T16:37:38.007+0800][3.832s][info][gc,phases   ] GC(84)   Post Evacuate Collection Set: 0.6ms
[2025-07-30T16:37:38.007+0800][3.832s][info][gc,phases   ] GC(84)   Other: 0.1ms
[2025-07-30T16:37:38.007+0800][3.832s][info][gc,heap     ] GC(84) Eden regions: 1018->0(1018)
[2025-07-30T16:37:38.007+0800][3.832s][info][gc,heap     ] GC(84) Survivor regions: 146->146(146)
[2025-07-30T16:37:38.007+0800][3.832s][info][gc,heap     ] GC(84) Old regions: 560->560
[2025-07-30T16:37:38.007+0800][3.832s][info][gc,heap     ] GC(84) Humongous regions: 3->3
[2025-07-30T16:37:38.007+0800][3.832s][info][gc,metaspace] GC(84) Metaspace: 6968K(7296K)->6968K(7296K) NonClass: 6246K(6400K)->6246K(6400K) Class: 722K(896K)->722K(896K)
[2025-07-30T16:37:38.007+0800][3.832s][info][gc          ] GC(84) Pause Young (Normal) (G1 Evacuation Pause) 1726M->708M(2048M) 15.778ms
[2025-07-30T16:37:38.007+0800][3.832s][info][gc,cpu      ] GC(84) User=0.02s Sys=0.00s Real=0.02s
[2025-07-30T16:37:38.007+0800][3.832s][info][safepoint   ] Safepoint "G1CollectForAllocation", Time since last: 36400200 ns, Reaching safepoint: 2300 ns, Cleanup: 2900 ns, At safepoint: 15820400 ns, Total: 15825600 ns
[2025-07-30T16:37:38.043+0800][3.869s][info][gc,start    ] GC(85) Pause Young (Normal) (G1 Evacuation Pause)
[2025-07-30T16:37:38.043+0800][3.869s][info][gc,task     ] GC(85) Using 1 workers of 1 for evacuation
[2025-07-30T16:37:38.061+0800][3.887s][info][gc,phases   ] GC(85)   Pre Evacuate Collection Set: 0.4ms
[2025-07-30T16:37:38.061+0800][3.887s][info][gc,phases   ] GC(85)   Merge Heap Roots: 0.1ms
[2025-07-30T16:37:38.061+0800][3.887s][info][gc,phases   ] GC(85)   Evacuate Collection Set: 16.7ms
[2025-07-30T16:37:38.061+0800][3.887s][info][gc,phases   ] GC(85)   Post Evacuate Collection Set: 0.6ms
[2025-07-30T16:37:38.061+0800][3.887s][info][gc,phases   ] GC(85)   Other: 0.1ms
[2025-07-30T16:37:38.061+0800][3.887s][info][gc,heap     ] GC(85) Eden regions: 1018->0(1017)
[2025-07-30T16:37:38.061+0800][3.887s][info][gc,heap     ] GC(85) Survivor regions: 146->146(146)
[2025-07-30T16:37:38.061+0800][3.887s][info][gc,heap     ] GC(85) Old regions: 560->560
[2025-07-30T16:37:38.061+0800][3.887s][info][gc,heap     ] GC(85) Humongous regions: 3->3
[2025-07-30T16:37:38.061+0800][3.887s][info][gc,metaspace] GC(85) Metaspace: 6968K(7296K)->6968K(7296K) NonClass: 6246K(6400K)->6246K(6400K) Class: 722K(896K)->722K(896K)
[2025-07-30T16:37:38.061+0800][3.887s][info][gc          ] GC(85) Pause Young (Normal) (G1 Evacuation Pause) 1726M->708M(2048M) 18.046ms
[2025-07-30T16:37:38.061+0800][3.887s][info][gc,cpu      ] GC(85) User=0.02s Sys=0.00s Real=0.02s
[2025-07-30T16:37:38.061+0800][3.887s][info][safepoint   ] Safepoint "G1CollectForAllocation", Time since last: 36714700 ns, Reaching safepoint: 3300 ns, Cleanup: 3700 ns, At safepoint: 18091200 ns, Total: 18098200 ns
[2025-07-30T16:37:38.098+0800][3.923s][info][gc,start    ] GC(86) Pause Young (Normal) (G1 Evacuation Pause)
[2025-07-30T16:37:38.098+0800][3.923s][info][gc,task     ] GC(86) Using 1 workers of 1 for evacuation
[2025-07-30T16:37:38.113+0800][3.938s][info][gc,phases   ] GC(86)   Pre Evacuate Collection Set: 0.6ms
[2025-07-30T16:37:38.113+0800][3.938s][info][gc,phases   ] GC(86)   Merge Heap Roots: 0.1ms
[2025-07-30T16:37:38.113+0800][3.938s][info][gc,phases   ] GC(86)   Evacuate Collection Set: 13.5ms
[2025-07-30T16:37:38.113+0800][3.938s][info][gc,phases   ] GC(86)   Post Evacuate Collection Set: 0.6ms
[2025-07-30T16:37:38.113+0800][3.938s][info][gc,phases   ] GC(86)   Other: 0.1ms
[2025-07-30T16:37:38.113+0800][3.938s][info][gc,heap     ] GC(86) Eden regions: 1017->0(1018)
[2025-07-30T16:37:38.113+0800][3.938s][info][gc,heap     ] GC(86) Survivor regions: 146->146(146)
[2025-07-30T16:37:38.113+0800][3.938s][info][gc,heap     ] GC(86) Old regions: 560->560
[2025-07-30T16:37:38.113+0800][3.938s][info][gc,heap     ] GC(86) Humongous regions: 3->3
[2025-07-30T16:37:38.113+0800][3.938s][info][gc,metaspace] GC(86) Metaspace: 6968K(7296K)->6968K(7296K) NonClass: 6246K(6400K)->6246K(6400K) Class: 722K(896K)->722K(896K)
[2025-07-30T16:37:38.113+0800][3.938s][info][gc          ] GC(86) Pause Young (Normal) (G1 Evacuation Pause) 1725M->708M(2048M) 14.976ms
[2025-07-30T16:37:38.113+0800][3.938s][info][gc,cpu      ] GC(86) User=0.02s Sys=0.00s Real=0.01s
[2025-07-30T16:37:38.113+0800][3.938s][info][safepoint   ] Safepoint "G1CollectForAllocation", Time since last: 36221200 ns, Reaching safepoint: 2500 ns, Cleanup: 2300 ns, At safepoint: 15012800 ns, Total: 15017600 ns
[2025-07-30T16:37:38.151+0800][3.976s][info][gc,start    ] GC(87) Pause Young (Normal) (G1 Evacuation Pause)
[2025-07-30T16:37:38.151+0800][3.976s][info][gc,task     ] GC(87) Using 1 workers of 1 for evacuation
[2025-07-30T16:37:38.167+0800][3.992s][info][gc,phases   ] GC(87)   Pre Evacuate Collection Set: 0.4ms
[2025-07-30T16:37:38.167+0800][3.992s][info][gc,phases   ] GC(87)   Merge Heap Roots: 0.1ms
[2025-07-30T16:37:38.167+0800][3.992s][info][gc,phases   ] GC(87)   Evacuate Collection Set: 15.2ms
[2025-07-30T16:37:38.167+0800][3.992s][info][gc,phases   ] GC(87)   Post Evacuate Collection Set: 0.7ms
[2025-07-30T16:37:38.167+0800][3.992s][info][gc,phases   ] GC(87)   Other: 0.1ms
[2025-07-30T16:37:38.167+0800][3.992s][info][gc,heap     ] GC(87) Eden regions: 1018->0(1018)
[2025-07-30T16:37:38.167+0800][3.992s][info][gc,heap     ] GC(87) Survivor regions: 146->146(146)
[2025-07-30T16:37:38.167+0800][3.992s][info][gc,heap     ] GC(87) Old regions: 560->560
[2025-07-30T16:37:38.167+0800][3.992s][info][gc,heap     ] GC(87) Humongous regions: 3->3
[2025-07-30T16:37:38.167+0800][3.992s][info][gc,metaspace] GC(87) Metaspace: 6968K(7296K)->6968K(7296K) NonClass: 6246K(6400K)->6246K(6400K) Class: 722K(896K)->722K(896K)
[2025-07-30T16:37:38.167+0800][3.992s][info][gc          ] GC(87) Pause Young (Normal) (G1 Evacuation Pause) 1726M->708M(2048M) 16.651ms
[2025-07-30T16:37:38.167+0800][3.992s][info][gc,cpu      ] GC(87) User=0.02s Sys=0.00s Real=0.02s
[2025-07-30T16:37:38.167+0800][3.993s][info][safepoint   ] Safepoint "G1CollectForAllocation", Time since last: 37733700 ns, Reaching safepoint: 4000 ns, Cleanup: 4900 ns, At safepoint: 16694500 ns, Total: 16703400 ns
[2025-07-30T16:37:38.203+0800][4.029s][info][gc,start    ] GC(88) Pause Young (Normal) (G1 Evacuation Pause)
[2025-07-30T16:37:38.203+0800][4.029s][info][gc,task     ] GC(88) Using 1 workers of 1 for evacuation
[2025-07-30T16:37:38.219+0800][4.045s][info][gc,phases   ] GC(88)   Pre Evacuate Collection Set: 0.4ms
[2025-07-30T16:37:38.219+0800][4.045s][info][gc,phases   ] GC(88)   Merge Heap Roots: 0.1ms
[2025-07-30T16:37:38.219+0800][4.045s][info][gc,phases   ] GC(88)   Evacuate Collection Set: 14.7ms
[2025-07-30T16:37:38.219+0800][4.045s][info][gc,phases   ] GC(88)   Post Evacuate Collection Set: 0.7ms
[2025-07-30T16:37:38.219+0800][4.045s][info][gc,phases   ] GC(88)   Other: 0.1ms
[2025-07-30T16:37:38.219+0800][4.045s][info][gc,heap     ] GC(88) Eden regions: 1018->0(1018)
[2025-07-30T16:37:38.219+0800][4.045s][info][gc,heap     ] GC(88) Survivor regions: 146->146(146)
[2025-07-30T16:37:38.219+0800][4.045s][info][gc,heap     ] GC(88) Old regions: 560->560
[2025-07-30T16:37:38.219+0800][4.045s][info][gc,heap     ] GC(88) Humongous regions: 3->3
[2025-07-30T16:37:38.219+0800][4.045s][info][gc,metaspace] GC(88) Metaspace: 6968K(7296K)->6968K(7296K) NonClass: 6246K(6400K)->6246K(6400K) Class: 722K(896K)->722K(896K)
[2025-07-30T16:37:38.219+0800][4.045s][info][gc          ] GC(88) Pause Young (Normal) (G1 Evacuation Pause) 1726M->708M(2048M) 16.182ms
[2025-07-30T16:37:38.219+0800][4.045s][info][gc,cpu      ] GC(88) User=0.02s Sys=0.00s Real=0.02s
[2025-07-30T16:37:38.219+0800][4.045s][info][safepoint   ] Safepoint "G1CollectForAllocation", Time since last: 36384100 ns, Reaching safepoint: 3400 ns, Cleanup: 3900 ns, At safepoint: 16226400 ns, Total: 16233700 ns
[2025-07-30T16:37:38.257+0800][4.083s][info][gc,start    ] GC(89) Pause Young (Normal) (G1 Evacuation Pause)
[2025-07-30T16:37:38.257+0800][4.083s][info][gc,task     ] GC(89) Using 1 workers of 1 for evacuation
[2025-07-30T16:37:38.272+0800][4.098s][info][gc,phases   ] GC(89)   Pre Evacuate Collection Set: 0.4ms
[2025-07-30T16:37:38.272+0800][4.098s][info][gc,phases   ] GC(89)   Merge Heap Roots: 0.1ms
[2025-07-30T16:37:38.272+0800][4.098s][info][gc,phases   ] GC(89)   Evacuate Collection Set: 13.8ms
[2025-07-30T16:37:38.272+0800][4.098s][info][gc,phases   ] GC(89)   Post Evacuate Collection Set: 0.7ms
[2025-07-30T16:37:38.272+0800][4.098s][info][gc,phases   ] GC(89)   Other: 0.1ms
[2025-07-30T16:37:38.272+0800][4.098s][info][gc,heap     ] GC(89) Eden regions: 1018->0(1018)
[2025-07-30T16:37:38.272+0800][4.098s][info][gc,heap     ] GC(89) Survivor regions: 146->146(146)
[2025-07-30T16:37:38.272+0800][4.098s][info][gc,heap     ] GC(89) Old regions: 560->560
[2025-07-30T16:37:38.272+0800][4.098s][info][gc,heap     ] GC(89) Humongous regions: 3->3
[2025-07-30T16:37:38.272+0800][4.098s][info][gc,metaspace] GC(89) Metaspace: 6968K(7296K)->6968K(7296K) NonClass: 6246K(6400K)->6246K(6400K) Class: 722K(896K)->722K(896K)
[2025-07-30T16:37:38.272+0800][4.098s][info][gc          ] GC(89) Pause Young (Normal) (G1 Evacuation Pause) 1726M->708M(2048M) 15.138ms
[2025-07-30T16:37:38.272+0800][4.098s][info][gc,cpu      ] GC(89) User=0.02s Sys=0.00s Real=0.02s
[2025-07-30T16:37:38.272+0800][4.098s][info][safepoint   ] Safepoint "G1CollectForAllocation", Time since last: 37693700 ns, Reaching safepoint: 2700 ns, Cleanup: 3400 ns, At safepoint: 15176600 ns, Total: 15182700 ns
[2025-07-30T16:37:38.309+0800][4.134s][info][gc,start    ] GC(90) Pause Young (Normal) (G1 Evacuation Pause)
[2025-07-30T16:37:38.309+0800][4.134s][info][gc,task     ] GC(90) Using 1 workers of 1 for evacuation
[2025-07-30T16:37:38.324+0800][4.150s][info][gc,phases   ] GC(90)   Pre Evacuate Collection Set: 0.5ms
[2025-07-30T16:37:38.324+0800][4.150s][info][gc,phases   ] GC(90)   Merge Heap Roots: 0.1ms
[2025-07-30T16:37:38.324+0800][4.150s][info][gc,phases   ] GC(90)   Evacuate Collection Set: 14.0ms
[2025-07-30T16:37:38.324+0800][4.150s][info][gc,phases   ] GC(90)   Post Evacuate Collection Set: 0.7ms
[2025-07-30T16:37:38.324+0800][4.150s][info][gc,phases   ] GC(90)   Other: 0.1ms
[2025-07-30T16:37:38.324+0800][4.150s][info][gc,heap     ] GC(90) Eden regions: 1018->0(1018)
[2025-07-30T16:37:38.324+0800][4.150s][info][gc,heap     ] GC(90) Survivor regions: 146->146(146)
[2025-07-30T16:37:38.324+0800][4.150s][info][gc,heap     ] GC(90) Old regions: 560->560
[2025-07-30T16:37:38.324+0800][4.150s][info][gc,heap     ] GC(90) Humongous regions: 3->3
[2025-07-30T16:37:38.324+0800][4.150s][info][gc,metaspace] GC(90) Metaspace: 6968K(7296K)->6968K(7296K) NonClass: 6246K(6400K)->6246K(6400K) Class: 722K(896K)->722K(896K)
[2025-07-30T16:37:38.324+0800][4.150s][info][gc          ] GC(90) Pause Young (Normal) (G1 Evacuation Pause) 1726M->708M(2048M) 15.560ms
[2025-07-30T16:37:38.324+0800][4.150s][info][gc,cpu      ] GC(90) User=0.02s Sys=0.00s Real=0.01s
[2025-07-30T16:37:38.324+0800][4.150s][info][safepoint   ] Safepoint "G1CollectForAllocation", Time since last: 36212300 ns, Reaching safepoint: 3900 ns, Cleanup: 4800 ns, At safepoint: 15606300 ns, Total: 15615000 ns
[2025-07-30T16:37:38.361+0800][4.186s][info][gc,start    ] GC(91) Pause Young (Normal) (G1 Evacuation Pause)
[2025-07-30T16:37:38.361+0800][4.186s][info][gc,task     ] GC(91) Using 1 workers of 1 for evacuation
[2025-07-30T16:37:38.376+0800][4.202s][info][gc,phases   ] GC(91)   Pre Evacuate Collection Set: 0.4ms
[2025-07-30T16:37:38.376+0800][4.202s][info][gc,phases   ] GC(91)   Merge Heap Roots: 0.1ms
[2025-07-30T16:37:38.376+0800][4.202s][info][gc,phases   ] GC(91)   Evacuate Collection Set: 14.0ms
[2025-07-30T16:37:38.376+0800][4.202s][info][gc,phases   ] GC(91)   Post Evacuate Collection Set: 0.7ms
[2025-07-30T16:37:38.376+0800][4.202s][info][gc,phases   ] GC(91)   Other: 0.1ms
[2025-07-30T16:37:38.376+0800][4.202s][info][gc,heap     ] GC(91) Eden regions: 1018->0(1018)
[2025-07-30T16:37:38.376+0800][4.202s][info][gc,heap     ] GC(91) Survivor regions: 146->146(146)
[2025-07-30T16:37:38.376+0800][4.202s][info][gc,heap     ] GC(91) Old regions: 560->560
[2025-07-30T16:37:38.376+0800][4.202s][info][gc,heap     ] GC(91) Humongous regions: 3->3
[2025-07-30T16:37:38.376+0800][4.202s][info][gc,metaspace] GC(91) Metaspace: 6968K(7296K)->6968K(7296K) NonClass: 6246K(6400K)->6246K(6400K) Class: 722K(896K)->722K(896K)
[2025-07-30T16:37:38.376+0800][4.202s][info][gc          ] GC(91) Pause Young (Normal) (G1 Evacuation Pause) 1726M->708M(2048M) 15.396ms
[2025-07-30T16:37:38.376+0800][4.202s][info][gc,cpu      ] GC(91) User=0.02s Sys=0.00s Real=0.01s
[2025-07-30T16:37:38.376+0800][4.202s][info][safepoint   ] Safepoint "G1CollectForAllocation", Time since last: 36501900 ns, Reaching safepoint: 3000 ns, Cleanup: 3300 ns, At safepoint: 15443400 ns, Total: 15449700 ns
[2025-07-30T16:37:38.413+0800][4.238s][info][gc,start    ] GC(92) Pause Young (Normal) (G1 Evacuation Pause)
[2025-07-30T16:37:38.413+0800][4.238s][info][gc,task     ] GC(92) Using 1 workers of 1 for evacuation
[2025-07-30T16:37:38.428+0800][4.254s][info][gc,phases   ] GC(92)   Pre Evacuate Collection Set: 0.3ms
[2025-07-30T16:37:38.428+0800][4.254s][info][gc,phases   ] GC(92)   Merge Heap Roots: 0.1ms
[2025-07-30T16:37:38.428+0800][4.254s][info][gc,phases   ] GC(92)   Evacuate Collection Set: 14.0ms
[2025-07-30T16:37:38.428+0800][4.254s][info][gc,phases   ] GC(92)   Post Evacuate Collection Set: 0.7ms
[2025-07-30T16:37:38.428+0800][4.254s][info][gc,phases   ] GC(92)   Other: 0.1ms
[2025-07-30T16:37:38.428+0800][4.254s][info][gc,heap     ] GC(92) Eden regions: 1018->0(1018)
[2025-07-30T16:37:38.428+0800][4.254s][info][gc,heap     ] GC(92) Survivor regions: 146->146(146)
[2025-07-30T16:37:38.428+0800][4.254s][info][gc,heap     ] GC(92) Old regions: 560->560
[2025-07-30T16:37:38.428+0800][4.254s][info][gc,heap     ] GC(92) Humongous regions: 3->3
[2025-07-30T16:37:38.428+0800][4.254s][info][gc,metaspace] GC(92) Metaspace: 6968K(7296K)->6968K(7296K) NonClass: 6246K(6400K)->6246K(6400K) Class: 722K(896K)->722K(896K)
[2025-07-30T16:37:38.428+0800][4.254s][info][gc          ] GC(92) Pause Young (Normal) (G1 Evacuation Pause) 1726M->708M(2048M) 15.260ms
[2025-07-30T16:37:38.428+0800][4.254s][info][gc,cpu      ] GC(92) User=0.02s Sys=0.00s Real=0.01s
[2025-07-30T16:37:38.428+0800][4.254s][info][safepoint   ] Safepoint "G1CollectForAllocation", Time since last: 36624200 ns, Reaching safepoint: 2700 ns, Cleanup: 2800 ns, At safepoint: 15301000 ns, Total: 15306500 ns
[2025-07-30T16:37:38.465+0800][4.290s][info][gc,start    ] GC(93) Pause Young (Normal) (G1 Evacuation Pause)
[2025-07-30T16:37:38.465+0800][4.290s][info][gc,task     ] GC(93) Using 1 workers of 1 for evacuation
[2025-07-30T16:37:38.481+0800][4.306s][info][gc,phases   ] GC(93)   Pre Evacuate Collection Set: 0.4ms
[2025-07-30T16:37:38.481+0800][4.306s][info][gc,phases   ] GC(93)   Merge Heap Roots: 0.1ms
[2025-07-30T16:37:38.481+0800][4.306s][info][gc,phases   ] GC(93)   Evacuate Collection Set: 14.3ms
[2025-07-30T16:37:38.481+0800][4.306s][info][gc,phases   ] GC(93)   Post Evacuate Collection Set: 0.8ms
[2025-07-30T16:37:38.481+0800][4.306s][info][gc,phases   ] GC(93)   Other: 0.1ms
[2025-07-30T16:37:38.481+0800][4.306s][info][gc,heap     ] GC(93) Eden regions: 1018->0(1018)
[2025-07-30T16:37:38.481+0800][4.306s][info][gc,heap     ] GC(93) Survivor regions: 146->146(146)
[2025-07-30T16:37:38.481+0800][4.306s][info][gc,heap     ] GC(93) Old regions: 560->560
[2025-07-30T16:37:38.481+0800][4.306s][info][gc,heap     ] GC(93) Humongous regions: 3->3
[2025-07-30T16:37:38.481+0800][4.306s][info][gc,metaspace] GC(93) Metaspace: 6968K(7296K)->6968K(7296K) NonClass: 6246K(6400K)->6246K(6400K) Class: 722K(896K)->722K(896K)
[2025-07-30T16:37:38.481+0800][4.306s][info][gc          ] GC(93) Pause Young (Normal) (G1 Evacuation Pause) 1726M->708M(2048M) 15.874ms
[2025-07-30T16:37:38.481+0800][4.306s][info][gc,cpu      ] GC(93) User=0.02s Sys=0.00s Real=0.02s
[2025-07-30T16:37:38.481+0800][4.306s][info][safepoint   ] Safepoint "G1CollectForAllocation", Time since last: 36639100 ns, Reaching safepoint: 3700 ns, Cleanup: 4200 ns, At safepoint: 15919400 ns, Total: 15927300 ns
[2025-07-30T16:37:38.518+0800][4.343s][info][gc,start    ] GC(94) Pause Young (Normal) (G1 Evacuation Pause)
[2025-07-30T16:37:38.518+0800][4.343s][info][gc,task     ] GC(94) Using 1 workers of 1 for evacuation
[2025-07-30T16:37:38.533+0800][4.358s][info][gc,phases   ] GC(94)   Pre Evacuate Collection Set: 0.3ms
[2025-07-30T16:37:38.533+0800][4.358s][info][gc,phases   ] GC(94)   Merge Heap Roots: 0.0ms
[2025-07-30T16:37:38.533+0800][4.358s][info][gc,phases   ] GC(94)   Evacuate Collection Set: 13.7ms
[2025-07-30T16:37:38.533+0800][4.358s][info][gc,phases   ] GC(94)   Post Evacuate Collection Set: 0.6ms
[2025-07-30T16:37:38.533+0800][4.358s][info][gc,phases   ] GC(94)   Other: 0.1ms
[2025-07-30T16:37:38.533+0800][4.358s][info][gc,heap     ] GC(94) Eden regions: 1018->0(1018)
[2025-07-30T16:37:38.533+0800][4.358s][info][gc,heap     ] GC(94) Survivor regions: 146->146(146)
[2025-07-30T16:37:38.533+0800][4.358s][info][gc,heap     ] GC(94) Old regions: 560->560
[2025-07-30T16:37:38.533+0800][4.358s][info][gc,heap     ] GC(94) Humongous regions: 3->3
[2025-07-30T16:37:38.533+0800][4.358s][info][gc,metaspace] GC(94) Metaspace: 6968K(7296K)->6968K(7296K) NonClass: 6246K(6400K)->6246K(6400K) Class: 722K(896K)->722K(896K)
[2025-07-30T16:37:38.533+0800][4.358s][info][gc          ] GC(94) Pause Young (Normal) (G1 Evacuation Pause) 1726M->708M(2048M) 14.861ms
[2025-07-30T16:37:38.533+0800][4.358s][info][gc,cpu      ] GC(94) User=0.02s Sys=0.00s Real=0.02s
[2025-07-30T16:37:38.533+0800][4.358s][info][safepoint   ] Safepoint "G1CollectForAllocation", Time since last: 36521600 ns, Reaching safepoint: 2200 ns, Cleanup: 2600 ns, At safepoint: 14899400 ns, Total: 14904200 ns
[2025-07-30T16:37:38.569+0800][4.394s][info][gc,start    ] GC(95) Pause Young (Normal) (G1 Evacuation Pause)
[2025-07-30T16:37:38.569+0800][4.394s][info][gc,task     ] GC(95) Using 1 workers of 1 for evacuation
[2025-07-30T16:37:38.584+0800][4.409s][info][gc,phases   ] GC(95)   Pre Evacuate Collection Set: 0.4ms
[2025-07-30T16:37:38.584+0800][4.409s][info][gc,phases   ] GC(95)   Merge Heap Roots: 0.1ms
[2025-07-30T16:37:38.584+0800][4.409s][info][gc,phases   ] GC(95)   Evacuate Collection Set: 14.0ms
[2025-07-30T16:37:38.584+0800][4.409s][info][gc,phases   ] GC(95)   Post Evacuate Collection Set: 0.7ms
[2025-07-30T16:37:38.584+0800][4.409s][info][gc,phases   ] GC(95)   Other: 0.1ms
[2025-07-30T16:37:38.584+0800][4.409s][info][gc,heap     ] GC(95) Eden regions: 1018->0(1017)
[2025-07-30T16:37:38.584+0800][4.409s][info][gc,heap     ] GC(95) Survivor regions: 146->146(146)
[2025-07-30T16:37:38.584+0800][4.409s][info][gc,heap     ] GC(95) Old regions: 560->560
[2025-07-30T16:37:38.584+0800][4.410s][info][gc,heap     ] GC(95) Humongous regions: 3->3
[2025-07-30T16:37:38.584+0800][4.410s][info][gc,metaspace] GC(95) Metaspace: 6968K(7296K)->6968K(7296K) NonClass: 6246K(6400K)->6246K(6400K) Class: 722K(896K)->722K(896K)
[2025-07-30T16:37:38.584+0800][4.410s][info][gc          ] GC(95) Pause Young (Normal) (G1 Evacuation Pause) 1726M->708M(2048M) 15.434ms
[2025-07-30T16:37:38.584+0800][4.410s][info][gc,cpu      ] GC(95) User=0.02s Sys=0.00s Real=0.02s
[2025-07-30T16:37:38.584+0800][4.410s][info][safepoint   ] Safepoint "G1CollectForAllocation", Time since last: 36390600 ns, Reaching safepoint: 2100 ns, Cleanup: 2500 ns, At safepoint: 15475200 ns, Total: 15479800 ns
[2025-07-30T16:37:38.621+0800][4.446s][info][gc,start    ] GC(96) Pause Young (Normal) (G1 Evacuation Pause)
[2025-07-30T16:37:38.621+0800][4.446s][info][gc,task     ] GC(96) Using 1 workers of 1 for evacuation
[2025-07-30T16:37:38.636+0800][4.461s][info][gc,phases   ] GC(96)   Pre Evacuate Collection Set: 0.3ms
[2025-07-30T16:37:38.636+0800][4.461s][info][gc,phases   ] GC(96)   Merge Heap Roots: 0.0ms
[2025-07-30T16:37:38.636+0800][4.461s][info][gc,phases   ] GC(96)   Evacuate Collection Set: 14.1ms
[2025-07-30T16:37:38.636+0800][4.461s][info][gc,phases   ] GC(96)   Post Evacuate Collection Set: 0.6ms
[2025-07-30T16:37:38.636+0800][4.461s][info][gc,phases   ] GC(96)   Other: 0.1ms
[2025-07-30T16:37:38.636+0800][4.461s][info][gc,heap     ] GC(96) Eden regions: 1017->0(1018)
[2025-07-30T16:37:38.636+0800][4.461s][info][gc,heap     ] GC(96) Survivor regions: 146->146(146)
[2025-07-30T16:37:38.636+0800][4.461s][info][gc,heap     ] GC(96) Old regions: 560->560
[2025-07-30T16:37:38.636+0800][4.461s][info][gc,heap     ] GC(96) Humongous regions: 3->3
[2025-07-30T16:37:38.636+0800][4.461s][info][gc,metaspace] GC(96) Metaspace: 6968K(7296K)->6968K(7296K) NonClass: 6246K(6400K)->6246K(6400K) Class: 722K(896K)->722K(896K)
[2025-07-30T16:37:38.636+0800][4.461s][info][gc          ] GC(96) Pause Young (Normal) (G1 Evacuation Pause) 1725M->708M(2048M) 15.300ms
[2025-07-30T16:37:38.636+0800][4.461s][info][gc,cpu      ] GC(96) User=0.02s Sys=0.00s Real=0.01s
[2025-07-30T16:37:38.636+0800][4.461s][info][safepoint   ] Safepoint "G1CollectForAllocation", Time since last: 36409900 ns, Reaching safepoint: 2700 ns, Cleanup: 2900 ns, At safepoint: 15345700 ns, Total: 15351300 ns
[2025-07-30T16:37:38.673+0800][4.498s][info][gc,start    ] GC(97) Pause Young (Normal) (G1 Evacuation Pause)
[2025-07-30T16:37:38.673+0800][4.498s][info][gc,task     ] GC(97) Using 1 workers of 1 for evacuation
[2025-07-30T16:37:38.689+0800][4.514s][info][gc,phases   ] GC(97)   Pre Evacuate Collection Set: 0.3ms
[2025-07-30T16:37:38.689+0800][4.514s][info][gc,phases   ] GC(97)   Merge Heap Roots: 0.1ms
[2025-07-30T16:37:38.689+0800][4.514s][info][gc,phases   ] GC(97)   Evacuate Collection Set: 14.3ms
[2025-07-30T16:37:38.689+0800][4.514s][info][gc,phases   ] GC(97)   Post Evacuate Collection Set: 0.6ms
[2025-07-30T16:37:38.689+0800][4.514s][info][gc,phases   ] GC(97)   Other: 0.1ms
[2025-07-30T16:37:38.689+0800][4.514s][info][gc,heap     ] GC(97) Eden regions: 1018->0(1018)
[2025-07-30T16:37:38.689+0800][4.514s][info][gc,heap     ] GC(97) Survivor regions: 146->146(146)
[2025-07-30T16:37:38.689+0800][4.514s][info][gc,heap     ] GC(97) Old regions: 560->560
[2025-07-30T16:37:38.689+0800][4.514s][info][gc,heap     ] GC(97) Humongous regions: 3->3
[2025-07-30T16:37:38.689+0800][4.514s][info][gc,metaspace] GC(97) Metaspace: 6969K(7296K)->6969K(7296K) NonClass: 6246K(6400K)->6246K(6400K) Class: 722K(896K)->722K(896K)
[2025-07-30T16:37:38.689+0800][4.514s][info][gc          ] GC(97) Pause Young (Normal) (G1 Evacuation Pause) 1726M->708M(2048M) 15.534ms
[2025-07-30T16:37:38.689+0800][4.514s][info][gc,cpu      ] GC(97) User=0.02s Sys=0.02s Real=0.02s
[2025-07-30T16:37:38.689+0800][4.514s][info][safepoint   ] Safepoint "G1CollectForAllocation", Time since last: 36791400 ns, Reaching safepoint: 2400 ns, Cleanup: 2400 ns, At safepoint: 15571700 ns, Total: 15576500 ns
[2025-07-30T16:37:38.726+0800][4.551s][info][gc,start    ] GC(98) Pause Young (Normal) (G1 Evacuation Pause)
[2025-07-30T16:37:38.726+0800][4.551s][info][gc,task     ] GC(98) Using 1 workers of 1 for evacuation
[2025-07-30T16:37:38.742+0800][4.567s][info][gc,phases   ] GC(98)   Pre Evacuate Collection Set: 0.4ms
[2025-07-30T16:37:38.742+0800][4.567s][info][gc,phases   ] GC(98)   Merge Heap Roots: 0.1ms
[2025-07-30T16:37:38.742+0800][4.567s][info][gc,phases   ] GC(98)   Evacuate Collection Set: 14.7ms
[2025-07-30T16:37:38.742+0800][4.567s][info][gc,phases   ] GC(98)   Post Evacuate Collection Set: 0.7ms
[2025-07-30T16:37:38.742+0800][4.567s][info][gc,phases   ] GC(98)   Other: 0.1ms
[2025-07-30T16:37:38.742+0800][4.567s][info][gc,heap     ] GC(98) Eden regions: 1018->0(1018)
[2025-07-30T16:37:38.742+0800][4.567s][info][gc,heap     ] GC(98) Survivor regions: 146->146(146)
[2025-07-30T16:37:38.742+0800][4.567s][info][gc,heap     ] GC(98) Old regions: 560->560
[2025-07-30T16:37:38.742+0800][4.568s][info][gc,heap     ] GC(98) Humongous regions: 3->3
[2025-07-30T16:37:38.742+0800][4.568s][info][gc,metaspace] GC(98) Metaspace: 6978K(7296K)->6978K(7296K) NonClass: 6255K(6400K)->6255K(6400K) Class: 722K(896K)->722K(896K)
[2025-07-30T16:37:38.742+0800][4.568s][info][gc          ] GC(98) Pause Young (Normal) (G1 Evacuation Pause) 1726M->708M(2048M) 16.156ms
[2025-07-30T16:37:38.742+0800][4.568s][info][gc,cpu      ] GC(98) User=0.02s Sys=0.00s Real=0.02s
[2025-07-30T16:37:38.742+0800][4.568s][info][safepoint   ] Safepoint "G1CollectForAllocation", Time since last: 37655200 ns, Reaching safepoint: 3300 ns, Cleanup: 8000 ns, At safepoint: 16200800 ns, Total: 16212100 ns
[2025-07-30T16:37:38.779+0800][4.605s][info][gc,start    ] GC(99) Pause Young (Normal) (G1 Evacuation Pause)
[2025-07-30T16:37:38.779+0800][4.605s][info][gc,task     ] GC(99) Using 1 workers of 1 for evacuation
[2025-07-30T16:37:38.796+0800][4.621s][info][gc,phases   ] GC(99)   Pre Evacuate Collection Set: 0.4ms
[2025-07-30T16:37:38.796+0800][4.621s][info][gc,phases   ] GC(99)   Merge Heap Roots: 0.1ms
[2025-07-30T16:37:38.796+0800][4.621s][info][gc,phases   ] GC(99)   Evacuate Collection Set: 14.4ms
[2025-07-30T16:37:38.796+0800][4.621s][info][gc,phases   ] GC(99)   Post Evacuate Collection Set: 0.7ms
[2025-07-30T16:37:38.796+0800][4.621s][info][gc,phases   ] GC(99)   Other: 0.1ms
[2025-07-30T16:37:38.796+0800][4.621s][info][gc,heap     ] GC(99) Eden regions: 1018->0(1018)
[2025-07-30T16:37:38.796+0800][4.621s][info][gc,heap     ] GC(99) Survivor regions: 146->146(146)
[2025-07-30T16:37:38.796+0800][4.621s][info][gc,heap     ] GC(99) Old regions: 560->560
[2025-07-30T16:37:38.796+0800][4.621s][info][gc,heap     ] GC(99) Humongous regions: 3->3
[2025-07-30T16:37:38.796+0800][4.621s][info][gc,metaspace] GC(99) Metaspace: 6978K(7296K)->6978K(7296K) NonClass: 6255K(6400K)->6255K(6400K) Class: 722K(896K)->722K(896K)
[2025-07-30T16:37:38.796+0800][4.621s][info][gc          ] GC(99) Pause Young (Normal) (G1 Evacuation Pause) 1726M->708M(2048M) 15.853ms
[2025-07-30T16:37:38.796+0800][4.621s][info][gc,cpu      ] GC(99) User=0.02s Sys=0.00s Real=0.02s
[2025-07-30T16:37:38.796+0800][4.621s][info][safepoint   ] Safepoint "G1CollectForAllocation", Time since last: 37615400 ns, Reaching safepoint: 3500 ns, Cleanup: 4800 ns, At safepoint: 15898100 ns, Total: 15906400 ns
[2025-07-30T16:37:38.832+0800][4.658s][info][gc,start    ] GC(100) Pause Young (Normal) (G1 Evacuation Pause)
[2025-07-30T16:37:38.833+0800][4.658s][info][gc,task     ] GC(100) Using 1 workers of 1 for evacuation
[2025-07-30T16:37:38.849+0800][4.674s][info][gc,phases   ] GC(100)   Pre Evacuate Collection Set: 0.4ms
[2025-07-30T16:37:38.849+0800][4.675s][info][gc,phases   ] GC(100)   Merge Heap Roots: 0.1ms
[2025-07-30T16:37:38.849+0800][4.675s][info][gc,phases   ] GC(100)   Evacuate Collection Set: 14.8ms
[2025-07-30T16:37:38.849+0800][4.675s][info][gc,phases   ] GC(100)   Post Evacuate Collection Set: 0.8ms
[2025-07-30T16:37:38.849+0800][4.675s][info][gc,phases   ] GC(100)   Other: 0.1ms
[2025-07-30T16:37:38.849+0800][4.675s][info][gc,heap     ] GC(100) Eden regions: 1018->0(1018)
[2025-07-30T16:37:38.849+0800][4.675s][info][gc,heap     ] GC(100) Survivor regions: 146->146(146)
[2025-07-30T16:37:38.849+0800][4.675s][info][gc,heap     ] GC(100) Old regions: 560->560
[2025-07-30T16:37:38.849+0800][4.675s][info][gc,heap     ] GC(100) Humongous regions: 3->3
[2025-07-30T16:37:38.849+0800][4.675s][info][gc,metaspace] GC(100) Metaspace: 6978K(7296K)->6978K(7296K) NonClass: 6255K(6400K)->6255K(6400K) Class: 722K(896K)->722K(896K)
[2025-07-30T16:37:38.849+0800][4.675s][info][gc          ] GC(100) Pause Young (Normal) (G1 Evacuation Pause) 1726M->708M(2048M) 16.322ms
[2025-07-30T16:37:38.849+0800][4.675s][info][gc,cpu      ] GC(100) User=0.02s Sys=0.00s Real=0.02s
[2025-07-30T16:37:38.849+0800][4.675s][info][safepoint   ] Safepoint "G1CollectForAllocation", Time since last: 37214100 ns, Reaching safepoint: 3800 ns, Cleanup: 4500 ns, At safepoint: 16365000 ns, Total: 16373300 ns
[2025-07-30T16:37:38.888+0800][4.714s][info][gc,start    ] GC(101) Pause Young (Normal) (G1 Evacuation Pause)
[2025-07-30T16:37:38.888+0800][4.714s][info][gc,task     ] GC(101) Using 1 workers of 1 for evacuation
[2025-07-30T16:37:38.905+0800][4.731s][info][gc,phases   ] GC(101)   Pre Evacuate Collection Set: 0.4ms
[2025-07-30T16:37:38.905+0800][4.731s][info][gc,phases   ] GC(101)   Merge Heap Roots: 0.1ms
[2025-07-30T16:37:38.905+0800][4.731s][info][gc,phases   ] GC(101)   Evacuate Collection Set: 16.0ms
[2025-07-30T16:37:38.905+0800][4.731s][info][gc,phases   ] GC(101)   Post Evacuate Collection Set: 0.7ms
[2025-07-30T16:37:38.905+0800][4.731s][info][gc,phases   ] GC(101)   Other: 0.1ms
[2025-07-30T16:37:38.905+0800][4.731s][info][gc,heap     ] GC(101) Eden regions: 1018->0(1018)
[2025-07-30T16:37:38.905+0800][4.731s][info][gc,heap     ] GC(101) Survivor regions: 146->146(146)
[2025-07-30T16:37:38.905+0800][4.731s][info][gc,heap     ] GC(101) Old regions: 560->560
[2025-07-30T16:37:38.905+0800][4.731s][info][gc,heap     ] GC(101) Humongous regions: 3->3
[2025-07-30T16:37:38.905+0800][4.731s][info][gc,metaspace] GC(101) Metaspace: 6978K(7296K)->6978K(7296K) NonClass: 6255K(6400K)->6255K(6400K) Class: 722K(896K)->722K(896K)
[2025-07-30T16:37:38.905+0800][4.731s][info][gc          ] GC(101) Pause Young (Normal) (G1 Evacuation Pause) 1726M->708M(2048M) 17.436ms
[2025-07-30T16:37:38.905+0800][4.731s][info][gc,cpu      ] GC(101) User=0.02s Sys=0.00s Real=0.02s
[2025-07-30T16:37:38.905+0800][4.731s][info][safepoint   ] Safepoint "G1CollectForAllocation", Time since last: 39002300 ns, Reaching safepoint: 3700 ns, Cleanup: 5100 ns, At safepoint: 17483800 ns, Total: 17492600 ns
[2025-07-30T16:37:38.944+0800][4.769s][info][gc,start    ] GC(102) Pause Young (Normal) (G1 Evacuation Pause)
[2025-07-30T16:37:38.944+0800][4.769s][info][gc,task     ] GC(102) Using 1 workers of 1 for evacuation
[2025-07-30T16:37:38.961+0800][4.786s][info][gc,phases   ] GC(102)   Pre Evacuate Collection Set: 0.4ms
[2025-07-30T16:37:38.961+0800][4.786s][info][gc,phases   ] GC(102)   Merge Heap Roots: 0.0ms
[2025-07-30T16:37:38.961+0800][4.786s][info][gc,phases   ] GC(102)   Evacuate Collection Set: 15.1ms
[2025-07-30T16:37:38.961+0800][4.786s][info][gc,phases   ] GC(102)   Post Evacuate Collection Set: 0.7ms
[2025-07-30T16:37:38.961+0800][4.786s][info][gc,phases   ] GC(102)   Other: 0.1ms
[2025-07-30T16:37:38.961+0800][4.786s][info][gc,heap     ] GC(102) Eden regions: 1018->0(1018)
[2025-07-30T16:37:38.961+0800][4.786s][info][gc,heap     ] GC(102) Survivor regions: 146->146(146)
[2025-07-30T16:37:38.961+0800][4.786s][info][gc,heap     ] GC(102) Old regions: 560->560
[2025-07-30T16:37:38.961+0800][4.786s][info][gc,heap     ] GC(102) Humongous regions: 3->3
[2025-07-30T16:37:38.961+0800][4.786s][info][gc,metaspace] GC(102) Metaspace: 6978K(7296K)->6978K(7296K) NonClass: 6255K(6400K)->6255K(6400K) Class: 722K(896K)->722K(896K)
[2025-07-30T16:37:38.961+0800][4.786s][info][gc          ] GC(102) Pause Young (Normal) (G1 Evacuation Pause) 1726M->708M(2048M) 16.472ms
[2025-07-30T16:37:38.961+0800][4.786s][info][gc,cpu      ] GC(102) User=0.00s Sys=0.02s Real=0.02s
[2025-07-30T16:37:38.961+0800][4.786s][info][safepoint   ] Safepoint "G1CollectForAllocation", Time since last: 38152200 ns, Reaching safepoint: 2100 ns, Cleanup: 3000 ns, At safepoint: 16516800 ns, Total: 16521900 ns
[2025-07-30T16:37:38.999+0800][4.824s][info][gc,start    ] GC(103) Pause Young (Normal) (G1 Evacuation Pause)
[2025-07-30T16:37:38.999+0800][4.824s][info][gc,task     ] GC(103) Using 1 workers of 1 for evacuation
[2025-07-30T16:37:39.015+0800][4.841s][info][gc,phases   ] GC(103)   Pre Evacuate Collection Set: 0.5ms
[2025-07-30T16:37:39.015+0800][4.841s][info][gc,phases   ] GC(103)   Merge Heap Roots: 0.1ms
[2025-07-30T16:37:39.015+0800][4.841s][info][gc,phases   ] GC(103)   Evacuate Collection Set: 14.8ms
[2025-07-30T16:37:39.015+0800][4.841s][info][gc,phases   ] GC(103)   Post Evacuate Collection Set: 0.8ms
[2025-07-30T16:37:39.015+0800][4.841s][info][gc,phases   ] GC(103)   Other: 0.1ms
[2025-07-30T16:37:39.015+0800][4.841s][info][gc,heap     ] GC(103) Eden regions: 1018->0(1018)
[2025-07-30T16:37:39.015+0800][4.841s][info][gc,heap     ] GC(103) Survivor regions: 146->146(146)
[2025-07-30T16:37:39.015+0800][4.841s][info][gc,heap     ] GC(103) Old regions: 560->560
[2025-07-30T16:37:39.015+0800][4.841s][info][gc,heap     ] GC(103) Humongous regions: 3->3
[2025-07-30T16:37:39.015+0800][4.841s][info][gc,metaspace] GC(103) Metaspace: 6978K(7296K)->6978K(7296K) NonClass: 6255K(6400K)->6255K(6400K) Class: 722K(896K)->722K(896K)
[2025-07-30T16:37:39.015+0800][4.841s][info][gc          ] GC(103) Pause Young (Normal) (G1 Evacuation Pause) 1726M->708M(2048M) 16.523ms
[2025-07-30T16:37:39.015+0800][4.841s][info][gc,cpu      ] GC(103) User=0.02s Sys=0.00s Real=0.02s
[2025-07-30T16:37:39.016+0800][4.841s][info][safepoint   ] Safepoint "G1CollectForAllocation", Time since last: 38568600 ns, Reaching safepoint: 3800 ns, Cleanup: 5800 ns, At safepoint: 16577100 ns, Total: 16586700 ns
[2025-07-30T16:37:39.055+0800][4.880s][info][gc,start    ] GC(104) Pause Young (Normal) (G1 Evacuation Pause)
[2025-07-30T16:37:39.055+0800][4.880s][info][gc,task     ] GC(104) Using 1 workers of 1 for evacuation
[2025-07-30T16:37:39.072+0800][4.897s][info][gc,phases   ] GC(104)   Pre Evacuate Collection Set: 0.5ms
[2025-07-30T16:37:39.072+0800][4.897s][info][gc,phases   ] GC(104)   Merge Heap Roots: 0.1ms
[2025-07-30T16:37:39.072+0800][4.897s][info][gc,phases   ] GC(104)   Evacuate Collection Set: 15.1ms
[2025-07-30T16:37:39.072+0800][4.897s][info][gc,phases   ] GC(104)   Post Evacuate Collection Set: 0.8ms
[2025-07-30T16:37:39.072+0800][4.897s][info][gc,phases   ] GC(104)   Other: 0.1ms
[2025-07-30T16:37:39.072+0800][4.897s][info][gc,heap     ] GC(104) Eden regions: 1018->0(1018)
[2025-07-30T16:37:39.072+0800][4.897s][info][gc,heap     ] GC(104) Survivor regions: 146->146(146)
[2025-07-30T16:37:39.072+0800][4.897s][info][gc,heap     ] GC(104) Old regions: 560->560
[2025-07-30T16:37:39.072+0800][4.897s][info][gc,heap     ] GC(104) Humongous regions: 3->3
[2025-07-30T16:37:39.072+0800][4.897s][info][gc,metaspace] GC(104) Metaspace: 6978K(7296K)->6978K(7296K) NonClass: 6255K(6400K)->6255K(6400K) Class: 722K(896K)->722K(896K)
[2025-07-30T16:37:39.072+0800][4.897s][info][gc          ] GC(104) Pause Young (Normal) (G1 Evacuation Pause) 1726M->708M(2048M) 16.812ms
[2025-07-30T16:37:39.072+0800][4.897s][info][gc,cpu      ] GC(104) User=0.02s Sys=0.00s Real=0.02s
[2025-07-30T16:37:39.072+0800][4.897s][info][safepoint   ] Safepoint "G1CollectForAllocation", Time since last: 39024100 ns, Reaching safepoint: 3400 ns, Cleanup: 5200 ns, At safepoint: 16858300 ns, Total: 16866900 ns
[2025-07-30T16:37:39.109+0800][4.935s][info][gc,start    ] GC(105) Pause Young (Normal) (G1 Evacuation Pause)
[2025-07-30T16:37:39.109+0800][4.935s][info][gc,task     ] GC(105) Using 1 workers of 1 for evacuation
[2025-07-30T16:37:39.126+0800][4.952s][info][gc,phases   ] GC(105)   Pre Evacuate Collection Set: 0.5ms
[2025-07-30T16:37:39.126+0800][4.952s][info][gc,phases   ] GC(105)   Merge Heap Roots: 0.1ms
[2025-07-30T16:37:39.126+0800][4.952s][info][gc,phases   ] GC(105)   Evacuate Collection Set: 14.9ms
[2025-07-30T16:37:39.126+0800][4.952s][info][gc,phases   ] GC(105)   Post Evacuate Collection Set: 0.7ms
[2025-07-30T16:37:39.126+0800][4.952s][info][gc,phases   ] GC(105)   Other: 0.1ms
[2025-07-30T16:37:39.126+0800][4.952s][info][gc,heap     ] GC(105) Eden regions: 1018->0(1018)
[2025-07-30T16:37:39.126+0800][4.952s][info][gc,heap     ] GC(105) Survivor regions: 146->146(146)
[2025-07-30T16:37:39.126+0800][4.952s][info][gc,heap     ] GC(105) Old regions: 560->560
[2025-07-30T16:37:39.126+0800][4.952s][info][gc,heap     ] GC(105) Humongous regions: 3->3
[2025-07-30T16:37:39.126+0800][4.952s][info][gc,metaspace] GC(105) Metaspace: 6978K(7296K)->6978K(7296K) NonClass: 6255K(6400K)->6255K(6400K) Class: 722K(896K)->722K(896K)
[2025-07-30T16:37:39.126+0800][4.952s][info][gc          ] GC(105) Pause Young (Normal) (G1 Evacuation Pause) 1726M->708M(2048M) 16.460ms
[2025-07-30T16:37:39.126+0800][4.952s][info][gc,cpu      ] GC(105) User=0.02s Sys=0.00s Real=0.02s
[2025-07-30T16:37:39.126+0800][4.952s][info][safepoint   ] Safepoint "G1CollectForAllocation", Time since last: 38402900 ns, Reaching safepoint: 3700 ns, Cleanup: 5100 ns, At safepoint: 16504800 ns, Total: 16513600 ns
[2025-07-30T16:37:39.168+0800][4.994s][info][gc,start    ] GC(106) Pause Young (Normal) (G1 Evacuation Pause)
[2025-07-30T16:37:39.168+0800][4.994s][info][gc,task     ] GC(106) Using 1 workers of 1 for evacuation
[2025-07-30T16:37:39.185+0800][5.010s][info][gc,phases   ] GC(106)   Pre Evacuate Collection Set: 0.4ms
[2025-07-30T16:37:39.185+0800][5.010s][info][gc,phases   ] GC(106)   Merge Heap Roots: 0.1ms
[2025-07-30T16:37:39.185+0800][5.010s][info][gc,phases   ] GC(106)   Evacuate Collection Set: 15.1ms
[2025-07-30T16:37:39.185+0800][5.010s][info][gc,phases   ] GC(106)   Post Evacuate Collection Set: 0.7ms
[2025-07-30T16:37:39.185+0800][5.010s][info][gc,phases   ] GC(106)   Other: 0.1ms
[2025-07-30T16:37:39.185+0800][5.010s][info][gc,heap     ] GC(106) Eden regions: 1018->0(1016)
[2025-07-30T16:37:39.185+0800][5.010s][info][gc,heap     ] GC(106) Survivor regions: 146->146(146)
[2025-07-30T16:37:39.185+0800][5.010s][info][gc,heap     ] GC(106) Old regions: 560->561
[2025-07-30T16:37:39.185+0800][5.010s][info][gc,heap     ] GC(106) Humongous regions: 3->3
[2025-07-30T16:37:39.185+0800][5.010s][info][gc,metaspace] GC(106) Metaspace: 6978K(7296K)->6978K(7296K) NonClass: 6255K(6400K)->6255K(6400K) Class: 722K(896K)->722K(896K)
[2025-07-30T16:37:39.185+0800][5.010s][info][gc          ] GC(106) Pause Young (Normal) (G1 Evacuation Pause) 1726M->709M(2048M) 16.556ms
[2025-07-30T16:37:39.185+0800][5.010s][info][gc,cpu      ] GC(106) User=0.02s Sys=0.00s Real=0.02s
[2025-07-30T16:37:39.185+0800][5.010s][info][safepoint   ] Safepoint "G1CollectForAllocation", Time since last: 41757500 ns, Reaching safepoint: 3900 ns, Cleanup: 4300 ns, At safepoint: 16599300 ns, Total: 16607500 ns
[2025-07-30T16:37:39.224+0800][5.049s][info][gc,start    ] GC(107) Pause Young (Normal) (G1 Evacuation Pause)
[2025-07-30T16:37:39.224+0800][5.049s][info][gc,task     ] GC(107) Using 1 workers of 1 for evacuation
[2025-07-30T16:37:39.239+0800][5.065s][info][gc,phases   ] GC(107)   Pre Evacuate Collection Set: 0.3ms
[2025-07-30T16:37:39.239+0800][5.065s][info][gc,phases   ] GC(107)   Merge Heap Roots: 0.1ms
[2025-07-30T16:37:39.239+0800][5.065s][info][gc,phases   ] GC(107)   Evacuate Collection Set: 14.7ms
[2025-07-30T16:37:39.239+0800][5.065s][info][gc,phases   ] GC(107)   Post Evacuate Collection Set: 0.6ms
[2025-07-30T16:37:39.239+0800][5.065s][info][gc,phases   ] GC(107)   Other: 0.1ms
[2025-07-30T16:37:39.239+0800][5.065s][info][gc,heap     ] GC(107) Eden regions: 1016->0(1018)
[2025-07-30T16:37:39.239+0800][5.065s][info][gc,heap     ] GC(107) Survivor regions: 146->145(146)
[2025-07-30T16:37:39.239+0800][5.065s][info][gc,heap     ] GC(107) Old regions: 561->561
[2025-07-30T16:37:39.239+0800][5.065s][info][gc,heap     ] GC(107) Humongous regions: 3->3
[2025-07-30T16:37:39.239+0800][5.065s][info][gc,metaspace] GC(107) Metaspace: 6978K(7296K)->6978K(7296K) NonClass: 6255K(6400K)->6255K(6400K) Class: 722K(896K)->722K(896K)
[2025-07-30T16:37:39.239+0800][5.065s][info][gc          ] GC(107) Pause Young (Normal) (G1 Evacuation Pause) 1725M->707M(2048M) 15.952ms
[2025-07-30T16:37:39.239+0800][5.065s][info][gc,cpu      ] GC(107) User=0.02s Sys=0.00s Real=0.02s
[2025-07-30T16:37:39.239+0800][5.065s][info][safepoint   ] Safepoint "G1CollectForAllocation", Time since last: 39177000 ns, Reaching safepoint: 2300 ns, Cleanup: 2800 ns, At safepoint: 15995100 ns, Total: 16000200 ns
[2025-07-30T16:37:39.279+0800][5.105s][info][gc,start    ] GC(108) Pause Young (Normal) (G1 Evacuation Pause)
[2025-07-30T16:37:39.279+0800][5.105s][info][gc,task     ] GC(108) Using 1 workers of 1 for evacuation
[2025-07-30T16:37:39.296+0800][5.121s][info][gc,phases   ] GC(108)   Pre Evacuate Collection Set: 0.4ms
[2025-07-30T16:37:39.296+0800][5.121s][info][gc,phases   ] GC(108)   Merge Heap Roots: 0.1ms
[2025-07-30T16:37:39.296+0800][5.121s][info][gc,phases   ] GC(108)   Evacuate Collection Set: 15.0ms
[2025-07-30T16:37:39.296+0800][5.121s][info][gc,phases   ] GC(108)   Post Evacuate Collection Set: 0.7ms
[2025-07-30T16:37:39.296+0800][5.121s][info][gc,phases   ] GC(108)   Other: 0.1ms
[2025-07-30T16:37:39.296+0800][5.121s][info][gc,heap     ] GC(108) Eden regions: 1018->0(1018)
[2025-07-30T16:37:39.296+0800][5.121s][info][gc,heap     ] GC(108) Survivor regions: 145->145(146)
[2025-07-30T16:37:39.296+0800][5.121s][info][gc,heap     ] GC(108) Old regions: 561->561
[2025-07-30T16:37:39.296+0800][5.121s][info][gc,heap     ] GC(108) Humongous regions: 3->3
[2025-07-30T16:37:39.296+0800][5.121s][info][gc,metaspace] GC(108) Metaspace: 6978K(7296K)->6978K(7296K) NonClass: 6255K(6400K)->6255K(6400K) Class: 722K(896K)->722K(896K)
[2025-07-30T16:37:39.296+0800][5.121s][info][gc          ] GC(108) Pause Young (Normal) (G1 Evacuation Pause) 1725M->707M(2048M) 16.411ms
[2025-07-30T16:37:39.296+0800][5.121s][info][gc,cpu      ] GC(108) User=0.02s Sys=0.00s Real=0.02s
[2025-07-30T16:37:39.296+0800][5.121s][info][safepoint   ] Safepoint "G1CollectForAllocation", Time since last: 39553500 ns, Reaching safepoint: 2800 ns, Cleanup: 3200 ns, At safepoint: 16454100 ns, Total: 16460100 ns
[2025-07-30T16:37:39.335+0800][5.160s][info][gc,start    ] GC(109) Pause Young (Normal) (G1 Evacuation Pause)
[2025-07-30T16:37:39.335+0800][5.160s][info][gc,task     ] GC(109) Using 1 workers of 1 for evacuation
[2025-07-30T16:37:39.351+0800][5.176s][info][gc,phases   ] GC(109)   Pre Evacuate Collection Set: 0.4ms
[2025-07-30T16:37:39.351+0800][5.176s][info][gc,phases   ] GC(109)   Merge Heap Roots: 0.1ms
[2025-07-30T16:37:39.351+0800][5.176s][info][gc,phases   ] GC(109)   Evacuate Collection Set: 14.3ms
[2025-07-30T16:37:39.351+0800][5.176s][info][gc,phases   ] GC(109)   Post Evacuate Collection Set: 0.7ms
[2025-07-30T16:37:39.351+0800][5.176s][info][gc,phases   ] GC(109)   Other: 0.1ms
[2025-07-30T16:37:39.351+0800][5.176s][info][gc,heap     ] GC(109) Eden regions: 1018->0(1019)
[2025-07-30T16:37:39.351+0800][5.176s][info][gc,heap     ] GC(109) Survivor regions: 145->145(146)
[2025-07-30T16:37:39.351+0800][5.176s][info][gc,heap     ] GC(109) Old regions: 561->561
[2025-07-30T16:37:39.351+0800][5.176s][info][gc,heap     ] GC(109) Humongous regions: 3->3
[2025-07-30T16:37:39.351+0800][5.176s][info][gc,metaspace] GC(109) Metaspace: 6978K(7296K)->6978K(7296K) NonClass: 6255K(6400K)->6255K(6400K) Class: 722K(896K)->722K(896K)
[2025-07-30T16:37:39.351+0800][5.176s][info][gc          ] GC(109) Pause Young (Normal) (G1 Evacuation Pause) 1725M->707M(2048M) 15.760ms
[2025-07-30T16:37:39.351+0800][5.176s][info][gc,cpu      ] GC(109) User=0.02s Sys=0.00s Real=0.02s
[2025-07-30T16:37:39.351+0800][5.176s][info][safepoint   ] Safepoint "G1CollectForAllocation", Time since last: 38994200 ns, Reaching safepoint: 2200 ns, Cleanup: 3100 ns, At safepoint: 15803700 ns, Total: 15809000 ns
[2025-07-30T16:37:39.390+0800][5.215s][info][gc,start    ] GC(110) Pause Young (Normal) (G1 Evacuation Pause)
[2025-07-30T16:37:39.390+0800][5.215s][info][gc,task     ] GC(110) Using 1 workers of 1 for evacuation
[2025-07-30T16:37:39.407+0800][5.232s][info][gc,phases   ] GC(110)   Pre Evacuate Collection Set: 0.7ms
[2025-07-30T16:37:39.407+0800][5.232s][info][gc,phases   ] GC(110)   Merge Heap Roots: 0.1ms
[2025-07-30T16:37:39.407+0800][5.232s][info][gc,phases   ] GC(110)   Evacuate Collection Set: 15.6ms
[2025-07-30T16:37:39.407+0800][5.232s][info][gc,phases   ] GC(110)   Post Evacuate Collection Set: 1.0ms
[2025-07-30T16:37:39.407+0800][5.232s][info][gc,phases   ] GC(110)   Other: 0.1ms
[2025-07-30T16:37:39.407+0800][5.232s][info][gc,heap     ] GC(110) Eden regions: 1019->0(1018)
[2025-07-30T16:37:39.407+0800][5.232s][info][gc,heap     ] GC(110) Survivor regions: 145->146(146)
[2025-07-30T16:37:39.407+0800][5.232s][info][gc,heap     ] GC(110) Old regions: 561->561
[2025-07-30T16:37:39.407+0800][5.232s][info][gc,heap     ] GC(110) Humongous regions: 3->3
[2025-07-30T16:37:39.407+0800][5.232s][info][gc,metaspace] GC(110) Metaspace: 6978K(7296K)->6978K(7296K) NonClass: 6255K(6400K)->6255K(6400K) Class: 722K(896K)->722K(896K)
[2025-07-30T16:37:39.407+0800][5.232s][info][gc          ] GC(110) Pause Young (Normal) (G1 Evacuation Pause) 1726M->709M(2048M) 17.657ms
[2025-07-30T16:37:39.407+0800][5.232s][info][gc,cpu      ] GC(110) User=0.03s Sys=0.00s Real=0.02s
[2025-07-30T16:37:39.407+0800][5.232s][info][safepoint   ] Safepoint "G1CollectForAllocation", Time since last: 38493200 ns, Reaching safepoint: 3600 ns, Cleanup: 3700 ns, At safepoint: 17702000 ns, Total: 17709300 ns
[2025-07-30T16:37:39.446+0800][5.271s][info][gc,start    ] GC(111) Pause Young (Normal) (G1 Evacuation Pause)
[2025-07-30T16:37:39.446+0800][5.271s][info][gc,task     ] GC(111) Using 1 workers of 1 for evacuation
[2025-07-30T16:37:39.462+0800][5.287s][info][gc,phases   ] GC(111)   Pre Evacuate Collection Set: 0.4ms
[2025-07-30T16:37:39.462+0800][5.288s][info][gc,phases   ] GC(111)   Merge Heap Roots: 0.1ms
[2025-07-30T16:37:39.462+0800][5.288s][info][gc,phases   ] GC(111)   Evacuate Collection Set: 15.1ms
[2025-07-30T16:37:39.462+0800][5.288s][info][gc,phases   ] GC(111)   Post Evacuate Collection Set: 0.6ms
[2025-07-30T16:37:39.462+0800][5.288s][info][gc,phases   ] GC(111)   Other: 0.1ms
[2025-07-30T16:37:39.462+0800][5.288s][info][gc,heap     ] GC(111) Eden regions: 1018->0(1017)
[2025-07-30T16:37:39.462+0800][5.288s][info][gc,heap     ] GC(111) Survivor regions: 146->146(146)
[2025-07-30T16:37:39.462+0800][5.288s][info][gc,heap     ] GC(111) Old regions: 561->561
[2025-07-30T16:37:39.462+0800][5.288s][info][gc,heap     ] GC(111) Humongous regions: 3->3
[2025-07-30T16:37:39.462+0800][5.288s][info][gc,metaspace] GC(111) Metaspace: 6978K(7296K)->6978K(7296K) NonClass: 6255K(6400K)->6255K(6400K) Class: 722K(896K)->722K(896K)
[2025-07-30T16:37:39.462+0800][5.288s][info][gc          ] GC(111) Pause Young (Normal) (G1 Evacuation Pause) 1727M->709M(2048M) 16.378ms
[2025-07-30T16:37:39.462+0800][5.288s][info][gc,cpu      ] GC(111) User=0.02s Sys=0.00s Real=0.02s
[2025-07-30T16:37:39.462+0800][5.288s][info][safepoint   ] Safepoint "G1CollectForAllocation", Time since last: 38852600 ns, Reaching safepoint: 2700 ns, Cleanup: 4000 ns, At safepoint: 16417800 ns, Total: 16424500 ns
[2025-07-30T16:37:39.500+0800][5.326s][info][gc,start    ] GC(112) Pause Young (Normal) (G1 Evacuation Pause)
[2025-07-30T16:37:39.500+0800][5.326s][info][gc,task     ] GC(112) Using 1 workers of 1 for evacuation
[2025-07-30T16:37:39.516+0800][5.341s][info][gc,phases   ] GC(112)   Pre Evacuate Collection Set: 0.3ms
[2025-07-30T16:37:39.516+0800][5.341s][info][gc,phases   ] GC(112)   Merge Heap Roots: 0.1ms
[2025-07-30T16:37:39.516+0800][5.341s][info][gc,phases   ] GC(112)   Evacuate Collection Set: 14.3ms
[2025-07-30T16:37:39.516+0800][5.341s][info][gc,phases   ] GC(112)   Post Evacuate Collection Set: 0.6ms
[2025-07-30T16:37:39.516+0800][5.341s][info][gc,phases   ] GC(112)   Other: 0.1ms
[2025-07-30T16:37:39.516+0800][5.341s][info][gc,heap     ] GC(112) Eden regions: 1017->0(1019)
[2025-07-30T16:37:39.516+0800][5.341s][info][gc,heap     ] GC(112) Survivor regions: 146->145(146)
[2025-07-30T16:37:39.516+0800][5.341s][info][gc,heap     ] GC(112) Old regions: 561->561
[2025-07-30T16:37:39.516+0800][5.341s][info][gc,heap     ] GC(112) Humongous regions: 3->3
[2025-07-30T16:37:39.516+0800][5.341s][info][gc,metaspace] GC(112) Metaspace: 6978K(7296K)->6978K(7296K) NonClass: 6255K(6400K)->6255K(6400K) Class: 722K(896K)->722K(896K)
[2025-07-30T16:37:39.516+0800][5.341s][info][gc          ] GC(112) Pause Young (Normal) (G1 Evacuation Pause) 1726M->708M(2048M) 15.532ms
[2025-07-30T16:37:39.516+0800][5.341s][info][gc,cpu      ] GC(112) User=0.00s Sys=0.00s Real=0.02s
[2025-07-30T16:37:39.516+0800][5.341s][info][safepoint   ] Safepoint "G1CollectForAllocation", Time since last: 37840200 ns, Reaching safepoint: 2300 ns, Cleanup: 2900 ns, At safepoint: 15569500 ns, Total: 15574700 ns
[2025-07-30T16:37:39.554+0800][5.380s][info][gc,start    ] GC(113) Pause Young (Normal) (G1 Evacuation Pause)
[2025-07-30T16:37:39.554+0800][5.380s][info][gc,task     ] GC(113) Using 1 workers of 1 for evacuation
[2025-07-30T16:37:39.569+0800][5.395s][info][gc,phases   ] GC(113)   Pre Evacuate Collection Set: 0.3ms
[2025-07-30T16:37:39.569+0800][5.395s][info][gc,phases   ] GC(113)   Merge Heap Roots: 0.0ms
[2025-07-30T16:37:39.569+0800][5.395s][info][gc,phases   ] GC(113)   Evacuate Collection Set: 14.3ms
[2025-07-30T16:37:39.569+0800][5.395s][info][gc,phases   ] GC(113)   Post Evacuate Collection Set: 0.6ms
[2025-07-30T16:37:39.569+0800][5.395s][info][gc,phases   ] GC(113)   Other: 0.1ms
[2025-07-30T16:37:39.569+0800][5.395s][info][gc,heap     ] GC(113) Eden regions: 1019->0(1017)
[2025-07-30T16:37:39.569+0800][5.395s][info][gc,heap     ] GC(113) Survivor regions: 145->146(146)
[2025-07-30T16:37:39.569+0800][5.395s][info][gc,heap     ] GC(113) Old regions: 561->561
[2025-07-30T16:37:39.569+0800][5.395s][info][gc,heap     ] GC(113) Humongous regions: 3->3
[2025-07-30T16:37:39.569+0800][5.395s][info][gc,metaspace] GC(113) Metaspace: 6978K(7296K)->6978K(7296K) NonClass: 6255K(6400K)->6255K(6400K) Class: 722K(896K)->722K(896K)
[2025-07-30T16:37:39.569+0800][5.395s][info][gc          ] GC(113) Pause Young (Normal) (G1 Evacuation Pause) 1727M->709M(2048M) 15.586ms
[2025-07-30T16:37:39.569+0800][5.395s][info][gc,cpu      ] GC(113) User=0.02s Sys=0.00s Real=0.02s
[2025-07-30T16:37:39.569+0800][5.395s][info][safepoint   ] Safepoint "G1CollectForAllocation", Time since last: 38553000 ns, Reaching safepoint: 1800 ns, Cleanup: 2800 ns, At safepoint: 15626100 ns, Total: 15630700 ns
[2025-07-30T16:37:39.608+0800][5.434s][info][gc,start    ] GC(114) Pause Young (Normal) (G1 Evacuation Pause)
[2025-07-30T16:37:39.608+0800][5.434s][info][gc,task     ] GC(114) Using 1 workers of 1 for evacuation
[2025-07-30T16:37:39.624+0800][5.450s][info][gc,phases   ] GC(114)   Pre Evacuate Collection Set: 0.4ms
[2025-07-30T16:37:39.624+0800][5.450s][info][gc,phases   ] GC(114)   Merge Heap Roots: 0.1ms
[2025-07-30T16:37:39.624+0800][5.450s][info][gc,phases   ] GC(114)   Evacuate Collection Set: 14.7ms
[2025-07-30T16:37:39.624+0800][5.450s][info][gc,phases   ] GC(114)   Post Evacuate Collection Set: 0.6ms
[2025-07-30T16:37:39.624+0800][5.450s][info][gc,phases   ] GC(114)   Other: 0.1ms
[2025-07-30T16:37:39.624+0800][5.450s][info][gc,heap     ] GC(114) Eden regions: 1017->0(1018)
[2025-07-30T16:37:39.624+0800][5.450s][info][gc,heap     ] GC(114) Survivor regions: 146->145(146)
[2025-07-30T16:37:39.624+0800][5.450s][info][gc,heap     ] GC(114) Old regions: 561->561
[2025-07-30T16:37:39.624+0800][5.450s][info][gc,heap     ] GC(114) Humongous regions: 3->3
[2025-07-30T16:37:39.624+0800][5.450s][info][gc,metaspace] GC(114) Metaspace: 6978K(7296K)->6978K(7296K) NonClass: 6255K(6400K)->6255K(6400K) Class: 722K(896K)->722K(896K)
[2025-07-30T16:37:39.624+0800][5.450s][info][gc          ] GC(114) Pause Young (Normal) (G1 Evacuation Pause) 1726M->708M(2048M) 16.036ms
[2025-07-30T16:37:39.624+0800][5.450s][info][gc,cpu      ] GC(114) User=0.02s Sys=0.00s Real=0.02s
[2025-07-30T16:37:39.624+0800][5.450s][info][safepoint   ] Safepoint "G1CollectForAllocation", Time since last: 38662100 ns, Reaching safepoint: 2800 ns, Cleanup: 3200 ns, At safepoint: 16075800 ns, Total: 16081800 ns
[2025-07-30T16:37:39.663+0800][5.488s][info][gc,start    ] GC(115) Pause Young (Normal) (G1 Evacuation Pause)
[2025-07-30T16:37:39.663+0800][5.488s][info][gc,task     ] GC(115) Using 1 workers of 1 for evacuation
[2025-07-30T16:37:39.679+0800][5.505s][info][gc,phases   ] GC(115)   Pre Evacuate Collection Set: 0.3ms
[2025-07-30T16:37:39.679+0800][5.505s][info][gc,phases   ] GC(115)   Merge Heap Roots: 0.1ms
[2025-07-30T16:37:39.679+0800][5.505s][info][gc,phases   ] GC(115)   Evacuate Collection Set: 15.4ms
[2025-07-30T16:37:39.679+0800][5.505s][info][gc,phases   ] GC(115)   Post Evacuate Collection Set: 0.7ms
[2025-07-30T16:37:39.679+0800][5.505s][info][gc,phases   ] GC(115)   Other: 0.1ms
[2025-07-30T16:37:39.679+0800][5.505s][info][gc,heap     ] GC(115) Eden regions: 1018->0(1018)
[2025-07-30T16:37:39.679+0800][5.505s][info][gc,heap     ] GC(115) Survivor regions: 145->146(146)
[2025-07-30T16:37:39.679+0800][5.505s][info][gc,heap     ] GC(115) Old regions: 561->561
[2025-07-30T16:37:39.679+0800][5.505s][info][gc,heap     ] GC(115) Humongous regions: 3->3
[2025-07-30T16:37:39.679+0800][5.505s][info][gc,metaspace] GC(115) Metaspace: 6978K(7296K)->6978K(7296K) NonClass: 6255K(6400K)->6255K(6400K) Class: 722K(896K)->722K(896K)
[2025-07-30T16:37:39.679+0800][5.505s][info][gc          ] GC(115) Pause Young (Normal) (G1 Evacuation Pause) 1726M->708M(2048M) 16.673ms
[2025-07-30T16:37:39.679+0800][5.505s][info][gc,cpu      ] GC(115) User=0.00s Sys=0.02s Real=0.02s
[2025-07-30T16:37:39.679+0800][5.505s][info][safepoint   ] Safepoint "G1CollectForAllocation", Time since last: 38036800 ns, Reaching safepoint: 2100 ns, Cleanup: 2400 ns, At safepoint: 16719100 ns, Total: 16723600 ns
[2025-07-30T16:37:39.719+0800][5.544s][info][gc,start    ] GC(116) Pause Young (Normal) (G1 Evacuation Pause)
[2025-07-30T16:37:39.719+0800][5.544s][info][gc,task     ] GC(116) Using 1 workers of 1 for evacuation
[2025-07-30T16:37:39.735+0800][5.561s][info][gc,phases   ] GC(116)   Pre Evacuate Collection Set: 0.5ms
[2025-07-30T16:37:39.735+0800][5.561s][info][gc,phases   ] GC(116)   Merge Heap Roots: 0.1ms
[2025-07-30T16:37:39.735+0800][5.561s][info][gc,phases   ] GC(116)   Evacuate Collection Set: 15.5ms
[2025-07-30T16:37:39.735+0800][5.561s][info][gc,phases   ] GC(116)   Post Evacuate Collection Set: 0.7ms
[2025-07-30T16:37:39.735+0800][5.561s][info][gc,phases   ] GC(116)   Other: 0.1ms
[2025-07-30T16:37:39.735+0800][5.561s][info][gc,heap     ] GC(116) Eden regions: 1018->0(1018)
[2025-07-30T16:37:39.735+0800][5.561s][info][gc,heap     ] GC(116) Survivor regions: 146->146(146)
[2025-07-30T16:37:39.735+0800][5.561s][info][gc,heap     ] GC(116) Old regions: 561->561
[2025-07-30T16:37:39.735+0800][5.561s][info][gc,heap     ] GC(116) Humongous regions: 3->3
[2025-07-30T16:37:39.735+0800][5.561s][info][gc,metaspace] GC(116) Metaspace: 6979K(7296K)->6979K(7296K) NonClass: 6257K(6400K)->6257K(6400K) Class: 722K(896K)->722K(896K)
[2025-07-30T16:37:39.735+0800][5.561s][info][gc          ] GC(116) Pause Young (Normal) (G1 Evacuation Pause) 1726M->708M(2048M) 17.108ms
[2025-07-30T16:37:39.735+0800][5.561s][info][gc,cpu      ] GC(116) User=0.02s Sys=0.05s Real=0.02s
[2025-07-30T16:37:39.735+0800][5.561s][info][safepoint   ] Safepoint "G1CollectForAllocation", Time since last: 39011300 ns, Reaching safepoint: 3800 ns, Cleanup: 5100 ns, At safepoint: 17160300 ns, Total: 17169200 ns
[2025-07-30T16:37:39.775+0800][5.600s][info][gc,start    ] GC(117) Pause Young (Normal) (G1 Evacuation Pause)
[2025-07-30T16:37:39.775+0800][5.600s][info][gc,task     ] GC(117) Using 1 workers of 1 for evacuation
[2025-07-30T16:37:39.791+0800][5.617s][info][gc,phases   ] GC(117)   Pre Evacuate Collection Set: 0.4ms
[2025-07-30T16:37:39.791+0800][5.617s][info][gc,phases   ] GC(117)   Merge Heap Roots: 0.1ms
[2025-07-30T16:37:39.791+0800][5.617s][info][gc,phases   ] GC(117)   Evacuate Collection Set: 14.9ms
[2025-07-30T16:37:39.791+0800][5.617s][info][gc,phases   ] GC(117)   Post Evacuate Collection Set: 0.7ms
[2025-07-30T16:37:39.791+0800][5.617s][info][gc,phases   ] GC(117)   Other: 0.1ms
[2025-07-30T16:37:39.791+0800][5.617s][info][gc,heap     ] GC(117) Eden regions: 1018->0(1018)
[2025-07-30T16:37:39.791+0800][5.617s][info][gc,heap     ] GC(117) Survivor regions: 146->146(146)
[2025-07-30T16:37:39.791+0800][5.617s][info][gc,heap     ] GC(117) Old regions: 561->561
[2025-07-30T16:37:39.791+0800][5.617s][info][gc,heap     ] GC(117) Humongous regions: 3->3
[2025-07-30T16:37:39.791+0800][5.617s][info][gc,metaspace] GC(117) Metaspace: 6993K(7360K)->6993K(7360K) NonClass: 6270K(6464K)->6270K(6464K) Class: 722K(896K)->722K(896K)
[2025-07-30T16:37:39.791+0800][5.617s][info][gc          ] GC(117) Pause Young (Normal) (G1 Evacuation Pause) 1726M->708M(2048M) 16.332ms
[2025-07-30T16:37:39.791+0800][5.617s][info][gc,cpu      ] GC(117) User=0.02s Sys=0.00s Real=0.02s
[2025-07-30T16:37:39.791+0800][5.617s][info][safepoint   ] Safepoint "G1CollectForAllocation", Time since last: 39493500 ns, Reaching safepoint: 2600 ns, Cleanup: 3300 ns, At safepoint: 16373400 ns, Total: 16379300 ns
[2025-07-30T16:37:39.829+0800][5.654s][info][gc,start    ] GC(118) Pause Young (Normal) (G1 Evacuation Pause)
[2025-07-30T16:37:39.829+0800][5.654s][info][gc,task     ] GC(118) Using 1 workers of 1 for evacuation
[2025-07-30T16:37:39.845+0800][5.670s][info][gc,phases   ] GC(118)   Pre Evacuate Collection Set: 0.4ms
[2025-07-30T16:37:39.845+0800][5.670s][info][gc,phases   ] GC(118)   Merge Heap Roots: 0.1ms
[2025-07-30T16:37:39.845+0800][5.670s][info][gc,phases   ] GC(118)   Evacuate Collection Set: 14.4ms
[2025-07-30T16:37:39.845+0800][5.670s][info][gc,phases   ] GC(118)   Post Evacuate Collection Set: 0.8ms
[2025-07-30T16:37:39.845+0800][5.670s][info][gc,phases   ] GC(118)   Other: 0.1ms
[2025-07-30T16:37:39.845+0800][5.670s][info][gc,heap     ] GC(118) Eden regions: 1018->0(1018)
[2025-07-30T16:37:39.845+0800][5.670s][info][gc,heap     ] GC(118) Survivor regions: 146->146(146)
[2025-07-30T16:37:39.845+0800][5.670s][info][gc,heap     ] GC(118) Old regions: 561->561
[2025-07-30T16:37:39.845+0800][5.670s][info][gc,heap     ] GC(118) Humongous regions: 3->3
[2025-07-30T16:37:39.845+0800][5.670s][info][gc,metaspace] GC(118) Metaspace: 6993K(7360K)->6993K(7360K) NonClass: 6270K(6464K)->6270K(6464K) Class: 722K(896K)->722K(896K)
[2025-07-30T16:37:39.845+0800][5.670s][info][gc          ] GC(118) Pause Young (Normal) (G1 Evacuation Pause) 1726M->708M(2048M) 16.111ms
[2025-07-30T16:37:39.845+0800][5.670s][info][gc,cpu      ] GC(118) User=0.02s Sys=0.00s Real=0.02s
[2025-07-30T16:37:39.845+0800][5.670s][info][safepoint   ] Safepoint "G1CollectForAllocation", Time since last: 37307500 ns, Reaching safepoint: 3000 ns, Cleanup: 3500 ns, At safepoint: 16154300 ns, Total: 16160800 ns
[2025-07-30T16:37:39.881+0800][5.706s][info][gc,start    ] GC(119) Pause Young (Normal) (G1 Evacuation Pause)
[2025-07-30T16:37:39.881+0800][5.707s][info][gc,task     ] GC(119) Using 1 workers of 1 for evacuation
[2025-07-30T16:37:39.896+0800][5.722s][info][gc,phases   ] GC(119)   Pre Evacuate Collection Set: 0.7ms
[2025-07-30T16:37:39.896+0800][5.722s][info][gc,phases   ] GC(119)   Merge Heap Roots: 0.1ms
[2025-07-30T16:37:39.896+0800][5.722s][info][gc,phases   ] GC(119)   Evacuate Collection Set: 14.3ms
[2025-07-30T16:37:39.896+0800][5.722s][info][gc,phases   ] GC(119)   Post Evacuate Collection Set: 0.6ms
[2025-07-30T16:37:39.896+0800][5.722s][info][gc,phases   ] GC(119)   Other: 0.1ms
[2025-07-30T16:37:39.896+0800][5.722s][info][gc,heap     ] GC(119) Eden regions: 1018->0(1018)
[2025-07-30T16:37:39.896+0800][5.722s][info][gc,heap     ] GC(119) Survivor regions: 146->146(146)
[2025-07-30T16:37:39.896+0800][5.722s][info][gc,heap     ] GC(119) Old regions: 561->561
[2025-07-30T16:37:39.896+0800][5.722s][info][gc,heap     ] GC(119) Humongous regions: 3->3
[2025-07-30T16:37:39.896+0800][5.722s][info][gc,metaspace] GC(119) Metaspace: 6993K(7360K)->6993K(7360K) NonClass: 6270K(6464K)->6270K(6464K) Class: 722K(896K)->722K(896K)
[2025-07-30T16:37:39.896+0800][5.722s][info][gc          ] GC(119) Pause Young (Normal) (G1 Evacuation Pause) 1726M->708M(2048M) 15.852ms
[2025-07-30T16:37:39.896+0800][5.722s][info][gc,cpu      ] GC(119) User=0.02s Sys=0.00s Real=0.01s
[2025-07-30T16:37:39.896+0800][5.722s][info][safepoint   ] Safepoint "G1CollectForAllocation", Time since last: 36172400 ns, Reaching safepoint: 2200 ns, Cleanup: 2700 ns, At safepoint: 15892900 ns, Total: 15897800 ns
[2025-07-30T16:37:39.934+0800][5.759s][info][gc,start    ] GC(120) Pause Young (Normal) (G1 Evacuation Pause)
[2025-07-30T16:37:39.934+0800][5.759s][info][gc,task     ] GC(120) Using 1 workers of 1 for evacuation
[2025-07-30T16:37:39.949+0800][5.774s][info][gc,phases   ] GC(120)   Pre Evacuate Collection Set: 0.3ms
[2025-07-30T16:37:39.949+0800][5.774s][info][gc,phases   ] GC(120)   Merge Heap Roots: 0.0ms
[2025-07-30T16:37:39.949+0800][5.774s][info][gc,phases   ] GC(120)   Evacuate Collection Set: 14.2ms
[2025-07-30T16:37:39.949+0800][5.774s][info][gc,phases   ] GC(120)   Post Evacuate Collection Set: 0.6ms
[2025-07-30T16:37:39.949+0800][5.774s][info][gc,phases   ] GC(120)   Other: 0.1ms
[2025-07-30T16:37:39.949+0800][5.774s][info][gc,heap     ] GC(120) Eden regions: 1018->0(1018)
[2025-07-30T16:37:39.949+0800][5.774s][info][gc,heap     ] GC(120) Survivor regions: 146->146(146)
[2025-07-30T16:37:39.949+0800][5.774s][info][gc,heap     ] GC(120) Old regions: 561->561
[2025-07-30T16:37:39.949+0800][5.774s][info][gc,heap     ] GC(120) Humongous regions: 3->3
[2025-07-30T16:37:39.949+0800][5.775s][info][gc,metaspace] GC(120) Metaspace: 6993K(7360K)->6993K(7360K) NonClass: 6270K(6464K)->6270K(6464K) Class: 722K(896K)->722K(896K)
[2025-07-30T16:37:39.949+0800][5.775s][info][gc          ] GC(120) Pause Young (Normal) (G1 Evacuation Pause) 1726M->709M(2048M) 15.477ms
[2025-07-30T16:37:39.949+0800][5.775s][info][gc,cpu      ] GC(120) User=0.02s Sys=0.00s Real=0.01s
[2025-07-30T16:37:39.950+0800][5.775s][info][safepoint   ] Safepoint "G1CollectForAllocation", Time since last: 36693500 ns, Reaching safepoint: 2400 ns, Cleanup: 2800 ns, At safepoint: 15516100 ns, Total: 15521300 ns
[2025-07-30T16:37:39.986+0800][5.811s][info][gc,start    ] GC(121) Pause Young (Normal) (G1 Evacuation Pause)
[2025-07-30T16:37:39.986+0800][5.811s][info][gc,task     ] GC(121) Using 1 workers of 1 for evacuation
[2025-07-30T16:37:40.002+0800][5.827s][info][gc,phases   ] GC(121)   Pre Evacuate Collection Set: 0.4ms
[2025-07-30T16:37:40.002+0800][5.827s][info][gc,phases   ] GC(121)   Merge Heap Roots: 0.1ms
[2025-07-30T16:37:40.002+0800][5.827s][info][gc,phases   ] GC(121)   Evacuate Collection Set: 15.0ms
[2025-07-30T16:37:40.002+0800][5.827s][info][gc,phases   ] GC(121)   Post Evacuate Collection Set: 0.6ms
[2025-07-30T16:37:40.002+0800][5.827s][info][gc,phases   ] GC(121)   Other: 0.1ms
[2025-07-30T16:37:40.002+0800][5.827s][info][gc,heap     ] GC(121) Eden regions: 1018->0(1017)
[2025-07-30T16:37:40.002+0800][5.828s][info][gc,heap     ] GC(121) Survivor regions: 146->146(146)
[2025-07-30T16:37:40.002+0800][5.828s][info][gc,heap     ] GC(121) Old regions: 561->561
[2025-07-30T16:37:40.002+0800][5.828s][info][gc,heap     ] GC(121) Humongous regions: 3->3
[2025-07-30T16:37:40.002+0800][5.828s][info][gc,metaspace] GC(121) Metaspace: 6993K(7360K)->6993K(7360K) NonClass: 6270K(6464K)->6270K(6464K) Class: 722K(896K)->722K(896K)
[2025-07-30T16:37:40.002+0800][5.828s][info][gc          ] GC(121) Pause Young (Normal) (G1 Evacuation Pause) 1727M->709M(2048M) 16.375ms
[2025-07-30T16:37:40.002+0800][5.828s][info][gc,cpu      ] GC(121) User=0.02s Sys=0.00s Real=0.02s
[2025-07-30T16:37:40.002+0800][5.828s][info][safepoint   ] Safepoint "G1CollectForAllocation", Time since last: 36612700 ns, Reaching safepoint: 3300 ns, Cleanup: 3700 ns, At safepoint: 16417000 ns, Total: 16424000 ns
[2025-07-30T16:37:40.040+0800][5.865s][info][gc,start    ] GC(122) Pause Young (Normal) (G1 Evacuation Pause)
[2025-07-30T16:37:40.040+0800][5.865s][info][gc,task     ] GC(122) Using 1 workers of 1 for evacuation
[2025-07-30T16:37:40.055+0800][5.881s][info][gc,phases   ] GC(122)   Pre Evacuate Collection Set: 0.7ms
[2025-07-30T16:37:40.055+0800][5.881s][info][gc,phases   ] GC(122)   Merge Heap Roots: 0.1ms
[2025-07-30T16:37:40.055+0800][5.881s][info][gc,phases   ] GC(122)   Evacuate Collection Set: 14.2ms
[2025-07-30T16:37:40.055+0800][5.881s][info][gc,phases   ] GC(122)   Post Evacuate Collection Set: 0.7ms
[2025-07-30T16:37:40.055+0800][5.881s][info][gc,phases   ] GC(122)   Other: 0.1ms
[2025-07-30T16:37:40.055+0800][5.881s][info][gc,heap     ] GC(122) Eden regions: 1017->0(1019)
[2025-07-30T16:37:40.055+0800][5.881s][info][gc,heap     ] GC(122) Survivor regions: 146->145(146)
[2025-07-30T16:37:40.055+0800][5.881s][info][gc,heap     ] GC(122) Old regions: 561->561
[2025-07-30T16:37:40.055+0800][5.881s][info][gc,heap     ] GC(122) Humongous regions: 3->3
[2025-07-30T16:37:40.055+0800][5.881s][info][gc,metaspace] GC(122) Metaspace: 6993K(7360K)->6993K(7360K) NonClass: 6270K(6464K)->6270K(6464K) Class: 722K(896K)->722K(896K)
[2025-07-30T16:37:40.055+0800][5.881s][info][gc          ] GC(122) Pause Young (Normal) (G1 Evacuation Pause) 1726M->708M(2048M) 15.895ms
[2025-07-30T16:37:40.055+0800][5.881s][info][gc,cpu      ] GC(122) User=0.02s Sys=0.00s Real=0.02s
[2025-07-30T16:37:40.055+0800][5.881s][info][safepoint   ] Safepoint "G1CollectForAllocation", Time since last: 37314600 ns, Reaching safepoint: 3400 ns, Cleanup: 3900 ns, At safepoint: 15935700 ns, Total: 15943000 ns
[2025-07-30T16:37:40.092+0800][5.918s][info][gc,start    ] GC(123) Pause Young (Normal) (G1 Evacuation Pause)
[2025-07-30T16:37:40.092+0800][5.918s][info][gc,task     ] GC(123) Using 1 workers of 1 for evacuation
[2025-07-30T16:37:40.106+0800][5.932s][info][gc,phases   ] GC(123)   Pre Evacuate Collection Set: 0.4ms
[2025-07-30T16:37:40.107+0800][5.932s][info][gc,phases   ] GC(123)   Merge Heap Roots: 0.1ms
[2025-07-30T16:37:40.107+0800][5.932s][info][gc,phases   ] GC(123)   Evacuate Collection Set: 13.4ms
[2025-07-30T16:37:40.107+0800][5.932s][info][gc,phases   ] GC(123)   Post Evacuate Collection Set: 0.6ms
[2025-07-30T16:37:40.107+0800][5.932s][info][gc,phases   ] GC(123)   Other: 0.1ms
[2025-07-30T16:37:40.107+0800][5.932s][info][gc,heap     ] GC(123) Eden regions: 1019->0(1017)
[2025-07-30T16:37:40.107+0800][5.932s][info][gc,heap     ] GC(123) Survivor regions: 145->146(146)
[2025-07-30T16:37:40.107+0800][5.932s][info][gc,heap     ] GC(123) Old regions: 561->561
[2025-07-30T16:37:40.107+0800][5.932s][info][gc,heap     ] GC(123) Humongous regions: 3->3
[2025-07-30T16:37:40.107+0800][5.932s][info][gc,metaspace] GC(123) Metaspace: 6993K(7360K)->6993K(7360K) NonClass: 6270K(6464K)->6270K(6464K) Class: 722K(896K)->722K(896K)
[2025-07-30T16:37:40.107+0800][5.932s][info][gc          ] GC(123) Pause Young (Normal) (G1 Evacuation Pause) 1727M->709M(2048M) 14.720ms
[2025-07-30T16:37:40.107+0800][5.932s][info][gc,cpu      ] GC(123) User=0.02s Sys=0.00s Real=0.02s
[2025-07-30T16:37:40.107+0800][5.932s][info][safepoint   ] Safepoint "G1CollectForAllocation", Time since last: 36651200 ns, Reaching safepoint: 2600 ns, Cleanup: 3400 ns, At safepoint: 14759600 ns, Total: 14765600 ns
[2025-07-30T16:37:40.143+0800][5.969s][info][gc,start    ] GC(124) Pause Young (Normal) (G1 Evacuation Pause)
[2025-07-30T16:37:40.143+0800][5.969s][info][gc,task     ] GC(124) Using 1 workers of 1 for evacuation
[2025-07-30T16:37:40.158+0800][5.984s][info][gc,phases   ] GC(124)   Pre Evacuate Collection Set: 0.4ms
[2025-07-30T16:37:40.158+0800][5.984s][info][gc,phases   ] GC(124)   Merge Heap Roots: 0.1ms
[2025-07-30T16:37:40.158+0800][5.984s][info][gc,phases   ] GC(124)   Evacuate Collection Set: 14.2ms
[2025-07-30T16:37:40.158+0800][5.984s][info][gc,phases   ] GC(124)   Post Evacuate Collection Set: 0.6ms
[2025-07-30T16:37:40.158+0800][5.984s][info][gc,phases   ] GC(124)   Other: 0.1ms
[2025-07-30T16:37:40.158+0800][5.984s][info][gc,heap     ] GC(124) Eden regions: 1017->0(1018)
[2025-07-30T16:37:40.158+0800][5.984s][info][gc,heap     ] GC(124) Survivor regions: 146->145(146)
[2025-07-30T16:37:40.158+0800][5.984s][info][gc,heap     ] GC(124) Old regions: 561->561
[2025-07-30T16:37:40.158+0800][5.984s][info][gc,heap     ] GC(124) Humongous regions: 3->3
[2025-07-30T16:37:40.158+0800][5.984s][info][gc,metaspace] GC(124) Metaspace: 6993K(7360K)->6993K(7360K) NonClass: 6270K(6464K)->6270K(6464K) Class: 722K(896K)->722K(896K)
[2025-07-30T16:37:40.158+0800][5.984s][info][gc          ] GC(124) Pause Young (Normal) (G1 Evacuation Pause) 1726M->708M(2048M) 15.508ms
[2025-07-30T16:37:40.158+0800][5.984s][info][gc,cpu      ] GC(124) User=0.02s Sys=0.00s Real=0.02s
[2025-07-30T16:37:40.158+0800][5.984s][info][safepoint   ] Safepoint "G1CollectForAllocation", Time since last: 36226200 ns, Reaching safepoint: 3500 ns, Cleanup: 3900 ns, At safepoint: 15549200 ns, Total: 15556600 ns
[2025-07-30T16:37:40.196+0800][6.021s][info][gc,start    ] GC(125) Pause Young (Normal) (G1 Evacuation Pause)
[2025-07-30T16:37:40.196+0800][6.021s][info][gc,task     ] GC(125) Using 1 workers of 1 for evacuation
[2025-07-30T16:37:40.211+0800][6.036s][info][gc,phases   ] GC(125)   Pre Evacuate Collection Set: 0.4ms
[2025-07-30T16:37:40.211+0800][6.036s][info][gc,phases   ] GC(125)   Merge Heap Roots: 0.1ms
[2025-07-30T16:37:40.211+0800][6.036s][info][gc,phases   ] GC(125)   Evacuate Collection Set: 14.3ms
[2025-07-30T16:37:40.211+0800][6.036s][info][gc,phases   ] GC(125)   Post Evacuate Collection Set: 0.7ms
[2025-07-30T16:37:40.211+0800][6.036s][info][gc,phases   ] GC(125)   Other: 0.1ms
[2025-07-30T16:37:40.211+0800][6.036s][info][gc,heap     ] GC(125) Eden regions: 1018->0(1018)
[2025-07-30T16:37:40.211+0800][6.036s][info][gc,heap     ] GC(125) Survivor regions: 145->146(146)
[2025-07-30T16:37:40.211+0800][6.036s][info][gc,heap     ] GC(125) Old regions: 561->561
[2025-07-30T16:37:40.211+0800][6.036s][info][gc,heap     ] GC(125) Humongous regions: 3->3
[2025-07-30T16:37:40.211+0800][6.036s][info][gc,metaspace] GC(125) Metaspace: 6993K(7360K)->6993K(7360K) NonClass: 6270K(6464K)->6270K(6464K) Class: 722K(896K)->722K(896K)
[2025-07-30T16:37:40.211+0800][6.036s][info][gc          ] GC(125) Pause Young (Normal) (G1 Evacuation Pause) 1726M->708M(2048M) 15.676ms
[2025-07-30T16:37:40.211+0800][6.036s][info][gc,cpu      ] GC(125) User=0.02s Sys=0.00s Real=0.01s
[2025-07-30T16:37:40.211+0800][6.036s][info][safepoint   ] Safepoint "G1CollectForAllocation", Time since last: 36552100 ns, Reaching safepoint: 4000 ns, Cleanup: 4900 ns, At safepoint: 15718200 ns, Total: 15727100 ns
[2025-07-30T16:37:40.248+0800][6.073s][info][gc,start    ] GC(126) Pause Young (Normal) (G1 Evacuation Pause)
[2025-07-30T16:37:40.248+0800][6.073s][info][gc,task     ] GC(126) Using 1 workers of 1 for evacuation
[2025-07-30T16:37:40.263+0800][6.088s][info][gc,phases   ] GC(126)   Pre Evacuate Collection Set: 0.3ms
[2025-07-30T16:37:40.263+0800][6.088s][info][gc,phases   ] GC(126)   Merge Heap Roots: 0.0ms
[2025-07-30T16:37:40.263+0800][6.088s][info][gc,phases   ] GC(126)   Evacuate Collection Set: 14.1ms
[2025-07-30T16:37:40.263+0800][6.088s][info][gc,phases   ] GC(126)   Post Evacuate Collection Set: 0.6ms
[2025-07-30T16:37:40.263+0800][6.088s][info][gc,phases   ] GC(126)   Other: 0.1ms
[2025-07-30T16:37:40.263+0800][6.088s][info][gc,heap     ] GC(126) Eden regions: 1018->0(1018)
[2025-07-30T16:37:40.263+0800][6.088s][info][gc,heap     ] GC(126) Survivor regions: 146->146(146)
[2025-07-30T16:37:40.263+0800][6.088s][info][gc,heap     ] GC(126) Old regions: 561->561
[2025-07-30T16:37:40.263+0800][6.088s][info][gc,heap     ] GC(126) Humongous regions: 3->3
[2025-07-30T16:37:40.263+0800][6.088s][info][gc,metaspace] GC(126) Metaspace: 6993K(7360K)->6993K(7360K) NonClass: 6270K(6464K)->6270K(6464K) Class: 722K(896K)->722K(896K)
[2025-07-30T16:37:40.263+0800][6.088s][info][gc          ] GC(126) Pause Young (Normal) (G1 Evacuation Pause) 1726M->708M(2048M) 15.411ms
[2025-07-30T16:37:40.263+0800][6.088s][info][gc,cpu      ] GC(126) User=0.02s Sys=0.00s Real=0.02s
[2025-07-30T16:37:40.263+0800][6.088s][info][safepoint   ] Safepoint "G1CollectForAllocation", Time since last: 36340800 ns, Reaching safepoint: 2200 ns, Cleanup: 2400 ns, At safepoint: 15449700 ns, Total: 15454300 ns
[2025-07-30T16:37:40.299+0800][6.125s][info][gc,start    ] GC(127) Pause Young (Normal) (G1 Evacuation Pause)
[2025-07-30T16:37:40.299+0800][6.125s][info][gc,task     ] GC(127) Using 1 workers of 1 for evacuation
[2025-07-30T16:37:40.315+0800][6.140s][info][gc,phases   ] GC(127)   Pre Evacuate Collection Set: 0.3ms
[2025-07-30T16:37:40.315+0800][6.140s][info][gc,phases   ] GC(127)   Merge Heap Roots: 0.0ms
[2025-07-30T16:37:40.315+0800][6.140s][info][gc,phases   ] GC(127)   Evacuate Collection Set: 14.4ms
[2025-07-30T16:37:40.315+0800][6.140s][info][gc,phases   ] GC(127)   Post Evacuate Collection Set: 0.6ms
[2025-07-30T16:37:40.315+0800][6.140s][info][gc,phases   ] GC(127)   Other: 0.1ms
[2025-07-30T16:37:40.315+0800][6.140s][info][gc,heap     ] GC(127) Eden regions: 1018->0(1018)
[2025-07-30T16:37:40.315+0800][6.140s][info][gc,heap     ] GC(127) Survivor regions: 146->146(146)
[2025-07-30T16:37:40.315+0800][6.140s][info][gc,heap     ] GC(127) Old regions: 561->561
[2025-07-30T16:37:40.315+0800][6.140s][info][gc,heap     ] GC(127) Humongous regions: 3->3
[2025-07-30T16:37:40.315+0800][6.140s][info][gc,metaspace] GC(127) Metaspace: 6993K(7360K)->6993K(7360K) NonClass: 6270K(6464K)->6270K(6464K) Class: 722K(896K)->722K(896K)
[2025-07-30T16:37:40.315+0800][6.141s][info][gc          ] GC(127) Pause Young (Normal) (G1 Evacuation Pause) 1726M->708M(2048M) 15.834ms
[2025-07-30T16:37:40.315+0800][6.141s][info][gc,cpu      ] GC(127) User=0.02s Sys=0.00s Real=0.02s
[2025-07-30T16:37:40.315+0800][6.141s][info][safepoint   ] Safepoint "G1CollectForAllocation", Time since last: 36528800 ns, Reaching safepoint: 2200 ns, Cleanup: 2700 ns, At safepoint: 15905500 ns, Total: 15910400 ns
[2025-07-30T16:37:40.352+0800][6.177s][info][gc,start    ] GC(128) Pause Young (Normal) (G1 Evacuation Pause)
[2025-07-30T16:37:40.352+0800][6.178s][info][gc,task     ] GC(128) Using 1 workers of 1 for evacuation
[2025-07-30T16:37:40.368+0800][6.193s][info][gc,phases   ] GC(128)   Pre Evacuate Collection Set: 0.3ms
[2025-07-30T16:37:40.368+0800][6.193s][info][gc,phases   ] GC(128)   Merge Heap Roots: 0.1ms
[2025-07-30T16:37:40.368+0800][6.193s][info][gc,phases   ] GC(128)   Evacuate Collection Set: 14.2ms
[2025-07-30T16:37:40.368+0800][6.193s][info][gc,phases   ] GC(128)   Post Evacuate Collection Set: 0.7ms
[2025-07-30T16:37:40.368+0800][6.193s][info][gc,phases   ] GC(128)   Other: 0.1ms
[2025-07-30T16:37:40.368+0800][6.193s][info][gc,heap     ] GC(128) Eden regions: 1018->0(1018)
[2025-07-30T16:37:40.368+0800][6.193s][info][gc,heap     ] GC(128) Survivor regions: 146->146(146)
[2025-07-30T16:37:40.368+0800][6.193s][info][gc,heap     ] GC(128) Old regions: 561->561
[2025-07-30T16:37:40.368+0800][6.193s][info][gc,heap     ] GC(128) Humongous regions: 3->3
[2025-07-30T16:37:40.368+0800][6.193s][info][gc,metaspace] GC(128) Metaspace: 6993K(7360K)->6993K(7360K) NonClass: 6270K(6464K)->6270K(6464K) Class: 722K(896K)->722K(896K)
[2025-07-30T16:37:40.368+0800][6.193s][info][gc          ] GC(128) Pause Young (Normal) (G1 Evacuation Pause) 1726M->708M(2048M) 15.484ms
[2025-07-30T16:37:40.368+0800][6.193s][info][gc,cpu      ] GC(128) User=0.02s Sys=0.00s Real=0.02s
[2025-07-30T16:37:40.368+0800][6.193s][info][safepoint   ] Safepoint "G1CollectForAllocation", Time since last: 36908100 ns, Reaching safepoint: 2300 ns, Cleanup: 2800 ns, At safepoint: 15523400 ns, Total: 15528500 ns
[2025-07-30T16:37:40.404+0800][6.230s][info][gc,start    ] GC(129) Pause Young (Normal) (G1 Evacuation Pause)
[2025-07-30T16:37:40.404+0800][6.230s][info][gc,task     ] GC(129) Using 1 workers of 1 for evacuation
[2025-07-30T16:37:40.419+0800][6.245s][info][gc,phases   ] GC(129)   Pre Evacuate Collection Set: 0.4ms
[2025-07-30T16:37:40.419+0800][6.245s][info][gc,phases   ] GC(129)   Merge Heap Roots: 0.1ms
[2025-07-30T16:37:40.419+0800][6.245s][info][gc,phases   ] GC(129)   Evacuate Collection Set: 14.0ms
[2025-07-30T16:37:40.419+0800][6.245s][info][gc,phases   ] GC(129)   Post Evacuate Collection Set: 0.6ms
[2025-07-30T16:37:40.419+0800][6.245s][info][gc,phases   ] GC(129)   Other: 0.1ms
[2025-07-30T16:37:40.419+0800][6.245s][info][gc,heap     ] GC(129) Eden regions: 1018->0(1018)
[2025-07-30T16:37:40.419+0800][6.245s][info][gc,heap     ] GC(129) Survivor regions: 146->146(146)
[2025-07-30T16:37:40.419+0800][6.245s][info][gc,heap     ] GC(129) Old regions: 561->561
[2025-07-30T16:37:40.419+0800][6.245s][info][gc,heap     ] GC(129) Humongous regions: 3->3
[2025-07-30T16:37:40.419+0800][6.245s][info][gc,metaspace] GC(129) Metaspace: 6993K(7360K)->6993K(7360K) NonClass: 6270K(6464K)->6270K(6464K) Class: 722K(896K)->722K(896K)
[2025-07-30T16:37:40.419+0800][6.245s][info][gc          ] GC(129) Pause Young (Normal) (G1 Evacuation Pause) 1726M->708M(2048M) 15.279ms
[2025-07-30T16:37:40.419+0800][6.245s][info][gc,cpu      ] GC(129) User=0.02s Sys=0.00s Real=0.01s
[2025-07-30T16:37:40.419+0800][6.245s][info][safepoint   ] Safepoint "G1CollectForAllocation", Time since last: 36701900 ns, Reaching safepoint: 3000 ns, Cleanup: 3300 ns, At safepoint: 15319400 ns, Total: 15325700 ns
[2025-07-30T16:37:40.456+0800][6.282s][info][gc,start    ] GC(130) Pause Young (Normal) (G1 Evacuation Pause)
[2025-07-30T16:37:40.456+0800][6.282s][info][gc,task     ] GC(130) Using 1 workers of 1 for evacuation
[2025-07-30T16:37:40.471+0800][6.297s][info][gc,phases   ] GC(130)   Pre Evacuate Collection Set: 0.5ms
[2025-07-30T16:37:40.471+0800][6.297s][info][gc,phases   ] GC(130)   Merge Heap Roots: 0.1ms
[2025-07-30T16:37:40.471+0800][6.297s][info][gc,phases   ] GC(130)   Evacuate Collection Set: 13.8ms
[2025-07-30T16:37:40.471+0800][6.297s][info][gc,phases   ] GC(130)   Post Evacuate Collection Set: 0.7ms
[2025-07-30T16:37:40.471+0800][6.297s][info][gc,phases   ] GC(130)   Other: 0.1ms
[2025-07-30T16:37:40.471+0800][6.297s][info][gc,heap     ] GC(130) Eden regions: 1018->0(1017)
[2025-07-30T16:37:40.471+0800][6.297s][info][gc,heap     ] GC(130) Survivor regions: 146->146(146)
[2025-07-30T16:37:40.471+0800][6.297s][info][gc,heap     ] GC(130) Old regions: 561->561
[2025-07-30T16:37:40.471+0800][6.297s][info][gc,heap     ] GC(130) Humongous regions: 3->3
[2025-07-30T16:37:40.471+0800][6.297s][info][gc,metaspace] GC(130) Metaspace: 6993K(7360K)->6993K(7360K) NonClass: 6270K(6464K)->6270K(6464K) Class: 722K(896K)->722K(896K)
[2025-07-30T16:37:40.471+0800][6.297s][info][gc          ] GC(130) Pause Young (Normal) (G1 Evacuation Pause) 1726M->709M(2048M) 15.360ms
[2025-07-30T16:37:40.471+0800][6.297s][info][gc,cpu      ] GC(130) User=0.02s Sys=0.00s Real=0.01s
[2025-07-30T16:37:40.471+0800][6.297s][info][safepoint   ] Safepoint "G1CollectForAllocation", Time since last: 36838700 ns, Reaching safepoint: 3600 ns, Cleanup: 4200 ns, At safepoint: 15403900 ns, Total: 15411700 ns
[2025-07-30T16:37:40.510+0800][6.335s][info][gc,start    ] GC(131) Pause Young (Normal) (G1 Evacuation Pause)
[2025-07-30T16:37:40.510+0800][6.335s][info][gc,task     ] GC(131) Using 1 workers of 1 for evacuation
[2025-07-30T16:37:40.526+0800][6.352s][info][gc,phases   ] GC(131)   Pre Evacuate Collection Set: 0.5ms
[2025-07-30T16:37:40.527+0800][6.352s][info][gc,phases   ] GC(131)   Merge Heap Roots: 0.1ms
[2025-07-30T16:37:40.527+0800][6.352s][info][gc,phases   ] GC(131)   Evacuate Collection Set: 15.1ms
[2025-07-30T16:37:40.527+0800][6.352s][info][gc,phases   ] GC(131)   Post Evacuate Collection Set: 0.7ms
[2025-07-30T16:37:40.527+0800][6.352s][info][gc,phases   ] GC(131)   Other: 0.1ms
[2025-07-30T16:37:40.527+0800][6.352s][info][gc,heap     ] GC(131) Eden regions: 1017->0(1019)
[2025-07-30T16:37:40.527+0800][6.352s][info][gc,heap     ] GC(131) Survivor regions: 146->145(146)
[2025-07-30T16:37:40.527+0800][6.352s][info][gc,heap     ] GC(131) Old regions: 561->561
[2025-07-30T16:37:40.527+0800][6.352s][info][gc,heap     ] GC(131) Humongous regions: 3->3
[2025-07-30T16:37:40.527+0800][6.352s][info][gc,metaspace] GC(131) Metaspace: 6993K(7360K)->6993K(7360K) NonClass: 6270K(6464K)->6270K(6464K) Class: 722K(896K)->722K(896K)
[2025-07-30T16:37:40.527+0800][6.352s][info][gc          ] GC(131) Pause Young (Normal) (G1 Evacuation Pause) 1726M->708M(2048M) 16.601ms
[2025-07-30T16:37:40.527+0800][6.352s][info][gc,cpu      ] GC(131) User=0.02s Sys=0.00s Real=0.02s
[2025-07-30T16:37:40.527+0800][6.352s][info][safepoint   ] Safepoint "G1CollectForAllocation", Time since last: 38019200 ns, Reaching safepoint: 4100 ns, Cleanup: 4200 ns, At safepoint: 16645000 ns, Total: 16653300 ns
[2025-07-30T16:37:40.564+0800][6.389s][info][gc,start    ] GC(132) Pause Young (Normal) (G1 Evacuation Pause)
[2025-07-30T16:37:40.564+0800][6.389s][info][gc,task     ] GC(132) Using 1 workers of 1 for evacuation
[2025-07-30T16:37:40.579+0800][6.404s][info][gc,phases   ] GC(132)   Pre Evacuate Collection Set: 0.3ms
[2025-07-30T16:37:40.579+0800][6.404s][info][gc,phases   ] GC(132)   Merge Heap Roots: 0.0ms
[2025-07-30T16:37:40.579+0800][6.404s][info][gc,phases   ] GC(132)   Evacuate Collection Set: 14.4ms
[2025-07-30T16:37:40.579+0800][6.404s][info][gc,phases   ] GC(132)   Post Evacuate Collection Set: 0.6ms
[2025-07-30T16:37:40.579+0800][6.404s][info][gc,phases   ] GC(132)   Other: 0.1ms
[2025-07-30T16:37:40.579+0800][6.404s][info][gc,heap     ] GC(132) Eden regions: 1019->0(1017)
[2025-07-30T16:37:40.579+0800][6.404s][info][gc,heap     ] GC(132) Survivor regions: 145->146(146)
[2025-07-30T16:37:40.579+0800][6.404s][info][gc,heap     ] GC(132) Old regions: 561->561
[2025-07-30T16:37:40.579+0800][6.404s][info][gc,heap     ] GC(132) Humongous regions: 3->3
[2025-07-30T16:37:40.579+0800][6.404s][info][gc,metaspace] GC(132) Metaspace: 6993K(7360K)->6993K(7360K) NonClass: 6270K(6464K)->6270K(6464K) Class: 722K(896K)->722K(896K)
[2025-07-30T16:37:40.579+0800][6.404s][info][gc          ] GC(132) Pause Young (Normal) (G1 Evacuation Pause) 1727M->709M(2048M) 15.619ms
[2025-07-30T16:37:40.580+0800][6.404s][info][gc,cpu      ] GC(132) User=0.02s Sys=0.00s Real=0.02s
[2025-07-30T16:37:40.580+0800][6.405s][info][safepoint   ] Safepoint "G1CollectForAllocation", Time since last: 36894500 ns, Reaching safepoint: 2600 ns, Cleanup: 2700 ns, At safepoint: 15656900 ns, Total: 15662200 ns
[2025-07-30T16:37:40.616+0800][6.441s][info][gc,start    ] GC(133) Pause Young (Normal) (G1 Evacuation Pause)
[2025-07-30T16:37:40.616+0800][6.441s][info][gc,task     ] GC(133) Using 1 workers of 1 for evacuation
[2025-07-30T16:37:40.632+0800][6.457s][info][gc,phases   ] GC(133)   Pre Evacuate Collection Set: 0.4ms
[2025-07-30T16:37:40.632+0800][6.458s][info][gc,phases   ] GC(133)   Merge Heap Roots: 0.1ms
[2025-07-30T16:37:40.632+0800][6.458s][info][gc,phases   ] GC(133)   Evacuate Collection Set: 14.6ms
[2025-07-30T16:37:40.632+0800][6.458s][info][gc,phases   ] GC(133)   Post Evacuate Collection Set: 1.0ms
[2025-07-30T16:37:40.632+0800][6.458s][info][gc,phases   ] GC(133)   Other: 0.1ms
[2025-07-30T16:37:40.632+0800][6.458s][info][gc,heap     ] GC(133) Eden regions: 1017->0(1019)
[2025-07-30T16:37:40.632+0800][6.458s][info][gc,heap     ] GC(133) Survivor regions: 146->145(146)
[2025-07-30T16:37:40.632+0800][6.458s][info][gc,heap     ] GC(133) Old regions: 561->561
[2025-07-30T16:37:40.632+0800][6.458s][info][gc,heap     ] GC(133) Humongous regions: 3->3
[2025-07-30T16:37:40.632+0800][6.458s][info][gc,metaspace] GC(133) Metaspace: 6993K(7360K)->6993K(7360K) NonClass: 6270K(6464K)->6270K(6464K) Class: 722K(896K)->722K(896K)
[2025-07-30T16:37:40.632+0800][6.458s][info][gc          ] GC(133) Pause Young (Normal) (G1 Evacuation Pause) 1726M->708M(2048M) 16.269ms
[2025-07-30T16:37:40.632+0800][6.458s][info][gc,cpu      ] GC(133) User=0.02s Sys=0.00s Real=0.02s
[2025-07-30T16:37:40.632+0800][6.458s][info][safepoint   ] Safepoint "G1CollectForAllocation", Time since last: 36844000 ns, Reaching safepoint: 3500 ns, Cleanup: 4300 ns, At safepoint: 16311500 ns, Total: 16319300 ns
[2025-07-30T16:37:40.671+0800][6.496s][info][gc,start    ] GC(134) Pause Young (Normal) (G1 Evacuation Pause)
[2025-07-30T16:37:40.671+0800][6.496s][info][gc,task     ] GC(134) Using 1 workers of 1 for evacuation
[2025-07-30T16:37:40.687+0800][6.513s][info][gc,phases   ] GC(134)   Pre Evacuate Collection Set: 0.4ms
[2025-07-30T16:37:40.687+0800][6.513s][info][gc,phases   ] GC(134)   Merge Heap Roots: 0.1ms
[2025-07-30T16:37:40.687+0800][6.513s][info][gc,phases   ] GC(134)   Evacuate Collection Set: 15.7ms
[2025-07-30T16:37:40.687+0800][6.513s][info][gc,phases   ] GC(134)   Post Evacuate Collection Set: 0.7ms
[2025-07-30T16:37:40.687+0800][6.513s][info][gc,phases   ] GC(134)   Other: 0.1ms
[2025-07-30T16:37:40.687+0800][6.513s][info][gc,heap     ] GC(134) Eden regions: 1019->0(1017)
[2025-07-30T16:37:40.687+0800][6.513s][info][gc,heap     ] GC(134) Survivor regions: 145->146(146)
[2025-07-30T16:37:40.687+0800][6.513s][info][gc,heap     ] GC(134) Old regions: 561->561
[2025-07-30T16:37:40.687+0800][6.513s][info][gc,heap     ] GC(134) Humongous regions: 3->3
[2025-07-30T16:37:40.687+0800][6.513s][info][gc,metaspace] GC(134) Metaspace: 6993K(7360K)->6993K(7360K) NonClass: 6270K(6464K)->6270K(6464K) Class: 722K(896K)->722K(896K)
[2025-07-30T16:37:40.687+0800][6.513s][info][gc          ] GC(134) Pause Young (Normal) (G1 Evacuation Pause) 1727M->709M(2048M) 17.044ms
[2025-07-30T16:37:40.687+0800][6.513s][info][gc,cpu      ] GC(134) User=0.02s Sys=0.00s Real=0.02s
[2025-07-30T16:37:40.687+0800][6.513s][info][safepoint   ] Safepoint "G1CollectForAllocation", Time since last: 38113300 ns, Reaching safepoint: 3300 ns, Cleanup: 3800 ns, At safepoint: 17084000 ns, Total: 17091100 ns
[2025-07-30T16:37:40.725+0800][6.550s][info][gc,start    ] GC(135) Pause Young (Normal) (G1 Evacuation Pause)
[2025-07-30T16:37:40.725+0800][6.550s][info][gc,task     ] GC(135) Using 1 workers of 1 for evacuation
[2025-07-30T16:37:40.741+0800][6.566s][info][gc,phases   ] GC(135)   Pre Evacuate Collection Set: 0.3ms
[2025-07-30T16:37:40.741+0800][6.566s][info][gc,phases   ] GC(135)   Merge Heap Roots: 0.1ms
[2025-07-30T16:37:40.741+0800][6.566s][info][gc,phases   ] GC(135)   Evacuate Collection Set: 13.9ms
[2025-07-30T16:37:40.741+0800][6.566s][info][gc,phases   ] GC(135)   Post Evacuate Collection Set: 0.9ms
[2025-07-30T16:37:40.741+0800][6.566s][info][gc,phases   ] GC(135)   Other: 0.1ms
[2025-07-30T16:37:40.741+0800][6.566s][info][gc,heap     ] GC(135) Eden regions: 1017->0(1017)
[2025-07-30T16:37:40.741+0800][6.566s][info][gc,heap     ] GC(135) Survivor regions: 146->146(146)
[2025-07-30T16:37:40.741+0800][6.566s][info][gc,heap     ] GC(135) Old regions: 561->561
[2025-07-30T16:37:40.741+0800][6.566s][info][gc,heap     ] GC(135) Humongous regions: 3->3
[2025-07-30T16:37:40.741+0800][6.566s][info][gc,metaspace] GC(135) Metaspace: 6993K(7360K)->6993K(7360K) NonClass: 6270K(6464K)->6270K(6464K) Class: 722K(896K)->722K(896K)
[2025-07-30T16:37:40.741+0800][6.566s][info][gc          ] GC(135) Pause Young (Normal) (G1 Evacuation Pause) 1726M->708M(2048M) 15.501ms
[2025-07-30T16:37:40.741+0800][6.566s][info][gc,cpu      ] GC(135) User=0.02s Sys=0.00s Real=0.02s
[2025-07-30T16:37:40.741+0800][6.566s][info][safepoint   ] Safepoint "G1CollectForAllocation", Time since last: 37549700 ns, Reaching safepoint: 2600 ns, Cleanup: 3000 ns, At safepoint: 15539700 ns, Total: 15545300 ns
[2025-07-30T16:37:40.778+0800][6.603s][info][gc,start    ] GC(136) Pause Young (Normal) (G1 Evacuation Pause)
[2025-07-30T16:37:40.778+0800][6.603s][info][gc,task     ] GC(136) Using 1 workers of 1 for evacuation
[2025-07-30T16:37:40.794+0800][6.620s][info][gc,phases   ] GC(136)   Pre Evacuate Collection Set: 0.4ms
[2025-07-30T16:37:40.794+0800][6.620s][info][gc,phases   ] GC(136)   Merge Heap Roots: 0.1ms
[2025-07-30T16:37:40.794+0800][6.620s][info][gc,phases   ] GC(136)   Evacuate Collection Set: 15.2ms
[2025-07-30T16:37:40.794+0800][6.620s][info][gc,phases   ] GC(136)   Post Evacuate Collection Set: 0.7ms
[2025-07-30T16:37:40.794+0800][6.620s][info][gc,phases   ] GC(136)   Other: 0.1ms
[2025-07-30T16:37:40.794+0800][6.620s][info][gc,heap     ] GC(136) Eden regions: 1017->0(1019)
[2025-07-30T16:37:40.794+0800][6.620s][info][gc,heap     ] GC(136) Survivor regions: 146->145(146)
[2025-07-30T16:37:40.794+0800][6.620s][info][gc,heap     ] GC(136) Old regions: 561->561
[2025-07-30T16:37:40.794+0800][6.620s][info][gc,heap     ] GC(136) Humongous regions: 3->3
[2025-07-30T16:37:40.794+0800][6.620s][info][gc,metaspace] GC(136) Metaspace: 6993K(7360K)->6993K(7360K) NonClass: 6270K(6464K)->6270K(6464K) Class: 722K(896K)->722K(896K)
[2025-07-30T16:37:40.794+0800][6.620s][info][gc          ] GC(136) Pause Young (Normal) (G1 Evacuation Pause) 1725M->707M(2048M) 16.589ms
[2025-07-30T16:37:40.794+0800][6.620s][info][gc,cpu      ] GC(136) User=0.02s Sys=0.02s Real=0.02s
[2025-07-30T16:37:40.794+0800][6.620s][info][safepoint   ] Safepoint "G1CollectForAllocation", Time since last: 37172800 ns, Reaching safepoint: 2800 ns, Cleanup: 2900 ns, At safepoint: 16627300 ns, Total: 16633000 ns
[2025-07-30T16:37:40.832+0800][6.657s][info][gc,start    ] GC(137) Pause Young (Normal) (G1 Evacuation Pause)
[2025-07-30T16:37:40.832+0800][6.657s][info][gc,task     ] GC(137) Using 1 workers of 1 for evacuation
[2025-07-30T16:37:40.847+0800][6.672s][info][gc,phases   ] GC(137)   Pre Evacuate Collection Set: 0.4ms
[2025-07-30T16:37:40.847+0800][6.672s][info][gc,phases   ] GC(137)   Merge Heap Roots: 0.1ms
[2025-07-30T16:37:40.847+0800][6.672s][info][gc,phases   ] GC(137)   Evacuate Collection Set: 14.0ms
[2025-07-30T16:37:40.847+0800][6.672s][info][gc,phases   ] GC(137)   Post Evacuate Collection Set: 0.6ms
[2025-07-30T16:37:40.847+0800][6.672s][info][gc,phases   ] GC(137)   Other: 0.1ms
[2025-07-30T16:37:40.847+0800][6.672s][info][gc,heap     ] GC(137) Eden regions: 1019->0(1018)
[2025-07-30T16:37:40.847+0800][6.672s][info][gc,heap     ] GC(137) Survivor regions: 145->146(146)
[2025-07-30T16:37:40.847+0800][6.672s][info][gc,heap     ] GC(137) Old regions: 561->561
[2025-07-30T16:37:40.847+0800][6.672s][info][gc,heap     ] GC(137) Humongous regions: 3->3
[2025-07-30T16:37:40.847+0800][6.672s][info][gc,metaspace] GC(137) Metaspace: 6999K(7360K)->6999K(7360K) NonClass: 6276K(6464K)->6276K(6464K) Class: 722K(896K)->722K(896K)
[2025-07-30T16:37:40.847+0800][6.672s][info][gc          ] GC(137) Pause Young (Normal) (G1 Evacuation Pause) 1726M->708M(2048M) 15.332ms
[2025-07-30T16:37:40.847+0800][6.672s][info][gc,cpu      ] GC(137) User=0.02s Sys=0.00s Real=0.01s
[2025-07-30T16:37:40.847+0800][6.672s][info][safepoint   ] Safepoint "G1CollectForAllocation", Time since last: 37226800 ns, Reaching safepoint: 3300 ns, Cleanup: 2900 ns, At safepoint: 15369700 ns, Total: 15375900 ns
[2025-07-30T16:37:40.884+0800][6.710s][info][gc,start    ] GC(138) Pause Young (Normal) (G1 Evacuation Pause)
[2025-07-30T16:37:40.884+0800][6.710s][info][gc,task     ] GC(138) Using 1 workers of 1 for evacuation
[2025-07-30T16:37:40.900+0800][6.725s][info][gc,phases   ] GC(138)   Pre Evacuate Collection Set: 0.4ms
[2025-07-30T16:37:40.900+0800][6.725s][info][gc,phases   ] GC(138)   Merge Heap Roots: 0.1ms
[2025-07-30T16:37:40.900+0800][6.725s][info][gc,phases   ] GC(138)   Evacuate Collection Set: 14.1ms
[2025-07-30T16:37:40.900+0800][6.725s][info][gc,phases   ] GC(138)   Post Evacuate Collection Set: 0.7ms
[2025-07-30T16:37:40.900+0800][6.725s][info][gc,phases   ] GC(138)   Other: 0.1ms
[2025-07-30T16:37:40.900+0800][6.725s][info][gc,heap     ] GC(138) Eden regions: 1018->0(1018)
[2025-07-30T16:37:40.900+0800][6.725s][info][gc,heap     ] GC(138) Survivor regions: 146->146(146)
[2025-07-30T16:37:40.900+0800][6.725s][info][gc,heap     ] GC(138) Old regions: 561->561
[2025-07-30T16:37:40.900+0800][6.725s][info][gc,heap     ] GC(138) Humongous regions: 3->3
[2025-07-30T16:37:40.900+0800][6.725s][info][gc,metaspace] GC(138) Metaspace: 6999K(7360K)->6999K(7360K) NonClass: 6276K(6464K)->6276K(6464K) Class: 722K(896K)->722K(896K)
[2025-07-30T16:37:40.900+0800][6.725s][info][gc          ] GC(138) Pause Young (Normal) (G1 Evacuation Pause) 1726M->708M(2048M) 15.441ms
[2025-07-30T16:37:40.900+0800][6.725s][info][gc,cpu      ] GC(138) User=0.02s Sys=0.00s Real=0.02s
[2025-07-30T16:37:40.900+0800][6.725s][info][safepoint   ] Safepoint "G1CollectForAllocation", Time since last: 37217800 ns, Reaching safepoint: 2300 ns, Cleanup: 3200 ns, At safepoint: 15480800 ns, Total: 15486300 ns
[2025-07-30T16:37:40.937+0800][6.762s][info][gc,start    ] GC(139) Pause Young (Normal) (G1 Evacuation Pause)
[2025-07-30T16:37:40.937+0800][6.762s][info][gc,task     ] GC(139) Using 1 workers of 1 for evacuation
[2025-07-30T16:37:40.953+0800][6.778s][info][gc,phases   ] GC(139)   Pre Evacuate Collection Set: 0.3ms
[2025-07-30T16:37:40.953+0800][6.778s][info][gc,phases   ] GC(139)   Merge Heap Roots: 0.0ms
[2025-07-30T16:37:40.953+0800][6.778s][info][gc,phases   ] GC(139)   Evacuate Collection Set: 14.1ms
[2025-07-30T16:37:40.953+0800][6.778s][info][gc,phases   ] GC(139)   Post Evacuate Collection Set: 0.6ms
[2025-07-30T16:37:40.953+0800][6.778s][info][gc,phases   ] GC(139)   Other: 0.1ms
[2025-07-30T16:37:40.953+0800][6.778s][info][gc,heap     ] GC(139) Eden regions: 1018->0(1017)
[2025-07-30T16:37:40.953+0800][6.778s][info][gc,heap     ] GC(139) Survivor regions: 146->146(146)
[2025-07-30T16:37:40.953+0800][6.778s][info][gc,heap     ] GC(139) Old regions: 561->561
[2025-07-30T16:37:40.953+0800][6.778s][info][gc,heap     ] GC(139) Humongous regions: 3->3
[2025-07-30T16:37:40.953+0800][6.778s][info][gc,metaspace] GC(139) Metaspace: 6999K(7360K)->6999K(7360K) NonClass: 6276K(6464K)->6276K(6464K) Class: 722K(896K)->722K(896K)
[2025-07-30T16:37:40.953+0800][6.778s][info][gc          ] GC(139) Pause Young (Normal) (G1 Evacuation Pause) 1726M->709M(2048M) 15.359ms
[2025-07-30T16:37:40.953+0800][6.778s][info][gc,cpu      ] GC(139) User=0.02s Sys=0.00s Real=0.02s
[2025-07-30T16:37:40.953+0800][6.778s][info][safepoint   ] Safepoint "G1CollectForAllocation", Time since last: 37258400 ns, Reaching safepoint: 2300 ns, Cleanup: 2900 ns, At safepoint: 15399800 ns, Total: 15405000 ns
[2025-07-30T16:37:40.989+0800][6.814s][info][gc,start    ] GC(140) Pause Young (Normal) (G1 Evacuation Pause)
[2025-07-30T16:37:40.989+0800][6.814s][info][gc,task     ] GC(140) Using 1 workers of 1 for evacuation
[2025-07-30T16:37:41.005+0800][6.831s][info][gc,phases   ] GC(140)   Pre Evacuate Collection Set: 0.4ms
[2025-07-30T16:37:41.005+0800][6.831s][info][gc,phases   ] GC(140)   Merge Heap Roots: 0.1ms
[2025-07-30T16:37:41.006+0800][6.831s][info][gc,phases   ] GC(140)   Evacuate Collection Set: 14.9ms
[2025-07-30T16:37:41.006+0800][6.831s][info][gc,phases   ] GC(140)   Post Evacuate Collection Set: 0.6ms
[2025-07-30T16:37:41.006+0800][6.831s][info][gc,phases   ] GC(140)   Other: 0.1ms
[2025-07-30T16:37:41.006+0800][6.831s][info][gc,heap     ] GC(140) Eden regions: 1017->0(1019)
[2025-07-30T16:37:41.006+0800][6.831s][info][gc,heap     ] GC(140) Survivor regions: 146->145(146)
[2025-07-30T16:37:41.006+0800][6.831s][info][gc,heap     ] GC(140) Old regions: 561->561
[2025-07-30T16:37:41.006+0800][6.831s][info][gc,heap     ] GC(140) Humongous regions: 3->3
[2025-07-30T16:37:41.006+0800][6.831s][info][gc,metaspace] GC(140) Metaspace: 6999K(7360K)->6999K(7360K) NonClass: 6276K(6464K)->6276K(6464K) Class: 722K(896K)->722K(896K)
[2025-07-30T16:37:41.006+0800][6.831s][info][gc          ] GC(140) Pause Young (Normal) (G1 Evacuation Pause) 1726M->708M(2048M) 16.387ms
[2025-07-30T16:37:41.006+0800][6.831s][info][gc,cpu      ] GC(140) User=0.02s Sys=0.00s Real=0.02s
[2025-07-30T16:37:41.006+0800][6.831s][info][safepoint   ] Safepoint "G1CollectForAllocation", Time since last: 36605500 ns, Reaching safepoint: 2100 ns, Cleanup: 3200 ns, At safepoint: 16446900 ns, Total: 16452200 ns
[2025-07-30T16:37:41.043+0800][6.869s][info][gc,start    ] GC(141) Pause Young (Normal) (G1 Evacuation Pause)
[2025-07-30T16:37:41.043+0800][6.869s][info][gc,task     ] GC(141) Using 1 workers of 1 for evacuation
[2025-07-30T16:37:41.058+0800][6.884s][info][gc,phases   ] GC(141)   Pre Evacuate Collection Set: 0.3ms
[2025-07-30T16:37:41.058+0800][6.884s][info][gc,phases   ] GC(141)   Merge Heap Roots: 0.1ms
[2025-07-30T16:37:41.058+0800][6.884s][info][gc,phases   ] GC(141)   Evacuate Collection Set: 13.9ms
[2025-07-30T16:37:41.058+0800][6.884s][info][gc,phases   ] GC(141)   Post Evacuate Collection Set: 0.6ms
[2025-07-30T16:37:41.058+0800][6.884s][info][gc,phases   ] GC(141)   Other: 0.1ms
[2025-07-30T16:37:41.058+0800][6.884s][info][gc,heap     ] GC(141) Eden regions: 1019->0(1017)
[2025-07-30T16:37:41.059+0800][6.884s][info][gc,heap     ] GC(141) Survivor regions: 145->146(146)
[2025-07-30T16:37:41.059+0800][6.884s][info][gc,heap     ] GC(141) Old regions: 561->561
[2025-07-30T16:37:41.059+0800][6.884s][info][gc,heap     ] GC(141) Humongous regions: 3->3
[2025-07-30T16:37:41.059+0800][6.884s][info][gc,metaspace] GC(141) Metaspace: 6999K(7360K)->6999K(7360K) NonClass: 6276K(6464K)->6276K(6464K) Class: 722K(896K)->722K(896K)
[2025-07-30T16:37:41.059+0800][6.884s][info][gc          ] GC(141) Pause Young (Normal) (G1 Evacuation Pause) 1727M->709M(2048M) 15.183ms
[2025-07-30T16:37:41.059+0800][6.884s][info][gc,cpu      ] GC(141) User=0.02s Sys=0.00s Real=0.02s
[2025-07-30T16:37:41.059+0800][6.884s][info][safepoint   ] Safepoint "G1CollectForAllocation", Time since last: 37740300 ns, Reaching safepoint: 2500 ns, Cleanup: 2600 ns, At safepoint: 15222900 ns, Total: 15228000 ns
[2025-07-30T16:37:41.095+0800][6.920s][info][gc,start    ] GC(142) Pause Young (Normal) (G1 Evacuation Pause)
[2025-07-30T16:37:41.095+0800][6.920s][info][gc,task     ] GC(142) Using 1 workers of 1 for evacuation
[2025-07-30T16:37:41.110+0800][6.936s][info][gc,phases   ] GC(142)   Pre Evacuate Collection Set: 0.3ms
[2025-07-30T16:37:41.110+0800][6.936s][info][gc,phases   ] GC(142)   Merge Heap Roots: 0.1ms
[2025-07-30T16:37:41.110+0800][6.936s][info][gc,phases   ] GC(142)   Evacuate Collection Set: 14.0ms
[2025-07-30T16:37:41.110+0800][6.936s][info][gc,phases   ] GC(142)   Post Evacuate Collection Set: 0.7ms
[2025-07-30T16:37:41.110+0800][6.936s][info][gc,phases   ] GC(142)   Other: 0.1ms
[2025-07-30T16:37:41.110+0800][6.936s][info][gc,heap     ] GC(142) Eden regions: 1017->0(1019)
[2025-07-30T16:37:41.110+0800][6.936s][info][gc,heap     ] GC(142) Survivor regions: 146->145(146)
[2025-07-30T16:37:41.110+0800][6.936s][info][gc,heap     ] GC(142) Old regions: 561->561
[2025-07-30T16:37:41.110+0800][6.936s][info][gc,heap     ] GC(142) Humongous regions: 3->3
[2025-07-30T16:37:41.110+0800][6.936s][info][gc,metaspace] GC(142) Metaspace: 6999K(7360K)->6999K(7360K) NonClass: 6276K(6464K)->6276K(6464K) Class: 722K(896K)->722K(896K)
[2025-07-30T16:37:41.110+0800][6.936s][info][gc          ] GC(142) Pause Young (Normal) (G1 Evacuation Pause) 1726M->708M(2048M) 15.386ms
[2025-07-30T16:37:41.110+0800][6.936s][info][gc,cpu      ] GC(142) User=0.00s Sys=0.00s Real=0.01s
[2025-07-30T16:37:41.110+0800][6.936s][info][safepoint   ] Safepoint "G1CollectForAllocation", Time since last: 36486400 ns, Reaching safepoint: 2700 ns, Cleanup: 2500 ns, At safepoint: 15426500 ns, Total: 15431700 ns
[2025-07-30T16:37:41.148+0800][6.973s][info][gc,start    ] GC(143) Pause Young (Normal) (G1 Evacuation Pause)
[2025-07-30T16:37:41.148+0800][6.973s][info][gc,task     ] GC(143) Using 1 workers of 1 for evacuation
[2025-07-30T16:37:41.163+0800][6.988s][info][gc,phases   ] GC(143)   Pre Evacuate Collection Set: 0.4ms
[2025-07-30T16:37:41.163+0800][6.989s][info][gc,phases   ] GC(143)   Merge Heap Roots: 0.1ms
[2025-07-30T16:37:41.163+0800][6.989s][info][gc,phases   ] GC(143)   Evacuate Collection Set: 14.4ms
[2025-07-30T16:37:41.163+0800][6.989s][info][gc,phases   ] GC(143)   Post Evacuate Collection Set: 0.6ms
[2025-07-30T16:37:41.163+0800][6.989s][info][gc,phases   ] GC(143)   Other: 0.1ms
[2025-07-30T16:37:41.163+0800][6.989s][info][gc,heap     ] GC(143) Eden regions: 1019->0(1017)
[2025-07-30T16:37:41.163+0800][6.989s][info][gc,heap     ] GC(143) Survivor regions: 145->146(146)
[2025-07-30T16:37:41.163+0800][6.989s][info][gc,heap     ] GC(143) Old regions: 561->561
[2025-07-30T16:37:41.163+0800][6.989s][info][gc,heap     ] GC(143) Humongous regions: 3->3
[2025-07-30T16:37:41.163+0800][6.989s][info][gc,metaspace] GC(143) Metaspace: 6999K(7360K)->6999K(7360K) NonClass: 6276K(6464K)->6276K(6464K) Class: 722K(896K)->722K(896K)
[2025-07-30T16:37:41.163+0800][6.989s][info][gc          ] GC(143) Pause Young (Normal) (G1 Evacuation Pause) 1727M->709M(2048M) 15.794ms
[2025-07-30T16:37:41.163+0800][6.989s][info][gc,cpu      ] GC(143) User=0.02s Sys=0.00s Real=0.02s
[2025-07-30T16:37:41.163+0800][6.989s][info][safepoint   ] Safepoint "G1CollectForAllocation", Time since last: 37120900 ns, Reaching safepoint: 3900 ns, Cleanup: 4000 ns, At safepoint: 15835800 ns, Total: 15843700 ns
[2025-07-30T16:37:41.200+0800][7.026s][info][gc,start    ] GC(144) Pause Young (Normal) (G1 Evacuation Pause)
[2025-07-30T16:37:41.200+0800][7.026s][info][gc,task     ] GC(144) Using 1 workers of 1 for evacuation
[2025-07-30T16:37:41.215+0800][7.041s][info][gc,phases   ] GC(144)   Pre Evacuate Collection Set: 0.3ms
[2025-07-30T16:37:41.215+0800][7.041s][info][gc,phases   ] GC(144)   Merge Heap Roots: 0.1ms
[2025-07-30T16:37:41.215+0800][7.041s][info][gc,phases   ] GC(144)   Evacuate Collection Set: 13.7ms
[2025-07-30T16:37:41.215+0800][7.041s][info][gc,phases   ] GC(144)   Post Evacuate Collection Set: 0.7ms
[2025-07-30T16:37:41.215+0800][7.041s][info][gc,phases   ] GC(144)   Other: 0.1ms
[2025-07-30T16:37:41.215+0800][7.041s][info][gc,heap     ] GC(144) Eden regions: 1017->0(1017)
[2025-07-30T16:37:41.215+0800][7.041s][info][gc,heap     ] GC(144) Survivor regions: 146->146(146)
[2025-07-30T16:37:41.215+0800][7.041s][info][gc,heap     ] GC(144) Old regions: 561->561
[2025-07-30T16:37:41.215+0800][7.041s][info][gc,heap     ] GC(144) Humongous regions: 3->3
[2025-07-30T16:37:41.215+0800][7.041s][info][gc,metaspace] GC(144) Metaspace: 6999K(7360K)->6999K(7360K) NonClass: 6276K(6464K)->6276K(6464K) Class: 722K(896K)->722K(896K)
[2025-07-30T16:37:41.215+0800][7.041s][info][gc          ] GC(144) Pause Young (Normal) (G1 Evacuation Pause) 1726M->708M(2048M) 15.055ms
[2025-07-30T16:37:41.215+0800][7.041s][info][gc,cpu      ] GC(144) User=0.02s Sys=0.00s Real=0.01s
[2025-07-30T16:37:41.215+0800][7.041s][info][safepoint   ] Safepoint "G1CollectForAllocation", Time since last: 36961400 ns, Reaching safepoint: 2500 ns, Cleanup: 2700 ns, At safepoint: 15095400 ns, Total: 15100600 ns
[2025-07-30T16:37:41.252+0800][7.078s][info][gc,start    ] GC(145) Pause Young (Normal) (G1 Evacuation Pause)
[2025-07-30T16:37:41.252+0800][7.078s][info][gc,task     ] GC(145) Using 1 workers of 1 for evacuation
[2025-07-30T16:37:41.268+0800][7.093s][info][gc,phases   ] GC(145)   Pre Evacuate Collection Set: 0.6ms
[2025-07-30T16:37:41.268+0800][7.093s][info][gc,phases   ] GC(145)   Merge Heap Roots: 0.1ms
[2025-07-30T16:37:41.268+0800][7.093s][info][gc,phases   ] GC(145)   Evacuate Collection Set: 13.9ms
[2025-07-30T16:37:41.268+0800][7.093s][info][gc,phases   ] GC(145)   Post Evacuate Collection Set: 0.7ms
[2025-07-30T16:37:41.268+0800][7.093s][info][gc,phases   ] GC(145)   Other: 0.1ms
[2025-07-30T16:37:41.268+0800][7.093s][info][gc,heap     ] GC(145) Eden regions: 1017->0(1019)
[2025-07-30T16:37:41.268+0800][7.093s][info][gc,heap     ] GC(145) Survivor regions: 146->145(146)
[2025-07-30T16:37:41.268+0800][7.093s][info][gc,heap     ] GC(145) Old regions: 561->561
[2025-07-30T16:37:41.268+0800][7.093s][info][gc,heap     ] GC(145) Humongous regions: 3->3
[2025-07-30T16:37:41.268+0800][7.093s][info][gc,metaspace] GC(145) Metaspace: 6999K(7360K)->6999K(7360K) NonClass: 6276K(6464K)->6276K(6464K) Class: 722K(896K)->722K(896K)
[2025-07-30T16:37:41.268+0800][7.093s][info][gc          ] GC(145) Pause Young (Normal) (G1 Evacuation Pause) 1725M->707M(2048M) 15.575ms
[2025-07-30T16:37:41.268+0800][7.093s][info][gc,cpu      ] GC(145) User=0.02s Sys=0.00s Real=0.02s
[2025-07-30T16:37:41.268+0800][7.093s][info][safepoint   ] Safepoint "G1CollectForAllocation", Time since last: 36853900 ns, Reaching safepoint: 3700 ns, Cleanup: 4100 ns, At safepoint: 15621200 ns, Total: 15629000 ns
[2025-07-30T16:37:41.304+0800][7.130s][info][gc,start    ] GC(146) Pause Young (Normal) (G1 Evacuation Pause)
[2025-07-30T16:37:41.304+0800][7.130s][info][gc,task     ] GC(146) Using 1 workers of 1 for evacuation
[2025-07-30T16:37:41.319+0800][7.145s][info][gc,phases   ] GC(146)   Pre Evacuate Collection Set: 0.4ms
[2025-07-30T16:37:41.319+0800][7.145s][info][gc,phases   ] GC(146)   Merge Heap Roots: 0.1ms
[2025-07-30T16:37:41.319+0800][7.145s][info][gc,phases   ] GC(146)   Evacuate Collection Set: 14.1ms
[2025-07-30T16:37:41.319+0800][7.145s][info][gc,phases   ] GC(146)   Post Evacuate Collection Set: 0.7ms
[2025-07-30T16:37:41.319+0800][7.145s][info][gc,phases   ] GC(146)   Other: 0.1ms
[2025-07-30T16:37:41.319+0800][7.145s][info][gc,heap     ] GC(146) Eden regions: 1019->0(1018)
[2025-07-30T16:37:41.319+0800][7.145s][info][gc,heap     ] GC(146) Survivor regions: 145->146(146)
[2025-07-30T16:37:41.319+0800][7.145s][info][gc,heap     ] GC(146) Old regions: 561->561
[2025-07-30T16:37:41.319+0800][7.145s][info][gc,heap     ] GC(146) Humongous regions: 3->3
[2025-07-30T16:37:41.319+0800][7.145s][info][gc,metaspace] GC(146) Metaspace: 6999K(7360K)->6999K(7360K) NonClass: 6276K(6464K)->6276K(6464K) Class: 722K(896K)->722K(896K)
[2025-07-30T16:37:41.319+0800][7.145s][info][gc          ] GC(146) Pause Young (Normal) (G1 Evacuation Pause) 1726M->708M(2048M) 15.627ms
[2025-07-30T16:37:41.319+0800][7.145s][info][gc,cpu      ] GC(146) User=0.02s Sys=0.00s Real=0.02s
[2025-07-30T16:37:41.319+0800][7.145s][info][safepoint   ] Safepoint "G1CollectForAllocation", Time since last: 36441400 ns, Reaching safepoint: 3300 ns, Cleanup: 4600 ns, At safepoint: 15668500 ns, Total: 15676400 ns
[2025-07-30T16:37:41.357+0800][7.182s][info][gc,start    ] GC(147) Pause Young (Normal) (G1 Evacuation Pause)
[2025-07-30T16:37:41.357+0800][7.182s][info][gc,task     ] GC(147) Using 1 workers of 1 for evacuation
[2025-07-30T16:37:41.372+0800][7.198s][info][gc,phases   ] GC(147)   Pre Evacuate Collection Set: 0.4ms
[2025-07-30T16:37:41.372+0800][7.198s][info][gc,phases   ] GC(147)   Merge Heap Roots: 0.1ms
[2025-07-30T16:37:41.372+0800][7.198s][info][gc,phases   ] GC(147)   Evacuate Collection Set: 14.4ms
[2025-07-30T16:37:41.372+0800][7.198s][info][gc,phases   ] GC(147)   Post Evacuate Collection Set: 0.7ms
[2025-07-30T16:37:41.372+0800][7.198s][info][gc,phases   ] GC(147)   Other: 0.1ms
[2025-07-30T16:37:41.372+0800][7.198s][info][gc,heap     ] GC(147) Eden regions: 1018->0(1018)
[2025-07-30T16:37:41.372+0800][7.198s][info][gc,heap     ] GC(147) Survivor regions: 146->146(146)
[2025-07-30T16:37:41.372+0800][7.198s][info][gc,heap     ] GC(147) Old regions: 561->561
[2025-07-30T16:37:41.372+0800][7.198s][info][gc,heap     ] GC(147) Humongous regions: 3->3
[2025-07-30T16:37:41.372+0800][7.198s][info][gc,metaspace] GC(147) Metaspace: 6999K(7360K)->6999K(7360K) NonClass: 6276K(6464K)->6276K(6464K) Class: 722K(896K)->722K(896K)
[2025-07-30T16:37:41.372+0800][7.198s][info][gc          ] GC(147) Pause Young (Normal) (G1 Evacuation Pause) 1726M->708M(2048M) 15.878ms
[2025-07-30T16:37:41.372+0800][7.198s][info][gc,cpu      ] GC(147) User=0.02s Sys=0.00s Real=0.01s
[2025-07-30T16:37:41.372+0800][7.198s][info][safepoint   ] Safepoint "G1CollectForAllocation", Time since last: 37036500 ns, Reaching safepoint: 3500 ns, Cleanup: 4300 ns, At safepoint: 15922400 ns, Total: 15930200 ns
[2025-07-30T16:37:41.409+0800][7.235s][info][gc,start    ] GC(148) Pause Young (Normal) (G1 Evacuation Pause)
[2025-07-30T16:37:41.409+0800][7.235s][info][gc,task     ] GC(148) Using 1 workers of 1 for evacuation
[2025-07-30T16:37:41.424+0800][7.250s][info][gc,phases   ] GC(148)   Pre Evacuate Collection Set: 0.4ms
[2025-07-30T16:37:41.424+0800][7.250s][info][gc,phases   ] GC(148)   Merge Heap Roots: 0.0ms
[2025-07-30T16:37:41.424+0800][7.250s][info][gc,phases   ] GC(148)   Evacuate Collection Set: 13.9ms
[2025-07-30T16:37:41.424+0800][7.250s][info][gc,phases   ] GC(148)   Post Evacuate Collection Set: 0.6ms
[2025-07-30T16:37:41.424+0800][7.250s][info][gc,phases   ] GC(148)   Other: 0.1ms
[2025-07-30T16:37:41.424+0800][7.250s][info][gc,heap     ] GC(148) Eden regions: 1018->0(1018)
[2025-07-30T16:37:41.424+0800][7.250s][info][gc,heap     ] GC(148) Survivor regions: 146->146(146)
[2025-07-30T16:37:41.424+0800][7.250s][info][gc,heap     ] GC(148) Old regions: 561->561
[2025-07-30T16:37:41.424+0800][7.250s][info][gc,heap     ] GC(148) Humongous regions: 3->3
[2025-07-30T16:37:41.424+0800][7.250s][info][gc,metaspace] GC(148) Metaspace: 6999K(7360K)->6999K(7360K) NonClass: 6276K(6464K)->6276K(6464K) Class: 722K(896K)->722K(896K)
[2025-07-30T16:37:41.425+0800][7.250s][info][gc          ] GC(148) Pause Young (Normal) (G1 Evacuation Pause) 1726M->708M(2048M) 15.207ms
[2025-07-30T16:37:41.425+0800][7.250s][info][gc,cpu      ] GC(148) User=0.02s Sys=0.00s Real=0.02s
[2025-07-30T16:37:41.425+0800][7.250s][info][safepoint   ] Safepoint "G1CollectForAllocation", Time since last: 36865100 ns, Reaching safepoint: 2700 ns, Cleanup: 3300 ns, At safepoint: 15246100 ns, Total: 15252100 ns
[2025-07-30T16:37:41.461+0800][7.287s][info][gc,start    ] GC(149) Pause Young (Normal) (G1 Evacuation Pause)
[2025-07-30T16:37:41.461+0800][7.287s][info][gc,task     ] GC(149) Using 1 workers of 1 for evacuation
[2025-07-30T16:37:41.477+0800][7.302s][info][gc,phases   ] GC(149)   Pre Evacuate Collection Set: 0.4ms
[2025-07-30T16:37:41.477+0800][7.302s][info][gc,phases   ] GC(149)   Merge Heap Roots: 0.1ms
[2025-07-30T16:37:41.477+0800][7.302s][info][gc,phases   ] GC(149)   Evacuate Collection Set: 14.0ms
[2025-07-30T16:37:41.477+0800][7.302s][info][gc,phases   ] GC(149)   Post Evacuate Collection Set: 0.7ms
[2025-07-30T16:37:41.477+0800][7.302s][info][gc,phases   ] GC(149)   Other: 0.1ms
[2025-07-30T16:37:41.477+0800][7.302s][info][gc,heap     ] GC(149) Eden regions: 1018->0(1017)
[2025-07-30T16:37:41.477+0800][7.302s][info][gc,heap     ] GC(149) Survivor regions: 146->146(146)
[2025-07-30T16:37:41.477+0800][7.302s][info][gc,heap     ] GC(149) Old regions: 561->561
[2025-07-30T16:37:41.477+0800][7.302s][info][gc,heap     ] GC(149) Humongous regions: 3->3
[2025-07-30T16:37:41.477+0800][7.302s][info][gc,metaspace] GC(149) Metaspace: 6999K(7360K)->6999K(7360K) NonClass: 6276K(6464K)->6276K(6464K) Class: 722K(896K)->722K(896K)
[2025-07-30T16:37:41.477+0800][7.302s][info][gc          ] GC(149) Pause Young (Normal) (G1 Evacuation Pause) 1726M->709M(2048M) 15.447ms
[2025-07-30T16:37:41.477+0800][7.302s][info][gc,cpu      ] GC(149) User=0.02s Sys=0.00s Real=0.02s
[2025-07-30T16:37:41.477+0800][7.302s][info][safepoint   ] Safepoint "G1CollectForAllocation", Time since last: 36539900 ns, Reaching safepoint: 2900 ns, Cleanup: 3800 ns, At safepoint: 15491300 ns, Total: 15498000 ns
[2025-07-30T16:37:41.514+0800][7.339s][info][gc,start    ] GC(150) Pause Young (Normal) (G1 Evacuation Pause)
[2025-07-30T16:37:41.514+0800][7.339s][info][gc,task     ] GC(150) Using 1 workers of 1 for evacuation
[2025-07-30T16:37:41.529+0800][7.354s][info][gc,phases   ] GC(150)   Pre Evacuate Collection Set: 0.3ms
[2025-07-30T16:37:41.529+0800][7.354s][info][gc,phases   ] GC(150)   Merge Heap Roots: 0.1ms
[2025-07-30T16:37:41.529+0800][7.354s][info][gc,phases   ] GC(150)   Evacuate Collection Set: 14.1ms
[2025-07-30T16:37:41.529+0800][7.354s][info][gc,phases   ] GC(150)   Post Evacuate Collection Set: 0.6ms
[2025-07-30T16:37:41.529+0800][7.354s][info][gc,phases   ] GC(150)   Other: 0.1ms
[2025-07-30T16:37:41.529+0800][7.354s][info][gc,heap     ] GC(150) Eden regions: 1017->0(1019)
[2025-07-30T16:37:41.529+0800][7.354s][info][gc,heap     ] GC(150) Survivor regions: 146->145(146)
[2025-07-30T16:37:41.529+0800][7.354s][info][gc,heap     ] GC(150) Old regions: 561->561
[2025-07-30T16:37:41.529+0800][7.354s][info][gc,heap     ] GC(150) Humongous regions: 3->3
[2025-07-30T16:37:41.529+0800][7.354s][info][gc,metaspace] GC(150) Metaspace: 6999K(7360K)->6999K(7360K) NonClass: 6276K(6464K)->6276K(6464K) Class: 722K(896K)->722K(896K)
[2025-07-30T16:37:41.529+0800][7.354s][info][gc          ] GC(150) Pause Young (Normal) (G1 Evacuation Pause) 1726M->708M(2048M) 15.374ms
[2025-07-30T16:37:41.529+0800][7.354s][info][gc,cpu      ] GC(150) User=0.02s Sys=0.00s Real=0.02s
[2025-07-30T16:37:41.529+0800][7.354s][info][safepoint   ] Safepoint "G1CollectForAllocation", Time since last: 36545000 ns, Reaching safepoint: 2700 ns, Cleanup: 3000 ns, At safepoint: 15414500 ns, Total: 15420200 ns
[2025-07-30T16:37:41.566+0800][7.391s][info][gc,start    ] GC(151) Pause Young (Normal) (G1 Evacuation Pause)
[2025-07-30T16:37:41.566+0800][7.391s][info][gc,task     ] GC(151) Using 1 workers of 1 for evacuation
[2025-07-30T16:37:41.581+0800][7.407s][info][gc,phases   ] GC(151)   Pre Evacuate Collection Set: 0.4ms
[2025-07-30T16:37:41.582+0800][7.407s][info][gc,phases   ] GC(151)   Merge Heap Roots: 0.1ms
[2025-07-30T16:37:41.582+0800][7.407s][info][gc,phases   ] GC(151)   Evacuate Collection Set: 14.6ms
[2025-07-30T16:37:41.582+0800][7.407s][info][gc,phases   ] GC(151)   Post Evacuate Collection Set: 1.0ms
[2025-07-30T16:37:41.582+0800][7.407s][info][gc,phases   ] GC(151)   Other: 0.1ms
[2025-07-30T16:37:41.582+0800][7.407s][info][gc,heap     ] GC(151) Eden regions: 1019->0(1017)
[2025-07-30T16:37:41.582+0800][7.407s][info][gc,heap     ] GC(151) Survivor regions: 145->146(146)
[2025-07-30T16:37:41.582+0800][7.407s][info][gc,heap     ] GC(151) Old regions: 561->561
[2025-07-30T16:37:41.582+0800][7.407s][info][gc,heap     ] GC(151) Humongous regions: 3->3
[2025-07-30T16:37:41.582+0800][7.407s][info][gc,metaspace] GC(151) Metaspace: 6999K(7360K)->6999K(7360K) NonClass: 6276K(6464K)->6276K(6464K) Class: 722K(896K)->722K(896K)
[2025-07-30T16:37:41.582+0800][7.408s][info][gc          ] GC(151) Pause Young (Normal) (G1 Evacuation Pause) 1727M->709M(2048M) 16.482ms
[2025-07-30T16:37:41.582+0800][7.408s][info][gc,cpu      ] GC(151) User=0.02s Sys=0.00s Real=0.02s
[2025-07-30T16:37:41.582+0800][7.408s][info][safepoint   ] Safepoint "G1CollectForAllocation", Time since last: 36655100 ns, Reaching safepoint: 3700 ns, Cleanup: 4500 ns, At safepoint: 16528600 ns, Total: 16536800 ns
[2025-07-30T16:37:41.618+0800][7.444s][info][gc,start    ] GC(152) Pause Young (Normal) (G1 Evacuation Pause)
[2025-07-30T16:37:41.618+0800][7.444s][info][gc,task     ] GC(152) Using 1 workers of 1 for evacuation
[2025-07-30T16:37:41.633+0800][7.459s][info][gc,phases   ] GC(152)   Pre Evacuate Collection Set: 0.4ms
[2025-07-30T16:37:41.633+0800][7.459s][info][gc,phases   ] GC(152)   Merge Heap Roots: 0.1ms
[2025-07-30T16:37:41.633+0800][7.459s][info][gc,phases   ] GC(152)   Evacuate Collection Set: 13.8ms
[2025-07-30T16:37:41.633+0800][7.459s][info][gc,phases   ] GC(152)   Post Evacuate Collection Set: 0.7ms
[2025-07-30T16:37:41.633+0800][7.459s][info][gc,phases   ] GC(152)   Other: 0.1ms
[2025-07-30T16:37:41.633+0800][7.459s][info][gc,heap     ] GC(152) Eden regions: 1017->0(1019)
[2025-07-30T16:37:41.633+0800][7.459s][info][gc,heap     ] GC(152) Survivor regions: 146->145(146)
[2025-07-30T16:37:41.633+0800][7.459s][info][gc,heap     ] GC(152) Old regions: 561->561
[2025-07-30T16:37:41.633+0800][7.459s][info][gc,heap     ] GC(152) Humongous regions: 3->3
[2025-07-30T16:37:41.633+0800][7.459s][info][gc,metaspace] GC(152) Metaspace: 6999K(7360K)->6999K(7360K) NonClass: 6276K(6464K)->6276K(6464K) Class: 722K(896K)->722K(896K)
[2025-07-30T16:37:41.633+0800][7.459s][info][gc          ] GC(152) Pause Young (Normal) (G1 Evacuation Pause) 1726M->708M(2048M) 15.222ms
[2025-07-30T16:37:41.633+0800][7.459s][info][gc,cpu      ] GC(152) User=0.02s Sys=0.00s Real=0.01s
[2025-07-30T16:37:41.633+0800][7.459s][info][safepoint   ] Safepoint "G1CollectForAllocation", Time since last: 35943500 ns, Reaching safepoint: 3300 ns, Cleanup: 4100 ns, At safepoint: 15264800 ns, Total: 15272200 ns
[2025-07-30T16:37:41.669+0800][7.495s][info][gc,start    ] GC(153) Pause Young (Normal) (G1 Evacuation Pause)
[2025-07-30T16:37:41.669+0800][7.495s][info][gc,task     ] GC(153) Using 1 workers of 1 for evacuation
[2025-07-30T16:37:41.685+0800][7.511s][info][gc,phases   ] GC(153)   Pre Evacuate Collection Set: 0.4ms
[2025-07-30T16:37:41.685+0800][7.511s][info][gc,phases   ] GC(153)   Merge Heap Roots: 0.1ms
[2025-07-30T16:37:41.685+0800][7.511s][info][gc,phases   ] GC(153)   Evacuate Collection Set: 14.2ms
[2025-07-30T16:37:41.685+0800][7.511s][info][gc,phases   ] GC(153)   Post Evacuate Collection Set: 0.7ms
[2025-07-30T16:37:41.685+0800][7.511s][info][gc,phases   ] GC(153)   Other: 0.1ms
[2025-07-30T16:37:41.685+0800][7.511s][info][gc,heap     ] GC(153) Eden regions: 1019->0(1017)
[2025-07-30T16:37:41.685+0800][7.511s][info][gc,heap     ] GC(153) Survivor regions: 145->146(146)
[2025-07-30T16:37:41.685+0800][7.511s][info][gc,heap     ] GC(153) Old regions: 561->561
[2025-07-30T16:37:41.685+0800][7.511s][info][gc,heap     ] GC(153) Humongous regions: 3->3
[2025-07-30T16:37:41.685+0800][7.511s][info][gc,metaspace] GC(153) Metaspace: 6999K(7360K)->6999K(7360K) NonClass: 6276K(6464K)->6276K(6464K) Class: 722K(896K)->722K(896K)
[2025-07-30T16:37:41.685+0800][7.511s][info][gc          ] GC(153) Pause Young (Normal) (G1 Evacuation Pause) 1727M->709M(2048M) 15.643ms
[2025-07-30T16:37:41.685+0800][7.511s][info][gc,cpu      ] GC(153) User=0.02s Sys=0.00s Real=0.02s
[2025-07-30T16:37:41.685+0800][7.511s][info][safepoint   ] Safepoint "G1CollectForAllocation", Time since last: 36420200 ns, Reaching safepoint: 3600 ns, Cleanup: 4200 ns, At safepoint: 15690000 ns, Total: 15697800 ns
[2025-07-30T16:37:41.723+0800][7.548s][info][gc,start    ] GC(154) Pause Young (Normal) (G1 Evacuation Pause)
[2025-07-30T16:37:41.723+0800][7.548s][info][gc,task     ] GC(154) Using 1 workers of 1 for evacuation
[2025-07-30T16:37:41.738+0800][7.563s][info][gc,phases   ] GC(154)   Pre Evacuate Collection Set: 0.4ms
[2025-07-30T16:37:41.738+0800][7.563s][info][gc,phases   ] GC(154)   Merge Heap Roots: 0.1ms
[2025-07-30T16:37:41.738+0800][7.563s][info][gc,phases   ] GC(154)   Evacuate Collection Set: 14.0ms
[2025-07-30T16:37:41.738+0800][7.563s][info][gc,phases   ] GC(154)   Post Evacuate Collection Set: 0.7ms
[2025-07-30T16:37:41.738+0800][7.563s][info][gc,phases   ] GC(154)   Other: 0.1ms
[2025-07-30T16:37:41.738+0800][7.563s][info][gc,heap     ] GC(154) Eden regions: 1017->0(1017)
[2025-07-30T16:37:41.738+0800][7.563s][info][gc,heap     ] GC(154) Survivor regions: 146->146(146)
[2025-07-30T16:37:41.738+0800][7.563s][info][gc,heap     ] GC(154) Old regions: 561->561
[2025-07-30T16:37:41.738+0800][7.563s][info][gc,heap     ] GC(154) Humongous regions: 3->3
[2025-07-30T16:37:41.738+0800][7.563s][info][gc,metaspace] GC(154) Metaspace: 6999K(7360K)->6999K(7360K) NonClass: 6276K(6464K)->6276K(6464K) Class: 722K(896K)->722K(896K)
[2025-07-30T16:37:41.738+0800][7.563s][info][gc          ] GC(154) Pause Young (Normal) (G1 Evacuation Pause) 1726M->708M(2048M) 15.457ms
[2025-07-30T16:37:41.738+0800][7.564s][info][gc,cpu      ] GC(154) User=0.02s Sys=0.00s Real=0.01s
[2025-07-30T16:37:41.738+0800][7.564s][info][safepoint   ] Safepoint "G1CollectForAllocation", Time since last: 37080600 ns, Reaching safepoint: 3500 ns, Cleanup: 3900 ns, At safepoint: 15499700 ns, Total: 15507100 ns
[2025-07-30T16:37:41.775+0800][7.600s][info][gc,start    ] GC(155) Pause Young (Normal) (G1 Evacuation Pause)
[2025-07-30T16:37:41.775+0800][7.601s][info][gc,task     ] GC(155) Using 1 workers of 1 for evacuation
[2025-07-30T16:37:41.789+0800][7.615s][info][gc,phases   ] GC(155)   Pre Evacuate Collection Set: 0.3ms
[2025-07-30T16:37:41.789+0800][7.615s][info][gc,phases   ] GC(155)   Merge Heap Roots: 0.0ms
[2025-07-30T16:37:41.789+0800][7.616s][info][gc,phases   ] GC(155)   Evacuate Collection Set: 13.8ms
[2025-07-30T16:37:41.789+0800][7.616s][info][gc,phases   ] GC(155)   Post Evacuate Collection Set: 0.6ms
[2025-07-30T16:37:41.789+0800][7.616s][info][gc,phases   ] GC(155)   Other: 0.1ms
[2025-07-30T16:37:41.789+0800][7.616s][info][gc,heap     ] GC(155) Eden regions: 1017->0(1019)
[2025-07-30T16:37:41.789+0800][7.616s][info][gc,heap     ] GC(155) Survivor regions: 146->145(146)
[2025-07-30T16:37:41.789+0800][7.616s][info][gc,heap     ] GC(155) Old regions: 561->561
[2025-07-30T16:37:41.789+0800][7.616s][info][gc,heap     ] GC(155) Humongous regions: 3->3
[2025-07-30T16:37:41.789+0800][7.616s][info][gc,metaspace] GC(155) Metaspace: 6999K(7360K)->6999K(7360K) NonClass: 6276K(6464K)->6276K(6464K) Class: 722K(896K)->722K(896K)
[2025-07-30T16:37:41.789+0800][7.616s][info][gc          ] GC(155) Pause Young (Normal) (G1 Evacuation Pause) 1725M->707M(2048M) 15.202ms
[2025-07-30T16:37:41.791+0800][7.616s][info][gc,cpu      ] GC(155) User=0.02s Sys=0.00s Real=0.02s
[2025-07-30T16:37:41.791+0800][7.616s][info][safepoint   ] Safepoint "G1CollectForAllocation", Time since last: 36948400 ns, Reaching safepoint: 2500 ns, Cleanup: 2400 ns, At safepoint: 15267800 ns, Total: 15272700 ns
[2025-07-30T16:37:41.829+0800][7.654s][info][gc,start    ] GC(156) Pause Young (Normal) (G1 Evacuation Pause)
[2025-07-30T16:37:41.829+0800][7.654s][info][gc,task     ] GC(156) Using 1 workers of 1 for evacuation
[2025-07-30T16:37:41.844+0800][7.669s][info][gc,phases   ] GC(156)   Pre Evacuate Collection Set: 0.4ms
[2025-07-30T16:37:41.844+0800][7.669s][info][gc,phases   ] GC(156)   Merge Heap Roots: 0.1ms
[2025-07-30T16:37:41.844+0800][7.669s][info][gc,phases   ] GC(156)   Evacuate Collection Set: 14.6ms
[2025-07-30T16:37:41.844+0800][7.669s][info][gc,phases   ] GC(156)   Post Evacuate Collection Set: 0.7ms
[2025-07-30T16:37:41.844+0800][7.670s][info][gc,phases   ] GC(156)   Other: 0.1ms
[2025-07-30T16:37:41.845+0800][7.670s][info][gc,heap     ] GC(156) Eden regions: 1019->0(1018)
[2025-07-30T16:37:41.845+0800][7.670s][info][gc,heap     ] GC(156) Survivor regions: 145->146(146)
[2025-07-30T16:37:41.845+0800][7.670s][info][gc,heap     ] GC(156) Old regions: 561->561
[2025-07-30T16:37:41.845+0800][7.670s][info][gc,heap     ] GC(156) Humongous regions: 3->3
[2025-07-30T16:37:41.845+0800][7.670s][info][gc,metaspace] GC(156) Metaspace: 6999K(7360K)->6999K(7360K) NonClass: 6276K(6464K)->6276K(6464K) Class: 722K(896K)->722K(896K)
[2025-07-30T16:37:41.845+0800][7.670s][info][gc          ] GC(156) Pause Young (Normal) (G1 Evacuation Pause) 1726M->708M(2048M) 16.100ms
[2025-07-30T16:37:41.845+0800][7.670s][info][gc,cpu      ] GC(156) User=0.03s Sys=0.03s Real=0.02s
[2025-07-30T16:37:41.845+0800][7.670s][info][safepoint   ] Safepoint "G1CollectForAllocation", Time since last: 37777100 ns, Reaching safepoint: 3200 ns, Cleanup: 3600 ns, At safepoint: 16142700 ns, Total: 16149500 ns
[2025-07-30T16:37:41.884+0800][7.709s][info][gc,start    ] GC(157) Pause Young (Normal) (G1 Evacuation Pause)
[2025-07-30T16:37:41.884+0800][7.709s][info][gc,task     ] GC(157) Using 1 workers of 1 for evacuation
[2025-07-30T16:37:41.900+0800][7.725s][info][gc,phases   ] GC(157)   Pre Evacuate Collection Set: 0.4ms
[2025-07-30T16:37:41.900+0800][7.725s][info][gc,phases   ] GC(157)   Merge Heap Roots: 0.1ms
[2025-07-30T16:37:41.900+0800][7.725s][info][gc,phases   ] GC(157)   Evacuate Collection Set: 15.0ms
[2025-07-30T16:37:41.900+0800][7.725s][info][gc,phases   ] GC(157)   Post Evacuate Collection Set: 0.7ms
[2025-07-30T16:37:41.900+0800][7.725s][info][gc,phases   ] GC(157)   Other: 0.1ms
[2025-07-30T16:37:41.900+0800][7.725s][info][gc,heap     ] GC(157) Eden regions: 1018->0(1018)
[2025-07-30T16:37:41.900+0800][7.725s][info][gc,heap     ] GC(157) Survivor regions: 146->146(146)
[2025-07-30T16:37:41.900+0800][7.725s][info][gc,heap     ] GC(157) Old regions: 561->561
[2025-07-30T16:37:41.900+0800][7.725s][info][gc,heap     ] GC(157) Humongous regions: 3->3
[2025-07-30T16:37:41.900+0800][7.725s][info][gc,metaspace] GC(157) Metaspace: 7012K(7360K)->7012K(7360K) NonClass: 6290K(6464K)->6290K(6464K) Class: 722K(896K)->722K(896K)
[2025-07-30T16:37:41.900+0800][7.725s][info][gc          ] GC(157) Pause Young (Normal) (G1 Evacuation Pause) 1726M->708M(2048M) 16.439ms
[2025-07-30T16:37:41.900+0800][7.725s][info][gc,cpu      ] GC(157) User=0.02s Sys=0.00s Real=0.02s
[2025-07-30T16:37:41.900+0800][7.725s][info][safepoint   ] Safepoint "G1CollectForAllocation", Time since last: 39110800 ns, Reaching safepoint: 2800 ns, Cleanup: 2900 ns, At safepoint: 16479400 ns, Total: 16485100 ns
[2025-07-30T16:37:41.937+0800][7.762s][info][gc,start    ] GC(158) Pause Young (Normal) (G1 Evacuation Pause)
[2025-07-30T16:37:41.937+0800][7.762s][info][gc,task     ] GC(158) Using 1 workers of 1 for evacuation
[2025-07-30T16:37:41.951+0800][7.777s][info][gc,phases   ] GC(158)   Pre Evacuate Collection Set: 0.3ms
[2025-07-30T16:37:41.951+0800][7.777s][info][gc,phases   ] GC(158)   Merge Heap Roots: 0.0ms
[2025-07-30T16:37:41.951+0800][7.777s][info][gc,phases   ] GC(158)   Evacuate Collection Set: 13.6ms
[2025-07-30T16:37:41.951+0800][7.777s][info][gc,phases   ] GC(158)   Post Evacuate Collection Set: 0.6ms
[2025-07-30T16:37:41.951+0800][7.777s][info][gc,phases   ] GC(158)   Other: 0.1ms
[2025-07-30T16:37:41.951+0800][7.777s][info][gc,heap     ] GC(158) Eden regions: 1018->0(1018)
[2025-07-30T16:37:41.951+0800][7.777s][info][gc,heap     ] GC(158) Survivor regions: 146->146(146)
[2025-07-30T16:37:41.952+0800][7.777s][info][gc,heap     ] GC(158) Old regions: 561->561
[2025-07-30T16:37:41.952+0800][7.777s][info][gc,heap     ] GC(158) Humongous regions: 3->3
[2025-07-30T16:37:41.952+0800][7.777s][info][gc,metaspace] GC(158) Metaspace: 7012K(7360K)->7012K(7360K) NonClass: 6290K(6464K)->6290K(6464K) Class: 722K(896K)->722K(896K)
[2025-07-30T16:37:41.952+0800][7.777s][info][gc          ] GC(158) Pause Young (Normal) (G1 Evacuation Pause) 1726M->708M(2048M) 14.884ms
[2025-07-30T16:37:41.952+0800][7.777s][info][gc,cpu      ] GC(158) User=0.02s Sys=0.00s Real=0.01s
[2025-07-30T16:37:41.952+0800][7.777s][info][safepoint   ] Safepoint "G1CollectForAllocation", Time since last: 36912000 ns, Reaching safepoint: 2300 ns, Cleanup: 2600 ns, At safepoint: 14990200 ns, Total: 14995100 ns
[2025-07-30T16:37:41.989+0800][7.814s][info][gc,start    ] GC(159) Pause Young (Normal) (G1 Evacuation Pause)
[2025-07-30T16:37:41.989+0800][7.814s][info][gc,task     ] GC(159) Using 1 workers of 1 for evacuation
[2025-07-30T16:37:42.004+0800][7.829s][info][gc,phases   ] GC(159)   Pre Evacuate Collection Set: 0.4ms
[2025-07-30T16:37:42.004+0800][7.829s][info][gc,phases   ] GC(159)   Merge Heap Roots: 0.1ms
[2025-07-30T16:37:42.004+0800][7.829s][info][gc,phases   ] GC(159)   Evacuate Collection Set: 13.8ms
[2025-07-30T16:37:42.004+0800][7.829s][info][gc,phases   ] GC(159)   Post Evacuate Collection Set: 0.6ms
[2025-07-30T16:37:42.004+0800][7.829s][info][gc,phases   ] GC(159)   Other: 0.1ms
[2025-07-30T16:37:42.004+0800][7.829s][info][gc,heap     ] GC(159) Eden regions: 1018->0(1018)
[2025-07-30T16:37:42.004+0800][7.829s][info][gc,heap     ] GC(159) Survivor regions: 146->146(146)
[2025-07-30T16:37:42.004+0800][7.829s][info][gc,heap     ] GC(159) Old regions: 561->561
[2025-07-30T16:37:42.004+0800][7.829s][info][gc,heap     ] GC(159) Humongous regions: 3->3
[2025-07-30T16:37:42.004+0800][7.829s][info][gc,metaspace] GC(159) Metaspace: 7012K(7360K)->7012K(7360K) NonClass: 6290K(6464K)->6290K(6464K) Class: 722K(896K)->722K(896K)
[2025-07-30T16:37:42.004+0800][7.829s][info][gc          ] GC(159) Pause Young (Normal) (G1 Evacuation Pause) 1726M->708M(2048M) 15.153ms
[2025-07-30T16:37:42.004+0800][7.829s][info][gc,cpu      ] GC(159) User=0.02s Sys=0.00s Real=0.01s
[2025-07-30T16:37:42.004+0800][7.829s][info][safepoint   ] Safepoint "G1CollectForAllocation", Time since last: 36756800 ns, Reaching safepoint: 2500 ns, Cleanup: 3600 ns, At safepoint: 15194300 ns, Total: 15200400 ns
[2025-07-30T16:37:42.039+0800][7.865s][info][gc,start    ] GC(160) Pause Young (Normal) (G1 Evacuation Pause)
[2025-07-30T16:37:42.039+0800][7.865s][info][gc,task     ] GC(160) Using 1 workers of 1 for evacuation
[2025-07-30T16:37:42.055+0800][7.881s][info][gc,phases   ] GC(160)   Pre Evacuate Collection Set: 0.3ms
[2025-07-30T16:37:42.055+0800][7.881s][info][gc,phases   ] GC(160)   Merge Heap Roots: 0.1ms
[2025-07-30T16:37:42.055+0800][7.881s][info][gc,phases   ] GC(160)   Evacuate Collection Set: 14.0ms
[2025-07-30T16:37:42.055+0800][7.881s][info][gc,phases   ] GC(160)   Post Evacuate Collection Set: 0.6ms
[2025-07-30T16:37:42.055+0800][7.881s][info][gc,phases   ] GC(160)   Other: 0.1ms
[2025-07-30T16:37:42.055+0800][7.881s][info][gc,heap     ] GC(160) Eden regions: 1018->0(1017)
[2025-07-30T16:37:42.055+0800][7.881s][info][gc,heap     ] GC(160) Survivor regions: 146->146(146)
[2025-07-30T16:37:42.055+0800][7.881s][info][gc,heap     ] GC(160) Old regions: 561->561
[2025-07-30T16:37:42.055+0800][7.881s][info][gc,heap     ] GC(160) Humongous regions: 3->3
[2025-07-30T16:37:42.055+0800][7.881s][info][gc,metaspace] GC(160) Metaspace: 7012K(7360K)->7012K(7360K) NonClass: 6290K(6464K)->6290K(6464K) Class: 722K(896K)->722K(896K)
[2025-07-30T16:37:42.055+0800][7.881s][info][gc          ] GC(160) Pause Young (Normal) (G1 Evacuation Pause) 1726M->709M(2048M) 15.230ms
[2025-07-30T16:37:42.055+0800][7.881s][info][gc,cpu      ] GC(160) User=0.02s Sys=0.00s Real=0.02s
[2025-07-30T16:37:42.055+0800][7.881s][info][safepoint   ] Safepoint "G1CollectForAllocation", Time since last: 36288200 ns, Reaching safepoint: 2200 ns, Cleanup: 2700 ns, At safepoint: 15267900 ns, Total: 15272800 ns
[2025-07-30T16:37:42.094+0800][7.919s][info][gc,start    ] GC(161) Pause Young (Normal) (G1 Evacuation Pause)
[2025-07-30T16:37:42.094+0800][7.919s][info][gc,task     ] GC(161) Using 1 workers of 1 for evacuation
[2025-07-30T16:37:42.109+0800][7.935s][info][gc,phases   ] GC(161)   Pre Evacuate Collection Set: 0.4ms
[2025-07-30T16:37:42.109+0800][7.935s][info][gc,phases   ] GC(161)   Merge Heap Roots: 0.1ms
[2025-07-30T16:37:42.109+0800][7.935s][info][gc,phases   ] GC(161)   Evacuate Collection Set: 14.2ms
[2025-07-30T16:37:42.109+0800][7.935s][info][gc,phases   ] GC(161)   Post Evacuate Collection Set: 0.7ms
[2025-07-30T16:37:42.109+0800][7.935s][info][gc,phases   ] GC(161)   Other: 0.1ms
[2025-07-30T16:37:42.109+0800][7.935s][info][gc,heap     ] GC(161) Eden regions: 1017->0(1019)
[2025-07-30T16:37:42.109+0800][7.935s][info][gc,heap     ] GC(161) Survivor regions: 146->145(146)
[2025-07-30T16:37:42.109+0800][7.935s][info][gc,heap     ] GC(161) Old regions: 561->561
[2025-07-30T16:37:42.109+0800][7.935s][info][gc,heap     ] GC(161) Humongous regions: 3->3
[2025-07-30T16:37:42.109+0800][7.935s][info][gc,metaspace] GC(161) Metaspace: 7012K(7360K)->7012K(7360K) NonClass: 6290K(6464K)->6290K(6464K) Class: 722K(896K)->722K(896K)
[2025-07-30T16:37:42.109+0800][7.935s][info][gc          ] GC(161) Pause Young (Normal) (G1 Evacuation Pause) 1726M->708M(2048M) 15.583ms
[2025-07-30T16:37:42.109+0800][7.935s][info][gc,cpu      ] GC(161) User=0.00s Sys=0.00s Real=0.01s
[2025-07-30T16:37:42.109+0800][7.935s][info][safepoint   ] Safepoint "G1CollectForAllocation", Time since last: 38634000 ns, Reaching safepoint: 2800 ns, Cleanup: 3100 ns, At safepoint: 15624100 ns, Total: 15630000 ns
[2025-07-30T16:37:42.147+0800][7.972s][info][gc,start    ] GC(162) Pause Young (Normal) (G1 Evacuation Pause)
[2025-07-30T16:37:42.147+0800][7.972s][info][gc,task     ] GC(162) Using 1 workers of 1 for evacuation
[2025-07-30T16:37:42.163+0800][7.988s][info][gc,phases   ] GC(162)   Pre Evacuate Collection Set: 0.5ms
[2025-07-30T16:37:42.163+0800][7.988s][info][gc,phases   ] GC(162)   Merge Heap Roots: 0.1ms
[2025-07-30T16:37:42.163+0800][7.988s][info][gc,phases   ] GC(162)   Evacuate Collection Set: 14.7ms
[2025-07-30T16:37:42.163+0800][7.988s][info][gc,phases   ] GC(162)   Post Evacuate Collection Set: 0.7ms
[2025-07-30T16:37:42.163+0800][7.988s][info][gc,phases   ] GC(162)   Other: 0.1ms
[2025-07-30T16:37:42.163+0800][7.988s][info][gc,heap     ] GC(162) Eden regions: 1019->0(1017)
[2025-07-30T16:37:42.163+0800][7.988s][info][gc,heap     ] GC(162) Survivor regions: 145->146(146)
[2025-07-30T16:37:42.163+0800][7.988s][info][gc,heap     ] GC(162) Old regions: 561->561
[2025-07-30T16:37:42.163+0800][7.988s][info][gc,heap     ] GC(162) Humongous regions: 3->3
[2025-07-30T16:37:42.163+0800][7.988s][info][gc,metaspace] GC(162) Metaspace: 7012K(7360K)->7012K(7360K) NonClass: 6290K(6464K)->6290K(6464K) Class: 722K(896K)->722K(896K)
[2025-07-30T16:37:42.163+0800][7.988s][info][gc          ] GC(162) Pause Young (Normal) (G1 Evacuation Pause) 1727M->709M(2048M) 16.271ms
[2025-07-30T16:37:42.163+0800][7.988s][info][gc,cpu      ] GC(162) User=0.02s Sys=0.00s Real=0.02s
[2025-07-30T16:37:42.163+0800][7.988s][info][safepoint   ] Safepoint "G1CollectForAllocation", Time since last: 37055300 ns, Reaching safepoint: 4500 ns, Cleanup: 5300 ns, At safepoint: 16314600 ns, Total: 16324400 ns
[2025-07-30T16:37:42.201+0800][8.026s][info][gc,start    ] GC(163) Pause Young (Normal) (G1 Evacuation Pause)
[2025-07-30T16:37:42.201+0800][8.026s][info][gc,task     ] GC(163) Using 1 workers of 1 for evacuation
[2025-07-30T16:37:42.216+0800][8.041s][info][gc,phases   ] GC(163)   Pre Evacuate Collection Set: 0.3ms
[2025-07-30T16:37:42.216+0800][8.041s][info][gc,phases   ] GC(163)   Merge Heap Roots: 0.1ms
[2025-07-30T16:37:42.216+0800][8.041s][info][gc,phases   ] GC(163)   Evacuate Collection Set: 13.8ms
[2025-07-30T16:37:42.216+0800][8.041s][info][gc,phases   ] GC(163)   Post Evacuate Collection Set: 0.7ms
[2025-07-30T16:37:42.216+0800][8.041s][info][gc,phases   ] GC(163)   Other: 0.1ms
[2025-07-30T16:37:42.216+0800][8.041s][info][gc,heap     ] GC(163) Eden regions: 1017->0(1019)
[2025-07-30T16:37:42.216+0800][8.041s][info][gc,heap     ] GC(163) Survivor regions: 146->145(146)
[2025-07-30T16:37:42.216+0800][8.041s][info][gc,heap     ] GC(163) Old regions: 561->561
[2025-07-30T16:37:42.216+0800][8.041s][info][gc,heap     ] GC(163) Humongous regions: 3->3
[2025-07-30T16:37:42.216+0800][8.041s][info][gc,metaspace] GC(163) Metaspace: 7012K(7360K)->7012K(7360K) NonClass: 6290K(6464K)->6290K(6464K) Class: 722K(896K)->722K(896K)
[2025-07-30T16:37:42.216+0800][8.041s][info][gc          ] GC(163) Pause Young (Normal) (G1 Evacuation Pause) 1726M->708M(2048M) 15.192ms
[2025-07-30T16:37:42.216+0800][8.041s][info][gc,cpu      ] GC(163) User=0.02s Sys=0.00s Real=0.02s
[2025-07-30T16:37:42.216+0800][8.041s][info][safepoint   ] Safepoint "G1CollectForAllocation", Time since last: 37633600 ns, Reaching safepoint: 2400 ns, Cleanup: 3000 ns, At safepoint: 15232200 ns, Total: 15237600 ns
[2025-07-30T16:37:42.252+0800][8.077s][info][gc,start    ] GC(164) Pause Young (Normal) (G1 Evacuation Pause)
[2025-07-30T16:37:42.252+0800][8.077s][info][gc,task     ] GC(164) Using 1 workers of 1 for evacuation
[2025-07-30T16:37:42.267+0800][8.092s][info][gc,phases   ] GC(164)   Pre Evacuate Collection Set: 0.3ms
[2025-07-30T16:37:42.267+0800][8.092s][info][gc,phases   ] GC(164)   Merge Heap Roots: 0.1ms
[2025-07-30T16:37:42.267+0800][8.092s][info][gc,phases   ] GC(164)   Evacuate Collection Set: 13.8ms
[2025-07-30T16:37:42.267+0800][8.092s][info][gc,phases   ] GC(164)   Post Evacuate Collection Set: 0.6ms
[2025-07-30T16:37:42.267+0800][8.092s][info][gc,phases   ] GC(164)   Other: 0.1ms
[2025-07-30T16:37:42.267+0800][8.092s][info][gc,heap     ] GC(164) Eden regions: 1019->0(1017)
[2025-07-30T16:37:42.267+0800][8.092s][info][gc,heap     ] GC(164) Survivor regions: 145->146(146)
[2025-07-30T16:37:42.267+0800][8.092s][info][gc,heap     ] GC(164) Old regions: 561->561
[2025-07-30T16:37:42.267+0800][8.092s][info][gc,heap     ] GC(164) Humongous regions: 3->3
[2025-07-30T16:37:42.267+0800][8.092s][info][gc,metaspace] GC(164) Metaspace: 7012K(7360K)->7012K(7360K) NonClass: 6290K(6464K)->6290K(6464K) Class: 722K(896K)->722K(896K)
[2025-07-30T16:37:42.267+0800][8.092s][info][gc          ] GC(164) Pause Young (Normal) (G1 Evacuation Pause) 1727M->709M(2048M) 15.016ms
[2025-07-30T16:37:42.267+0800][8.092s][info][gc,cpu      ] GC(164) User=0.02s Sys=0.00s Real=0.01s
[2025-07-30T16:37:42.267+0800][8.092s][info][safepoint   ] Safepoint "G1CollectForAllocation", Time since last: 36102200 ns, Reaching safepoint: 2200 ns, Cleanup: 2900 ns, At safepoint: 15053000 ns, Total: 15058100 ns
[2025-07-30T16:37:42.303+0800][8.129s][info][gc,start    ] GC(165) Pause Young (Normal) (G1 Evacuation Pause)
[2025-07-30T16:37:42.303+0800][8.129s][info][gc,task     ] GC(165) Using 1 workers of 1 for evacuation
[2025-07-30T16:37:42.318+0800][8.144s][info][gc,phases   ] GC(165)   Pre Evacuate Collection Set: 0.4ms
[2025-07-30T16:37:42.318+0800][8.144s][info][gc,phases   ] GC(165)   Merge Heap Roots: 0.1ms
[2025-07-30T16:37:42.318+0800][8.144s][info][gc,phases   ] GC(165)   Evacuate Collection Set: 13.8ms
[2025-07-30T16:37:42.318+0800][8.144s][info][gc,phases   ] GC(165)   Post Evacuate Collection Set: 0.6ms
[2025-07-30T16:37:42.318+0800][8.144s][info][gc,phases   ] GC(165)   Other: 0.1ms
[2025-07-30T16:37:42.318+0800][8.144s][info][gc,heap     ] GC(165) Eden regions: 1017->0(1017)
[2025-07-30T16:37:42.319+0800][8.144s][info][gc,heap     ] GC(165) Survivor regions: 146->146(146)
[2025-07-30T16:37:42.319+0800][8.144s][info][gc,heap     ] GC(165) Old regions: 561->561
[2025-07-30T16:37:42.319+0800][8.144s][info][gc,heap     ] GC(165) Humongous regions: 3->3
[2025-07-30T16:37:42.319+0800][8.144s][info][gc,metaspace] GC(165) Metaspace: 7012K(7360K)->7012K(7360K) NonClass: 6290K(6464K)->6290K(6464K) Class: 722K(896K)->722K(896K)
[2025-07-30T16:37:42.319+0800][8.144s][info][gc          ] GC(165) Pause Young (Normal) (G1 Evacuation Pause) 1726M->708M(2048M) 15.106ms
[2025-07-30T16:37:42.319+0800][8.144s][info][gc,cpu      ] GC(165) User=0.02s Sys=0.00s Real=0.02s
[2025-07-30T16:37:42.319+0800][8.144s][info][safepoint   ] Safepoint "G1CollectForAllocation", Time since last: 36221400 ns, Reaching safepoint: 3000 ns, Cleanup: 3800 ns, At safepoint: 15146100 ns, Total: 15152900 ns
[2025-07-30T16:37:42.356+0800][8.182s][info][gc,start    ] GC(166) Pause Young (Normal) (G1 Evacuation Pause)
[2025-07-30T16:37:42.356+0800][8.182s][info][gc,task     ] GC(166) Using 1 workers of 1 for evacuation
[2025-07-30T16:37:42.371+0800][8.196s][info][gc,phases   ] GC(166)   Pre Evacuate Collection Set: 0.3ms
[2025-07-30T16:37:42.371+0800][8.196s][info][gc,phases   ] GC(166)   Merge Heap Roots: 0.1ms
[2025-07-30T16:37:42.371+0800][8.196s][info][gc,phases   ] GC(166)   Evacuate Collection Set: 13.3ms
[2025-07-30T16:37:42.371+0800][8.196s][info][gc,phases   ] GC(166)   Post Evacuate Collection Set: 0.8ms
[2025-07-30T16:37:42.371+0800][8.196s][info][gc,phases   ] GC(166)   Other: 0.1ms
[2025-07-30T16:37:42.371+0800][8.196s][info][gc,heap     ] GC(166) Eden regions: 1017->0(1019)
[2025-07-30T16:37:42.371+0800][8.196s][info][gc,heap     ] GC(166) Survivor regions: 146->145(146)
[2025-07-30T16:37:42.371+0800][8.196s][info][gc,heap     ] GC(166) Old regions: 561->561
[2025-07-30T16:37:42.371+0800][8.196s][info][gc,heap     ] GC(166) Humongous regions: 3->3
[2025-07-30T16:37:42.371+0800][8.196s][info][gc,metaspace] GC(166) Metaspace: 7012K(7360K)->7012K(7360K) NonClass: 6290K(6464K)->6290K(6464K) Class: 722K(896K)->722K(896K)
[2025-07-30T16:37:42.371+0800][8.196s][info][gc          ] GC(166) Pause Young (Normal) (G1 Evacuation Pause) 1725M->707M(2048M) 14.784ms
[2025-07-30T16:37:42.371+0800][8.196s][info][gc,cpu      ] GC(166) User=0.02s Sys=0.00s Real=0.02s
[2025-07-30T16:37:42.371+0800][8.196s][info][safepoint   ] Safepoint "G1CollectForAllocation", Time since last: 37822500 ns, Reaching safepoint: 2600 ns, Cleanup: 3300 ns, At safepoint: 14823400 ns, Total: 14829300 ns
[2025-07-30T16:37:42.408+0800][8.233s][info][gc,start    ] GC(167) Pause Young (Normal) (G1 Evacuation Pause)
[2025-07-30T16:37:42.408+0800][8.233s][info][gc,task     ] GC(167) Using 1 workers of 1 for evacuation
[2025-07-30T16:37:42.423+0800][8.248s][info][gc,phases   ] GC(167)   Pre Evacuate Collection Set: 0.3ms
[2025-07-30T16:37:42.423+0800][8.248s][info][gc,phases   ] GC(167)   Merge Heap Roots: 0.1ms
[2025-07-30T16:37:42.423+0800][8.248s][info][gc,phases   ] GC(167)   Evacuate Collection Set: 13.9ms
[2025-07-30T16:37:42.423+0800][8.248s][info][gc,phases   ] GC(167)   Post Evacuate Collection Set: 0.6ms
[2025-07-30T16:37:42.423+0800][8.248s][info][gc,phases   ] GC(167)   Other: 0.1ms
[2025-07-30T16:37:42.423+0800][8.248s][info][gc,heap     ] GC(167) Eden regions: 1019->0(1018)
[2025-07-30T16:37:42.423+0800][8.248s][info][gc,heap     ] GC(167) Survivor regions: 145->146(146)
[2025-07-30T16:37:42.423+0800][8.248s][info][gc,heap     ] GC(167) Old regions: 561->561
[2025-07-30T16:37:42.423+0800][8.248s][info][gc,heap     ] GC(167) Humongous regions: 3->3
[2025-07-30T16:37:42.423+0800][8.248s][info][gc,metaspace] GC(167) Metaspace: 7012K(7360K)->7012K(7360K) NonClass: 6290K(6464K)->6290K(6464K) Class: 722K(896K)->722K(896K)
[2025-07-30T16:37:42.423+0800][8.248s][info][gc          ] GC(167) Pause Young (Normal) (G1 Evacuation Pause) 1726M->708M(2048M) 15.134ms
[2025-07-30T16:37:42.423+0800][8.248s][info][gc,cpu      ] GC(167) User=0.02s Sys=0.00s Real=0.02s
[2025-07-30T16:37:42.423+0800][8.248s][info][safepoint   ] Safepoint "G1CollectForAllocation", Time since last: 36451500 ns, Reaching safepoint: 1900 ns, Cleanup: 2800 ns, At safepoint: 15171200 ns, Total: 15175900 ns
[2025-07-30T16:37:42.459+0800][8.285s][info][gc,start    ] GC(168) Pause Young (Normal) (G1 Evacuation Pause)
[2025-07-30T16:37:42.459+0800][8.285s][info][gc,task     ] GC(168) Using 1 workers of 1 for evacuation
[2025-07-30T16:37:42.475+0800][8.300s][info][gc,phases   ] GC(168)   Pre Evacuate Collection Set: 0.4ms
[2025-07-30T16:37:42.475+0800][8.300s][info][gc,phases   ] GC(168)   Merge Heap Roots: 0.1ms
[2025-07-30T16:37:42.475+0800][8.300s][info][gc,phases   ] GC(168)   Evacuate Collection Set: 14.2ms
[2025-07-30T16:37:42.475+0800][8.300s][info][gc,phases   ] GC(168)   Post Evacuate Collection Set: 0.6ms
[2025-07-30T16:37:42.475+0800][8.300s][info][gc,phases   ] GC(168)   Other: 0.1ms
[2025-07-30T16:37:42.475+0800][8.300s][info][gc,heap     ] GC(168) Eden regions: 1018->0(1018)
[2025-07-30T16:37:42.475+0800][8.300s][info][gc,heap     ] GC(168) Survivor regions: 146->146(146)
[2025-07-30T16:37:42.475+0800][8.300s][info][gc,heap     ] GC(168) Old regions: 561->561
[2025-07-30T16:37:42.475+0800][8.300s][info][gc,heap     ] GC(168) Humongous regions: 3->3
[2025-07-30T16:37:42.475+0800][8.300s][info][gc,metaspace] GC(168) Metaspace: 7012K(7360K)->7012K(7360K) NonClass: 6290K(6464K)->6290K(6464K) Class: 722K(896K)->722K(896K)
[2025-07-30T16:37:42.475+0800][8.300s][info][gc          ] GC(168) Pause Young (Normal) (G1 Evacuation Pause) 1726M->708M(2048M) 15.593ms
[2025-07-30T16:37:42.475+0800][8.300s][info][gc,cpu      ] GC(168) User=0.02s Sys=0.00s Real=0.02s
[2025-07-30T16:37:42.475+0800][8.300s][info][safepoint   ] Safepoint "G1CollectForAllocation", Time since last: 36473900 ns, Reaching safepoint: 2500 ns, Cleanup: 3600 ns, At safepoint: 15633300 ns, Total: 15639400 ns
[2025-07-30T16:37:42.511+0800][8.336s][info][gc,start    ] GC(169) Pause Young (Normal) (G1 Evacuation Pause)
[2025-07-30T16:37:42.511+0800][8.336s][info][gc,task     ] GC(169) Using 1 workers of 1 for evacuation
[2025-07-30T16:37:42.526+0800][8.351s][info][gc,phases   ] GC(169)   Pre Evacuate Collection Set: 0.3ms
[2025-07-30T16:37:42.526+0800][8.351s][info][gc,phases   ] GC(169)   Merge Heap Roots: 0.1ms
[2025-07-30T16:37:42.526+0800][8.351s][info][gc,phases   ] GC(169)   Evacuate Collection Set: 13.8ms
[2025-07-30T16:37:42.526+0800][8.351s][info][gc,phases   ] GC(169)   Post Evacuate Collection Set: 0.6ms
[2025-07-30T16:37:42.526+0800][8.351s][info][gc,phases   ] GC(169)   Other: 0.1ms
[2025-07-30T16:37:42.526+0800][8.351s][info][gc,heap     ] GC(169) Eden regions: 1018->0(1017)
[2025-07-30T16:37:42.526+0800][8.351s][info][gc,heap     ] GC(169) Survivor regions: 146->146(146)
[2025-07-30T16:37:42.526+0800][8.351s][info][gc,heap     ] GC(169) Old regions: 561->561
[2025-07-30T16:37:42.526+0800][8.351s][info][gc,heap     ] GC(169) Humongous regions: 3->3
[2025-07-30T16:37:42.526+0800][8.351s][info][gc,metaspace] GC(169) Metaspace: 7012K(7360K)->7012K(7360K) NonClass: 6290K(6464K)->6290K(6464K) Class: 722K(896K)->722K(896K)
[2025-07-30T16:37:42.526+0800][8.351s][info][gc          ] GC(169) Pause Young (Normal) (G1 Evacuation Pause) 1726M->709M(2048M) 15.144ms
[2025-07-30T16:37:42.526+0800][8.351s][info][gc,cpu      ] GC(169) User=0.02s Sys=0.00s Real=0.02s
[2025-07-30T16:37:42.526+0800][8.352s][info][safepoint   ] Safepoint "G1CollectForAllocation", Time since last: 36189200 ns, Reaching safepoint: 2100 ns, Cleanup: 2700 ns, At safepoint: 15181400 ns, Total: 15186200 ns
[2025-07-30T16:37:42.563+0800][8.389s][info][gc,start    ] GC(170) Pause Young (Normal) (G1 Evacuation Pause)
[2025-07-30T16:37:42.563+0800][8.389s][info][gc,task     ] GC(170) Using 1 workers of 1 for evacuation
[2025-07-30T16:37:42.578+0800][8.403s][info][gc,phases   ] GC(170)   Pre Evacuate Collection Set: 0.3ms
[2025-07-30T16:37:42.578+0800][8.403s][info][gc,phases   ] GC(170)   Merge Heap Roots: 0.0ms
[2025-07-30T16:37:42.578+0800][8.403s][info][gc,phases   ] GC(170)   Evacuate Collection Set: 13.7ms
[2025-07-30T16:37:42.578+0800][8.403s][info][gc,phases   ] GC(170)   Post Evacuate Collection Set: 0.6ms
[2025-07-30T16:37:42.578+0800][8.403s][info][gc,phases   ] GC(170)   Other: 0.1ms
[2025-07-30T16:37:42.578+0800][8.403s][info][gc,heap     ] GC(170) Eden regions: 1017->0(1019)
[2025-07-30T16:37:42.578+0800][8.403s][info][gc,heap     ] GC(170) Survivor regions: 146->145(146)
[2025-07-30T16:37:42.578+0800][8.403s][info][gc,heap     ] GC(170) Old regions: 561->561
[2025-07-30T16:37:42.578+0800][8.403s][info][gc,heap     ] GC(170) Humongous regions: 3->3
[2025-07-30T16:37:42.578+0800][8.403s][info][gc,metaspace] GC(170) Metaspace: 7012K(7360K)->7012K(7360K) NonClass: 6290K(6464K)->6290K(6464K) Class: 722K(896K)->722K(896K)
[2025-07-30T16:37:42.578+0800][8.403s][info][gc          ] GC(170) Pause Young (Normal) (G1 Evacuation Pause) 1726M->708M(2048M) 14.814ms
[2025-07-30T16:37:42.578+0800][8.403s][info][gc,cpu      ] GC(170) User=0.00s Sys=0.00s Real=0.02s
[2025-07-30T16:37:42.578+0800][8.403s][info][safepoint   ] Safepoint "G1CollectForAllocation", Time since last: 37053700 ns, Reaching safepoint: 2100 ns, Cleanup: 2700 ns, At safepoint: 14892700 ns, Total: 14897500 ns
[2025-07-30T16:37:42.615+0800][8.440s][info][gc,start    ] GC(171) Pause Young (Normal) (G1 Evacuation Pause)
[2025-07-30T16:37:42.615+0800][8.440s][info][gc,task     ] GC(171) Using 1 workers of 1 for evacuation
[2025-07-30T16:37:42.629+0800][8.454s][info][gc,phases   ] GC(171)   Pre Evacuate Collection Set: 0.3ms
[2025-07-30T16:37:42.629+0800][8.454s][info][gc,phases   ] GC(171)   Merge Heap Roots: 0.0ms
[2025-07-30T16:37:42.629+0800][8.454s][info][gc,phases   ] GC(171)   Evacuate Collection Set: 13.7ms
[2025-07-30T16:37:42.629+0800][8.454s][info][gc,phases   ] GC(171)   Post Evacuate Collection Set: 0.5ms
[2025-07-30T16:37:42.629+0800][8.455s][info][gc,phases   ] GC(171)   Other: 0.1ms
[2025-07-30T16:37:42.629+0800][8.455s][info][gc,heap     ] GC(171) Eden regions: 1019->0(1017)
[2025-07-30T16:37:42.629+0800][8.455s][info][gc,heap     ] GC(171) Survivor regions: 145->146(146)
[2025-07-30T16:37:42.629+0800][8.455s][info][gc,heap     ] GC(171) Old regions: 561->561
[2025-07-30T16:37:42.629+0800][8.455s][info][gc,heap     ] GC(171) Humongous regions: 3->3
[2025-07-30T16:37:42.629+0800][8.455s][info][gc,metaspace] GC(171) Metaspace: 7012K(7360K)->7012K(7360K) NonClass: 6290K(6464K)->6290K(6464K) Class: 722K(896K)->722K(896K)
[2025-07-30T16:37:42.629+0800][8.455s][info][gc          ] GC(171) Pause Young (Normal) (G1 Evacuation Pause) 1727M->709M(2048M) 14.809ms
[2025-07-30T16:37:42.629+0800][8.455s][info][gc,cpu      ] GC(171) User=0.02s Sys=0.00s Real=0.01s
[2025-07-30T16:37:42.629+0800][8.455s][info][safepoint   ] Safepoint "G1CollectForAllocation", Time since last: 36299800 ns, Reaching safepoint: 2200 ns, Cleanup: 2500 ns, At safepoint: 14845200 ns, Total: 14849900 ns
[2025-07-30T16:37:42.665+0800][8.491s][info][gc,start    ] GC(172) Pause Young (Normal) (G1 Evacuation Pause)
[2025-07-30T16:37:42.665+0800][8.491s][info][gc,task     ] GC(172) Using 1 workers of 1 for evacuation
[2025-07-30T16:37:42.679+0800][8.505s][info][gc,phases   ] GC(172)   Pre Evacuate Collection Set: 0.3ms
[2025-07-30T16:37:42.679+0800][8.506s][info][gc,phases   ] GC(172)   Merge Heap Roots: 0.0ms
[2025-07-30T16:37:42.679+0800][8.506s][info][gc,phases   ] GC(172)   Evacuate Collection Set: 13.8ms
[2025-07-30T16:37:42.679+0800][8.506s][info][gc,phases   ] GC(172)   Post Evacuate Collection Set: 0.5ms
[2025-07-30T16:37:42.679+0800][8.506s][info][gc,phases   ] GC(172)   Other: 0.1ms
[2025-07-30T16:37:42.679+0800][8.506s][info][gc,heap     ] GC(172) Eden regions: 1017->0(1019)
[2025-07-30T16:37:42.679+0800][8.506s][info][gc,heap     ] GC(172) Survivor regions: 146->145(146)
[2025-07-30T16:37:42.679+0800][8.506s][info][gc,heap     ] GC(172) Old regions: 561->561
[2025-07-30T16:37:42.679+0800][8.506s][info][gc,heap     ] GC(172) Humongous regions: 3->3
[2025-07-30T16:37:42.679+0800][8.506s][info][gc,metaspace] GC(172) Metaspace: 7012K(7360K)->7012K(7360K) NonClass: 6290K(6464K)->6290K(6464K) Class: 722K(896K)->722K(896K)
[2025-07-30T16:37:42.679+0800][8.506s][info][gc          ] GC(172) Pause Young (Normal) (G1 Evacuation Pause) 1726M->708M(2048M) 14.883ms
[2025-07-30T16:37:42.679+0800][8.506s][info][gc,cpu      ] GC(172) User=0.02s Sys=0.00s Real=0.01s
[2025-07-30T16:37:42.679+0800][8.506s][info][safepoint   ] Safepoint "G1CollectForAllocation", Time since last: 36107200 ns, Reaching safepoint: 2000 ns, Cleanup: 2700 ns, At safepoint: 14919900 ns, Total: 14924600 ns
[2025-07-30T16:37:42.717+0800][8.543s][info][gc,start    ] GC(173) Pause Young (Normal) (G1 Evacuation Pause)
[2025-07-30T16:37:42.717+0800][8.543s][info][gc,task     ] GC(173) Using 1 workers of 1 for evacuation
[2025-07-30T16:37:42.733+0800][8.558s][info][gc,phases   ] GC(173)   Pre Evacuate Collection Set: 0.3ms
[2025-07-30T16:37:42.733+0800][8.558s][info][gc,phases   ] GC(173)   Merge Heap Roots: 0.0ms
[2025-07-30T16:37:42.733+0800][8.558s][info][gc,phases   ] GC(173)   Evacuate Collection Set: 14.2ms
[2025-07-30T16:37:42.733+0800][8.558s][info][gc,phases   ] GC(173)   Post Evacuate Collection Set: 0.5ms
[2025-07-30T16:37:42.733+0800][8.558s][info][gc,phases   ] GC(173)   Other: 0.1ms
[2025-07-30T16:37:42.733+0800][8.558s][info][gc,heap     ] GC(173) Eden regions: 1019->0(1017)
[2025-07-30T16:37:42.733+0800][8.558s][info][gc,heap     ] GC(173) Survivor regions: 145->146(146)
[2025-07-30T16:37:42.733+0800][8.558s][info][gc,heap     ] GC(173) Old regions: 561->561
[2025-07-30T16:37:42.733+0800][8.558s][info][gc,heap     ] GC(173) Humongous regions: 3->3
[2025-07-30T16:37:42.733+0800][8.558s][info][gc,metaspace] GC(173) Metaspace: 7012K(7360K)->7012K(7360K) NonClass: 6290K(6464K)->6290K(6464K) Class: 722K(896K)->722K(896K)
[2025-07-30T16:37:42.733+0800][8.558s][info][gc          ] GC(173) Pause Young (Normal) (G1 Evacuation Pause) 1727M->709M(2048M) 15.338ms
[2025-07-30T16:37:42.733+0800][8.558s][info][gc,cpu      ] GC(173) User=0.02s Sys=0.00s Real=0.02s
[2025-07-30T16:37:42.733+0800][8.558s][info][safepoint   ] Safepoint "G1CollectForAllocation", Time since last: 37337200 ns, Reaching safepoint: 2000 ns, Cleanup: 2300 ns, At safepoint: 15375700 ns, Total: 15380000 ns
[2025-07-30T16:37:42.769+0800][8.594s][info][gc,start    ] GC(174) Pause Young (Normal) (G1 Evacuation Pause)
[2025-07-30T16:37:42.769+0800][8.595s][info][gc,task     ] GC(174) Using 1 workers of 1 for evacuation
[2025-07-30T16:37:42.783+0800][8.609s][info][gc,phases   ] GC(174)   Pre Evacuate Collection Set: 0.3ms
[2025-07-30T16:37:42.783+0800][8.609s][info][gc,phases   ] GC(174)   Merge Heap Roots: 0.0ms
[2025-07-30T16:37:42.783+0800][8.609s][info][gc,phases   ] GC(174)   Evacuate Collection Set: 13.6ms
[2025-07-30T16:37:42.783+0800][8.609s][info][gc,phases   ] GC(174)   Post Evacuate Collection Set: 0.5ms
[2025-07-30T16:37:42.783+0800][8.609s][info][gc,phases   ] GC(174)   Other: 0.1ms
[2025-07-30T16:37:42.783+0800][8.609s][info][gc,heap     ] GC(174) Eden regions: 1017->0(1017)
[2025-07-30T16:37:42.783+0800][8.609s][info][gc,heap     ] GC(174) Survivor regions: 146->146(146)
[2025-07-30T16:37:42.783+0800][8.609s][info][gc,heap     ] GC(174) Old regions: 561->561
[2025-07-30T16:37:42.783+0800][8.609s][info][gc,heap     ] GC(174) Humongous regions: 3->3
[2025-07-30T16:37:42.783+0800][8.609s][info][gc,metaspace] GC(174) Metaspace: 7012K(7360K)->7012K(7360K) NonClass: 6290K(6464K)->6290K(6464K) Class: 722K(896K)->722K(896K)
[2025-07-30T16:37:42.783+0800][8.609s][info][gc          ] GC(174) Pause Young (Normal) (G1 Evacuation Pause) 1726M->708M(2048M) 14.669ms
[2025-07-30T16:37:42.783+0800][8.609s][info][gc,cpu      ] GC(174) User=0.02s Sys=0.00s Real=0.01s
[2025-07-30T16:37:42.784+0800][8.609s][info][safepoint   ] Safepoint "G1CollectForAllocation", Time since last: 36106700 ns, Reaching safepoint: 2100 ns, Cleanup: 2300 ns, At safepoint: 14705800 ns, Total: 14710200 ns
[2025-07-30T16:37:42.821+0800][8.646s][info][gc,start    ] GC(175) Pause Young (Normal) (G1 Evacuation Pause)
[2025-07-30T16:37:42.821+0800][8.646s][info][gc,task     ] GC(175) Using 1 workers of 1 for evacuation
[2025-07-30T16:37:42.836+0800][8.661s][info][gc,phases   ] GC(175)   Pre Evacuate Collection Set: 0.4ms
[2025-07-30T16:37:42.836+0800][8.661s][info][gc,phases   ] GC(175)   Merge Heap Roots: 0.1ms
[2025-07-30T16:37:42.836+0800][8.661s][info][gc,phases   ] GC(175)   Evacuate Collection Set: 14.2ms
[2025-07-30T16:37:42.836+0800][8.661s][info][gc,phases   ] GC(175)   Post Evacuate Collection Set: 0.7ms
[2025-07-30T16:37:42.836+0800][8.662s][info][gc,phases   ] GC(175)   Other: 0.1ms
[2025-07-30T16:37:42.836+0800][8.662s][info][gc,heap     ] GC(175) Eden regions: 1017->0(1019)
[2025-07-30T16:37:42.836+0800][8.662s][info][gc,heap     ] GC(175) Survivor regions: 146->145(146)
[2025-07-30T16:37:42.836+0800][8.662s][info][gc,heap     ] GC(175) Old regions: 561->561
[2025-07-30T16:37:42.836+0800][8.662s][info][gc,heap     ] GC(175) Humongous regions: 3->3
[2025-07-30T16:37:42.836+0800][8.662s][info][gc,metaspace] GC(175) Metaspace: 7012K(7360K)->7012K(7360K) NonClass: 6290K(6464K)->6290K(6464K) Class: 722K(896K)->722K(896K)
[2025-07-30T16:37:42.836+0800][8.662s][info][gc          ] GC(175) Pause Young (Normal) (G1 Evacuation Pause) 1725M->707M(2048M) 15.664ms
[2025-07-30T16:37:42.836+0800][8.662s][info][gc,cpu      ] GC(175) User=0.02s Sys=0.00s Real=0.01s
[2025-07-30T16:37:42.836+0800][8.662s][info][safepoint   ] Safepoint "G1CollectForAllocation", Time since last: 36777000 ns, Reaching safepoint: 3300 ns, Cleanup: 4000 ns, At safepoint: 15708500 ns, Total: 15715800 ns
[2025-07-30T16:37:42.873+0800][8.698s][info][gc,start    ] GC(176) Pause Young (Normal) (G1 Evacuation Pause)
[2025-07-30T16:37:42.873+0800][8.698s][info][gc,task     ] GC(176) Using 1 workers of 1 for evacuation
[2025-07-30T16:37:42.888+0800][8.714s][info][gc,phases   ] GC(176)   Pre Evacuate Collection Set: 0.4ms
[2025-07-30T16:37:42.888+0800][8.714s][info][gc,phases   ] GC(176)   Merge Heap Roots: 0.1ms
[2025-07-30T16:37:42.888+0800][8.714s][info][gc,phases   ] GC(176)   Evacuate Collection Set: 14.4ms
[2025-07-30T16:37:42.888+0800][8.714s][info][gc,phases   ] GC(176)   Post Evacuate Collection Set: 0.7ms
[2025-07-30T16:37:42.888+0800][8.714s][info][gc,phases   ] GC(176)   Other: 0.1ms
[2025-07-30T16:37:42.888+0800][8.714s][info][gc,heap     ] GC(176) Eden regions: 1019->0(1018)
[2025-07-30T16:37:42.888+0800][8.714s][info][gc,heap     ] GC(176) Survivor regions: 145->146(146)
[2025-07-30T16:37:42.888+0800][8.714s][info][gc,heap     ] GC(176) Old regions: 561->561
[2025-07-30T16:37:42.888+0800][8.714s][info][gc,heap     ] GC(176) Humongous regions: 3->3
[2025-07-30T16:37:42.888+0800][8.714s][info][gc,metaspace] GC(176) Metaspace: 7012K(7360K)->7012K(7360K) NonClass: 6290K(6464K)->6290K(6464K) Class: 722K(896K)->722K(896K)
[2025-07-30T16:37:42.888+0800][8.714s][info][gc          ] GC(176) Pause Young (Normal) (G1 Evacuation Pause) 1726M->708M(2048M) 15.872ms
[2025-07-30T16:37:42.888+0800][8.714s][info][gc,cpu      ] GC(176) User=0.02s Sys=0.00s Real=0.02s
[2025-07-30T16:37:42.888+0800][8.714s][info][safepoint   ] Safepoint "G1CollectForAllocation", Time since last: 36660800 ns, Reaching safepoint: 4100 ns, Cleanup: 4300 ns, At safepoint: 15918300 ns, Total: 15926700 ns
[2025-07-30T16:37:42.926+0800][8.752s][info][gc,start    ] GC(177) Pause Young (Normal) (G1 Evacuation Pause)
[2025-07-30T16:37:42.926+0800][8.752s][info][gc,task     ] GC(177) Using 1 workers of 1 for evacuation
[2025-07-30T16:37:42.942+0800][8.768s][info][gc,phases   ] GC(177)   Pre Evacuate Collection Set: 0.5ms
[2025-07-30T16:37:42.942+0800][8.768s][info][gc,phases   ] GC(177)   Merge Heap Roots: 0.1ms
[2025-07-30T16:37:42.942+0800][8.768s][info][gc,phases   ] GC(177)   Evacuate Collection Set: 14.6ms
[2025-07-30T16:37:42.942+0800][8.768s][info][gc,phases   ] GC(177)   Post Evacuate Collection Set: 0.7ms
[2025-07-30T16:37:42.942+0800][8.768s][info][gc,phases   ] GC(177)   Other: 0.1ms
[2025-07-30T16:37:42.942+0800][8.768s][info][gc,heap     ] GC(177) Eden regions: 1018->0(1018)
[2025-07-30T16:37:42.942+0800][8.768s][info][gc,heap     ] GC(177) Survivor regions: 146->146(146)
[2025-07-30T16:37:42.942+0800][8.768s][info][gc,heap     ] GC(177) Old regions: 561->561
[2025-07-30T16:37:42.942+0800][8.768s][info][gc,heap     ] GC(177) Humongous regions: 3->3
[2025-07-30T16:37:42.942+0800][8.768s][info][gc,metaspace] GC(177) Metaspace: 7013K(7360K)->7013K(7360K) NonClass: 6291K(6464K)->6291K(6464K) Class: 722K(896K)->722K(896K)
[2025-07-30T16:37:42.942+0800][8.768s][info][gc          ] GC(177) Pause Young (Normal) (G1 Evacuation Pause) 1726M->708M(2048M) 16.230ms
[2025-07-30T16:37:42.942+0800][8.768s][info][gc,cpu      ] GC(177) User=0.02s Sys=0.02s Real=0.02s
[2025-07-30T16:37:42.942+0800][8.768s][info][safepoint   ] Safepoint "G1CollectForAllocation", Time since last: 37464700 ns, Reaching safepoint: 4100 ns, Cleanup: 4200 ns, At safepoint: 16271200 ns, Total: 16279500 ns
[2025-07-30T16:37:42.979+0800][8.805s][info][gc,start    ] GC(178) Pause Young (Normal) (G1 Evacuation Pause)
[2025-07-30T16:37:42.979+0800][8.806s][info][gc,task     ] GC(178) Using 1 workers of 1 for evacuation
[2025-07-30T16:37:42.997+0800][8.822s][info][gc,phases   ] GC(178)   Pre Evacuate Collection Set: 0.4ms
[2025-07-30T16:37:42.997+0800][8.822s][info][gc,phases   ] GC(178)   Merge Heap Roots: 0.1ms
[2025-07-30T16:37:42.997+0800][8.822s][info][gc,phases   ] GC(178)   Evacuate Collection Set: 15.3ms
[2025-07-30T16:37:42.997+0800][8.822s][info][gc,phases   ] GC(178)   Post Evacuate Collection Set: 0.8ms
[2025-07-30T16:37:42.997+0800][8.822s][info][gc,phases   ] GC(178)   Other: 0.1ms
[2025-07-30T16:37:42.997+0800][8.822s][info][gc,heap     ] GC(178) Eden regions: 1018->0(1017)
[2025-07-30T16:37:42.997+0800][8.822s][info][gc,heap     ] GC(178) Survivor regions: 146->146(146)
[2025-07-30T16:37:42.997+0800][8.822s][info][gc,heap     ] GC(178) Old regions: 561->561
[2025-07-30T16:37:42.997+0800][8.822s][info][gc,heap     ] GC(178) Humongous regions: 3->3
[2025-07-30T16:37:42.997+0800][8.822s][info][gc,metaspace] GC(178) Metaspace: 7025K(7360K)->7025K(7360K) NonClass: 6303K(6464K)->6303K(6464K) Class: 722K(896K)->722K(896K)
[2025-07-30T16:37:42.997+0800][8.822s][info][gc          ] GC(178) Pause Young (Normal) (G1 Evacuation Pause) 1726M->708M(2048M) 16.914ms
[2025-07-30T16:37:42.997+0800][8.822s][info][gc,cpu      ] GC(178) User=0.02s Sys=0.00s Real=0.02s
[2025-07-30T16:37:42.997+0800][8.822s][info][safepoint   ] Safepoint "G1CollectForAllocation", Time since last: 37453800 ns, Reaching safepoint: 2500 ns, Cleanup: 6300 ns, At safepoint: 16955700 ns, Total: 16964500 ns
[2025-07-30T16:37:43.034+0800][8.859s][info][gc,start    ] GC(179) Pause Young (Normal) (G1 Evacuation Pause)
[2025-07-30T16:37:43.034+0800][8.859s][info][gc,task     ] GC(179) Using 1 workers of 1 for evacuation
[2025-07-30T16:37:43.050+0800][8.875s][info][gc,phases   ] GC(179)   Pre Evacuate Collection Set: 0.4ms
[2025-07-30T16:37:43.050+0800][8.875s][info][gc,phases   ] GC(179)   Merge Heap Roots: 0.1ms
[2025-07-30T16:37:43.050+0800][8.875s][info][gc,phases   ] GC(179)   Evacuate Collection Set: 14.0ms
[2025-07-30T16:37:43.050+0800][8.875s][info][gc,phases   ] GC(179)   Post Evacuate Collection Set: 0.7ms
[2025-07-30T16:37:43.050+0800][8.875s][info][gc,phases   ] GC(179)   Other: 0.1ms
[2025-07-30T16:37:43.050+0800][8.875s][info][gc,heap     ] GC(179) Eden regions: 1017->0(1019)
[2025-07-30T16:37:43.050+0800][8.875s][info][gc,heap     ] GC(179) Survivor regions: 146->145(146)
[2025-07-30T16:37:43.050+0800][8.875s][info][gc,heap     ] GC(179) Old regions: 561->561
[2025-07-30T16:37:43.050+0800][8.875s][info][gc,heap     ] GC(179) Humongous regions: 3->3
[2025-07-30T16:37:43.050+0800][8.875s][info][gc,metaspace] GC(179) Metaspace: 7025K(7360K)->7025K(7360K) NonClass: 6303K(6464K)->6303K(6464K) Class: 722K(896K)->722K(896K)
[2025-07-30T16:37:43.050+0800][8.875s][info][gc          ] GC(179) Pause Young (Normal) (G1 Evacuation Pause) 1725M->708M(2048M) 15.517ms
[2025-07-30T16:37:43.050+0800][8.875s][info][gc,cpu      ] GC(179) User=0.02s Sys=0.00s Real=0.02s
[2025-07-30T16:37:43.050+0800][8.875s][info][safepoint   ] Safepoint "G1CollectForAllocation", Time since last: 36993500 ns, Reaching safepoint: 4000 ns, Cleanup: 4600 ns, At safepoint: 15561500 ns, Total: 15570100 ns
[2025-07-30T16:37:43.086+0800][8.912s][info][gc,start    ] GC(180) Pause Young (Normal) (G1 Evacuation Pause)
[2025-07-30T16:37:43.086+0800][8.912s][info][gc,task     ] GC(180) Using 1 workers of 1 for evacuation
[2025-07-30T16:37:43.102+0800][8.927s][info][gc,phases   ] GC(180)   Pre Evacuate Collection Set: 0.4ms
[2025-07-30T16:37:43.102+0800][8.927s][info][gc,phases   ] GC(180)   Merge Heap Roots: 0.1ms
[2025-07-30T16:37:43.102+0800][8.927s][info][gc,phases   ] GC(180)   Evacuate Collection Set: 14.1ms
[2025-07-30T16:37:43.102+0800][8.927s][info][gc,phases   ] GC(180)   Post Evacuate Collection Set: 0.7ms
[2025-07-30T16:37:43.102+0800][8.927s][info][gc,phases   ] GC(180)   Other: 0.1ms
[2025-07-30T16:37:43.102+0800][8.927s][info][gc,heap     ] GC(180) Eden regions: 1019->0(1017)
[2025-07-30T16:37:43.102+0800][8.927s][info][gc,heap     ] GC(180) Survivor regions: 145->146(146)
[2025-07-30T16:37:43.102+0800][8.927s][info][gc,heap     ] GC(180) Old regions: 561->561
[2025-07-30T16:37:43.102+0800][8.927s][info][gc,heap     ] GC(180) Humongous regions: 3->3
[2025-07-30T16:37:43.102+0800][8.927s][info][gc,metaspace] GC(180) Metaspace: 7025K(7360K)->7025K(7360K) NonClass: 6303K(6464K)->6303K(6464K) Class: 722K(896K)->722K(896K)
[2025-07-30T16:37:43.102+0800][8.927s][info][gc          ] GC(180) Pause Young (Normal) (G1 Evacuation Pause) 1727M->709M(2048M) 15.562ms
[2025-07-30T16:37:43.102+0800][8.927s][info][gc,cpu      ] GC(180) User=0.02s Sys=0.00s Real=0.02s
[2025-07-30T16:37:43.102+0800][8.927s][info][safepoint   ] Safepoint "G1CollectForAllocation", Time since last: 36830900 ns, Reaching safepoint: 3800 ns, Cleanup: 5000 ns, At safepoint: 15606400 ns, Total: 15615200 ns
[2025-07-30T16:37:43.139+0800][8.964s][info][gc,start    ] GC(181) Pause Young (Normal) (G1 Evacuation Pause)
[2025-07-30T16:37:43.139+0800][8.964s][info][gc,task     ] GC(181) Using 1 workers of 1 for evacuation
[2025-07-30T16:37:43.155+0800][8.981s][info][gc,phases   ] GC(181)   Pre Evacuate Collection Set: 0.4ms
[2025-07-30T16:37:43.156+0800][8.981s][info][gc,phases   ] GC(181)   Merge Heap Roots: 0.1ms
[2025-07-30T16:37:43.156+0800][8.981s][info][gc,phases   ] GC(181)   Evacuate Collection Set: 15.4ms
[2025-07-30T16:37:43.156+0800][8.981s][info][gc,phases   ] GC(181)   Post Evacuate Collection Set: 0.7ms
[2025-07-30T16:37:43.156+0800][8.981s][info][gc,phases   ] GC(181)   Other: 0.1ms
[2025-07-30T16:37:43.156+0800][8.981s][info][gc,heap     ] GC(181) Eden regions: 1017->0(1019)
[2025-07-30T16:37:43.156+0800][8.981s][info][gc,heap     ] GC(181) Survivor regions: 146->145(146)
[2025-07-30T16:37:43.156+0800][8.981s][info][gc,heap     ] GC(181) Old regions: 561->561
[2025-07-30T16:37:43.156+0800][8.981s][info][gc,heap     ] GC(181) Humongous regions: 3->3
[2025-07-30T16:37:43.156+0800][8.981s][info][gc,metaspace] GC(181) Metaspace: 7025K(7360K)->7025K(7360K) NonClass: 6303K(6464K)->6303K(6464K) Class: 722K(896K)->722K(896K)
[2025-07-30T16:37:43.156+0800][8.981s][info][gc          ] GC(181) Pause Young (Normal) (G1 Evacuation Pause) 1726M->708M(2048M) 16.843ms
[2025-07-30T16:37:43.156+0800][8.981s][info][gc,cpu      ] GC(181) User=0.02s Sys=0.00s Real=0.02s
[2025-07-30T16:37:43.156+0800][8.981s][info][safepoint   ] Safepoint "G1CollectForAllocation", Time since last: 36959900 ns, Reaching safepoint: 3900 ns, Cleanup: 4400 ns, At safepoint: 16888200 ns, Total: 16896500 ns
[2025-07-30T16:37:43.193+0800][9.018s][info][gc,start    ] GC(182) Pause Young (Normal) (G1 Evacuation Pause)
[2025-07-30T16:37:43.193+0800][9.018s][info][gc,task     ] GC(182) Using 1 workers of 1 for evacuation
[2025-07-30T16:37:43.209+0800][9.034s][info][gc,phases   ] GC(182)   Pre Evacuate Collection Set: 0.5ms
[2025-07-30T16:37:43.209+0800][9.034s][info][gc,phases   ] GC(182)   Merge Heap Roots: 0.1ms
[2025-07-30T16:37:43.209+0800][9.034s][info][gc,phases   ] GC(182)   Evacuate Collection Set: 14.5ms
[2025-07-30T16:37:43.209+0800][9.034s][info][gc,phases   ] GC(182)   Post Evacuate Collection Set: 0.7ms
[2025-07-30T16:37:43.209+0800][9.034s][info][gc,phases   ] GC(182)   Other: 0.1ms
[2025-07-30T16:37:43.209+0800][9.034s][info][gc,heap     ] GC(182) Eden regions: 1019->0(1017)
[2025-07-30T16:37:43.209+0800][9.034s][info][gc,heap     ] GC(182) Survivor regions: 145->146(146)
[2025-07-30T16:37:43.209+0800][9.034s][info][gc,heap     ] GC(182) Old regions: 561->561
[2025-07-30T16:37:43.209+0800][9.034s][info][gc,heap     ] GC(182) Humongous regions: 3->3
[2025-07-30T16:37:43.209+0800][9.034s][info][gc,metaspace] GC(182) Metaspace: 7025K(7360K)->7025K(7360K) NonClass: 6303K(6464K)->6303K(6464K) Class: 722K(896K)->722K(896K)
[2025-07-30T16:37:43.209+0800][9.034s][info][gc          ] GC(182) Pause Young (Normal) (G1 Evacuation Pause) 1727M->709M(2048M) 15.976ms
[2025-07-30T16:37:43.209+0800][9.034s][info][gc,cpu      ] GC(182) User=0.02s Sys=0.00s Real=0.02s
[2025-07-30T16:37:43.209+0800][9.034s][info][safepoint   ] Safepoint "G1CollectForAllocation", Time since last: 37059800 ns, Reaching safepoint: 4100 ns, Cleanup: 4800 ns, At safepoint: 16022000 ns, Total: 16030900 ns
[2025-07-30T16:37:43.246+0800][9.071s][info][gc,start    ] GC(183) Pause Young (Normal) (G1 Evacuation Pause)
[2025-07-30T16:37:43.246+0800][9.071s][info][gc,task     ] GC(183) Using 1 workers of 1 for evacuation
[2025-07-30T16:37:43.261+0800][9.088s][info][gc,phases   ] GC(183)   Pre Evacuate Collection Set: 0.5ms
[2025-07-30T16:37:43.261+0800][9.088s][info][gc,phases   ] GC(183)   Merge Heap Roots: 0.1ms
[2025-07-30T16:37:43.261+0800][9.088s][info][gc,phases   ] GC(183)   Evacuate Collection Set: 14.8ms
[2025-07-30T16:37:43.261+0800][9.088s][info][gc,phases   ] GC(183)   Post Evacuate Collection Set: 0.6ms
[2025-07-30T16:37:43.261+0800][9.088s][info][gc,phases   ] GC(183)   Other: 0.1ms
[2025-07-30T16:37:43.261+0800][9.088s][info][gc,heap     ] GC(183) Eden regions: 1017->0(1017)
[2025-07-30T16:37:43.261+0800][9.088s][info][gc,heap     ] GC(183) Survivor regions: 146->146(146)
[2025-07-30T16:37:43.261+0800][9.088s][info][gc,heap     ] GC(183) Old regions: 561->561
[2025-07-30T16:37:43.261+0800][9.088s][info][gc,heap     ] GC(183) Humongous regions: 3->3
[2025-07-30T16:37:43.261+0800][9.088s][info][gc,metaspace] GC(183) Metaspace: 7025K(7360K)->7025K(7360K) NonClass: 6303K(6464K)->6303K(6464K) Class: 722K(896K)->722K(896K)
[2025-07-30T16:37:43.261+0800][9.088s][info][gc          ] GC(183) Pause Young (Normal) (G1 Evacuation Pause) 1726M->708M(2048M) 16.313ms
[2025-07-30T16:37:43.261+0800][9.088s][info][gc,cpu      ] GC(183) User=0.02s Sys=0.00s Real=0.01s
[2025-07-30T16:37:43.261+0800][9.088s][info][safepoint   ] Safepoint "G1CollectForAllocation", Time since last: 37027800 ns, Reaching safepoint: 3800 ns, Cleanup: 4400 ns, At safepoint: 16357300 ns, Total: 16365500 ns
[2025-07-30T16:37:43.299+0800][9.124s][info][gc,start    ] GC(184) Pause Young (Normal) (G1 Evacuation Pause)
[2025-07-30T16:37:43.299+0800][9.124s][info][gc,task     ] GC(184) Using 1 workers of 1 for evacuation
[2025-07-30T16:37:43.314+0800][9.139s][info][gc,phases   ] GC(184)   Pre Evacuate Collection Set: 0.3ms
[2025-07-30T16:37:43.314+0800][9.139s][info][gc,phases   ] GC(184)   Merge Heap Roots: 0.0ms
[2025-07-30T16:37:43.314+0800][9.139s][info][gc,phases   ] GC(184)   Evacuate Collection Set: 13.7ms
[2025-07-30T16:37:43.314+0800][9.139s][info][gc,phases   ] GC(184)   Post Evacuate Collection Set: 0.6ms
[2025-07-30T16:37:43.314+0800][9.139s][info][gc,phases   ] GC(184)   Other: 0.1ms
[2025-07-30T16:37:43.314+0800][9.139s][info][gc,heap     ] GC(184) Eden regions: 1017->0(1019)
[2025-07-30T16:37:43.314+0800][9.139s][info][gc,heap     ] GC(184) Survivor regions: 146->145(146)
[2025-07-30T16:37:43.314+0800][9.139s][info][gc,heap     ] GC(184) Old regions: 561->561
[2025-07-30T16:37:43.314+0800][9.139s][info][gc,heap     ] GC(184) Humongous regions: 3->3
[2025-07-30T16:37:43.314+0800][9.139s][info][gc,metaspace] GC(184) Metaspace: 7025K(7360K)->7025K(7360K) NonClass: 6303K(6464K)->6303K(6464K) Class: 722K(896K)->722K(896K)
[2025-07-30T16:37:43.314+0800][9.139s][info][gc          ] GC(184) Pause Young (Normal) (G1 Evacuation Pause) 1725M->707M(2048M) 14.930ms
[2025-07-30T16:37:43.314+0800][9.139s][info][gc,cpu      ] GC(184) User=0.02s Sys=0.00s Real=0.01s
[2025-07-30T16:37:43.314+0800][9.139s][info][safepoint   ] Safepoint "G1CollectForAllocation", Time since last: 36358000 ns, Reaching safepoint: 2200 ns, Cleanup: 3100 ns, At safepoint: 14968200 ns, Total: 14973500 ns
[2025-07-30T16:37:43.349+0800][9.176s][info][gc,start    ] GC(185) Pause Young (Normal) (G1 Evacuation Pause)
[2025-07-30T16:37:43.351+0800][9.176s][info][gc,task     ] GC(185) Using 1 workers of 1 for evacuation
[2025-07-30T16:37:43.366+0800][9.191s][info][gc,phases   ] GC(185)   Pre Evacuate Collection Set: 0.4ms
[2025-07-30T16:37:43.366+0800][9.191s][info][gc,phases   ] GC(185)   Merge Heap Roots: 0.1ms
[2025-07-30T16:37:43.366+0800][9.191s][info][gc,phases   ] GC(185)   Evacuate Collection Set: 14.2ms
[2025-07-30T16:37:43.366+0800][9.191s][info][gc,phases   ] GC(185)   Post Evacuate Collection Set: 0.7ms
[2025-07-30T16:37:43.366+0800][9.191s][info][gc,phases   ] GC(185)   Other: 0.1ms
[2025-07-30T16:37:43.366+0800][9.191s][info][gc,heap     ] GC(185) Eden regions: 1019->0(1018)
[2025-07-30T16:37:43.366+0800][9.192s][info][gc,heap     ] GC(185) Survivor regions: 145->146(146)
[2025-07-30T16:37:43.366+0800][9.192s][info][gc,heap     ] GC(185) Old regions: 561->561
[2025-07-30T16:37:43.366+0800][9.192s][info][gc,heap     ] GC(185) Humongous regions: 3->3
[2025-07-30T16:37:43.366+0800][9.192s][info][gc,metaspace] GC(185) Metaspace: 7025K(7360K)->7025K(7360K) NonClass: 6303K(6464K)->6303K(6464K) Class: 722K(896K)->722K(896K)
[2025-07-30T16:37:43.366+0800][9.192s][info][gc          ] GC(185) Pause Young (Normal) (G1 Evacuation Pause) 1726M->708M(2048M) 15.849ms
[2025-07-30T16:37:43.366+0800][9.192s][info][gc,cpu      ] GC(185) User=0.02s Sys=0.00s Real=0.02s
[2025-07-30T16:37:43.366+0800][9.192s][info][safepoint   ] Safepoint "G1CollectForAllocation", Time since last: 36615900 ns, Reaching safepoint: 3600 ns, Cleanup: 4600 ns, At safepoint: 15895600 ns, Total: 15903800 ns
[2025-07-30T16:37:43.403+0800][9.229s][info][gc,start    ] GC(186) Pause Young (Normal) (G1 Evacuation Pause)
[2025-07-30T16:37:43.403+0800][9.229s][info][gc,task     ] GC(186) Using 1 workers of 1 for evacuation
[2025-07-30T16:37:43.418+0800][9.244s][info][gc,phases   ] GC(186)   Pre Evacuate Collection Set: 0.4ms
[2025-07-30T16:37:43.418+0800][9.244s][info][gc,phases   ] GC(186)   Merge Heap Roots: 0.1ms
[2025-07-30T16:37:43.418+0800][9.244s][info][gc,phases   ] GC(186)   Evacuate Collection Set: 14.2ms
[2025-07-30T16:37:43.418+0800][9.244s][info][gc,phases   ] GC(186)   Post Evacuate Collection Set: 0.6ms
[2025-07-30T16:37:43.418+0800][9.244s][info][gc,phases   ] GC(186)   Other: 0.1ms
[2025-07-30T16:37:43.418+0800][9.244s][info][gc,heap     ] GC(186) Eden regions: 1018->0(1018)
[2025-07-30T16:37:43.418+0800][9.244s][info][gc,heap     ] GC(186) Survivor regions: 146->146(146)
[2025-07-30T16:37:43.418+0800][9.244s][info][gc,heap     ] GC(186) Old regions: 561->561
[2025-07-30T16:37:43.418+0800][9.244s][info][gc,heap     ] GC(186) Humongous regions: 3->3
[2025-07-30T16:37:43.418+0800][9.244s][info][gc,metaspace] GC(186) Metaspace: 7025K(7360K)->7025K(7360K) NonClass: 6303K(6464K)->6303K(6464K) Class: 722K(896K)->722K(896K)
[2025-07-30T16:37:43.418+0800][9.244s][info][gc          ] GC(186) Pause Young (Normal) (G1 Evacuation Pause) 1726M->708M(2048M) 15.526ms
[2025-07-30T16:37:43.418+0800][9.244s][info][gc,cpu      ] GC(186) User=0.02s Sys=0.00s Real=0.01s
[2025-07-30T16:37:43.418+0800][9.244s][info][safepoint   ] Safepoint "G1CollectForAllocation", Time since last: 36868800 ns, Reaching safepoint: 2500 ns, Cleanup: 3100 ns, At safepoint: 15564400 ns, Total: 15570000 ns
[2025-07-30T16:37:43.455+0800][9.280s][info][gc,start    ] GC(187) Pause Young (Normal) (G1 Evacuation Pause)
[2025-07-30T16:37:43.455+0800][9.280s][info][gc,task     ] GC(187) Using 1 workers of 1 for evacuation
[2025-07-30T16:37:43.470+0800][9.295s][info][gc,phases   ] GC(187)   Pre Evacuate Collection Set: 0.3ms
[2025-07-30T16:37:43.470+0800][9.295s][info][gc,phases   ] GC(187)   Merge Heap Roots: 0.1ms
[2025-07-30T16:37:43.470+0800][9.295s][info][gc,phases   ] GC(187)   Evacuate Collection Set: 14.0ms
[2025-07-30T16:37:43.470+0800][9.295s][info][gc,phases   ] GC(187)   Post Evacuate Collection Set: 0.6ms
[2025-07-30T16:37:43.470+0800][9.295s][info][gc,phases   ] GC(187)   Other: 0.1ms
[2025-07-30T16:37:43.470+0800][9.295s][info][gc,heap     ] GC(187) Eden regions: 1018->0(1018)
[2025-07-30T16:37:43.470+0800][9.295s][info][gc,heap     ] GC(187) Survivor regions: 146->146(146)
[2025-07-30T16:37:43.470+0800][9.295s][info][gc,heap     ] GC(187) Old regions: 561->561
[2025-07-30T16:37:43.470+0800][9.295s][info][gc,heap     ] GC(187) Humongous regions: 3->3
[2025-07-30T16:37:43.470+0800][9.295s][info][gc,metaspace] GC(187) Metaspace: 7025K(7360K)->7025K(7360K) NonClass: 6303K(6464K)->6303K(6464K) Class: 722K(896K)->722K(896K)
[2025-07-30T16:37:43.470+0800][9.295s][info][gc          ] GC(187) Pause Young (Normal) (G1 Evacuation Pause) 1726M->708M(2048M) 15.142ms
[2025-07-30T16:37:43.470+0800][9.295s][info][gc,cpu      ] GC(187) User=0.02s Sys=0.00s Real=0.02s
[2025-07-30T16:37:43.470+0800][9.295s][info][safepoint   ] Safepoint "G1CollectForAllocation", Time since last: 36238100 ns, Reaching safepoint: 2300 ns, Cleanup: 2800 ns, At safepoint: 15179300 ns, Total: 15184400 ns
[2025-07-30T16:37:43.506+0800][9.332s][info][gc,start    ] GC(188) Pause Young (Normal) (G1 Evacuation Pause)
[2025-07-30T16:37:43.506+0800][9.332s][info][gc,task     ] GC(188) Using 1 workers of 1 for evacuation
[2025-07-30T16:37:43.521+0800][9.346s][info][gc,phases   ] GC(188)   Pre Evacuate Collection Set: 0.3ms
[2025-07-30T16:37:43.521+0800][9.346s][info][gc,phases   ] GC(188)   Merge Heap Roots: 0.0ms
[2025-07-30T16:37:43.521+0800][9.346s][info][gc,phases   ] GC(188)   Evacuate Collection Set: 13.8ms
[2025-07-30T16:37:43.521+0800][9.346s][info][gc,phases   ] GC(188)   Post Evacuate Collection Set: 0.5ms
[2025-07-30T16:37:43.521+0800][9.346s][info][gc,phases   ] GC(188)   Other: 0.1ms
[2025-07-30T16:37:43.521+0800][9.346s][info][gc,heap     ] GC(188) Eden regions: 1018->0(1017)
[2025-07-30T16:37:43.521+0800][9.346s][info][gc,heap     ] GC(188) Survivor regions: 146->146(146)
[2025-07-30T16:37:43.522+0800][9.346s][info][gc,heap     ] GC(188) Old regions: 561->561
[2025-07-30T16:37:43.522+0800][9.346s][info][gc,heap     ] GC(188) Humongous regions: 3->3
[2025-07-30T16:37:43.522+0800][9.346s][info][gc,metaspace] GC(188) Metaspace: 7025K(7360K)->7025K(7360K) NonClass: 6303K(6464K)->6303K(6464K) Class: 722K(896K)->722K(896K)
[2025-07-30T16:37:43.522+0800][9.346s][info][gc          ] GC(188) Pause Young (Normal) (G1 Evacuation Pause) 1726M->709M(2048M) 14.976ms
[2025-07-30T16:37:43.522+0800][9.347s][info][gc,cpu      ] GC(188) User=0.02s Sys=0.00s Real=0.02s
[2025-07-30T16:37:43.522+0800][9.347s][info][safepoint   ] Safepoint "G1CollectForAllocation", Time since last: 36027600 ns, Reaching safepoint: 2000 ns, Cleanup: 2500 ns, At safepoint: 15012500 ns, Total: 15017000 ns
[2025-07-30T16:37:43.557+0800][9.383s][info][gc,start    ] GC(189) Pause Young (Normal) (G1 Evacuation Pause)
[2025-07-30T16:37:43.557+0800][9.383s][info][gc,task     ] GC(189) Using 1 workers of 1 for evacuation
[2025-07-30T16:37:43.573+0800][9.398s][info][gc,phases   ] GC(189)   Pre Evacuate Collection Set: 0.3ms
[2025-07-30T16:37:43.573+0800][9.398s][info][gc,phases   ] GC(189)   Merge Heap Roots: 0.0ms
[2025-07-30T16:37:43.573+0800][9.398s][info][gc,phases   ] GC(189)   Evacuate Collection Set: 14.0ms
[2025-07-30T16:37:43.573+0800][9.398s][info][gc,phases   ] GC(189)   Post Evacuate Collection Set: 0.6ms
[2025-07-30T16:37:43.573+0800][9.398s][info][gc,phases   ] GC(189)   Other: 0.1ms
[2025-07-30T16:37:43.573+0800][9.398s][info][gc,heap     ] GC(189) Eden regions: 1017->0(1019)
[2025-07-30T16:37:43.573+0800][9.398s][info][gc,heap     ] GC(189) Survivor regions: 146->145(146)
[2025-07-30T16:37:43.573+0800][9.398s][info][gc,heap     ] GC(189) Old regions: 561->561
[2025-07-30T16:37:43.573+0800][9.398s][info][gc,heap     ] GC(189) Humongous regions: 3->3
[2025-07-30T16:37:43.573+0800][9.398s][info][gc,metaspace] GC(189) Metaspace: 7025K(7360K)->7025K(7360K) NonClass: 6303K(6464K)->6303K(6464K) Class: 722K(896K)->722K(896K)
[2025-07-30T16:37:43.573+0800][9.398s][info][gc          ] GC(189) Pause Young (Normal) (G1 Evacuation Pause) 1726M->708M(2048M) 15.170ms
[2025-07-30T16:37:43.573+0800][9.398s][info][gc,cpu      ] GC(189) User=0.02s Sys=0.00s Real=0.02s
[2025-07-30T16:37:43.573+0800][9.398s][info][safepoint   ] Safepoint "G1CollectForAllocation", Time since last: 36157200 ns, Reaching safepoint: 2100 ns, Cleanup: 2600 ns, At safepoint: 15207600 ns, Total: 15212300 ns
[2025-07-30T16:37:43.609+0800][9.435s][info][gc,start    ] GC(190) Pause Young (Normal) (G1 Evacuation Pause)
[2025-07-30T16:37:43.609+0800][9.435s][info][gc,task     ] GC(190) Using 1 workers of 1 for evacuation
[2025-07-30T16:37:43.625+0800][9.450s][info][gc,phases   ] GC(190)   Pre Evacuate Collection Set: 0.4ms
[2025-07-30T16:37:43.625+0800][9.450s][info][gc,phases   ] GC(190)   Merge Heap Roots: 0.1ms
[2025-07-30T16:37:43.625+0800][9.450s][info][gc,phases   ] GC(190)   Evacuate Collection Set: 14.3ms
[2025-07-30T16:37:43.625+0800][9.450s][info][gc,phases   ] GC(190)   Post Evacuate Collection Set: 0.7ms
[2025-07-30T16:37:43.625+0800][9.450s][info][gc,phases   ] GC(190)   Other: 0.1ms
[2025-07-30T16:37:43.625+0800][9.450s][info][gc,heap     ] GC(190) Eden regions: 1019->0(1017)
[2025-07-30T16:37:43.625+0800][9.450s][info][gc,heap     ] GC(190) Survivor regions: 145->146(146)
[2025-07-30T16:37:43.625+0800][9.450s][info][gc,heap     ] GC(190) Old regions: 561->561
[2025-07-30T16:37:43.625+0800][9.450s][info][gc,heap     ] GC(190) Humongous regions: 3->3
[2025-07-30T16:37:43.625+0800][9.450s][info][gc,metaspace] GC(190) Metaspace: 7025K(7360K)->7025K(7360K) NonClass: 6303K(6464K)->6303K(6464K) Class: 722K(896K)->722K(896K)
[2025-07-30T16:37:43.625+0800][9.450s][info][gc          ] GC(190) Pause Young (Normal) (G1 Evacuation Pause) 1727M->709M(2048M) 15.681ms
[2025-07-30T16:37:43.625+0800][9.450s][info][gc,cpu      ] GC(190) User=0.00s Sys=0.02s Real=0.02s
[2025-07-30T16:37:43.625+0800][9.450s][info][safepoint   ] Safepoint "G1CollectForAllocation", Time since last: 36760400 ns, Reaching safepoint: 2900 ns, Cleanup: 2900 ns, At safepoint: 15719800 ns, Total: 15725600 ns
[2025-07-30T16:37:43.661+0800][9.487s][info][gc,start    ] GC(191) Pause Young (Normal) (G1 Evacuation Pause)
[2025-07-30T16:37:43.661+0800][9.487s][info][gc,task     ] GC(191) Using 1 workers of 1 for evacuation
[2025-07-30T16:37:43.676+0800][9.502s][info][gc,phases   ] GC(191)   Pre Evacuate Collection Set: 0.3ms
[2025-07-30T16:37:43.676+0800][9.502s][info][gc,phases   ] GC(191)   Merge Heap Roots: 0.1ms
[2025-07-30T16:37:43.676+0800][9.502s][info][gc,phases   ] GC(191)   Evacuate Collection Set: 13.8ms
[2025-07-30T16:37:43.676+0800][9.502s][info][gc,phases   ] GC(191)   Post Evacuate Collection Set: 0.6ms
[2025-07-30T16:37:43.676+0800][9.502s][info][gc,phases   ] GC(191)   Other: 0.1ms
[2025-07-30T16:37:43.676+0800][9.502s][info][gc,heap     ] GC(191) Eden regions: 1017->0(1019)
[2025-07-30T16:37:43.676+0800][9.502s][info][gc,heap     ] GC(191) Survivor regions: 146->145(146)
[2025-07-30T16:37:43.676+0800][9.502s][info][gc,heap     ] GC(191) Old regions: 561->561
[2025-07-30T16:37:43.676+0800][9.502s][info][gc,heap     ] GC(191) Humongous regions: 3->3
[2025-07-30T16:37:43.676+0800][9.502s][info][gc,metaspace] GC(191) Metaspace: 7025K(7360K)->7025K(7360K) NonClass: 6303K(6464K)->6303K(6464K) Class: 722K(896K)->722K(896K)
[2025-07-30T16:37:43.676+0800][9.502s][info][gc          ] GC(191) Pause Young (Normal) (G1 Evacuation Pause) 1726M->708M(2048M) 15.066ms
[2025-07-30T16:37:43.676+0800][9.502s][info][gc,cpu      ] GC(191) User=0.02s Sys=0.00s Real=0.02s
[2025-07-30T16:37:43.676+0800][9.502s][info][safepoint   ] Safepoint "G1CollectForAllocation", Time since last: 36401600 ns, Reaching safepoint: 2200 ns, Cleanup: 3000 ns, At safepoint: 15105900 ns, Total: 15111100 ns
[2025-07-30T16:37:43.713+0800][9.538s][info][gc,start    ] GC(192) Pause Young (Normal) (G1 Evacuation Pause)
[2025-07-30T16:37:43.713+0800][9.539s][info][gc,task     ] GC(192) Using 1 workers of 1 for evacuation
[2025-07-30T16:37:43.728+0800][9.554s][info][gc,phases   ] GC(192)   Pre Evacuate Collection Set: 0.5ms
[2025-07-30T16:37:43.728+0800][9.554s][info][gc,phases   ] GC(192)   Merge Heap Roots: 0.1ms
[2025-07-30T16:37:43.728+0800][9.554s][info][gc,phases   ] GC(192)   Evacuate Collection Set: 13.8ms
[2025-07-30T16:37:43.728+0800][9.554s][info][gc,phases   ] GC(192)   Post Evacuate Collection Set: 0.7ms
[2025-07-30T16:37:43.728+0800][9.554s][info][gc,phases   ] GC(192)   Other: 0.1ms
[2025-07-30T16:37:43.728+0800][9.554s][info][gc,heap     ] GC(192) Eden regions: 1019->0(1017)
[2025-07-30T16:37:43.728+0800][9.554s][info][gc,heap     ] GC(192) Survivor regions: 145->146(146)
[2025-07-30T16:37:43.728+0800][9.554s][info][gc,heap     ] GC(192) Old regions: 561->561
[2025-07-30T16:37:43.728+0800][9.554s][info][gc,heap     ] GC(192) Humongous regions: 3->3
[2025-07-30T16:37:43.728+0800][9.554s][info][gc,metaspace] GC(192) Metaspace: 7025K(7360K)->7025K(7360K) NonClass: 6303K(6464K)->6303K(6464K) Class: 722K(896K)->722K(896K)
[2025-07-30T16:37:43.728+0800][9.554s][info][gc          ] GC(192) Pause Young (Normal) (G1 Evacuation Pause) 1727M->709M(2048M) 15.365ms
[2025-07-30T16:37:43.728+0800][9.554s][info][gc,cpu      ] GC(192) User=0.02s Sys=0.00s Real=0.01s
[2025-07-30T16:37:43.728+0800][9.554s][info][safepoint   ] Safepoint "G1CollectForAllocation", Time since last: 36566200 ns, Reaching safepoint: 3100 ns, Cleanup: 3600 ns, At safepoint: 15407700 ns, Total: 15414400 ns
[2025-07-30T16:37:43.766+0800][9.592s][info][gc,start    ] GC(193) Pause Young (Normal) (G1 Evacuation Pause)
[2025-07-30T16:37:43.766+0800][9.592s][info][gc,task     ] GC(193) Using 1 workers of 1 for evacuation
[2025-07-30T16:37:43.782+0800][9.607s][info][gc,phases   ] GC(193)   Pre Evacuate Collection Set: 0.4ms
[2025-07-30T16:37:43.782+0800][9.607s][info][gc,phases   ] GC(193)   Merge Heap Roots: 0.1ms
[2025-07-30T16:37:43.782+0800][9.607s][info][gc,phases   ] GC(193)   Evacuate Collection Set: 14.0ms
[2025-07-30T16:37:43.782+0800][9.607s][info][gc,phases   ] GC(193)   Post Evacuate Collection Set: 0.7ms
[2025-07-30T16:37:43.782+0800][9.607s][info][gc,phases   ] GC(193)   Other: 0.1ms
[2025-07-30T16:37:43.782+0800][9.607s][info][gc,heap     ] GC(193) Eden regions: 1017->0(1017)
[2025-07-30T16:37:43.782+0800][9.607s][info][gc,heap     ] GC(193) Survivor regions: 146->146(146)
[2025-07-30T16:37:43.782+0800][9.607s][info][gc,heap     ] GC(193) Old regions: 561->561
[2025-07-30T16:37:43.782+0800][9.607s][info][gc,heap     ] GC(193) Humongous regions: 3->3
[2025-07-30T16:37:43.782+0800][9.607s][info][gc,metaspace] GC(193) Metaspace: 7025K(7360K)->7025K(7360K) NonClass: 6303K(6464K)->6303K(6464K) Class: 722K(896K)->722K(896K)
[2025-07-30T16:37:43.782+0800][9.607s][info][gc          ] GC(193) Pause Young (Normal) (G1 Evacuation Pause) 1726M->708M(2048M) 15.474ms
[2025-07-30T16:37:43.782+0800][9.607s][info][gc,cpu      ] GC(193) User=0.02s Sys=0.00s Real=0.02s
[2025-07-30T16:37:43.782+0800][9.607s][info][safepoint   ] Safepoint "G1CollectForAllocation", Time since last: 37921600 ns, Reaching safepoint: 3600 ns, Cleanup: 3800 ns, At safepoint: 15523300 ns, Total: 15530700 ns
[2025-07-30T16:37:43.819+0800][9.644s][info][gc,start    ] GC(194) Pause Young (Normal) (G1 Evacuation Pause)
[2025-07-30T16:37:43.819+0800][9.644s][info][gc,task     ] GC(194) Using 1 workers of 1 for evacuation
[2025-07-30T16:37:43.834+0800][9.659s][info][gc,phases   ] GC(194)   Pre Evacuate Collection Set: 0.4ms
[2025-07-30T16:37:43.834+0800][9.659s][info][gc,phases   ] GC(194)   Merge Heap Roots: 0.0ms
[2025-07-30T16:37:43.834+0800][9.659s][info][gc,phases   ] GC(194)   Evacuate Collection Set: 13.9ms
[2025-07-30T16:37:43.834+0800][9.659s][info][gc,phases   ] GC(194)   Post Evacuate Collection Set: 0.6ms
[2025-07-30T16:37:43.834+0800][9.659s][info][gc,phases   ] GC(194)   Other: 0.1ms
[2025-07-30T16:37:43.834+0800][9.659s][info][gc,heap     ] GC(194) Eden regions: 1017->0(1019)
[2025-07-30T16:37:43.834+0800][9.659s][info][gc,heap     ] GC(194) Survivor regions: 146->145(146)
[2025-07-30T16:37:43.834+0800][9.659s][info][gc,heap     ] GC(194) Old regions: 561->561
[2025-07-30T16:37:43.834+0800][9.659s][info][gc,heap     ] GC(194) Humongous regions: 3->3
[2025-07-30T16:37:43.834+0800][9.659s][info][gc,metaspace] GC(194) Metaspace: 7025K(7360K)->7025K(7360K) NonClass: 6303K(6464K)->6303K(6464K) Class: 722K(896K)->722K(896K)
[2025-07-30T16:37:43.834+0800][9.659s][info][gc          ] GC(194) Pause Young (Normal) (G1 Evacuation Pause) 1725M->707M(2048M) 15.180ms
[2025-07-30T16:37:43.834+0800][9.659s][info][gc,cpu      ] GC(194) User=0.02s Sys=0.00s Real=0.02s
[2025-07-30T16:37:43.834+0800][9.659s][info][safepoint   ] Safepoint "G1CollectForAllocation", Time since last: 36930400 ns, Reaching safepoint: 2600 ns, Cleanup: 3600 ns, At safepoint: 15223500 ns, Total: 15229700 ns
[2025-07-30T16:37:43.871+0800][9.696s][info][gc,start    ] GC(195) Pause Young (Normal) (G1 Evacuation Pause)
[2025-07-30T16:37:43.871+0800][9.696s][info][gc,task     ] GC(195) Using 1 workers of 1 for evacuation
[2025-07-30T16:37:43.886+0800][9.711s][info][gc,phases   ] GC(195)   Pre Evacuate Collection Set: 0.3ms
[2025-07-30T16:37:43.886+0800][9.711s][info][gc,phases   ] GC(195)   Merge Heap Roots: 0.1ms
[2025-07-30T16:37:43.886+0800][9.711s][info][gc,phases   ] GC(195)   Evacuate Collection Set: 14.7ms
[2025-07-30T16:37:43.886+0800][9.711s][info][gc,phases   ] GC(195)   Post Evacuate Collection Set: 0.6ms
[2025-07-30T16:37:43.886+0800][9.711s][info][gc,phases   ] GC(195)   Other: 0.1ms
[2025-07-30T16:37:43.886+0800][9.712s][info][gc,heap     ] GC(195) Eden regions: 1019->0(1018)
[2025-07-30T16:37:43.886+0800][9.712s][info][gc,heap     ] GC(195) Survivor regions: 145->146(146)
[2025-07-30T16:37:43.886+0800][9.712s][info][gc,heap     ] GC(195) Old regions: 561->561
[2025-07-30T16:37:43.886+0800][9.712s][info][gc,heap     ] GC(195) Humongous regions: 3->3
[2025-07-30T16:37:43.886+0800][9.712s][info][gc,metaspace] GC(195) Metaspace: 7025K(7360K)->7025K(7360K) NonClass: 6303K(6464K)->6303K(6464K) Class: 722K(896K)->722K(896K)
[2025-07-30T16:37:43.886+0800][9.712s][info][gc          ] GC(195) Pause Young (Normal) (G1 Evacuation Pause) 1726M->708M(2048M) 15.896ms
[2025-07-30T16:37:43.886+0800][9.712s][info][gc,cpu      ] GC(195) User=0.02s Sys=0.00s Real=0.01s
[2025-07-30T16:37:43.886+0800][9.712s][info][safepoint   ] Safepoint "G1CollectForAllocation", Time since last: 36181200 ns, Reaching safepoint: 2100 ns, Cleanup: 3000 ns, At safepoint: 15937200 ns, Total: 15942300 ns
[2025-07-30T16:37:43.922+0800][9.748s][info][gc,start    ] GC(196) Pause Young (Normal) (G1 Evacuation Pause)
[2025-07-30T16:37:43.922+0800][9.748s][info][gc,task     ] GC(196) Using 1 workers of 1 for evacuation
[2025-07-30T16:37:43.937+0800][9.763s][info][gc,phases   ] GC(196)   Pre Evacuate Collection Set: 0.3ms
[2025-07-30T16:37:43.938+0800][9.763s][info][gc,phases   ] GC(196)   Merge Heap Roots: 0.0ms
[2025-07-30T16:37:43.938+0800][9.763s][info][gc,phases   ] GC(196)   Evacuate Collection Set: 13.9ms
[2025-07-30T16:37:43.938+0800][9.763s][info][gc,phases   ] GC(196)   Post Evacuate Collection Set: 0.5ms
[2025-07-30T16:37:43.938+0800][9.763s][info][gc,phases   ] GC(196)   Other: 0.1ms
[2025-07-30T16:37:43.938+0800][9.763s][info][gc,heap     ] GC(196) Eden regions: 1018->0(1018)
[2025-07-30T16:37:43.938+0800][9.763s][info][gc,heap     ] GC(196) Survivor regions: 146->146(146)
[2025-07-30T16:37:43.938+0800][9.763s][info][gc,heap     ] GC(196) Old regions: 561->561
[2025-07-30T16:37:43.938+0800][9.763s][info][gc,heap     ] GC(196) Humongous regions: 3->3
[2025-07-30T16:37:43.938+0800][9.763s][info][gc,metaspace] GC(196) Metaspace: 7025K(7360K)->7025K(7360K) NonClass: 6303K(6464K)->6303K(6464K) Class: 722K(896K)->722K(896K)
[2025-07-30T16:37:43.938+0800][9.763s][info][gc          ] GC(196) Pause Young (Normal) (G1 Evacuation Pause) 1726M->708M(2048M) 15.092ms
[2025-07-30T16:37:43.938+0800][9.763s][info][gc,cpu      ] GC(196) User=0.00s Sys=0.00s Real=0.02s
[2025-07-30T16:37:43.938+0800][9.763s][info][safepoint   ] Safepoint "G1CollectForAllocation", Time since last: 36175700 ns, Reaching safepoint: 2300 ns, Cleanup: 2700 ns, At safepoint: 15128300 ns, Total: 15133300 ns
[2025-07-30T16:37:43.975+0800][9.800s][info][gc,start    ] GC(197) Pause Young (Normal) (G1 Evacuation Pause)
[2025-07-30T16:37:43.975+0800][9.800s][info][gc,task     ] GC(197) Using 1 workers of 1 for evacuation
[2025-07-30T16:37:43.991+0800][9.816s][info][gc,phases   ] GC(197)   Pre Evacuate Collection Set: 0.3ms
[2025-07-30T16:37:43.991+0800][9.817s][info][gc,phases   ] GC(197)   Merge Heap Roots: 0.1ms
[2025-07-30T16:37:43.991+0800][9.817s][info][gc,phases   ] GC(197)   Evacuate Collection Set: 14.8ms
[2025-07-30T16:37:43.991+0800][9.817s][info][gc,phases   ] GC(197)   Post Evacuate Collection Set: 0.7ms
[2025-07-30T16:37:43.991+0800][9.817s][info][gc,phases   ] GC(197)   Other: 0.1ms
[2025-07-30T16:37:43.991+0800][9.817s][info][gc,heap     ] GC(197) Eden regions: 1018->0(1017)
[2025-07-30T16:37:43.991+0800][9.817s][info][gc,heap     ] GC(197) Survivor regions: 146->146(146)
[2025-07-30T16:37:43.991+0800][9.817s][info][gc,heap     ] GC(197) Old regions: 561->561
[2025-07-30T16:37:43.991+0800][9.817s][info][gc,heap     ] GC(197) Humongous regions: 3->3
[2025-07-30T16:37:43.991+0800][9.817s][info][gc,metaspace] GC(197) Metaspace: 7025K(7360K)->7025K(7360K) NonClass: 6303K(6464K)->6303K(6464K) Class: 722K(896K)->722K(896K)
[2025-07-30T16:37:43.991+0800][9.817s][info][gc          ] GC(197) Pause Young (Normal) (G1 Evacuation Pause) 1726M->709M(2048M) 16.228ms
[2025-07-30T16:37:43.991+0800][9.817s][info][gc,cpu      ] GC(197) User=0.02s Sys=0.02s Real=0.02s
[2025-07-30T16:37:43.991+0800][9.817s][info][safepoint   ] Safepoint "G1CollectForAllocation", Time since last: 37490100 ns, Reaching safepoint: 2400 ns, Cleanup: 2800 ns, At safepoint: 16268600 ns, Total: 16273800 ns
[2025-07-30T16:37:44.029+0800][9.855s][info][gc,start    ] GC(198) Pause Young (Normal) (G1 Evacuation Pause)
[2025-07-30T16:37:44.029+0800][9.855s][info][gc,task     ] GC(198) Using 1 workers of 1 for evacuation
[2025-07-30T16:37:44.044+0800][9.870s][info][gc,phases   ] GC(198)   Pre Evacuate Collection Set: 0.4ms
[2025-07-30T16:37:44.044+0800][9.870s][info][gc,phases   ] GC(198)   Merge Heap Roots: 0.1ms
[2025-07-30T16:37:44.044+0800][9.870s][info][gc,phases   ] GC(198)   Evacuate Collection Set: 14.0ms
[2025-07-30T16:37:44.044+0800][9.870s][info][gc,phases   ] GC(198)   Post Evacuate Collection Set: 0.7ms
[2025-07-30T16:37:44.044+0800][9.870s][info][gc,phases   ] GC(198)   Other: 0.1ms
[2025-07-30T16:37:44.044+0800][9.870s][info][gc,heap     ] GC(198) Eden regions: 1017->0(1019)
[2025-07-30T16:37:44.044+0800][9.870s][info][gc,heap     ] GC(198) Survivor regions: 146->145(146)
[2025-07-30T16:37:44.044+0800][9.870s][info][gc,heap     ] GC(198) Old regions: 561->561
[2025-07-30T16:37:44.044+0800][9.870s][info][gc,heap     ] GC(198) Humongous regions: 3->3
[2025-07-30T16:37:44.044+0800][9.870s][info][gc,metaspace] GC(198) Metaspace: 7032K(7360K)->7032K(7360K) NonClass: 6310K(6464K)->6310K(6464K) Class: 722K(896K)->722K(896K)
[2025-07-30T16:37:44.045+0800][9.870s][info][gc          ] GC(198) Pause Young (Normal) (G1 Evacuation Pause) 1726M->708M(2048M) 15.405ms
[2025-07-30T16:37:44.045+0800][9.870s][info][gc,cpu      ] GC(198) User=0.02s Sys=0.00s Real=0.02s
[2025-07-30T16:37:44.045+0800][9.870s][info][safepoint   ] Safepoint "G1CollectForAllocation", Time since last: 37808600 ns, Reaching safepoint: 2500 ns, Cleanup: 2700 ns, At safepoint: 15452100 ns, Total: 15457300 ns
[2025-07-30T16:37:44.081+0800][9.907s][info][gc,start    ] GC(199) Pause Young (Normal) (G1 Evacuation Pause)
[2025-07-30T16:37:44.081+0800][9.907s][info][gc,task     ] GC(199) Using 1 workers of 1 for evacuation
[2025-07-30T16:37:44.098+0800][9.923s][info][gc,phases   ] GC(199)   Pre Evacuate Collection Set: 0.4ms
[2025-07-30T16:37:44.099+0800][9.924s][info][gc,phases   ] GC(199)   Merge Heap Roots: 0.0ms
[2025-07-30T16:37:44.099+0800][9.924s][info][gc,phases   ] GC(199)   Evacuate Collection Set: 15.6ms
[2025-07-30T16:37:44.099+0800][9.924s][info][gc,phases   ] GC(199)   Post Evacuate Collection Set: 0.6ms
[2025-07-30T16:37:44.099+0800][9.924s][info][gc,phases   ] GC(199)   Other: 0.1ms
[2025-07-30T16:37:44.099+0800][9.924s][info][gc,heap     ] GC(199) Eden regions: 1019->0(1017)
[2025-07-30T16:37:44.099+0800][9.924s][info][gc,heap     ] GC(199) Survivor regions: 145->146(146)
[2025-07-30T16:37:44.099+0800][9.924s][info][gc,heap     ] GC(199) Old regions: 561->561
[2025-07-30T16:37:44.099+0800][9.924s][info][gc,heap     ] GC(199) Humongous regions: 3->3
[2025-07-30T16:37:44.099+0800][9.924s][info][gc,metaspace] GC(199) Metaspace: 7032K(7360K)->7032K(7360K) NonClass: 6310K(6464K)->6310K(6464K) Class: 722K(896K)->722K(896K)
[2025-07-30T16:37:44.099+0800][9.924s][info][gc          ] GC(199) Pause Young (Normal) (G1 Evacuation Pause) 1727M->709M(2048M) 16.833ms
[2025-07-30T16:37:44.099+0800][9.924s][info][gc,cpu      ] GC(199) User=0.02s Sys=0.00s Real=0.02s
[2025-07-30T16:37:44.099+0800][9.924s][info][safepoint   ] Safepoint "G1CollectForAllocation", Time since last: 36837600 ns, Reaching safepoint: 2900 ns, Cleanup: 3900 ns, At safepoint: 16871300 ns, Total: 16878100 ns
[2025-07-30T16:37:44.135+0800][9.960s][info][gc,start    ] GC(200) Pause Young (Normal) (G1 Evacuation Pause)
[2025-07-30T16:37:44.135+0800][9.960s][info][gc,task     ] GC(200) Using 1 workers of 1 for evacuation
[2025-07-30T16:37:44.151+0800][9.976s][info][gc,phases   ] GC(200)   Pre Evacuate Collection Set: 0.4ms
[2025-07-30T16:37:44.151+0800][9.976s][info][gc,phases   ] GC(200)   Merge Heap Roots: 0.1ms
[2025-07-30T16:37:44.151+0800][9.976s][info][gc,phases   ] GC(200)   Evacuate Collection Set: 14.8ms
[2025-07-30T16:37:44.151+0800][9.976s][info][gc,phases   ] GC(200)   Post Evacuate Collection Set: 0.7ms
[2025-07-30T16:37:44.151+0800][9.976s][info][gc,phases   ] GC(200)   Other: 0.1ms
[2025-07-30T16:37:44.151+0800][9.976s][info][gc,heap     ] GC(200) Eden regions: 1017->0(1019)
[2025-07-30T16:37:44.151+0800][9.976s][info][gc,heap     ] GC(200) Survivor regions: 146->145(146)
[2025-07-30T16:37:44.151+0800][9.976s][info][gc,heap     ] GC(200) Old regions: 561->561
[2025-07-30T16:37:44.151+0800][9.976s][info][gc,heap     ] GC(200) Humongous regions: 3->3
[2025-07-30T16:37:44.151+0800][9.976s][info][gc,metaspace] GC(200) Metaspace: 7032K(7360K)->7032K(7360K) NonClass: 6310K(6464K)->6310K(6464K) Class: 722K(896K)->722K(896K)
[2025-07-30T16:37:44.151+0800][9.976s][info][gc          ] GC(200) Pause Young (Normal) (G1 Evacuation Pause) 1726M->708M(2048M) 16.125ms
[2025-07-30T16:37:44.151+0800][9.976s][info][gc,cpu      ] GC(200) User=0.00s Sys=0.00s Real=0.02s
[2025-07-30T16:37:44.151+0800][9.976s][info][safepoint   ] Safepoint "G1CollectForAllocation", Time since last: 36460800 ns, Reaching safepoint: 2800 ns, Cleanup: 2900 ns, At safepoint: 16164100 ns, Total: 16169800 ns
[2025-07-30T16:37:44.187+0800][10.013s][info][gc,start    ] GC(201) Pause Young (Normal) (G1 Evacuation Pause)
[2025-07-30T16:37:44.187+0800][10.013s][info][gc,task     ] GC(201) Using 1 workers of 1 for evacuation
[2025-07-30T16:37:44.203+0800][10.029s][info][gc,phases   ] GC(201)   Pre Evacuate Collection Set: 0.3ms
[2025-07-30T16:37:44.203+0800][10.029s][info][gc,phases   ] GC(201)   Merge Heap Roots: 0.0ms
[2025-07-30T16:37:44.203+0800][10.029s][info][gc,phases   ] GC(201)   Evacuate Collection Set: 14.7ms
[2025-07-30T16:37:44.203+0800][10.029s][info][gc,phases   ] GC(201)   Post Evacuate Collection Set: 0.6ms
[2025-07-30T16:37:44.203+0800][10.029s][info][gc,phases   ] GC(201)   Other: 0.1ms
[2025-07-30T16:37:44.203+0800][10.029s][info][gc,heap     ] GC(201) Eden regions: 1019->0(1017)
[2025-07-30T16:37:44.203+0800][10.029s][info][gc,heap     ] GC(201) Survivor regions: 145->146(146)
[2025-07-30T16:37:44.203+0800][10.029s][info][gc,heap     ] GC(201) Old regions: 561->561
[2025-07-30T16:37:44.203+0800][10.029s][info][gc,heap     ] GC(201) Humongous regions: 3->3
[2025-07-30T16:37:44.203+0800][10.029s][info][gc,metaspace] GC(201) Metaspace: 7032K(7360K)->7032K(7360K) NonClass: 6310K(6464K)->6310K(6464K) Class: 722K(896K)->722K(896K)
[2025-07-30T16:37:44.203+0800][10.029s][info][gc          ] GC(201) Pause Young (Normal) (G1 Evacuation Pause) 1727M->709M(2048M) 15.884ms
[2025-07-30T16:37:44.203+0800][10.029s][info][gc,cpu      ] GC(201) User=0.02s Sys=0.00s Real=0.02s
[2025-07-30T16:37:44.203+0800][10.029s][info][safepoint   ] Safepoint "G1CollectForAllocation", Time since last: 36710700 ns, Reaching safepoint: 2300 ns, Cleanup: 2900 ns, At safepoint: 15925100 ns, Total: 15930300 ns
[2025-07-30T16:37:44.239+0800][10.065s][info][gc,start    ] GC(202) Pause Young (Normal) (G1 Evacuation Pause)
[2025-07-30T16:37:44.239+0800][10.066s][info][gc,task     ] GC(202) Using 1 workers of 1 for evacuation
[2025-07-30T16:37:44.255+0800][10.081s][info][gc,phases   ] GC(202)   Pre Evacuate Collection Set: 0.3ms
[2025-07-30T16:37:44.255+0800][10.081s][info][gc,phases   ] GC(202)   Merge Heap Roots: 0.1ms
[2025-07-30T16:37:44.255+0800][10.081s][info][gc,phases   ] GC(202)   Evacuate Collection Set: 14.2ms
[2025-07-30T16:37:44.255+0800][10.081s][info][gc,phases   ] GC(202)   Post Evacuate Collection Set: 0.6ms
[2025-07-30T16:37:44.255+0800][10.081s][info][gc,phases   ] GC(202)   Other: 0.1ms
[2025-07-30T16:37:44.255+0800][10.081s][info][gc,heap     ] GC(202) Eden regions: 1017->0(1017)
[2025-07-30T16:37:44.255+0800][10.081s][info][gc,heap     ] GC(202) Survivor regions: 146->146(146)
[2025-07-30T16:37:44.255+0800][10.081s][info][gc,heap     ] GC(202) Old regions: 561->561
[2025-07-30T16:37:44.255+0800][10.081s][info][gc,heap     ] GC(202) Humongous regions: 3->3
[2025-07-30T16:37:44.255+0800][10.081s][info][gc,metaspace] GC(202) Metaspace: 7032K(7360K)->7032K(7360K) NonClass: 6310K(6464K)->6310K(6464K) Class: 722K(896K)->722K(896K)
[2025-07-30T16:37:44.255+0800][10.081s][info][gc          ] GC(202) Pause Young (Normal) (G1 Evacuation Pause) 1726M->708M(2048M) 15.517ms
[2025-07-30T16:37:44.255+0800][10.081s][info][gc,cpu      ] GC(202) User=0.02s Sys=0.00s Real=0.02s
[2025-07-30T16:37:44.255+0800][10.081s][info][safepoint   ] Safepoint "G1CollectForAllocation", Time since last: 36493300 ns, Reaching safepoint: 3100 ns, Cleanup: 3700 ns, At safepoint: 15557800 ns, Total: 15564600 ns
[2025-07-30T16:37:44.292+0800][10.118s][info][gc,start    ] GC(203) Pause Young (Normal) (G1 Evacuation Pause)
[2025-07-30T16:37:44.292+0800][10.118s][info][gc,task     ] GC(203) Using 1 workers of 1 for evacuation
[2025-07-30T16:37:44.308+0800][10.133s][info][gc,phases   ] GC(203)   Pre Evacuate Collection Set: 0.3ms
[2025-07-30T16:37:44.308+0800][10.133s][info][gc,phases   ] GC(203)   Merge Heap Roots: 0.0ms
[2025-07-30T16:37:44.308+0800][10.133s][info][gc,phases   ] GC(203)   Evacuate Collection Set: 14.3ms
[2025-07-30T16:37:44.308+0800][10.133s][info][gc,phases   ] GC(203)   Post Evacuate Collection Set: 0.6ms
[2025-07-30T16:37:44.308+0800][10.133s][info][gc,phases   ] GC(203)   Other: 0.1ms
[2025-07-30T16:37:44.308+0800][10.133s][info][gc,heap     ] GC(203) Eden regions: 1017->0(1019)
[2025-07-30T16:37:44.308+0800][10.133s][info][gc,heap     ] GC(203) Survivor regions: 146->145(146)
[2025-07-30T16:37:44.308+0800][10.133s][info][gc,heap     ] GC(203) Old regions: 561->561
[2025-07-30T16:37:44.308+0800][10.133s][info][gc,heap     ] GC(203) Humongous regions: 3->3
[2025-07-30T16:37:44.308+0800][10.133s][info][gc,metaspace] GC(203) Metaspace: 7032K(7360K)->7032K(7360K) NonClass: 6310K(6464K)->6310K(6464K) Class: 722K(896K)->722K(896K)
[2025-07-30T16:37:44.308+0800][10.133s][info][gc          ] GC(203) Pause Young (Normal) (G1 Evacuation Pause) 1725M->707M(2048M) 15.468ms
[2025-07-30T16:37:44.308+0800][10.133s][info][gc,cpu      ] GC(203) User=0.02s Sys=0.00s Real=0.02s
[2025-07-30T16:37:44.308+0800][10.133s][info][safepoint   ] Safepoint "G1CollectForAllocation", Time since last: 36735700 ns, Reaching safepoint: 2300 ns, Cleanup: 2900 ns, At safepoint: 15505100 ns, Total: 15510300 ns
[2025-07-30T16:37:44.345+0800][10.170s][info][gc,start    ] GC(204) Pause Young (Normal) (G1 Evacuation Pause)
[2025-07-30T16:37:44.345+0800][10.170s][info][gc,task     ] GC(204) Using 1 workers of 1 for evacuation
[2025-07-30T16:37:44.360+0800][10.185s][info][gc,phases   ] GC(204)   Pre Evacuate Collection Set: 0.3ms
[2025-07-30T16:37:44.360+0800][10.185s][info][gc,phases   ] GC(204)   Merge Heap Roots: 0.1ms
[2025-07-30T16:37:44.360+0800][10.185s][info][gc,phases   ] GC(204)   Evacuate Collection Set: 13.9ms
[2025-07-30T16:37:44.360+0800][10.185s][info][gc,phases   ] GC(204)   Post Evacuate Collection Set: 0.6ms
[2025-07-30T16:37:44.360+0800][10.185s][info][gc,phases   ] GC(204)   Other: 0.1ms
[2025-07-30T16:37:44.360+0800][10.185s][info][gc,heap     ] GC(204) Eden regions: 1019->0(1018)
[2025-07-30T16:37:44.360+0800][10.185s][info][gc,heap     ] GC(204) Survivor regions: 145->146(146)
[2025-07-30T16:37:44.360+0800][10.185s][info][gc,heap     ] GC(204) Old regions: 561->561
[2025-07-30T16:37:44.360+0800][10.185s][info][gc,heap     ] GC(204) Humongous regions: 3->3
[2025-07-30T16:37:44.360+0800][10.185s][info][gc,metaspace] GC(204) Metaspace: 7032K(7360K)->7032K(7360K) NonClass: 6310K(6464K)->6310K(6464K) Class: 722K(896K)->722K(896K)
[2025-07-30T16:37:44.360+0800][10.185s][info][gc          ] GC(204) Pause Young (Normal) (G1 Evacuation Pause) 1726M->708M(2048M) 15.091ms
[2025-07-30T16:37:44.360+0800][10.185s][info][gc,cpu      ] GC(204) User=0.00s Sys=0.00s Real=0.01s
[2025-07-30T16:37:44.360+0800][10.185s][info][safepoint   ] Safepoint "G1CollectForAllocation", Time since last: 36452300 ns, Reaching safepoint: 2500 ns, Cleanup: 2800 ns, At safepoint: 15130200 ns, Total: 15135500 ns
[2025-07-30T16:37:44.396+0800][10.221s][info][gc,start    ] GC(205) Pause Young (Normal) (G1 Evacuation Pause)
[2025-07-30T16:37:44.396+0800][10.221s][info][gc,task     ] GC(205) Using 1 workers of 1 for evacuation
[2025-07-30T16:37:44.411+0800][10.237s][info][gc,phases   ] GC(205)   Pre Evacuate Collection Set: 0.3ms
[2025-07-30T16:37:44.411+0800][10.237s][info][gc,phases   ] GC(205)   Merge Heap Roots: 0.1ms
[2025-07-30T16:37:44.411+0800][10.237s][info][gc,phases   ] GC(205)   Evacuate Collection Set: 14.3ms
[2025-07-30T16:37:44.411+0800][10.237s][info][gc,phases   ] GC(205)   Post Evacuate Collection Set: 0.6ms
[2025-07-30T16:37:44.411+0800][10.237s][info][gc,phases   ] GC(205)   Other: 0.1ms
[2025-07-30T16:37:44.411+0800][10.237s][info][gc,heap     ] GC(205) Eden regions: 1018->0(1018)
[2025-07-30T16:37:44.411+0800][10.237s][info][gc,heap     ] GC(205) Survivor regions: 146->146(146)
[2025-07-30T16:37:44.411+0800][10.237s][info][gc,heap     ] GC(205) Old regions: 561->561
[2025-07-30T16:37:44.411+0800][10.237s][info][gc,heap     ] GC(205) Humongous regions: 3->3
[2025-07-30T16:37:44.411+0800][10.237s][info][gc,metaspace] GC(205) Metaspace: 7032K(7360K)->7032K(7360K) NonClass: 6310K(6464K)->6310K(6464K) Class: 722K(896K)->722K(896K)
[2025-07-30T16:37:44.411+0800][10.237s][info][gc          ] GC(205) Pause Young (Normal) (G1 Evacuation Pause) 1726M->708M(2048M) 15.520ms
[2025-07-30T16:37:44.411+0800][10.237s][info][gc,cpu      ] GC(205) User=0.02s Sys=0.00s Real=0.02s
[2025-07-30T16:37:44.411+0800][10.237s][info][safepoint   ] Safepoint "G1CollectForAllocation", Time since last: 36369200 ns, Reaching safepoint: 2400 ns, Cleanup: 3100 ns, At safepoint: 15560900 ns, Total: 15566400 ns
[2025-07-30T16:37:44.449+0800][10.274s][info][gc,start    ] GC(206) Pause Young (Normal) (G1 Evacuation Pause)
[2025-07-30T16:37:44.449+0800][10.274s][info][gc,task     ] GC(206) Using 1 workers of 1 for evacuation
[2025-07-30T16:37:44.464+0800][10.289s][info][gc,phases   ] GC(206)   Pre Evacuate Collection Set: 0.3ms
[2025-07-30T16:37:44.464+0800][10.289s][info][gc,phases   ] GC(206)   Merge Heap Roots: 0.1ms
[2025-07-30T16:37:44.464+0800][10.289s][info][gc,phases   ] GC(206)   Evacuate Collection Set: 13.9ms
[2025-07-30T16:37:44.464+0800][10.289s][info][gc,phases   ] GC(206)   Post Evacuate Collection Set: 0.6ms
[2025-07-30T16:37:44.464+0800][10.289s][info][gc,phases   ] GC(206)   Other: 0.1ms
[2025-07-30T16:37:44.464+0800][10.289s][info][gc,heap     ] GC(206) Eden regions: 1018->0(1018)
[2025-07-30T16:37:44.464+0800][10.289s][info][gc,heap     ] GC(206) Survivor regions: 146->146(146)
[2025-07-30T16:37:44.464+0800][10.289s][info][gc,heap     ] GC(206) Old regions: 561->561
[2025-07-30T16:37:44.464+0800][10.289s][info][gc,heap     ] GC(206) Humongous regions: 3->3
[2025-07-30T16:37:44.464+0800][10.289s][info][gc,metaspace] GC(206) Metaspace: 7032K(7360K)->7032K(7360K) NonClass: 6310K(6464K)->6310K(6464K) Class: 722K(896K)->722K(896K)
[2025-07-30T16:37:44.464+0800][10.289s][info][gc          ] GC(206) Pause Young (Normal) (G1 Evacuation Pause) 1726M->708M(2048M) 15.086ms
[2025-07-30T16:37:44.464+0800][10.289s][info][gc,cpu      ] GC(206) User=0.02s Sys=0.00s Real=0.02s
[2025-07-30T16:37:44.464+0800][10.289s][info][safepoint   ] Safepoint "G1CollectForAllocation", Time since last: 37265200 ns, Reaching safepoint: 2200 ns, Cleanup: 2600 ns, At safepoint: 15123400 ns, Total: 15128200 ns
[2025-07-30T16:37:44.499+0800][10.325s][info][gc,start    ] GC(207) Pause Young (Normal) (G1 Evacuation Pause)
[2025-07-30T16:37:44.499+0800][10.325s][info][gc,task     ] GC(207) Using 1 workers of 1 for evacuation
[2025-07-30T16:37:44.515+0800][10.340s][info][gc,phases   ] GC(207)   Pre Evacuate Collection Set: 0.3ms
[2025-07-30T16:37:44.515+0800][10.340s][info][gc,phases   ] GC(207)   Merge Heap Roots: 0.1ms
[2025-07-30T16:37:44.515+0800][10.340s][info][gc,phases   ] GC(207)   Evacuate Collection Set: 13.7ms
[2025-07-30T16:37:44.515+0800][10.340s][info][gc,phases   ] GC(207)   Post Evacuate Collection Set: 0.6ms
[2025-07-30T16:37:44.515+0800][10.340s][info][gc,phases   ] GC(207)   Other: 0.1ms
[2025-07-30T16:37:44.515+0800][10.340s][info][gc,heap     ] GC(207) Eden regions: 1018->0(1017)
[2025-07-30T16:37:44.515+0800][10.340s][info][gc,heap     ] GC(207) Survivor regions: 146->146(146)
[2025-07-30T16:37:44.515+0800][10.340s][info][gc,heap     ] GC(207) Old regions: 561->561
[2025-07-30T16:37:44.515+0800][10.340s][info][gc,heap     ] GC(207) Humongous regions: 3->3
[2025-07-30T16:37:44.515+0800][10.340s][info][gc,metaspace] GC(207) Metaspace: 7032K(7360K)->7032K(7360K) NonClass: 6310K(6464K)->6310K(6464K) Class: 722K(896K)->722K(896K)
[2025-07-30T16:37:44.515+0800][10.340s][info][gc          ] GC(207) Pause Young (Normal) (G1 Evacuation Pause) 1726M->709M(2048M) 14.904ms
[2025-07-30T16:37:44.515+0800][10.340s][info][gc,cpu      ] GC(207) User=0.00s Sys=0.00s Real=0.02s
[2025-07-30T16:37:44.515+0800][10.340s][info][safepoint   ] Safepoint "G1CollectForAllocation", Time since last: 36295500 ns, Reaching safepoint: 2000 ns, Cleanup: 2500 ns, At safepoint: 14944700 ns, Total: 14949200 ns
[2025-07-30T16:37:44.552+0800][10.377s][info][gc,start    ] GC(208) Pause Young (Normal) (G1 Evacuation Pause)
[2025-07-30T16:37:44.552+0800][10.377s][info][gc,task     ] GC(208) Using 1 workers of 1 for evacuation
[2025-07-30T16:37:44.568+0800][10.393s][info][gc,phases   ] GC(208)   Pre Evacuate Collection Set: 0.3ms
[2025-07-30T16:37:44.568+0800][10.393s][info][gc,phases   ] GC(208)   Merge Heap Roots: 0.0ms
[2025-07-30T16:37:44.568+0800][10.393s][info][gc,phases   ] GC(208)   Evacuate Collection Set: 14.8ms
[2025-07-30T16:37:44.568+0800][10.393s][info][gc,phases   ] GC(208)   Post Evacuate Collection Set: 0.6ms
[2025-07-30T16:37:44.568+0800][10.393s][info][gc,phases   ] GC(208)   Other: 0.1ms
[2025-07-30T16:37:44.568+0800][10.393s][info][gc,heap     ] GC(208) Eden regions: 1017->0(1019)
[2025-07-30T16:37:44.568+0800][10.393s][info][gc,heap     ] GC(208) Survivor regions: 146->145(146)
[2025-07-30T16:37:44.568+0800][10.393s][info][gc,heap     ] GC(208) Old regions: 561->561
[2025-07-30T16:37:44.568+0800][10.393s][info][gc,heap     ] GC(208) Humongous regions: 3->3
[2025-07-30T16:37:44.568+0800][10.393s][info][gc,metaspace] GC(208) Metaspace: 7032K(7360K)->7032K(7360K) NonClass: 6310K(6464K)->6310K(6464K) Class: 722K(896K)->722K(896K)
[2025-07-30T16:37:44.568+0800][10.393s][info][gc          ] GC(208) Pause Young (Normal) (G1 Evacuation Pause) 1726M->708M(2048M) 15.968ms
[2025-07-30T16:37:44.568+0800][10.393s][info][gc,cpu      ] GC(208) User=0.02s Sys=0.00s Real=0.02s
[2025-07-30T16:37:44.568+0800][10.393s][info][safepoint   ] Safepoint "G1CollectForAllocation", Time since last: 36878000 ns, Reaching safepoint: 2400 ns, Cleanup: 2600 ns, At safepoint: 16004800 ns, Total: 16009800 ns
[2025-07-30T16:37:44.604+0800][10.430s][info][gc,start    ] GC(209) Pause Young (Normal) (G1 Evacuation Pause)
[2025-07-30T16:37:44.604+0800][10.430s][info][gc,task     ] GC(209) Using 1 workers of 1 for evacuation
[2025-07-30T16:37:44.620+0800][10.445s][info][gc,phases   ] GC(209)   Pre Evacuate Collection Set: 0.3ms
[2025-07-30T16:37:44.620+0800][10.445s][info][gc,phases   ] GC(209)   Merge Heap Roots: 0.1ms
[2025-07-30T16:37:44.620+0800][10.445s][info][gc,phases   ] GC(209)   Evacuate Collection Set: 14.1ms
[2025-07-30T16:37:44.620+0800][10.445s][info][gc,phases   ] GC(209)   Post Evacuate Collection Set: 0.6ms
[2025-07-30T16:37:44.620+0800][10.445s][info][gc,phases   ] GC(209)   Other: 0.1ms
[2025-07-30T16:37:44.620+0800][10.445s][info][gc,heap     ] GC(209) Eden regions: 1019->0(1017)
[2025-07-30T16:37:44.620+0800][10.445s][info][gc,heap     ] GC(209) Survivor regions: 145->146(146)
[2025-07-30T16:37:44.620+0800][10.445s][info][gc,heap     ] GC(209) Old regions: 561->561
[2025-07-30T16:37:44.620+0800][10.445s][info][gc,heap     ] GC(209) Humongous regions: 3->3
[2025-07-30T16:37:44.620+0800][10.445s][info][gc,metaspace] GC(209) Metaspace: 7032K(7360K)->7032K(7360K) NonClass: 6310K(6464K)->6310K(6464K) Class: 722K(896K)->722K(896K)
[2025-07-30T16:37:44.620+0800][10.445s][info][gc          ] GC(209) Pause Young (Normal) (G1 Evacuation Pause) 1727M->709M(2048M) 15.333ms
[2025-07-30T16:37:44.620+0800][10.445s][info][gc,cpu      ] GC(209) User=0.02s Sys=0.00s Real=0.02s
[2025-07-30T16:37:44.620+0800][10.445s][info][safepoint   ] Safepoint "G1CollectForAllocation", Time since last: 36785900 ns, Reaching safepoint: 2700 ns, Cleanup: 3300 ns, At safepoint: 15370600 ns, Total: 15376600 ns
[2025-07-30T16:37:44.656+0800][10.481s][info][gc,start    ] GC(210) Pause Young (Normal) (G1 Evacuation Pause)
[2025-07-30T16:37:44.656+0800][10.481s][info][gc,task     ] GC(210) Using 1 workers of 1 for evacuation
[2025-07-30T16:37:44.671+0800][10.496s][info][gc,phases   ] GC(210)   Pre Evacuate Collection Set: 0.3ms
[2025-07-30T16:37:44.671+0800][10.496s][info][gc,phases   ] GC(210)   Merge Heap Roots: 0.1ms
[2025-07-30T16:37:44.671+0800][10.496s][info][gc,phases   ] GC(210)   Evacuate Collection Set: 13.8ms
[2025-07-30T16:37:44.671+0800][10.496s][info][gc,phases   ] GC(210)   Post Evacuate Collection Set: 0.6ms
[2025-07-30T16:37:44.671+0800][10.496s][info][gc,phases   ] GC(210)   Other: 0.1ms
[2025-07-30T16:37:44.671+0800][10.496s][info][gc,heap     ] GC(210) Eden regions: 1017->0(1019)
[2025-07-30T16:37:44.671+0800][10.496s][info][gc,heap     ] GC(210) Survivor regions: 146->145(146)
[2025-07-30T16:37:44.671+0800][10.496s][info][gc,heap     ] GC(210) Old regions: 561->561
[2025-07-30T16:37:44.671+0800][10.496s][info][gc,heap     ] GC(210) Humongous regions: 3->3
[2025-07-30T16:37:44.671+0800][10.496s][info][gc,metaspace] GC(210) Metaspace: 7032K(7360K)->7032K(7360K) NonClass: 6310K(6464K)->6310K(6464K) Class: 722K(896K)->722K(896K)
[2025-07-30T16:37:44.671+0800][10.496s][info][gc          ] GC(210) Pause Young (Normal) (G1 Evacuation Pause) 1726M->708M(2048M) 15.045ms
[2025-07-30T16:37:44.671+0800][10.496s][info][gc,cpu      ] GC(210) User=0.02s Sys=0.00s Real=0.02s
[2025-07-30T16:37:44.671+0800][10.496s][info][safepoint   ] Safepoint "G1CollectForAllocation", Time since last: 35884300 ns, Reaching safepoint: 2800 ns, Cleanup: 3000 ns, At safepoint: 15089300 ns, Total: 15095100 ns
[2025-07-30T16:37:44.708+0800][10.534s][info][gc,start    ] GC(211) Pause Young (Normal) (G1 Evacuation Pause)
[2025-07-30T16:37:44.708+0800][10.534s][info][gc,task     ] GC(211) Using 1 workers of 1 for evacuation
[2025-07-30T16:37:44.724+0800][10.550s][info][gc,phases   ] GC(211)   Pre Evacuate Collection Set: 0.4ms
[2025-07-30T16:37:44.724+0800][10.550s][info][gc,phases   ] GC(211)   Merge Heap Roots: 0.1ms
[2025-07-30T16:37:44.724+0800][10.550s][info][gc,phases   ] GC(211)   Evacuate Collection Set: 15.2ms
[2025-07-30T16:37:44.724+0800][10.550s][info][gc,phases   ] GC(211)   Post Evacuate Collection Set: 0.6ms
[2025-07-30T16:37:44.724+0800][10.550s][info][gc,phases   ] GC(211)   Other: 0.1ms
[2025-07-30T16:37:44.724+0800][10.550s][info][gc,heap     ] GC(211) Eden regions: 1019->0(1017)
[2025-07-30T16:37:44.724+0800][10.550s][info][gc,heap     ] GC(211) Survivor regions: 145->146(146)
[2025-07-30T16:37:44.724+0800][10.550s][info][gc,heap     ] GC(211) Old regions: 561->561
[2025-07-30T16:37:44.724+0800][10.550s][info][gc,heap     ] GC(211) Humongous regions: 3->3
[2025-07-30T16:37:44.724+0800][10.550s][info][gc,metaspace] GC(211) Metaspace: 7032K(7360K)->7032K(7360K) NonClass: 6310K(6464K)->6310K(6464K) Class: 722K(896K)->722K(896K)
[2025-07-30T16:37:44.724+0800][10.550s][info][gc          ] GC(211) Pause Young (Normal) (G1 Evacuation Pause) 1727M->709M(2048M) 16.502ms
[2025-07-30T16:37:44.724+0800][10.550s][info][gc,cpu      ] GC(211) User=0.02s Sys=0.00s Real=0.02s
[2025-07-30T16:37:44.724+0800][10.550s][info][safepoint   ] Safepoint "G1CollectForAllocation", Time since last: 37066500 ns, Reaching safepoint: 2500 ns, Cleanup: 3000 ns, At safepoint: 16540900 ns, Total: 16546400 ns
[2025-07-30T16:37:44.762+0800][10.587s][info][gc,start    ] GC(212) Pause Young (Normal) (G1 Evacuation Pause)
[2025-07-30T16:37:44.762+0800][10.587s][info][gc,task     ] GC(212) Using 1 workers of 1 for evacuation
[2025-07-30T16:37:44.777+0800][10.602s][info][gc,phases   ] GC(212)   Pre Evacuate Collection Set: 0.4ms
[2025-07-30T16:37:44.777+0800][10.602s][info][gc,phases   ] GC(212)   Merge Heap Roots: 0.1ms
[2025-07-30T16:37:44.777+0800][10.602s][info][gc,phases   ] GC(212)   Evacuate Collection Set: 14.1ms
[2025-07-30T16:37:44.777+0800][10.602s][info][gc,phases   ] GC(212)   Post Evacuate Collection Set: 0.6ms
[2025-07-30T16:37:44.777+0800][10.602s][info][gc,phases   ] GC(212)   Other: 0.1ms
[2025-07-30T16:37:44.777+0800][10.602s][info][gc,heap     ] GC(212) Eden regions: 1017->0(1017)
[2025-07-30T16:37:44.777+0800][10.602s][info][gc,heap     ] GC(212) Survivor regions: 146->146(146)
[2025-07-30T16:37:44.777+0800][10.602s][info][gc,heap     ] GC(212) Old regions: 561->561
[2025-07-30T16:37:44.777+0800][10.602s][info][gc,heap     ] GC(212) Humongous regions: 3->3
[2025-07-30T16:37:44.777+0800][10.602s][info][gc,metaspace] GC(212) Metaspace: 7032K(7360K)->7032K(7360K) NonClass: 6310K(6464K)->6310K(6464K) Class: 722K(896K)->722K(896K)
[2025-07-30T16:37:44.777+0800][10.602s][info][gc          ] GC(212) Pause Young (Normal) (G1 Evacuation Pause) 1726M->708M(2048M) 15.429ms
[2025-07-30T16:37:44.777+0800][10.602s][info][gc,cpu      ] GC(212) User=0.02s Sys=0.00s Real=0.01s
[2025-07-30T16:37:44.777+0800][10.602s][info][safepoint   ] Safepoint "G1CollectForAllocation", Time since last: 36880300 ns, Reaching safepoint: 2900 ns, Cleanup: 3000 ns, At safepoint: 15469400 ns, Total: 15475300 ns
[2025-07-30T16:37:44.814+0800][10.640s][info][gc,start    ] GC(213) Pause Young (Normal) (G1 Evacuation Pause)
[2025-07-30T16:37:44.814+0800][10.640s][info][gc,task     ] GC(213) Using 1 workers of 1 for evacuation
[2025-07-30T16:37:44.829+0800][10.655s][info][gc,phases   ] GC(213)   Pre Evacuate Collection Set: 0.4ms
[2025-07-30T16:37:44.829+0800][10.655s][info][gc,phases   ] GC(213)   Merge Heap Roots: 0.1ms
[2025-07-30T16:37:44.829+0800][10.655s][info][gc,phases   ] GC(213)   Evacuate Collection Set: 14.0ms
[2025-07-30T16:37:44.829+0800][10.655s][info][gc,phases   ] GC(213)   Post Evacuate Collection Set: 0.6ms
[2025-07-30T16:37:44.829+0800][10.655s][info][gc,phases   ] GC(213)   Other: 0.1ms
[2025-07-30T16:37:44.829+0800][10.655s][info][gc,heap     ] GC(213) Eden regions: 1017->0(1019)
[2025-07-30T16:37:44.829+0800][10.655s][info][gc,heap     ] GC(213) Survivor regions: 146->145(146)
[2025-07-30T16:37:44.829+0800][10.655s][info][gc,heap     ] GC(213) Old regions: 561->561
[2025-07-30T16:37:44.829+0800][10.655s][info][gc,heap     ] GC(213) Humongous regions: 3->3
[2025-07-30T16:37:44.829+0800][10.655s][info][gc,metaspace] GC(213) Metaspace: 7032K(7360K)->7032K(7360K) NonClass: 6310K(6464K)->6310K(6464K) Class: 722K(896K)->722K(896K)
[2025-07-30T16:37:44.829+0800][10.655s][info][gc          ] GC(213) Pause Young (Normal) (G1 Evacuation Pause) 1725M->707M(2048M) 15.332ms
[2025-07-30T16:37:44.829+0800][10.655s][info][gc,cpu      ] GC(213) User=0.02s Sys=0.00s Real=0.02s
[2025-07-30T16:37:44.829+0800][10.655s][info][safepoint   ] Safepoint "G1CollectForAllocation", Time since last: 37118200 ns, Reaching safepoint: 3100 ns, Cleanup: 3000 ns, At safepoint: 15376800 ns, Total: 15382900 ns
[2025-07-30T16:37:44.865+0800][10.691s][info][gc,start    ] GC(214) Pause Young (Normal) (G1 Evacuation Pause)
[2025-07-30T16:37:44.865+0800][10.691s][info][gc,task     ] GC(214) Using 1 workers of 1 for evacuation
[2025-07-30T16:37:44.881+0800][10.706s][info][gc,phases   ] GC(214)   Pre Evacuate Collection Set: 0.3ms
[2025-07-30T16:37:44.881+0800][10.706s][info][gc,phases   ] GC(214)   Merge Heap Roots: 0.0ms
[2025-07-30T16:37:44.881+0800][10.706s][info][gc,phases   ] GC(214)   Evacuate Collection Set: 14.1ms
[2025-07-30T16:37:44.881+0800][10.706s][info][gc,phases   ] GC(214)   Post Evacuate Collection Set: 0.7ms
[2025-07-30T16:37:44.881+0800][10.706s][info][gc,phases   ] GC(214)   Other: 0.1ms
[2025-07-30T16:37:44.881+0800][10.706s][info][gc,heap     ] GC(214) Eden regions: 1019->0(1018)
[2025-07-30T16:37:44.881+0800][10.706s][info][gc,heap     ] GC(214) Survivor regions: 145->146(146)
[2025-07-30T16:37:44.881+0800][10.706s][info][gc,heap     ] GC(214) Old regions: 561->561
[2025-07-30T16:37:44.881+0800][10.706s][info][gc,heap     ] GC(214) Humongous regions: 3->3
[2025-07-30T16:37:44.881+0800][10.706s][info][gc,metaspace] GC(214) Metaspace: 7032K(7360K)->7032K(7360K) NonClass: 6310K(6464K)->6310K(6464K) Class: 722K(896K)->722K(896K)
[2025-07-30T16:37:44.881+0800][10.707s][info][gc          ] GC(214) Pause Young (Normal) (G1 Evacuation Pause) 1726M->708M(2048M) 15.362ms
[2025-07-30T16:37:44.881+0800][10.707s][info][gc,cpu      ] GC(214) User=0.02s Sys=0.00s Real=0.02s
[2025-07-30T16:37:44.881+0800][10.707s][info][safepoint   ] Safepoint "G1CollectForAllocation", Time since last: 36241200 ns, Reaching safepoint: 2400 ns, Cleanup: 2700 ns, At safepoint: 15402400 ns, Total: 15407500 ns
[2025-07-30T16:37:44.918+0800][10.743s][info][gc,start    ] GC(215) Pause Young (Normal) (G1 Evacuation Pause)
[2025-07-30T16:37:44.918+0800][10.743s][info][gc,task     ] GC(215) Using 1 workers of 1 for evacuation
[2025-07-30T16:37:44.933+0800][10.758s][info][gc,phases   ] GC(215)   Pre Evacuate Collection Set: 0.3ms
[2025-07-30T16:37:44.933+0800][10.758s][info][gc,phases   ] GC(215)   Merge Heap Roots: 0.0ms
[2025-07-30T16:37:44.933+0800][10.758s][info][gc,phases   ] GC(215)   Evacuate Collection Set: 14.0ms
[2025-07-30T16:37:44.933+0800][10.758s][info][gc,phases   ] GC(215)   Post Evacuate Collection Set: 0.6ms
[2025-07-30T16:37:44.933+0800][10.758s][info][gc,phases   ] GC(215)   Other: 0.1ms
[2025-07-30T16:37:44.933+0800][10.758s][info][gc,heap     ] GC(215) Eden regions: 1018->0(1018)
[2025-07-30T16:37:44.933+0800][10.758s][info][gc,heap     ] GC(215) Survivor regions: 146->146(146)
[2025-07-30T16:37:44.933+0800][10.758s][info][gc,heap     ] GC(215) Old regions: 561->561
[2025-07-30T16:37:44.933+0800][10.758s][info][gc,heap     ] GC(215) Humongous regions: 3->3
[2025-07-30T16:37:44.933+0800][10.758s][info][gc,metaspace] GC(215) Metaspace: 7032K(7360K)->7032K(7360K) NonClass: 6310K(6464K)->6310K(6464K) Class: 722K(896K)->722K(896K)
[2025-07-30T16:37:44.933+0800][10.758s][info][gc          ] GC(215) Pause Young (Normal) (G1 Evacuation Pause) 1726M->708M(2048M) 15.197ms
[2025-07-30T16:37:44.933+0800][10.758s][info][gc,cpu      ] GC(215) User=0.02s Sys=0.00s Real=0.02s
[2025-07-30T16:37:44.933+0800][10.758s][info][safepoint   ] Safepoint "G1CollectForAllocation", Time since last: 36633800 ns, Reaching safepoint: 2400 ns, Cleanup: 3100 ns, At safepoint: 15235900 ns, Total: 15241400 ns
[2025-07-30T16:37:44.970+0800][10.795s][info][gc,start    ] GC(216) Pause Young (Normal) (G1 Evacuation Pause)
[2025-07-30T16:37:44.970+0800][10.795s][info][gc,task     ] GC(216) Using 1 workers of 1 for evacuation
[2025-07-30T16:37:44.985+0800][10.810s][info][gc,phases   ] GC(216)   Pre Evacuate Collection Set: 0.3ms
[2025-07-30T16:37:44.985+0800][10.810s][info][gc,phases   ] GC(216)   Merge Heap Roots: 0.1ms
[2025-07-30T16:37:44.985+0800][10.810s][info][gc,phases   ] GC(216)   Evacuate Collection Set: 14.1ms
[2025-07-30T16:37:44.985+0800][10.810s][info][gc,phases   ] GC(216)   Post Evacuate Collection Set: 0.6ms
[2025-07-30T16:37:44.985+0800][10.810s][info][gc,phases   ] GC(216)   Other: 0.1ms
[2025-07-30T16:37:44.985+0800][10.810s][info][gc,heap     ] GC(216) Eden regions: 1018->0(1017)
[2025-07-30T16:37:44.985+0800][10.810s][info][gc,heap     ] GC(216) Survivor regions: 146->146(146)
[2025-07-30T16:37:44.985+0800][10.810s][info][gc,heap     ] GC(216) Old regions: 561->561
[2025-07-30T16:37:44.985+0800][10.810s][info][gc,heap     ] GC(216) Humongous regions: 3->3
[2025-07-30T16:37:44.985+0800][10.810s][info][gc,metaspace] GC(216) Metaspace: 7032K(7360K)->7032K(7360K) NonClass: 6310K(6464K)->6310K(6464K) Class: 722K(896K)->722K(896K)
[2025-07-30T16:37:44.985+0800][10.810s][info][gc          ] GC(216) Pause Young (Normal) (G1 Evacuation Pause) 1726M->709M(2048M) 15.366ms
[2025-07-30T16:37:44.985+0800][10.810s][info][gc,cpu      ] GC(216) User=0.02s Sys=0.00s Real=0.01s
[2025-07-30T16:37:44.985+0800][10.810s][info][safepoint   ] Safepoint "G1CollectForAllocation", Time since last: 36567000 ns, Reaching safepoint: 2300 ns, Cleanup: 3100 ns, At safepoint: 15405300 ns, Total: 15410700 ns
[2025-07-30T16:37:45.023+0800][10.848s][info][gc,start    ] GC(217) Pause Young (Normal) (G1 Evacuation Pause)
[2025-07-30T16:37:45.023+0800][10.848s][info][gc,task     ] GC(217) Using 1 workers of 1 for evacuation
[2025-07-30T16:37:45.038+0800][10.863s][info][gc,phases   ] GC(217)   Pre Evacuate Collection Set: 0.3ms
[2025-07-30T16:37:45.038+0800][10.863s][info][gc,phases   ] GC(217)   Merge Heap Roots: 0.0ms
[2025-07-30T16:37:45.038+0800][10.863s][info][gc,phases   ] GC(217)   Evacuate Collection Set: 14.1ms
[2025-07-30T16:37:45.038+0800][10.863s][info][gc,phases   ] GC(217)   Post Evacuate Collection Set: 0.7ms
[2025-07-30T16:37:45.038+0800][10.863s][info][gc,phases   ] GC(217)   Other: 0.1ms
[2025-07-30T16:37:45.038+0800][10.863s][info][gc,heap     ] GC(217) Eden regions: 1017->0(1019)
[2025-07-30T16:37:45.038+0800][10.863s][info][gc,heap     ] GC(217) Survivor regions: 146->145(146)
[2025-07-30T16:37:45.038+0800][10.863s][info][gc,heap     ] GC(217) Old regions: 561->561
[2025-07-30T16:37:45.038+0800][10.863s][info][gc,heap     ] GC(217) Humongous regions: 3->3
[2025-07-30T16:37:45.038+0800][10.863s][info][gc,metaspace] GC(217) Metaspace: 7033K(7360K)->7033K(7360K) NonClass: 6310K(6464K)->6310K(6464K) Class: 722K(896K)->722K(896K)
[2025-07-30T16:37:45.038+0800][10.863s][info][gc          ] GC(217) Pause Young (Normal) (G1 Evacuation Pause) 1726M->708M(2048M) 15.475ms
[2025-07-30T16:37:45.038+0800][10.864s][info][gc,cpu      ] GC(217) User=0.02s Sys=0.02s Real=0.02s
[2025-07-30T16:37:45.038+0800][10.864s][info][safepoint   ] Safepoint "G1CollectForAllocation", Time since last: 37600900 ns, Reaching safepoint: 2400 ns, Cleanup: 3200 ns, At safepoint: 15514700 ns, Total: 15520300 ns
[2025-07-30T16:37:45.075+0800][10.901s][info][gc,start    ] GC(218) Pause Young (Normal) (G1 Evacuation Pause)
[2025-07-30T16:37:45.075+0800][10.901s][info][gc,task     ] GC(218) Using 1 workers of 1 for evacuation
[2025-07-30T16:37:45.091+0800][10.916s][info][gc,phases   ] GC(218)   Pre Evacuate Collection Set: 0.4ms
[2025-07-30T16:37:45.091+0800][10.916s][info][gc,phases   ] GC(218)   Merge Heap Roots: 0.1ms
[2025-07-30T16:37:45.091+0800][10.916s][info][gc,phases   ] GC(218)   Evacuate Collection Set: 13.8ms
[2025-07-30T16:37:45.091+0800][10.916s][info][gc,phases   ] GC(218)   Post Evacuate Collection Set: 1.0ms
[2025-07-30T16:37:45.091+0800][10.916s][info][gc,phases   ] GC(218)   Other: 0.1ms
[2025-07-30T16:37:45.091+0800][10.916s][info][gc,heap     ] GC(218) Eden regions: 1019->0(1017)
[2025-07-30T16:37:45.091+0800][10.916s][info][gc,heap     ] GC(218) Survivor regions: 145->146(146)
[2025-07-30T16:37:45.091+0800][10.916s][info][gc,heap     ] GC(218) Old regions: 561->561
[2025-07-30T16:37:45.091+0800][10.916s][info][gc,heap     ] GC(218) Humongous regions: 3->3
[2025-07-30T16:37:45.091+0800][10.916s][info][gc,metaspace] GC(218) Metaspace: 7042K(7360K)->7042K(7360K) NonClass: 6319K(6464K)->6319K(6464K) Class: 722K(896K)->722K(896K)
[2025-07-30T16:37:45.091+0800][10.916s][info][gc          ] GC(218) Pause Young (Normal) (G1 Evacuation Pause) 1727M->709M(2048M) 15.558ms
[2025-07-30T16:37:45.091+0800][10.916s][info][gc,cpu      ] GC(218) User=0.02s Sys=0.00s Real=0.02s
[2025-07-30T16:37:45.091+0800][10.916s][info][safepoint   ] Safepoint "G1CollectForAllocation", Time since last: 36983700 ns, Reaching safepoint: 3500 ns, Cleanup: 4500 ns, At safepoint: 15603400 ns, Total: 15611400 ns
[2025-07-30T16:37:45.127+0800][10.952s][info][gc,start    ] GC(219) Pause Young (Normal) (G1 Evacuation Pause)
[2025-07-30T16:37:45.127+0800][10.953s][info][gc,task     ] GC(219) Using 1 workers of 1 for evacuation
[2025-07-30T16:37:45.142+0800][10.968s][info][gc,phases   ] GC(219)   Pre Evacuate Collection Set: 0.3ms
[2025-07-30T16:37:45.142+0800][10.968s][info][gc,phases   ] GC(219)   Merge Heap Roots: 0.1ms
[2025-07-30T16:37:45.142+0800][10.968s][info][gc,phases   ] GC(219)   Evacuate Collection Set: 13.9ms
[2025-07-30T16:37:45.142+0800][10.968s][info][gc,phases   ] GC(219)   Post Evacuate Collection Set: 0.6ms
[2025-07-30T16:37:45.142+0800][10.968s][info][gc,phases   ] GC(219)   Other: 0.1ms
[2025-07-30T16:37:45.142+0800][10.968s][info][gc,heap     ] GC(219) Eden regions: 1017->0(1019)
[2025-07-30T16:37:45.142+0800][10.968s][info][gc,heap     ] GC(219) Survivor regions: 146->145(146)
[2025-07-30T16:37:45.142+0800][10.968s][info][gc,heap     ] GC(219) Old regions: 561->561
[2025-07-30T16:37:45.142+0800][10.968s][info][gc,heap     ] GC(219) Humongous regions: 3->3
[2025-07-30T16:37:45.142+0800][10.968s][info][gc,metaspace] GC(219) Metaspace: 7042K(7360K)->7042K(7360K) NonClass: 6319K(6464K)->6319K(6464K) Class: 722K(896K)->722K(896K)
[2025-07-30T16:37:45.142+0800][10.968s][info][gc          ] GC(219) Pause Young (Normal) (G1 Evacuation Pause) 1726M->708M(2048M) 15.157ms
[2025-07-30T16:37:45.142+0800][10.968s][info][gc,cpu      ] GC(219) User=0.02s Sys=0.00s Real=0.01s
[2025-07-30T16:37:45.142+0800][10.968s][info][safepoint   ] Safepoint "G1CollectForAllocation", Time since last: 36364000 ns, Reaching safepoint: 2300 ns, Cleanup: 2700 ns, At safepoint: 15198100 ns, Total: 15203100 ns
[2025-07-30T16:37:45.179+0800][11.004s][info][gc,start    ] GC(220) Pause Young (Normal) (G1 Evacuation Pause)
[2025-07-30T16:37:45.179+0800][11.004s][info][gc,task     ] GC(220) Using 1 workers of 1 for evacuation
[2025-07-30T16:37:45.194+0800][11.020s][info][gc,phases   ] GC(220)   Pre Evacuate Collection Set: 0.3ms
[2025-07-30T16:37:45.194+0800][11.020s][info][gc,phases   ] GC(220)   Merge Heap Roots: 0.0ms
[2025-07-30T16:37:45.194+0800][11.020s][info][gc,phases   ] GC(220)   Evacuate Collection Set: 14.1ms
[2025-07-30T16:37:45.194+0800][11.020s][info][gc,phases   ] GC(220)   Post Evacuate Collection Set: 0.7ms
[2025-07-30T16:37:45.194+0800][11.020s][info][gc,phases   ] GC(220)   Other: 0.1ms
[2025-07-30T16:37:45.194+0800][11.020s][info][gc,heap     ] GC(220) Eden regions: 1019->0(1017)
[2025-07-30T16:37:45.194+0800][11.020s][info][gc,heap     ] GC(220) Survivor regions: 145->146(146)
[2025-07-30T16:37:45.194+0800][11.020s][info][gc,heap     ] GC(220) Old regions: 561->561
[2025-07-30T16:37:45.194+0800][11.020s][info][gc,heap     ] GC(220) Humongous regions: 3->3
[2025-07-30T16:37:45.194+0800][11.020s][info][gc,metaspace] GC(220) Metaspace: 7042K(7360K)->7042K(7360K) NonClass: 6319K(6464K)->6319K(6464K) Class: 722K(896K)->722K(896K)
[2025-07-30T16:37:45.194+0800][11.020s][info][gc          ] GC(220) Pause Young (Normal) (G1 Evacuation Pause) 1727M->709M(2048M) 15.493ms
[2025-07-30T16:37:45.194+0800][11.020s][info][gc,cpu      ] GC(220) User=0.02s Sys=0.00s Real=0.02s
[2025-07-30T16:37:45.194+0800][11.020s][info][safepoint   ] Safepoint "G1CollectForAllocation", Time since last: 36628300 ns, Reaching safepoint: 2900 ns, Cleanup: 3000 ns, At safepoint: 15541700 ns, Total: 15547600 ns
[2025-07-30T16:37:45.232+0800][11.058s][info][gc,start    ] GC(221) Pause Young (Normal) (G1 Evacuation Pause)
[2025-07-30T16:37:45.232+0800][11.058s][info][gc,task     ] GC(221) Using 1 workers of 1 for evacuation
[2025-07-30T16:37:45.247+0800][11.073s][info][gc,phases   ] GC(221)   Pre Evacuate Collection Set: 0.3ms
[2025-07-30T16:37:45.247+0800][11.073s][info][gc,phases   ] GC(221)   Merge Heap Roots: 0.1ms
[2025-07-30T16:37:45.247+0800][11.073s][info][gc,phases   ] GC(221)   Evacuate Collection Set: 13.7ms
[2025-07-30T16:37:45.247+0800][11.073s][info][gc,phases   ] GC(221)   Post Evacuate Collection Set: 0.6ms
[2025-07-30T16:37:45.247+0800][11.073s][info][gc,phases   ] GC(221)   Other: 0.1ms
[2025-07-30T16:37:45.247+0800][11.073s][info][gc,heap     ] GC(221) Eden regions: 1017->0(1017)
[2025-07-30T16:37:45.247+0800][11.073s][info][gc,heap     ] GC(221) Survivor regions: 146->146(146)
[2025-07-30T16:37:45.247+0800][11.073s][info][gc,heap     ] GC(221) Old regions: 561->561
[2025-07-30T16:37:45.247+0800][11.073s][info][gc,heap     ] GC(221) Humongous regions: 3->3
[2025-07-30T16:37:45.247+0800][11.073s][info][gc,metaspace] GC(221) Metaspace: 7042K(7360K)->7042K(7360K) NonClass: 6319K(6464K)->6319K(6464K) Class: 722K(896K)->722K(896K)
[2025-07-30T16:37:45.247+0800][11.073s][info][gc          ] GC(221) Pause Young (Normal) (G1 Evacuation Pause) 1726M->708M(2048M) 14.975ms
[2025-07-30T16:37:45.247+0800][11.073s][info][gc,cpu      ] GC(221) User=0.02s Sys=0.00s Real=0.01s
[2025-07-30T16:37:45.247+0800][11.073s][info][safepoint   ] Safepoint "G1CollectForAllocation", Time since last: 37890000 ns, Reaching safepoint: 2500 ns, Cleanup: 2900 ns, At safepoint: 15016700 ns, Total: 15022100 ns
[2025-07-30T16:37:45.284+0800][11.110s][info][gc,start    ] GC(222) Pause Young (Normal) (G1 Evacuation Pause)
[2025-07-30T16:37:45.284+0800][11.110s][info][gc,task     ] GC(222) Using 1 workers of 1 for evacuation
[2025-07-30T16:37:45.300+0800][11.125s][info][gc,phases   ] GC(222)   Pre Evacuate Collection Set: 0.4ms
[2025-07-30T16:37:45.300+0800][11.125s][info][gc,phases   ] GC(222)   Merge Heap Roots: 0.1ms
[2025-07-30T16:37:45.300+0800][11.125s][info][gc,phases   ] GC(222)   Evacuate Collection Set: 13.9ms
[2025-07-30T16:37:45.300+0800][11.125s][info][gc,phases   ] GC(222)   Post Evacuate Collection Set: 0.7ms
[2025-07-30T16:37:45.300+0800][11.125s][info][gc,phases   ] GC(222)   Other: 0.1ms
[2025-07-30T16:37:45.300+0800][11.125s][info][gc,heap     ] GC(222) Eden regions: 1017->0(1019)
[2025-07-30T16:37:45.300+0800][11.125s][info][gc,heap     ] GC(222) Survivor regions: 146->145(146)
[2025-07-30T16:37:45.300+0800][11.125s][info][gc,heap     ] GC(222) Old regions: 561->561
[2025-07-30T16:37:45.300+0800][11.125s][info][gc,heap     ] GC(222) Humongous regions: 3->3
[2025-07-30T16:37:45.300+0800][11.125s][info][gc,metaspace] GC(222) Metaspace: 7042K(7360K)->7042K(7360K) NonClass: 6319K(6464K)->6319K(6464K) Class: 722K(896K)->722K(896K)
[2025-07-30T16:37:45.300+0800][11.125s][info][gc          ] GC(222) Pause Young (Normal) (G1 Evacuation Pause) 1725M->707M(2048M) 15.330ms
[2025-07-30T16:37:45.300+0800][11.125s][info][gc,cpu      ] GC(222) User=0.02s Sys=0.00s Real=0.02s
[2025-07-30T16:37:45.300+0800][11.125s][info][safepoint   ] Safepoint "G1CollectForAllocation", Time since last: 37038200 ns, Reaching safepoint: 3300 ns, Cleanup: 3600 ns, At safepoint: 15371100 ns, Total: 15378000 ns
[2025-07-30T16:37:45.336+0800][11.162s][info][gc,start    ] GC(223) Pause Young (Normal) (G1 Evacuation Pause)
[2025-07-30T16:37:45.336+0800][11.162s][info][gc,task     ] GC(223) Using 1 workers of 1 for evacuation
[2025-07-30T16:37:45.351+0800][11.177s][info][gc,phases   ] GC(223)   Pre Evacuate Collection Set: 0.4ms
[2025-07-30T16:37:45.351+0800][11.177s][info][gc,phases   ] GC(223)   Merge Heap Roots: 0.1ms
[2025-07-30T16:37:45.351+0800][11.177s][info][gc,phases   ] GC(223)   Evacuate Collection Set: 14.1ms
[2025-07-30T16:37:45.351+0800][11.177s][info][gc,phases   ] GC(223)   Post Evacuate Collection Set: 0.6ms
[2025-07-30T16:37:45.351+0800][11.177s][info][gc,phases   ] GC(223)   Other: 0.1ms
[2025-07-30T16:37:45.351+0800][11.177s][info][gc,heap     ] GC(223) Eden regions: 1019->0(1018)
[2025-07-30T16:37:45.351+0800][11.177s][info][gc,heap     ] GC(223) Survivor regions: 145->146(146)
[2025-07-30T16:37:45.351+0800][11.177s][info][gc,heap     ] GC(223) Old regions: 561->561
[2025-07-30T16:37:45.351+0800][11.177s][info][gc,heap     ] GC(223) Humongous regions: 3->3
[2025-07-30T16:37:45.351+0800][11.177s][info][gc,metaspace] GC(223) Metaspace: 7042K(7360K)->7042K(7360K) NonClass: 6319K(6464K)->6319K(6464K) Class: 722K(896K)->722K(896K)
[2025-07-30T16:37:45.351+0800][11.177s][info][gc          ] GC(223) Pause Young (Normal) (G1 Evacuation Pause) 1726M->708M(2048M) 15.419ms
[2025-07-30T16:37:45.352+0800][11.177s][info][gc,cpu      ] GC(223) User=0.02s Sys=0.00s Real=0.02s
[2025-07-30T16:37:45.352+0800][11.177s][info][safepoint   ] Safepoint "G1CollectForAllocation", Time since last: 36370900 ns, Reaching safepoint: 2200 ns, Cleanup: 2900 ns, At safepoint: 15458500 ns, Total: 15463600 ns
[2025-07-30T16:37:45.389+0800][11.214s][info][gc,start    ] GC(224) Pause Young (Normal) (G1 Evacuation Pause)
[2025-07-30T16:37:45.389+0800][11.214s][info][gc,task     ] GC(224) Using 1 workers of 1 for evacuation
[2025-07-30T16:37:45.404+0800][11.230s][info][gc,phases   ] GC(224)   Pre Evacuate Collection Set: 0.4ms
[2025-07-30T16:37:45.404+0800][11.230s][info][gc,phases   ] GC(224)   Merge Heap Roots: 0.1ms
[2025-07-30T16:37:45.404+0800][11.230s][info][gc,phases   ] GC(224)   Evacuate Collection Set: 14.3ms
[2025-07-30T16:37:45.404+0800][11.230s][info][gc,phases   ] GC(224)   Post Evacuate Collection Set: 0.6ms
[2025-07-30T16:37:45.404+0800][11.230s][info][gc,phases   ] GC(224)   Other: 0.1ms
[2025-07-30T16:37:45.404+0800][11.230s][info][gc,heap     ] GC(224) Eden regions: 1018->0(1018)
[2025-07-30T16:37:45.404+0800][11.230s][info][gc,heap     ] GC(224) Survivor regions: 146->146(146)
[2025-07-30T16:37:45.404+0800][11.230s][info][gc,heap     ] GC(224) Old regions: 561->561
[2025-07-30T16:37:45.404+0800][11.230s][info][gc,heap     ] GC(224) Humongous regions: 3->3
[2025-07-30T16:37:45.404+0800][11.230s][info][gc,metaspace] GC(224) Metaspace: 7042K(7360K)->7042K(7360K) NonClass: 6319K(6464K)->6319K(6464K) Class: 722K(896K)->722K(896K)
[2025-07-30T16:37:45.404+0800][11.230s][info][gc          ] GC(224) Pause Young (Normal) (G1 Evacuation Pause) 1726M->708M(2048M) 15.647ms
[2025-07-30T16:37:45.404+0800][11.230s][info][gc,cpu      ] GC(224) User=0.02s Sys=0.00s Real=0.02s
[2025-07-30T16:37:45.404+0800][11.230s][info][safepoint   ] Safepoint "G1CollectForAllocation", Time since last: 37018500 ns, Reaching safepoint: 2700 ns, Cleanup: 3200 ns, At safepoint: 15688300 ns, Total: 15694200 ns
[2025-07-30T16:37:45.442+0800][11.267s][info][gc,start    ] GC(225) Pause Young (Normal) (G1 Evacuation Pause)
[2025-07-30T16:37:45.442+0800][11.267s][info][gc,task     ] GC(225) Using 1 workers of 1 for evacuation
[2025-07-30T16:37:45.458+0800][11.283s][info][gc,phases   ] GC(225)   Pre Evacuate Collection Set: 0.4ms
[2025-07-30T16:37:45.458+0800][11.283s][info][gc,phases   ] GC(225)   Merge Heap Roots: 0.1ms
[2025-07-30T16:37:45.458+0800][11.283s][info][gc,phases   ] GC(225)   Evacuate Collection Set: 14.5ms
[2025-07-30T16:37:45.458+0800][11.283s][info][gc,phases   ] GC(225)   Post Evacuate Collection Set: 0.7ms
[2025-07-30T16:37:45.458+0800][11.283s][info][gc,phases   ] GC(225)   Other: 0.1ms
[2025-07-30T16:37:45.458+0800][11.283s][info][gc,heap     ] GC(225) Eden regions: 1018->0(1018)
[2025-07-30T16:37:45.458+0800][11.283s][info][gc,heap     ] GC(225) Survivor regions: 146->146(146)
[2025-07-30T16:37:45.458+0800][11.283s][info][gc,heap     ] GC(225) Old regions: 561->561
[2025-07-30T16:37:45.458+0800][11.283s][info][gc,heap     ] GC(225) Humongous regions: 3->3
[2025-07-30T16:37:45.458+0800][11.283s][info][gc,metaspace] GC(225) Metaspace: 7042K(7360K)->7042K(7360K) NonClass: 6319K(6464K)->6319K(6464K) Class: 722K(896K)->722K(896K)
[2025-07-30T16:37:45.458+0800][11.283s][info][gc          ] GC(225) Pause Young (Normal) (G1 Evacuation Pause) 1726M->708M(2048M) 16.015ms
[2025-07-30T16:37:45.458+0800][11.283s][info][gc,cpu      ] GC(225) User=0.02s Sys=0.00s Real=0.02s
[2025-07-30T16:37:45.458+0800][11.283s][info][safepoint   ] Safepoint "G1CollectForAllocation", Time since last: 37542600 ns, Reaching safepoint: 4300 ns, Cleanup: 5000 ns, At safepoint: 16060000 ns, Total: 16069300 ns
[2025-07-30T16:37:45.495+0800][11.320s][info][gc,start    ] GC(226) Pause Young (Normal) (G1 Evacuation Pause)
[2025-07-30T16:37:45.495+0800][11.320s][info][gc,task     ] GC(226) Using 1 workers of 1 for evacuation
[2025-07-30T16:37:45.509+0800][11.335s][info][gc,phases   ] GC(226)   Pre Evacuate Collection Set: 0.5ms
[2025-07-30T16:37:45.509+0800][11.335s][info][gc,phases   ] GC(226)   Merge Heap Roots: 0.1ms
[2025-07-30T16:37:45.509+0800][11.335s][info][gc,phases   ] GC(226)   Evacuate Collection Set: 13.7ms
[2025-07-30T16:37:45.509+0800][11.335s][info][gc,phases   ] GC(226)   Post Evacuate Collection Set: 0.8ms
[2025-07-30T16:37:45.509+0800][11.335s][info][gc,phases   ] GC(226)   Other: 0.1ms
[2025-07-30T16:37:45.509+0800][11.335s][info][gc,heap     ] GC(226) Eden regions: 1018->0(1017)
[2025-07-30T16:37:45.509+0800][11.335s][info][gc,heap     ] GC(226) Survivor regions: 146->146(146)
[2025-07-30T16:37:45.509+0800][11.335s][info][gc,heap     ] GC(226) Old regions: 561->561
[2025-07-30T16:37:45.509+0800][11.335s][info][gc,heap     ] GC(226) Humongous regions: 3->3
[2025-07-30T16:37:45.509+0800][11.335s][info][gc,metaspace] GC(226) Metaspace: 7042K(7360K)->7042K(7360K) NonClass: 6319K(6464K)->6319K(6464K) Class: 722K(896K)->722K(896K)
[2025-07-30T16:37:45.509+0800][11.335s][info][gc          ] GC(226) Pause Young (Normal) (G1 Evacuation Pause) 1726M->709M(2048M) 15.406ms
[2025-07-30T16:37:45.509+0800][11.336s][info][gc,cpu      ] GC(226) User=0.02s Sys=0.00s Real=0.01s
[2025-07-30T16:37:45.509+0800][11.336s][info][safepoint   ] Safepoint "G1CollectForAllocation", Time since last: 36709400 ns, Reaching safepoint: 6400 ns, Cleanup: 7300 ns, At safepoint: 15456400 ns, Total: 15470100 ns
[2025-07-30T16:37:45.547+0800][11.372s][info][gc,start    ] GC(227) Pause Young (Normal) (G1 Evacuation Pause)
[2025-07-30T16:37:45.547+0800][11.372s][info][gc,task     ] GC(227) Using 1 workers of 1 for evacuation
[2025-07-30T16:37:45.561+0800][11.387s][info][gc,phases   ] GC(227)   Pre Evacuate Collection Set: 0.3ms
[2025-07-30T16:37:45.562+0800][11.387s][info][gc,phases   ] GC(227)   Merge Heap Roots: 0.1ms
[2025-07-30T16:37:45.562+0800][11.387s][info][gc,phases   ] GC(227)   Evacuate Collection Set: 13.9ms
[2025-07-30T16:37:45.562+0800][11.387s][info][gc,phases   ] GC(227)   Post Evacuate Collection Set: 0.6ms
[2025-07-30T16:37:45.562+0800][11.387s][info][gc,phases   ] GC(227)   Other: 0.1ms
[2025-07-30T16:37:45.562+0800][11.387s][info][gc,heap     ] GC(227) Eden regions: 1017->0(1019)
[2025-07-30T16:37:45.562+0800][11.387s][info][gc,heap     ] GC(227) Survivor regions: 146->145(146)
[2025-07-30T16:37:45.562+0800][11.388s][info][gc,heap     ] GC(227) Old regions: 561->561
[2025-07-30T16:37:45.562+0800][11.388s][info][gc,heap     ] GC(227) Humongous regions: 3->3
[2025-07-30T16:37:45.562+0800][11.388s][info][gc,metaspace] GC(227) Metaspace: 7042K(7360K)->7042K(7360K) NonClass: 6319K(6464K)->6319K(6464K) Class: 722K(896K)->722K(896K)
[2025-07-30T16:37:45.562+0800][11.388s][info][gc          ] GC(227) Pause Young (Normal) (G1 Evacuation Pause) 1726M->708M(2048M) 15.132ms
[2025-07-30T16:37:45.562+0800][11.388s][info][gc,cpu      ] GC(227) User=0.00s Sys=0.00s Real=0.02s
[2025-07-30T16:37:45.562+0800][11.388s][info][safepoint   ] Safepoint "G1CollectForAllocation", Time since last: 36871300 ns, Reaching safepoint: 2500 ns, Cleanup: 3100 ns, At safepoint: 15171200 ns, Total: 15176800 ns
[2025-07-30T16:37:45.600+0800][11.426s][info][gc,start    ] GC(228) Pause Young (Normal) (G1 Evacuation Pause)
[2025-07-30T16:37:45.600+0800][11.426s][info][gc,task     ] GC(228) Using 1 workers of 1 for evacuation
[2025-07-30T16:37:45.616+0800][11.442s][info][gc,phases   ] GC(228)   Pre Evacuate Collection Set: 0.3ms
[2025-07-30T16:37:45.616+0800][11.442s][info][gc,phases   ] GC(228)   Merge Heap Roots: 0.1ms
[2025-07-30T16:37:45.616+0800][11.442s][info][gc,phases   ] GC(228)   Evacuate Collection Set: 15.2ms
[2025-07-30T16:37:45.616+0800][11.442s][info][gc,phases   ] GC(228)   Post Evacuate Collection Set: 0.6ms
[2025-07-30T16:37:45.616+0800][11.442s][info][gc,phases   ] GC(228)   Other: 0.1ms
[2025-07-30T16:37:45.616+0800][11.442s][info][gc,heap     ] GC(228) Eden regions: 1019->0(1017)
[2025-07-30T16:37:45.616+0800][11.442s][info][gc,heap     ] GC(228) Survivor regions: 145->146(146)
[2025-07-30T16:37:45.616+0800][11.442s][info][gc,heap     ] GC(228) Old regions: 561->561
[2025-07-30T16:37:45.616+0800][11.442s][info][gc,heap     ] GC(228) Humongous regions: 3->3
[2025-07-30T16:37:45.616+0800][11.442s][info][gc,metaspace] GC(228) Metaspace: 7042K(7360K)->7042K(7360K) NonClass: 6319K(6464K)->6319K(6464K) Class: 722K(896K)->722K(896K)
[2025-07-30T16:37:45.616+0800][11.442s][info][gc          ] GC(228) Pause Young (Normal) (G1 Evacuation Pause) 1727M->709M(2048M) 16.369ms
[2025-07-30T16:37:45.616+0800][11.442s][info][gc,cpu      ] GC(228) User=0.02s Sys=0.00s Real=0.02s
[2025-07-30T16:37:45.616+0800][11.442s][info][safepoint   ] Safepoint "G1CollectForAllocation", Time since last: 37974200 ns, Reaching safepoint: 2500 ns, Cleanup: 2900 ns, At safepoint: 16407900 ns, Total: 16413300 ns
[2025-07-30T16:37:45.653+0800][11.478s][info][gc,start    ] GC(229) Pause Young (Normal) (G1 Evacuation Pause)
[2025-07-30T16:37:45.653+0800][11.478s][info][gc,task     ] GC(229) Using 1 workers of 1 for evacuation
[2025-07-30T16:37:45.668+0800][11.493s][info][gc,phases   ] GC(229)   Pre Evacuate Collection Set: 0.3ms
[2025-07-30T16:37:45.668+0800][11.493s][info][gc,phases   ] GC(229)   Merge Heap Roots: 0.1ms
[2025-07-30T16:37:45.668+0800][11.493s][info][gc,phases   ] GC(229)   Evacuate Collection Set: 13.8ms
[2025-07-30T16:37:45.668+0800][11.493s][info][gc,phases   ] GC(229)   Post Evacuate Collection Set: 0.6ms
[2025-07-30T16:37:45.668+0800][11.493s][info][gc,phases   ] GC(229)   Other: 0.1ms
[2025-07-30T16:37:45.668+0800][11.493s][info][gc,heap     ] GC(229) Eden regions: 1017->0(1019)
[2025-07-30T16:37:45.668+0800][11.493s][info][gc,heap     ] GC(229) Survivor regions: 146->145(146)
[2025-07-30T16:37:45.668+0800][11.493s][info][gc,heap     ] GC(229) Old regions: 561->561
[2025-07-30T16:37:45.668+0800][11.493s][info][gc,heap     ] GC(229) Humongous regions: 3->3
[2025-07-30T16:37:45.668+0800][11.493s][info][gc,metaspace] GC(229) Metaspace: 7042K(7360K)->7042K(7360K) NonClass: 6319K(6464K)->6319K(6464K) Class: 722K(896K)->722K(896K)
[2025-07-30T16:37:45.668+0800][11.493s][info][gc          ] GC(229) Pause Young (Normal) (G1 Evacuation Pause) 1726M->708M(2048M) 15.000ms
[2025-07-30T16:37:45.668+0800][11.493s][info][gc,cpu      ] GC(229) User=0.02s Sys=0.00s Real=0.01s
[2025-07-30T16:37:45.668+0800][11.493s][info][safepoint   ] Safepoint "G1CollectForAllocation", Time since last: 36352800 ns, Reaching safepoint: 2000 ns, Cleanup: 2600 ns, At safepoint: 15037500 ns, Total: 15042100 ns
[2025-07-30T16:37:45.704+0800][11.529s][info][gc,start    ] GC(230) Pause Young (Normal) (G1 Evacuation Pause)
[2025-07-30T16:37:45.704+0800][11.529s][info][gc,task     ] GC(230) Using 1 workers of 1 for evacuation
[2025-07-30T16:37:45.719+0800][11.544s][info][gc,phases   ] GC(230)   Pre Evacuate Collection Set: 0.3ms
[2025-07-30T16:37:45.719+0800][11.545s][info][gc,phases   ] GC(230)   Merge Heap Roots: 0.0ms
[2025-07-30T16:37:45.719+0800][11.545s][info][gc,phases   ] GC(230)   Evacuate Collection Set: 14.0ms
[2025-07-30T16:37:45.719+0800][11.545s][info][gc,phases   ] GC(230)   Post Evacuate Collection Set: 0.6ms
[2025-07-30T16:37:45.719+0800][11.545s][info][gc,phases   ] GC(230)   Other: 0.1ms
[2025-07-30T16:37:45.719+0800][11.545s][info][gc,heap     ] GC(230) Eden regions: 1019->0(1017)
[2025-07-30T16:37:45.719+0800][11.545s][info][gc,heap     ] GC(230) Survivor regions: 145->146(146)
[2025-07-30T16:37:45.719+0800][11.545s][info][gc,heap     ] GC(230) Old regions: 561->561
[2025-07-30T16:37:45.719+0800][11.545s][info][gc,heap     ] GC(230) Humongous regions: 3->3
[2025-07-30T16:37:45.719+0800][11.545s][info][gc,metaspace] GC(230) Metaspace: 7042K(7360K)->7042K(7360K) NonClass: 6319K(6464K)->6319K(6464K) Class: 722K(896K)->722K(896K)
[2025-07-30T16:37:45.719+0800][11.545s][info][gc          ] GC(230) Pause Young (Normal) (G1 Evacuation Pause) 1727M->709M(2048M) 15.228ms
[2025-07-30T16:37:45.719+0800][11.545s][info][gc,cpu      ] GC(230) User=0.02s Sys=0.00s Real=0.02s
[2025-07-30T16:37:45.719+0800][11.545s][info][safepoint   ] Safepoint "G1CollectForAllocation", Time since last: 36074300 ns, Reaching safepoint: 2300 ns, Cleanup: 2300 ns, At safepoint: 15265100 ns, Total: 15269700 ns
[2025-07-30T16:37:45.756+0800][11.581s][info][gc,start    ] GC(231) Pause Young (Normal) (G1 Evacuation Pause)
[2025-07-30T16:37:45.756+0800][11.582s][info][gc,task     ] GC(231) Using 1 workers of 1 for evacuation
[2025-07-30T16:37:45.771+0800][11.596s][info][gc,phases   ] GC(231)   Pre Evacuate Collection Set: 0.3ms
[2025-07-30T16:37:45.771+0800][11.596s][info][gc,phases   ] GC(231)   Merge Heap Roots: 0.0ms
[2025-07-30T16:37:45.771+0800][11.596s][info][gc,phases   ] GC(231)   Evacuate Collection Set: 13.7ms
[2025-07-30T16:37:45.771+0800][11.596s][info][gc,phases   ] GC(231)   Post Evacuate Collection Set: 0.6ms
[2025-07-30T16:37:45.771+0800][11.596s][info][gc,phases   ] GC(231)   Other: 0.1ms
[2025-07-30T16:37:45.771+0800][11.596s][info][gc,heap     ] GC(231) Eden regions: 1017->0(1017)
[2025-07-30T16:37:45.771+0800][11.596s][info][gc,heap     ] GC(231) Survivor regions: 146->146(146)
[2025-07-30T16:37:45.771+0800][11.596s][info][gc,heap     ] GC(231) Old regions: 561->561
[2025-07-30T16:37:45.771+0800][11.596s][info][gc,heap     ] GC(231) Humongous regions: 3->3
[2025-07-30T16:37:45.771+0800][11.596s][info][gc,metaspace] GC(231) Metaspace: 7042K(7360K)->7042K(7360K) NonClass: 6319K(6464K)->6319K(6464K) Class: 722K(896K)->722K(896K)
[2025-07-30T16:37:45.771+0800][11.596s][info][gc          ] GC(231) Pause Young (Normal) (G1 Evacuation Pause) 1726M->708M(2048M) 14.904ms
[2025-07-30T16:37:45.771+0800][11.596s][info][gc,cpu      ] GC(231) User=0.02s Sys=0.00s Real=0.01s
[2025-07-30T16:37:45.771+0800][11.596s][info][safepoint   ] Safepoint "G1CollectForAllocation", Time since last: 36748700 ns, Reaching safepoint: 2300 ns, Cleanup: 2700 ns, At safepoint: 14941200 ns, Total: 14946200 ns
[2025-07-30T16:37:45.808+0800][11.633s][info][gc,start    ] GC(232) Pause Young (Normal) (G1 Evacuation Pause)
[2025-07-30T16:37:45.808+0800][11.633s][info][gc,task     ] GC(232) Using 1 workers of 1 for evacuation
[2025-07-30T16:37:45.823+0800][11.648s][info][gc,phases   ] GC(232)   Pre Evacuate Collection Set: 0.3ms
[2025-07-30T16:37:45.823+0800][11.648s][info][gc,phases   ] GC(232)   Merge Heap Roots: 0.1ms
[2025-07-30T16:37:45.823+0800][11.648s][info][gc,phases   ] GC(232)   Evacuate Collection Set: 13.9ms
[2025-07-30T16:37:45.823+0800][11.648s][info][gc,phases   ] GC(232)   Post Evacuate Collection Set: 0.6ms
[2025-07-30T16:37:45.823+0800][11.648s][info][gc,phases   ] GC(232)   Other: 0.1ms
[2025-07-30T16:37:45.823+0800][11.648s][info][gc,heap     ] GC(232) Eden regions: 1017->0(1019)
[2025-07-30T16:37:45.823+0800][11.648s][info][gc,heap     ] GC(232) Survivor regions: 146->145(146)
[2025-07-30T16:37:45.823+0800][11.648s][info][gc,heap     ] GC(232) Old regions: 561->561
[2025-07-30T16:37:45.823+0800][11.648s][info][gc,heap     ] GC(232) Humongous regions: 3->3
[2025-07-30T16:37:45.823+0800][11.648s][info][gc,metaspace] GC(232) Metaspace: 7042K(7360K)->7042K(7360K) NonClass: 6319K(6464K)->6319K(6464K) Class: 722K(896K)->722K(896K)
[2025-07-30T16:37:45.823+0800][11.648s][info][gc          ] GC(232) Pause Young (Normal) (G1 Evacuation Pause) 1725M->707M(2048M) 15.070ms
[2025-07-30T16:37:45.823+0800][11.648s][info][gc,cpu      ] GC(232) User=0.02s Sys=0.00s Real=0.01s
[2025-07-30T16:37:45.823+0800][11.648s][info][safepoint   ] Safepoint "G1CollectForAllocation", Time since last: 36577400 ns, Reaching safepoint: 2200 ns, Cleanup: 2400 ns, At safepoint: 15111500 ns, Total: 15116100 ns
[2025-07-30T16:37:45.860+0800][11.685s][info][gc,start    ] GC(233) Pause Young (Normal) (G1 Evacuation Pause)
[2025-07-30T16:37:45.860+0800][11.685s][info][gc,task     ] GC(233) Using 1 workers of 1 for evacuation
[2025-07-30T16:37:45.875+0800][11.700s][info][gc,phases   ] GC(233)   Pre Evacuate Collection Set: 0.3ms
[2025-07-30T16:37:45.875+0800][11.700s][info][gc,phases   ] GC(233)   Merge Heap Roots: 0.0ms
[2025-07-30T16:37:45.875+0800][11.700s][info][gc,phases   ] GC(233)   Evacuate Collection Set: 13.8ms
[2025-07-30T16:37:45.875+0800][11.700s][info][gc,phases   ] GC(233)   Post Evacuate Collection Set: 0.5ms
[2025-07-30T16:37:45.875+0800][11.700s][info][gc,phases   ] GC(233)   Other: 0.1ms
[2025-07-30T16:37:45.875+0800][11.700s][info][gc,heap     ] GC(233) Eden regions: 1019->0(1018)
[2025-07-30T16:37:45.875+0800][11.700s][info][gc,heap     ] GC(233) Survivor regions: 145->146(146)
[2025-07-30T16:37:45.875+0800][11.700s][info][gc,heap     ] GC(233) Old regions: 561->561
[2025-07-30T16:37:45.875+0800][11.700s][info][gc,heap     ] GC(233) Humongous regions: 3->3
[2025-07-30T16:37:45.875+0800][11.700s][info][gc,metaspace] GC(233) Metaspace: 7042K(7360K)->7042K(7360K) NonClass: 6319K(6464K)->6319K(6464K) Class: 722K(896K)->722K(896K)
[2025-07-30T16:37:45.875+0800][11.700s][info][gc          ] GC(233) Pause Young (Normal) (G1 Evacuation Pause) 1726M->708M(2048M) 14.943ms
[2025-07-30T16:37:45.875+0800][11.700s][info][gc,cpu      ] GC(233) User=0.00s Sys=0.00s Real=0.02s
[2025-07-30T16:37:45.875+0800][11.700s][info][safepoint   ] Safepoint "G1CollectForAllocation", Time since last: 37066100 ns, Reaching safepoint: 2100 ns, Cleanup: 2300 ns, At safepoint: 14980200 ns, Total: 14984600 ns
[2025-07-30T16:37:45.911+0800][11.736s][info][gc,start    ] GC(234) Pause Young (Normal) (G1 Evacuation Pause)
[2025-07-30T16:37:45.911+0800][11.736s][info][gc,task     ] GC(234) Using 1 workers of 1 for evacuation
[2025-07-30T16:37:45.926+0800][11.751s][info][gc,phases   ] GC(234)   Pre Evacuate Collection Set: 0.3ms
[2025-07-30T16:37:45.926+0800][11.751s][info][gc,phases   ] GC(234)   Merge Heap Roots: 0.1ms
[2025-07-30T16:37:45.926+0800][11.751s][info][gc,phases   ] GC(234)   Evacuate Collection Set: 13.8ms
[2025-07-30T16:37:45.926+0800][11.751s][info][gc,phases   ] GC(234)   Post Evacuate Collection Set: 0.5ms
[2025-07-30T16:37:45.926+0800][11.751s][info][gc,phases   ] GC(234)   Other: 0.1ms
[2025-07-30T16:37:45.926+0800][11.751s][info][gc,heap     ] GC(234) Eden regions: 1018->0(1018)
[2025-07-30T16:37:45.926+0800][11.751s][info][gc,heap     ] GC(234) Survivor regions: 146->146(146)
[2025-07-30T16:37:45.926+0800][11.751s][info][gc,heap     ] GC(234) Old regions: 561->561
[2025-07-30T16:37:45.926+0800][11.751s][info][gc,heap     ] GC(234) Humongous regions: 3->3
[2025-07-30T16:37:45.926+0800][11.751s][info][gc,metaspace] GC(234) Metaspace: 7042K(7360K)->7042K(7360K) NonClass: 6319K(6464K)->6319K(6464K) Class: 722K(896K)->722K(896K)
[2025-07-30T16:37:45.926+0800][11.751s][info][gc          ] GC(234) Pause Young (Normal) (G1 Evacuation Pause) 1726M->708M(2048M) 14.854ms
[2025-07-30T16:37:45.926+0800][11.751s][info][gc,cpu      ] GC(234) User=0.02s Sys=0.00s Real=0.02s
[2025-07-30T16:37:45.926+0800][11.751s][info][safepoint   ] Safepoint "G1CollectForAllocation", Time since last: 36115300 ns, Reaching safepoint: 1700 ns, Cleanup: 2300 ns, At safepoint: 14889600 ns, Total: 14893600 ns
[2025-07-30T16:37:45.962+0800][11.787s][info][gc,start    ] GC(235) Pause Young (Normal) (G1 Evacuation Pause)
[2025-07-30T16:37:45.962+0800][11.787s][info][gc,task     ] GC(235) Using 1 workers of 1 for evacuation
[2025-07-30T16:37:45.977+0800][11.802s][info][gc,phases   ] GC(235)   Pre Evacuate Collection Set: 0.3ms
[2025-07-30T16:37:45.977+0800][11.802s][info][gc,phases   ] GC(235)   Merge Heap Roots: 0.1ms
[2025-07-30T16:37:45.977+0800][11.802s][info][gc,phases   ] GC(235)   Evacuate Collection Set: 13.6ms
[2025-07-30T16:37:45.977+0800][11.802s][info][gc,phases   ] GC(235)   Post Evacuate Collection Set: 0.6ms
[2025-07-30T16:37:45.977+0800][11.802s][info][gc,phases   ] GC(235)   Other: 0.1ms
[2025-07-30T16:37:45.977+0800][11.802s][info][gc,heap     ] GC(235) Eden regions: 1018->0(1017)
[2025-07-30T16:37:45.977+0800][11.802s][info][gc,heap     ] GC(235) Survivor regions: 146->146(146)
[2025-07-30T16:37:45.977+0800][11.802s][info][gc,heap     ] GC(235) Old regions: 561->561
[2025-07-30T16:37:45.977+0800][11.802s][info][gc,heap     ] GC(235) Humongous regions: 3->3
[2025-07-30T16:37:45.977+0800][11.802s][info][gc,metaspace] GC(235) Metaspace: 7042K(7360K)->7042K(7360K) NonClass: 6319K(6464K)->6319K(6464K) Class: 722K(896K)->722K(896K)
[2025-07-30T16:37:45.977+0800][11.802s][info][gc          ] GC(235) Pause Young (Normal) (G1 Evacuation Pause) 1726M->709M(2048M) 14.750ms
[2025-07-30T16:37:45.977+0800][11.802s][info][gc,cpu      ] GC(235) User=0.02s Sys=0.00s Real=0.02s
[2025-07-30T16:37:45.977+0800][11.802s][info][safepoint   ] Safepoint "G1CollectForAllocation", Time since last: 36126800 ns, Reaching safepoint: 1900 ns, Cleanup: 2600 ns, At safepoint: 14787500 ns, Total: 14792000 ns
[2025-07-30T16:37:46.015+0800][11.840s][info][gc,start    ] GC(236) Pause Young (Normal) (G1 Evacuation Pause)
[2025-07-30T16:37:46.015+0800][11.840s][info][gc,task     ] GC(236) Using 1 workers of 1 for evacuation
[2025-07-30T16:37:46.029+0800][11.855s][info][gc,phases   ] GC(236)   Pre Evacuate Collection Set: 0.3ms
[2025-07-30T16:37:46.029+0800][11.855s][info][gc,phases   ] GC(236)   Merge Heap Roots: 0.1ms
[2025-07-30T16:37:46.029+0800][11.855s][info][gc,phases   ] GC(236)   Evacuate Collection Set: 13.7ms
[2025-07-30T16:37:46.029+0800][11.855s][info][gc,phases   ] GC(236)   Post Evacuate Collection Set: 0.6ms
[2025-07-30T16:37:46.029+0800][11.855s][info][gc,phases   ] GC(236)   Other: 0.1ms
[2025-07-30T16:37:46.029+0800][11.855s][info][gc,heap     ] GC(236) Eden regions: 1017->0(1019)
[2025-07-30T16:37:46.029+0800][11.855s][info][gc,heap     ] GC(236) Survivor regions: 146->145(146)
[2025-07-30T16:37:46.029+0800][11.855s][info][gc,heap     ] GC(236) Old regions: 561->561
[2025-07-30T16:37:46.029+0800][11.855s][info][gc,heap     ] GC(236) Humongous regions: 3->3
[2025-07-30T16:37:46.029+0800][11.855s][info][gc,metaspace] GC(236) Metaspace: 7042K(7360K)->7042K(7360K) NonClass: 6319K(6464K)->6319K(6464K) Class: 722K(896K)->722K(896K)
[2025-07-30T16:37:46.029+0800][11.855s][info][gc          ] GC(236) Pause Young (Normal) (G1 Evacuation Pause) 1726M->708M(2048M) 14.847ms
[2025-07-30T16:37:46.029+0800][11.855s][info][gc,cpu      ] GC(236) User=0.02s Sys=0.00s Real=0.01s
[2025-07-30T16:37:46.029+0800][11.855s][info][safepoint   ] Safepoint "G1CollectForAllocation", Time since last: 37995000 ns, Reaching safepoint: 2500 ns, Cleanup: 2400 ns, At safepoint: 14882800 ns, Total: 14887700 ns
[2025-07-30T16:37:46.067+0800][11.892s][info][gc,start    ] GC(237) Pause Young (Normal) (G1 Evacuation Pause)
[2025-07-30T16:37:46.067+0800][11.892s][info][gc,task     ] GC(237) Using 1 workers of 1 for evacuation
[2025-07-30T16:37:46.083+0800][11.908s][info][gc,phases   ] GC(237)   Pre Evacuate Collection Set: 0.3ms
[2025-07-30T16:37:46.083+0800][11.908s][info][gc,phases   ] GC(237)   Merge Heap Roots: 0.1ms
[2025-07-30T16:37:46.083+0800][11.908s][info][gc,phases   ] GC(237)   Evacuate Collection Set: 14.3ms
[2025-07-30T16:37:46.083+0800][11.908s][info][gc,phases   ] GC(237)   Post Evacuate Collection Set: 0.7ms
[2025-07-30T16:37:46.083+0800][11.908s][info][gc,phases   ] GC(237)   Other: 0.1ms
[2025-07-30T16:37:46.083+0800][11.908s][info][gc,heap     ] GC(237) Eden regions: 1019->0(1017)
[2025-07-30T16:37:46.083+0800][11.908s][info][gc,heap     ] GC(237) Survivor regions: 145->146(146)
[2025-07-30T16:37:46.083+0800][11.908s][info][gc,heap     ] GC(237) Old regions: 561->561
[2025-07-30T16:37:46.083+0800][11.908s][info][gc,heap     ] GC(237) Humongous regions: 3->3
[2025-07-30T16:37:46.083+0800][11.908s][info][gc,metaspace] GC(237) Metaspace: 7042K(7360K)->7042K(7360K) NonClass: 6319K(6464K)->6319K(6464K) Class: 722K(896K)->722K(896K)
[2025-07-30T16:37:46.083+0800][11.908s][info][gc          ] GC(237) Pause Young (Normal) (G1 Evacuation Pause) 1727M->709M(2048M) 15.683ms
[2025-07-30T16:37:46.083+0800][11.908s][info][gc,cpu      ] GC(237) User=0.02s Sys=0.02s Real=0.02s
[2025-07-30T16:37:46.083+0800][11.908s][info][safepoint   ] Safepoint "G1CollectForAllocation", Time since last: 37289600 ns, Reaching safepoint: 2200 ns, Cleanup: 2800 ns, At safepoint: 15721000 ns, Total: 15726000 ns
[2025-07-30T16:37:46.120+0800][11.945s][info][gc,start    ] GC(238) Pause Young (Normal) (G1 Evacuation Pause)
[2025-07-30T16:37:46.120+0800][11.945s][info][gc,task     ] GC(238) Using 1 workers of 1 for evacuation
[2025-07-30T16:37:46.134+0800][11.960s][info][gc,phases   ] GC(238)   Pre Evacuate Collection Set: 0.3ms
[2025-07-30T16:37:46.134+0800][11.960s][info][gc,phases   ] GC(238)   Merge Heap Roots: 0.1ms
[2025-07-30T16:37:46.134+0800][11.960s][info][gc,phases   ] GC(238)   Evacuate Collection Set: 13.6ms
[2025-07-30T16:37:46.134+0800][11.960s][info][gc,phases   ] GC(238)   Post Evacuate Collection Set: 0.7ms
[2025-07-30T16:37:46.135+0800][11.960s][info][gc,phases   ] GC(238)   Other: 0.1ms
[2025-07-30T16:37:46.135+0800][11.960s][info][gc,heap     ] GC(238) Eden regions: 1017->0(1019)
[2025-07-30T16:37:46.135+0800][11.960s][info][gc,heap     ] GC(238) Survivor regions: 146->145(146)
[2025-07-30T16:37:46.135+0800][11.960s][info][gc,heap     ] GC(238) Old regions: 561->561
[2025-07-30T16:37:46.135+0800][11.960s][info][gc,heap     ] GC(238) Humongous regions: 3->3
[2025-07-30T16:37:46.135+0800][11.960s][info][gc,metaspace] GC(238) Metaspace: 7042K(7360K)->7042K(7360K) NonClass: 6319K(6464K)->6319K(6464K) Class: 722K(896K)->722K(896K)
[2025-07-30T16:37:46.135+0800][11.960s][info][gc          ] GC(238) Pause Young (Normal) (G1 Evacuation Pause) 1726M->708M(2048M) 14.962ms
[2025-07-30T16:37:46.135+0800][11.960s][info][gc,cpu      ] GC(238) User=0.02s Sys=0.00s Real=0.02s
[2025-07-30T16:37:46.135+0800][11.960s][info][safepoint   ] Safepoint "G1CollectForAllocation", Time since last: 36796300 ns, Reaching safepoint: 2600 ns, Cleanup: 2700 ns, At safepoint: 15002300 ns, Total: 15007600 ns
[2025-07-30T16:37:46.171+0800][11.996s][info][gc,start    ] GC(239) Pause Young (Normal) (G1 Evacuation Pause)
[2025-07-30T16:37:46.171+0800][11.996s][info][gc,task     ] GC(239) Using 1 workers of 1 for evacuation
[2025-07-30T16:37:46.187+0800][12.013s][info][gc,phases   ] GC(239)   Pre Evacuate Collection Set: 0.3ms
[2025-07-30T16:37:46.188+0800][12.013s][info][gc,phases   ] GC(239)   Merge Heap Roots: 0.1ms
[2025-07-30T16:37:46.188+0800][12.013s][info][gc,phases   ] GC(239)   Evacuate Collection Set: 15.5ms
[2025-07-30T16:37:46.188+0800][12.013s][info][gc,phases   ] GC(239)   Post Evacuate Collection Set: 0.6ms
[2025-07-30T16:37:46.188+0800][12.013s][info][gc,phases   ] GC(239)   Other: 0.1ms
[2025-07-30T16:37:46.188+0800][12.013s][info][gc,heap     ] GC(239) Eden regions: 1019->0(1017)
[2025-07-30T16:37:46.188+0800][12.013s][info][gc,heap     ] GC(239) Survivor regions: 145->146(146)
[2025-07-30T16:37:46.188+0800][12.013s][info][gc,heap     ] GC(239) Old regions: 561->561
[2025-07-30T16:37:46.188+0800][12.013s][info][gc,heap     ] GC(239) Humongous regions: 3->3
[2025-07-30T16:37:46.188+0800][12.013s][info][gc,metaspace] GC(239) Metaspace: 7042K(7360K)->7042K(7360K) NonClass: 6319K(6464K)->6319K(6464K) Class: 722K(896K)->722K(896K)
[2025-07-30T16:37:46.188+0800][12.013s][info][gc          ] GC(239) Pause Young (Normal) (G1 Evacuation Pause) 1727M->709M(2048M) 16.705ms
[2025-07-30T16:37:46.188+0800][12.013s][info][gc,cpu      ] GC(239) User=0.02s Sys=0.00s Real=0.02s
[2025-07-30T16:37:46.188+0800][12.013s][info][safepoint   ] Safepoint "G1CollectForAllocation", Time since last: 36325200 ns, Reaching safepoint: 2500 ns, Cleanup: 2900 ns, At safepoint: 16752700 ns, Total: 16758100 ns
[2025-07-30T16:37:46.224+0800][12.050s][info][gc,start    ] GC(240) Pause Young (Normal) (G1 Evacuation Pause)
[2025-07-30T16:37:46.224+0800][12.050s][info][gc,task     ] GC(240) Using 1 workers of 1 for evacuation
[2025-07-30T16:37:46.240+0800][12.065s][info][gc,phases   ] GC(240)   Pre Evacuate Collection Set: 0.3ms
[2025-07-30T16:37:46.240+0800][12.065s][info][gc,phases   ] GC(240)   Merge Heap Roots: 0.1ms
[2025-07-30T16:37:46.240+0800][12.065s][info][gc,phases   ] GC(240)   Evacuate Collection Set: 14.1ms
[2025-07-30T16:37:46.240+0800][12.065s][info][gc,phases   ] GC(240)   Post Evacuate Collection Set: 0.6ms
[2025-07-30T16:37:46.240+0800][12.065s][info][gc,phases   ] GC(240)   Other: 0.1ms
[2025-07-30T16:37:46.240+0800][12.065s][info][gc,heap     ] GC(240) Eden regions: 1017->0(1017)
[2025-07-30T16:37:46.240+0800][12.065s][info][gc,heap     ] GC(240) Survivor regions: 146->146(146)
[2025-07-30T16:37:46.240+0800][12.065s][info][gc,heap     ] GC(240) Old regions: 561->561
[2025-07-30T16:37:46.240+0800][12.065s][info][gc,heap     ] GC(240) Humongous regions: 3->3
[2025-07-30T16:37:46.240+0800][12.065s][info][gc,metaspace] GC(240) Metaspace: 7042K(7360K)->7042K(7360K) NonClass: 6319K(6464K)->6319K(6464K) Class: 722K(896K)->722K(896K)
[2025-07-30T16:37:46.240+0800][12.065s][info][gc          ] GC(240) Pause Young (Normal) (G1 Evacuation Pause) 1726M->708M(2048M) 15.356ms
[2025-07-30T16:37:46.240+0800][12.065s][info][gc,cpu      ] GC(240) User=0.02s Sys=0.00s Real=0.02s
[2025-07-30T16:37:46.240+0800][12.065s][info][safepoint   ] Safepoint "G1CollectForAllocation", Time since last: 36891300 ns, Reaching safepoint: 2500 ns, Cleanup: 3000 ns, At safepoint: 15396100 ns, Total: 15401600 ns
[2025-07-30T16:37:46.276+0800][12.102s][info][gc,start    ] GC(241) Pause Young (Normal) (G1 Evacuation Pause)
[2025-07-30T16:37:46.276+0800][12.102s][info][gc,task     ] GC(241) Using 1 workers of 1 for evacuation
[2025-07-30T16:37:46.291+0800][12.117s][info][gc,phases   ] GC(241)   Pre Evacuate Collection Set: 0.3ms
[2025-07-30T16:37:46.291+0800][12.117s][info][gc,phases   ] GC(241)   Merge Heap Roots: 0.1ms
[2025-07-30T16:37:46.291+0800][12.117s][info][gc,phases   ] GC(241)   Evacuate Collection Set: 14.0ms
[2025-07-30T16:37:46.291+0800][12.117s][info][gc,phases   ] GC(241)   Post Evacuate Collection Set: 0.6ms
[2025-07-30T16:37:46.291+0800][12.117s][info][gc,phases   ] GC(241)   Other: 0.1ms
[2025-07-30T16:37:46.291+0800][12.117s][info][gc,heap     ] GC(241) Eden regions: 1017->0(1019)
[2025-07-30T16:37:46.291+0800][12.117s][info][gc,heap     ] GC(241) Survivor regions: 146->145(146)
[2025-07-30T16:37:46.291+0800][12.117s][info][gc,heap     ] GC(241) Old regions: 561->561
[2025-07-30T16:37:46.291+0800][12.117s][info][gc,heap     ] GC(241) Humongous regions: 3->3
[2025-07-30T16:37:46.291+0800][12.117s][info][gc,metaspace] GC(241) Metaspace: 7042K(7360K)->7042K(7360K) NonClass: 6319K(6464K)->6319K(6464K) Class: 722K(896K)->722K(896K)
[2025-07-30T16:37:46.291+0800][12.117s][info][gc          ] GC(241) Pause Young (Normal) (G1 Evacuation Pause) 1725M->707M(2048M) 15.256ms
[2025-07-30T16:37:46.291+0800][12.117s][info][gc,cpu      ] GC(241) User=0.02s Sys=0.00s Real=0.01s
[2025-07-30T16:37:46.291+0800][12.117s][info][safepoint   ] Safepoint "G1CollectForAllocation", Time since last: 36363100 ns, Reaching safepoint: 3500 ns, Cleanup: 3100 ns, At safepoint: 15296900 ns, Total: 15303500 ns
[2025-07-30T16:37:46.328+0800][12.153s][info][gc,start    ] GC(242) Pause Young (Normal) (G1 Evacuation Pause)
[2025-07-30T16:37:46.328+0800][12.153s][info][gc,task     ] GC(242) Using 1 workers of 1 for evacuation
[2025-07-30T16:37:46.343+0800][12.168s][info][gc,phases   ] GC(242)   Pre Evacuate Collection Set: 0.3ms
[2025-07-30T16:37:46.343+0800][12.168s][info][gc,phases   ] GC(242)   Merge Heap Roots: 0.1ms
[2025-07-30T16:37:46.343+0800][12.168s][info][gc,phases   ] GC(242)   Evacuate Collection Set: 13.9ms
[2025-07-30T16:37:46.343+0800][12.168s][info][gc,phases   ] GC(242)   Post Evacuate Collection Set: 0.6ms
[2025-07-30T16:37:46.343+0800][12.168s][info][gc,phases   ] GC(242)   Other: 0.1ms
[2025-07-30T16:37:46.343+0800][12.168s][info][gc,heap     ] GC(242) Eden regions: 1019->0(1018)
[2025-07-30T16:37:46.343+0800][12.168s][info][gc,heap     ] GC(242) Survivor regions: 145->146(146)
[2025-07-30T16:37:46.343+0800][12.168s][info][gc,heap     ] GC(242) Old regions: 561->561
[2025-07-30T16:37:46.343+0800][12.168s][info][gc,heap     ] GC(242) Humongous regions: 3->3
[2025-07-30T16:37:46.343+0800][12.168s][info][gc,metaspace] GC(242) Metaspace: 7042K(7360K)->7042K(7360K) NonClass: 6319K(6464K)->6319K(6464K) Class: 722K(896K)->722K(896K)
[2025-07-30T16:37:46.343+0800][12.168s][info][gc          ] GC(242) Pause Young (Normal) (G1 Evacuation Pause) 1726M->708M(2048M) 15.111ms
[2025-07-30T16:37:46.343+0800][12.168s][info][gc,cpu      ] GC(242) User=0.02s Sys=0.00s Real=0.01s
[2025-07-30T16:37:46.343+0800][12.169s][info][safepoint   ] Safepoint "G1CollectForAllocation", Time since last: 36548200 ns, Reaching safepoint: 2800 ns, Cleanup: 2700 ns, At safepoint: 15150800 ns, Total: 15156300 ns
[2025-07-30T16:37:46.381+0800][12.206s][info][gc,start    ] GC(243) Pause Young (Normal) (G1 Evacuation Pause)
[2025-07-30T16:37:46.381+0800][12.206s][info][gc,task     ] GC(243) Using 1 workers of 1 for evacuation
[2025-07-30T16:37:46.395+0800][12.221s][info][gc,phases   ] GC(243)   Pre Evacuate Collection Set: 0.3ms
[2025-07-30T16:37:46.395+0800][12.221s][info][gc,phases   ] GC(243)   Merge Heap Roots: 0.0ms
[2025-07-30T16:37:46.395+0800][12.221s][info][gc,phases   ] GC(243)   Evacuate Collection Set: 13.7ms
[2025-07-30T16:37:46.395+0800][12.221s][info][gc,phases   ] GC(243)   Post Evacuate Collection Set: 0.6ms
[2025-07-30T16:37:46.395+0800][12.221s][info][gc,phases   ] GC(243)   Other: 0.1ms
[2025-07-30T16:37:46.395+0800][12.221s][info][gc,heap     ] GC(243) Eden regions: 1018->0(1018)
[2025-07-30T16:37:46.395+0800][12.221s][info][gc,heap     ] GC(243) Survivor regions: 146->146(146)
[2025-07-30T16:37:46.395+0800][12.221s][info][gc,heap     ] GC(243) Old regions: 561->561
[2025-07-30T16:37:46.395+0800][12.221s][info][gc,heap     ] GC(243) Humongous regions: 3->3
[2025-07-30T16:37:46.395+0800][12.221s][info][gc,metaspace] GC(243) Metaspace: 7042K(7360K)->7042K(7360K) NonClass: 6319K(6464K)->6319K(6464K) Class: 722K(896K)->722K(896K)
[2025-07-30T16:37:46.395+0800][12.221s][info][gc          ] GC(243) Pause Young (Normal) (G1 Evacuation Pause) 1726M->708M(2048M) 14.940ms
[2025-07-30T16:37:46.395+0800][12.221s][info][gc,cpu      ] GC(243) User=0.02s Sys=0.00s Real=0.01s
[2025-07-30T16:37:46.395+0800][12.221s][info][safepoint   ] Safepoint "G1CollectForAllocation", Time since last: 37434800 ns, Reaching safepoint: 2600 ns, Cleanup: 2500 ns, At safepoint: 14979900 ns, Total: 14985000 ns
[2025-07-30T16:37:46.432+0800][12.258s][info][gc,start    ] GC(244) Pause Young (Normal) (G1 Evacuation Pause)
[2025-07-30T16:37:46.432+0800][12.258s][info][gc,task     ] GC(244) Using 1 workers of 1 for evacuation
[2025-07-30T16:37:46.447+0800][12.273s][info][gc,phases   ] GC(244)   Pre Evacuate Collection Set: 0.3ms
[2025-07-30T16:37:46.447+0800][12.273s][info][gc,phases   ] GC(244)   Merge Heap Roots: 0.0ms
[2025-07-30T16:37:46.447+0800][12.273s][info][gc,phases   ] GC(244)   Evacuate Collection Set: 14.2ms
[2025-07-30T16:37:46.448+0800][12.273s][info][gc,phases   ] GC(244)   Post Evacuate Collection Set: 0.6ms
[2025-07-30T16:37:46.448+0800][12.273s][info][gc,phases   ] GC(244)   Other: 0.1ms
[2025-07-30T16:37:46.448+0800][12.273s][info][gc,heap     ] GC(244) Eden regions: 1018->0(1018)
[2025-07-30T16:37:46.448+0800][12.273s][info][gc,heap     ] GC(244) Survivor regions: 146->146(146)
[2025-07-30T16:37:46.448+0800][12.273s][info][gc,heap     ] GC(244) Old regions: 561->561
[2025-07-30T16:37:46.448+0800][12.273s][info][gc,heap     ] GC(244) Humongous regions: 3->3
[2025-07-30T16:37:46.448+0800][12.273s][info][gc,metaspace] GC(244) Metaspace: 7042K(7360K)->7042K(7360K) NonClass: 6319K(6464K)->6319K(6464K) Class: 722K(896K)->722K(896K)
[2025-07-30T16:37:46.448+0800][12.273s][info][gc          ] GC(244) Pause Young (Normal) (G1 Evacuation Pause) 1726M->708M(2048M) 15.431ms
[2025-07-30T16:37:46.448+0800][12.273s][info][gc,cpu      ] GC(244) User=0.02s Sys=0.00s Real=0.02s
[2025-07-30T16:37:46.448+0800][12.273s][info][safepoint   ] Safepoint "G1CollectForAllocation", Time since last: 36637600 ns, Reaching safepoint: 2700 ns, Cleanup: 3000 ns, At safepoint: 15469700 ns, Total: 15475400 ns
[2025-07-30T16:37:46.485+0800][12.310s][info][gc,start    ] GC(245) Pause Young (Normal) (G1 Evacuation Pause)
[2025-07-30T16:37:46.485+0800][12.310s][info][gc,task     ] GC(245) Using 1 workers of 1 for evacuation
[2025-07-30T16:37:46.500+0800][12.325s][info][gc,phases   ] GC(245)   Pre Evacuate Collection Set: 0.4ms
[2025-07-30T16:37:46.500+0800][12.325s][info][gc,phases   ] GC(245)   Merge Heap Roots: 0.1ms
[2025-07-30T16:37:46.500+0800][12.325s][info][gc,phases   ] GC(245)   Evacuate Collection Set: 14.0ms
[2025-07-30T16:37:46.500+0800][12.325s][info][gc,phases   ] GC(245)   Post Evacuate Collection Set: 0.6ms
[2025-07-30T16:37:46.500+0800][12.325s][info][gc,phases   ] GC(245)   Other: 0.1ms
[2025-07-30T16:37:46.500+0800][12.325s][info][gc,heap     ] GC(245) Eden regions: 1018->0(1017)
[2025-07-30T16:37:46.500+0800][12.325s][info][gc,heap     ] GC(245) Survivor regions: 146->146(146)
[2025-07-30T16:37:46.500+0800][12.325s][info][gc,heap     ] GC(245) Old regions: 561->561
[2025-07-30T16:37:46.500+0800][12.325s][info][gc,heap     ] GC(245) Humongous regions: 3->3
[2025-07-30T16:37:46.500+0800][12.325s][info][gc,metaspace] GC(245) Metaspace: 7042K(7360K)->7042K(7360K) NonClass: 6319K(6464K)->6319K(6464K) Class: 722K(896K)->722K(896K)
[2025-07-30T16:37:46.500+0800][12.325s][info][gc          ] GC(245) Pause Young (Normal) (G1 Evacuation Pause) 1726M->709M(2048M) 15.299ms
[2025-07-30T16:37:46.500+0800][12.325s][info][gc,cpu      ] GC(245) User=0.00s Sys=0.00s Real=0.02s
[2025-07-30T16:37:46.500+0800][12.325s][info][safepoint   ] Safepoint "G1CollectForAllocation", Time since last: 37006000 ns, Reaching safepoint: 2600 ns, Cleanup: 3200 ns, At safepoint: 15336300 ns, Total: 15342100 ns
[2025-07-30T16:37:46.537+0800][12.362s][info][gc,start    ] GC(246) Pause Young (Normal) (G1 Evacuation Pause)
[2025-07-30T16:37:46.537+0800][12.362s][info][gc,task     ] GC(246) Using 1 workers of 1 for evacuation
[2025-07-30T16:37:46.552+0800][12.377s][info][gc,phases   ] GC(246)   Pre Evacuate Collection Set: 0.3ms
[2025-07-30T16:37:46.552+0800][12.377s][info][gc,phases   ] GC(246)   Merge Heap Roots: 0.1ms
[2025-07-30T16:37:46.552+0800][12.377s][info][gc,phases   ] GC(246)   Evacuate Collection Set: 14.1ms
[2025-07-30T16:37:46.552+0800][12.377s][info][gc,phases   ] GC(246)   Post Evacuate Collection Set: 0.7ms
[2025-07-30T16:37:46.552+0800][12.377s][info][gc,phases   ] GC(246)   Other: 0.1ms
[2025-07-30T16:37:46.552+0800][12.377s][info][gc,heap     ] GC(246) Eden regions: 1017->0(1019)
[2025-07-30T16:37:46.552+0800][12.377s][info][gc,heap     ] GC(246) Survivor regions: 146->145(146)
[2025-07-30T16:37:46.552+0800][12.377s][info][gc,heap     ] GC(246) Old regions: 561->561
[2025-07-30T16:37:46.552+0800][12.378s][info][gc,heap     ] GC(246) Humongous regions: 3->3
[2025-07-30T16:37:46.552+0800][12.378s][info][gc,metaspace] GC(246) Metaspace: 7042K(7360K)->7042K(7360K) NonClass: 6319K(6464K)->6319K(6464K) Class: 722K(896K)->722K(896K)
[2025-07-30T16:37:46.552+0800][12.378s][info][gc          ] GC(246) Pause Young (Normal) (G1 Evacuation Pause) 1726M->708M(2048M) 15.480ms
[2025-07-30T16:37:46.552+0800][12.378s][info][gc,cpu      ] GC(246) User=0.02s Sys=0.00s Real=0.02s
[2025-07-30T16:37:46.552+0800][12.378s][info][safepoint   ] Safepoint "G1CollectForAllocation", Time since last: 36638400 ns, Reaching safepoint: 2900 ns, Cleanup: 3700 ns, At safepoint: 15528000 ns, Total: 15534600 ns
[2025-07-30T16:37:46.589+0800][12.414s][info][gc,start    ] GC(247) Pause Young (Normal) (G1 Evacuation Pause)
[2025-07-30T16:37:46.589+0800][12.414s][info][gc,task     ] GC(247) Using 1 workers of 1 for evacuation
[2025-07-30T16:37:46.604+0800][12.429s][info][gc,phases   ] GC(247)   Pre Evacuate Collection Set: 0.3ms
[2025-07-30T16:37:46.604+0800][12.429s][info][gc,phases   ] GC(247)   Merge Heap Roots: 0.0ms
[2025-07-30T16:37:46.604+0800][12.429s][info][gc,phases   ] GC(247)   Evacuate Collection Set: 14.0ms
[2025-07-30T16:37:46.604+0800][12.429s][info][gc,phases   ] GC(247)   Post Evacuate Collection Set: 0.6ms
[2025-07-30T16:37:46.604+0800][12.429s][info][gc,phases   ] GC(247)   Other: 0.1ms
[2025-07-30T16:37:46.604+0800][12.429s][info][gc,heap     ] GC(247) Eden regions: 1019->0(1017)
[2025-07-30T16:37:46.604+0800][12.429s][info][gc,heap     ] GC(247) Survivor regions: 145->146(146)
[2025-07-30T16:37:46.604+0800][12.429s][info][gc,heap     ] GC(247) Old regions: 561->561
[2025-07-30T16:37:46.604+0800][12.429s][info][gc,heap     ] GC(247) Humongous regions: 3->3
[2025-07-30T16:37:46.604+0800][12.429s][info][gc,metaspace] GC(247) Metaspace: 7042K(7360K)->7042K(7360K) NonClass: 6319K(6464K)->6319K(6464K) Class: 722K(896K)->722K(896K)
[2025-07-30T16:37:46.604+0800][12.429s][info][gc          ] GC(247) Pause Young (Normal) (G1 Evacuation Pause) 1727M->709M(2048M) 15.184ms
[2025-07-30T16:37:46.604+0800][12.429s][info][gc,cpu      ] GC(247) User=0.02s Sys=0.00s Real=0.02s
[2025-07-30T16:37:46.604+0800][12.429s][info][safepoint   ] Safepoint "G1CollectForAllocation", Time since last: 36632500 ns, Reaching safepoint: 2500 ns, Cleanup: 3000 ns, At safepoint: 15220800 ns, Total: 15226300 ns
[2025-07-30T16:37:46.641+0800][12.466s][info][gc,start    ] GC(248) Pause Young (Normal) (G1 Evacuation Pause)
[2025-07-30T16:37:46.641+0800][12.466s][info][gc,task     ] GC(248) Using 1 workers of 1 for evacuation
[2025-07-30T16:37:46.655+0800][12.481s][info][gc,phases   ] GC(248)   Pre Evacuate Collection Set: 0.3ms
[2025-07-30T16:37:46.655+0800][12.481s][info][gc,phases   ] GC(248)   Merge Heap Roots: 0.1ms
[2025-07-30T16:37:46.655+0800][12.481s][info][gc,phases   ] GC(248)   Evacuate Collection Set: 13.9ms
[2025-07-30T16:37:46.655+0800][12.481s][info][gc,phases   ] GC(248)   Post Evacuate Collection Set: 0.6ms
[2025-07-30T16:37:46.655+0800][12.481s][info][gc,phases   ] GC(248)   Other: 0.1ms
[2025-07-30T16:37:46.655+0800][12.481s][info][gc,heap     ] GC(248) Eden regions: 1017->0(1019)
[2025-07-30T16:37:46.655+0800][12.481s][info][gc,heap     ] GC(248) Survivor regions: 146->145(146)
[2025-07-30T16:37:46.655+0800][12.481s][info][gc,heap     ] GC(248) Old regions: 561->561
[2025-07-30T16:37:46.655+0800][12.481s][info][gc,heap     ] GC(248) Humongous regions: 3->3
[2025-07-30T16:37:46.655+0800][12.481s][info][gc,metaspace] GC(248) Metaspace: 7042K(7360K)->7042K(7360K) NonClass: 6319K(6464K)->6319K(6464K) Class: 722K(896K)->722K(896K)
[2025-07-30T16:37:46.655+0800][12.481s][info][gc          ] GC(248) Pause Young (Normal) (G1 Evacuation Pause) 1726M->708M(2048M) 15.188ms
[2025-07-30T16:37:46.655+0800][12.481s][info][gc,cpu      ] GC(248) User=0.02s Sys=0.00s Real=0.01s
[2025-07-30T16:37:46.655+0800][12.481s][info][safepoint   ] Safepoint "G1CollectForAllocation", Time since last: 36323200 ns, Reaching safepoint: 2300 ns, Cleanup: 2800 ns, At safepoint: 15226800 ns, Total: 15231900 ns
[2025-07-30T16:37:46.693+0800][12.518s][info][gc,start    ] GC(249) Pause Young (Normal) (G1 Evacuation Pause)
[2025-07-30T16:37:46.693+0800][12.518s][info][gc,task     ] GC(249) Using 1 workers of 1 for evacuation
[2025-07-30T16:37:46.708+0800][12.533s][info][gc,phases   ] GC(249)   Pre Evacuate Collection Set: 0.3ms
[2025-07-30T16:37:46.708+0800][12.533s][info][gc,phases   ] GC(249)   Merge Heap Roots: 0.1ms
[2025-07-30T16:37:46.708+0800][12.533s][info][gc,phases   ] GC(249)   Evacuate Collection Set: 14.5ms
[2025-07-30T16:37:46.708+0800][12.533s][info][gc,phases   ] GC(249)   Post Evacuate Collection Set: 0.6ms
[2025-07-30T16:37:46.708+0800][12.533s][info][gc,phases   ] GC(249)   Other: 0.1ms
[2025-07-30T16:37:46.708+0800][12.533s][info][gc,heap     ] GC(249) Eden regions: 1019->0(1017)
[2025-07-30T16:37:46.708+0800][12.533s][info][gc,heap     ] GC(249) Survivor regions: 145->146(146)
[2025-07-30T16:37:46.708+0800][12.533s][info][gc,heap     ] GC(249) Old regions: 561->561
[2025-07-30T16:37:46.708+0800][12.533s][info][gc,heap     ] GC(249) Humongous regions: 3->3
[2025-07-30T16:37:46.708+0800][12.533s][info][gc,metaspace] GC(249) Metaspace: 7042K(7360K)->7042K(7360K) NonClass: 6319K(6464K)->6319K(6464K) Class: 722K(896K)->722K(896K)
[2025-07-30T16:37:46.708+0800][12.533s][info][gc          ] GC(249) Pause Young (Normal) (G1 Evacuation Pause) 1727M->709M(2048M) 15.701ms
[2025-07-30T16:37:46.708+0800][12.533s][info][gc,cpu      ] GC(249) User=0.02s Sys=0.00s Real=0.01s
[2025-07-30T16:37:46.708+0800][12.533s][info][safepoint   ] Safepoint "G1CollectForAllocation", Time since last: 36537800 ns, Reaching safepoint: 2100 ns, Cleanup: 2500 ns, At safepoint: 15737600 ns, Total: 15742200 ns
[2025-07-30T16:37:46.745+0800][12.570s][info][gc,start    ] GC(250) Pause Young (Normal) (G1 Evacuation Pause)
[2025-07-30T16:37:46.745+0800][12.570s][info][gc,task     ] GC(250) Using 1 workers of 1 for evacuation
[2025-07-30T16:37:46.761+0800][12.586s][info][gc,phases   ] GC(250)   Pre Evacuate Collection Set: 0.3ms
[2025-07-30T16:37:46.761+0800][12.586s][info][gc,phases   ] GC(250)   Merge Heap Roots: 0.0ms
[2025-07-30T16:37:46.761+0800][12.586s][info][gc,phases   ] GC(250)   Evacuate Collection Set: 14.5ms
[2025-07-30T16:37:46.761+0800][12.586s][info][gc,phases   ] GC(250)   Post Evacuate Collection Set: 0.6ms
[2025-07-30T16:37:46.761+0800][12.586s][info][gc,phases   ] GC(250)   Other: 0.1ms
[2025-07-30T16:37:46.761+0800][12.586s][info][gc,heap     ] GC(250) Eden regions: 1017->0(1017)
[2025-07-30T16:37:46.761+0800][12.586s][info][gc,heap     ] GC(250) Survivor regions: 146->146(146)
[2025-07-30T16:37:46.761+0800][12.586s][info][gc,heap     ] GC(250) Old regions: 561->561
[2025-07-30T16:37:46.761+0800][12.586s][info][gc,heap     ] GC(250) Humongous regions: 3->3
[2025-07-30T16:37:46.761+0800][12.586s][info][gc,metaspace] GC(250) Metaspace: 7042K(7360K)->7042K(7360K) NonClass: 6319K(6464K)->6319K(6464K) Class: 722K(896K)->722K(896K)
[2025-07-30T16:37:46.761+0800][12.586s][info][gc          ] GC(250) Pause Young (Normal) (G1 Evacuation Pause) 1726M->708M(2048M) 15.700ms
[2025-07-30T16:37:46.761+0800][12.586s][info][gc,cpu      ] GC(250) User=0.02s Sys=0.00s Real=0.02s
[2025-07-30T16:37:46.761+0800][12.586s][info][safepoint   ] Safepoint "G1CollectForAllocation", Time since last: 36976900 ns, Reaching safepoint: 2500 ns, Cleanup: 2800 ns, At safepoint: 15737800 ns, Total: 15743100 ns
[2025-07-30T16:37:46.797+0800][12.622s][info][gc,start    ] GC(251) Pause Young (Normal) (G1 Evacuation Pause)
[2025-07-30T16:37:46.797+0800][12.623s][info][gc,task     ] GC(251) Using 1 workers of 1 for evacuation
[2025-07-30T16:37:46.812+0800][12.637s][info][gc,phases   ] GC(251)   Pre Evacuate Collection Set: 0.3ms
[2025-07-30T16:37:46.812+0800][12.637s][info][gc,phases   ] GC(251)   Merge Heap Roots: 0.0ms
[2025-07-30T16:37:46.812+0800][12.637s][info][gc,phases   ] GC(251)   Evacuate Collection Set: 13.8ms
[2025-07-30T16:37:46.812+0800][12.637s][info][gc,phases   ] GC(251)   Post Evacuate Collection Set: 0.6ms
[2025-07-30T16:37:46.812+0800][12.637s][info][gc,phases   ] GC(251)   Other: 0.1ms
[2025-07-30T16:37:46.812+0800][12.637s][info][gc,heap     ] GC(251) Eden regions: 1017->0(1019)
[2025-07-30T16:37:46.812+0800][12.637s][info][gc,heap     ] GC(251) Survivor regions: 146->145(146)
[2025-07-30T16:37:46.812+0800][12.637s][info][gc,heap     ] GC(251) Old regions: 561->561
[2025-07-30T16:37:46.812+0800][12.637s][info][gc,heap     ] GC(251) Humongous regions: 3->3
[2025-07-30T16:37:46.812+0800][12.637s][info][gc,metaspace] GC(251) Metaspace: 7042K(7360K)->7042K(7360K) NonClass: 6319K(6464K)->6319K(6464K) Class: 722K(896K)->722K(896K)
[2025-07-30T16:37:46.812+0800][12.637s][info][gc          ] GC(251) Pause Young (Normal) (G1 Evacuation Pause) 1725M->707M(2048M) 14.984ms
[2025-07-30T16:37:46.812+0800][12.637s][info][gc,cpu      ] GC(251) User=0.00s Sys=0.00s Real=0.02s
[2025-07-30T16:37:46.812+0800][12.637s][info][safepoint   ] Safepoint "G1CollectForAllocation", Time since last: 36472500 ns, Reaching safepoint: 2200 ns, Cleanup: 2400 ns, At safepoint: 15021800 ns, Total: 15026400 ns
[2025-07-30T16:37:46.849+0800][12.674s][info][gc,start    ] GC(252) Pause Young (Normal) (G1 Evacuation Pause)
[2025-07-30T16:37:46.849+0800][12.674s][info][gc,task     ] GC(252) Using 1 workers of 1 for evacuation
[2025-07-30T16:37:46.863+0800][12.689s][info][gc,phases   ] GC(252)   Pre Evacuate Collection Set: 0.3ms
[2025-07-30T16:37:46.863+0800][12.689s][info][gc,phases   ] GC(252)   Merge Heap Roots: 0.0ms
[2025-07-30T16:37:46.863+0800][12.689s][info][gc,phases   ] GC(252)   Evacuate Collection Set: 13.9ms
[2025-07-30T16:37:46.863+0800][12.689s][info][gc,phases   ] GC(252)   Post Evacuate Collection Set: 0.6ms
[2025-07-30T16:37:46.864+0800][12.689s][info][gc,phases   ] GC(252)   Other: 0.1ms
[2025-07-30T16:37:46.864+0800][12.689s][info][gc,heap     ] GC(252) Eden regions: 1019->0(1018)
[2025-07-30T16:37:46.864+0800][12.689s][info][gc,heap     ] GC(252) Survivor regions: 145->146(146)
[2025-07-30T16:37:46.864+0800][12.689s][info][gc,heap     ] GC(252) Old regions: 561->561
[2025-07-30T16:37:46.864+0800][12.689s][info][gc,heap     ] GC(252) Humongous regions: 3->3
[2025-07-30T16:37:46.864+0800][12.689s][info][gc,metaspace] GC(252) Metaspace: 7042K(7360K)->7042K(7360K) NonClass: 6319K(6464K)->6319K(6464K) Class: 722K(896K)->722K(896K)
[2025-07-30T16:37:46.864+0800][12.689s][info][gc          ] GC(252) Pause Young (Normal) (G1 Evacuation Pause) 1726M->708M(2048M) 15.090ms
[2025-07-30T16:37:46.864+0800][12.689s][info][gc,cpu      ] GC(252) User=0.02s Sys=0.00s Real=0.02s
[2025-07-30T16:37:46.864+0800][12.689s][info][safepoint   ] Safepoint "G1CollectForAllocation", Time since last: 36685000 ns, Reaching safepoint: 1900 ns, Cleanup: 2500 ns, At safepoint: 15126000 ns, Total: 15130400 ns
[2025-07-30T16:37:46.900+0800][12.725s][info][gc,start    ] GC(253) Pause Young (Normal) (G1 Evacuation Pause)
[2025-07-30T16:37:46.900+0800][12.725s][info][gc,task     ] GC(253) Using 1 workers of 1 for evacuation
[2025-07-30T16:37:46.915+0800][12.740s][info][gc,phases   ] GC(253)   Pre Evacuate Collection Set: 0.3ms
[2025-07-30T16:37:46.915+0800][12.740s][info][gc,phases   ] GC(253)   Merge Heap Roots: 0.0ms
[2025-07-30T16:37:46.915+0800][12.740s][info][gc,phases   ] GC(253)   Evacuate Collection Set: 13.9ms
[2025-07-30T16:37:46.915+0800][12.740s][info][gc,phases   ] GC(253)   Post Evacuate Collection Set: 0.6ms
[2025-07-30T16:37:46.915+0800][12.740s][info][gc,phases   ] GC(253)   Other: 0.1ms
[2025-07-30T16:37:46.915+0800][12.740s][info][gc,heap     ] GC(253) Eden regions: 1018->0(1018)
[2025-07-30T16:37:46.915+0800][12.740s][info][gc,heap     ] GC(253) Survivor regions: 146->146(146)
[2025-07-30T16:37:46.915+0800][12.740s][info][gc,heap     ] GC(253) Old regions: 561->561
[2025-07-30T16:37:46.915+0800][12.740s][info][gc,heap     ] GC(253) Humongous regions: 3->3
[2025-07-30T16:37:46.915+0800][12.740s][info][gc,metaspace] GC(253) Metaspace: 7042K(7360K)->7042K(7360K) NonClass: 6319K(6464K)->6319K(6464K) Class: 722K(896K)->722K(896K)
[2025-07-30T16:37:46.915+0800][12.740s][info][gc          ] GC(253) Pause Young (Normal) (G1 Evacuation Pause) 1726M->708M(2048M) 15.028ms
[2025-07-30T16:37:46.915+0800][12.740s][info][gc,cpu      ] GC(253) User=0.02s Sys=0.00s Real=0.01s
[2025-07-30T16:37:46.915+0800][12.740s][info][safepoint   ] Safepoint "G1CollectForAllocation", Time since last: 36112600 ns, Reaching safepoint: 2000 ns, Cleanup: 2400 ns, At safepoint: 15069500 ns, Total: 15073900 ns
[2025-07-30T16:37:46.952+0800][12.777s][info][gc,start    ] GC(254) Pause Young (Normal) (G1 Evacuation Pause)
[2025-07-30T16:37:46.952+0800][12.777s][info][gc,task     ] GC(254) Using 1 workers of 1 for evacuation
[2025-07-30T16:37:46.966+0800][12.792s][info][gc,phases   ] GC(254)   Pre Evacuate Collection Set: 0.3ms
[2025-07-30T16:37:46.966+0800][12.792s][info][gc,phases   ] GC(254)   Merge Heap Roots: 0.1ms
[2025-07-30T16:37:46.966+0800][12.792s][info][gc,phases   ] GC(254)   Evacuate Collection Set: 14.0ms
[2025-07-30T16:37:46.966+0800][12.792s][info][gc,phases   ] GC(254)   Post Evacuate Collection Set: 0.6ms
[2025-07-30T16:37:46.966+0800][12.792s][info][gc,phases   ] GC(254)   Other: 0.1ms
[2025-07-30T16:37:46.966+0800][12.792s][info][gc,heap     ] GC(254) Eden regions: 1018->0(1017)
[2025-07-30T16:37:46.966+0800][12.792s][info][gc,heap     ] GC(254) Survivor regions: 146->146(146)
[2025-07-30T16:37:46.966+0800][12.792s][info][gc,heap     ] GC(254) Old regions: 561->561
[2025-07-30T16:37:46.966+0800][12.792s][info][gc,heap     ] GC(254) Humongous regions: 3->3
[2025-07-30T16:37:46.966+0800][12.792s][info][gc,metaspace] GC(254) Metaspace: 7042K(7360K)->7042K(7360K) NonClass: 6319K(6464K)->6319K(6464K) Class: 722K(896K)->722K(896K)
[2025-07-30T16:37:46.966+0800][12.792s][info][gc          ] GC(254) Pause Young (Normal) (G1 Evacuation Pause) 1726M->709M(2048M) 15.183ms
[2025-07-30T16:37:46.966+0800][12.792s][info][gc,cpu      ] GC(254) User=0.02s Sys=0.00s Real=0.01s
[2025-07-30T16:37:46.966+0800][12.792s][info][safepoint   ] Safepoint "G1CollectForAllocation", Time since last: 36441600 ns, Reaching safepoint: 1900 ns, Cleanup: 2500 ns, At safepoint: 15225100 ns, Total: 15229500 ns
[2025-07-30T16:37:47.003+0800][12.829s][info][gc,start    ] GC(255) Pause Young (Normal) (G1 Evacuation Pause)
[2025-07-30T16:37:47.003+0800][12.829s][info][gc,task     ] GC(255) Using 1 workers of 1 for evacuation
[2025-07-30T16:37:47.019+0800][12.845s][info][gc,phases   ] GC(255)   Pre Evacuate Collection Set: 0.3ms
[2025-07-30T16:37:47.019+0800][12.845s][info][gc,phases   ] GC(255)   Merge Heap Roots: 0.1ms
[2025-07-30T16:37:47.019+0800][12.845s][info][gc,phases   ] GC(255)   Evacuate Collection Set: 15.0ms
[2025-07-30T16:37:47.019+0800][12.845s][info][gc,phases   ] GC(255)   Post Evacuate Collection Set: 0.6ms
[2025-07-30T16:37:47.019+0800][12.845s][info][gc,phases   ] GC(255)   Other: 0.1ms
[2025-07-30T16:37:47.019+0800][12.845s][info][gc,heap     ] GC(255) Eden regions: 1017->0(1019)
[2025-07-30T16:37:47.019+0800][12.845s][info][gc,heap     ] GC(255) Survivor regions: 146->145(146)
[2025-07-30T16:37:47.019+0800][12.845s][info][gc,heap     ] GC(255) Old regions: 561->561
[2025-07-30T16:37:47.019+0800][12.845s][info][gc,heap     ] GC(255) Humongous regions: 3->3
[2025-07-30T16:37:47.019+0800][12.845s][info][gc,metaspace] GC(255) Metaspace: 7042K(7360K)->7042K(7360K) NonClass: 6319K(6464K)->6319K(6464K) Class: 722K(896K)->722K(896K)
[2025-07-30T16:37:47.019+0800][12.845s][info][gc          ] GC(255) Pause Young (Normal) (G1 Evacuation Pause) 1726M->708M(2048M) 16.256ms
[2025-07-30T16:37:47.019+0800][12.845s][info][gc,cpu      ] GC(255) User=0.02s Sys=0.00s Real=0.02s
[2025-07-30T16:37:47.019+0800][12.845s][info][safepoint   ] Safepoint "G1CollectForAllocation", Time since last: 36496400 ns, Reaching safepoint: 2000 ns, Cleanup: 2700 ns, At safepoint: 16292000 ns, Total: 16296700 ns
[2025-07-30T16:37:47.056+0800][12.881s][info][gc,start    ] GC(256) Pause Young (Normal) (G1 Evacuation Pause)
[2025-07-30T16:37:47.056+0800][12.881s][info][gc,task     ] GC(256) Using 1 workers of 1 for evacuation
[2025-07-30T16:37:47.071+0800][12.897s][info][gc,phases   ] GC(256)   Pre Evacuate Collection Set: 0.3ms
[2025-07-30T16:37:47.071+0800][12.897s][info][gc,phases   ] GC(256)   Merge Heap Roots: 0.1ms
[2025-07-30T16:37:47.071+0800][12.897s][info][gc,phases   ] GC(256)   Evacuate Collection Set: 14.4ms
[2025-07-30T16:37:47.071+0800][12.897s][info][gc,phases   ] GC(256)   Post Evacuate Collection Set: 0.6ms
[2025-07-30T16:37:47.071+0800][12.897s][info][gc,phases   ] GC(256)   Other: 0.1ms
[2025-07-30T16:37:47.071+0800][12.897s][info][gc,heap     ] GC(256) Eden regions: 1019->0(1017)
[2025-07-30T16:37:47.071+0800][12.897s][info][gc,heap     ] GC(256) Survivor regions: 145->146(146)
[2025-07-30T16:37:47.071+0800][12.897s][info][gc,heap     ] GC(256) Old regions: 561->561
[2025-07-30T16:37:47.071+0800][12.897s][info][gc,heap     ] GC(256) Humongous regions: 3->3
[2025-07-30T16:37:47.071+0800][12.897s][info][gc,metaspace] GC(256) Metaspace: 7042K(7360K)->7042K(7360K) NonClass: 6319K(6464K)->6319K(6464K) Class: 722K(896K)->722K(896K)
[2025-07-30T16:37:47.071+0800][12.897s][info][gc          ] GC(256) Pause Young (Normal) (G1 Evacuation Pause) 1727M->709M(2048M) 15.716ms
[2025-07-30T16:37:47.071+0800][12.897s][info][gc,cpu      ] GC(256) User=0.02s Sys=0.00s Real=0.02s
[2025-07-30T16:37:47.071+0800][12.897s][info][safepoint   ] Safepoint "G1CollectForAllocation", Time since last: 36319000 ns, Reaching safepoint: 2400 ns, Cleanup: 3000 ns, At safepoint: 15754500 ns, Total: 15759900 ns
[2025-07-30T16:37:47.110+0800][12.935s][info][gc,start    ] GC(257) Pause Young (Normal) (G1 Evacuation Pause)
[2025-07-30T16:37:47.110+0800][12.935s][info][gc,task     ] GC(257) Using 1 workers of 1 for evacuation
[2025-07-30T16:37:47.126+0800][12.951s][info][gc,phases   ] GC(257)   Pre Evacuate Collection Set: 0.4ms
[2025-07-30T16:37:47.126+0800][12.951s][info][gc,phases   ] GC(257)   Merge Heap Roots: 0.1ms
[2025-07-30T16:37:47.126+0800][12.951s][info][gc,phases   ] GC(257)   Evacuate Collection Set: 14.5ms
[2025-07-30T16:37:47.126+0800][12.951s][info][gc,phases   ] GC(257)   Post Evacuate Collection Set: 0.7ms
[2025-07-30T16:37:47.126+0800][12.951s][info][gc,phases   ] GC(257)   Other: 0.1ms
[2025-07-30T16:37:47.126+0800][12.951s][info][gc,heap     ] GC(257) Eden regions: 1017->0(1019)
[2025-07-30T16:37:47.126+0800][12.951s][info][gc,heap     ] GC(257) Survivor regions: 146->145(146)
[2025-07-30T16:37:47.126+0800][12.951s][info][gc,heap     ] GC(257) Old regions: 561->561
[2025-07-30T16:37:47.126+0800][12.951s][info][gc,heap     ] GC(257) Humongous regions: 3->3
[2025-07-30T16:37:47.126+0800][12.951s][info][gc,metaspace] GC(257) Metaspace: 7042K(7360K)->7042K(7360K) NonClass: 6319K(6464K)->6319K(6464K) Class: 722K(896K)->722K(896K)
[2025-07-30T16:37:47.126+0800][12.951s][info][gc          ] GC(257) Pause Young (Normal) (G1 Evacuation Pause) 1726M->708M(2048M) 15.957ms
[2025-07-30T16:37:47.126+0800][12.951s][info][gc,cpu      ] GC(257) User=0.02s Sys=0.03s Real=0.02s
[2025-07-30T16:37:47.126+0800][12.951s][info][safepoint   ] Safepoint "G1CollectForAllocation", Time since last: 38128000 ns, Reaching safepoint: 2400 ns, Cleanup: 3200 ns, At safepoint: 15996800 ns, Total: 16002400 ns
[2025-07-30T16:37:47.163+0800][12.989s][info][gc,start    ] GC(258) Pause Young (Normal) (G1 Evacuation Pause)
[2025-07-30T16:37:47.164+0800][12.989s][info][gc,task     ] GC(258) Using 1 workers of 1 for evacuation
[2025-07-30T16:37:47.179+0800][13.004s][info][gc,phases   ] GC(258)   Pre Evacuate Collection Set: 0.4ms
[2025-07-30T16:37:47.179+0800][13.004s][info][gc,phases   ] GC(258)   Merge Heap Roots: 0.1ms
[2025-07-30T16:37:47.179+0800][13.004s][info][gc,phases   ] GC(258)   Evacuate Collection Set: 13.8ms
[2025-07-30T16:37:47.179+0800][13.004s][info][gc,phases   ] GC(258)   Post Evacuate Collection Set: 0.7ms
[2025-07-30T16:37:47.179+0800][13.004s][info][gc,phases   ] GC(258)   Other: 0.1ms
[2025-07-30T16:37:47.179+0800][13.004s][info][gc,heap     ] GC(258) Eden regions: 1019->0(1017)
[2025-07-30T16:37:47.179+0800][13.004s][info][gc,heap     ] GC(258) Survivor regions: 145->146(146)
[2025-07-30T16:37:47.179+0800][13.004s][info][gc,heap     ] GC(258) Old regions: 561->561
[2025-07-30T16:37:47.179+0800][13.004s][info][gc,heap     ] GC(258) Humongous regions: 3->3
[2025-07-30T16:37:47.179+0800][13.004s][info][gc,metaspace] GC(258) Metaspace: 7051K(7360K)->7051K(7360K) NonClass: 6328K(6464K)->6328K(6464K) Class: 723K(896K)->723K(896K)
[2025-07-30T16:37:47.179+0800][13.004s][info][gc          ] GC(258) Pause Young (Normal) (G1 Evacuation Pause) 1727M->709M(2048M) 15.239ms
[2025-07-30T16:37:47.179+0800][13.004s][info][gc,cpu      ] GC(258) User=0.02s Sys=0.00s Real=0.02s
[2025-07-30T16:37:47.179+0800][13.004s][info][safepoint   ] Safepoint "G1CollectForAllocation", Time since last: 37552800 ns, Reaching safepoint: 3000 ns, Cleanup: 7800 ns, At safepoint: 15287100 ns, Total: 15297900 ns
[2025-07-30T16:37:47.215+0800][13.041s][info][gc,start    ] GC(259) Pause Young (Normal) (G1 Evacuation Pause)
[2025-07-30T16:37:47.216+0800][13.041s][info][gc,task     ] GC(259) Using 1 workers of 1 for evacuation
[2025-07-30T16:37:47.231+0800][13.056s][info][gc,phases   ] GC(259)   Pre Evacuate Collection Set: 0.6ms
[2025-07-30T16:37:47.231+0800][13.056s][info][gc,phases   ] GC(259)   Merge Heap Roots: 0.1ms
[2025-07-30T16:37:47.231+0800][13.056s][info][gc,phases   ] GC(259)   Evacuate Collection Set: 13.9ms
[2025-07-30T16:37:47.231+0800][13.056s][info][gc,phases   ] GC(259)   Post Evacuate Collection Set: 0.7ms
[2025-07-30T16:37:47.231+0800][13.056s][info][gc,phases   ] GC(259)   Other: 0.1ms
[2025-07-30T16:37:47.231+0800][13.056s][info][gc,heap     ] GC(259) Eden regions: 1017->0(1017)
[2025-07-30T16:37:47.231+0800][13.056s][info][gc,heap     ] GC(259) Survivor regions: 146->146(146)
[2025-07-30T16:37:47.231+0800][13.056s][info][gc,heap     ] GC(259) Old regions: 561->561
[2025-07-30T16:37:47.231+0800][13.056s][info][gc,heap     ] GC(259) Humongous regions: 3->3
[2025-07-30T16:37:47.231+0800][13.056s][info][gc,metaspace] GC(259) Metaspace: 7051K(7360K)->7051K(7360K) NonClass: 6328K(6464K)->6328K(6464K) Class: 723K(896K)->723K(896K)
[2025-07-30T16:37:47.231+0800][13.056s][info][gc          ] GC(259) Pause Young (Normal) (G1 Evacuation Pause) 1726M->708M(2048M) 15.619ms
[2025-07-30T16:37:47.231+0800][13.056s][info][gc,cpu      ] GC(259) User=0.02s Sys=0.00s Real=0.02s
[2025-07-30T16:37:47.231+0800][13.056s][info][safepoint   ] Safepoint "G1CollectForAllocation", Time since last: 36754300 ns, Reaching safepoint: 4100 ns, Cleanup: 5500 ns, At safepoint: 15666400 ns, Total: 15676000 ns
[2025-07-30T16:37:47.268+0800][13.094s][info][gc,start    ] GC(260) Pause Young (Normal) (G1 Evacuation Pause)
[2025-07-30T16:37:47.268+0800][13.094s][info][gc,task     ] GC(260) Using 1 workers of 1 for evacuation
[2025-07-30T16:37:47.284+0800][13.110s][info][gc,phases   ] GC(260)   Pre Evacuate Collection Set: 0.5ms
[2025-07-30T16:37:47.284+0800][13.110s][info][gc,phases   ] GC(260)   Merge Heap Roots: 0.1ms
[2025-07-30T16:37:47.284+0800][13.110s][info][gc,phases   ] GC(260)   Evacuate Collection Set: 14.6ms
[2025-07-30T16:37:47.284+0800][13.110s][info][gc,phases   ] GC(260)   Post Evacuate Collection Set: 0.7ms
[2025-07-30T16:37:47.284+0800][13.110s][info][gc,phases   ] GC(260)   Other: 0.1ms
[2025-07-30T16:37:47.284+0800][13.110s][info][gc,heap     ] GC(260) Eden regions: 1017->0(1019)
[2025-07-30T16:37:47.284+0800][13.110s][info][gc,heap     ] GC(260) Survivor regions: 146->145(146)
[2025-07-30T16:37:47.284+0800][13.110s][info][gc,heap     ] GC(260) Old regions: 561->561
[2025-07-30T16:37:47.284+0800][13.110s][info][gc,heap     ] GC(260) Humongous regions: 3->3
[2025-07-30T16:37:47.284+0800][13.110s][info][gc,metaspace] GC(260) Metaspace: 7051K(7360K)->7051K(7360K) NonClass: 6328K(6464K)->6328K(6464K) Class: 723K(896K)->723K(896K)
[2025-07-30T16:37:47.284+0800][13.110s][info][gc          ] GC(260) Pause Young (Normal) (G1 Evacuation Pause) 1725M->707M(2048M) 16.061ms
[2025-07-30T16:37:47.284+0800][13.110s][info][gc,cpu      ] GC(260) User=0.02s Sys=0.00s Real=0.02s
[2025-07-30T16:37:47.284+0800][13.110s][info][safepoint   ] Safepoint "G1CollectForAllocation", Time since last: 37119300 ns, Reaching safepoint: 4100 ns, Cleanup: 4700 ns, At safepoint: 16105600 ns, Total: 16114400 ns
[2025-07-30T16:37:47.321+0800][13.146s][info][gc,start    ] GC(261) Pause Young (Normal) (G1 Evacuation Pause)
[2025-07-30T16:37:47.321+0800][13.146s][info][gc,task     ] GC(261) Using 1 workers of 1 for evacuation
[2025-07-30T16:37:47.337+0800][13.162s][info][gc,phases   ] GC(261)   Pre Evacuate Collection Set: 0.4ms
[2025-07-30T16:37:47.337+0800][13.162s][info][gc,phases   ] GC(261)   Merge Heap Roots: 0.1ms
[2025-07-30T16:37:47.337+0800][13.162s][info][gc,phases   ] GC(261)   Evacuate Collection Set: 14.3ms
[2025-07-30T16:37:47.337+0800][13.162s][info][gc,phases   ] GC(261)   Post Evacuate Collection Set: 0.6ms
[2025-07-30T16:37:47.337+0800][13.162s][info][gc,phases   ] GC(261)   Other: 0.1ms
[2025-07-30T16:37:47.337+0800][13.162s][info][gc,heap     ] GC(261) Eden regions: 1019->0(1018)
[2025-07-30T16:37:47.337+0800][13.162s][info][gc,heap     ] GC(261) Survivor regions: 145->146(146)
[2025-07-30T16:37:47.337+0800][13.162s][info][gc,heap     ] GC(261) Old regions: 561->561
[2025-07-30T16:37:47.337+0800][13.162s][info][gc,heap     ] GC(261) Humongous regions: 3->3
[2025-07-30T16:37:47.337+0800][13.162s][info][gc,metaspace] GC(261) Metaspace: 7051K(7360K)->7051K(7360K) NonClass: 6328K(6464K)->6328K(6464K) Class: 723K(896K)->723K(896K)
[2025-07-30T16:37:47.337+0800][13.162s][info][gc          ] GC(261) Pause Young (Normal) (G1 Evacuation Pause) 1726M->708M(2048M) 15.804ms
[2025-07-30T16:37:47.337+0800][13.162s][info][gc,cpu      ] GC(261) User=0.02s Sys=0.00s Real=0.02s
[2025-07-30T16:37:47.337+0800][13.162s][info][safepoint   ] Safepoint "G1CollectForAllocation", Time since last: 36565800 ns, Reaching safepoint: 3000 ns, Cleanup: 4800 ns, At safepoint: 15849400 ns, Total: 15857200 ns
[2025-07-30T16:37:47.375+0800][13.200s][info][gc,start    ] GC(262) Pause Young (Normal) (G1 Evacuation Pause)
[2025-07-30T16:37:47.375+0800][13.200s][info][gc,task     ] GC(262) Using 1 workers of 1 for evacuation
[2025-07-30T16:37:47.389+0800][13.215s][info][gc,phases   ] GC(262)   Pre Evacuate Collection Set: 0.3ms
[2025-07-30T16:37:47.389+0800][13.215s][info][gc,phases   ] GC(262)   Merge Heap Roots: 0.0ms
[2025-07-30T16:37:47.389+0800][13.215s][info][gc,phases   ] GC(262)   Evacuate Collection Set: 14.1ms
[2025-07-30T16:37:47.389+0800][13.215s][info][gc,phases   ] GC(262)   Post Evacuate Collection Set: 0.6ms
[2025-07-30T16:37:47.389+0800][13.215s][info][gc,phases   ] GC(262)   Other: 0.1ms
[2025-07-30T16:37:47.389+0800][13.215s][info][gc,heap     ] GC(262) Eden regions: 1018->0(1018)
[2025-07-30T16:37:47.389+0800][13.215s][info][gc,heap     ] GC(262) Survivor regions: 146->146(146)
[2025-07-30T16:37:47.389+0800][13.215s][info][gc,heap     ] GC(262) Old regions: 561->561
[2025-07-30T16:37:47.389+0800][13.215s][info][gc,heap     ] GC(262) Humongous regions: 3->3
[2025-07-30T16:37:47.389+0800][13.215s][info][gc,metaspace] GC(262) Metaspace: 7051K(7360K)->7051K(7360K) NonClass: 6328K(6464K)->6328K(6464K) Class: 723K(896K)->723K(896K)
[2025-07-30T16:37:47.389+0800][13.215s][info][gc          ] GC(262) Pause Young (Normal) (G1 Evacuation Pause) 1726M->708M(2048M) 15.296ms
[2025-07-30T16:37:47.389+0800][13.215s][info][gc,cpu      ] GC(262) User=0.02s Sys=0.00s Real=0.01s
[2025-07-30T16:37:47.389+0800][13.215s][info][safepoint   ] Safepoint "G1CollectForAllocation", Time since last: 37798800 ns, Reaching safepoint: 2500 ns, Cleanup: 3100 ns, At safepoint: 15335000 ns, Total: 15340600 ns
[2025-07-30T16:37:47.426+0800][13.252s][info][gc,start    ] GC(263) Pause Young (Normal) (G1 Evacuation Pause)
[2025-07-30T16:37:47.426+0800][13.252s][info][gc,task     ] GC(263) Using 1 workers of 1 for evacuation
[2025-07-30T16:37:47.442+0800][13.267s][info][gc,phases   ] GC(263)   Pre Evacuate Collection Set: 0.3ms
[2025-07-30T16:37:47.442+0800][13.267s][info][gc,phases   ] GC(263)   Merge Heap Roots: 0.1ms
[2025-07-30T16:37:47.442+0800][13.267s][info][gc,phases   ] GC(263)   Evacuate Collection Set: 14.0ms
[2025-07-30T16:37:47.442+0800][13.267s][info][gc,phases   ] GC(263)   Post Evacuate Collection Set: 0.6ms
[2025-07-30T16:37:47.442+0800][13.267s][info][gc,phases   ] GC(263)   Other: 0.1ms
[2025-07-30T16:37:47.442+0800][13.267s][info][gc,heap     ] GC(263) Eden regions: 1018->0(1018)
[2025-07-30T16:37:47.442+0800][13.267s][info][gc,heap     ] GC(263) Survivor regions: 146->146(146)
[2025-07-30T16:37:47.442+0800][13.267s][info][gc,heap     ] GC(263) Old regions: 561->561
[2025-07-30T16:37:47.442+0800][13.267s][info][gc,heap     ] GC(263) Humongous regions: 3->3
[2025-07-30T16:37:47.442+0800][13.267s][info][gc,metaspace] GC(263) Metaspace: 7051K(7360K)->7051K(7360K) NonClass: 6328K(6464K)->6328K(6464K) Class: 723K(896K)->723K(896K)
[2025-07-30T16:37:47.442+0800][13.267s][info][gc          ] GC(263) Pause Young (Normal) (G1 Evacuation Pause) 1726M->708M(2048M) 15.280ms
[2025-07-30T16:37:47.442+0800][13.267s][info][gc,cpu      ] GC(263) User=0.02s Sys=0.00s Real=0.02s
[2025-07-30T16:37:47.442+0800][13.267s][info][safepoint   ] Safepoint "G1CollectForAllocation", Time since last: 36408200 ns, Reaching safepoint: 3000 ns, Cleanup: 3500 ns, At safepoint: 15319500 ns, Total: 15326000 ns
[2025-07-30T16:37:47.478+0800][13.303s][info][gc,start    ] GC(264) Pause Young (Normal) (G1 Evacuation Pause)
[2025-07-30T16:37:47.478+0800][13.303s][info][gc,task     ] GC(264) Using 1 workers of 1 for evacuation
[2025-07-30T16:37:47.492+0800][13.318s][info][gc,phases   ] GC(264)   Pre Evacuate Collection Set: 0.3ms
[2025-07-30T16:37:47.492+0800][13.318s][info][gc,phases   ] GC(264)   Merge Heap Roots: 0.0ms
[2025-07-30T16:37:47.492+0800][13.318s][info][gc,phases   ] GC(264)   Evacuate Collection Set: 13.7ms
[2025-07-30T16:37:47.492+0800][13.318s][info][gc,phases   ] GC(264)   Post Evacuate Collection Set: 0.6ms
[2025-07-30T16:37:47.492+0800][13.318s][info][gc,phases   ] GC(264)   Other: 0.1ms
[2025-07-30T16:37:47.492+0800][13.318s][info][gc,heap     ] GC(264) Eden regions: 1018->0(1017)
[2025-07-30T16:37:47.492+0800][13.318s][info][gc,heap     ] GC(264) Survivor regions: 146->146(146)
[2025-07-30T16:37:47.492+0800][13.318s][info][gc,heap     ] GC(264) Old regions: 561->561
[2025-07-30T16:37:47.492+0800][13.318s][info][gc,heap     ] GC(264) Humongous regions: 3->3
[2025-07-30T16:37:47.492+0800][13.318s][info][gc,metaspace] GC(264) Metaspace: 7051K(7360K)->7051K(7360K) NonClass: 6328K(6464K)->6328K(6464K) Class: 723K(896K)->723K(896K)
[2025-07-30T16:37:47.492+0800][13.318s][info][gc          ] GC(264) Pause Young (Normal) (G1 Evacuation Pause) 1726M->709M(2048M) 14.877ms
[2025-07-30T16:37:47.493+0800][13.318s][info][gc,cpu      ] GC(264) User=0.02s Sys=0.00s Real=0.02s
[2025-07-30T16:37:47.493+0800][13.318s][info][safepoint   ] Safepoint "G1CollectForAllocation", Time since last: 35961300 ns, Reaching safepoint: 2300 ns, Cleanup: 2800 ns, At safepoint: 14918300 ns, Total: 14923400 ns
[2025-07-30T16:37:47.529+0800][13.355s][info][gc,start    ] GC(265) Pause Young (Normal) (G1 Evacuation Pause)
[2025-07-30T16:37:47.529+0800][13.355s][info][gc,task     ] GC(265) Using 1 workers of 1 for evacuation
[2025-07-30T16:37:47.544+0800][13.370s][info][gc,phases   ] GC(265)   Pre Evacuate Collection Set: 0.3ms
[2025-07-30T16:37:47.545+0800][13.370s][info][gc,phases   ] GC(265)   Merge Heap Roots: 0.1ms
[2025-07-30T16:37:47.545+0800][13.370s][info][gc,phases   ] GC(265)   Evacuate Collection Set: 14.0ms
[2025-07-30T16:37:47.545+0800][13.370s][info][gc,phases   ] GC(265)   Post Evacuate Collection Set: 0.6ms
[2025-07-30T16:37:47.545+0800][13.370s][info][gc,phases   ] GC(265)   Other: 0.1ms
[2025-07-30T16:37:47.545+0800][13.370s][info][gc,heap     ] GC(265) Eden regions: 1017->0(1019)
[2025-07-30T16:37:47.545+0800][13.370s][info][gc,heap     ] GC(265) Survivor regions: 146->145(146)
[2025-07-30T16:37:47.545+0800][13.370s][info][gc,heap     ] GC(265) Old regions: 561->561
[2025-07-30T16:37:47.545+0800][13.370s][info][gc,heap     ] GC(265) Humongous regions: 3->3
[2025-07-30T16:37:47.545+0800][13.370s][info][gc,metaspace] GC(265) Metaspace: 7051K(7360K)->7051K(7360K) NonClass: 6328K(6464K)->6328K(6464K) Class: 723K(896K)->723K(896K)
[2025-07-30T16:37:47.545+0800][13.370s][info][gc          ] GC(265) Pause Young (Normal) (G1 Evacuation Pause) 1726M->708M(2048M) 15.182ms
[2025-07-30T16:37:47.545+0800][13.370s][info][gc,cpu      ] GC(265) User=0.02s Sys=0.00s Real=0.02s
[2025-07-30T16:37:47.545+0800][13.370s][info][safepoint   ] Safepoint "G1CollectForAllocation", Time since last: 37049100 ns, Reaching safepoint: 2600 ns, Cleanup: 2700 ns, At safepoint: 15227600 ns, Total: 15232900 ns
[2025-07-30T16:37:47.581+0800][13.406s][info][gc,start    ] GC(266) Pause Young (Normal) (G1 Evacuation Pause)
[2025-07-30T16:37:47.581+0800][13.407s][info][gc,task     ] GC(266) Using 1 workers of 1 for evacuation
[2025-07-30T16:37:47.596+0800][13.421s][info][gc,phases   ] GC(266)   Pre Evacuate Collection Set: 0.3ms
[2025-07-30T16:37:47.596+0800][13.421s][info][gc,phases   ] GC(266)   Merge Heap Roots: 0.1ms
[2025-07-30T16:37:47.596+0800][13.421s][info][gc,phases   ] GC(266)   Evacuate Collection Set: 13.9ms
[2025-07-30T16:37:47.596+0800][13.421s][info][gc,phases   ] GC(266)   Post Evacuate Collection Set: 0.5ms
[2025-07-30T16:37:47.596+0800][13.421s][info][gc,phases   ] GC(266)   Other: 0.1ms
[2025-07-30T16:37:47.596+0800][13.421s][info][gc,heap     ] GC(266) Eden regions: 1019->0(1017)
[2025-07-30T16:37:47.596+0800][13.421s][info][gc,heap     ] GC(266) Survivor regions: 145->146(146)
[2025-07-30T16:37:47.596+0800][13.421s][info][gc,heap     ] GC(266) Old regions: 561->561
[2025-07-30T16:37:47.596+0800][13.421s][info][gc,heap     ] GC(266) Humongous regions: 3->3
[2025-07-30T16:37:47.596+0800][13.421s][info][gc,metaspace] GC(266) Metaspace: 7051K(7360K)->7051K(7360K) NonClass: 6328K(6464K)->6328K(6464K) Class: 723K(896K)->723K(896K)
[2025-07-30T16:37:47.596+0800][13.421s][info][gc          ] GC(266) Pause Young (Normal) (G1 Evacuation Pause) 1727M->709M(2048M) 15.020ms
[2025-07-30T16:37:47.596+0800][13.422s][info][gc,cpu      ] GC(266) User=0.02s Sys=0.00s Real=0.01s
[2025-07-30T16:37:47.597+0800][13.422s][info][safepoint   ] Safepoint "G1CollectForAllocation", Time since last: 36329600 ns, Reaching safepoint: 1900 ns, Cleanup: 2700 ns, At safepoint: 15056100 ns, Total: 15060700 ns
[2025-07-30T16:37:47.632+0800][13.458s][info][gc,start    ] GC(267) Pause Young (Normal) (G1 Evacuation Pause)
[2025-07-30T16:37:47.632+0800][13.458s][info][gc,task     ] GC(267) Using 1 workers of 1 for evacuation
[2025-07-30T16:37:47.648+0800][13.473s][info][gc,phases   ] GC(267)   Pre Evacuate Collection Set: 0.3ms
[2025-07-30T16:37:47.648+0800][13.473s][info][gc,phases   ] GC(267)   Merge Heap Roots: 0.1ms
[2025-07-30T16:37:47.648+0800][13.473s][info][gc,phases   ] GC(267)   Evacuate Collection Set: 14.4ms
[2025-07-30T16:37:47.648+0800][13.473s][info][gc,phases   ] GC(267)   Post Evacuate Collection Set: 0.6ms
[2025-07-30T16:37:47.648+0800][13.473s][info][gc,phases   ] GC(267)   Other: 0.1ms
[2025-07-30T16:37:47.648+0800][13.473s][info][gc,heap     ] GC(267) Eden regions: 1017->0(1019)
[2025-07-30T16:37:47.648+0800][13.473s][info][gc,heap     ] GC(267) Survivor regions: 146->145(146)
[2025-07-30T16:37:47.648+0800][13.473s][info][gc,heap     ] GC(267) Old regions: 561->561
[2025-07-30T16:37:47.648+0800][13.473s][info][gc,heap     ] GC(267) Humongous regions: 3->3
[2025-07-30T16:37:47.648+0800][13.473s][info][gc,metaspace] GC(267) Metaspace: 7051K(7360K)->7051K(7360K) NonClass: 6328K(6464K)->6328K(6464K) Class: 723K(896K)->723K(896K)
[2025-07-30T16:37:47.648+0800][13.473s][info][gc          ] GC(267) Pause Young (Normal) (G1 Evacuation Pause) 1726M->708M(2048M) 15.601ms
[2025-07-30T16:37:47.648+0800][13.473s][info][gc,cpu      ] GC(267) User=0.02s Sys=0.00s Real=0.02s
[2025-07-30T16:37:47.648+0800][13.473s][info][safepoint   ] Safepoint "G1CollectForAllocation", Time since last: 35976000 ns, Reaching safepoint: 1900 ns, Cleanup: 2800 ns, At safepoint: 15637300 ns, Total: 15642000 ns
[2025-07-30T16:37:47.684+0800][13.510s][info][gc,start    ] GC(268) Pause Young (Normal) (G1 Evacuation Pause)
[2025-07-30T16:37:47.684+0800][13.510s][info][gc,task     ] GC(268) Using 1 workers of 1 for evacuation
[2025-07-30T16:37:47.700+0800][13.525s][info][gc,phases   ] GC(268)   Pre Evacuate Collection Set: 0.4ms
[2025-07-30T16:37:47.700+0800][13.526s][info][gc,phases   ] GC(268)   Merge Heap Roots: 0.1ms
[2025-07-30T16:37:47.700+0800][13.526s][info][gc,phases   ] GC(268)   Evacuate Collection Set: 14.2ms
[2025-07-30T16:37:47.700+0800][13.526s][info][gc,phases   ] GC(268)   Post Evacuate Collection Set: 0.7ms
[2025-07-30T16:37:47.700+0800][13.526s][info][gc,phases   ] GC(268)   Other: 0.1ms
[2025-07-30T16:37:47.700+0800][13.526s][info][gc,heap     ] GC(268) Eden regions: 1019->0(1017)
[2025-07-30T16:37:47.700+0800][13.526s][info][gc,heap     ] GC(268) Survivor regions: 145->146(146)
[2025-07-30T16:37:47.700+0800][13.526s][info][gc,heap     ] GC(268) Old regions: 561->561
[2025-07-30T16:37:47.700+0800][13.526s][info][gc,heap     ] GC(268) Humongous regions: 3->3
[2025-07-30T16:37:47.700+0800][13.526s][info][gc,metaspace] GC(268) Metaspace: 7051K(7360K)->7051K(7360K) NonClass: 6328K(6464K)->6328K(6464K) Class: 723K(896K)->723K(896K)
[2025-07-30T16:37:47.700+0800][13.526s][info][gc          ] GC(268) Pause Young (Normal) (G1 Evacuation Pause) 1727M->709M(2048M) 15.637ms
[2025-07-30T16:37:47.700+0800][13.526s][info][gc,cpu      ] GC(268) User=0.02s Sys=0.00s Real=0.02s
[2025-07-30T16:37:47.700+0800][13.526s][info][safepoint   ] Safepoint "G1CollectForAllocation", Time since last: 36823300 ns, Reaching safepoint: 3100 ns, Cleanup: 3500 ns, At safepoint: 15678500 ns, Total: 15685100 ns
[2025-07-30T16:37:47.737+0800][13.563s][info][gc,start    ] GC(269) Pause Young (Normal) (G1 Evacuation Pause)
[2025-07-30T16:37:47.737+0800][13.563s][info][gc,task     ] GC(269) Using 1 workers of 1 for evacuation
[2025-07-30T16:37:47.753+0800][13.579s][info][gc,phases   ] GC(269)   Pre Evacuate Collection Set: 0.4ms
[2025-07-30T16:37:47.753+0800][13.579s][info][gc,phases   ] GC(269)   Merge Heap Roots: 0.1ms
[2025-07-30T16:37:47.753+0800][13.579s][info][gc,phases   ] GC(269)   Evacuate Collection Set: 14.5ms
[2025-07-30T16:37:47.753+0800][13.579s][info][gc,phases   ] GC(269)   Post Evacuate Collection Set: 0.7ms
[2025-07-30T16:37:47.753+0800][13.579s][info][gc,phases   ] GC(269)   Other: 0.1ms
[2025-07-30T16:37:47.753+0800][13.579s][info][gc,heap     ] GC(269) Eden regions: 1017->0(1017)
[2025-07-30T16:37:47.753+0800][13.579s][info][gc,heap     ] GC(269) Survivor regions: 146->146(146)
[2025-07-30T16:37:47.753+0800][13.579s][info][gc,heap     ] GC(269) Old regions: 561->561
[2025-07-30T16:37:47.753+0800][13.579s][info][gc,heap     ] GC(269) Humongous regions: 3->3
[2025-07-30T16:37:47.753+0800][13.579s][info][gc,metaspace] GC(269) Metaspace: 7051K(7360K)->7051K(7360K) NonClass: 6328K(6464K)->6328K(6464K) Class: 723K(896K)->723K(896K)
[2025-07-30T16:37:47.753+0800][13.579s][info][gc          ] GC(269) Pause Young (Normal) (G1 Evacuation Pause) 1726M->708M(2048M) 15.977ms
[2025-07-30T16:37:47.753+0800][13.579s][info][gc,cpu      ] GC(269) User=0.00s Sys=0.02s Real=0.02s
[2025-07-30T16:37:47.753+0800][13.579s][info][safepoint   ] Safepoint "G1CollectForAllocation", Time since last: 37072100 ns, Reaching safepoint: 3600 ns, Cleanup: 3500 ns, At safepoint: 16022300 ns, Total: 16029400 ns
[2025-07-30T16:37:47.793+0800][13.619s][info][gc,start    ] GC(270) Pause Young (Normal) (G1 Evacuation Pause)
[2025-07-30T16:37:47.793+0800][13.619s][info][gc,task     ] GC(270) Using 1 workers of 1 for evacuation
[2025-07-30T16:37:47.809+0800][13.635s][info][gc,phases   ] GC(270)   Pre Evacuate Collection Set: 0.5ms
[2025-07-30T16:37:47.809+0800][13.635s][info][gc,phases   ] GC(270)   Merge Heap Roots: 0.1ms
[2025-07-30T16:37:47.809+0800][13.635s][info][gc,phases   ] GC(270)   Evacuate Collection Set: 14.7ms
[2025-07-30T16:37:47.809+0800][13.635s][info][gc,phases   ] GC(270)   Post Evacuate Collection Set: 0.7ms
[2025-07-30T16:37:47.809+0800][13.635s][info][gc,phases   ] GC(270)   Other: 0.1ms
[2025-07-30T16:37:47.809+0800][13.635s][info][gc,heap     ] GC(270) Eden regions: 1017->0(1019)
[2025-07-30T16:37:47.809+0800][13.635s][info][gc,heap     ] GC(270) Survivor regions: 146->145(146)
[2025-07-30T16:37:47.809+0800][13.635s][info][gc,heap     ] GC(270) Old regions: 561->561
[2025-07-30T16:37:47.809+0800][13.635s][info][gc,heap     ] GC(270) Humongous regions: 3->3
[2025-07-30T16:37:47.809+0800][13.635s][info][gc,metaspace] GC(270) Metaspace: 7051K(7360K)->7051K(7360K) NonClass: 6328K(6464K)->6328K(6464K) Class: 723K(896K)->723K(896K)
[2025-07-30T16:37:47.809+0800][13.635s][info][gc          ] GC(270) Pause Young (Normal) (G1 Evacuation Pause) 1725M->707M(2048M) 16.260ms
[2025-07-30T16:37:47.809+0800][13.635s][info][gc,cpu      ] GC(270) User=0.02s Sys=0.00s Real=0.02s
[2025-07-30T16:37:47.809+0800][13.635s][info][safepoint   ] Safepoint "G1CollectForAllocation", Time since last: 39914500 ns, Reaching safepoint: 4000 ns, Cleanup: 4300 ns, At safepoint: 16305100 ns, Total: 16313400 ns
[2025-07-30T16:37:47.846+0800][13.672s][info][gc,start    ] GC(271) Pause Young (Normal) (G1 Evacuation Pause)
[2025-07-30T16:37:47.846+0800][13.672s][info][gc,task     ] GC(271) Using 1 workers of 1 for evacuation
[2025-07-30T16:37:47.863+0800][13.689s][info][gc,phases   ] GC(271)   Pre Evacuate Collection Set: 0.5ms
[2025-07-30T16:37:47.863+0800][13.689s][info][gc,phases   ] GC(271)   Merge Heap Roots: 0.1ms
[2025-07-30T16:37:47.863+0800][13.689s][info][gc,phases   ] GC(271)   Evacuate Collection Set: 15.3ms
[2025-07-30T16:37:47.863+0800][13.689s][info][gc,phases   ] GC(271)   Post Evacuate Collection Set: 1.0ms
[2025-07-30T16:37:47.863+0800][13.689s][info][gc,phases   ] GC(271)   Other: 0.1ms
[2025-07-30T16:37:47.863+0800][13.689s][info][gc,heap     ] GC(271) Eden regions: 1019->0(1018)
[2025-07-30T16:37:47.863+0800][13.689s][info][gc,heap     ] GC(271) Survivor regions: 145->146(146)
[2025-07-30T16:37:47.863+0800][13.689s][info][gc,heap     ] GC(271) Old regions: 561->561
[2025-07-30T16:37:47.863+0800][13.689s][info][gc,heap     ] GC(271) Humongous regions: 3->3
[2025-07-30T16:37:47.863+0800][13.689s][info][gc,metaspace] GC(271) Metaspace: 7051K(7360K)->7051K(7360K) NonClass: 6328K(6464K)->6328K(6464K) Class: 723K(896K)->723K(896K)
[2025-07-30T16:37:47.864+0800][13.689s][info][gc          ] GC(271) Pause Young (Normal) (G1 Evacuation Pause) 1726M->708M(2048M) 17.102ms
[2025-07-30T16:37:47.864+0800][13.689s][info][gc,cpu      ] GC(271) User=0.02s Sys=0.00s Real=0.02s
[2025-07-30T16:37:47.864+0800][13.689s][info][safepoint   ] Safepoint "G1CollectForAllocation", Time since last: 37290700 ns, Reaching safepoint: 4000 ns, Cleanup: 5100 ns, At safepoint: 17152300 ns, Total: 17161400 ns
[2025-07-30T16:37:47.903+0800][13.728s][info][gc,start    ] GC(272) Pause Young (Normal) (G1 Evacuation Pause)
[2025-07-30T16:37:47.903+0800][13.728s][info][gc,task     ] GC(272) Using 1 workers of 1 for evacuation
[2025-07-30T16:37:47.919+0800][13.744s][info][gc,phases   ] GC(272)   Pre Evacuate Collection Set: 0.4ms
[2025-07-30T16:37:47.919+0800][13.744s][info][gc,phases   ] GC(272)   Merge Heap Roots: 0.1ms
[2025-07-30T16:37:47.919+0800][13.744s][info][gc,phases   ] GC(272)   Evacuate Collection Set: 14.4ms
[2025-07-30T16:37:47.919+0800][13.744s][info][gc,phases   ] GC(272)   Post Evacuate Collection Set: 0.8ms
[2025-07-30T16:37:47.919+0800][13.744s][info][gc,phases   ] GC(272)   Other: 0.1ms
[2025-07-30T16:37:47.919+0800][13.744s][info][gc,heap     ] GC(272) Eden regions: 1018->0(1018)
[2025-07-30T16:37:47.919+0800][13.744s][info][gc,heap     ] GC(272) Survivor regions: 146->146(146)
[2025-07-30T16:37:47.919+0800][13.744s][info][gc,heap     ] GC(272) Old regions: 561->561
[2025-07-30T16:37:47.919+0800][13.744s][info][gc,heap     ] GC(272) Humongous regions: 3->3
[2025-07-30T16:37:47.919+0800][13.744s][info][gc,metaspace] GC(272) Metaspace: 7051K(7360K)->7051K(7360K) NonClass: 6328K(6464K)->6328K(6464K) Class: 723K(896K)->723K(896K)
[2025-07-30T16:37:47.919+0800][13.744s][info][gc          ] GC(272) Pause Young (Normal) (G1 Evacuation Pause) 1726M->708M(2048M) 15.961ms
[2025-07-30T16:37:47.919+0800][13.744s][info][gc,cpu      ] GC(272) User=0.02s Sys=0.00s Real=0.02s
[2025-07-30T16:37:47.919+0800][13.744s][info][safepoint   ] Safepoint "G1CollectForAllocation", Time since last: 38680400 ns, Reaching safepoint: 3700 ns, Cleanup: 4900 ns, At safepoint: 16007300 ns, Total: 16015900 ns
[2025-07-30T16:37:47.956+0800][13.782s][info][gc,start    ] GC(273) Pause Young (Normal) (G1 Evacuation Pause)
[2025-07-30T16:37:47.956+0800][13.782s][info][gc,task     ] GC(273) Using 1 workers of 1 for evacuation
[2025-07-30T16:37:47.973+0800][13.798s][info][gc,phases   ] GC(273)   Pre Evacuate Collection Set: 0.4ms
[2025-07-30T16:37:47.973+0800][13.798s][info][gc,phases   ] GC(273)   Merge Heap Roots: 0.1ms
[2025-07-30T16:37:47.973+0800][13.798s][info][gc,phases   ] GC(273)   Evacuate Collection Set: 14.7ms
[2025-07-30T16:37:47.973+0800][13.798s][info][gc,phases   ] GC(273)   Post Evacuate Collection Set: 0.6ms
[2025-07-30T16:37:47.973+0800][13.798s][info][gc,phases   ] GC(273)   Other: 0.1ms
[2025-07-30T16:37:47.973+0800][13.798s][info][gc,heap     ] GC(273) Eden regions: 1018->0(1017)
[2025-07-30T16:37:47.973+0800][13.798s][info][gc,heap     ] GC(273) Survivor regions: 146->146(146)
[2025-07-30T16:37:47.973+0800][13.798s][info][gc,heap     ] GC(273) Old regions: 561->561
[2025-07-30T16:37:47.973+0800][13.798s][info][gc,heap     ] GC(273) Humongous regions: 3->3
[2025-07-30T16:37:47.973+0800][13.798s][info][gc,metaspace] GC(273) Metaspace: 7051K(7360K)->7051K(7360K) NonClass: 6328K(6464K)->6328K(6464K) Class: 723K(896K)->723K(896K)
[2025-07-30T16:37:47.973+0800][13.798s][info][gc          ] GC(273) Pause Young (Normal) (G1 Evacuation Pause) 1726M->709M(2048M) 16.142ms
[2025-07-30T16:37:47.973+0800][13.798s][info][gc,cpu      ] GC(273) User=0.02s Sys=0.00s Real=0.02s
[2025-07-30T16:37:47.973+0800][13.798s][info][safepoint   ] Safepoint "G1CollectForAllocation", Time since last: 37712600 ns, Reaching safepoint: 3100 ns, Cleanup: 3000 ns, At safepoint: 16182900 ns, Total: 16189000 ns
[2025-07-30T16:37:48.010+0800][13.835s][info][gc,start    ] GC(274) Pause Young (Normal) (G1 Evacuation Pause)
[2025-07-30T16:37:48.010+0800][13.835s][info][gc,task     ] GC(274) Using 1 workers of 1 for evacuation
[2025-07-30T16:37:48.025+0800][13.851s][info][gc,phases   ] GC(274)   Pre Evacuate Collection Set: 0.3ms
[2025-07-30T16:37:48.025+0800][13.851s][info][gc,phases   ] GC(274)   Merge Heap Roots: 0.1ms
[2025-07-30T16:37:48.025+0800][13.851s][info][gc,phases   ] GC(274)   Evacuate Collection Set: 14.0ms
[2025-07-30T16:37:48.025+0800][13.851s][info][gc,phases   ] GC(274)   Post Evacuate Collection Set: 0.6ms
[2025-07-30T16:37:48.025+0800][13.851s][info][gc,phases   ] GC(274)   Other: 0.1ms
[2025-07-30T16:37:48.025+0800][13.851s][info][gc,heap     ] GC(274) Eden regions: 1017->0(1019)
[2025-07-30T16:37:48.025+0800][13.851s][info][gc,heap     ] GC(274) Survivor regions: 146->145(146)
[2025-07-30T16:37:48.025+0800][13.851s][info][gc,heap     ] GC(274) Old regions: 561->561
[2025-07-30T16:37:48.025+0800][13.851s][info][gc,heap     ] GC(274) Humongous regions: 3->3
[2025-07-30T16:37:48.025+0800][13.851s][info][gc,metaspace] GC(274) Metaspace: 7051K(7360K)->7051K(7360K) NonClass: 6328K(6464K)->6328K(6464K) Class: 723K(896K)->723K(896K)
[2025-07-30T16:37:48.025+0800][13.851s][info][gc          ] GC(274) Pause Young (Normal) (G1 Evacuation Pause) 1726M->708M(2048M) 15.237ms
[2025-07-30T16:37:48.025+0800][13.851s][info][gc,cpu      ] GC(274) User=0.02s Sys=0.00s Real=0.02s
[2025-07-30T16:37:48.025+0800][13.851s][info][safepoint   ] Safepoint "G1CollectForAllocation", Time since last: 37363300 ns, Reaching safepoint: 2500 ns, Cleanup: 3000 ns, At safepoint: 15275200 ns, Total: 15280700 ns
[2025-07-30T16:37:48.062+0800][13.888s][info][gc,start    ] GC(275) Pause Young (Normal) (G1 Evacuation Pause)
[2025-07-30T16:37:48.062+0800][13.888s][info][gc,task     ] GC(275) Using 1 workers of 1 for evacuation
[2025-07-30T16:37:48.077+0800][13.903s][info][gc,phases   ] GC(275)   Pre Evacuate Collection Set: 0.4ms
[2025-07-30T16:37:48.077+0800][13.903s][info][gc,phases   ] GC(275)   Merge Heap Roots: 0.1ms
[2025-07-30T16:37:48.077+0800][13.903s][info][gc,phases   ] GC(275)   Evacuate Collection Set: 13.9ms
[2025-07-30T16:37:48.077+0800][13.903s][info][gc,phases   ] GC(275)   Post Evacuate Collection Set: 0.7ms
[2025-07-30T16:37:48.077+0800][13.903s][info][gc,phases   ] GC(275)   Other: 0.1ms
[2025-07-30T16:37:48.077+0800][13.903s][info][gc,heap     ] GC(275) Eden regions: 1019->0(1017)
[2025-07-30T16:37:48.077+0800][13.903s][info][gc,heap     ] GC(275) Survivor regions: 145->146(146)
[2025-07-30T16:37:48.077+0800][13.903s][info][gc,heap     ] GC(275) Old regions: 561->561
[2025-07-30T16:37:48.077+0800][13.903s][info][gc,heap     ] GC(275) Humongous regions: 3->3
[2025-07-30T16:37:48.077+0800][13.903s][info][gc,metaspace] GC(275) Metaspace: 7051K(7360K)->7051K(7360K) NonClass: 6328K(6464K)->6328K(6464K) Class: 723K(896K)->723K(896K)
[2025-07-30T16:37:48.077+0800][13.903s][info][gc          ] GC(275) Pause Young (Normal) (G1 Evacuation Pause) 1727M->709M(2048M) 15.303ms
[2025-07-30T16:37:48.077+0800][13.903s][info][gc,cpu      ] GC(275) User=0.00s Sys=0.02s Real=0.01s
[2025-07-30T16:37:48.077+0800][13.903s][info][safepoint   ] Safepoint "G1CollectForAllocation", Time since last: 37090900 ns, Reaching safepoint: 2700 ns, Cleanup: 3400 ns, At safepoint: 15345500 ns, Total: 15351600 ns
[2025-07-30T16:37:48.115+0800][13.941s][info][gc,start    ] GC(276) Pause Young (Normal) (G1 Evacuation Pause)
[2025-07-30T16:37:48.115+0800][13.941s][info][gc,task     ] GC(276) Using 1 workers of 1 for evacuation
[2025-07-30T16:37:48.131+0800][13.956s][info][gc,phases   ] GC(276)   Pre Evacuate Collection Set: 0.4ms
[2025-07-30T16:37:48.131+0800][13.956s][info][gc,phases   ] GC(276)   Merge Heap Roots: 0.1ms
[2025-07-30T16:37:48.131+0800][13.956s][info][gc,phases   ] GC(276)   Evacuate Collection Set: 14.1ms
[2025-07-30T16:37:48.131+0800][13.956s][info][gc,phases   ] GC(276)   Post Evacuate Collection Set: 0.6ms
[2025-07-30T16:37:48.131+0800][13.956s][info][gc,phases   ] GC(276)   Other: 0.1ms
[2025-07-30T16:37:48.131+0800][13.956s][info][gc,heap     ] GC(276) Eden regions: 1017->0(1019)
[2025-07-30T16:37:48.131+0800][13.956s][info][gc,heap     ] GC(276) Survivor regions: 146->145(146)
[2025-07-30T16:37:48.131+0800][13.956s][info][gc,heap     ] GC(276) Old regions: 561->561
[2025-07-30T16:37:48.131+0800][13.956s][info][gc,heap     ] GC(276) Humongous regions: 3->3
[2025-07-30T16:37:48.131+0800][13.956s][info][gc,metaspace] GC(276) Metaspace: 7051K(7360K)->7051K(7360K) NonClass: 6328K(6464K)->6328K(6464K) Class: 723K(896K)->723K(896K)
[2025-07-30T16:37:48.131+0800][13.956s][info][gc          ] GC(276) Pause Young (Normal) (G1 Evacuation Pause) 1726M->708M(2048M) 15.478ms
[2025-07-30T16:37:48.131+0800][13.956s][info][gc,cpu      ] GC(276) User=0.02s Sys=0.00s Real=0.02s
[2025-07-30T16:37:48.131+0800][13.956s][info][safepoint   ] Safepoint "G1CollectForAllocation", Time since last: 37530900 ns, Reaching safepoint: 3200 ns, Cleanup: 4300 ns, At safepoint: 15519300 ns, Total: 15526800 ns
[2025-07-30T16:37:48.168+0800][13.994s][info][gc,start    ] GC(277) Pause Young (Normal) (G1 Evacuation Pause)
[2025-07-30T16:37:48.168+0800][13.994s][info][gc,task     ] GC(277) Using 1 workers of 1 for evacuation
[2025-07-30T16:37:48.184+0800][14.009s][info][gc,phases   ] GC(277)   Pre Evacuate Collection Set: 0.4ms
[2025-07-30T16:37:48.184+0800][14.010s][info][gc,phases   ] GC(277)   Merge Heap Roots: 0.1ms
[2025-07-30T16:37:48.184+0800][14.010s][info][gc,phases   ] GC(277)   Evacuate Collection Set: 14.4ms
[2025-07-30T16:37:48.184+0800][14.010s][info][gc,phases   ] GC(277)   Post Evacuate Collection Set: 0.6ms
[2025-07-30T16:37:48.184+0800][14.010s][info][gc,phases   ] GC(277)   Other: 0.1ms
[2025-07-30T16:37:48.184+0800][14.010s][info][gc,heap     ] GC(277) Eden regions: 1019->0(1017)
[2025-07-30T16:37:48.184+0800][14.010s][info][gc,heap     ] GC(277) Survivor regions: 145->146(146)
[2025-07-30T16:37:48.184+0800][14.010s][info][gc,heap     ] GC(277) Old regions: 561->561
[2025-07-30T16:37:48.184+0800][14.010s][info][gc,heap     ] GC(277) Humongous regions: 3->3
[2025-07-30T16:37:48.184+0800][14.010s][info][gc,metaspace] GC(277) Metaspace: 7051K(7360K)->7051K(7360K) NonClass: 6328K(6464K)->6328K(6464K) Class: 723K(896K)->723K(896K)
[2025-07-30T16:37:48.184+0800][14.010s][info][gc          ] GC(277) Pause Young (Normal) (G1 Evacuation Pause) 1727M->709M(2048M) 15.752ms
[2025-07-30T16:37:48.184+0800][14.010s][info][gc,cpu      ] GC(277) User=0.02s Sys=0.02s Real=0.02s
[2025-07-30T16:37:48.184+0800][14.010s][info][safepoint   ] Safepoint "G1CollectForAllocation", Time since last: 37670300 ns, Reaching safepoint: 2200 ns, Cleanup: 3000 ns, At safepoint: 15794800 ns, Total: 15800000 ns
[2025-07-30T16:37:48.221+0800][14.046s][info][gc,start    ] GC(278) Pause Young (Normal) (G1 Evacuation Pause)
[2025-07-30T16:37:48.221+0800][14.046s][info][gc,task     ] GC(278) Using 1 workers of 1 for evacuation
[2025-07-30T16:37:48.236+0800][14.062s][info][gc,phases   ] GC(278)   Pre Evacuate Collection Set: 0.4ms
[2025-07-30T16:37:48.236+0800][14.062s][info][gc,phases   ] GC(278)   Merge Heap Roots: 0.1ms
[2025-07-30T16:37:48.236+0800][14.062s][info][gc,phases   ] GC(278)   Evacuate Collection Set: 14.5ms
[2025-07-30T16:37:48.236+0800][14.062s][info][gc,phases   ] GC(278)   Post Evacuate Collection Set: 0.7ms
[2025-07-30T16:37:48.236+0800][14.062s][info][gc,phases   ] GC(278)   Other: 0.1ms
[2025-07-30T16:37:48.236+0800][14.062s][info][gc,heap     ] GC(278) Eden regions: 1017->0(1017)
[2025-07-30T16:37:48.236+0800][14.062s][info][gc,heap     ] GC(278) Survivor regions: 146->146(146)
[2025-07-30T16:37:48.236+0800][14.062s][info][gc,heap     ] GC(278) Old regions: 561->561
[2025-07-30T16:37:48.236+0800][14.062s][info][gc,heap     ] GC(278) Humongous regions: 3->3
[2025-07-30T16:37:48.236+0800][14.062s][info][gc,metaspace] GC(278) Metaspace: 7057K(7360K)->7057K(7360K) NonClass: 6334K(6464K)->6334K(6464K) Class: 723K(896K)->723K(896K)
[2025-07-30T16:37:48.236+0800][14.062s][info][gc          ] GC(278) Pause Young (Normal) (G1 Evacuation Pause) 1726M->708M(2048M) 15.974ms
[2025-07-30T16:37:48.236+0800][14.062s][info][gc,cpu      ] GC(278) User=0.02s Sys=0.00s Real=0.02s
[2025-07-30T16:37:48.236+0800][14.062s][info][safepoint   ] Safepoint "G1CollectForAllocation", Time since last: 36564400 ns, Reaching safepoint: 3000 ns, Cleanup: 4800 ns, At safepoint: 16016100 ns, Total: 16023900 ns
[2025-07-30T16:37:48.275+0800][14.100s][info][gc,start    ] GC(279) Pause Young (Normal) (G1 Evacuation Pause)
[2025-07-30T16:37:48.275+0800][14.100s][info][gc,task     ] GC(279) Using 1 workers of 1 for evacuation
[2025-07-30T16:37:48.289+0800][14.115s][info][gc,phases   ] GC(279)   Pre Evacuate Collection Set: 0.4ms
[2025-07-30T16:37:48.289+0800][14.115s][info][gc,phases   ] GC(279)   Merge Heap Roots: 0.1ms
[2025-07-30T16:37:48.289+0800][14.115s][info][gc,phases   ] GC(279)   Evacuate Collection Set: 13.8ms
[2025-07-30T16:37:48.289+0800][14.115s][info][gc,phases   ] GC(279)   Post Evacuate Collection Set: 0.9ms
[2025-07-30T16:37:48.289+0800][14.115s][info][gc,phases   ] GC(279)   Other: 0.1ms
[2025-07-30T16:37:48.289+0800][14.115s][info][gc,heap     ] GC(279) Eden regions: 1017->0(1019)
[2025-07-30T16:37:48.289+0800][14.115s][info][gc,heap     ] GC(279) Survivor regions: 146->145(146)
[2025-07-30T16:37:48.289+0800][14.115s][info][gc,heap     ] GC(279) Old regions: 561->561
[2025-07-30T16:37:48.289+0800][14.115s][info][gc,heap     ] GC(279) Humongous regions: 3->3
[2025-07-30T16:37:48.289+0800][14.115s][info][gc,metaspace] GC(279) Metaspace: 7057K(7360K)->7057K(7360K) NonClass: 6334K(6464K)->6334K(6464K) Class: 723K(896K)->723K(896K)
[2025-07-30T16:37:48.289+0800][14.115s][info][gc          ] GC(279) Pause Young (Normal) (G1 Evacuation Pause) 1725M->707M(2048M) 15.412ms
[2025-07-30T16:37:48.289+0800][14.115s][info][gc,cpu      ] GC(279) User=0.02s Sys=0.00s Real=0.01s
[2025-07-30T16:37:48.289+0800][14.115s][info][safepoint   ] Safepoint "G1CollectForAllocation", Time since last: 37657500 ns, Reaching safepoint: 4100 ns, Cleanup: 4700 ns, At safepoint: 15454800 ns, Total: 15463600 ns
[2025-07-30T16:37:48.328+0800][14.153s][info][gc,start    ] GC(280) Pause Young (Normal) (G1 Evacuation Pause)
[2025-07-30T16:37:48.328+0800][14.153s][info][gc,task     ] GC(280) Using 1 workers of 1 for evacuation
[2025-07-30T16:37:48.343+0800][14.168s][info][gc,phases   ] GC(280)   Pre Evacuate Collection Set: 0.4ms
[2025-07-30T16:37:48.343+0800][14.168s][info][gc,phases   ] GC(280)   Merge Heap Roots: 0.1ms
[2025-07-30T16:37:48.343+0800][14.168s][info][gc,phases   ] GC(280)   Evacuate Collection Set: 14.2ms
[2025-07-30T16:37:48.343+0800][14.168s][info][gc,phases   ] GC(280)   Post Evacuate Collection Set: 0.8ms
[2025-07-30T16:37:48.343+0800][14.168s][info][gc,phases   ] GC(280)   Other: 0.1ms
[2025-07-30T16:37:48.343+0800][14.168s][info][gc,heap     ] GC(280) Eden regions: 1019->0(1018)
[2025-07-30T16:37:48.343+0800][14.168s][info][gc,heap     ] GC(280) Survivor regions: 145->146(146)
[2025-07-30T16:37:48.343+0800][14.168s][info][gc,heap     ] GC(280) Old regions: 561->561
[2025-07-30T16:37:48.343+0800][14.168s][info][gc,heap     ] GC(280) Humongous regions: 3->3
[2025-07-30T16:37:48.343+0800][14.168s][info][gc,metaspace] GC(280) Metaspace: 7057K(7360K)->7057K(7360K) NonClass: 6334K(6464K)->6334K(6464K) Class: 723K(896K)->723K(896K)
[2025-07-30T16:37:48.343+0800][14.168s][info][gc          ] GC(280) Pause Young (Normal) (G1 Evacuation Pause) 1726M->708M(2048M) 15.720ms
[2025-07-30T16:37:48.343+0800][14.168s][info][gc,cpu      ] GC(280) User=0.02s Sys=0.00s Real=0.01s
[2025-07-30T16:37:48.343+0800][14.168s][info][safepoint   ] Safepoint "G1CollectForAllocation", Time since last: 37264400 ns, Reaching safepoint: 3500 ns, Cleanup: 4200 ns, At safepoint: 15761000 ns, Total: 15768700 ns
[2025-07-30T16:37:48.380+0800][14.205s][info][gc,start    ] GC(281) Pause Young (Normal) (G1 Evacuation Pause)
[2025-07-30T16:37:48.380+0800][14.205s][info][gc,task     ] GC(281) Using 1 workers of 1 for evacuation
[2025-07-30T16:37:48.395+0800][14.221s][info][gc,phases   ] GC(281)   Pre Evacuate Collection Set: 0.4ms
[2025-07-30T16:37:48.395+0800][14.221s][info][gc,phases   ] GC(281)   Merge Heap Roots: 0.1ms
[2025-07-30T16:37:48.395+0800][14.221s][info][gc,phases   ] GC(281)   Evacuate Collection Set: 14.2ms
[2025-07-30T16:37:48.395+0800][14.221s][info][gc,phases   ] GC(281)   Post Evacuate Collection Set: 0.6ms
[2025-07-30T16:37:48.395+0800][14.221s][info][gc,phases   ] GC(281)   Other: 0.1ms
[2025-07-30T16:37:48.395+0800][14.221s][info][gc,heap     ] GC(281) Eden regions: 1018->0(1018)
[2025-07-30T16:37:48.395+0800][14.221s][info][gc,heap     ] GC(281) Survivor regions: 146->146(146)
[2025-07-30T16:37:48.395+0800][14.221s][info][gc,heap     ] GC(281) Old regions: 561->561
[2025-07-30T16:37:48.395+0800][14.221s][info][gc,heap     ] GC(281) Humongous regions: 3->3
[2025-07-30T16:37:48.395+0800][14.221s][info][gc,metaspace] GC(281) Metaspace: 7057K(7360K)->7057K(7360K) NonClass: 6334K(6464K)->6334K(6464K) Class: 723K(896K)->723K(896K)
[2025-07-30T16:37:48.395+0800][14.221s][info][gc          ] GC(281) Pause Young (Normal) (G1 Evacuation Pause) 1726M->708M(2048M) 15.582ms
[2025-07-30T16:37:48.395+0800][14.221s][info][gc,cpu      ] GC(281) User=0.02s Sys=0.00s Real=0.01s
[2025-07-30T16:37:48.395+0800][14.221s][info][safepoint   ] Safepoint "G1CollectForAllocation", Time since last: 36714000 ns, Reaching safepoint: 3500 ns, Cleanup: 4000 ns, At safepoint: 15627200 ns, Total: 15634700 ns
[2025-07-30T16:37:48.432+0800][14.258s][info][gc,start    ] GC(282) Pause Young (Normal) (G1 Evacuation Pause)
[2025-07-30T16:37:48.432+0800][14.258s][info][gc,task     ] GC(282) Using 1 workers of 1 for evacuation
[2025-07-30T16:37:48.448+0800][14.273s][info][gc,phases   ] GC(282)   Pre Evacuate Collection Set: 0.4ms
[2025-07-30T16:37:48.448+0800][14.273s][info][gc,phases   ] GC(282)   Merge Heap Roots: 0.1ms
[2025-07-30T16:37:48.448+0800][14.273s][info][gc,phases   ] GC(282)   Evacuate Collection Set: 14.3ms
[2025-07-30T16:37:48.448+0800][14.273s][info][gc,phases   ] GC(282)   Post Evacuate Collection Set: 0.7ms
[2025-07-30T16:37:48.448+0800][14.273s][info][gc,phases   ] GC(282)   Other: 0.1ms
[2025-07-30T16:37:48.448+0800][14.273s][info][gc,heap     ] GC(282) Eden regions: 1018->0(1018)
[2025-07-30T16:37:48.448+0800][14.273s][info][gc,heap     ] GC(282) Survivor regions: 146->146(146)
[2025-07-30T16:37:48.448+0800][14.273s][info][gc,heap     ] GC(282) Old regions: 561->561
[2025-07-30T16:37:48.448+0800][14.273s][info][gc,heap     ] GC(282) Humongous regions: 3->3
[2025-07-30T16:37:48.448+0800][14.273s][info][gc,metaspace] GC(282) Metaspace: 7057K(7360K)->7057K(7360K) NonClass: 6334K(6464K)->6334K(6464K) Class: 723K(896K)->723K(896K)
[2025-07-30T16:37:48.448+0800][14.273s][info][gc          ] GC(282) Pause Young (Normal) (G1 Evacuation Pause) 1726M->708M(2048M) 15.710ms
[2025-07-30T16:37:48.448+0800][14.273s][info][gc,cpu      ] GC(282) User=0.02s Sys=0.00s Real=0.02s
[2025-07-30T16:37:48.448+0800][14.273s][info][safepoint   ] Safepoint "G1CollectForAllocation", Time since last: 36799900 ns, Reaching safepoint: 3000 ns, Cleanup: 3800 ns, At safepoint: 15753000 ns, Total: 15759800 ns
[2025-07-30T16:37:48.486+0800][14.311s][info][gc,start    ] GC(283) Pause Young (Normal) (G1 Evacuation Pause)
[2025-07-30T16:37:48.486+0800][14.311s][info][gc,task     ] GC(283) Using 1 workers of 1 for evacuation
[2025-07-30T16:37:48.501+0800][14.326s][info][gc,phases   ] GC(283)   Pre Evacuate Collection Set: 0.4ms
[2025-07-30T16:37:48.501+0800][14.326s][info][gc,phases   ] GC(283)   Merge Heap Roots: 0.1ms
[2025-07-30T16:37:48.501+0800][14.326s][info][gc,phases   ] GC(283)   Evacuate Collection Set: 14.1ms
[2025-07-30T16:37:48.501+0800][14.326s][info][gc,phases   ] GC(283)   Post Evacuate Collection Set: 0.7ms
[2025-07-30T16:37:48.501+0800][14.326s][info][gc,phases   ] GC(283)   Other: 0.1ms
[2025-07-30T16:37:48.501+0800][14.326s][info][gc,heap     ] GC(283) Eden regions: 1018->0(1017)
[2025-07-30T16:37:48.501+0800][14.326s][info][gc,heap     ] GC(283) Survivor regions: 146->146(146)
[2025-07-30T16:37:48.501+0800][14.326s][info][gc,heap     ] GC(283) Old regions: 561->561
[2025-07-30T16:37:48.501+0800][14.326s][info][gc,heap     ] GC(283) Humongous regions: 3->3
[2025-07-30T16:37:48.501+0800][14.326s][info][gc,metaspace] GC(283) Metaspace: 7057K(7360K)->7057K(7360K) NonClass: 6334K(6464K)->6334K(6464K) Class: 723K(896K)->723K(896K)
[2025-07-30T16:37:48.501+0800][14.326s][info][gc          ] GC(283) Pause Young (Normal) (G1 Evacuation Pause) 1726M->709M(2048M) 15.524ms
[2025-07-30T16:37:48.501+0800][14.326s][info][gc,cpu      ] GC(283) User=0.02s Sys=0.00s Real=0.01s
[2025-07-30T16:37:48.501+0800][14.326s][info][safepoint   ] Safepoint "G1CollectForAllocation", Time since last: 37486600 ns, Reaching safepoint: 4000 ns, Cleanup: 4600 ns, At safepoint: 15564700 ns, Total: 15573300 ns
[2025-07-30T16:37:48.538+0800][14.364s][info][gc,start    ] GC(284) Pause Young (Normal) (G1 Evacuation Pause)
[2025-07-30T16:37:48.539+0800][14.364s][info][gc,task     ] GC(284) Using 1 workers of 1 for evacuation
[2025-07-30T16:37:48.554+0800][14.380s][info][gc,phases   ] GC(284)   Pre Evacuate Collection Set: 0.4ms
[2025-07-30T16:37:48.554+0800][14.380s][info][gc,phases   ] GC(284)   Merge Heap Roots: 0.1ms
[2025-07-30T16:37:48.554+0800][14.380s][info][gc,phases   ] GC(284)   Evacuate Collection Set: 14.7ms
[2025-07-30T16:37:48.554+0800][14.380s][info][gc,phases   ] GC(284)   Post Evacuate Collection Set: 0.7ms
[2025-07-30T16:37:48.555+0800][14.380s][info][gc,phases   ] GC(284)   Other: 0.1ms
[2025-07-30T16:37:48.555+0800][14.380s][info][gc,heap     ] GC(284) Eden regions: 1017->0(1019)
[2025-07-30T16:37:48.555+0800][14.380s][info][gc,heap     ] GC(284) Survivor regions: 146->145(146)
[2025-07-30T16:37:48.555+0800][14.380s][info][gc,heap     ] GC(284) Old regions: 561->561
[2025-07-30T16:37:48.555+0800][14.380s][info][gc,heap     ] GC(284) Humongous regions: 3->3
[2025-07-30T16:37:48.555+0800][14.380s][info][gc,metaspace] GC(284) Metaspace: 7057K(7360K)->7057K(7360K) NonClass: 6334K(6464K)->6334K(6464K) Class: 723K(896K)->723K(896K)
[2025-07-30T16:37:48.555+0800][14.380s][info][gc          ] GC(284) Pause Young (Normal) (G1 Evacuation Pause) 1726M->708M(2048M) 16.139ms
[2025-07-30T16:37:48.555+0800][14.380s][info][gc,cpu      ] GC(284) User=0.02s Sys=0.00s Real=0.02s
[2025-07-30T16:37:48.555+0800][14.380s][info][safepoint   ] Safepoint "G1CollectForAllocation", Time since last: 37252800 ns, Reaching safepoint: 3500 ns, Cleanup: 3200 ns, At safepoint: 16186500 ns, Total: 16193200 ns
[2025-07-30T16:37:48.592+0800][14.418s][info][gc,start    ] GC(285) Pause Young (Normal) (G1 Evacuation Pause)
[2025-07-30T16:37:48.592+0800][14.418s][info][gc,task     ] GC(285) Using 1 workers of 1 for evacuation
[2025-07-30T16:37:48.608+0800][14.433s][info][gc,phases   ] GC(285)   Pre Evacuate Collection Set: 0.3ms
[2025-07-30T16:37:48.608+0800][14.433s][info][gc,phases   ] GC(285)   Merge Heap Roots: 0.1ms
[2025-07-30T16:37:48.608+0800][14.433s][info][gc,phases   ] GC(285)   Evacuate Collection Set: 13.9ms
[2025-07-30T16:37:48.608+0800][14.433s][info][gc,phases   ] GC(285)   Post Evacuate Collection Set: 0.6ms
[2025-07-30T16:37:48.608+0800][14.433s][info][gc,phases   ] GC(285)   Other: 0.1ms
[2025-07-30T16:37:48.608+0800][14.433s][info][gc,heap     ] GC(285) Eden regions: 1019->0(1017)
[2025-07-30T16:37:48.608+0800][14.433s][info][gc,heap     ] GC(285) Survivor regions: 145->146(146)
[2025-07-30T16:37:48.608+0800][14.433s][info][gc,heap     ] GC(285) Old regions: 561->561
[2025-07-30T16:37:48.608+0800][14.433s][info][gc,heap     ] GC(285) Humongous regions: 3->3
[2025-07-30T16:37:48.608+0800][14.433s][info][gc,metaspace] GC(285) Metaspace: 7057K(7360K)->7057K(7360K) NonClass: 6334K(6464K)->6334K(6464K) Class: 723K(896K)->723K(896K)
[2025-07-30T16:37:48.608+0800][14.433s][info][gc          ] GC(285) Pause Young (Normal) (G1 Evacuation Pause) 1727M->709M(2048M) 15.211ms
[2025-07-30T16:37:48.608+0800][14.433s][info][gc,cpu      ] GC(285) User=0.02s Sys=0.00s Real=0.02s
[2025-07-30T16:37:48.608+0800][14.433s][info][safepoint   ] Safepoint "G1CollectForAllocation", Time since last: 37701800 ns, Reaching safepoint: 2200 ns, Cleanup: 2900 ns, At safepoint: 15249700 ns, Total: 15254800 ns
[2025-07-30T16:37:48.643+0800][14.469s][info][gc,start    ] GC(286) Pause Young (Normal) (G1 Evacuation Pause)
[2025-07-30T16:37:48.644+0800][14.469s][info][gc,task     ] GC(286) Using 1 workers of 1 for evacuation
[2025-07-30T16:37:48.659+0800][14.484s][info][gc,phases   ] GC(286)   Pre Evacuate Collection Set: 0.4ms
[2025-07-30T16:37:48.659+0800][14.484s][info][gc,phases   ] GC(286)   Merge Heap Roots: 0.1ms
[2025-07-30T16:37:48.659+0800][14.484s][info][gc,phases   ] GC(286)   Evacuate Collection Set: 13.4ms
[2025-07-30T16:37:48.659+0800][14.484s][info][gc,phases   ] GC(286)   Post Evacuate Collection Set: 0.6ms
[2025-07-30T16:37:48.659+0800][14.484s][info][gc,phases   ] GC(286)   Other: 0.1ms
[2025-07-30T16:37:48.659+0800][14.484s][info][gc,heap     ] GC(286) Eden regions: 1017->0(1019)
[2025-07-30T16:37:48.659+0800][14.484s][info][gc,heap     ] GC(286) Survivor regions: 146->145(146)
[2025-07-30T16:37:48.659+0800][14.484s][info][gc,heap     ] GC(286) Old regions: 561->561
[2025-07-30T16:37:48.659+0800][14.484s][info][gc,heap     ] GC(286) Humongous regions: 3->3
[2025-07-30T16:37:48.659+0800][14.484s][info][gc,metaspace] GC(286) Metaspace: 7057K(7360K)->7057K(7360K) NonClass: 6334K(6464K)->6334K(6464K) Class: 723K(896K)->723K(896K)
[2025-07-30T16:37:48.659+0800][14.484s][info][gc          ] GC(286) Pause Young (Normal) (G1 Evacuation Pause) 1726M->708M(2048M) 14.689ms
[2025-07-30T16:37:48.659+0800][14.484s][info][gc,cpu      ] GC(286) User=0.02s Sys=0.00s Real=0.02s
[2025-07-30T16:37:48.659+0800][14.484s][info][safepoint   ] Safepoint "G1CollectForAllocation", Time since last: 36312700 ns, Reaching safepoint: 2500 ns, Cleanup: 2900 ns, At safepoint: 14745300 ns, Total: 14750700 ns
[2025-07-30T16:37:48.695+0800][14.520s][info][gc,start    ] GC(287) Pause Young (Normal) (G1 Evacuation Pause)
[2025-07-30T16:37:48.695+0800][14.521s][info][gc,task     ] GC(287) Using 1 workers of 1 for evacuation
[2025-07-30T16:37:48.710+0800][14.536s][info][gc,phases   ] GC(287)   Pre Evacuate Collection Set: 0.3ms
[2025-07-30T16:37:48.710+0800][14.536s][info][gc,phases   ] GC(287)   Merge Heap Roots: 0.0ms
[2025-07-30T16:37:48.710+0800][14.536s][info][gc,phases   ] GC(287)   Evacuate Collection Set: 14.0ms
[2025-07-30T16:37:48.710+0800][14.536s][info][gc,phases   ] GC(287)   Post Evacuate Collection Set: 0.6ms
[2025-07-30T16:37:48.710+0800][14.536s][info][gc,phases   ] GC(287)   Other: 0.1ms
[2025-07-30T16:37:48.710+0800][14.536s][info][gc,heap     ] GC(287) Eden regions: 1019->0(1017)
[2025-07-30T16:37:48.710+0800][14.536s][info][gc,heap     ] GC(287) Survivor regions: 145->146(146)
[2025-07-30T16:37:48.710+0800][14.536s][info][gc,heap     ] GC(287) Old regions: 561->561
[2025-07-30T16:37:48.710+0800][14.536s][info][gc,heap     ] GC(287) Humongous regions: 3->3
[2025-07-30T16:37:48.710+0800][14.536s][info][gc,metaspace] GC(287) Metaspace: 7057K(7360K)->7057K(7360K) NonClass: 6334K(6464K)->6334K(6464K) Class: 723K(896K)->723K(896K)
[2025-07-30T16:37:48.710+0800][14.536s][info][gc          ] GC(287) Pause Young (Normal) (G1 Evacuation Pause) 1727M->709M(2048M) 15.163ms
[2025-07-30T16:37:48.710+0800][14.536s][info][gc,cpu      ] GC(287) User=0.02s Sys=0.00s Real=0.02s
[2025-07-30T16:37:48.710+0800][14.536s][info][safepoint   ] Safepoint "G1CollectForAllocation", Time since last: 36643500 ns, Reaching safepoint: 2000 ns, Cleanup: 2900 ns, At safepoint: 15200100 ns, Total: 15205000 ns
[2025-07-30T16:37:48.747+0800][14.572s][info][gc,start    ] GC(288) Pause Young (Normal) (G1 Evacuation Pause)
[2025-07-30T16:37:48.747+0800][14.572s][info][gc,task     ] GC(288) Using 1 workers of 1 for evacuation
[2025-07-30T16:37:48.761+0800][14.587s][info][gc,phases   ] GC(288)   Pre Evacuate Collection Set: 0.3ms
[2025-07-30T16:37:48.761+0800][14.587s][info][gc,phases   ] GC(288)   Merge Heap Roots: 0.1ms
[2025-07-30T16:37:48.761+0800][14.587s][info][gc,phases   ] GC(288)   Evacuate Collection Set: 14.1ms
[2025-07-30T16:37:48.761+0800][14.587s][info][gc,phases   ] GC(288)   Post Evacuate Collection Set: 0.6ms
[2025-07-30T16:37:48.761+0800][14.587s][info][gc,phases   ] GC(288)   Other: 0.1ms
[2025-07-30T16:37:48.761+0800][14.587s][info][gc,heap     ] GC(288) Eden regions: 1017->0(1017)
[2025-07-30T16:37:48.761+0800][14.587s][info][gc,heap     ] GC(288) Survivor regions: 146->146(146)
[2025-07-30T16:37:48.761+0800][14.587s][info][gc,heap     ] GC(288) Old regions: 561->561
[2025-07-30T16:37:48.761+0800][14.587s][info][gc,heap     ] GC(288) Humongous regions: 3->3
[2025-07-30T16:37:48.761+0800][14.587s][info][gc,metaspace] GC(288) Metaspace: 7057K(7360K)->7057K(7360K) NonClass: 6334K(6464K)->6334K(6464K) Class: 723K(896K)->723K(896K)
[2025-07-30T16:37:48.762+0800][14.587s][info][gc          ] GC(288) Pause Young (Normal) (G1 Evacuation Pause) 1726M->708M(2048M) 15.329ms
[2025-07-30T16:37:48.762+0800][14.587s][info][gc,cpu      ] GC(288) User=0.02s Sys=0.00s Real=0.02s
[2025-07-30T16:37:48.762+0800][14.587s][info][safepoint   ] Safepoint "G1CollectForAllocation", Time since last: 36358000 ns, Reaching safepoint: 2800 ns, Cleanup: 3100 ns, At safepoint: 15367600 ns, Total: 15373500 ns
[2025-07-30T16:37:48.798+0800][14.623s][info][gc,start    ] GC(289) Pause Young (Normal) (G1 Evacuation Pause)
[2025-07-30T16:37:48.798+0800][14.624s][info][gc,task     ] GC(289) Using 1 workers of 1 for evacuation
[2025-07-30T16:37:48.812+0800][14.638s][info][gc,phases   ] GC(289)   Pre Evacuate Collection Set: 0.4ms
[2025-07-30T16:37:48.813+0800][14.638s][info][gc,phases   ] GC(289)   Merge Heap Roots: 0.1ms
[2025-07-30T16:37:48.813+0800][14.638s][info][gc,phases   ] GC(289)   Evacuate Collection Set: 13.8ms
[2025-07-30T16:37:48.813+0800][14.638s][info][gc,phases   ] GC(289)   Post Evacuate Collection Set: 0.5ms
[2025-07-30T16:37:48.813+0800][14.638s][info][gc,phases   ] GC(289)   Other: 0.1ms
[2025-07-30T16:37:48.813+0800][14.638s][info][gc,heap     ] GC(289) Eden regions: 1017->0(1019)
[2025-07-30T16:37:48.813+0800][14.638s][info][gc,heap     ] GC(289) Survivor regions: 146->145(146)
[2025-07-30T16:37:48.813+0800][14.639s][info][gc,heap     ] GC(289) Old regions: 561->561
[2025-07-30T16:37:48.813+0800][14.639s][info][gc,heap     ] GC(289) Humongous regions: 3->3
[2025-07-30T16:37:48.813+0800][14.639s][info][gc,metaspace] GC(289) Metaspace: 7057K(7360K)->7057K(7360K) NonClass: 6334K(6464K)->6334K(6464K) Class: 723K(896K)->723K(896K)
[2025-07-30T16:37:48.813+0800][14.639s][info][gc          ] GC(289) Pause Young (Normal) (G1 Evacuation Pause) 1725M->707M(2048M) 15.084ms
[2025-07-30T16:37:48.813+0800][14.639s][info][gc,cpu      ] GC(289) User=0.02s Sys=0.00s Real=0.01s
[2025-07-30T16:37:48.813+0800][14.639s][info][safepoint   ] Safepoint "G1CollectForAllocation", Time since last: 36035500 ns, Reaching safepoint: 3700 ns, Cleanup: 4400 ns, At safepoint: 15126000 ns, Total: 15134100 ns
[2025-07-30T16:37:48.850+0800][14.675s][info][gc,start    ] GC(290) Pause Young (Normal) (G1 Evacuation Pause)
[2025-07-30T16:37:48.850+0800][14.675s][info][gc,task     ] GC(290) Using 1 workers of 1 for evacuation
[2025-07-30T16:37:48.865+0800][14.690s][info][gc,phases   ] GC(290)   Pre Evacuate Collection Set: 0.3ms
[2025-07-30T16:37:48.865+0800][14.690s][info][gc,phases   ] GC(290)   Merge Heap Roots: 0.0ms
[2025-07-30T16:37:48.865+0800][14.690s][info][gc,phases   ] GC(290)   Evacuate Collection Set: 14.0ms
[2025-07-30T16:37:48.865+0800][14.690s][info][gc,phases   ] GC(290)   Post Evacuate Collection Set: 0.5ms
[2025-07-30T16:37:48.865+0800][14.690s][info][gc,phases   ] GC(290)   Other: 0.1ms
[2025-07-30T16:37:48.865+0800][14.690s][info][gc,heap     ] GC(290) Eden regions: 1019->0(1018)
[2025-07-30T16:37:48.865+0800][14.690s][info][gc,heap     ] GC(290) Survivor regions: 145->146(146)
[2025-07-30T16:37:48.865+0800][14.690s][info][gc,heap     ] GC(290) Old regions: 561->561
[2025-07-30T16:37:48.865+0800][14.690s][info][gc,heap     ] GC(290) Humongous regions: 3->3
[2025-07-30T16:37:48.865+0800][14.690s][info][gc,metaspace] GC(290) Metaspace: 7057K(7360K)->7057K(7360K) NonClass: 6334K(6464K)->6334K(6464K) Class: 723K(896K)->723K(896K)
[2025-07-30T16:37:48.865+0800][14.690s][info][gc          ] GC(290) Pause Young (Normal) (G1 Evacuation Pause) 1726M->708M(2048M) 15.160ms
[2025-07-30T16:37:48.865+0800][14.690s][info][gc,cpu      ] GC(290) User=0.02s Sys=0.00s Real=0.02s
[2025-07-30T16:37:48.865+0800][14.690s][info][safepoint   ] Safepoint "G1CollectForAllocation", Time since last: 36200400 ns, Reaching safepoint: 1900 ns, Cleanup: 2800 ns, At safepoint: 15201500 ns, Total: 15206200 ns
[2025-07-30T16:37:48.902+0800][14.727s][info][gc,start    ] GC(291) Pause Young (Normal) (G1 Evacuation Pause)
[2025-07-30T16:37:48.902+0800][14.727s][info][gc,task     ] GC(291) Using 1 workers of 1 for evacuation
[2025-07-30T16:37:48.916+0800][14.741s][info][gc,phases   ] GC(291)   Pre Evacuate Collection Set: 0.3ms
[2025-07-30T16:37:48.916+0800][14.741s][info][gc,phases   ] GC(291)   Merge Heap Roots: 0.0ms
[2025-07-30T16:37:48.916+0800][14.741s][info][gc,phases   ] GC(291)   Evacuate Collection Set: 13.8ms
[2025-07-30T16:37:48.916+0800][14.741s][info][gc,phases   ] GC(291)   Post Evacuate Collection Set: 0.5ms
[2025-07-30T16:37:48.916+0800][14.741s][info][gc,phases   ] GC(291)   Other: 0.1ms
[2025-07-30T16:37:48.916+0800][14.741s][info][gc,heap     ] GC(291) Eden regions: 1018->0(1018)
[2025-07-30T16:37:48.916+0800][14.741s][info][gc,heap     ] GC(291) Survivor regions: 146->146(146)
[2025-07-30T16:37:48.916+0800][14.741s][info][gc,heap     ] GC(291) Old regions: 561->561
[2025-07-30T16:37:48.916+0800][14.741s][info][gc,heap     ] GC(291) Humongous regions: 3->3
[2025-07-30T16:37:48.916+0800][14.741s][info][gc,metaspace] GC(291) Metaspace: 7057K(7360K)->7057K(7360K) NonClass: 6334K(6464K)->6334K(6464K) Class: 723K(896K)->723K(896K)
[2025-07-30T16:37:48.916+0800][14.742s][info][gc          ] GC(291) Pause Young (Normal) (G1 Evacuation Pause) 1726M->708M(2048M) 14.898ms
[2025-07-30T16:37:48.916+0800][14.742s][info][gc,cpu      ] GC(291) User=0.02s Sys=0.00s Real=0.01s
[2025-07-30T16:37:48.916+0800][14.742s][info][safepoint   ] Safepoint "G1CollectForAllocation", Time since last: 36627600 ns, Reaching safepoint: 2100 ns, Cleanup: 2700 ns, At safepoint: 14940300 ns, Total: 14945100 ns
[2025-07-30T16:37:48.953+0800][14.778s][info][gc,start    ] GC(292) Pause Young (Normal) (G1 Evacuation Pause)
[2025-07-30T16:37:48.953+0800][14.778s][info][gc,task     ] GC(292) Using 1 workers of 1 for evacuation
[2025-07-30T16:37:48.968+0800][14.793s][info][gc,phases   ] GC(292)   Pre Evacuate Collection Set: 0.4ms
[2025-07-30T16:37:48.968+0800][14.794s][info][gc,phases   ] GC(292)   Merge Heap Roots: 0.1ms
[2025-07-30T16:37:48.968+0800][14.794s][info][gc,phases   ] GC(292)   Evacuate Collection Set: 13.9ms
[2025-07-30T16:37:48.968+0800][14.794s][info][gc,phases   ] GC(292)   Post Evacuate Collection Set: 0.7ms
[2025-07-30T16:37:48.968+0800][14.794s][info][gc,phases   ] GC(292)   Other: 0.1ms
[2025-07-30T16:37:48.968+0800][14.794s][info][gc,heap     ] GC(292) Eden regions: 1018->0(1017)
[2025-07-30T16:37:48.968+0800][14.794s][info][gc,heap     ] GC(292) Survivor regions: 146->146(146)
[2025-07-30T16:37:48.968+0800][14.794s][info][gc,heap     ] GC(292) Old regions: 561->561
[2025-07-30T16:37:48.968+0800][14.794s][info][gc,heap     ] GC(292) Humongous regions: 3->3
[2025-07-30T16:37:48.968+0800][14.794s][info][gc,metaspace] GC(292) Metaspace: 7057K(7360K)->7057K(7360K) NonClass: 6334K(6464K)->6334K(6464K) Class: 723K(896K)->723K(896K)
[2025-07-30T16:37:48.969+0800][14.794s][info][gc          ] GC(292) Pause Young (Normal) (G1 Evacuation Pause) 1726M->709M(2048M) 15.415ms
[2025-07-30T16:37:48.969+0800][14.794s][info][gc,cpu      ] GC(292) User=0.02s Sys=0.00s Real=0.02s
[2025-07-30T16:37:48.969+0800][14.794s][info][safepoint   ] Safepoint "G1CollectForAllocation", Time since last: 36647400 ns, Reaching safepoint: 4800 ns, Cleanup: 5300 ns, At safepoint: 15479900 ns, Total: 15490000 ns
[2025-07-30T16:37:49.005+0800][14.831s][info][gc,start    ] GC(293) Pause Young (Normal) (G1 Evacuation Pause)
[2025-07-30T16:37:49.005+0800][14.831s][info][gc,task     ] GC(293) Using 1 workers of 1 for evacuation
[2025-07-30T16:37:49.022+0800][14.848s][info][gc,phases   ] GC(293)   Pre Evacuate Collection Set: 0.3ms
[2025-07-30T16:37:49.022+0800][14.848s][info][gc,phases   ] GC(293)   Merge Heap Roots: 0.1ms
[2025-07-30T16:37:49.022+0800][14.848s][info][gc,phases   ] GC(293)   Evacuate Collection Set: 15.5ms
[2025-07-30T16:37:49.022+0800][14.848s][info][gc,phases   ] GC(293)   Post Evacuate Collection Set: 0.6ms
[2025-07-30T16:37:49.022+0800][14.848s][info][gc,phases   ] GC(293)   Other: 0.1ms
[2025-07-30T16:37:49.022+0800][14.848s][info][gc,heap     ] GC(293) Eden regions: 1017->0(1019)
[2025-07-30T16:37:49.022+0800][14.848s][info][gc,heap     ] GC(293) Survivor regions: 146->145(146)
[2025-07-30T16:37:49.022+0800][14.848s][info][gc,heap     ] GC(293) Old regions: 561->561
[2025-07-30T16:37:49.022+0800][14.848s][info][gc,heap     ] GC(293) Humongous regions: 3->3
[2025-07-30T16:37:49.022+0800][14.848s][info][gc,metaspace] GC(293) Metaspace: 7057K(7360K)->7057K(7360K) NonClass: 6334K(6464K)->6334K(6464K) Class: 723K(896K)->723K(896K)
[2025-07-30T16:37:49.022+0800][14.848s][info][gc          ] GC(293) Pause Young (Normal) (G1 Evacuation Pause) 1726M->708M(2048M) 16.745ms
[2025-07-30T16:37:49.022+0800][14.848s][info][gc,cpu      ] GC(293) User=0.02s Sys=0.00s Real=0.02s
[2025-07-30T16:37:49.022+0800][14.848s][info][safepoint   ] Safepoint "G1CollectForAllocation", Time since last: 37280100 ns, Reaching safepoint: 2000 ns, Cleanup: 2700 ns, At safepoint: 16784900 ns, Total: 16789600 ns
[2025-07-30T16:37:49.063+0800][14.888s][info][gc,start    ] GC(294) Pause Young (Normal) (G1 Evacuation Pause)
[2025-07-30T16:37:49.063+0800][14.888s][info][gc,task     ] GC(294) Using 1 workers of 1 for evacuation
[2025-07-30T16:37:49.078+0800][14.903s][info][gc,phases   ] GC(294)   Pre Evacuate Collection Set: 0.4ms
[2025-07-30T16:37:49.078+0800][14.903s][info][gc,phases   ] GC(294)   Merge Heap Roots: 0.1ms
[2025-07-30T16:37:49.078+0800][14.903s][info][gc,phases   ] GC(294)   Evacuate Collection Set: 13.9ms
[2025-07-30T16:37:49.078+0800][14.903s][info][gc,phases   ] GC(294)   Post Evacuate Collection Set: 0.7ms
[2025-07-30T16:37:49.078+0800][14.903s][info][gc,phases   ] GC(294)   Other: 0.1ms
[2025-07-30T16:37:49.078+0800][14.903s][info][gc,heap     ] GC(294) Eden regions: 1019->0(1017)
[2025-07-30T16:37:49.078+0800][14.903s][info][gc,heap     ] GC(294) Survivor regions: 145->146(146)
[2025-07-30T16:37:49.078+0800][14.903s][info][gc,heap     ] GC(294) Old regions: 561->561
[2025-07-30T16:37:49.078+0800][14.903s][info][gc,heap     ] GC(294) Humongous regions: 3->3
[2025-07-30T16:37:49.078+0800][14.903s][info][gc,metaspace] GC(294) Metaspace: 7057K(7360K)->7057K(7360K) NonClass: 6334K(6464K)->6334K(6464K) Class: 723K(896K)->723K(896K)
[2025-07-30T16:37:49.078+0800][14.903s][info][gc          ] GC(294) Pause Young (Normal) (G1 Evacuation Pause) 1727M->709M(2048M) 15.312ms
[2025-07-30T16:37:49.078+0800][14.903s][info][gc,cpu      ] GC(294) User=0.02s Sys=0.00s Real=0.02s
[2025-07-30T16:37:49.078+0800][14.903s][info][safepoint   ] Safepoint "G1CollectForAllocation", Time since last: 40095600 ns, Reaching safepoint: 2400 ns, Cleanup: 3200 ns, At safepoint: 15353200 ns, Total: 15358800 ns
[2025-07-30T16:37:49.115+0800][14.940s][info][gc,start    ] GC(295) Pause Young (Normal) (G1 Evacuation Pause)
[2025-07-30T16:37:49.115+0800][14.940s][info][gc,task     ] GC(295) Using 1 workers of 1 for evacuation
[2025-07-30T16:37:49.129+0800][14.956s][info][gc,phases   ] GC(295)   Pre Evacuate Collection Set: 0.4ms
[2025-07-30T16:37:49.129+0800][14.956s][info][gc,phases   ] GC(295)   Merge Heap Roots: 0.1ms
[2025-07-30T16:37:49.129+0800][14.956s][info][gc,phases   ] GC(295)   Evacuate Collection Set: 14.3ms
[2025-07-30T16:37:49.129+0800][14.956s][info][gc,phases   ] GC(295)   Post Evacuate Collection Set: 0.7ms
[2025-07-30T16:37:49.129+0800][14.956s][info][gc,phases   ] GC(295)   Other: 0.1ms
[2025-07-30T16:37:49.129+0800][14.956s][info][gc,heap     ] GC(295) Eden regions: 1017->0(1019)
[2025-07-30T16:37:49.129+0800][14.956s][info][gc,heap     ] GC(295) Survivor regions: 146->145(146)
[2025-07-30T16:37:49.129+0800][14.956s][info][gc,heap     ] GC(295) Old regions: 561->561
[2025-07-30T16:37:49.129+0800][14.956s][info][gc,heap     ] GC(295) Humongous regions: 3->3
[2025-07-30T16:37:49.129+0800][14.956s][info][gc,metaspace] GC(295) Metaspace: 7057K(7360K)->7057K(7360K) NonClass: 6334K(6464K)->6334K(6464K) Class: 723K(896K)->723K(896K)
[2025-07-30T16:37:49.129+0800][14.956s][info][gc          ] GC(295) Pause Young (Normal) (G1 Evacuation Pause) 1726M->708M(2048M) 15.653ms
[2025-07-30T16:37:49.129+0800][14.956s][info][gc,cpu      ] GC(295) User=0.02s Sys=0.00s Real=0.01s
[2025-07-30T16:37:49.131+0800][14.956s][info][safepoint   ] Safepoint "G1CollectForAllocation", Time since last: 36984100 ns, Reaching safepoint: 3100 ns, Cleanup: 3200 ns, At safepoint: 15708500 ns, Total: 15714800 ns
[2025-07-30T16:37:49.167+0800][14.993s][info][gc,start    ] GC(296) Pause Young (Normal) (G1 Evacuation Pause)
[2025-07-30T16:37:49.168+0800][14.993s][info][gc,task     ] GC(296) Using 1 workers of 1 for evacuation
[2025-07-30T16:37:49.183+0800][15.008s][info][gc,phases   ] GC(296)   Pre Evacuate Collection Set: 0.3ms
[2025-07-30T16:37:49.183+0800][15.008s][info][gc,phases   ] GC(296)   Merge Heap Roots: 0.0ms
[2025-07-30T16:37:49.183+0800][15.008s][info][gc,phases   ] GC(296)   Evacuate Collection Set: 14.4ms
[2025-07-30T16:37:49.183+0800][15.008s][info][gc,phases   ] GC(296)   Post Evacuate Collection Set: 0.6ms
[2025-07-30T16:37:49.183+0800][15.008s][info][gc,phases   ] GC(296)   Other: 0.1ms
[2025-07-30T16:37:49.183+0800][15.008s][info][gc,heap     ] GC(296) Eden regions: 1019->0(1017)
[2025-07-30T16:37:49.183+0800][15.008s][info][gc,heap     ] GC(296) Survivor regions: 145->146(146)
[2025-07-30T16:37:49.183+0800][15.008s][info][gc,heap     ] GC(296) Old regions: 561->561
[2025-07-30T16:37:49.183+0800][15.008s][info][gc,heap     ] GC(296) Humongous regions: 3->3
[2025-07-30T16:37:49.183+0800][15.009s][info][gc,metaspace] GC(296) Metaspace: 7057K(7360K)->7057K(7360K) NonClass: 6334K(6464K)->6334K(6464K) Class: 723K(896K)->723K(896K)
[2025-07-30T16:37:49.183+0800][15.009s][info][gc          ] GC(296) Pause Young (Normal) (G1 Evacuation Pause) 1727M->709M(2048M) 15.600ms
[2025-07-30T16:37:49.183+0800][15.009s][info][gc,cpu      ] GC(296) User=0.02s Sys=0.00s Real=0.02s
[2025-07-30T16:37:49.184+0800][15.009s][info][safepoint   ] Safepoint "G1CollectForAllocation", Time since last: 37000100 ns, Reaching safepoint: 2400 ns, Cleanup: 3200 ns, At safepoint: 15644000 ns, Total: 15649600 ns
[2025-07-30T16:37:49.221+0800][15.047s][info][gc,start    ] GC(297) Pause Young (Normal) (G1 Evacuation Pause)
[2025-07-30T16:37:49.221+0800][15.047s][info][gc,task     ] GC(297) Using 1 workers of 1 for evacuation
[2025-07-30T16:37:49.237+0800][15.062s][info][gc,phases   ] GC(297)   Pre Evacuate Collection Set: 0.4ms
[2025-07-30T16:37:49.237+0800][15.062s][info][gc,phases   ] GC(297)   Merge Heap Roots: 0.1ms
[2025-07-30T16:37:49.237+0800][15.062s][info][gc,phases   ] GC(297)   Evacuate Collection Set: 14.3ms
[2025-07-30T16:37:49.237+0800][15.062s][info][gc,phases   ] GC(297)   Post Evacuate Collection Set: 0.8ms
[2025-07-30T16:37:49.237+0800][15.062s][info][gc,phases   ] GC(297)   Other: 0.1ms
[2025-07-30T16:37:49.237+0800][15.062s][info][gc,heap     ] GC(297) Eden regions: 1017->0(1017)
[2025-07-30T16:37:49.237+0800][15.062s][info][gc,heap     ] GC(297) Survivor regions: 146->146(146)
[2025-07-30T16:37:49.237+0800][15.062s][info][gc,heap     ] GC(297) Old regions: 561->561
[2025-07-30T16:37:49.237+0800][15.062s][info][gc,heap     ] GC(297) Humongous regions: 3->3
[2025-07-30T16:37:49.237+0800][15.062s][info][gc,metaspace] GC(297) Metaspace: 7064K(7424K)->7064K(7424K) NonClass: 6340K(6528K)->6340K(6528K) Class: 723K(896K)->723K(896K)
[2025-07-30T16:37:49.237+0800][15.062s][info][gc          ] GC(297) Pause Young (Normal) (G1 Evacuation Pause) 1726M->708M(2048M) 15.838ms
[2025-07-30T16:37:49.237+0800][15.062s][info][gc,cpu      ] GC(297) User=0.02s Sys=0.00s Real=0.02s
[2025-07-30T16:37:49.237+0800][15.062s][info][safepoint   ] Safepoint "G1CollectForAllocation", Time since last: 37938400 ns, Reaching safepoint: 2400 ns, Cleanup: 2800 ns, At safepoint: 15878100 ns, Total: 15883300 ns
[2025-07-30T16:37:49.274+0800][15.099s][info][gc,start    ] GC(298) Pause Young (Normal) (G1 Evacuation Pause)
[2025-07-30T16:37:49.274+0800][15.099s][info][gc,task     ] GC(298) Using 1 workers of 1 for evacuation
[2025-07-30T16:37:49.289+0800][15.114s][info][gc,phases   ] GC(298)   Pre Evacuate Collection Set: 0.4ms
[2025-07-30T16:37:49.289+0800][15.115s][info][gc,phases   ] GC(298)   Merge Heap Roots: 0.0ms
[2025-07-30T16:37:49.289+0800][15.115s][info][gc,phases   ] GC(298)   Evacuate Collection Set: 13.9ms
[2025-07-30T16:37:49.289+0800][15.115s][info][gc,phases   ] GC(298)   Post Evacuate Collection Set: 0.6ms
[2025-07-30T16:37:49.289+0800][15.115s][info][gc,phases   ] GC(298)   Other: 0.1ms
[2025-07-30T16:37:49.289+0800][15.115s][info][gc,heap     ] GC(298) Eden regions: 1017->0(1019)
[2025-07-30T16:37:49.289+0800][15.115s][info][gc,heap     ] GC(298) Survivor regions: 146->145(146)
[2025-07-30T16:37:49.289+0800][15.115s][info][gc,heap     ] GC(298) Old regions: 561->561
[2025-07-30T16:37:49.289+0800][15.115s][info][gc,heap     ] GC(298) Humongous regions: 3->3
[2025-07-30T16:37:49.289+0800][15.115s][info][gc,metaspace] GC(298) Metaspace: 7094K(7424K)->7094K(7424K) NonClass: 6371K(6528K)->6371K(6528K) Class: 723K(896K)->723K(896K)
[2025-07-30T16:37:49.289+0800][15.115s][info][gc          ] GC(298) Pause Young (Normal) (G1 Evacuation Pause) 1725M->707M(2048M) 15.158ms
[2025-07-30T16:37:49.289+0800][15.115s][info][gc,cpu      ] GC(298) User=0.02s Sys=0.00s Real=0.02s
[2025-07-30T16:37:49.289+0800][15.115s][info][safepoint   ] Safepoint "G1CollectForAllocation", Time since last: 37053000 ns, Reaching safepoint: 2100 ns, Cleanup: 5800 ns, At safepoint: 15195800 ns, Total: 15203700 ns
[2025-07-30T16:37:49.326+0800][15.152s][info][gc,start    ] GC(299) Pause Young (Normal) (G1 Evacuation Pause)
[2025-07-30T16:37:49.326+0800][15.152s][info][gc,task     ] GC(299) Using 1 workers of 1 for evacuation
[2025-07-30T16:37:49.341+0800][15.167s][info][gc,phases   ] GC(299)   Pre Evacuate Collection Set: 0.3ms
[2025-07-30T16:37:49.341+0800][15.167s][info][gc,phases   ] GC(299)   Merge Heap Roots: 0.1ms
[2025-07-30T16:37:49.341+0800][15.167s][info][gc,phases   ] GC(299)   Evacuate Collection Set: 13.4ms
[2025-07-30T16:37:49.341+0800][15.167s][info][gc,phases   ] GC(299)   Post Evacuate Collection Set: 0.6ms
[2025-07-30T16:37:49.341+0800][15.167s][info][gc,phases   ] GC(299)   Other: 0.1ms
[2025-07-30T16:37:49.341+0800][15.167s][info][gc,heap     ] GC(299) Eden regions: 1019->0(1018)
[2025-07-30T16:37:49.341+0800][15.167s][info][gc,heap     ] GC(299) Survivor regions: 145->146(146)
[2025-07-30T16:37:49.341+0800][15.167s][info][gc,heap     ] GC(299) Old regions: 561->561
[2025-07-30T16:37:49.341+0800][15.167s][info][gc,heap     ] GC(299) Humongous regions: 3->3
[2025-07-30T16:37:49.341+0800][15.167s][info][gc,metaspace] GC(299) Metaspace: 7094K(7424K)->7094K(7424K) NonClass: 6371K(6528K)->6371K(6528K) Class: 723K(896K)->723K(896K)
[2025-07-30T16:37:49.341+0800][15.167s][info][gc          ] GC(299) Pause Young (Normal) (G1 Evacuation Pause) 1726M->708M(2048M) 14.715ms
[2025-07-30T16:37:49.341+0800][15.167s][info][gc,cpu      ] GC(299) User=0.02s Sys=0.00s Real=0.02s
[2025-07-30T16:37:49.341+0800][15.167s][info][safepoint   ] Safepoint "G1CollectForAllocation", Time since last: 37371000 ns, Reaching safepoint: 2200 ns, Cleanup: 3300 ns, At safepoint: 14756100 ns, Total: 14761600 ns
[2025-07-30T16:37:49.378+0800][15.204s][info][gc,start    ] GC(300) Pause Young (Normal) (G1 Evacuation Pause)
[2025-07-30T16:37:49.379+0800][15.204s][info][gc,task     ] GC(300) Using 1 workers of 1 for evacuation
[2025-07-30T16:37:49.394+0800][15.219s][info][gc,phases   ] GC(300)   Pre Evacuate Collection Set: 0.4ms
[2025-07-30T16:37:49.394+0800][15.219s][info][gc,phases   ] GC(300)   Merge Heap Roots: 0.1ms
[2025-07-30T16:37:49.394+0800][15.219s][info][gc,phases   ] GC(300)   Evacuate Collection Set: 14.3ms
[2025-07-30T16:37:49.394+0800][15.219s][info][gc,phases   ] GC(300)   Post Evacuate Collection Set: 0.7ms
[2025-07-30T16:37:49.394+0800][15.219s][info][gc,phases   ] GC(300)   Other: 0.1ms
[2025-07-30T16:37:49.394+0800][15.220s][info][gc,heap     ] GC(300) Eden regions: 1018->0(1018)
[2025-07-30T16:37:49.394+0800][15.220s][info][gc,heap     ] GC(300) Survivor regions: 146->146(146)
[2025-07-30T16:37:49.394+0800][15.220s][info][gc,heap     ] GC(300) Old regions: 561->561
[2025-07-30T16:37:49.394+0800][15.220s][info][gc,heap     ] GC(300) Humongous regions: 3->3
[2025-07-30T16:37:49.394+0800][15.220s][info][gc,metaspace] GC(300) Metaspace: 7094K(7424K)->7094K(7424K) NonClass: 6371K(6528K)->6371K(6528K) Class: 723K(896K)->723K(896K)
[2025-07-30T16:37:49.394+0800][15.220s][info][gc          ] GC(300) Pause Young (Normal) (G1 Evacuation Pause) 1726M->708M(2048M) 15.619ms
[2025-07-30T16:37:49.394+0800][15.220s][info][gc,cpu      ] GC(300) User=0.02s Sys=0.00s Real=0.02s
[2025-07-30T16:37:49.394+0800][15.220s][info][safepoint   ] Safepoint "G1CollectForAllocation", Time since last: 37158400 ns, Reaching safepoint: 2800 ns, Cleanup: 3100 ns, At safepoint: 15659900 ns, Total: 15665800 ns
[2025-07-30T16:37:49.431+0800][15.256s][info][gc,start    ] GC(301) Pause Young (Normal) (G1 Evacuation Pause)
[2025-07-30T16:37:49.431+0800][15.256s][info][gc,task     ] GC(301) Using 1 workers of 1 for evacuation
[2025-07-30T16:37:49.446+0800][15.272s][info][gc,phases   ] GC(301)   Pre Evacuate Collection Set: 0.3ms
[2025-07-30T16:37:49.446+0800][15.272s][info][gc,phases   ] GC(301)   Merge Heap Roots: 0.1ms
[2025-07-30T16:37:49.446+0800][15.272s][info][gc,phases   ] GC(301)   Evacuate Collection Set: 14.1ms
[2025-07-30T16:37:49.446+0800][15.272s][info][gc,phases   ] GC(301)   Post Evacuate Collection Set: 0.6ms
[2025-07-30T16:37:49.446+0800][15.272s][info][gc,phases   ] GC(301)   Other: 0.1ms
[2025-07-30T16:37:49.446+0800][15.272s][info][gc,heap     ] GC(301) Eden regions: 1018->0(1018)
[2025-07-30T16:37:49.446+0800][15.272s][info][gc,heap     ] GC(301) Survivor regions: 146->146(146)
[2025-07-30T16:37:49.446+0800][15.272s][info][gc,heap     ] GC(301) Old regions: 561->561
[2025-07-30T16:37:49.446+0800][15.272s][info][gc,heap     ] GC(301) Humongous regions: 3->3
[2025-07-30T16:37:49.446+0800][15.272s][info][gc,metaspace] GC(301) Metaspace: 7094K(7424K)->7094K(7424K) NonClass: 6371K(6528K)->6371K(6528K) Class: 723K(896K)->723K(896K)
[2025-07-30T16:37:49.446+0800][15.272s][info][gc          ] GC(301) Pause Young (Normal) (G1 Evacuation Pause) 1726M->708M(2048M) 15.269ms
[2025-07-30T16:37:49.446+0800][15.272s][info][gc,cpu      ] GC(301) User=0.02s Sys=0.00s Real=0.02s
[2025-07-30T16:37:49.446+0800][15.272s][info][safepoint   ] Safepoint "G1CollectForAllocation", Time since last: 36779900 ns, Reaching safepoint: 2400 ns, Cleanup: 2700 ns, At safepoint: 15306200 ns, Total: 15311300 ns
[2025-07-30T16:37:49.482+0800][15.308s][info][gc,start    ] GC(302) Pause Young (Normal) (G1 Evacuation Pause)
[2025-07-30T16:37:49.482+0800][15.308s][info][gc,task     ] GC(302) Using 1 workers of 1 for evacuation
[2025-07-30T16:37:49.498+0800][15.323s][info][gc,phases   ] GC(302)   Pre Evacuate Collection Set: 0.3ms
[2025-07-30T16:37:49.498+0800][15.323s][info][gc,phases   ] GC(302)   Merge Heap Roots: 0.0ms
[2025-07-30T16:37:49.498+0800][15.323s][info][gc,phases   ] GC(302)   Evacuate Collection Set: 13.9ms
[2025-07-30T16:37:49.498+0800][15.323s][info][gc,phases   ] GC(302)   Post Evacuate Collection Set: 0.6ms
[2025-07-30T16:37:49.498+0800][15.323s][info][gc,phases   ] GC(302)   Other: 0.1ms
[2025-07-30T16:37:49.498+0800][15.323s][info][gc,heap     ] GC(302) Eden regions: 1018->0(1018)
[2025-07-30T16:37:49.498+0800][15.323s][info][gc,heap     ] GC(302) Survivor regions: 146->146(146)
[2025-07-30T16:37:49.498+0800][15.323s][info][gc,heap     ] GC(302) Old regions: 561->561
[2025-07-30T16:37:49.498+0800][15.323s][info][gc,heap     ] GC(302) Humongous regions: 3->3
[2025-07-30T16:37:49.498+0800][15.323s][info][gc,metaspace] GC(302) Metaspace: 7094K(7424K)->7094K(7424K) NonClass: 6371K(6528K)->6371K(6528K) Class: 723K(896K)->723K(896K)
[2025-07-30T16:37:49.498+0800][15.323s][info][gc          ] GC(302) Pause Young (Normal) (G1 Evacuation Pause) 1726M->708M(2048M) 15.058ms
[2025-07-30T16:37:49.498+0800][15.323s][info][gc,cpu      ] GC(302) User=0.02s Sys=0.00s Real=0.02s
[2025-07-30T16:37:49.498+0800][15.323s][info][safepoint   ] Safepoint "G1CollectForAllocation", Time since last: 36401400 ns, Reaching safepoint: 2300 ns, Cleanup: 2900 ns, At safepoint: 15096500 ns, Total: 15101700 ns
[2025-07-30T16:37:49.535+0800][15.360s][info][gc,start    ] GC(303) Pause Young (Normal) (G1 Evacuation Pause)
[2025-07-30T16:37:49.535+0800][15.360s][info][gc,task     ] GC(303) Using 1 workers of 1 for evacuation
[2025-07-30T16:37:49.549+0800][15.375s][info][gc,phases   ] GC(303)   Pre Evacuate Collection Set: 0.3ms
[2025-07-30T16:37:49.549+0800][15.375s][info][gc,phases   ] GC(303)   Merge Heap Roots: 0.0ms
[2025-07-30T16:37:49.549+0800][15.375s][info][gc,phases   ] GC(303)   Evacuate Collection Set: 13.8ms
[2025-07-30T16:37:49.549+0800][15.375s][info][gc,phases   ] GC(303)   Post Evacuate Collection Set: 0.6ms
[2025-07-30T16:37:49.549+0800][15.375s][info][gc,phases   ] GC(303)   Other: 0.1ms
[2025-07-30T16:37:49.549+0800][15.375s][info][gc,heap     ] GC(303) Eden regions: 1018->0(1017)
[2025-07-30T16:37:49.549+0800][15.375s][info][gc,heap     ] GC(303) Survivor regions: 146->146(146)
[2025-07-30T16:37:49.549+0800][15.375s][info][gc,heap     ] GC(303) Old regions: 561->561
[2025-07-30T16:37:49.549+0800][15.375s][info][gc,heap     ] GC(303) Humongous regions: 3->3
[2025-07-30T16:37:49.549+0800][15.375s][info][gc,metaspace] GC(303) Metaspace: 7094K(7424K)->7094K(7424K) NonClass: 6371K(6528K)->6371K(6528K) Class: 723K(896K)->723K(896K)
[2025-07-30T16:37:49.549+0800][15.375s][info][gc          ] GC(303) Pause Young (Normal) (G1 Evacuation Pause) 1726M->709M(2048M) 15.165ms
[2025-07-30T16:37:49.549+0800][15.375s][info][gc,cpu      ] GC(303) User=0.02s Sys=0.00s Real=0.01s
[2025-07-30T16:37:49.549+0800][15.375s][info][safepoint   ] Safepoint "G1CollectForAllocation", Time since last: 36791100 ns, Reaching safepoint: 2700 ns, Cleanup: 3100 ns, At safepoint: 15208200 ns, Total: 15214000 ns
[2025-07-30T16:37:49.587+0800][15.413s][info][gc,start    ] GC(304) Pause Young (Normal) (G1 Evacuation Pause)
[2025-07-30T16:37:49.588+0800][15.413s][info][gc,task     ] GC(304) Using 1 workers of 1 for evacuation
[2025-07-30T16:37:49.603+0800][15.428s][info][gc,phases   ] GC(304)   Pre Evacuate Collection Set: 0.6ms
[2025-07-30T16:37:49.603+0800][15.428s][info][gc,phases   ] GC(304)   Merge Heap Roots: 0.1ms
[2025-07-30T16:37:49.603+0800][15.428s][info][gc,phases   ] GC(304)   Evacuate Collection Set: 14.0ms
[2025-07-30T16:37:49.603+0800][15.428s][info][gc,phases   ] GC(304)   Post Evacuate Collection Set: 0.7ms
[2025-07-30T16:37:49.603+0800][15.428s][info][gc,phases   ] GC(304)   Other: 0.2ms
[2025-07-30T16:37:49.603+0800][15.428s][info][gc,heap     ] GC(304) Eden regions: 1017->0(1019)
[2025-07-30T16:37:49.603+0800][15.428s][info][gc,heap     ] GC(304) Survivor regions: 146->145(146)
[2025-07-30T16:37:49.603+0800][15.428s][info][gc,heap     ] GC(304) Old regions: 561->561
[2025-07-30T16:37:49.603+0800][15.428s][info][gc,heap     ] GC(304) Humongous regions: 3->3
[2025-07-30T16:37:49.603+0800][15.429s][info][gc,metaspace] GC(304) Metaspace: 7094K(7424K)->7094K(7424K) NonClass: 6371K(6528K)->6371K(6528K) Class: 723K(896K)->723K(896K)
[2025-07-30T16:37:49.603+0800][15.429s][info][gc          ] GC(304) Pause Young (Normal) (G1 Evacuation Pause) 1726M->708M(2048M) 15.802ms
[2025-07-30T16:37:49.603+0800][15.429s][info][gc,cpu      ] GC(304) User=0.02s Sys=0.00s Real=0.02s
[2025-07-30T16:37:49.603+0800][15.429s][info][safepoint   ] Safepoint "G1CollectForAllocation", Time since last: 37527700 ns, Reaching safepoint: 4400 ns, Cleanup: 5200 ns, At safepoint: 15875800 ns, Total: 15885400 ns
[2025-07-30T16:37:49.639+0800][15.466s][info][gc,start    ] GC(305) Pause Young (Normal) (G1 Evacuation Pause)
[2025-07-30T16:37:49.639+0800][15.466s][info][gc,task     ] GC(305) Using 1 workers of 1 for evacuation
[2025-07-30T16:37:49.655+0800][15.481s][info][gc,phases   ] GC(305)   Pre Evacuate Collection Set: 0.3ms
[2025-07-30T16:37:49.655+0800][15.481s][info][gc,phases   ] GC(305)   Merge Heap Roots: 0.1ms
[2025-07-30T16:37:49.655+0800][15.481s][info][gc,phases   ] GC(305)   Evacuate Collection Set: 13.9ms
[2025-07-30T16:37:49.655+0800][15.481s][info][gc,phases   ] GC(305)   Post Evacuate Collection Set: 0.6ms
[2025-07-30T16:37:49.655+0800][15.481s][info][gc,phases   ] GC(305)   Other: 0.1ms
[2025-07-30T16:37:49.655+0800][15.481s][info][gc,heap     ] GC(305) Eden regions: 1019->0(1017)
[2025-07-30T16:37:49.655+0800][15.481s][info][gc,heap     ] GC(305) Survivor regions: 145->146(146)
[2025-07-30T16:37:49.655+0800][15.481s][info][gc,heap     ] GC(305) Old regions: 561->561
[2025-07-30T16:37:49.655+0800][15.481s][info][gc,heap     ] GC(305) Humongous regions: 3->3
[2025-07-30T16:37:49.655+0800][15.481s][info][gc,metaspace] GC(305) Metaspace: 7094K(7424K)->7094K(7424K) NonClass: 6371K(6528K)->6371K(6528K) Class: 723K(896K)->723K(896K)
[2025-07-30T16:37:49.655+0800][15.481s][info][gc          ] GC(305) Pause Young (Normal) (G1 Evacuation Pause) 1727M->709M(2048M) 15.116ms
[2025-07-30T16:37:49.655+0800][15.481s][info][gc,cpu      ] GC(305) User=0.02s Sys=0.00s Real=0.02s
[2025-07-30T16:37:49.655+0800][15.481s][info][safepoint   ] Safepoint "G1CollectForAllocation", Time since last: 36980600 ns, Reaching safepoint: 2300 ns, Cleanup: 2900 ns, At safepoint: 15155500 ns, Total: 15160700 ns
[2025-07-30T16:37:49.692+0800][15.517s][info][gc,start    ] GC(306) Pause Young (Normal) (G1 Evacuation Pause)
[2025-07-30T16:37:49.692+0800][15.517s][info][gc,task     ] GC(306) Using 1 workers of 1 for evacuation
[2025-07-30T16:37:49.707+0800][15.533s][info][gc,phases   ] GC(306)   Pre Evacuate Collection Set: 0.3ms
[2025-07-30T16:37:49.707+0800][15.533s][info][gc,phases   ] GC(306)   Merge Heap Roots: 0.0ms
[2025-07-30T16:37:49.707+0800][15.533s][info][gc,phases   ] GC(306)   Evacuate Collection Set: 14.1ms
[2025-07-30T16:37:49.707+0800][15.533s][info][gc,phases   ] GC(306)   Post Evacuate Collection Set: 0.6ms
[2025-07-30T16:37:49.707+0800][15.533s][info][gc,phases   ] GC(306)   Other: 0.1ms
[2025-07-30T16:37:49.707+0800][15.533s][info][gc,heap     ] GC(306) Eden regions: 1017->0(1019)
[2025-07-30T16:37:49.707+0800][15.533s][info][gc,heap     ] GC(306) Survivor regions: 146->145(146)
[2025-07-30T16:37:49.707+0800][15.533s][info][gc,heap     ] GC(306) Old regions: 561->561
[2025-07-30T16:37:49.707+0800][15.533s][info][gc,heap     ] GC(306) Humongous regions: 3->3
[2025-07-30T16:37:49.707+0800][15.533s][info][gc,metaspace] GC(306) Metaspace: 7094K(7424K)->7094K(7424K) NonClass: 6371K(6528K)->6371K(6528K) Class: 723K(896K)->723K(896K)
[2025-07-30T16:37:49.707+0800][15.533s][info][gc          ] GC(306) Pause Young (Normal) (G1 Evacuation Pause) 1726M->708M(2048M) 15.464ms
[2025-07-30T16:37:49.707+0800][15.533s][info][gc,cpu      ] GC(306) User=0.02s Sys=0.00s Real=0.02s
[2025-07-30T16:37:49.707+0800][15.533s][info][safepoint   ] Safepoint "G1CollectForAllocation", Time since last: 36450300 ns, Reaching safepoint: 2300 ns, Cleanup: 3000 ns, At safepoint: 15503300 ns, Total: 15508600 ns
[2025-07-30T16:37:49.744+0800][15.569s][info][gc,start    ] GC(307) Pause Young (Normal) (G1 Evacuation Pause)
[2025-07-30T16:37:49.744+0800][15.569s][info][gc,task     ] GC(307) Using 1 workers of 1 for evacuation
[2025-07-30T16:37:49.759+0800][15.584s][info][gc,phases   ] GC(307)   Pre Evacuate Collection Set: 0.3ms
[2025-07-30T16:37:49.759+0800][15.584s][info][gc,phases   ] GC(307)   Merge Heap Roots: 0.0ms
[2025-07-30T16:37:49.759+0800][15.584s][info][gc,phases   ] GC(307)   Evacuate Collection Set: 14.1ms
[2025-07-30T16:37:49.759+0800][15.584s][info][gc,phases   ] GC(307)   Post Evacuate Collection Set: 0.6ms
[2025-07-30T16:37:49.759+0800][15.584s][info][gc,phases   ] GC(307)   Other: 0.1ms
[2025-07-30T16:37:49.759+0800][15.584s][info][gc,heap     ] GC(307) Eden regions: 1019->0(1017)
[2025-07-30T16:37:49.759+0800][15.584s][info][gc,heap     ] GC(307) Survivor regions: 145->146(146)
[2025-07-30T16:37:49.759+0800][15.584s][info][gc,heap     ] GC(307) Old regions: 561->561
[2025-07-30T16:37:49.759+0800][15.584s][info][gc,heap     ] GC(307) Humongous regions: 3->3
[2025-07-30T16:37:49.759+0800][15.584s][info][gc,metaspace] GC(307) Metaspace: 7094K(7424K)->7094K(7424K) NonClass: 6371K(6528K)->6371K(6528K) Class: 723K(896K)->723K(896K)
[2025-07-30T16:37:49.759+0800][15.584s][info][gc          ] GC(307) Pause Young (Normal) (G1 Evacuation Pause) 1727M->709M(2048M) 15.228ms
[2025-07-30T16:37:49.759+0800][15.584s][info][gc,cpu      ] GC(307) User=0.02s Sys=0.00s Real=0.02s
[2025-07-30T16:37:49.759+0800][15.584s][info][safepoint   ] Safepoint "G1CollectForAllocation", Time since last: 36466000 ns, Reaching safepoint: 2100 ns, Cleanup: 2900 ns, At safepoint: 15265200 ns, Total: 15270200 ns
[2025-07-30T16:37:49.796+0800][15.621s][info][gc,start    ] GC(308) Pause Young (Normal) (G1 Evacuation Pause)
[2025-07-30T16:37:49.796+0800][15.621s][info][gc,task     ] GC(308) Using 1 workers of 1 for evacuation
[2025-07-30T16:37:49.812+0800][15.637s][info][gc,phases   ] GC(308)   Pre Evacuate Collection Set: 0.3ms
[2025-07-30T16:37:49.812+0800][15.637s][info][gc,phases   ] GC(308)   Merge Heap Roots: 0.0ms
[2025-07-30T16:37:49.812+0800][15.637s][info][gc,phases   ] GC(308)   Evacuate Collection Set: 14.6ms
[2025-07-30T16:37:49.812+0800][15.637s][info][gc,phases   ] GC(308)   Post Evacuate Collection Set: 0.6ms
[2025-07-30T16:37:49.812+0800][15.637s][info][gc,phases   ] GC(308)   Other: 0.1ms
[2025-07-30T16:37:49.812+0800][15.637s][info][gc,heap     ] GC(308) Eden regions: 1017->0(1017)
[2025-07-30T16:37:49.812+0800][15.637s][info][gc,heap     ] GC(308) Survivor regions: 146->146(146)
[2025-07-30T16:37:49.812+0800][15.637s][info][gc,heap     ] GC(308) Old regions: 561->561
[2025-07-30T16:37:49.812+0800][15.637s][info][gc,heap     ] GC(308) Humongous regions: 3->3
[2025-07-30T16:37:49.812+0800][15.637s][info][gc,metaspace] GC(308) Metaspace: 7094K(7424K)->7094K(7424K) NonClass: 6371K(6528K)->6371K(6528K) Class: 723K(896K)->723K(896K)
[2025-07-30T16:37:49.812+0800][15.637s][info][gc          ] GC(308) Pause Young (Normal) (G1 Evacuation Pause) 1726M->708M(2048M) 15.960ms
[2025-07-30T16:37:49.812+0800][15.637s][info][gc,cpu      ] GC(308) User=0.02s Sys=0.00s Real=0.02s
[2025-07-30T16:37:49.812+0800][15.637s][info][safepoint   ] Safepoint "G1CollectForAllocation", Time since last: 36727800 ns, Reaching safepoint: 2200 ns, Cleanup: 2500 ns, At safepoint: 15998000 ns, Total: 16002700 ns
[2025-07-30T16:37:49.849+0800][15.674s][info][gc,start    ] GC(309) Pause Young (Normal) (G1 Evacuation Pause)
[2025-07-30T16:37:49.849+0800][15.674s][info][gc,task     ] GC(309) Using 1 workers of 1 for evacuation
[2025-07-30T16:37:49.863+0800][15.689s][info][gc,phases   ] GC(309)   Pre Evacuate Collection Set: 0.3ms
[2025-07-30T16:37:49.863+0800][15.689s][info][gc,phases   ] GC(309)   Merge Heap Roots: 0.1ms
[2025-07-30T16:37:49.864+0800][15.689s][info][gc,phases   ] GC(309)   Evacuate Collection Set: 13.7ms
[2025-07-30T16:37:49.864+0800][15.689s][info][gc,phases   ] GC(309)   Post Evacuate Collection Set: 0.7ms
[2025-07-30T16:37:49.864+0800][15.689s][info][gc,phases   ] GC(309)   Other: 0.1ms
[2025-07-30T16:37:49.864+0800][15.689s][info][gc,heap     ] GC(309) Eden regions: 1017->0(1019)
[2025-07-30T16:37:49.864+0800][15.689s][info][gc,heap     ] GC(309) Survivor regions: 146->145(146)
[2025-07-30T16:37:49.864+0800][15.689s][info][gc,heap     ] GC(309) Old regions: 561->561
[2025-07-30T16:37:49.864+0800][15.689s][info][gc,heap     ] GC(309) Humongous regions: 3->3
[2025-07-30T16:37:49.864+0800][15.689s][info][gc,metaspace] GC(309) Metaspace: 7094K(7424K)->7094K(7424K) NonClass: 6371K(6528K)->6371K(6528K) Class: 723K(896K)->723K(896K)
[2025-07-30T16:37:49.864+0800][15.689s][info][gc          ] GC(309) Pause Young (Normal) (G1 Evacuation Pause) 1725M->707M(2048M) 15.089ms
[2025-07-30T16:37:49.864+0800][15.689s][info][gc,cpu      ] GC(309) User=0.00s Sys=0.02s Real=0.02s
[2025-07-30T16:37:49.864+0800][15.689s][info][safepoint   ] Safepoint "G1CollectForAllocation", Time since last: 36574800 ns, Reaching safepoint: 2900 ns, Cleanup: 3100 ns, At safepoint: 15128200 ns, Total: 15134200 ns
[2025-07-30T16:37:49.901+0800][15.727s][info][gc,start    ] GC(310) Pause Young (Normal) (G1 Evacuation Pause)
[2025-07-30T16:37:49.901+0800][15.727s][info][gc,task     ] GC(310) Using 1 workers of 1 for evacuation
[2025-07-30T16:37:49.916+0800][15.742s][info][gc,phases   ] GC(310)   Pre Evacuate Collection Set: 0.3ms
[2025-07-30T16:37:49.917+0800][15.742s][info][gc,phases   ] GC(310)   Merge Heap Roots: 0.1ms
[2025-07-30T16:37:49.917+0800][15.742s][info][gc,phases   ] GC(310)   Evacuate Collection Set: 14.1ms
[2025-07-30T16:37:49.917+0800][15.742s][info][gc,phases   ] GC(310)   Post Evacuate Collection Set: 0.6ms
[2025-07-30T16:37:49.917+0800][15.742s][info][gc,phases   ] GC(310)   Other: 0.1ms
[2025-07-30T16:37:49.917+0800][15.742s][info][gc,heap     ] GC(310) Eden regions: 1019->0(1018)
[2025-07-30T16:37:49.917+0800][15.742s][info][gc,heap     ] GC(310) Survivor regions: 145->146(146)
[2025-07-30T16:37:49.917+0800][15.742s][info][gc,heap     ] GC(310) Old regions: 561->561
[2025-07-30T16:37:49.917+0800][15.742s][info][gc,heap     ] GC(310) Humongous regions: 3->3
[2025-07-30T16:37:49.917+0800][15.742s][info][gc,metaspace] GC(310) Metaspace: 7094K(7424K)->7094K(7424K) NonClass: 6371K(6528K)->6371K(6528K) Class: 723K(896K)->723K(896K)
[2025-07-30T16:37:49.917+0800][15.742s][info][gc          ] GC(310) Pause Young (Normal) (G1 Evacuation Pause) 1726M->708M(2048M) 15.375ms
[2025-07-30T16:37:49.917+0800][15.742s][info][gc,cpu      ] GC(310) User=0.02s Sys=0.00s Real=0.02s
[2025-07-30T16:37:49.917+0800][15.742s][info][safepoint   ] Safepoint "G1CollectForAllocation", Time since last: 37648800 ns, Reaching safepoint: 2300 ns, Cleanup: 3000 ns, At safepoint: 15452200 ns, Total: 15457500 ns
[2025-07-30T16:37:49.952+0800][15.778s][info][gc,start    ] GC(311) Pause Young (Normal) (G1 Evacuation Pause)
[2025-07-30T16:37:49.952+0800][15.778s][info][gc,task     ] GC(311) Using 1 workers of 1 for evacuation
[2025-07-30T16:37:49.974+0800][15.800s][info][gc,phases   ] GC(311)   Pre Evacuate Collection Set: 0.4ms
[2025-07-30T16:37:49.975+0800][15.800s][info][gc,phases   ] GC(311)   Merge Heap Roots: 0.1ms
[2025-07-30T16:37:49.975+0800][15.800s][info][gc,phases   ] GC(311)   Evacuate Collection Set: 20.5ms
[2025-07-30T16:37:49.975+0800][15.800s][info][gc,phases   ] GC(311)   Post Evacuate Collection Set: 0.7ms
[2025-07-30T16:37:49.975+0800][15.800s][info][gc,phases   ] GC(311)   Other: 0.1ms
[2025-07-30T16:37:49.975+0800][15.800s][info][gc,heap     ] GC(311) Eden regions: 1018->0(1017)
[2025-07-30T16:37:49.975+0800][15.800s][info][gc,heap     ] GC(311) Survivor regions: 146->146(146)
[2025-07-30T16:37:49.975+0800][15.800s][info][gc,heap     ] GC(311) Old regions: 561->561
[2025-07-30T16:37:49.975+0800][15.800s][info][gc,heap     ] GC(311) Humongous regions: 3->3
[2025-07-30T16:37:49.975+0800][15.800s][info][gc,metaspace] GC(311) Metaspace: 7094K(7424K)->7094K(7424K) NonClass: 6371K(6528K)->6371K(6528K) Class: 723K(896K)->723K(896K)
[2025-07-30T16:37:49.975+0800][15.800s][info][gc          ] GC(311) Pause Young (Normal) (G1 Evacuation Pause) 1726M->708M(2048M) 21.884ms
[2025-07-30T16:37:49.975+0800][15.800s][info][gc,cpu      ] GC(311) User=0.03s Sys=0.00s Real=0.02s
[2025-07-30T16:37:49.975+0800][15.800s][info][safepoint   ] Safepoint "G1CollectForAllocation", Time since last: 36131200 ns, Reaching safepoint: 3400 ns, Cleanup: 3600 ns, At safepoint: 21927600 ns, Total: 21934600 ns
[2025-07-30T16:37:50.012+0800][15.837s][info][gc,start    ] GC(312) Pause Young (Normal) (G1 Evacuation Pause)
[2025-07-30T16:37:50.012+0800][15.837s][info][gc,task     ] GC(312) Using 1 workers of 1 for evacuation
[2025-07-30T16:37:50.027+0800][15.853s][info][gc,phases   ] GC(312)   Pre Evacuate Collection Set: 0.3ms
[2025-07-30T16:37:50.027+0800][15.853s][info][gc,phases   ] GC(312)   Merge Heap Roots: 0.1ms
[2025-07-30T16:37:50.027+0800][15.853s][info][gc,phases   ] GC(312)   Evacuate Collection Set: 15.0ms
[2025-07-30T16:37:50.027+0800][15.853s][info][gc,phases   ] GC(312)   Post Evacuate Collection Set: 0.6ms
[2025-07-30T16:37:50.027+0800][15.853s][info][gc,phases   ] GC(312)   Other: 0.1ms
[2025-07-30T16:37:50.027+0800][15.853s][info][gc,heap     ] GC(312) Eden regions: 1017->0(1019)
[2025-07-30T16:37:50.027+0800][15.853s][info][gc,heap     ] GC(312) Survivor regions: 146->145(146)
[2025-07-30T16:37:50.027+0800][15.853s][info][gc,heap     ] GC(312) Old regions: 561->561
[2025-07-30T16:37:50.027+0800][15.853s][info][gc,heap     ] GC(312) Humongous regions: 3->3
[2025-07-30T16:37:50.027+0800][15.853s][info][gc,metaspace] GC(312) Metaspace: 7094K(7424K)->7094K(7424K) NonClass: 6371K(6528K)->6371K(6528K) Class: 723K(896K)->723K(896K)
[2025-07-30T16:37:50.028+0800][15.853s][info][gc          ] GC(312) Pause Young (Normal) (G1 Evacuation Pause) 1725M->708M(2048M) 16.239ms
[2025-07-30T16:37:50.028+0800][15.853s][info][gc,cpu      ] GC(312) User=0.02s Sys=0.00s Real=0.02s
[2025-07-30T16:37:50.028+0800][15.853s][info][safepoint   ] Safepoint "G1CollectForAllocation", Time since last: 36738700 ns, Reaching safepoint: 2800 ns, Cleanup: 2800 ns, At safepoint: 16298000 ns, Total: 16303600 ns
[2025-07-30T16:37:50.064+0800][15.890s][info][gc,start    ] GC(313) Pause Young (Normal) (G1 Evacuation Pause)
[2025-07-30T16:37:50.064+0800][15.890s][info][gc,task     ] GC(313) Using 1 workers of 1 for evacuation
[2025-07-30T16:37:50.083+0800][15.908s][info][gc,phases   ] GC(313)   Pre Evacuate Collection Set: 0.3ms
[2025-07-30T16:37:50.083+0800][15.908s][info][gc,phases   ] GC(313)   Merge Heap Roots: 0.0ms
[2025-07-30T16:37:50.083+0800][15.908s][info][gc,phases   ] GC(313)   Evacuate Collection Set: 17.5ms
[2025-07-30T16:37:50.083+0800][15.908s][info][gc,phases   ] GC(313)   Post Evacuate Collection Set: 0.6ms
[2025-07-30T16:37:50.083+0800][15.908s][info][gc,phases   ] GC(313)   Other: 0.1ms
[2025-07-30T16:37:50.083+0800][15.908s][info][gc,heap     ] GC(313) Eden regions: 1019->0(1017)
[2025-07-30T16:37:50.083+0800][15.908s][info][gc,heap     ] GC(313) Survivor regions: 145->146(146)
[2025-07-30T16:37:50.083+0800][15.908s][info][gc,heap     ] GC(313) Old regions: 561->561
[2025-07-30T16:37:50.083+0800][15.908s][info][gc,heap     ] GC(313) Humongous regions: 3->3
[2025-07-30T16:37:50.083+0800][15.908s][info][gc,metaspace] GC(313) Metaspace: 7094K(7424K)->7094K(7424K) NonClass: 6371K(6528K)->6371K(6528K) Class: 723K(896K)->723K(896K)
[2025-07-30T16:37:50.083+0800][15.908s][info][gc          ] GC(313) Pause Young (Normal) (G1 Evacuation Pause) 1727M->709M(2048M) 18.734ms
[2025-07-30T16:37:50.083+0800][15.908s][info][gc,cpu      ] GC(313) User=0.02s Sys=0.00s Real=0.02s
[2025-07-30T16:37:50.083+0800][15.908s][info][safepoint   ] Safepoint "G1CollectForAllocation", Time since last: 36468800 ns, Reaching safepoint: 2300 ns, Cleanup: 2800 ns, At safepoint: 18772800 ns, Total: 18777900 ns
[2025-07-30T16:37:50.120+0800][15.945s][info][gc,start    ] GC(314) Pause Young (Normal) (G1 Evacuation Pause)
[2025-07-30T16:37:50.120+0800][15.945s][info][gc,task     ] GC(314) Using 1 workers of 1 for evacuation
[2025-07-30T16:37:50.135+0800][15.960s][info][gc,phases   ] GC(314)   Pre Evacuate Collection Set: 0.3ms
[2025-07-30T16:37:50.135+0800][15.960s][info][gc,phases   ] GC(314)   Merge Heap Roots: 0.0ms
[2025-07-30T16:37:50.135+0800][15.960s][info][gc,phases   ] GC(314)   Evacuate Collection Set: 13.8ms
[2025-07-30T16:37:50.135+0800][15.960s][info][gc,phases   ] GC(314)   Post Evacuate Collection Set: 0.6ms
[2025-07-30T16:37:50.135+0800][15.960s][info][gc,phases   ] GC(314)   Other: 0.1ms
[2025-07-30T16:37:50.135+0800][15.960s][info][gc,heap     ] GC(314) Eden regions: 1017->0(1019)
[2025-07-30T16:37:50.135+0800][15.960s][info][gc,heap     ] GC(314) Survivor regions: 146->145(146)
[2025-07-30T16:37:50.135+0800][15.960s][info][gc,heap     ] GC(314) Old regions: 561->561
[2025-07-30T16:37:50.135+0800][15.960s][info][gc,heap     ] GC(314) Humongous regions: 3->3
[2025-07-30T16:37:50.135+0800][15.960s][info][gc,metaspace] GC(314) Metaspace: 7094K(7424K)->7094K(7424K) NonClass: 6371K(6528K)->6371K(6528K) Class: 723K(896K)->723K(896K)
[2025-07-30T16:37:50.135+0800][15.960s][info][gc          ] GC(314) Pause Young (Normal) (G1 Evacuation Pause) 1726M->708M(2048M) 15.020ms
[2025-07-30T16:37:50.135+0800][15.960s][info][gc,cpu      ] GC(314) User=0.02s Sys=0.00s Real=0.02s
[2025-07-30T16:37:50.135+0800][15.960s][info][safepoint   ] Safepoint "G1CollectForAllocation", Time since last: 36520900 ns, Reaching safepoint: 2800 ns, Cleanup: 2800 ns, At safepoint: 15058200 ns, Total: 15063800 ns
[2025-07-30T16:37:50.171+0800][15.996s][info][gc,start    ] GC(315) Pause Young (Normal) (G1 Evacuation Pause)
[2025-07-30T16:37:50.171+0800][15.996s][info][gc,task     ] GC(315) Using 1 workers of 1 for evacuation
[2025-07-30T16:37:50.185+0800][16.011s][info][gc,phases   ] GC(315)   Pre Evacuate Collection Set: 0.3ms
[2025-07-30T16:37:50.185+0800][16.011s][info][gc,phases   ] GC(315)   Merge Heap Roots: 0.0ms
[2025-07-30T16:37:50.185+0800][16.011s][info][gc,phases   ] GC(315)   Evacuate Collection Set: 13.9ms
[2025-07-30T16:37:50.185+0800][16.011s][info][gc,phases   ] GC(315)   Post Evacuate Collection Set: 0.6ms
[2025-07-30T16:37:50.185+0800][16.011s][info][gc,phases   ] GC(315)   Other: 0.1ms
[2025-07-30T16:37:50.185+0800][16.011s][info][gc,heap     ] GC(315) Eden regions: 1019->0(1017)
[2025-07-30T16:37:50.185+0800][16.011s][info][gc,heap     ] GC(315) Survivor regions: 145->146(146)
[2025-07-30T16:37:50.185+0800][16.011s][info][gc,heap     ] GC(315) Old regions: 561->561
[2025-07-30T16:37:50.185+0800][16.011s][info][gc,heap     ] GC(315) Humongous regions: 3->3
[2025-07-30T16:37:50.185+0800][16.011s][info][gc,metaspace] GC(315) Metaspace: 7094K(7424K)->7094K(7424K) NonClass: 6371K(6528K)->6371K(6528K) Class: 723K(896K)->723K(896K)
[2025-07-30T16:37:50.185+0800][16.011s][info][gc          ] GC(315) Pause Young (Normal) (G1 Evacuation Pause) 1727M->709M(2048M) 15.037ms
[2025-07-30T16:37:50.185+0800][16.011s][info][gc,cpu      ] GC(315) User=0.02s Sys=0.00s Real=0.01s
[2025-07-30T16:37:50.186+0800][16.011s][info][safepoint   ] Safepoint "G1CollectForAllocation", Time since last: 36266100 ns, Reaching safepoint: 2100 ns, Cleanup: 2800 ns, At safepoint: 15073500 ns, Total: 15078400 ns
[2025-07-30T16:37:50.226+0800][16.051s][info][gc,start    ] GC(316) Pause Young (Normal) (G1 Evacuation Pause)
[2025-07-30T16:37:50.226+0800][16.051s][info][gc,task     ] GC(316) Using 1 workers of 1 for evacuation
[2025-07-30T16:37:50.242+0800][16.067s][info][gc,phases   ] GC(316)   Pre Evacuate Collection Set: 0.4ms
[2025-07-30T16:37:50.242+0800][16.067s][info][gc,phases   ] GC(316)   Merge Heap Roots: 0.1ms
[2025-07-30T16:37:50.242+0800][16.067s][info][gc,phases   ] GC(316)   Evacuate Collection Set: 15.1ms
[2025-07-30T16:37:50.242+0800][16.067s][info][gc,phases   ] GC(316)   Post Evacuate Collection Set: 0.7ms
[2025-07-30T16:37:50.242+0800][16.067s][info][gc,phases   ] GC(316)   Other: 0.1ms
[2025-07-30T16:37:50.242+0800][16.067s][info][gc,heap     ] GC(316) Eden regions: 1017->0(1017)
[2025-07-30T16:37:50.242+0800][16.067s][info][gc,heap     ] GC(316) Survivor regions: 146->146(146)
[2025-07-30T16:37:50.242+0800][16.067s][info][gc,heap     ] GC(316) Old regions: 561->561
[2025-07-30T16:37:50.242+0800][16.067s][info][gc,heap     ] GC(316) Humongous regions: 3->3
[2025-07-30T16:37:50.242+0800][16.067s][info][gc,metaspace] GC(316) Metaspace: 7094K(7424K)->7094K(7424K) NonClass: 6371K(6528K)->6371K(6528K) Class: 723K(896K)->723K(896K)
[2025-07-30T16:37:50.242+0800][16.067s][info][gc          ] GC(316) Pause Young (Normal) (G1 Evacuation Pause) 1726M->708M(2048M) 16.462ms
[2025-07-30T16:37:50.242+0800][16.067s][info][gc,cpu      ] GC(316) User=0.02s Sys=0.00s Real=0.02s
[2025-07-30T16:37:50.242+0800][16.067s][info][safepoint   ] Safepoint "G1CollectForAllocation", Time since last: 39588400 ns, Reaching safepoint: 3100 ns, Cleanup: 2500 ns, At safepoint: 16504200 ns, Total: 16509800 ns
[2025-07-30T16:37:50.279+0800][16.105s][info][gc,start    ] GC(317) Pause Young (Normal) (G1 Evacuation Pause)
[2025-07-30T16:37:50.279+0800][16.105s][info][gc,task     ] GC(317) Using 1 workers of 1 for evacuation
[2025-07-30T16:37:50.295+0800][16.120s][info][gc,phases   ] GC(317)   Pre Evacuate Collection Set: 0.4ms
[2025-07-30T16:37:50.295+0800][16.120s][info][gc,phases   ] GC(317)   Merge Heap Roots: 0.1ms
[2025-07-30T16:37:50.295+0800][16.120s][info][gc,phases   ] GC(317)   Evacuate Collection Set: 14.1ms
[2025-07-30T16:37:50.295+0800][16.120s][info][gc,phases   ] GC(317)   Post Evacuate Collection Set: 0.6ms
[2025-07-30T16:37:50.295+0800][16.120s][info][gc,phases   ] GC(317)   Other: 0.1ms
[2025-07-30T16:37:50.295+0800][16.120s][info][gc,heap     ] GC(317) Eden regions: 1017->0(1019)
[2025-07-30T16:37:50.295+0800][16.120s][info][gc,heap     ] GC(317) Survivor regions: 146->145(146)
[2025-07-30T16:37:50.295+0800][16.120s][info][gc,heap     ] GC(317) Old regions: 561->561
[2025-07-30T16:37:50.295+0800][16.120s][info][gc,heap     ] GC(317) Humongous regions: 3->3
[2025-07-30T16:37:50.295+0800][16.120s][info][gc,metaspace] GC(317) Metaspace: 7094K(7424K)->7094K(7424K) NonClass: 6371K(6528K)->6371K(6528K) Class: 723K(896K)->723K(896K)
[2025-07-30T16:37:50.295+0800][16.120s][info][gc          ] GC(317) Pause Young (Normal) (G1 Evacuation Pause) 1725M->707M(2048M) 15.491ms
[2025-07-30T16:37:50.295+0800][16.120s][info][gc,cpu      ] GC(317) User=0.02s Sys=0.02s Real=0.02s
[2025-07-30T16:37:50.295+0800][16.120s][info][safepoint   ] Safepoint "G1CollectForAllocation", Time since last: 37297300 ns, Reaching safepoint: 2900 ns, Cleanup: 2800 ns, At safepoint: 15531300 ns, Total: 15537000 ns
[2025-07-30T16:37:50.332+0800][16.157s][info][gc,start    ] GC(318) Pause Young (Normal) (G1 Evacuation Pause)
[2025-07-30T16:37:50.332+0800][16.157s][info][gc,task     ] GC(318) Using 1 workers of 1 for evacuation
[2025-07-30T16:37:50.346+0800][16.172s][info][gc,phases   ] GC(318)   Pre Evacuate Collection Set: 0.4ms
[2025-07-30T16:37:50.347+0800][16.172s][info][gc,phases   ] GC(318)   Merge Heap Roots: 0.1ms
[2025-07-30T16:37:50.347+0800][16.172s][info][gc,phases   ] GC(318)   Evacuate Collection Set: 13.6ms
[2025-07-30T16:37:50.347+0800][16.172s][info][gc,phases   ] GC(318)   Post Evacuate Collection Set: 1.0ms
[2025-07-30T16:37:50.347+0800][16.172s][info][gc,phases   ] GC(318)   Other: 0.1ms
[2025-07-30T16:37:50.347+0800][16.172s][info][gc,heap     ] GC(318) Eden regions: 1019->0(1018)
[2025-07-30T16:37:50.347+0800][16.172s][info][gc,heap     ] GC(318) Survivor regions: 145->146(146)
[2025-07-30T16:37:50.347+0800][16.172s][info][gc,heap     ] GC(318) Old regions: 561->561
[2025-07-30T16:37:50.347+0800][16.172s][info][gc,heap     ] GC(318) Humongous regions: 3->3
[2025-07-30T16:37:50.347+0800][16.172s][info][gc,metaspace] GC(318) Metaspace: 7099K(7424K)->7099K(7424K) NonClass: 6376K(6528K)->6376K(6528K) Class: 723K(896K)->723K(896K)
[2025-07-30T16:37:50.347+0800][16.172s][info][gc          ] GC(318) Pause Young (Normal) (G1 Evacuation Pause) 1726M->708M(2048M) 15.380ms
[2025-07-30T16:37:50.347+0800][16.172s][info][gc,cpu      ] GC(318) User=0.02s Sys=0.00s Real=0.01s
[2025-07-30T16:37:50.347+0800][16.172s][info][safepoint   ] Safepoint "G1CollectForAllocation", Time since last: 36803100 ns, Reaching safepoint: 3400 ns, Cleanup: 8100 ns, At safepoint: 15424400 ns, Total: 15435900 ns
[2025-07-30T16:37:50.384+0800][16.210s][info][gc,start    ] GC(319) Pause Young (Normal) (G1 Evacuation Pause)
[2025-07-30T16:37:50.384+0800][16.210s][info][gc,task     ] GC(319) Using 1 workers of 1 for evacuation
[2025-07-30T16:37:50.400+0800][16.225s][info][gc,phases   ] GC(319)   Pre Evacuate Collection Set: 0.4ms
[2025-07-30T16:37:50.400+0800][16.225s][info][gc,phases   ] GC(319)   Merge Heap Roots: 0.1ms
[2025-07-30T16:37:50.400+0800][16.225s][info][gc,phases   ] GC(319)   Evacuate Collection Set: 14.6ms
[2025-07-30T16:37:50.400+0800][16.225s][info][gc,phases   ] GC(319)   Post Evacuate Collection Set: 0.6ms
[2025-07-30T16:37:50.400+0800][16.225s][info][gc,phases   ] GC(319)   Other: 0.1ms
[2025-07-30T16:37:50.400+0800][16.225s][info][gc,heap     ] GC(319) Eden regions: 1018->0(1018)
[2025-07-30T16:37:50.400+0800][16.225s][info][gc,heap     ] GC(319) Survivor regions: 146->146(146)
[2025-07-30T16:37:50.400+0800][16.225s][info][gc,heap     ] GC(319) Old regions: 561->561
[2025-07-30T16:37:50.400+0800][16.225s][info][gc,heap     ] GC(319) Humongous regions: 3->3
[2025-07-30T16:37:50.400+0800][16.225s][info][gc,metaspace] GC(319) Metaspace: 7099K(7424K)->7099K(7424K) NonClass: 6376K(6528K)->6376K(6528K) Class: 723K(896K)->723K(896K)
[2025-07-30T16:37:50.400+0800][16.225s][info][gc          ] GC(319) Pause Young (Normal) (G1 Evacuation Pause) 1726M->708M(2048M) 15.942ms
[2025-07-30T16:37:50.400+0800][16.225s][info][gc,cpu      ] GC(319) User=0.02s Sys=0.00s Real=0.02s
[2025-07-30T16:37:50.400+0800][16.225s][info][safepoint   ] Safepoint "G1CollectForAllocation", Time since last: 37037100 ns, Reaching safepoint: 2500 ns, Cleanup: 2900 ns, At safepoint: 15983400 ns, Total: 15988800 ns
[2025-07-30T16:37:50.438+0800][16.263s][info][gc,start    ] GC(320) Pause Young (Normal) (G1 Evacuation Pause)
[2025-07-30T16:37:50.438+0800][16.263s][info][gc,task     ] GC(320) Using 1 workers of 1 for evacuation
[2025-07-30T16:37:50.453+0800][16.278s][info][gc,phases   ] GC(320)   Pre Evacuate Collection Set: 0.4ms
[2025-07-30T16:37:50.453+0800][16.278s][info][gc,phases   ] GC(320)   Merge Heap Roots: 0.0ms
[2025-07-30T16:37:50.453+0800][16.278s][info][gc,phases   ] GC(320)   Evacuate Collection Set: 13.6ms
[2025-07-30T16:37:50.453+0800][16.278s][info][gc,phases   ] GC(320)   Post Evacuate Collection Set: 0.6ms
[2025-07-30T16:37:50.453+0800][16.278s][info][gc,phases   ] GC(320)   Other: 0.1ms
[2025-07-30T16:37:50.453+0800][16.278s][info][gc,heap     ] GC(320) Eden regions: 1018->0(1018)
[2025-07-30T16:37:50.453+0800][16.278s][info][gc,heap     ] GC(320) Survivor regions: 146->146(146)
[2025-07-30T16:37:50.453+0800][16.278s][info][gc,heap     ] GC(320) Old regions: 561->561
[2025-07-30T16:37:50.453+0800][16.278s][info][gc,heap     ] GC(320) Humongous regions: 3->3
[2025-07-30T16:37:50.453+0800][16.278s][info][gc,metaspace] GC(320) Metaspace: 7099K(7424K)->7099K(7424K) NonClass: 6376K(6528K)->6376K(6528K) Class: 723K(896K)->723K(896K)
[2025-07-30T16:37:50.453+0800][16.278s][info][gc          ] GC(320) Pause Young (Normal) (G1 Evacuation Pause) 1726M->708M(2048M) 14.972ms
[2025-07-30T16:37:50.453+0800][16.278s][info][gc,cpu      ] GC(320) User=0.00s Sys=0.00s Real=0.02s
[2025-07-30T16:37:50.453+0800][16.278s][info][safepoint   ] Safepoint "G1CollectForAllocation", Time since last: 37742600 ns, Reaching safepoint: 2400 ns, Cleanup: 2800 ns, At safepoint: 15010800 ns, Total: 15016000 ns
[2025-07-30T16:37:50.490+0800][16.315s][info][gc,start    ] GC(321) Pause Young (Normal) (G1 Evacuation Pause)
[2025-07-30T16:37:50.490+0800][16.315s][info][gc,task     ] GC(321) Using 1 workers of 1 for evacuation
[2025-07-30T16:37:50.504+0800][16.330s][info][gc,phases   ] GC(321)   Pre Evacuate Collection Set: 0.3ms
[2025-07-30T16:37:50.505+0800][16.330s][info][gc,phases   ] GC(321)   Merge Heap Roots: 0.1ms
[2025-07-30T16:37:50.505+0800][16.330s][info][gc,phases   ] GC(321)   Evacuate Collection Set: 14.0ms
[2025-07-30T16:37:50.505+0800][16.330s][info][gc,phases   ] GC(321)   Post Evacuate Collection Set: 0.6ms
[2025-07-30T16:37:50.505+0800][16.330s][info][gc,phases   ] GC(321)   Other: 0.1ms
[2025-07-30T16:37:50.505+0800][16.330s][info][gc,heap     ] GC(321) Eden regions: 1018->0(1018)
[2025-07-30T16:37:50.505+0800][16.330s][info][gc,heap     ] GC(321) Survivor regions: 146->146(146)
[2025-07-30T16:37:50.505+0800][16.330s][info][gc,heap     ] GC(321) Old regions: 561->561
[2025-07-30T16:37:50.505+0800][16.330s][info][gc,heap     ] GC(321) Humongous regions: 3->3
[2025-07-30T16:37:50.505+0800][16.330s][info][gc,metaspace] GC(321) Metaspace: 7099K(7424K)->7099K(7424K) NonClass: 6376K(6528K)->6376K(6528K) Class: 723K(896K)->723K(896K)
[2025-07-30T16:37:50.505+0800][16.330s][info][gc          ] GC(321) Pause Young (Normal) (G1 Evacuation Pause) 1726M->708M(2048M) 15.238ms
[2025-07-30T16:37:50.505+0800][16.330s][info][gc,cpu      ] GC(321) User=0.02s Sys=0.00s Real=0.02s
[2025-07-30T16:37:50.505+0800][16.330s][info][safepoint   ] Safepoint "G1CollectForAllocation", Time since last: 36916300 ns, Reaching safepoint: 2400 ns, Cleanup: 2900 ns, At safepoint: 15277800 ns, Total: 15283100 ns
[2025-07-30T16:37:50.541+0800][16.367s][info][gc,start    ] GC(322) Pause Young (Normal) (G1 Evacuation Pause)
[2025-07-30T16:37:50.541+0800][16.367s][info][gc,task     ] GC(322) Using 1 workers of 1 for evacuation
[2025-07-30T16:37:50.557+0800][16.382s][info][gc,phases   ] GC(322)   Pre Evacuate Collection Set: 0.3ms
[2025-07-30T16:37:50.557+0800][16.382s][info][gc,phases   ] GC(322)   Merge Heap Roots: 0.0ms
[2025-07-30T16:37:50.557+0800][16.382s][info][gc,phases   ] GC(322)   Evacuate Collection Set: 14.0ms
[2025-07-30T16:37:50.557+0800][16.382s][info][gc,phases   ] GC(322)   Post Evacuate Collection Set: 0.6ms
[2025-07-30T16:37:50.557+0800][16.382s][info][gc,phases   ] GC(322)   Other: 0.1ms
[2025-07-30T16:37:50.557+0800][16.382s][info][gc,heap     ] GC(322) Eden regions: 1018->0(1017)
[2025-07-30T16:37:50.557+0800][16.382s][info][gc,heap     ] GC(322) Survivor regions: 146->146(146)
[2025-07-30T16:37:50.557+0800][16.382s][info][gc,heap     ] GC(322) Old regions: 561->561
[2025-07-30T16:37:50.557+0800][16.382s][info][gc,heap     ] GC(322) Humongous regions: 3->3
[2025-07-30T16:37:50.557+0800][16.382s][info][gc,metaspace] GC(322) Metaspace: 7099K(7424K)->7099K(7424K) NonClass: 6376K(6528K)->6376K(6528K) Class: 723K(896K)->723K(896K)
[2025-07-30T16:37:50.557+0800][16.382s][info][gc          ] GC(322) Pause Young (Normal) (G1 Evacuation Pause) 1726M->709M(2048M) 15.384ms
[2025-07-30T16:37:50.557+0800][16.382s][info][gc,cpu      ] GC(322) User=0.02s Sys=0.00s Real=0.02s
[2025-07-30T16:37:50.557+0800][16.382s][info][safepoint   ] Safepoint "G1CollectForAllocation", Time since last: 36446900 ns, Reaching safepoint: 2300 ns, Cleanup: 2900 ns, At safepoint: 15449500 ns, Total: 15454700 ns
[2025-07-30T16:37:50.595+0800][16.420s][info][gc,start    ] GC(323) Pause Young (Normal) (G1 Evacuation Pause)
[2025-07-30T16:37:50.595+0800][16.420s][info][gc,task     ] GC(323) Using 1 workers of 1 for evacuation
[2025-07-30T16:37:50.610+0800][16.436s][info][gc,phases   ] GC(323)   Pre Evacuate Collection Set: 0.3ms
[2025-07-30T16:37:50.610+0800][16.436s][info][gc,phases   ] GC(323)   Merge Heap Roots: 0.0ms
[2025-07-30T16:37:50.610+0800][16.436s][info][gc,phases   ] GC(323)   Evacuate Collection Set: 14.0ms
[2025-07-30T16:37:50.610+0800][16.436s][info][gc,phases   ] GC(323)   Post Evacuate Collection Set: 0.7ms
[2025-07-30T16:37:50.610+0800][16.436s][info][gc,phases   ] GC(323)   Other: 0.1ms
[2025-07-30T16:37:50.610+0800][16.436s][info][gc,heap     ] GC(323) Eden regions: 1017->0(1019)
[2025-07-30T16:37:50.610+0800][16.436s][info][gc,heap     ] GC(323) Survivor regions: 146->145(146)
[2025-07-30T16:37:50.610+0800][16.436s][info][gc,heap     ] GC(323) Old regions: 561->561
[2025-07-30T16:37:50.610+0800][16.436s][info][gc,heap     ] GC(323) Humongous regions: 3->3
[2025-07-30T16:37:50.610+0800][16.436s][info][gc,metaspace] GC(323) Metaspace: 7099K(7424K)->7099K(7424K) NonClass: 6376K(6528K)->6376K(6528K) Class: 723K(896K)->723K(896K)
[2025-07-30T16:37:50.610+0800][16.436s][info][gc          ] GC(323) Pause Young (Normal) (G1 Evacuation Pause) 1726M->708M(2048M) 15.378ms
[2025-07-30T16:37:50.610+0800][16.436s][info][gc,cpu      ] GC(323) User=0.02s Sys=0.00s Real=0.01s
[2025-07-30T16:37:50.610+0800][16.436s][info][safepoint   ] Safepoint "G1CollectForAllocation", Time since last: 37915400 ns, Reaching safepoint: 2700 ns, Cleanup: 3400 ns, At safepoint: 15416600 ns, Total: 15422700 ns
[2025-07-30T16:37:50.648+0800][16.473s][info][gc,start    ] GC(324) Pause Young (Normal) (G1 Evacuation Pause)
[2025-07-30T16:37:50.648+0800][16.473s][info][gc,task     ] GC(324) Using 1 workers of 1 for evacuation
[2025-07-30T16:37:50.662+0800][16.488s][info][gc,phases   ] GC(324)   Pre Evacuate Collection Set: 0.3ms
[2025-07-30T16:37:50.662+0800][16.488s][info][gc,phases   ] GC(324)   Merge Heap Roots: 0.1ms
[2025-07-30T16:37:50.662+0800][16.488s][info][gc,phases   ] GC(324)   Evacuate Collection Set: 13.9ms
[2025-07-30T16:37:50.662+0800][16.488s][info][gc,phases   ] GC(324)   Post Evacuate Collection Set: 0.7ms
[2025-07-30T16:37:50.662+0800][16.488s][info][gc,phases   ] GC(324)   Other: 0.1ms
[2025-07-30T16:37:50.662+0800][16.488s][info][gc,heap     ] GC(324) Eden regions: 1019->0(1017)
[2025-07-30T16:37:50.662+0800][16.488s][info][gc,heap     ] GC(324) Survivor regions: 145->146(146)
[2025-07-30T16:37:50.662+0800][16.488s][info][gc,heap     ] GC(324) Old regions: 561->561
[2025-07-30T16:37:50.662+0800][16.488s][info][gc,heap     ] GC(324) Humongous regions: 3->3
[2025-07-30T16:37:50.662+0800][16.488s][info][gc,metaspace] GC(324) Metaspace: 7099K(7424K)->7099K(7424K) NonClass: 6376K(6528K)->6376K(6528K) Class: 723K(896K)->723K(896K)
[2025-07-30T16:37:50.662+0800][16.488s][info][gc          ] GC(324) Pause Young (Normal) (G1 Evacuation Pause) 1727M->709M(2048M) 15.248ms
[2025-07-30T16:37:50.662+0800][16.488s][info][gc,cpu      ] GC(324) User=0.02s Sys=0.00s Real=0.01s
[2025-07-30T16:37:50.662+0800][16.488s][info][safepoint   ] Safepoint "G1CollectForAllocation", Time since last: 36991800 ns, Reaching safepoint: 3100 ns, Cleanup: 3600 ns, At safepoint: 15287400 ns, Total: 15294100 ns
[2025-07-30T16:37:50.699+0800][16.524s][info][gc,start    ] GC(325) Pause Young (Normal) (G1 Evacuation Pause)
[2025-07-30T16:37:50.699+0800][16.524s][info][gc,task     ] GC(325) Using 1 workers of 1 for evacuation
[2025-07-30T16:37:50.716+0800][16.541s][info][gc,phases   ] GC(325)   Pre Evacuate Collection Set: 0.3ms
[2025-07-30T16:37:50.716+0800][16.541s][info][gc,phases   ] GC(325)   Merge Heap Roots: 0.0ms
[2025-07-30T16:37:50.716+0800][16.541s][info][gc,phases   ] GC(325)   Evacuate Collection Set: 15.8ms
[2025-07-30T16:37:50.716+0800][16.541s][info][gc,phases   ] GC(325)   Post Evacuate Collection Set: 0.6ms
[2025-07-30T16:37:50.716+0800][16.541s][info][gc,phases   ] GC(325)   Other: 0.1ms
[2025-07-30T16:37:50.716+0800][16.541s][info][gc,heap     ] GC(325) Eden regions: 1017->0(1019)
[2025-07-30T16:37:50.716+0800][16.541s][info][gc,heap     ] GC(325) Survivor regions: 146->145(146)
[2025-07-30T16:37:50.716+0800][16.541s][info][gc,heap     ] GC(325) Old regions: 561->561
[2025-07-30T16:37:50.716+0800][16.541s][info][gc,heap     ] GC(325) Humongous regions: 3->3
[2025-07-30T16:37:50.716+0800][16.541s][info][gc,metaspace] GC(325) Metaspace: 7099K(7424K)->7099K(7424K) NonClass: 6376K(6528K)->6376K(6528K) Class: 723K(896K)->723K(896K)
[2025-07-30T16:37:50.716+0800][16.541s][info][gc          ] GC(325) Pause Young (Normal) (G1 Evacuation Pause) 1726M->708M(2048M) 17.066ms
[2025-07-30T16:37:50.716+0800][16.541s][info][gc,cpu      ] GC(325) User=0.00s Sys=0.00s Real=0.02s
[2025-07-30T16:37:50.716+0800][16.541s][info][safepoint   ] Safepoint "G1CollectForAllocation", Time since last: 36244600 ns, Reaching safepoint: 2400 ns, Cleanup: 2700 ns, At safepoint: 17103200 ns, Total: 17108300 ns
[2025-07-30T16:37:50.753+0800][16.578s][info][gc,start    ] GC(326) Pause Young (Normal) (G1 Evacuation Pause)
[2025-07-30T16:37:50.753+0800][16.578s][info][gc,task     ] GC(326) Using 1 workers of 1 for evacuation
[2025-07-30T16:37:50.769+0800][16.594s][info][gc,phases   ] GC(326)   Pre Evacuate Collection Set: 0.3ms
[2025-07-30T16:37:50.769+0800][16.594s][info][gc,phases   ] GC(326)   Merge Heap Roots: 0.0ms
[2025-07-30T16:37:50.769+0800][16.594s][info][gc,phases   ] GC(326)   Evacuate Collection Set: 14.6ms
[2025-07-30T16:37:50.769+0800][16.594s][info][gc,phases   ] GC(326)   Post Evacuate Collection Set: 0.6ms
[2025-07-30T16:37:50.769+0800][16.594s][info][gc,phases   ] GC(326)   Other: 0.1ms
[2025-07-30T16:37:50.769+0800][16.594s][info][gc,heap     ] GC(326) Eden regions: 1019->0(1017)
[2025-07-30T16:37:50.769+0800][16.594s][info][gc,heap     ] GC(326) Survivor regions: 145->146(146)
[2025-07-30T16:37:50.769+0800][16.594s][info][gc,heap     ] GC(326) Old regions: 561->561
[2025-07-30T16:37:50.769+0800][16.594s][info][gc,heap     ] GC(326) Humongous regions: 3->3
[2025-07-30T16:37:50.769+0800][16.594s][info][gc,metaspace] GC(326) Metaspace: 7099K(7424K)->7099K(7424K) NonClass: 6376K(6528K)->6376K(6528K) Class: 723K(896K)->723K(896K)
[2025-07-30T16:37:50.769+0800][16.594s][info][gc          ] GC(326) Pause Young (Normal) (G1 Evacuation Pause) 1727M->709M(2048M) 15.748ms
[2025-07-30T16:37:50.769+0800][16.594s][info][gc,cpu      ] GC(326) User=0.02s Sys=0.00s Real=0.02s
[2025-07-30T16:37:50.769+0800][16.594s][info][safepoint   ] Safepoint "G1CollectForAllocation", Time since last: 37036100 ns, Reaching safepoint: 2200 ns, Cleanup: 3100 ns, At safepoint: 15784700 ns, Total: 15790000 ns
[2025-07-30T16:37:50.805+0800][16.630s][info][gc,start    ] GC(327) Pause Young (Normal) (G1 Evacuation Pause)
[2025-07-30T16:37:50.805+0800][16.630s][info][gc,task     ] GC(327) Using 1 workers of 1 for evacuation
[2025-07-30T16:37:50.820+0800][16.645s][info][gc,phases   ] GC(327)   Pre Evacuate Collection Set: 0.3ms
[2025-07-30T16:37:50.820+0800][16.645s][info][gc,phases   ] GC(327)   Merge Heap Roots: 0.0ms
[2025-07-30T16:37:50.820+0800][16.645s][info][gc,phases   ] GC(327)   Evacuate Collection Set: 13.7ms
[2025-07-30T16:37:50.820+0800][16.645s][info][gc,phases   ] GC(327)   Post Evacuate Collection Set: 0.6ms
[2025-07-30T16:37:50.820+0800][16.645s][info][gc,phases   ] GC(327)   Other: 0.1ms
[2025-07-30T16:37:50.820+0800][16.645s][info][gc,heap     ] GC(327) Eden regions: 1017->0(1017)
[2025-07-30T16:37:50.820+0800][16.645s][info][gc,heap     ] GC(327) Survivor regions: 146->146(146)
[2025-07-30T16:37:50.820+0800][16.645s][info][gc,heap     ] GC(327) Old regions: 561->561
[2025-07-30T16:37:50.820+0800][16.645s][info][gc,heap     ] GC(327) Humongous regions: 3->3
[2025-07-30T16:37:50.820+0800][16.645s][info][gc,metaspace] GC(327) Metaspace: 7099K(7424K)->7099K(7424K) NonClass: 6376K(6528K)->6376K(6528K) Class: 723K(896K)->723K(896K)
[2025-07-30T16:37:50.820+0800][16.645s][info][gc          ] GC(327) Pause Young (Normal) (G1 Evacuation Pause) 1726M->708M(2048M) 14.865ms
[2025-07-30T16:37:50.820+0800][16.645s][info][gc,cpu      ] GC(327) User=0.02s Sys=0.00s Real=0.01s
[2025-07-30T16:37:50.820+0800][16.645s][info][safepoint   ] Safepoint "G1CollectForAllocation", Time since last: 36208700 ns, Reaching safepoint: 1900 ns, Cleanup: 2500 ns, At safepoint: 14902400 ns, Total: 14906800 ns
[2025-07-30T16:37:50.856+0800][16.681s][info][gc,start    ] GC(328) Pause Young (Normal) (G1 Evacuation Pause)
[2025-07-30T16:37:50.856+0800][16.681s][info][gc,task     ] GC(328) Using 1 workers of 1 for evacuation
[2025-07-30T16:37:50.871+0800][16.696s][info][gc,phases   ] GC(328)   Pre Evacuate Collection Set: 0.3ms
[2025-07-30T16:37:50.871+0800][16.696s][info][gc,phases   ] GC(328)   Merge Heap Roots: 0.0ms
[2025-07-30T16:37:50.871+0800][16.696s][info][gc,phases   ] GC(328)   Evacuate Collection Set: 14.1ms
[2025-07-30T16:37:50.871+0800][16.696s][info][gc,phases   ] GC(328)   Post Evacuate Collection Set: 0.6ms
[2025-07-30T16:37:50.871+0800][16.696s][info][gc,phases   ] GC(328)   Other: 0.1ms
[2025-07-30T16:37:50.871+0800][16.697s][info][gc,heap     ] GC(328) Eden regions: 1017->0(1019)
[2025-07-30T16:37:50.871+0800][16.697s][info][gc,heap     ] GC(328) Survivor regions: 146->145(146)
[2025-07-30T16:37:50.871+0800][16.697s][info][gc,heap     ] GC(328) Old regions: 561->561
[2025-07-30T16:37:50.871+0800][16.697s][info][gc,heap     ] GC(328) Humongous regions: 3->3
[2025-07-30T16:37:50.871+0800][16.697s][info][gc,metaspace] GC(328) Metaspace: 7099K(7424K)->7099K(7424K) NonClass: 6376K(6528K)->6376K(6528K) Class: 723K(896K)->723K(896K)
[2025-07-30T16:37:50.871+0800][16.697s][info][gc          ] GC(328) Pause Young (Normal) (G1 Evacuation Pause) 1725M->707M(2048M) 15.236ms
[2025-07-30T16:37:50.871+0800][16.697s][info][gc,cpu      ] GC(328) User=0.02s Sys=0.00s Real=0.02s
[2025-07-30T16:37:50.871+0800][16.697s][info][safepoint   ] Safepoint "G1CollectForAllocation", Time since last: 36063200 ns, Reaching safepoint: 2000 ns, Cleanup: 2900 ns, At safepoint: 15272800 ns, Total: 15277700 ns
[2025-07-30T16:37:50.907+0800][16.733s][info][gc,start    ] GC(329) Pause Young (Normal) (G1 Evacuation Pause)
[2025-07-30T16:37:50.907+0800][16.733s][info][gc,task     ] GC(329) Using 1 workers of 1 for evacuation
[2025-07-30T16:37:50.922+0800][16.748s][info][gc,phases   ] GC(329)   Pre Evacuate Collection Set: 0.3ms
[2025-07-30T16:37:50.923+0800][16.748s][info][gc,phases   ] GC(329)   Merge Heap Roots: 0.1ms
[2025-07-30T16:37:50.923+0800][16.748s][info][gc,phases   ] GC(329)   Evacuate Collection Set: 14.3ms
[2025-07-30T16:37:50.923+0800][16.748s][info][gc,phases   ] GC(329)   Post Evacuate Collection Set: 0.5ms
[2025-07-30T16:37:50.923+0800][16.748s][info][gc,phases   ] GC(329)   Other: 0.1ms
[2025-07-30T16:37:50.923+0800][16.748s][info][gc,heap     ] GC(329) Eden regions: 1019->0(1018)
[2025-07-30T16:37:50.923+0800][16.748s][info][gc,heap     ] GC(329) Survivor regions: 145->146(146)
[2025-07-30T16:37:50.923+0800][16.748s][info][gc,heap     ] GC(329) Old regions: 561->561
[2025-07-30T16:37:50.923+0800][16.748s][info][gc,heap     ] GC(329) Humongous regions: 3->3
[2025-07-30T16:37:50.923+0800][16.748s][info][gc,metaspace] GC(329) Metaspace: 7099K(7424K)->7099K(7424K) NonClass: 6376K(6528K)->6376K(6528K) Class: 723K(896K)->723K(896K)
[2025-07-30T16:37:50.923+0800][16.748s][info][gc          ] GC(329) Pause Young (Normal) (G1 Evacuation Pause) 1726M->708M(2048M) 15.501ms
[2025-07-30T16:37:50.923+0800][16.748s][info][gc,cpu      ] GC(329) User=0.02s Sys=0.00s Real=0.02s
[2025-07-30T16:37:50.923+0800][16.749s][info][safepoint   ] Safepoint "G1CollectForAllocation", Time since last: 36328700 ns, Reaching safepoint: 1800 ns, Cleanup: 2700 ns, At safepoint: 15578900 ns, Total: 15583400 ns
[2025-07-30T16:37:50.959+0800][16.785s][info][gc,start    ] GC(330) Pause Young (Normal) (G1 Evacuation Pause)
[2025-07-30T16:37:50.959+0800][16.785s][info][gc,task     ] GC(330) Using 1 workers of 1 for evacuation
[2025-07-30T16:37:50.974+0800][16.800s][info][gc,phases   ] GC(330)   Pre Evacuate Collection Set: 0.3ms
[2025-07-30T16:37:50.974+0800][16.800s][info][gc,phases   ] GC(330)   Merge Heap Roots: 0.1ms
[2025-07-30T16:37:50.974+0800][16.800s][info][gc,phases   ] GC(330)   Evacuate Collection Set: 14.0ms
[2025-07-30T16:37:50.974+0800][16.800s][info][gc,phases   ] GC(330)   Post Evacuate Collection Set: 0.5ms
[2025-07-30T16:37:50.974+0800][16.800s][info][gc,phases   ] GC(330)   Other: 0.1ms
[2025-07-30T16:37:50.974+0800][16.800s][info][gc,heap     ] GC(330) Eden regions: 1018->0(1018)
[2025-07-30T16:37:50.974+0800][16.800s][info][gc,heap     ] GC(330) Survivor regions: 146->146(146)
[2025-07-30T16:37:50.974+0800][16.800s][info][gc,heap     ] GC(330) Old regions: 561->561
[2025-07-30T16:37:50.974+0800][16.800s][info][gc,heap     ] GC(330) Humongous regions: 3->3
[2025-07-30T16:37:50.974+0800][16.800s][info][gc,metaspace] GC(330) Metaspace: 7099K(7424K)->7099K(7424K) NonClass: 6376K(6528K)->6376K(6528K) Class: 723K(896K)->723K(896K)
[2025-07-30T16:37:50.974+0800][16.800s][info][gc          ] GC(330) Pause Young (Normal) (G1 Evacuation Pause) 1726M->708M(2048M) 15.130ms
[2025-07-30T16:37:50.974+0800][16.800s][info][gc,cpu      ] GC(330) User=0.02s Sys=0.00s Real=0.01s
[2025-07-30T16:37:50.974+0800][16.800s][info][safepoint   ] Safepoint "G1CollectForAllocation", Time since last: 36178800 ns, Reaching safepoint: 1800 ns, Cleanup: 2600 ns, At safepoint: 15166400 ns, Total: 15170800 ns
[2025-07-30T16:37:51.013+0800][16.838s][info][gc,start    ] GC(331) Pause Young (Normal) (G1 Evacuation Pause)
[2025-07-30T16:37:51.013+0800][16.838s][info][gc,task     ] GC(331) Using 1 workers of 1 for evacuation
[2025-07-30T16:37:51.029+0800][16.854s][info][gc,phases   ] GC(331)   Pre Evacuate Collection Set: 0.3ms
[2025-07-30T16:37:51.029+0800][16.855s][info][gc,phases   ] GC(331)   Merge Heap Roots: 0.1ms
[2025-07-30T16:37:51.029+0800][16.855s][info][gc,phases   ] GC(331)   Evacuate Collection Set: 15.7ms
[2025-07-30T16:37:51.029+0800][16.855s][info][gc,phases   ] GC(331)   Post Evacuate Collection Set: 0.7ms
[2025-07-30T16:37:51.029+0800][16.855s][info][gc,phases   ] GC(331)   Other: 0.1ms
[2025-07-30T16:37:51.029+0800][16.855s][info][gc,heap     ] GC(331) Eden regions: 1018->0(1017)
[2025-07-30T16:37:51.029+0800][16.855s][info][gc,heap     ] GC(331) Survivor regions: 146->146(146)
[2025-07-30T16:37:51.029+0800][16.855s][info][gc,heap     ] GC(331) Old regions: 561->561
[2025-07-30T16:37:51.029+0800][16.855s][info][gc,heap     ] GC(331) Humongous regions: 3->3
[2025-07-30T16:37:51.029+0800][16.855s][info][gc,metaspace] GC(331) Metaspace: 7099K(7424K)->7099K(7424K) NonClass: 6376K(6528K)->6376K(6528K) Class: 723K(896K)->723K(896K)
[2025-07-30T16:37:51.029+0800][16.855s][info][gc          ] GC(331) Pause Young (Normal) (G1 Evacuation Pause) 1726M->709M(2048M) 16.938ms
[2025-07-30T16:37:51.029+0800][16.855s][info][gc,cpu      ] GC(331) User=0.02s Sys=0.00s Real=0.02s
[2025-07-30T16:37:51.029+0800][16.855s][info][safepoint   ] Safepoint "G1CollectForAllocation", Time since last: 37828100 ns, Reaching safepoint: 1900 ns, Cleanup: 2400 ns, At safepoint: 16975100 ns, Total: 16979400 ns
[2025-07-30T16:37:51.070+0800][16.895s][info][gc,start    ] GC(332) Pause Young (Normal) (G1 Evacuation Pause)
[2025-07-30T16:37:51.070+0800][16.895s][info][gc,task     ] GC(332) Using 1 workers of 1 for evacuation
[2025-07-30T16:37:51.089+0800][16.914s][info][gc,phases   ] GC(332)   Pre Evacuate Collection Set: 0.4ms
[2025-07-30T16:37:51.089+0800][16.914s][info][gc,phases   ] GC(332)   Merge Heap Roots: 0.1ms
[2025-07-30T16:37:51.089+0800][16.914s][info][gc,phases   ] GC(332)   Evacuate Collection Set: 17.4ms
[2025-07-30T16:37:51.089+0800][16.914s][info][gc,phases   ] GC(332)   Post Evacuate Collection Set: 0.7ms
[2025-07-30T16:37:51.089+0800][16.914s][info][gc,phases   ] GC(332)   Other: 0.1ms
[2025-07-30T16:37:51.089+0800][16.914s][info][gc,heap     ] GC(332) Eden regions: 1017->0(1019)
[2025-07-30T16:37:51.089+0800][16.914s][info][gc,heap     ] GC(332) Survivor regions: 146->145(146)
[2025-07-30T16:37:51.089+0800][16.914s][info][gc,heap     ] GC(332) Old regions: 561->561
[2025-07-30T16:37:51.089+0800][16.914s][info][gc,heap     ] GC(332) Humongous regions: 3->3
[2025-07-30T16:37:51.089+0800][16.914s][info][gc,metaspace] GC(332) Metaspace: 7099K(7424K)->7099K(7424K) NonClass: 6376K(6528K)->6376K(6528K) Class: 723K(896K)->723K(896K)
[2025-07-30T16:37:51.089+0800][16.914s][info][gc          ] GC(332) Pause Young (Normal) (G1 Evacuation Pause) 1726M->708M(2048M) 18.893ms
[2025-07-30T16:37:51.089+0800][16.914s][info][gc,cpu      ] GC(332) User=0.02s Sys=0.00s Real=0.02s
[2025-07-30T16:37:51.089+0800][16.914s][info][safepoint   ] Safepoint "G1CollectForAllocation", Time since last: 40556200 ns, Reaching safepoint: 3300 ns, Cleanup: 3800 ns, At safepoint: 18936800 ns, Total: 18943900 ns
[2025-07-30T16:37:51.129+0800][16.954s][info][gc,start    ] GC(333) Pause Young (Normal) (G1 Evacuation Pause)
[2025-07-30T16:37:51.129+0800][16.954s][info][gc,task     ] GC(333) Using 1 workers of 1 for evacuation
[2025-07-30T16:37:51.145+0800][16.970s][info][gc,phases   ] GC(333)   Pre Evacuate Collection Set: 0.5ms
[2025-07-30T16:37:51.145+0800][16.970s][info][gc,phases   ] GC(333)   Merge Heap Roots: 0.1ms
[2025-07-30T16:37:51.145+0800][16.970s][info][gc,phases   ] GC(333)   Evacuate Collection Set: 15.0ms
[2025-07-30T16:37:51.145+0800][16.970s][info][gc,phases   ] GC(333)   Post Evacuate Collection Set: 0.7ms
[2025-07-30T16:37:51.145+0800][16.970s][info][gc,phases   ] GC(333)   Other: 0.1ms
[2025-07-30T16:37:51.145+0800][16.970s][info][gc,heap     ] GC(333) Eden regions: 1019->0(1017)
[2025-07-30T16:37:51.145+0800][16.970s][info][gc,heap     ] GC(333) Survivor regions: 145->146(146)
[2025-07-30T16:37:51.145+0800][16.970s][info][gc,heap     ] GC(333) Old regions: 561->561
[2025-07-30T16:37:51.145+0800][16.970s][info][gc,heap     ] GC(333) Humongous regions: 3->3
[2025-07-30T16:37:51.145+0800][16.970s][info][gc,metaspace] GC(333) Metaspace: 7099K(7424K)->7099K(7424K) NonClass: 6376K(6528K)->6376K(6528K) Class: 723K(896K)->723K(896K)
[2025-07-30T16:37:51.145+0800][16.970s][info][gc          ] GC(333) Pause Young (Normal) (G1 Evacuation Pause) 1727M->709M(2048M) 16.494ms
[2025-07-30T16:37:51.145+0800][16.970s][info][gc,cpu      ] GC(333) User=0.02s Sys=0.00s Real=0.02s
[2025-07-30T16:37:51.145+0800][16.970s][info][safepoint   ] Safepoint "G1CollectForAllocation", Time since last: 39404700 ns, Reaching safepoint: 4700 ns, Cleanup: 5200 ns, At safepoint: 16536200 ns, Total: 16546100 ns
[2025-07-30T16:37:51.184+0800][17.009s][info][gc,start    ] GC(334) Pause Young (Normal) (G1 Evacuation Pause)
[2025-07-30T16:37:51.184+0800][17.009s][info][gc,task     ] GC(334) Using 1 workers of 1 for evacuation
[2025-07-30T16:37:51.199+0800][17.025s][info][gc,phases   ] GC(334)   Pre Evacuate Collection Set: 0.5ms
[2025-07-30T16:37:51.199+0800][17.025s][info][gc,phases   ] GC(334)   Merge Heap Roots: 0.1ms
[2025-07-30T16:37:51.199+0800][17.025s][info][gc,phases   ] GC(334)   Evacuate Collection Set: 14.5ms
[2025-07-30T16:37:51.199+0800][17.025s][info][gc,phases   ] GC(334)   Post Evacuate Collection Set: 0.8ms
[2025-07-30T16:37:51.199+0800][17.025s][info][gc,phases   ] GC(334)   Other: 0.1ms
[2025-07-30T16:37:51.199+0800][17.025s][info][gc,heap     ] GC(334) Eden regions: 1017->0(1019)
[2025-07-30T16:37:51.199+0800][17.025s][info][gc,heap     ] GC(334) Survivor regions: 146->145(146)
[2025-07-30T16:37:51.199+0800][17.025s][info][gc,heap     ] GC(334) Old regions: 561->561
[2025-07-30T16:37:51.199+0800][17.025s][info][gc,heap     ] GC(334) Humongous regions: 3->3
[2025-07-30T16:37:51.199+0800][17.025s][info][gc,metaspace] GC(334) Metaspace: 7099K(7424K)->7099K(7424K) NonClass: 6376K(6528K)->6376K(6528K) Class: 723K(896K)->723K(896K)
[2025-07-30T16:37:51.199+0800][17.025s][info][gc          ] GC(334) Pause Young (Normal) (G1 Evacuation Pause) 1726M->708M(2048M) 16.017ms
[2025-07-30T16:37:51.199+0800][17.025s][info][gc,cpu      ] GC(334) User=0.02s Sys=0.00s Real=0.01s
[2025-07-30T16:37:51.199+0800][17.025s][info][safepoint   ] Safepoint "G1CollectForAllocation", Time since last: 38795300 ns, Reaching safepoint: 4200 ns, Cleanup: 4800 ns, At safepoint: 16058100 ns, Total: 16067100 ns
[2025-07-30T16:37:51.239+0800][17.065s][info][gc,start    ] GC(335) Pause Young (Normal) (G1 Evacuation Pause)
[2025-07-30T16:37:51.239+0800][17.065s][info][gc,task     ] GC(335) Using 1 workers of 1 for evacuation
[2025-07-30T16:37:51.256+0800][17.081s][info][gc,phases   ] GC(335)   Pre Evacuate Collection Set: 0.5ms
[2025-07-30T16:37:51.256+0800][17.081s][info][gc,phases   ] GC(335)   Merge Heap Roots: 0.1ms
[2025-07-30T16:37:51.256+0800][17.081s][info][gc,phases   ] GC(335)   Evacuate Collection Set: 15.1ms
[2025-07-30T16:37:51.256+0800][17.082s][info][gc,phases   ] GC(335)   Post Evacuate Collection Set: 0.7ms
[2025-07-30T16:37:51.256+0800][17.082s][info][gc,phases   ] GC(335)   Other: 0.1ms
[2025-07-30T16:37:51.256+0800][17.082s][info][gc,heap     ] GC(335) Eden regions: 1019->0(1017)
[2025-07-30T16:37:51.256+0800][17.082s][info][gc,heap     ] GC(335) Survivor regions: 145->146(146)
[2025-07-30T16:37:51.256+0800][17.082s][info][gc,heap     ] GC(335) Old regions: 561->561
[2025-07-30T16:37:51.256+0800][17.082s][info][gc,heap     ] GC(335) Humongous regions: 3->3
[2025-07-30T16:37:51.256+0800][17.082s][info][gc,metaspace] GC(335) Metaspace: 7099K(7424K)->7099K(7424K) NonClass: 6376K(6528K)->6376K(6528K) Class: 723K(896K)->723K(896K)
[2025-07-30T16:37:51.256+0800][17.082s][info][gc          ] GC(335) Pause Young (Normal) (G1 Evacuation Pause) 1727M->709M(2048M) 16.668ms
[2025-07-30T16:37:51.256+0800][17.082s][info][gc,cpu      ] GC(335) User=0.02s Sys=0.00s Real=0.02s
[2025-07-30T16:37:51.256+0800][17.082s][info][safepoint   ] Safepoint "G1CollectForAllocation", Time since last: 39923400 ns, Reaching safepoint: 5300 ns, Cleanup: 5700 ns, At safepoint: 16709800 ns, Total: 16720800 ns
[2025-07-30T16:37:51.295+0800][17.120s][info][gc,start    ] GC(336) Pause Young (Normal) (G1 Evacuation Pause)
[2025-07-30T16:37:51.295+0800][17.120s][info][gc,task     ] GC(336) Using 1 workers of 1 for evacuation
[2025-07-30T16:37:51.311+0800][17.137s][info][gc,phases   ] GC(336)   Pre Evacuate Collection Set: 0.4ms
[2025-07-30T16:37:51.311+0800][17.137s][info][gc,phases   ] GC(336)   Merge Heap Roots: 0.1ms
[2025-07-30T16:37:51.312+0800][17.137s][info][gc,phases   ] GC(336)   Evacuate Collection Set: 15.4ms
[2025-07-30T16:37:51.312+0800][17.137s][info][gc,phases   ] GC(336)   Post Evacuate Collection Set: 0.7ms
[2025-07-30T16:37:51.312+0800][17.137s][info][gc,phases   ] GC(336)   Other: 0.1ms
[2025-07-30T16:37:51.312+0800][17.137s][info][gc,heap     ] GC(336) Eden regions: 1017->0(1017)
[2025-07-30T16:37:51.312+0800][17.137s][info][gc,heap     ] GC(336) Survivor regions: 146->146(146)
[2025-07-30T16:37:51.312+0800][17.137s][info][gc,heap     ] GC(336) Old regions: 561->561
[2025-07-30T16:37:51.312+0800][17.137s][info][gc,heap     ] GC(336) Humongous regions: 3->3
[2025-07-30T16:37:51.312+0800][17.137s][info][gc,metaspace] GC(336) Metaspace: 7099K(7424K)->7099K(7424K) NonClass: 6376K(6528K)->6376K(6528K) Class: 723K(896K)->723K(896K)
[2025-07-30T16:37:51.312+0800][17.137s][info][gc          ] GC(336) Pause Young (Normal) (G1 Evacuation Pause) 1726M->708M(2048M) 16.885ms
[2025-07-30T16:37:51.312+0800][17.137s][info][gc,cpu      ] GC(336) User=0.02s Sys=0.00s Real=0.02s
[2025-07-30T16:37:51.312+0800][17.137s][info][safepoint   ] Safepoint "G1CollectForAllocation", Time since last: 38347700 ns, Reaching safepoint: 4200 ns, Cleanup: 5400 ns, At safepoint: 16933300 ns, Total: 16942900 ns
[2025-07-30T16:37:51.352+0800][17.177s][info][gc,start    ] GC(337) Pause Young (Normal) (G1 Evacuation Pause)
[2025-07-30T16:37:51.352+0800][17.177s][info][gc,task     ] GC(337) Using 1 workers of 1 for evacuation
[2025-07-30T16:37:51.368+0800][17.194s][info][gc,phases   ] GC(337)   Pre Evacuate Collection Set: 0.5ms
[2025-07-30T16:37:51.368+0800][17.194s][info][gc,phases   ] GC(337)   Merge Heap Roots: 0.1ms
[2025-07-30T16:37:51.368+0800][17.194s][info][gc,phases   ] GC(337)   Evacuate Collection Set: 15.2ms
[2025-07-30T16:37:51.368+0800][17.194s][info][gc,phases   ] GC(337)   Post Evacuate Collection Set: 0.7ms
[2025-07-30T16:37:51.368+0800][17.194s][info][gc,phases   ] GC(337)   Other: 0.1ms
[2025-07-30T16:37:51.368+0800][17.194s][info][gc,heap     ] GC(337) Eden regions: 1017->0(1019)
[2025-07-30T16:37:51.368+0800][17.194s][info][gc,heap     ] GC(337) Survivor regions: 146->145(146)
[2025-07-30T16:37:51.368+0800][17.194s][info][gc,heap     ] GC(337) Old regions: 561->561
[2025-07-30T16:37:51.368+0800][17.194s][info][gc,heap     ] GC(337) Humongous regions: 3->3
[2025-07-30T16:37:51.368+0800][17.194s][info][gc,metaspace] GC(337) Metaspace: 7106K(7424K)->7106K(7424K) NonClass: 6383K(6528K)->6383K(6528K) Class: 723K(896K)->723K(896K)
[2025-07-30T16:37:51.368+0800][17.194s][info][gc          ] GC(337) Pause Young (Normal) (G1 Evacuation Pause) 1725M->707M(2048M) 16.735ms
[2025-07-30T16:37:51.368+0800][17.194s][info][gc,cpu      ] GC(337) User=0.02s Sys=0.00s Real=0.02s
[2025-07-30T16:37:51.368+0800][17.194s][info][safepoint   ] Safepoint "G1CollectForAllocation", Time since last: 40227300 ns, Reaching safepoint: 2700 ns, Cleanup: 5800 ns, At safepoint: 16777700 ns, Total: 16786200 ns
[2025-07-30T16:37:51.409+0800][17.235s][info][gc,start    ] GC(338) Pause Young (Normal) (G1 Evacuation Pause)
[2025-07-30T16:37:51.409+0800][17.235s][info][gc,task     ] GC(338) Using 1 workers of 1 for evacuation
[2025-07-30T16:37:51.425+0800][17.251s][info][gc,phases   ] GC(338)   Pre Evacuate Collection Set: 0.5ms
[2025-07-30T16:37:51.425+0800][17.251s][info][gc,phases   ] GC(338)   Merge Heap Roots: 0.1ms
[2025-07-30T16:37:51.425+0800][17.251s][info][gc,phases   ] GC(338)   Evacuate Collection Set: 14.8ms
[2025-07-30T16:37:51.425+0800][17.251s][info][gc,phases   ] GC(338)   Post Evacuate Collection Set: 0.7ms
[2025-07-30T16:37:51.425+0800][17.251s][info][gc,phases   ] GC(338)   Other: 0.1ms
[2025-07-30T16:37:51.425+0800][17.251s][info][gc,heap     ] GC(338) Eden regions: 1019->0(1018)
[2025-07-30T16:37:51.425+0800][17.251s][info][gc,heap     ] GC(338) Survivor regions: 145->146(146)
[2025-07-30T16:37:51.425+0800][17.251s][info][gc,heap     ] GC(338) Old regions: 561->561
[2025-07-30T16:37:51.425+0800][17.251s][info][gc,heap     ] GC(338) Humongous regions: 3->3
[2025-07-30T16:37:51.425+0800][17.251s][info][gc,metaspace] GC(338) Metaspace: 7106K(7424K)->7106K(7424K) NonClass: 6383K(6528K)->6383K(6528K) Class: 723K(896K)->723K(896K)
[2025-07-30T16:37:51.426+0800][17.251s][info][gc          ] GC(338) Pause Young (Normal) (G1 Evacuation Pause) 1726M->708M(2048M) 16.445ms
[2025-07-30T16:37:51.426+0800][17.251s][info][gc,cpu      ] GC(338) User=0.00s Sys=0.00s Real=0.02s
[2025-07-30T16:37:51.426+0800][17.251s][info][safepoint   ] Safepoint "G1CollectForAllocation", Time since last: 40866200 ns, Reaching safepoint: 3700 ns, Cleanup: 4500 ns, At safepoint: 16487100 ns, Total: 16495300 ns
[2025-07-30T16:37:51.467+0800][17.293s][info][gc,start    ] GC(339) Pause Young (Normal) (G1 Evacuation Pause)
[2025-07-30T16:37:51.467+0800][17.293s][info][gc,task     ] GC(339) Using 1 workers of 1 for evacuation
[2025-07-30T16:37:51.483+0800][17.309s][info][gc,phases   ] GC(339)   Pre Evacuate Collection Set: 0.5ms
[2025-07-30T16:37:51.483+0800][17.309s][info][gc,phases   ] GC(339)   Merge Heap Roots: 0.1ms
[2025-07-30T16:37:51.483+0800][17.309s][info][gc,phases   ] GC(339)   Evacuate Collection Set: 14.5ms
[2025-07-30T16:37:51.483+0800][17.309s][info][gc,phases   ] GC(339)   Post Evacuate Collection Set: 0.8ms
[2025-07-30T16:37:51.483+0800][17.309s][info][gc,phases   ] GC(339)   Other: 0.1ms
[2025-07-30T16:37:51.483+0800][17.309s][info][gc,heap     ] GC(339) Eden regions: 1018->0(1018)
[2025-07-30T16:37:51.483+0800][17.309s][info][gc,heap     ] GC(339) Survivor regions: 146->146(146)
[2025-07-30T16:37:51.483+0800][17.309s][info][gc,heap     ] GC(339) Old regions: 561->561
[2025-07-30T16:37:51.483+0800][17.309s][info][gc,heap     ] GC(339) Humongous regions: 3->3
[2025-07-30T16:37:51.483+0800][17.309s][info][gc,metaspace] GC(339) Metaspace: 7106K(7424K)->7106K(7424K) NonClass: 6383K(6528K)->6383K(6528K) Class: 723K(896K)->723K(896K)
[2025-07-30T16:37:51.483+0800][17.309s][info][gc          ] GC(339) Pause Young (Normal) (G1 Evacuation Pause) 1726M->708M(2048M) 16.174ms
[2025-07-30T16:37:51.483+0800][17.309s][info][gc,cpu      ] GC(339) User=0.02s Sys=0.00s Real=0.02s
[2025-07-30T16:37:51.483+0800][17.309s][info][safepoint   ] Safepoint "G1CollectForAllocation", Time since last: 41501000 ns, Reaching safepoint: 4000 ns, Cleanup: 5000 ns, At safepoint: 16217700 ns, Total: 16226700 ns
[2025-07-30T16:37:51.523+0800][17.349s][info][gc,start    ] GC(340) Pause Young (Normal) (G1 Evacuation Pause)
[2025-07-30T16:37:51.523+0800][17.349s][info][gc,task     ] GC(340) Using 1 workers of 1 for evacuation
[2025-07-30T16:37:51.540+0800][17.365s][info][gc,phases   ] GC(340)   Pre Evacuate Collection Set: 0.4ms
[2025-07-30T16:37:51.540+0800][17.365s][info][gc,phases   ] GC(340)   Merge Heap Roots: 0.1ms
[2025-07-30T16:37:51.540+0800][17.365s][info][gc,phases   ] GC(340)   Evacuate Collection Set: 14.5ms
[2025-07-30T16:37:51.540+0800][17.365s][info][gc,phases   ] GC(340)   Post Evacuate Collection Set: 0.7ms
[2025-07-30T16:37:51.540+0800][17.365s][info][gc,phases   ] GC(340)   Other: 0.1ms
[2025-07-30T16:37:51.540+0800][17.365s][info][gc,heap     ] GC(340) Eden regions: 1018->0(1018)
[2025-07-30T16:37:51.540+0800][17.365s][info][gc,heap     ] GC(340) Survivor regions: 146->146(146)
[2025-07-30T16:37:51.540+0800][17.365s][info][gc,heap     ] GC(340) Old regions: 561->561
[2025-07-30T16:37:51.540+0800][17.365s][info][gc,heap     ] GC(340) Humongous regions: 3->3
[2025-07-30T16:37:51.540+0800][17.365s][info][gc,metaspace] GC(340) Metaspace: 7106K(7424K)->7106K(7424K) NonClass: 6383K(6528K)->6383K(6528K) Class: 723K(896K)->723K(896K)
[2025-07-30T16:37:51.540+0800][17.365s][info][gc          ] GC(340) Pause Young (Normal) (G1 Evacuation Pause) 1726M->708M(2048M) 15.972ms
[2025-07-30T16:37:51.540+0800][17.365s][info][gc,cpu      ] GC(340) User=0.02s Sys=0.00s Real=0.02s
[2025-07-30T16:37:51.540+0800][17.365s][info][safepoint   ] Safepoint "G1CollectForAllocation", Time since last: 40220400 ns, Reaching safepoint: 3400 ns, Cleanup: 4900 ns, At safepoint: 16012300 ns, Total: 16020600 ns
[2025-07-30T16:37:51.580+0800][17.405s][info][gc,start    ] GC(341) Pause Young (Normal) (G1 Evacuation Pause)
[2025-07-30T16:37:51.580+0800][17.405s][info][gc,task     ] GC(341) Using 1 workers of 1 for evacuation
[2025-07-30T16:37:51.596+0800][17.421s][info][gc,phases   ] GC(341)   Pre Evacuate Collection Set: 0.4ms
[2025-07-30T16:37:51.596+0800][17.421s][info][gc,phases   ] GC(341)   Merge Heap Roots: 0.1ms
[2025-07-30T16:37:51.596+0800][17.421s][info][gc,phases   ] GC(341)   Evacuate Collection Set: 14.5ms
[2025-07-30T16:37:51.596+0800][17.421s][info][gc,phases   ] GC(341)   Post Evacuate Collection Set: 0.7ms
[2025-07-30T16:37:51.596+0800][17.421s][info][gc,phases   ] GC(341)   Other: 0.1ms
[2025-07-30T16:37:51.596+0800][17.421s][info][gc,heap     ] GC(341) Eden regions: 1018->0(1017)
[2025-07-30T16:37:51.596+0800][17.421s][info][gc,heap     ] GC(341) Survivor regions: 146->146(146)
[2025-07-30T16:37:51.596+0800][17.421s][info][gc,heap     ] GC(341) Old regions: 561->561
[2025-07-30T16:37:51.596+0800][17.421s][info][gc,heap     ] GC(341) Humongous regions: 3->3
[2025-07-30T16:37:51.596+0800][17.421s][info][gc,metaspace] GC(341) Metaspace: 7106K(7424K)->7106K(7424K) NonClass: 6383K(6528K)->6383K(6528K) Class: 723K(896K)->723K(896K)
[2025-07-30T16:37:51.596+0800][17.421s][info][gc          ] GC(341) Pause Young (Normal) (G1 Evacuation Pause) 1726M->709M(2048M) 16.055ms
[2025-07-30T16:37:51.596+0800][17.421s][info][gc,cpu      ] GC(341) User=0.02s Sys=0.00s Real=0.02s
[2025-07-30T16:37:51.596+0800][17.421s][info][safepoint   ] Safepoint "G1CollectForAllocation", Time since last: 40022100 ns, Reaching safepoint: 3700 ns, Cleanup: 4700 ns, At safepoint: 16096100 ns, Total: 16104500 ns
[2025-07-30T16:37:51.635+0800][17.460s][info][gc,start    ] GC(342) Pause Young (Normal) (G1 Evacuation Pause)
[2025-07-30T16:37:51.635+0800][17.460s][info][gc,task     ] GC(342) Using 1 workers of 1 for evacuation
[2025-07-30T16:37:51.651+0800][17.476s][info][gc,phases   ] GC(342)   Pre Evacuate Collection Set: 0.4ms
[2025-07-30T16:37:51.651+0800][17.476s][info][gc,phases   ] GC(342)   Merge Heap Roots: 0.1ms
[2025-07-30T16:37:51.651+0800][17.476s][info][gc,phases   ] GC(342)   Evacuate Collection Set: 14.8ms
[2025-07-30T16:37:51.651+0800][17.476s][info][gc,phases   ] GC(342)   Post Evacuate Collection Set: 0.7ms
[2025-07-30T16:37:51.651+0800][17.476s][info][gc,phases   ] GC(342)   Other: 0.1ms
[2025-07-30T16:37:51.651+0800][17.476s][info][gc,heap     ] GC(342) Eden regions: 1017->0(1019)
[2025-07-30T16:37:51.651+0800][17.476s][info][gc,heap     ] GC(342) Survivor regions: 146->145(146)
[2025-07-30T16:37:51.651+0800][17.476s][info][gc,heap     ] GC(342) Old regions: 561->561
[2025-07-30T16:37:51.651+0800][17.476s][info][gc,heap     ] GC(342) Humongous regions: 3->3
[2025-07-30T16:37:51.651+0800][17.476s][info][gc,metaspace] GC(342) Metaspace: 7106K(7424K)->7106K(7424K) NonClass: 6383K(6528K)->6383K(6528K) Class: 723K(896K)->723K(896K)
[2025-07-30T16:37:51.651+0800][17.476s][info][gc          ] GC(342) Pause Young (Normal) (G1 Evacuation Pause) 1726M->708M(2048M) 16.336ms
[2025-07-30T16:37:51.651+0800][17.476s][info][gc,cpu      ] GC(342) User=0.02s Sys=0.00s Real=0.02s
[2025-07-30T16:37:51.651+0800][17.476s][info][safepoint   ] Safepoint "G1CollectForAllocation", Time since last: 38612300 ns, Reaching safepoint: 3700 ns, Cleanup: 4700 ns, At safepoint: 16378700 ns, Total: 16387100 ns
[2025-07-30T16:37:51.690+0800][17.516s][info][gc,start    ] GC(343) Pause Young (Normal) (G1 Evacuation Pause)
[2025-07-30T16:37:51.690+0800][17.516s][info][gc,task     ] GC(343) Using 1 workers of 1 for evacuation
[2025-07-30T16:37:51.706+0800][17.532s][info][gc,phases   ] GC(343)   Pre Evacuate Collection Set: 0.5ms
[2025-07-30T16:37:51.706+0800][17.532s][info][gc,phases   ] GC(343)   Merge Heap Roots: 0.1ms
[2025-07-30T16:37:51.706+0800][17.532s][info][gc,phases   ] GC(343)   Evacuate Collection Set: 14.7ms
[2025-07-30T16:37:51.706+0800][17.532s][info][gc,phases   ] GC(343)   Post Evacuate Collection Set: 0.7ms
[2025-07-30T16:37:51.706+0800][17.532s][info][gc,phases   ] GC(343)   Other: 0.1ms
[2025-07-30T16:37:51.706+0800][17.532s][info][gc,heap     ] GC(343) Eden regions: 1019->0(1017)
[2025-07-30T16:37:51.706+0800][17.532s][info][gc,heap     ] GC(343) Survivor regions: 145->146(146)
[2025-07-30T16:37:51.706+0800][17.532s][info][gc,heap     ] GC(343) Old regions: 561->561
[2025-07-30T16:37:51.706+0800][17.532s][info][gc,heap     ] GC(343) Humongous regions: 3->3
[2025-07-30T16:37:51.706+0800][17.532s][info][gc,metaspace] GC(343) Metaspace: 7106K(7424K)->7106K(7424K) NonClass: 6383K(6528K)->6383K(6528K) Class: 723K(896K)->723K(896K)
[2025-07-30T16:37:51.706+0800][17.532s][info][gc          ] GC(343) Pause Young (Normal) (G1 Evacuation Pause) 1727M->709M(2048M) 16.323ms
[2025-07-30T16:37:51.706+0800][17.532s][info][gc,cpu      ] GC(343) User=0.02s Sys=0.00s Real=0.02s
[2025-07-30T16:37:51.706+0800][17.532s][info][safepoint   ] Safepoint "G1CollectForAllocation", Time since last: 39143800 ns, Reaching safepoint: 5100 ns, Cleanup: 4900 ns, At safepoint: 16365000 ns, Total: 16375000 ns
[2025-07-30T16:37:51.744+0800][17.570s][info][gc,start    ] GC(344) Pause Young (Normal) (G1 Evacuation Pause)
[2025-07-30T16:37:51.744+0800][17.570s][info][gc,task     ] GC(344) Using 1 workers of 1 for evacuation
[2025-07-30T16:37:51.761+0800][17.586s][info][gc,phases   ] GC(344)   Pre Evacuate Collection Set: 0.4ms
[2025-07-30T16:37:51.761+0800][17.586s][info][gc,phases   ] GC(344)   Merge Heap Roots: 0.1ms
[2025-07-30T16:37:51.761+0800][17.586s][info][gc,phases   ] GC(344)   Evacuate Collection Set: 14.7ms
[2025-07-30T16:37:51.761+0800][17.586s][info][gc,phases   ] GC(344)   Post Evacuate Collection Set: 0.7ms
[2025-07-30T16:37:51.761+0800][17.586s][info][gc,phases   ] GC(344)   Other: 0.1ms
[2025-07-30T16:37:51.761+0800][17.586s][info][gc,heap     ] GC(344) Eden regions: 1017->0(1019)
[2025-07-30T16:37:51.761+0800][17.586s][info][gc,heap     ] GC(344) Survivor regions: 146->145(146)
[2025-07-30T16:37:51.761+0800][17.586s][info][gc,heap     ] GC(344) Old regions: 561->561
[2025-07-30T16:37:51.761+0800][17.586s][info][gc,heap     ] GC(344) Humongous regions: 3->3
[2025-07-30T16:37:51.761+0800][17.586s][info][gc,metaspace] GC(344) Metaspace: 7106K(7424K)->7106K(7424K) NonClass: 6383K(6528K)->6383K(6528K) Class: 723K(896K)->723K(896K)
[2025-07-30T16:37:51.761+0800][17.586s][info][gc          ] GC(344) Pause Young (Normal) (G1 Evacuation Pause) 1726M->708M(2048M) 16.265ms
[2025-07-30T16:37:51.761+0800][17.586s][info][gc,cpu      ] GC(344) User=0.02s Sys=0.00s Real=0.02s
[2025-07-30T16:37:51.761+0800][17.586s][info][safepoint   ] Safepoint "G1CollectForAllocation", Time since last: 38072300 ns, Reaching safepoint: 4200 ns, Cleanup: 6100 ns, At safepoint: 16309000 ns, Total: 16319300 ns
[2025-07-30T16:37:51.799+0800][17.624s][info][gc,start    ] GC(345) Pause Young (Normal) (G1 Evacuation Pause)
[2025-07-30T16:37:51.799+0800][17.624s][info][gc,task     ] GC(345) Using 1 workers of 1 for evacuation
[2025-07-30T16:37:51.814+0800][17.640s][info][gc,phases   ] GC(345)   Pre Evacuate Collection Set: 0.4ms
[2025-07-30T16:37:51.814+0800][17.640s][info][gc,phases   ] GC(345)   Merge Heap Roots: 0.1ms
[2025-07-30T16:37:51.814+0800][17.640s][info][gc,phases   ] GC(345)   Evacuate Collection Set: 14.5ms
[2025-07-30T16:37:51.814+0800][17.640s][info][gc,phases   ] GC(345)   Post Evacuate Collection Set: 0.7ms
[2025-07-30T16:37:51.814+0800][17.640s][info][gc,phases   ] GC(345)   Other: 0.1ms
[2025-07-30T16:37:51.814+0800][17.640s][info][gc,heap     ] GC(345) Eden regions: 1019->0(1017)
[2025-07-30T16:37:51.814+0800][17.640s][info][gc,heap     ] GC(345) Survivor regions: 145->146(146)
[2025-07-30T16:37:51.814+0800][17.640s][info][gc,heap     ] GC(345) Old regions: 561->561
[2025-07-30T16:37:51.814+0800][17.640s][info][gc,heap     ] GC(345) Humongous regions: 3->3
[2025-07-30T16:37:51.814+0800][17.640s][info][gc,metaspace] GC(345) Metaspace: 7106K(7424K)->7106K(7424K) NonClass: 6383K(6528K)->6383K(6528K) Class: 723K(896K)->723K(896K)
[2025-07-30T16:37:51.814+0800][17.640s][info][gc          ] GC(345) Pause Young (Normal) (G1 Evacuation Pause) 1727M->709M(2048M) 15.889ms
[2025-07-30T16:37:51.814+0800][17.640s][info][gc,cpu      ] GC(345) User=0.02s Sys=0.00s Real=0.01s
[2025-07-30T16:37:51.815+0800][17.640s][info][safepoint   ] Safepoint "G1CollectForAllocation", Time since last: 37463200 ns, Reaching safepoint: 3300 ns, Cleanup: 3100 ns, At safepoint: 15929700 ns, Total: 15936100 ns
[2025-07-30T16:37:51.852+0800][17.677s][info][gc,start    ] GC(346) Pause Young (Normal) (G1 Evacuation Pause)
[2025-07-30T16:37:51.852+0800][17.677s][info][gc,task     ] GC(346) Using 1 workers of 1 for evacuation
[2025-07-30T16:37:51.868+0800][17.693s][info][gc,phases   ] GC(346)   Pre Evacuate Collection Set: 0.5ms
[2025-07-30T16:37:51.868+0800][17.693s][info][gc,phases   ] GC(346)   Merge Heap Roots: 0.1ms
[2025-07-30T16:37:51.868+0800][17.693s][info][gc,phases   ] GC(346)   Evacuate Collection Set: 14.6ms
[2025-07-30T16:37:51.868+0800][17.693s][info][gc,phases   ] GC(346)   Post Evacuate Collection Set: 0.7ms
[2025-07-30T16:37:51.868+0800][17.693s][info][gc,phases   ] GC(346)   Other: 0.1ms
[2025-07-30T16:37:51.868+0800][17.693s][info][gc,heap     ] GC(346) Eden regions: 1017->0(1017)
[2025-07-30T16:37:51.868+0800][17.693s][info][gc,heap     ] GC(346) Survivor regions: 146->146(146)
[2025-07-30T16:37:51.868+0800][17.693s][info][gc,heap     ] GC(346) Old regions: 561->561
[2025-07-30T16:37:51.868+0800][17.693s][info][gc,heap     ] GC(346) Humongous regions: 3->3
[2025-07-30T16:37:51.868+0800][17.693s][info][gc,metaspace] GC(346) Metaspace: 7106K(7424K)->7106K(7424K) NonClass: 6383K(6528K)->6383K(6528K) Class: 723K(896K)->723K(896K)
[2025-07-30T16:37:51.868+0800][17.693s][info][gc          ] GC(346) Pause Young (Normal) (G1 Evacuation Pause) 1726M->708M(2048M) 16.155ms
[2025-07-30T16:37:51.868+0800][17.693s][info][gc,cpu      ] GC(346) User=0.02s Sys=0.00s Real=0.02s
[2025-07-30T16:37:51.868+0800][17.693s][info][safepoint   ] Safepoint "G1CollectForAllocation", Time since last: 37476700 ns, Reaching safepoint: 3900 ns, Cleanup: 5200 ns, At safepoint: 16196900 ns, Total: 16206000 ns
[2025-07-30T16:37:51.906+0800][17.731s][info][gc,start    ] GC(347) Pause Young (Normal) (G1 Evacuation Pause)
[2025-07-30T16:37:51.906+0800][17.731s][info][gc,task     ] GC(347) Using 1 workers of 1 for evacuation
[2025-07-30T16:37:51.922+0800][17.748s][info][gc,phases   ] GC(347)   Pre Evacuate Collection Set: 0.4ms
[2025-07-30T16:37:51.923+0800][17.748s][info][gc,phases   ] GC(347)   Merge Heap Roots: 0.1ms
[2025-07-30T16:37:51.923+0800][17.748s][info][gc,phases   ] GC(347)   Evacuate Collection Set: 15.7ms
[2025-07-30T16:37:51.923+0800][17.748s][info][gc,phases   ] GC(347)   Post Evacuate Collection Set: 0.7ms
[2025-07-30T16:37:51.923+0800][17.748s][info][gc,phases   ] GC(347)   Other: 0.1ms
[2025-07-30T16:37:51.923+0800][17.748s][info][gc,heap     ] GC(347) Eden regions: 1017->0(1019)
[2025-07-30T16:37:51.923+0800][17.748s][info][gc,heap     ] GC(347) Survivor regions: 146->145(146)
[2025-07-30T16:37:51.923+0800][17.748s][info][gc,heap     ] GC(347) Old regions: 561->561
[2025-07-30T16:37:51.923+0800][17.748s][info][gc,heap     ] GC(347) Humongous regions: 3->3
[2025-07-30T16:37:51.923+0800][17.748s][info][gc,metaspace] GC(347) Metaspace: 7106K(7424K)->7106K(7424K) NonClass: 6383K(6528K)->6383K(6528K) Class: 723K(896K)->723K(896K)
[2025-07-30T16:37:51.923+0800][17.748s][info][gc          ] GC(347) Pause Young (Normal) (G1 Evacuation Pause) 1725M->707M(2048M) 17.065ms
[2025-07-30T16:37:51.923+0800][17.748s][info][gc,cpu      ] GC(347) User=0.03s Sys=0.00s Real=0.02s
[2025-07-30T16:37:51.923+0800][17.748s][info][safepoint   ] Safepoint "G1CollectForAllocation", Time since last: 37567400 ns, Reaching safepoint: 2600 ns, Cleanup: 3400 ns, At safepoint: 17104900 ns, Total: 17110900 ns
[2025-07-30T16:37:51.960+0800][17.786s][info][gc,start    ] GC(348) Pause Young (Normal) (G1 Evacuation Pause)
[2025-07-30T16:37:51.960+0800][17.786s][info][gc,task     ] GC(348) Using 1 workers of 1 for evacuation
[2025-07-30T16:37:51.976+0800][17.802s][info][gc,phases   ] GC(348)   Pre Evacuate Collection Set: 0.4ms
[2025-07-30T16:37:51.976+0800][17.802s][info][gc,phases   ] GC(348)   Merge Heap Roots: 0.1ms
[2025-07-30T16:37:51.976+0800][17.802s][info][gc,phases   ] GC(348)   Evacuate Collection Set: 14.6ms
[2025-07-30T16:37:51.976+0800][17.802s][info][gc,phases   ] GC(348)   Post Evacuate Collection Set: 0.7ms
[2025-07-30T16:37:51.976+0800][17.802s][info][gc,phases   ] GC(348)   Other: 0.1ms
[2025-07-30T16:37:51.976+0800][17.802s][info][gc,heap     ] GC(348) Eden regions: 1019->0(1018)
[2025-07-30T16:37:51.976+0800][17.802s][info][gc,heap     ] GC(348) Survivor regions: 145->146(146)
[2025-07-30T16:37:51.976+0800][17.802s][info][gc,heap     ] GC(348) Old regions: 561->561
[2025-07-30T16:37:51.976+0800][17.802s][info][gc,heap     ] GC(348) Humongous regions: 3->3
[2025-07-30T16:37:51.976+0800][17.802s][info][gc,metaspace] GC(348) Metaspace: 7106K(7424K)->7106K(7424K) NonClass: 6383K(6528K)->6383K(6528K) Class: 723K(896K)->723K(896K)
[2025-07-30T16:37:51.976+0800][17.802s][info][gc          ] GC(348) Pause Young (Normal) (G1 Evacuation Pause) 1726M->708M(2048M) 16.079ms
[2025-07-30T16:37:51.976+0800][17.802s][info][gc,cpu      ] GC(348) User=0.02s Sys=0.00s Real=0.02s
[2025-07-30T16:37:51.976+0800][17.802s][info][safepoint   ] Safepoint "G1CollectForAllocation", Time since last: 37541100 ns, Reaching safepoint: 4000 ns, Cleanup: 5100 ns, At safepoint: 16124800 ns, Total: 16133900 ns
[2025-07-30T16:37:52.014+0800][17.839s][info][gc,start    ] GC(349) Pause Young (Normal) (G1 Evacuation Pause)
[2025-07-30T16:37:52.014+0800][17.839s][info][gc,task     ] GC(349) Using 1 workers of 1 for evacuation
[2025-07-30T16:37:52.031+0800][17.857s][info][gc,phases   ] GC(349)   Pre Evacuate Collection Set: 0.4ms
[2025-07-30T16:37:52.031+0800][17.857s][info][gc,phases   ] GC(349)   Merge Heap Roots: 0.1ms
[2025-07-30T16:37:52.031+0800][17.857s][info][gc,phases   ] GC(349)   Evacuate Collection Set: 16.2ms
[2025-07-30T16:37:52.031+0800][17.857s][info][gc,phases   ] GC(349)   Post Evacuate Collection Set: 0.7ms
[2025-07-30T16:37:52.031+0800][17.857s][info][gc,phases   ] GC(349)   Other: 0.1ms
[2025-07-30T16:37:52.031+0800][17.857s][info][gc,heap     ] GC(349) Eden regions: 1018->0(1018)
[2025-07-30T16:37:52.031+0800][17.857s][info][gc,heap     ] GC(349) Survivor regions: 146->146(146)
[2025-07-30T16:37:52.031+0800][17.857s][info][gc,heap     ] GC(349) Old regions: 561->561
[2025-07-30T16:37:52.031+0800][17.857s][info][gc,heap     ] GC(349) Humongous regions: 3->3
[2025-07-30T16:37:52.031+0800][17.857s][info][gc,metaspace] GC(349) Metaspace: 7106K(7424K)->7106K(7424K) NonClass: 6383K(6528K)->6383K(6528K) Class: 723K(896K)->723K(896K)
[2025-07-30T16:37:52.031+0800][17.857s][info][gc          ] GC(349) Pause Young (Normal) (G1 Evacuation Pause) 1726M->708M(2048M) 17.692ms
[2025-07-30T16:37:52.031+0800][17.857s][info][gc,cpu      ] GC(349) User=0.03s Sys=0.00s Real=0.02s
[2025-07-30T16:37:52.031+0800][17.857s][info][safepoint   ] Safepoint "G1CollectForAllocation", Time since last: 37690900 ns, Reaching safepoint: 3600 ns, Cleanup: 4200 ns, At safepoint: 17734700 ns, Total: 17742500 ns
[2025-07-30T16:37:52.069+0800][17.895s][info][gc,start    ] GC(350) Pause Young (Normal) (G1 Evacuation Pause)
[2025-07-30T16:37:52.069+0800][17.895s][info][gc,task     ] GC(350) Using 1 workers of 1 for evacuation
[2025-07-30T16:37:52.085+0800][17.911s][info][gc,phases   ] GC(350)   Pre Evacuate Collection Set: 0.5ms
[2025-07-30T16:37:52.085+0800][17.911s][info][gc,phases   ] GC(350)   Merge Heap Roots: 0.1ms
[2025-07-30T16:37:52.085+0800][17.911s][info][gc,phases   ] GC(350)   Evacuate Collection Set: 14.8ms
[2025-07-30T16:37:52.085+0800][17.911s][info][gc,phases   ] GC(350)   Post Evacuate Collection Set: 0.7ms
[2025-07-30T16:37:52.085+0800][17.911s][info][gc,phases   ] GC(350)   Other: 0.1ms
[2025-07-30T16:37:52.085+0800][17.911s][info][gc,heap     ] GC(350) Eden regions: 1018->0(1017)
[2025-07-30T16:37:52.085+0800][17.911s][info][gc,heap     ] GC(350) Survivor regions: 146->146(146)
[2025-07-30T16:37:52.085+0800][17.911s][info][gc,heap     ] GC(350) Old regions: 561->561
[2025-07-30T16:37:52.085+0800][17.911s][info][gc,heap     ] GC(350) Humongous regions: 3->3
[2025-07-30T16:37:52.085+0800][17.911s][info][gc,metaspace] GC(350) Metaspace: 7106K(7424K)->7106K(7424K) NonClass: 6383K(6528K)->6383K(6528K) Class: 723K(896K)->723K(896K)
[2025-07-30T16:37:52.085+0800][17.911s][info][gc          ] GC(350) Pause Young (Normal) (G1 Evacuation Pause) 1726M->709M(2048M) 16.393ms
[2025-07-30T16:37:52.085+0800][17.911s][info][gc,cpu      ] GC(350) User=0.02s Sys=0.00s Real=0.02s
[2025-07-30T16:37:52.085+0800][17.911s][info][safepoint   ] Safepoint "G1CollectForAllocation", Time since last: 37649400 ns, Reaching safepoint: 5500 ns, Cleanup: 7000 ns, At safepoint: 16438700 ns, Total: 16451200 ns
[2025-07-30T16:37:52.123+0800][17.949s][info][gc,start    ] GC(351) Pause Young (Normal) (G1 Evacuation Pause)
[2025-07-30T16:37:52.123+0800][17.949s][info][gc,task     ] GC(351) Using 1 workers of 1 for evacuation
[2025-07-30T16:37:52.140+0800][17.965s][info][gc,phases   ] GC(351)   Pre Evacuate Collection Set: 0.4ms
[2025-07-30T16:37:52.140+0800][17.965s][info][gc,phases   ] GC(351)   Merge Heap Roots: 0.1ms
[2025-07-30T16:37:52.140+0800][17.965s][info][gc,phases   ] GC(351)   Evacuate Collection Set: 14.5ms
[2025-07-30T16:37:52.140+0800][17.965s][info][gc,phases   ] GC(351)   Post Evacuate Collection Set: 0.7ms
[2025-07-30T16:37:52.140+0800][17.965s][info][gc,phases   ] GC(351)   Other: 0.1ms
[2025-07-30T16:37:52.140+0800][17.965s][info][gc,heap     ] GC(351) Eden regions: 1017->0(1019)
[2025-07-30T16:37:52.140+0800][17.965s][info][gc,heap     ] GC(351) Survivor regions: 146->145(146)
[2025-07-30T16:37:52.140+0800][17.965s][info][gc,heap     ] GC(351) Old regions: 561->561
[2025-07-30T16:37:52.140+0800][17.965s][info][gc,heap     ] GC(351) Humongous regions: 3->3
[2025-07-30T16:37:52.140+0800][17.965s][info][gc,metaspace] GC(351) Metaspace: 7106K(7424K)->7106K(7424K) NonClass: 6383K(6528K)->6383K(6528K) Class: 723K(896K)->723K(896K)
[2025-07-30T16:37:52.140+0800][17.965s][info][gc          ] GC(351) Pause Young (Normal) (G1 Evacuation Pause) 1726M->708M(2048M) 15.937ms
[2025-07-30T16:37:52.140+0800][17.965s][info][gc,cpu      ] GC(351) User=0.02s Sys=0.00s Real=0.02s
[2025-07-30T16:37:52.140+0800][17.965s][info][safepoint   ] Safepoint "G1CollectForAllocation", Time since last: 37825500 ns, Reaching safepoint: 2800 ns, Cleanup: 3000 ns, At safepoint: 15975800 ns, Total: 15981600 ns
[2025-07-30T16:37:52.178+0800][18.004s][info][gc,start    ] GC(352) Pause Young (Normal) (G1 Evacuation Pause)
[2025-07-30T16:37:52.178+0800][18.004s][info][gc,task     ] GC(352) Using 1 workers of 1 for evacuation
[2025-07-30T16:37:52.194+0800][18.019s][info][gc,phases   ] GC(352)   Pre Evacuate Collection Set: 0.5ms
[2025-07-30T16:37:52.194+0800][18.019s][info][gc,phases   ] GC(352)   Merge Heap Roots: 0.1ms
[2025-07-30T16:37:52.194+0800][18.019s][info][gc,phases   ] GC(352)   Evacuate Collection Set: 14.4ms
[2025-07-30T16:37:52.194+0800][18.020s][info][gc,phases   ] GC(352)   Post Evacuate Collection Set: 0.7ms
[2025-07-30T16:37:52.194+0800][18.020s][info][gc,phases   ] GC(352)   Other: 0.1ms
[2025-07-30T16:37:52.194+0800][18.020s][info][gc,heap     ] GC(352) Eden regions: 1019->0(1017)
[2025-07-30T16:37:52.194+0800][18.020s][info][gc,heap     ] GC(352) Survivor regions: 145->146(146)
[2025-07-30T16:37:52.194+0800][18.020s][info][gc,heap     ] GC(352) Old regions: 561->561
[2025-07-30T16:37:52.194+0800][18.020s][info][gc,heap     ] GC(352) Humongous regions: 3->3
[2025-07-30T16:37:52.194+0800][18.020s][info][gc,metaspace] GC(352) Metaspace: 7106K(7424K)->7106K(7424K) NonClass: 6383K(6528K)->6383K(6528K) Class: 723K(896K)->723K(896K)
[2025-07-30T16:37:52.194+0800][18.020s][info][gc          ] GC(352) Pause Young (Normal) (G1 Evacuation Pause) 1727M->709M(2048M) 15.952ms
[2025-07-30T16:37:52.194+0800][18.020s][info][gc,cpu      ] GC(352) User=0.02s Sys=0.00s Real=0.02s
[2025-07-30T16:37:52.194+0800][18.020s][info][safepoint   ] Safepoint "G1CollectForAllocation", Time since last: 38554000 ns, Reaching safepoint: 4000 ns, Cleanup: 5400 ns, At safepoint: 15993400 ns, Total: 16002800 ns
[2025-07-30T16:37:52.233+0800][18.058s][info][gc,start    ] GC(353) Pause Young (Normal) (G1 Evacuation Pause)
[2025-07-30T16:37:52.233+0800][18.058s][info][gc,task     ] GC(353) Using 1 workers of 1 for evacuation
[2025-07-30T16:37:52.247+0800][18.073s][info][gc,phases   ] GC(353)   Pre Evacuate Collection Set: 0.4ms
[2025-07-30T16:37:52.247+0800][18.073s][info][gc,phases   ] GC(353)   Merge Heap Roots: 0.1ms
[2025-07-30T16:37:52.247+0800][18.073s][info][gc,phases   ] GC(353)   Evacuate Collection Set: 14.1ms
[2025-07-30T16:37:52.247+0800][18.073s][info][gc,phases   ] GC(353)   Post Evacuate Collection Set: 0.7ms
[2025-07-30T16:37:52.247+0800][18.073s][info][gc,phases   ] GC(353)   Other: 0.1ms
[2025-07-30T16:37:52.247+0800][18.073s][info][gc,heap     ] GC(353) Eden regions: 1017->0(1019)
[2025-07-30T16:37:52.247+0800][18.073s][info][gc,heap     ] GC(353) Survivor regions: 146->145(146)
[2025-07-30T16:37:52.247+0800][18.073s][info][gc,heap     ] GC(353) Old regions: 561->561
[2025-07-30T16:37:52.247+0800][18.073s][info][gc,heap     ] GC(353) Humongous regions: 3->3
[2025-07-30T16:37:52.248+0800][18.073s][info][gc,metaspace] GC(353) Metaspace: 7106K(7424K)->7106K(7424K) NonClass: 6383K(6528K)->6383K(6528K) Class: 723K(896K)->723K(896K)
[2025-07-30T16:37:52.248+0800][18.073s][info][gc          ] GC(353) Pause Young (Normal) (G1 Evacuation Pause) 1726M->708M(2048M) 15.532ms
[2025-07-30T16:37:52.248+0800][18.073s][info][gc,cpu      ] GC(353) User=0.02s Sys=0.00s Real=0.01s
[2025-07-30T16:37:52.248+0800][18.073s][info][safepoint   ] Safepoint "G1CollectForAllocation", Time since last: 37911200 ns, Reaching safepoint: 3200 ns, Cleanup: 4000 ns, At safepoint: 15574300 ns, Total: 15581500 ns
[2025-07-30T16:37:52.287+0800][18.112s][info][gc,start    ] GC(354) Pause Young (Normal) (G1 Evacuation Pause)
[2025-07-30T16:37:52.287+0800][18.112s][info][gc,task     ] GC(354) Using 1 workers of 1 for evacuation
[2025-07-30T16:37:52.307+0800][18.132s][info][gc,phases   ] GC(354)   Pre Evacuate Collection Set: 0.5ms
[2025-07-30T16:37:52.307+0800][18.132s][info][gc,phases   ] GC(354)   Merge Heap Roots: 0.1ms
[2025-07-30T16:37:52.307+0800][18.132s][info][gc,phases   ] GC(354)   Evacuate Collection Set: 19.1ms
[2025-07-30T16:37:52.307+0800][18.132s][info][gc,phases   ] GC(354)   Post Evacuate Collection Set: 0.7ms
[2025-07-30T16:37:52.307+0800][18.132s][info][gc,phases   ] GC(354)   Other: 0.1ms
[2025-07-30T16:37:52.307+0800][18.132s][info][gc,heap     ] GC(354) Eden regions: 1019->0(1017)
[2025-07-30T16:37:52.307+0800][18.132s][info][gc,heap     ] GC(354) Survivor regions: 145->146(146)
[2025-07-30T16:37:52.307+0800][18.132s][info][gc,heap     ] GC(354) Old regions: 561->561
[2025-07-30T16:37:52.307+0800][18.132s][info][gc,heap     ] GC(354) Humongous regions: 3->3
[2025-07-30T16:37:52.307+0800][18.132s][info][gc,metaspace] GC(354) Metaspace: 7106K(7424K)->7106K(7424K) NonClass: 6383K(6528K)->6383K(6528K) Class: 723K(896K)->723K(896K)
[2025-07-30T16:37:52.307+0800][18.133s][info][gc          ] GC(354) Pause Young (Normal) (G1 Evacuation Pause) 1727M->709M(2048M) 20.796ms
[2025-07-30T16:37:52.307+0800][18.133s][info][gc,cpu      ] GC(354) User=0.02s Sys=0.00s Real=0.02s
[2025-07-30T16:37:52.307+0800][18.133s][info][safepoint   ] Safepoint "G1CollectForAllocation", Time since last: 38570200 ns, Reaching safepoint: 5500 ns, Cleanup: 6800 ns, At safepoint: 20841600 ns, Total: 20853900 ns
[2025-07-30T16:37:52.345+0800][18.171s][info][gc,start    ] GC(355) Pause Young (Normal) (G1 Evacuation Pause)
[2025-07-30T16:37:52.345+0800][18.171s][info][gc,task     ] GC(355) Using 1 workers of 1 for evacuation
[2025-07-30T16:37:52.362+0800][18.187s][info][gc,phases   ] GC(355)   Pre Evacuate Collection Set: 0.5ms
[2025-07-30T16:37:52.362+0800][18.187s][info][gc,phases   ] GC(355)   Merge Heap Roots: 0.1ms
[2025-07-30T16:37:52.362+0800][18.187s][info][gc,phases   ] GC(355)   Evacuate Collection Set: 14.8ms
[2025-07-30T16:37:52.362+0800][18.187s][info][gc,phases   ] GC(355)   Post Evacuate Collection Set: 0.7ms
[2025-07-30T16:37:52.362+0800][18.187s][info][gc,phases   ] GC(355)   Other: 0.1ms
[2025-07-30T16:37:52.362+0800][18.187s][info][gc,heap     ] GC(355) Eden regions: 1017->0(1017)
[2025-07-30T16:37:52.362+0800][18.187s][info][gc,heap     ] GC(355) Survivor regions: 146->146(146)
[2025-07-30T16:37:52.362+0800][18.187s][info][gc,heap     ] GC(355) Old regions: 561->561
[2025-07-30T16:37:52.362+0800][18.187s][info][gc,heap     ] GC(355) Humongous regions: 3->3
[2025-07-30T16:37:52.362+0800][18.187s][info][gc,metaspace] GC(355) Metaspace: 7106K(7424K)->7106K(7424K) NonClass: 6383K(6528K)->6383K(6528K) Class: 723K(896K)->723K(896K)
[2025-07-30T16:37:52.362+0800][18.187s][info][gc          ] GC(355) Pause Young (Normal) (G1 Evacuation Pause) 1726M->708M(2048M) 16.275ms
[2025-07-30T16:37:52.362+0800][18.187s][info][gc,cpu      ] GC(355) User=0.02s Sys=0.00s Real=0.02s
[2025-07-30T16:37:52.362+0800][18.187s][info][safepoint   ] Safepoint "G1CollectForAllocation", Time since last: 38242000 ns, Reaching safepoint: 4000 ns, Cleanup: 4800 ns, At safepoint: 16321100 ns, Total: 16329900 ns
[2025-07-30T16:37:52.400+0800][18.225s][info][gc,start    ] GC(356) Pause Young (Normal) (G1 Evacuation Pause)
[2025-07-30T16:37:52.400+0800][18.225s][info][gc,task     ] GC(356) Using 1 workers of 1 for evacuation
[2025-07-30T16:37:52.416+0800][18.241s][info][gc,phases   ] GC(356)   Pre Evacuate Collection Set: 0.4ms
[2025-07-30T16:37:52.416+0800][18.241s][info][gc,phases   ] GC(356)   Merge Heap Roots: 0.1ms
[2025-07-30T16:37:52.416+0800][18.241s][info][gc,phases   ] GC(356)   Evacuate Collection Set: 14.7ms
[2025-07-30T16:37:52.416+0800][18.241s][info][gc,phases   ] GC(356)   Post Evacuate Collection Set: 0.7ms
[2025-07-30T16:37:52.416+0800][18.241s][info][gc,phases   ] GC(356)   Other: 0.1ms
[2025-07-30T16:37:52.416+0800][18.241s][info][gc,heap     ] GC(356) Eden regions: 1017->0(1019)
[2025-07-30T16:37:52.416+0800][18.241s][info][gc,heap     ] GC(356) Survivor regions: 146->145(146)
[2025-07-30T16:37:52.416+0800][18.241s][info][gc,heap     ] GC(356) Old regions: 561->561
[2025-07-30T16:37:52.416+0800][18.241s][info][gc,heap     ] GC(356) Humongous regions: 3->3
[2025-07-30T16:37:52.416+0800][18.241s][info][gc,metaspace] GC(356) Metaspace: 7106K(7424K)->7106K(7424K) NonClass: 6383K(6528K)->6383K(6528K) Class: 723K(896K)->723K(896K)
[2025-07-30T16:37:52.416+0800][18.241s][info][gc          ] GC(356) Pause Young (Normal) (G1 Evacuation Pause) 1725M->707M(2048M) 16.130ms
[2025-07-30T16:37:52.416+0800][18.241s][info][gc,cpu      ] GC(356) User=0.02s Sys=0.00s Real=0.02s
[2025-07-30T16:37:52.416+0800][18.241s][info][safepoint   ] Safepoint "G1CollectForAllocation", Time since last: 38105000 ns, Reaching safepoint: 2700 ns, Cleanup: 2900 ns, At safepoint: 16169700 ns, Total: 16175300 ns
[2025-07-30T16:37:52.454+0800][18.279s][info][gc,start    ] GC(357) Pause Young (Normal) (G1 Evacuation Pause)
[2025-07-30T16:37:52.454+0800][18.279s][info][gc,task     ] GC(357) Using 1 workers of 1 for evacuation
[2025-07-30T16:37:52.469+0800][18.295s][info][gc,phases   ] GC(357)   Pre Evacuate Collection Set: 0.4ms
[2025-07-30T16:37:52.469+0800][18.295s][info][gc,phases   ] GC(357)   Merge Heap Roots: 0.1ms
[2025-07-30T16:37:52.469+0800][18.295s][info][gc,phases   ] GC(357)   Evacuate Collection Set: 14.6ms
[2025-07-30T16:37:52.469+0800][18.295s][info][gc,phases   ] GC(357)   Post Evacuate Collection Set: 0.7ms
[2025-07-30T16:37:52.469+0800][18.295s][info][gc,phases   ] GC(357)   Other: 0.1ms
[2025-07-30T16:37:52.469+0800][18.295s][info][gc,heap     ] GC(357) Eden regions: 1019->0(1018)
[2025-07-30T16:37:52.469+0800][18.295s][info][gc,heap     ] GC(357) Survivor regions: 145->146(146)
[2025-07-30T16:37:52.469+0800][18.295s][info][gc,heap     ] GC(357) Old regions: 561->561
[2025-07-30T16:37:52.469+0800][18.295s][info][gc,heap     ] GC(357) Humongous regions: 3->3
[2025-07-30T16:37:52.469+0800][18.295s][info][gc,metaspace] GC(357) Metaspace: 7106K(7424K)->7106K(7424K) NonClass: 6383K(6528K)->6383K(6528K) Class: 723K(896K)->723K(896K)
[2025-07-30T16:37:52.469+0800][18.295s][info][gc          ] GC(357) Pause Young (Normal) (G1 Evacuation Pause) 1726M->708M(2048M) 16.098ms
[2025-07-30T16:37:52.469+0800][18.295s][info][gc,cpu      ] GC(357) User=0.00s Sys=0.00s Real=0.02s
[2025-07-30T16:37:52.469+0800][18.295s][info][safepoint   ] Safepoint "G1CollectForAllocation", Time since last: 37432000 ns, Reaching safepoint: 3300 ns, Cleanup: 3600 ns, At safepoint: 16164000 ns, Total: 16170900 ns
[2025-07-30T16:37:52.507+0800][18.332s][info][gc,start    ] GC(358) Pause Young (Normal) (G1 Evacuation Pause)
[2025-07-30T16:37:52.507+0800][18.332s][info][gc,task     ] GC(358) Using 1 workers of 1 for evacuation
[2025-07-30T16:37:52.526+0800][18.351s][info][gc,phases   ] GC(358)   Pre Evacuate Collection Set: 0.4ms
[2025-07-30T16:37:52.526+0800][18.351s][info][gc,phases   ] GC(358)   Merge Heap Roots: 0.0ms
[2025-07-30T16:37:52.526+0800][18.352s][info][gc,phases   ] GC(358)   Evacuate Collection Set: 18.1ms
[2025-07-30T16:37:52.526+0800][18.352s][info][gc,phases   ] GC(358)   Post Evacuate Collection Set: 0.7ms
[2025-07-30T16:37:52.526+0800][18.352s][info][gc,phases   ] GC(358)   Other: 0.1ms
[2025-07-30T16:37:52.526+0800][18.352s][info][gc,heap     ] GC(358) Eden regions: 1018->0(1018)
[2025-07-30T16:37:52.526+0800][18.352s][info][gc,heap     ] GC(358) Survivor regions: 146->146(146)
[2025-07-30T16:37:52.526+0800][18.352s][info][gc,heap     ] GC(358) Old regions: 561->561
[2025-07-30T16:37:52.526+0800][18.352s][info][gc,heap     ] GC(358) Humongous regions: 3->3
[2025-07-30T16:37:52.526+0800][18.352s][info][gc,metaspace] GC(358) Metaspace: 7106K(7424K)->7106K(7424K) NonClass: 6383K(6528K)->6383K(6528K) Class: 723K(896K)->723K(896K)
[2025-07-30T16:37:52.526+0800][18.352s][info][gc          ] GC(358) Pause Young (Normal) (G1 Evacuation Pause) 1726M->708M(2048M) 19.450ms
[2025-07-30T16:37:52.526+0800][18.352s][info][gc,cpu      ] GC(358) User=0.02s Sys=0.00s Real=0.02s
[2025-07-30T16:37:52.526+0800][18.352s][info][safepoint   ] Safepoint "G1CollectForAllocation", Time since last: 37149800 ns, Reaching safepoint: 3000 ns, Cleanup: 2900 ns, At safepoint: 19490900 ns, Total: 19496800 ns
[2025-07-30T16:37:52.564+0800][18.389s][info][gc,start    ] GC(359) Pause Young (Normal) (G1 Evacuation Pause)
[2025-07-30T16:37:52.564+0800][18.389s][info][gc,task     ] GC(359) Using 1 workers of 1 for evacuation
[2025-07-30T16:37:52.584+0800][18.409s][info][gc,phases   ] GC(359)   Pre Evacuate Collection Set: 0.5ms
[2025-07-30T16:37:52.584+0800][18.409s][info][gc,phases   ] GC(359)   Merge Heap Roots: 0.1ms
[2025-07-30T16:37:52.584+0800][18.409s][info][gc,phases   ] GC(359)   Evacuate Collection Set: 18.7ms
[2025-07-30T16:37:52.584+0800][18.409s][info][gc,phases   ] GC(359)   Post Evacuate Collection Set: 0.7ms
[2025-07-30T16:37:52.584+0800][18.409s][info][gc,phases   ] GC(359)   Other: 0.1ms
[2025-07-30T16:37:52.584+0800][18.409s][info][gc,heap     ] GC(359) Eden regions: 1018->0(1018)
[2025-07-30T16:37:52.584+0800][18.409s][info][gc,heap     ] GC(359) Survivor regions: 146->146(146)
[2025-07-30T16:37:52.584+0800][18.409s][info][gc,heap     ] GC(359) Old regions: 561->561
[2025-07-30T16:37:52.584+0800][18.409s][info][gc,heap     ] GC(359) Humongous regions: 3->3
[2025-07-30T16:37:52.584+0800][18.409s][info][gc,metaspace] GC(359) Metaspace: 7106K(7424K)->7106K(7424K) NonClass: 6383K(6528K)->6383K(6528K) Class: 723K(896K)->723K(896K)
[2025-07-30T16:37:52.584+0800][18.409s][info][gc          ] GC(359) Pause Young (Normal) (G1 Evacuation Pause) 1726M->708M(2048M) 20.186ms
[2025-07-30T16:37:52.584+0800][18.409s][info][gc,cpu      ] GC(359) User=0.02s Sys=0.00s Real=0.02s
[2025-07-30T16:37:52.584+0800][18.409s][info][safepoint   ] Safepoint "G1CollectForAllocation", Time since last: 37398100 ns, Reaching safepoint: 3900 ns, Cleanup: 5400 ns, At safepoint: 20227300 ns, Total: 20236600 ns
[2025-07-30T16:37:52.622+0800][18.447s][info][gc,start    ] GC(360) Pause Young (Normal) (G1 Evacuation Pause)
[2025-07-30T16:37:52.622+0800][18.447s][info][gc,task     ] GC(360) Using 1 workers of 1 for evacuation
[2025-07-30T16:37:52.637+0800][18.463s][info][gc,phases   ] GC(360)   Pre Evacuate Collection Set: 0.4ms
[2025-07-30T16:37:52.637+0800][18.463s][info][gc,phases   ] GC(360)   Merge Heap Roots: 0.1ms
[2025-07-30T16:37:52.637+0800][18.463s][info][gc,phases   ] GC(360)   Evacuate Collection Set: 14.9ms
[2025-07-30T16:37:52.637+0800][18.463s][info][gc,phases   ] GC(360)   Post Evacuate Collection Set: 0.7ms
[2025-07-30T16:37:52.637+0800][18.463s][info][gc,phases   ] GC(360)   Other: 0.1ms
[2025-07-30T16:37:52.637+0800][18.463s][info][gc,heap     ] GC(360) Eden regions: 1018->0(1017)
[2025-07-30T16:37:52.637+0800][18.463s][info][gc,heap     ] GC(360) Survivor regions: 146->146(146)
[2025-07-30T16:37:52.637+0800][18.463s][info][gc,heap     ] GC(360) Old regions: 561->561
[2025-07-30T16:37:52.637+0800][18.463s][info][gc,heap     ] GC(360) Humongous regions: 3->3
[2025-07-30T16:37:52.637+0800][18.463s][info][gc,metaspace] GC(360) Metaspace: 7106K(7424K)->7106K(7424K) NonClass: 6383K(6528K)->6383K(6528K) Class: 723K(896K)->723K(896K)
[2025-07-30T16:37:52.637+0800][18.463s][info][gc          ] GC(360) Pause Young (Normal) (G1 Evacuation Pause) 1726M->709M(2048M) 16.372ms
[2025-07-30T16:37:52.637+0800][18.463s][info][gc,cpu      ] GC(360) User=0.02s Sys=0.00s Real=0.02s
[2025-07-30T16:37:52.637+0800][18.463s][info][safepoint   ] Safepoint "G1CollectForAllocation", Time since last: 37640300 ns, Reaching safepoint: 3800 ns, Cleanup: 4700 ns, At safepoint: 16412900 ns, Total: 16421400 ns
[2025-07-30T16:37:52.676+0800][18.501s][info][gc,start    ] GC(361) Pause Young (Normal) (G1 Evacuation Pause)
[2025-07-30T16:37:52.676+0800][18.501s][info][gc,task     ] GC(361) Using 1 workers of 1 for evacuation
[2025-07-30T16:37:52.692+0800][18.517s][info][gc,phases   ] GC(361)   Pre Evacuate Collection Set: 0.5ms
[2025-07-30T16:37:52.692+0800][18.517s][info][gc,phases   ] GC(361)   Merge Heap Roots: 0.1ms
[2025-07-30T16:37:52.692+0800][18.517s][info][gc,phases   ] GC(361)   Evacuate Collection Set: 14.6ms
[2025-07-30T16:37:52.692+0800][18.517s][info][gc,phases   ] GC(361)   Post Evacuate Collection Set: 0.7ms
[2025-07-30T16:37:52.692+0800][18.517s][info][gc,phases   ] GC(361)   Other: 0.1ms
[2025-07-30T16:37:52.692+0800][18.517s][info][gc,heap     ] GC(361) Eden regions: 1017->0(1019)
[2025-07-30T16:37:52.692+0800][18.517s][info][gc,heap     ] GC(361) Survivor regions: 146->145(146)
[2025-07-30T16:37:52.692+0800][18.517s][info][gc,heap     ] GC(361) Old regions: 561->561
[2025-07-30T16:37:52.692+0800][18.517s][info][gc,heap     ] GC(361) Humongous regions: 3->3
[2025-07-30T16:37:52.692+0800][18.517s][info][gc,metaspace] GC(361) Metaspace: 7106K(7424K)->7106K(7424K) NonClass: 6383K(6528K)->6383K(6528K) Class: 723K(896K)->723K(896K)
[2025-07-30T16:37:52.692+0800][18.517s][info][gc          ] GC(361) Pause Young (Normal) (G1 Evacuation Pause) 1726M->708M(2048M) 16.193ms
[2025-07-30T16:37:52.692+0800][18.517s][info][gc,cpu      ] GC(361) User=0.02s Sys=0.00s Real=0.02s
[2025-07-30T16:37:52.692+0800][18.517s][info][safepoint   ] Safepoint "G1CollectForAllocation", Time since last: 37823800 ns, Reaching safepoint: 4300 ns, Cleanup: 5100 ns, At safepoint: 16234700 ns, Total: 16244100 ns
[2025-07-30T16:37:52.729+0800][18.555s][info][gc,start    ] GC(362) Pause Young (Normal) (G1 Evacuation Pause)
[2025-07-30T16:37:52.729+0800][18.555s][info][gc,task     ] GC(362) Using 1 workers of 1 for evacuation
[2025-07-30T16:37:52.746+0800][18.571s][info][gc,phases   ] GC(362)   Pre Evacuate Collection Set: 0.4ms
[2025-07-30T16:37:52.746+0800][18.571s][info][gc,phases   ] GC(362)   Merge Heap Roots: 0.1ms
[2025-07-30T16:37:52.746+0800][18.571s][info][gc,phases   ] GC(362)   Evacuate Collection Set: 14.3ms
[2025-07-30T16:37:52.746+0800][18.571s][info][gc,phases   ] GC(362)   Post Evacuate Collection Set: 0.7ms
[2025-07-30T16:37:52.746+0800][18.571s][info][gc,phases   ] GC(362)   Other: 0.1ms
[2025-07-30T16:37:52.746+0800][18.571s][info][gc,heap     ] GC(362) Eden regions: 1019->0(1017)
[2025-07-30T16:37:52.746+0800][18.571s][info][gc,heap     ] GC(362) Survivor regions: 145->146(146)
[2025-07-30T16:37:52.746+0800][18.571s][info][gc,heap     ] GC(362) Old regions: 561->561
[2025-07-30T16:37:52.746+0800][18.571s][info][gc,heap     ] GC(362) Humongous regions: 3->3
[2025-07-30T16:37:52.746+0800][18.571s][info][gc,metaspace] GC(362) Metaspace: 7106K(7424K)->7106K(7424K) NonClass: 6383K(6528K)->6383K(6528K) Class: 723K(896K)->723K(896K)
[2025-07-30T16:37:52.746+0800][18.571s][info][gc          ] GC(362) Pause Young (Normal) (G1 Evacuation Pause) 1727M->709M(2048M) 15.821ms
[2025-07-30T16:37:52.746+0800][18.571s][info][gc,cpu      ] GC(362) User=0.02s Sys=0.00s Real=0.02s
[2025-07-30T16:37:52.746+0800][18.571s][info][safepoint   ] Safepoint "G1CollectForAllocation", Time since last: 37923900 ns, Reaching safepoint: 2900 ns, Cleanup: 3400 ns, At safepoint: 15862600 ns, Total: 15868900 ns
[2025-07-30T16:37:52.784+0800][18.609s][info][gc,start    ] GC(363) Pause Young (Normal) (G1 Evacuation Pause)
[2025-07-30T16:37:52.784+0800][18.609s][info][gc,task     ] GC(363) Using 1 workers of 1 for evacuation
[2025-07-30T16:37:52.800+0800][18.625s][info][gc,phases   ] GC(363)   Pre Evacuate Collection Set: 0.5ms
[2025-07-30T16:37:52.800+0800][18.625s][info][gc,phases   ] GC(363)   Merge Heap Roots: 0.1ms
[2025-07-30T16:37:52.800+0800][18.625s][info][gc,phases   ] GC(363)   Evacuate Collection Set: 14.5ms
[2025-07-30T16:37:52.800+0800][18.625s][info][gc,phases   ] GC(363)   Post Evacuate Collection Set: 0.7ms
[2025-07-30T16:37:52.800+0800][18.625s][info][gc,phases   ] GC(363)   Other: 0.1ms
[2025-07-30T16:37:52.800+0800][18.625s][info][gc,heap     ] GC(363) Eden regions: 1017->0(1019)
[2025-07-30T16:37:52.800+0800][18.625s][info][gc,heap     ] GC(363) Survivor regions: 146->145(146)
[2025-07-30T16:37:52.800+0800][18.625s][info][gc,heap     ] GC(363) Old regions: 561->561
[2025-07-30T16:37:52.800+0800][18.625s][info][gc,heap     ] GC(363) Humongous regions: 3->3
[2025-07-30T16:37:52.800+0800][18.625s][info][gc,metaspace] GC(363) Metaspace: 7106K(7424K)->7106K(7424K) NonClass: 6383K(6528K)->6383K(6528K) Class: 723K(896K)->723K(896K)
[2025-07-30T16:37:52.800+0800][18.625s][info][gc          ] GC(363) Pause Young (Normal) (G1 Evacuation Pause) 1726M->708M(2048M) 16.075ms
[2025-07-30T16:37:52.800+0800][18.625s][info][gc,cpu      ] GC(363) User=0.02s Sys=0.00s Real=0.02s
[2025-07-30T16:37:52.800+0800][18.625s][info][safepoint   ] Safepoint "G1CollectForAllocation", Time since last: 38172800 ns, Reaching safepoint: 4000 ns, Cleanup: 4900 ns, At safepoint: 16115700 ns, Total: 16124600 ns
[2025-07-30T16:37:52.840+0800][18.665s][info][gc,start    ] GC(364) Pause Young (Normal) (G1 Evacuation Pause)
[2025-07-30T16:37:52.840+0800][18.665s][info][gc,task     ] GC(364) Using 1 workers of 1 for evacuation
[2025-07-30T16:37:52.856+0800][18.681s][info][gc,phases   ] GC(364)   Pre Evacuate Collection Set: 0.4ms
[2025-07-30T16:37:52.856+0800][18.681s][info][gc,phases   ] GC(364)   Merge Heap Roots: 0.1ms
[2025-07-30T16:37:52.856+0800][18.681s][info][gc,phases   ] GC(364)   Evacuate Collection Set: 14.8ms
[2025-07-30T16:37:52.856+0800][18.681s][info][gc,phases   ] GC(364)   Post Evacuate Collection Set: 0.7ms
[2025-07-30T16:37:52.856+0800][18.681s][info][gc,phases   ] GC(364)   Other: 0.1ms
[2025-07-30T16:37:52.856+0800][18.681s][info][gc,heap     ] GC(364) Eden regions: 1019->0(1017)
[2025-07-30T16:37:52.856+0800][18.681s][info][gc,heap     ] GC(364) Survivor regions: 145->146(146)
[2025-07-30T16:37:52.856+0800][18.681s][info][gc,heap     ] GC(364) Old regions: 561->561
[2025-07-30T16:37:52.856+0800][18.681s][info][gc,heap     ] GC(364) Humongous regions: 3->3
[2025-07-30T16:37:52.856+0800][18.681s][info][gc,metaspace] GC(364) Metaspace: 7106K(7424K)->7106K(7424K) NonClass: 6383K(6528K)->6383K(6528K) Class: 723K(896K)->723K(896K)
[2025-07-30T16:37:52.856+0800][18.681s][info][gc          ] GC(364) Pause Young (Normal) (G1 Evacuation Pause) 1727M->709M(2048M) 16.197ms
[2025-07-30T16:37:52.856+0800][18.681s][info][gc,cpu      ] GC(364) User=0.02s Sys=0.00s Real=0.02s
[2025-07-30T16:37:52.856+0800][18.681s][info][safepoint   ] Safepoint "G1CollectForAllocation", Time since last: 39445800 ns, Reaching safepoint: 2900 ns, Cleanup: 3400 ns, At safepoint: 16236300 ns, Total: 16242600 ns
[2025-07-30T16:37:52.896+0800][18.721s][info][gc,start    ] GC(365) Pause Young (Normal) (G1 Evacuation Pause)
[2025-07-30T16:37:52.896+0800][18.721s][info][gc,task     ] GC(365) Using 1 workers of 1 for evacuation
[2025-07-30T16:37:52.913+0800][18.738s][info][gc,phases   ] GC(365)   Pre Evacuate Collection Set: 0.5ms
[2025-07-30T16:37:52.913+0800][18.738s][info][gc,phases   ] GC(365)   Merge Heap Roots: 0.1ms
[2025-07-30T16:37:52.913+0800][18.738s][info][gc,phases   ] GC(365)   Evacuate Collection Set: 15.5ms
[2025-07-30T16:37:52.913+0800][18.738s][info][gc,phases   ] GC(365)   Post Evacuate Collection Set: 0.7ms
[2025-07-30T16:37:52.913+0800][18.738s][info][gc,phases   ] GC(365)   Other: 0.1ms
[2025-07-30T16:37:52.913+0800][18.738s][info][gc,heap     ] GC(365) Eden regions: 1017->0(1017)
[2025-07-30T16:37:52.913+0800][18.738s][info][gc,heap     ] GC(365) Survivor regions: 146->146(146)
[2025-07-30T16:37:52.913+0800][18.738s][info][gc,heap     ] GC(365) Old regions: 561->561
[2025-07-30T16:37:52.913+0800][18.738s][info][gc,heap     ] GC(365) Humongous regions: 3->3
[2025-07-30T16:37:52.913+0800][18.738s][info][gc,metaspace] GC(365) Metaspace: 7106K(7424K)->7106K(7424K) NonClass: 6383K(6528K)->6383K(6528K) Class: 723K(896K)->723K(896K)
[2025-07-30T16:37:52.913+0800][18.738s][info][gc          ] GC(365) Pause Young (Normal) (G1 Evacuation Pause) 1726M->708M(2048M) 16.975ms
[2025-07-30T16:37:52.913+0800][18.738s][info][gc,cpu      ] GC(365) User=0.02s Sys=0.00s Real=0.02s
[2025-07-30T16:37:52.913+0800][18.738s][info][safepoint   ] Safepoint "G1CollectForAllocation", Time since last: 39763200 ns, Reaching safepoint: 4200 ns, Cleanup: 5100 ns, At safepoint: 17016400 ns, Total: 17025700 ns
[2025-07-30T16:37:52.950+0800][18.776s][info][gc,start    ] GC(366) Pause Young (Normal) (G1 Evacuation Pause)
[2025-07-30T16:37:52.950+0800][18.776s][info][gc,task     ] GC(366) Using 1 workers of 1 for evacuation
[2025-07-30T16:37:52.967+0800][18.792s][info][gc,phases   ] GC(366)   Pre Evacuate Collection Set: 0.5ms
[2025-07-30T16:37:52.967+0800][18.792s][info][gc,phases   ] GC(366)   Merge Heap Roots: 0.1ms
[2025-07-30T16:37:52.967+0800][18.792s][info][gc,phases   ] GC(366)   Evacuate Collection Set: 14.6ms
[2025-07-30T16:37:52.967+0800][18.792s][info][gc,phases   ] GC(366)   Post Evacuate Collection Set: 0.7ms
[2025-07-30T16:37:52.967+0800][18.792s][info][gc,phases   ] GC(366)   Other: 0.1ms
[2025-07-30T16:37:52.967+0800][18.792s][info][gc,heap     ] GC(366) Eden regions: 1017->0(1019)
[2025-07-30T16:37:52.967+0800][18.792s][info][gc,heap     ] GC(366) Survivor regions: 146->145(146)
[2025-07-30T16:37:52.967+0800][18.792s][info][gc,heap     ] GC(366) Old regions: 561->561
[2025-07-30T16:37:52.967+0800][18.792s][info][gc,heap     ] GC(366) Humongous regions: 3->3
[2025-07-30T16:37:52.967+0800][18.792s][info][gc,metaspace] GC(366) Metaspace: 7106K(7424K)->7106K(7424K) NonClass: 6383K(6528K)->6383K(6528K) Class: 723K(896K)->723K(896K)
[2025-07-30T16:37:52.967+0800][18.792s][info][gc          ] GC(366) Pause Young (Normal) (G1 Evacuation Pause) 1725M->707M(2048M) 16.146ms
[2025-07-30T16:37:52.967+0800][18.792s][info][gc,cpu      ] GC(366) User=0.02s Sys=0.00s Real=0.02s
[2025-07-30T16:37:52.967+0800][18.792s][info][safepoint   ] Safepoint "G1CollectForAllocation", Time since last: 37721900 ns, Reaching safepoint: 4200 ns, Cleanup: 5500 ns, At safepoint: 16187700 ns, Total: 16197400 ns
[2025-07-30T16:37:53.004+0800][18.830s][info][gc,start    ] GC(367) Pause Young (Normal) (G1 Evacuation Pause)
[2025-07-30T16:37:53.004+0800][18.830s][info][gc,task     ] GC(367) Using 1 workers of 1 for evacuation
[2025-07-30T16:37:53.020+0800][18.846s][info][gc,phases   ] GC(367)   Pre Evacuate Collection Set: 0.4ms
[2025-07-30T16:37:53.020+0800][18.846s][info][gc,phases   ] GC(367)   Merge Heap Roots: 0.1ms
[2025-07-30T16:37:53.020+0800][18.846s][info][gc,phases   ] GC(367)   Evacuate Collection Set: 14.7ms
[2025-07-30T16:37:53.020+0800][18.846s][info][gc,phases   ] GC(367)   Post Evacuate Collection Set: 0.7ms
[2025-07-30T16:37:53.020+0800][18.846s][info][gc,phases   ] GC(367)   Other: 0.1ms
[2025-07-30T16:37:53.020+0800][18.846s][info][gc,heap     ] GC(367) Eden regions: 1019->0(1018)
[2025-07-30T16:37:53.020+0800][18.846s][info][gc,heap     ] GC(367) Survivor regions: 145->146(146)
[2025-07-30T16:37:53.020+0800][18.846s][info][gc,heap     ] GC(367) Old regions: 561->561
[2025-07-30T16:37:53.020+0800][18.846s][info][gc,heap     ] GC(367) Humongous regions: 3->3
[2025-07-30T16:37:53.020+0800][18.846s][info][gc,metaspace] GC(367) Metaspace: 7106K(7424K)->7106K(7424K) NonClass: 6383K(6528K)->6383K(6528K) Class: 723K(896K)->723K(896K)
[2025-07-30T16:37:53.020+0800][18.846s][info][gc          ] GC(367) Pause Young (Normal) (G1 Evacuation Pause) 1726M->708M(2048M) 16.175ms
[2025-07-30T16:37:53.020+0800][18.846s][info][gc,cpu      ] GC(367) User=0.02s Sys=0.00s Real=0.02s
[2025-07-30T16:37:53.020+0800][18.846s][info][safepoint   ] Safepoint "G1CollectForAllocation", Time since last: 37614700 ns, Reaching safepoint: 3800 ns, Cleanup: 4900 ns, At safepoint: 16218500 ns, Total: 16227200 ns
[2025-07-30T16:37:53.058+0800][18.883s][info][gc,start    ] GC(368) Pause Young (Normal) (G1 Evacuation Pause)
[2025-07-30T16:37:53.058+0800][18.883s][info][gc,task     ] GC(368) Using 1 workers of 1 for evacuation
[2025-07-30T16:37:53.073+0800][18.899s][info][gc,phases   ] GC(368)   Pre Evacuate Collection Set: 0.4ms
[2025-07-30T16:37:53.073+0800][18.899s][info][gc,phases   ] GC(368)   Merge Heap Roots: 0.1ms
[2025-07-30T16:37:53.073+0800][18.899s][info][gc,phases   ] GC(368)   Evacuate Collection Set: 14.0ms
[2025-07-30T16:37:53.074+0800][18.899s][info][gc,phases   ] GC(368)   Post Evacuate Collection Set: 0.7ms
[2025-07-30T16:37:53.074+0800][18.899s][info][gc,phases   ] GC(368)   Other: 0.1ms
[2025-07-30T16:37:53.074+0800][18.899s][info][gc,heap     ] GC(368) Eden regions: 1018->0(1018)
[2025-07-30T16:37:53.074+0800][18.899s][info][gc,heap     ] GC(368) Survivor regions: 146->146(146)
[2025-07-30T16:37:53.074+0800][18.899s][info][gc,heap     ] GC(368) Old regions: 561->561
[2025-07-30T16:37:53.074+0800][18.899s][info][gc,heap     ] GC(368) Humongous regions: 3->3
[2025-07-30T16:37:53.074+0800][18.899s][info][gc,metaspace] GC(368) Metaspace: 7106K(7424K)->7106K(7424K) NonClass: 6383K(6528K)->6383K(6528K) Class: 723K(896K)->723K(896K)
[2025-07-30T16:37:53.074+0800][18.899s][info][gc          ] GC(368) Pause Young (Normal) (G1 Evacuation Pause) 1726M->708M(2048M) 15.459ms
[2025-07-30T16:37:53.074+0800][18.899s][info][gc,cpu      ] GC(368) User=0.02s Sys=0.00s Real=0.02s
[2025-07-30T16:37:53.074+0800][18.899s][info][safepoint   ] Safepoint "G1CollectForAllocation", Time since last: 37529700 ns, Reaching safepoint: 3200 ns, Cleanup: 3500 ns, At safepoint: 15500100 ns, Total: 15506800 ns
[2025-07-30T16:37:53.112+0800][18.938s][info][gc,start    ] GC(369) Pause Young (Normal) (G1 Evacuation Pause)
[2025-07-30T16:37:53.112+0800][18.938s][info][gc,task     ] GC(369) Using 1 workers of 1 for evacuation
[2025-07-30T16:37:53.129+0800][18.954s][info][gc,phases   ] GC(369)   Pre Evacuate Collection Set: 0.5ms
[2025-07-30T16:37:53.129+0800][18.954s][info][gc,phases   ] GC(369)   Merge Heap Roots: 0.1ms
[2025-07-30T16:37:53.129+0800][18.954s][info][gc,phases   ] GC(369)   Evacuate Collection Set: 15.3ms
[2025-07-30T16:37:53.129+0800][18.954s][info][gc,phases   ] GC(369)   Post Evacuate Collection Set: 0.7ms
[2025-07-30T16:37:53.129+0800][18.954s][info][gc,phases   ] GC(369)   Other: 0.1ms
[2025-07-30T16:37:53.129+0800][18.954s][info][gc,heap     ] GC(369) Eden regions: 1018->0(1017)
[2025-07-30T16:37:53.129+0800][18.954s][info][gc,heap     ] GC(369) Survivor regions: 146->146(146)
[2025-07-30T16:37:53.129+0800][18.954s][info][gc,heap     ] GC(369) Old regions: 561->561
[2025-07-30T16:37:53.129+0800][18.954s][info][gc,heap     ] GC(369) Humongous regions: 3->3
[2025-07-30T16:37:53.129+0800][18.954s][info][gc,metaspace] GC(369) Metaspace: 7106K(7424K)->7106K(7424K) NonClass: 6383K(6528K)->6383K(6528K) Class: 723K(896K)->723K(896K)
[2025-07-30T16:37:53.129+0800][18.954s][info][gc          ] GC(369) Pause Young (Normal) (G1 Evacuation Pause) 1726M->709M(2048M) 16.832ms
[2025-07-30T16:37:53.129+0800][18.954s][info][gc,cpu      ] GC(369) User=0.02s Sys=0.00s Real=0.02s
[2025-07-30T16:37:53.129+0800][18.955s][info][safepoint   ] Safepoint "G1CollectForAllocation", Time since last: 38842900 ns, Reaching safepoint: 4900 ns, Cleanup: 5500 ns, At safepoint: 16874600 ns, Total: 16885000 ns
[2025-07-30T16:37:53.167+0800][18.992s][info][gc,start    ] GC(370) Pause Young (Normal) (G1 Evacuation Pause)
[2025-07-30T16:37:53.167+0800][18.993s][info][gc,task     ] GC(370) Using 1 workers of 1 for evacuation
[2025-07-30T16:37:53.183+0800][19.008s][info][gc,phases   ] GC(370)   Pre Evacuate Collection Set: 0.4ms
[2025-07-30T16:37:53.183+0800][19.008s][info][gc,phases   ] GC(370)   Merge Heap Roots: 0.1ms
[2025-07-30T16:37:53.183+0800][19.008s][info][gc,phases   ] GC(370)   Evacuate Collection Set: 14.5ms
[2025-07-30T16:37:53.183+0800][19.008s][info][gc,phases   ] GC(370)   Post Evacuate Collection Set: 0.7ms
[2025-07-30T16:37:53.183+0800][19.008s][info][gc,phases   ] GC(370)   Other: 0.1ms
[2025-07-30T16:37:53.183+0800][19.008s][info][gc,heap     ] GC(370) Eden regions: 1017->0(1019)
[2025-07-30T16:37:53.183+0800][19.008s][info][gc,heap     ] GC(370) Survivor regions: 146->145(146)
[2025-07-30T16:37:53.183+0800][19.008s][info][gc,heap     ] GC(370) Old regions: 561->561
[2025-07-30T16:37:53.183+0800][19.008s][info][gc,heap     ] GC(370) Humongous regions: 3->3
[2025-07-30T16:37:53.183+0800][19.008s][info][gc,metaspace] GC(370) Metaspace: 7106K(7424K)->7106K(7424K) NonClass: 6383K(6528K)->6383K(6528K) Class: 723K(896K)->723K(896K)
[2025-07-30T16:37:53.183+0800][19.008s][info][gc          ] GC(370) Pause Young (Normal) (G1 Evacuation Pause) 1726M->708M(2048M) 15.949ms
[2025-07-30T16:37:53.183+0800][19.008s][info][gc,cpu      ] GC(370) User=0.02s Sys=0.00s Real=0.02s
[2025-07-30T16:37:53.183+0800][19.008s][info][safepoint   ] Safepoint "G1CollectForAllocation", Time since last: 37946400 ns, Reaching safepoint: 3100 ns, Cleanup: 3800 ns, At safepoint: 15989400 ns, Total: 15996300 ns
[2025-07-30T16:37:53.221+0800][19.046s][info][gc,start    ] GC(371) Pause Young (Normal) (G1 Evacuation Pause)
[2025-07-30T16:37:53.221+0800][19.046s][info][gc,task     ] GC(371) Using 1 workers of 1 for evacuation
[2025-07-30T16:37:53.237+0800][19.062s][info][gc,phases   ] GC(371)   Pre Evacuate Collection Set: 0.4ms
[2025-07-30T16:37:53.237+0800][19.062s][info][gc,phases   ] GC(371)   Merge Heap Roots: 0.1ms
[2025-07-30T16:37:53.237+0800][19.062s][info][gc,phases   ] GC(371)   Evacuate Collection Set: 14.2ms
[2025-07-30T16:37:53.237+0800][19.062s][info][gc,phases   ] GC(371)   Post Evacuate Collection Set: 0.8ms
[2025-07-30T16:37:53.237+0800][19.062s][info][gc,phases   ] GC(371)   Other: 0.1ms
[2025-07-30T16:37:53.237+0800][19.062s][info][gc,heap     ] GC(371) Eden regions: 1019->0(1017)
[2025-07-30T16:37:53.237+0800][19.062s][info][gc,heap     ] GC(371) Survivor regions: 145->146(146)
[2025-07-30T16:37:53.237+0800][19.062s][info][gc,heap     ] GC(371) Old regions: 561->561
[2025-07-30T16:37:53.237+0800][19.062s][info][gc,heap     ] GC(371) Humongous regions: 3->3
[2025-07-30T16:37:53.237+0800][19.062s][info][gc,metaspace] GC(371) Metaspace: 7106K(7424K)->7106K(7424K) NonClass: 6383K(6528K)->6383K(6528K) Class: 723K(896K)->723K(896K)
[2025-07-30T16:37:53.237+0800][19.062s][info][gc          ] GC(371) Pause Young (Normal) (G1 Evacuation Pause) 1727M->709M(2048M) 15.780ms
[2025-07-30T16:37:53.237+0800][19.062s][info][gc,cpu      ] GC(371) User=0.02s Sys=0.00s Real=0.02s
[2025-07-30T16:37:53.237+0800][19.062s][info][safepoint   ] Safepoint "G1CollectForAllocation", Time since last: 37957500 ns, Reaching safepoint: 3600 ns, Cleanup: 3700 ns, At safepoint: 15819900 ns, Total: 15827200 ns
[2025-07-30T16:37:53.274+0800][19.100s][info][gc,start    ] GC(372) Pause Young (Normal) (G1 Evacuation Pause)
[2025-07-30T16:37:53.274+0800][19.100s][info][gc,task     ] GC(372) Using 1 workers of 1 for evacuation
[2025-07-30T16:37:53.290+0800][19.115s][info][gc,phases   ] GC(372)   Pre Evacuate Collection Set: 0.4ms
[2025-07-30T16:37:53.290+0800][19.115s][info][gc,phases   ] GC(372)   Merge Heap Roots: 0.1ms
[2025-07-30T16:37:53.290+0800][19.115s][info][gc,phases   ] GC(372)   Evacuate Collection Set: 14.4ms
[2025-07-30T16:37:53.290+0800][19.115s][info][gc,phases   ] GC(372)   Post Evacuate Collection Set: 0.7ms
[2025-07-30T16:37:53.290+0800][19.115s][info][gc,phases   ] GC(372)   Other: 0.1ms
[2025-07-30T16:37:53.290+0800][19.116s][info][gc,heap     ] GC(372) Eden regions: 1017->0(1019)
[2025-07-30T16:37:53.290+0800][19.116s][info][gc,heap     ] GC(372) Survivor regions: 146->145(146)
[2025-07-30T16:37:53.290+0800][19.116s][info][gc,heap     ] GC(372) Old regions: 561->561
[2025-07-30T16:37:53.290+0800][19.116s][info][gc,heap     ] GC(372) Humongous regions: 3->3
[2025-07-30T16:37:53.290+0800][19.116s][info][gc,metaspace] GC(372) Metaspace: 7106K(7424K)->7106K(7424K) NonClass: 6383K(6528K)->6383K(6528K) Class: 723K(896K)->723K(896K)
[2025-07-30T16:37:53.290+0800][19.116s][info][gc          ] GC(372) Pause Young (Normal) (G1 Evacuation Pause) 1726M->708M(2048M) 15.883ms
[2025-07-30T16:37:53.290+0800][19.116s][info][gc,cpu      ] GC(372) User=0.02s Sys=0.00s Real=0.02s
[2025-07-30T16:37:53.290+0800][19.116s][info][safepoint   ] Safepoint "G1CollectForAllocation", Time since last: 37463900 ns, Reaching safepoint: 3500 ns, Cleanup: 4100 ns, At safepoint: 15929200 ns, Total: 15936800 ns
[2025-07-30T16:37:53.328+0800][19.153s][info][gc,start    ] GC(373) Pause Young (Normal) (G1 Evacuation Pause)
[2025-07-30T16:37:53.328+0800][19.153s][info][gc,task     ] GC(373) Using 1 workers of 1 for evacuation
[2025-07-30T16:37:53.344+0800][19.169s][info][gc,phases   ] GC(373)   Pre Evacuate Collection Set: 0.4ms
[2025-07-30T16:37:53.344+0800][19.169s][info][gc,phases   ] GC(373)   Merge Heap Roots: 0.1ms
[2025-07-30T16:37:53.344+0800][19.169s][info][gc,phases   ] GC(373)   Evacuate Collection Set: 14.3ms
[2025-07-30T16:37:53.344+0800][19.169s][info][gc,phases   ] GC(373)   Post Evacuate Collection Set: 0.9ms
[2025-07-30T16:37:53.344+0800][19.169s][info][gc,phases   ] GC(373)   Other: 0.1ms
[2025-07-30T16:37:53.344+0800][19.169s][info][gc,heap     ] GC(373) Eden regions: 1019->0(1017)
[2025-07-30T16:37:53.344+0800][19.169s][info][gc,heap     ] GC(373) Survivor regions: 145->146(146)
[2025-07-30T16:37:53.344+0800][19.169s][info][gc,heap     ] GC(373) Old regions: 561->561
[2025-07-30T16:37:53.344+0800][19.169s][info][gc,heap     ] GC(373) Humongous regions: 3->3
[2025-07-30T16:37:53.344+0800][19.169s][info][gc,metaspace] GC(373) Metaspace: 7106K(7424K)->7106K(7424K) NonClass: 6383K(6528K)->6383K(6528K) Class: 723K(896K)->723K(896K)
[2025-07-30T16:37:53.344+0800][19.169s][info][gc          ] GC(373) Pause Young (Normal) (G1 Evacuation Pause) 1727M->709M(2048M) 16.013ms
[2025-07-30T16:37:53.344+0800][19.169s][info][gc,cpu      ] GC(373) User=0.02s Sys=0.00s Real=0.02s
[2025-07-30T16:37:53.344+0800][19.169s][info][safepoint   ] Safepoint "G1CollectForAllocation", Time since last: 37353300 ns, Reaching safepoint: 3400 ns, Cleanup: 4400 ns, At safepoint: 16054600 ns, Total: 16062400 ns
[2025-07-30T16:37:53.381+0800][19.207s][info][gc,start    ] GC(374) Pause Young (Normal) (G1 Evacuation Pause)
[2025-07-30T16:37:53.382+0800][19.207s][info][gc,task     ] GC(374) Using 1 workers of 1 for evacuation
[2025-07-30T16:37:53.398+0800][19.224s][info][gc,phases   ] GC(374)   Pre Evacuate Collection Set: 0.4ms
[2025-07-30T16:37:53.398+0800][19.224s][info][gc,phases   ] GC(374)   Merge Heap Roots: 0.1ms
[2025-07-30T16:37:53.398+0800][19.224s][info][gc,phases   ] GC(374)   Evacuate Collection Set: 15.2ms
[2025-07-30T16:37:53.398+0800][19.224s][info][gc,phases   ] GC(374)   Post Evacuate Collection Set: 0.7ms
[2025-07-30T16:37:53.398+0800][19.224s][info][gc,phases   ] GC(374)   Other: 0.1ms
[2025-07-30T16:37:53.398+0800][19.224s][info][gc,heap     ] GC(374) Eden regions: 1017->0(1017)
[2025-07-30T16:37:53.398+0800][19.224s][info][gc,heap     ] GC(374) Survivor regions: 146->146(146)
[2025-07-30T16:37:53.398+0800][19.224s][info][gc,heap     ] GC(374) Old regions: 561->561
[2025-07-30T16:37:53.398+0800][19.224s][info][gc,heap     ] GC(374) Humongous regions: 3->3
[2025-07-30T16:37:53.398+0800][19.224s][info][gc,metaspace] GC(374) Metaspace: 7106K(7424K)->7106K(7424K) NonClass: 6383K(6528K)->6383K(6528K) Class: 723K(896K)->723K(896K)
[2025-07-30T16:37:53.398+0800][19.224s][info][gc          ] GC(374) Pause Young (Normal) (G1 Evacuation Pause) 1726M->708M(2048M) 16.723ms
[2025-07-30T16:37:53.398+0800][19.224s][info][gc,cpu      ] GC(374) User=0.02s Sys=0.00s Real=0.02s
[2025-07-30T16:37:53.398+0800][19.224s][info][safepoint   ] Safepoint "G1CollectForAllocation", Time since last: 37982900 ns, Reaching safepoint: 3700 ns, Cleanup: 5000 ns, At safepoint: 16771700 ns, Total: 16780400 ns
[2025-07-30T16:37:53.437+0800][19.262s][info][gc,start    ] GC(375) Pause Young (Normal) (G1 Evacuation Pause)
[2025-07-30T16:37:53.437+0800][19.262s][info][gc,task     ] GC(375) Using 1 workers of 1 for evacuation
[2025-07-30T16:37:53.453+0800][19.278s][info][gc,phases   ] GC(375)   Pre Evacuate Collection Set: 0.5ms
[2025-07-30T16:37:53.453+0800][19.278s][info][gc,phases   ] GC(375)   Merge Heap Roots: 0.1ms
[2025-07-30T16:37:53.453+0800][19.278s][info][gc,phases   ] GC(375)   Evacuate Collection Set: 14.8ms
[2025-07-30T16:37:53.453+0800][19.278s][info][gc,phases   ] GC(375)   Post Evacuate Collection Set: 0.7ms
[2025-07-30T16:37:53.453+0800][19.278s][info][gc,phases   ] GC(375)   Other: 0.1ms
[2025-07-30T16:37:53.453+0800][19.278s][info][gc,heap     ] GC(375) Eden regions: 1017->0(1019)
[2025-07-30T16:37:53.453+0800][19.278s][info][gc,heap     ] GC(375) Survivor regions: 146->145(146)
[2025-07-30T16:37:53.453+0800][19.278s][info][gc,heap     ] GC(375) Old regions: 561->561
[2025-07-30T16:37:53.453+0800][19.278s][info][gc,heap     ] GC(375) Humongous regions: 3->3
[2025-07-30T16:37:53.453+0800][19.278s][info][gc,metaspace] GC(375) Metaspace: 7112K(7424K)->7112K(7424K) NonClass: 6389K(6528K)->6389K(6528K) Class: 723K(896K)->723K(896K)
[2025-07-30T16:37:53.453+0800][19.278s][info][gc          ] GC(375) Pause Young (Normal) (G1 Evacuation Pause) 1725M->707M(2048M) 16.291ms
[2025-07-30T16:37:53.453+0800][19.278s][info][gc,cpu      ] GC(375) User=0.00s Sys=0.02s Real=0.02s
[2025-07-30T16:37:53.453+0800][19.278s][info][safepoint   ] Safepoint "G1CollectForAllocation", Time since last: 38345600 ns, Reaching safepoint: 3600 ns, Cleanup: 3400 ns, At safepoint: 16336600 ns, Total: 16343600 ns
[2025-07-30T16:37:53.490+0800][19.316s][info][gc,start    ] GC(376) Pause Young (Normal) (G1 Evacuation Pause)
[2025-07-30T16:37:53.490+0800][19.316s][info][gc,task     ] GC(376) Using 1 workers of 1 for evacuation
[2025-07-30T16:37:53.506+0800][19.331s][info][gc,phases   ] GC(376)   Pre Evacuate Collection Set: 0.4ms
[2025-07-30T16:37:53.506+0800][19.331s][info][gc,phases   ] GC(376)   Merge Heap Roots: 0.1ms
[2025-07-30T16:37:53.506+0800][19.331s][info][gc,phases   ] GC(376)   Evacuate Collection Set: 14.1ms
[2025-07-30T16:37:53.506+0800][19.331s][info][gc,phases   ] GC(376)   Post Evacuate Collection Set: 0.7ms
[2025-07-30T16:37:53.506+0800][19.331s][info][gc,phases   ] GC(376)   Other: 0.1ms
[2025-07-30T16:37:53.506+0800][19.331s][info][gc,heap     ] GC(376) Eden regions: 1019->0(1018)
[2025-07-30T16:37:53.506+0800][19.331s][info][gc,heap     ] GC(376) Survivor regions: 145->146(146)
[2025-07-30T16:37:53.506+0800][19.331s][info][gc,heap     ] GC(376) Old regions: 561->561
[2025-07-30T16:37:53.506+0800][19.331s][info][gc,heap     ] GC(376) Humongous regions: 3->3
[2025-07-30T16:37:53.506+0800][19.331s][info][gc,metaspace] GC(376) Metaspace: 7112K(7424K)->7112K(7424K) NonClass: 6389K(6528K)->6389K(6528K) Class: 723K(896K)->723K(896K)
[2025-07-30T16:37:53.506+0800][19.331s][info][gc          ] GC(376) Pause Young (Normal) (G1 Evacuation Pause) 1726M->708M(2048M) 15.489ms
[2025-07-30T16:37:53.506+0800][19.332s][info][gc,cpu      ] GC(376) User=0.02s Sys=0.00s Real=0.02s
[2025-07-30T16:37:53.506+0800][19.332s][info][safepoint   ] Safepoint "G1CollectForAllocation", Time since last: 37498900 ns, Reaching safepoint: 3500 ns, Cleanup: 3500 ns, At safepoint: 15527600 ns, Total: 15534600 ns
[2025-07-30T16:37:53.543+0800][19.369s][info][gc,start    ] GC(377) Pause Young (Normal) (G1 Evacuation Pause)
[2025-07-30T16:37:53.543+0800][19.369s][info][gc,task     ] GC(377) Using 1 workers of 1 for evacuation
[2025-07-30T16:37:53.558+0800][19.384s][info][gc,phases   ] GC(377)   Pre Evacuate Collection Set: 0.3ms
[2025-07-30T16:37:53.558+0800][19.384s][info][gc,phases   ] GC(377)   Merge Heap Roots: 0.1ms
[2025-07-30T16:37:53.558+0800][19.384s][info][gc,phases   ] GC(377)   Evacuate Collection Set: 14.2ms
[2025-07-30T16:37:53.558+0800][19.384s][info][gc,phases   ] GC(377)   Post Evacuate Collection Set: 0.7ms
[2025-07-30T16:37:53.558+0800][19.384s][info][gc,phases   ] GC(377)   Other: 0.1ms
[2025-07-30T16:37:53.558+0800][19.384s][info][gc,heap     ] GC(377) Eden regions: 1018->0(1018)
[2025-07-30T16:37:53.558+0800][19.384s][info][gc,heap     ] GC(377) Survivor regions: 146->146(146)
[2025-07-30T16:37:53.558+0800][19.384s][info][gc,heap     ] GC(377) Old regions: 561->561
[2025-07-30T16:37:53.558+0800][19.384s][info][gc,heap     ] GC(377) Humongous regions: 3->3
[2025-07-30T16:37:53.558+0800][19.384s][info][gc,metaspace] GC(377) Metaspace: 7112K(7424K)->7112K(7424K) NonClass: 6389K(6528K)->6389K(6528K) Class: 723K(896K)->723K(896K)
[2025-07-30T16:37:53.558+0800][19.384s][info][gc          ] GC(377) Pause Young (Normal) (G1 Evacuation Pause) 1726M->708M(2048M) 15.515ms
[2025-07-30T16:37:53.558+0800][19.384s][info][gc,cpu      ] GC(377) User=0.02s Sys=0.00s Real=0.02s
[2025-07-30T16:37:53.558+0800][19.384s][info][safepoint   ] Safepoint "G1CollectForAllocation", Time since last: 37026900 ns, Reaching safepoint: 2600 ns, Cleanup: 2900 ns, At safepoint: 15553500 ns, Total: 15559000 ns
[2025-07-30T16:37:53.595+0800][19.421s][info][gc,start    ] GC(378) Pause Young (Normal) (G1 Evacuation Pause)
[2025-07-30T16:37:53.595+0800][19.421s][info][gc,task     ] GC(378) Using 1 workers of 1 for evacuation
[2025-07-30T16:37:53.611+0800][19.436s][info][gc,phases   ] GC(378)   Pre Evacuate Collection Set: 0.4ms
[2025-07-30T16:37:53.611+0800][19.436s][info][gc,phases   ] GC(378)   Merge Heap Roots: 0.0ms
[2025-07-30T16:37:53.611+0800][19.436s][info][gc,phases   ] GC(378)   Evacuate Collection Set: 13.9ms
[2025-07-30T16:37:53.611+0800][19.436s][info][gc,phases   ] GC(378)   Post Evacuate Collection Set: 0.7ms
[2025-07-30T16:37:53.611+0800][19.436s][info][gc,phases   ] GC(378)   Other: 0.1ms
[2025-07-30T16:37:53.611+0800][19.436s][info][gc,heap     ] GC(378) Eden regions: 1018->0(1018)
[2025-07-30T16:37:53.611+0800][19.436s][info][gc,heap     ] GC(378) Survivor regions: 146->146(146)
[2025-07-30T16:37:53.611+0800][19.436s][info][gc,heap     ] GC(378) Old regions: 561->561
[2025-07-30T16:37:53.611+0800][19.436s][info][gc,heap     ] GC(378) Humongous regions: 3->3
[2025-07-30T16:37:53.611+0800][19.436s][info][gc,metaspace] GC(378) Metaspace: 7112K(7424K)->7112K(7424K) NonClass: 6389K(6528K)->6389K(6528K) Class: 723K(896K)->723K(896K)
[2025-07-30T16:37:53.611+0800][19.436s][info][gc          ] GC(378) Pause Young (Normal) (G1 Evacuation Pause) 1726M->708M(2048M) 15.389ms
[2025-07-30T16:37:53.611+0800][19.436s][info][gc,cpu      ] GC(378) User=0.02s Sys=0.00s Real=0.02s
[2025-07-30T16:37:53.611+0800][19.436s][info][safepoint   ] Safepoint "G1CollectForAllocation", Time since last: 36720900 ns, Reaching safepoint: 3000 ns, Cleanup: 3300 ns, At safepoint: 15429100 ns, Total: 15435400 ns
[2025-07-30T16:37:53.648+0800][19.473s][info][gc,start    ] GC(379) Pause Young (Normal) (G1 Evacuation Pause)
[2025-07-30T16:37:53.648+0800][19.473s][info][gc,task     ] GC(379) Using 1 workers of 1 for evacuation
[2025-07-30T16:37:53.663+0800][19.488s][info][gc,phases   ] GC(379)   Pre Evacuate Collection Set: 0.4ms
[2025-07-30T16:37:53.663+0800][19.488s][info][gc,phases   ] GC(379)   Merge Heap Roots: 0.1ms
[2025-07-30T16:37:53.663+0800][19.488s][info][gc,phases   ] GC(379)   Evacuate Collection Set: 14.0ms
[2025-07-30T16:37:53.663+0800][19.488s][info][gc,phases   ] GC(379)   Post Evacuate Collection Set: 0.6ms
[2025-07-30T16:37:53.663+0800][19.488s][info][gc,phases   ] GC(379)   Other: 0.1ms
[2025-07-30T16:37:53.663+0800][19.488s][info][gc,heap     ] GC(379) Eden regions: 1018->0(1017)
[2025-07-30T16:37:53.663+0800][19.488s][info][gc,heap     ] GC(379) Survivor regions: 146->146(146)
[2025-07-30T16:37:53.664+0800][19.490s][info][gc,heap     ] GC(379) Old regions: 561->561
[2025-07-30T16:37:53.664+0800][19.490s][info][gc,heap     ] GC(379) Humongous regions: 3->3
[2025-07-30T16:37:53.664+0800][19.490s][info][gc,metaspace] GC(379) Metaspace: 7112K(7424K)->7112K(7424K) NonClass: 6389K(6528K)->6389K(6528K) Class: 723K(896K)->723K(896K)
[2025-07-30T16:37:53.665+0800][19.490s][info][gc          ] GC(379) Pause Young (Normal) (G1 Evacuation Pause) 1726M->709M(2048M) 17.017ms
[2025-07-30T16:37:53.665+0800][19.490s][info][gc,cpu      ] GC(379) User=0.00s Sys=0.02s Real=0.02s
[2025-07-30T16:37:53.665+0800][19.490s][info][safepoint   ] Safepoint "G1CollectForAllocation", Time since last: 36799000 ns, Reaching safepoint: 2600 ns, Cleanup: 3000 ns, At safepoint: 17058200 ns, Total: 17063800 ns
[2025-07-30T16:37:53.702+0800][19.528s][info][gc,start    ] GC(380) Pause Young (Normal) (G1 Evacuation Pause)
[2025-07-30T16:37:53.702+0800][19.528s][info][gc,task     ] GC(380) Using 1 workers of 1 for evacuation
[2025-07-30T16:37:53.717+0800][19.543s][info][gc,phases   ] GC(380)   Pre Evacuate Collection Set: 0.4ms
[2025-07-30T16:37:53.717+0800][19.543s][info][gc,phases   ] GC(380)   Merge Heap Roots: 0.1ms
[2025-07-30T16:37:53.717+0800][19.543s][info][gc,phases   ] GC(380)   Evacuate Collection Set: 13.8ms
[2025-07-30T16:37:53.717+0800][19.543s][info][gc,phases   ] GC(380)   Post Evacuate Collection Set: 0.6ms
[2025-07-30T16:37:53.717+0800][19.543s][info][gc,phases   ] GC(380)   Other: 0.1ms
[2025-07-30T16:37:53.717+0800][19.543s][info][gc,heap     ] GC(380) Eden regions: 1017->0(1019)
[2025-07-30T16:37:53.717+0800][19.543s][info][gc,heap     ] GC(380) Survivor regions: 146->145(146)
[2025-07-30T16:37:53.717+0800][19.543s][info][gc,heap     ] GC(380) Old regions: 561->561
[2025-07-30T16:37:53.717+0800][19.543s][info][gc,heap     ] GC(380) Humongous regions: 3->3
[2025-07-30T16:37:53.717+0800][19.543s][info][gc,metaspace] GC(380) Metaspace: 7112K(7424K)->7112K(7424K) NonClass: 6389K(6528K)->6389K(6528K) Class: 723K(896K)->723K(896K)
[2025-07-30T16:37:53.717+0800][19.543s][info][gc          ] GC(380) Pause Young (Normal) (G1 Evacuation Pause) 1726M->708M(2048M) 15.085ms
[2025-07-30T16:37:53.717+0800][19.543s][info][gc,cpu      ] GC(380) User=0.02s Sys=0.00s Real=0.02s
[2025-07-30T16:37:53.717+0800][19.543s][info][safepoint   ] Safepoint "G1CollectForAllocation", Time since last: 37672700 ns, Reaching safepoint: 2600 ns, Cleanup: 3300 ns, At safepoint: 15124500 ns, Total: 15130400 ns
[2025-07-30T16:37:53.754+0800][19.579s][info][gc,start    ] GC(381) Pause Young (Normal) (G1 Evacuation Pause)
[2025-07-30T16:37:53.754+0800][19.579s][info][gc,task     ] GC(381) Using 1 workers of 1 for evacuation
[2025-07-30T16:37:53.770+0800][19.595s][info][gc,phases   ] GC(381)   Pre Evacuate Collection Set: 0.4ms
[2025-07-30T16:37:53.770+0800][19.595s][info][gc,phases   ] GC(381)   Merge Heap Roots: 0.1ms
[2025-07-30T16:37:53.770+0800][19.595s][info][gc,phases   ] GC(381)   Evacuate Collection Set: 14.3ms
[2025-07-30T16:37:53.770+0800][19.595s][info][gc,phases   ] GC(381)   Post Evacuate Collection Set: 0.6ms
[2025-07-30T16:37:53.770+0800][19.595s][info][gc,phases   ] GC(381)   Other: 0.1ms
[2025-07-30T16:37:53.770+0800][19.595s][info][gc,heap     ] GC(381) Eden regions: 1019->0(1017)
[2025-07-30T16:37:53.770+0800][19.595s][info][gc,heap     ] GC(381) Survivor regions: 145->146(146)
[2025-07-30T16:37:53.770+0800][19.595s][info][gc,heap     ] GC(381) Old regions: 561->561
[2025-07-30T16:37:53.770+0800][19.595s][info][gc,heap     ] GC(381) Humongous regions: 3->3
[2025-07-30T16:37:53.770+0800][19.595s][info][gc,metaspace] GC(381) Metaspace: 7112K(7424K)->7112K(7424K) NonClass: 6389K(6528K)->6389K(6528K) Class: 723K(896K)->723K(896K)
[2025-07-30T16:37:53.770+0800][19.595s][info][gc          ] GC(381) Pause Young (Normal) (G1 Evacuation Pause) 1727M->709M(2048M) 15.606ms
[2025-07-30T16:37:53.770+0800][19.595s][info][gc,cpu      ] GC(381) User=0.02s Sys=0.00s Real=0.02s
[2025-07-30T16:37:53.770+0800][19.595s][info][safepoint   ] Safepoint "G1CollectForAllocation", Time since last: 36417900 ns, Reaching safepoint: 2900 ns, Cleanup: 3900 ns, At safepoint: 15647200 ns, Total: 15654000 ns
[2025-07-30T16:37:53.807+0800][19.633s][info][gc,start    ] GC(382) Pause Young (Normal) (G1 Evacuation Pause)
[2025-07-30T16:37:53.807+0800][19.633s][info][gc,task     ] GC(382) Using 1 workers of 1 for evacuation
[2025-07-30T16:37:53.822+0800][19.648s][info][gc,phases   ] GC(382)   Pre Evacuate Collection Set: 0.5ms
[2025-07-30T16:37:53.823+0800][19.648s][info][gc,phases   ] GC(382)   Merge Heap Roots: 0.1ms
[2025-07-30T16:37:53.823+0800][19.648s][info][gc,phases   ] GC(382)   Evacuate Collection Set: 13.5ms
[2025-07-30T16:37:53.823+0800][19.648s][info][gc,phases   ] GC(382)   Post Evacuate Collection Set: 0.7ms
[2025-07-30T16:37:53.823+0800][19.648s][info][gc,phases   ] GC(382)   Other: 0.1ms
[2025-07-30T16:37:53.823+0800][19.648s][info][gc,heap     ] GC(382) Eden regions: 1017->0(1019)
[2025-07-30T16:37:53.823+0800][19.648s][info][gc,heap     ] GC(382) Survivor regions: 146->145(146)
[2025-07-30T16:37:53.823+0800][19.648s][info][gc,heap     ] GC(382) Old regions: 561->561
[2025-07-30T16:37:53.823+0800][19.648s][info][gc,heap     ] GC(382) Humongous regions: 3->3
[2025-07-30T16:37:53.823+0800][19.648s][info][gc,metaspace] GC(382) Metaspace: 7112K(7424K)->7112K(7424K) NonClass: 6389K(6528K)->6389K(6528K) Class: 723K(896K)->723K(896K)
[2025-07-30T16:37:53.823+0800][19.648s][info][gc          ] GC(382) Pause Young (Normal) (G1 Evacuation Pause) 1726M->708M(2048M) 15.058ms
[2025-07-30T16:37:53.823+0800][19.648s][info][gc,cpu      ] GC(382) User=0.02s Sys=0.00s Real=0.02s
[2025-07-30T16:37:53.823+0800][19.648s][info][safepoint   ] Safepoint "G1CollectForAllocation", Time since last: 37696300 ns, Reaching safepoint: 2700 ns, Cleanup: 3300 ns, At safepoint: 15101400 ns, Total: 15107400 ns
[2025-07-30T16:37:53.859+0800][19.684s][info][gc,start    ] GC(383) Pause Young (Normal) (G1 Evacuation Pause)
[2025-07-30T16:37:53.859+0800][19.684s][info][gc,task     ] GC(383) Using 1 workers of 1 for evacuation
[2025-07-30T16:37:53.875+0800][19.700s][info][gc,phases   ] GC(383)   Pre Evacuate Collection Set: 0.4ms
[2025-07-30T16:37:53.875+0800][19.700s][info][gc,phases   ] GC(383)   Merge Heap Roots: 0.1ms
[2025-07-30T16:37:53.875+0800][19.700s][info][gc,phases   ] GC(383)   Evacuate Collection Set: 14.4ms
[2025-07-30T16:37:53.875+0800][19.700s][info][gc,phases   ] GC(383)   Post Evacuate Collection Set: 0.7ms
[2025-07-30T16:37:53.875+0800][19.700s][info][gc,phases   ] GC(383)   Other: 0.1ms
[2025-07-30T16:37:53.875+0800][19.700s][info][gc,heap     ] GC(383) Eden regions: 1019->0(1017)
[2025-07-30T16:37:53.875+0800][19.700s][info][gc,heap     ] GC(383) Survivor regions: 145->146(146)
[2025-07-30T16:37:53.875+0800][19.700s][info][gc,heap     ] GC(383) Old regions: 561->561
[2025-07-30T16:37:53.875+0800][19.700s][info][gc,heap     ] GC(383) Humongous regions: 3->3
[2025-07-30T16:37:53.875+0800][19.700s][info][gc,metaspace] GC(383) Metaspace: 7112K(7424K)->7112K(7424K) NonClass: 6389K(6528K)->6389K(6528K) Class: 723K(896K)->723K(896K)
[2025-07-30T16:37:53.875+0800][19.700s][info][gc          ] GC(383) Pause Young (Normal) (G1 Evacuation Pause) 1727M->709M(2048M) 15.865ms
[2025-07-30T16:37:53.875+0800][19.700s][info][gc,cpu      ] GC(383) User=0.02s Sys=0.00s Real=0.02s
[2025-07-30T16:37:53.875+0800][19.700s][info][safepoint   ] Safepoint "G1CollectForAllocation", Time since last: 36584900 ns, Reaching safepoint: 3600 ns, Cleanup: 4200 ns, At safepoint: 15910100 ns, Total: 15917900 ns
[2025-07-30T16:37:53.912+0800][19.737s][info][gc,start    ] GC(384) Pause Young (Normal) (G1 Evacuation Pause)
[2025-07-30T16:37:53.912+0800][19.737s][info][gc,task     ] GC(384) Using 1 workers of 1 for evacuation
[2025-07-30T16:37:53.926+0800][19.752s][info][gc,phases   ] GC(384)   Pre Evacuate Collection Set: 0.4ms
[2025-07-30T16:37:53.926+0800][19.752s][info][gc,phases   ] GC(384)   Merge Heap Roots: 0.1ms
[2025-07-30T16:37:53.926+0800][19.752s][info][gc,phases   ] GC(384)   Evacuate Collection Set: 14.1ms
[2025-07-30T16:37:53.926+0800][19.752s][info][gc,phases   ] GC(384)   Post Evacuate Collection Set: 0.7ms
[2025-07-30T16:37:53.926+0800][19.752s][info][gc,phases   ] GC(384)   Other: 0.1ms
[2025-07-30T16:37:53.926+0800][19.752s][info][gc,heap     ] GC(384) Eden regions: 1017->0(1017)
[2025-07-30T16:37:53.927+0800][19.752s][info][gc,heap     ] GC(384) Survivor regions: 146->146(146)
[2025-07-30T16:37:53.927+0800][19.752s][info][gc,heap     ] GC(384) Old regions: 561->561
[2025-07-30T16:37:53.927+0800][19.752s][info][gc,heap     ] GC(384) Humongous regions: 3->3
[2025-07-30T16:37:53.927+0800][19.752s][info][gc,metaspace] GC(384) Metaspace: 7112K(7424K)->7112K(7424K) NonClass: 6389K(6528K)->6389K(6528K) Class: 723K(896K)->723K(896K)
[2025-07-30T16:37:53.927+0800][19.752s][info][gc          ] GC(384) Pause Young (Normal) (G1 Evacuation Pause) 1726M->708M(2048M) 15.562ms
[2025-07-30T16:37:53.927+0800][19.752s][info][gc,cpu      ] GC(384) User=0.02s Sys=0.00s Real=0.02s
[2025-07-30T16:37:53.927+0800][19.752s][info][safepoint   ] Safepoint "G1CollectForAllocation", Time since last: 36434100 ns, Reaching safepoint: 4300 ns, Cleanup: 4900 ns, At safepoint: 15609900 ns, Total: 15619100 ns
[2025-07-30T16:37:53.963+0800][19.789s][info][gc,start    ] GC(385) Pause Young (Normal) (G1 Evacuation Pause)
[2025-07-30T16:37:53.963+0800][19.789s][info][gc,task     ] GC(385) Using 1 workers of 1 for evacuation
[2025-07-30T16:37:53.979+0800][19.804s][info][gc,phases   ] GC(385)   Pre Evacuate Collection Set: 0.3ms
[2025-07-30T16:37:53.979+0800][19.804s][info][gc,phases   ] GC(385)   Merge Heap Roots: 0.1ms
[2025-07-30T16:37:53.979+0800][19.804s][info][gc,phases   ] GC(385)   Evacuate Collection Set: 13.6ms
[2025-07-30T16:37:53.979+0800][19.804s][info][gc,phases   ] GC(385)   Post Evacuate Collection Set: 0.6ms
[2025-07-30T16:37:53.979+0800][19.804s][info][gc,phases   ] GC(385)   Other: 0.1ms
[2025-07-30T16:37:53.979+0800][19.804s][info][gc,heap     ] GC(385) Eden regions: 1017->0(1019)
[2025-07-30T16:37:53.979+0800][19.804s][info][gc,heap     ] GC(385) Survivor regions: 146->145(146)
[2025-07-30T16:37:53.979+0800][19.804s][info][gc,heap     ] GC(385) Old regions: 561->561
[2025-07-30T16:37:53.979+0800][19.804s][info][gc,heap     ] GC(385) Humongous regions: 3->3
[2025-07-30T16:37:53.979+0800][19.804s][info][gc,metaspace] GC(385) Metaspace: 7112K(7424K)->7112K(7424K) NonClass: 6389K(6528K)->6389K(6528K) Class: 723K(896K)->723K(896K)
[2025-07-30T16:37:53.979+0800][19.804s][info][gc          ] GC(385) Pause Young (Normal) (G1 Evacuation Pause) 1725M->707M(2048M) 14.812ms
[2025-07-30T16:37:53.979+0800][19.804s][info][gc,cpu      ] GC(385) User=0.02s Sys=0.00s Real=0.02s
[2025-07-30T16:37:53.979+0800][19.804s][info][safepoint   ] Safepoint "G1CollectForAllocation", Time since last: 36722900 ns, Reaching safepoint: 1900 ns, Cleanup: 3200 ns, At safepoint: 14848700 ns, Total: 14853800 ns
[2025-07-30T16:37:54.015+0800][19.841s][info][gc,start    ] GC(386) Pause Young (Normal) (G1 Evacuation Pause)
[2025-07-30T16:37:54.015+0800][19.841s][info][gc,task     ] GC(386) Using 1 workers of 1 for evacuation
[2025-07-30T16:37:54.031+0800][19.856s][info][gc,phases   ] GC(386)   Pre Evacuate Collection Set: 0.4ms
[2025-07-30T16:37:54.031+0800][19.857s][info][gc,phases   ] GC(386)   Merge Heap Roots: 0.1ms
[2025-07-30T16:37:54.031+0800][19.857s][info][gc,phases   ] GC(386)   Evacuate Collection Set: 14.4ms
[2025-07-30T16:37:54.031+0800][19.857s][info][gc,phases   ] GC(386)   Post Evacuate Collection Set: 0.7ms
[2025-07-30T16:37:54.031+0800][19.857s][info][gc,phases   ] GC(386)   Other: 0.1ms
[2025-07-30T16:37:54.031+0800][19.857s][info][gc,heap     ] GC(386) Eden regions: 1019->0(1018)
[2025-07-30T16:37:54.031+0800][19.857s][info][gc,heap     ] GC(386) Survivor regions: 145->146(146)
[2025-07-30T16:37:54.031+0800][19.857s][info][gc,heap     ] GC(386) Old regions: 561->561
[2025-07-30T16:37:54.031+0800][19.857s][info][gc,heap     ] GC(386) Humongous regions: 3->3
[2025-07-30T16:37:54.031+0800][19.857s][info][gc,metaspace] GC(386) Metaspace: 7112K(7424K)->7112K(7424K) NonClass: 6389K(6528K)->6389K(6528K) Class: 723K(896K)->723K(896K)
[2025-07-30T16:37:54.031+0800][19.857s][info][gc          ] GC(386) Pause Young (Normal) (G1 Evacuation Pause) 1726M->708M(2048M) 15.975ms
[2025-07-30T16:37:54.031+0800][19.857s][info][gc,cpu      ] GC(386) User=0.02s Sys=0.00s Real=0.02s
[2025-07-30T16:37:54.031+0800][19.857s][info][safepoint   ] Safepoint "G1CollectForAllocation", Time since last: 36710700 ns, Reaching safepoint: 3400 ns, Cleanup: 4100 ns, At safepoint: 16018000 ns, Total: 16025500 ns
[2025-07-30T16:37:54.068+0800][19.894s][info][gc,start    ] GC(387) Pause Young (Normal) (G1 Evacuation Pause)
[2025-07-30T16:37:54.068+0800][19.894s][info][gc,task     ] GC(387) Using 1 workers of 1 for evacuation
[2025-07-30T16:37:54.084+0800][19.909s][info][gc,phases   ] GC(387)   Pre Evacuate Collection Set: 0.4ms
[2025-07-30T16:37:54.084+0800][19.909s][info][gc,phases   ] GC(387)   Merge Heap Roots: 0.1ms
[2025-07-30T16:37:54.084+0800][19.909s][info][gc,phases   ] GC(387)   Evacuate Collection Set: 14.0ms
[2025-07-30T16:37:54.084+0800][19.909s][info][gc,phases   ] GC(387)   Post Evacuate Collection Set: 0.7ms
[2025-07-30T16:37:54.084+0800][19.909s][info][gc,phases   ] GC(387)   Other: 0.1ms
[2025-07-30T16:37:54.084+0800][19.909s][info][gc,heap     ] GC(387) Eden regions: 1018->0(1018)
[2025-07-30T16:37:54.084+0800][19.909s][info][gc,heap     ] GC(387) Survivor regions: 146->146(146)
[2025-07-30T16:37:54.084+0800][19.909s][info][gc,heap     ] GC(387) Old regions: 561->561
[2025-07-30T16:37:54.084+0800][19.909s][info][gc,heap     ] GC(387) Humongous regions: 3->3
[2025-07-30T16:37:54.084+0800][19.909s][info][gc,metaspace] GC(387) Metaspace: 7112K(7424K)->7112K(7424K) NonClass: 6389K(6528K)->6389K(6528K) Class: 723K(896K)->723K(896K)
[2025-07-30T16:37:54.084+0800][19.909s][info][gc          ] GC(387) Pause Young (Normal) (G1 Evacuation Pause) 1726M->708M(2048M) 15.421ms
[2025-07-30T16:37:54.084+0800][19.909s][info][gc,cpu      ] GC(387) User=0.02s Sys=0.00s Real=0.02s
[2025-07-30T16:37:54.084+0800][19.909s][info][safepoint   ] Safepoint "G1CollectForAllocation", Time since last: 37012600 ns, Reaching safepoint: 3300 ns, Cleanup: 3800 ns, At safepoint: 15463700 ns, Total: 15470800 ns
[2025-07-30T16:37:54.121+0800][19.946s][info][gc,start    ] GC(388) Pause Young (Normal) (G1 Evacuation Pause)
[2025-07-30T16:37:54.121+0800][19.946s][info][gc,task     ] GC(388) Using 1 workers of 1 for evacuation
[2025-07-30T16:37:54.136+0800][19.962s][info][gc,phases   ] GC(388)   Pre Evacuate Collection Set: 0.4ms
[2025-07-30T16:37:54.136+0800][19.962s][info][gc,phases   ] GC(388)   Merge Heap Roots: 0.1ms
[2025-07-30T16:37:54.136+0800][19.962s][info][gc,phases   ] GC(388)   Evacuate Collection Set: 14.2ms
[2025-07-30T16:37:54.136+0800][19.962s][info][gc,phases   ] GC(388)   Post Evacuate Collection Set: 0.7ms
[2025-07-30T16:37:54.136+0800][19.962s][info][gc,phases   ] GC(388)   Other: 0.1ms
[2025-07-30T16:37:54.137+0800][19.962s][info][gc,heap     ] GC(388) Eden regions: 1018->0(1017)
[2025-07-30T16:37:54.137+0800][19.962s][info][gc,heap     ] GC(388) Survivor regions: 146->146(146)
[2025-07-30T16:37:54.137+0800][19.962s][info][gc,heap     ] GC(388) Old regions: 561->561
[2025-07-30T16:37:54.137+0800][19.962s][info][gc,heap     ] GC(388) Humongous regions: 3->3
[2025-07-30T16:37:54.137+0800][19.962s][info][gc,metaspace] GC(388) Metaspace: 7112K(7424K)->7112K(7424K) NonClass: 6389K(6528K)->6389K(6528K) Class: 723K(896K)->723K(896K)
[2025-07-30T16:37:54.137+0800][19.962s][info][gc          ] GC(388) Pause Young (Normal) (G1 Evacuation Pause) 1726M->709M(2048M) 15.639ms
[2025-07-30T16:37:54.137+0800][19.962s][info][gc,cpu      ] GC(388) User=0.02s Sys=0.00s Real=0.02s
[2025-07-30T16:37:54.137+0800][19.962s][info][safepoint   ] Safepoint "G1CollectForAllocation", Time since last: 37104700 ns, Reaching safepoint: 3400 ns, Cleanup: 3900 ns, At safepoint: 15682300 ns, Total: 15689600 ns
[2025-07-30T16:37:54.172+0800][19.998s][info][gc,start    ] GC(389) Pause Young (Normal) (G1 Evacuation Pause)
[2025-07-30T16:37:54.172+0800][19.998s][info][gc,task     ] GC(389) Using 1 workers of 1 for evacuation
[2025-07-30T16:37:54.189+0800][20.014s][info][gc,phases   ] GC(389)   Pre Evacuate Collection Set: 0.4ms
[2025-07-30T16:37:54.189+0800][20.014s][info][gc,phases   ] GC(389)   Merge Heap Roots: 0.1ms
[2025-07-30T16:37:54.189+0800][20.014s][info][gc,phases   ] GC(389)   Evacuate Collection Set: 14.4ms
[2025-07-30T16:37:54.189+0800][20.014s][info][gc,phases   ] GC(389)   Post Evacuate Collection Set: 0.7ms
[2025-07-30T16:37:54.189+0800][20.014s][info][gc,phases   ] GC(389)   Other: 0.1ms
[2025-07-30T16:37:54.189+0800][20.014s][info][gc,heap     ] GC(389) Eden regions: 1017->0(1019)
[2025-07-30T16:37:54.189+0800][20.014s][info][gc,heap     ] GC(389) Survivor regions: 146->145(146)
[2025-07-30T16:37:54.189+0800][20.014s][info][gc,heap     ] GC(389) Old regions: 561->561
[2025-07-30T16:37:54.189+0800][20.014s][info][gc,heap     ] GC(389) Humongous regions: 3->3
[2025-07-30T16:37:54.189+0800][20.014s][info][gc,metaspace] GC(389) Metaspace: 7112K(7424K)->7112K(7424K) NonClass: 6389K(6528K)->6389K(6528K) Class: 723K(896K)->723K(896K)
[2025-07-30T16:37:54.189+0800][20.014s][info][gc          ] GC(389) Pause Young (Normal) (G1 Evacuation Pause) 1726M->708M(2048M) 15.803ms
[2025-07-30T16:37:54.189+0800][20.014s][info][gc,cpu      ] GC(389) User=0.02s Sys=0.00s Real=0.02s
[2025-07-30T16:37:54.189+0800][20.014s][info][safepoint   ] Safepoint "G1CollectForAllocation", Time since last: 35918100 ns, Reaching safepoint: 3900 ns, Cleanup: 4900 ns, At safepoint: 15848700 ns, Total: 15857500 ns
[2025-07-30T16:37:54.225+0800][20.050s][info][gc,start    ] GC(390) Pause Young (Normal) (G1 Evacuation Pause)
[2025-07-30T16:37:54.225+0800][20.050s][info][gc,task     ] GC(390) Using 1 workers of 1 for evacuation
[2025-07-30T16:37:54.240+0800][20.065s][info][gc,phases   ] GC(390)   Pre Evacuate Collection Set: 0.3ms
[2025-07-30T16:37:54.240+0800][20.065s][info][gc,phases   ] GC(390)   Merge Heap Roots: 0.0ms
[2025-07-30T16:37:54.240+0800][20.065s][info][gc,phases   ] GC(390)   Evacuate Collection Set: 13.8ms
[2025-07-30T16:37:54.240+0800][20.065s][info][gc,phases   ] GC(390)   Post Evacuate Collection Set: 0.6ms
[2025-07-30T16:37:54.240+0800][20.065s][info][gc,phases   ] GC(390)   Other: 0.1ms
[2025-07-30T16:37:54.240+0800][20.065s][info][gc,heap     ] GC(390) Eden regions: 1019->0(1017)
[2025-07-30T16:37:54.240+0800][20.065s][info][gc,heap     ] GC(390) Survivor regions: 145->146(146)
[2025-07-30T16:37:54.240+0800][20.065s][info][gc,heap     ] GC(390) Old regions: 561->561
[2025-07-30T16:37:54.240+0800][20.065s][info][gc,heap     ] GC(390) Humongous regions: 3->3
[2025-07-30T16:37:54.240+0800][20.065s][info][gc,metaspace] GC(390) Metaspace: 7112K(7424K)->7112K(7424K) NonClass: 6389K(6528K)->6389K(6528K) Class: 723K(896K)->723K(896K)
[2025-07-30T16:37:54.240+0800][20.065s][info][gc          ] GC(390) Pause Young (Normal) (G1 Evacuation Pause) 1727M->709M(2048M) 14.980ms
[2025-07-30T16:37:54.240+0800][20.065s][info][gc,cpu      ] GC(390) User=0.02s Sys=0.00s Real=0.02s
[2025-07-30T16:37:54.240+0800][20.065s][info][safepoint   ] Safepoint "G1CollectForAllocation", Time since last: 36585300 ns, Reaching safepoint: 2600 ns, Cleanup: 3200 ns, At safepoint: 15018200 ns, Total: 15024000 ns
[2025-07-30T16:37:54.277+0800][20.102s][info][gc,start    ] GC(391) Pause Young (Normal) (G1 Evacuation Pause)
[2025-07-30T16:37:54.277+0800][20.102s][info][gc,task     ] GC(391) Using 1 workers of 1 for evacuation
[2025-07-30T16:37:54.292+0800][20.117s][info][gc,phases   ] GC(391)   Pre Evacuate Collection Set: 0.4ms
[2025-07-30T16:37:54.292+0800][20.117s][info][gc,phases   ] GC(391)   Merge Heap Roots: 0.1ms
[2025-07-30T16:37:54.292+0800][20.117s][info][gc,phases   ] GC(391)   Evacuate Collection Set: 13.9ms
[2025-07-30T16:37:54.292+0800][20.117s][info][gc,phases   ] GC(391)   Post Evacuate Collection Set: 0.6ms
[2025-07-30T16:37:54.292+0800][20.117s][info][gc,phases   ] GC(391)   Other: 0.1ms
[2025-07-30T16:37:54.292+0800][20.117s][info][gc,heap     ] GC(391) Eden regions: 1017->0(1019)
[2025-07-30T16:37:54.292+0800][20.117s][info][gc,heap     ] GC(391) Survivor regions: 146->145(146)
[2025-07-30T16:37:54.292+0800][20.117s][info][gc,heap     ] GC(391) Old regions: 561->561
[2025-07-30T16:37:54.292+0800][20.117s][info][gc,heap     ] GC(391) Humongous regions: 3->3
[2025-07-30T16:37:54.292+0800][20.117s][info][gc,metaspace] GC(391) Metaspace: 7112K(7424K)->7112K(7424K) NonClass: 6389K(6528K)->6389K(6528K) Class: 723K(896K)->723K(896K)
[2025-07-30T16:37:54.292+0800][20.117s][info][gc          ] GC(391) Pause Young (Normal) (G1 Evacuation Pause) 1726M->708M(2048M) 15.191ms
[2025-07-30T16:37:54.292+0800][20.117s][info][gc,cpu      ] GC(391) User=0.02s Sys=0.00s Real=0.02s
[2025-07-30T16:37:54.292+0800][20.117s][info][safepoint   ] Safepoint "G1CollectForAllocation", Time since last: 36902500 ns, Reaching safepoint: 3000 ns, Cleanup: 3100 ns, At safepoint: 15231900 ns, Total: 15238000 ns
[2025-07-30T16:37:54.328+0800][20.154s][info][gc,start    ] GC(392) Pause Young (Normal) (G1 Evacuation Pause)
[2025-07-30T16:37:54.328+0800][20.154s][info][gc,task     ] GC(392) Using 1 workers of 1 for evacuation
[2025-07-30T16:37:54.344+0800][20.169s][info][gc,phases   ] GC(392)   Pre Evacuate Collection Set: 0.3ms
[2025-07-30T16:37:54.344+0800][20.170s][info][gc,phases   ] GC(392)   Merge Heap Roots: 0.1ms
[2025-07-30T16:37:54.344+0800][20.170s][info][gc,phases   ] GC(392)   Evacuate Collection Set: 14.3ms
[2025-07-30T16:37:54.344+0800][20.170s][info][gc,phases   ] GC(392)   Post Evacuate Collection Set: 0.6ms
[2025-07-30T16:37:54.344+0800][20.170s][info][gc,phases   ] GC(392)   Other: 0.1ms
[2025-07-30T16:37:54.344+0800][20.170s][info][gc,heap     ] GC(392) Eden regions: 1019->0(1017)
[2025-07-30T16:37:54.344+0800][20.170s][info][gc,heap     ] GC(392) Survivor regions: 145->146(146)
[2025-07-30T16:37:54.344+0800][20.170s][info][gc,heap     ] GC(392) Old regions: 561->561
[2025-07-30T16:37:54.344+0800][20.170s][info][gc,heap     ] GC(392) Humongous regions: 3->3
[2025-07-30T16:37:54.344+0800][20.170s][info][gc,metaspace] GC(392) Metaspace: 7112K(7424K)->7112K(7424K) NonClass: 6389K(6528K)->6389K(6528K) Class: 723K(896K)->723K(896K)
[2025-07-30T16:37:54.344+0800][20.170s][info][gc          ] GC(392) Pause Young (Normal) (G1 Evacuation Pause) 1727M->709M(2048M) 15.518ms
[2025-07-30T16:37:54.344+0800][20.170s][info][gc,cpu      ] GC(392) User=0.02s Sys=0.00s Real=0.02s
[2025-07-30T16:37:54.344+0800][20.170s][info][safepoint   ] Safepoint "G1CollectForAllocation", Time since last: 36604600 ns, Reaching safepoint: 2100 ns, Cleanup: 3300 ns, At safepoint: 15558200 ns, Total: 15563600 ns
[2025-07-30T16:37:54.380+0800][20.206s][info][gc,start    ] GC(393) Pause Young (Normal) (G1 Evacuation Pause)
[2025-07-30T16:37:54.380+0800][20.206s][info][gc,task     ] GC(393) Using 1 workers of 1 for evacuation
[2025-07-30T16:37:54.395+0800][20.221s][info][gc,phases   ] GC(393)   Pre Evacuate Collection Set: 0.3ms
[2025-07-30T16:37:54.395+0800][20.221s][info][gc,phases   ] GC(393)   Merge Heap Roots: 0.0ms
[2025-07-30T16:37:54.395+0800][20.221s][info][gc,phases   ] GC(393)   Evacuate Collection Set: 13.7ms
[2025-07-30T16:37:54.395+0800][20.221s][info][gc,phases   ] GC(393)   Post Evacuate Collection Set: 0.6ms
[2025-07-30T16:37:54.395+0800][20.221s][info][gc,phases   ] GC(393)   Other: 0.1ms
[2025-07-30T16:37:54.395+0800][20.221s][info][gc,heap     ] GC(393) Eden regions: 1017->0(1017)
[2025-07-30T16:37:54.395+0800][20.221s][info][gc,heap     ] GC(393) Survivor regions: 146->146(146)
[2025-07-30T16:37:54.395+0800][20.221s][info][gc,heap     ] GC(393) Old regions: 561->561
[2025-07-30T16:37:54.395+0800][20.221s][info][gc,heap     ] GC(393) Humongous regions: 3->3
[2025-07-30T16:37:54.395+0800][20.221s][info][gc,metaspace] GC(393) Metaspace: 7112K(7424K)->7112K(7424K) NonClass: 6389K(6528K)->6389K(6528K) Class: 723K(896K)->723K(896K)
[2025-07-30T16:37:54.395+0800][20.221s][info][gc          ] GC(393) Pause Young (Normal) (G1 Evacuation Pause) 1726M->708M(2048M) 14.892ms
[2025-07-30T16:37:54.395+0800][20.221s][info][gc,cpu      ] GC(393) User=0.02s Sys=0.00s Real=0.01s
[2025-07-30T16:37:54.395+0800][20.221s][info][safepoint   ] Safepoint "G1CollectForAllocation", Time since last: 36391500 ns, Reaching safepoint: 1800 ns, Cleanup: 2800 ns, At safepoint: 14933900 ns, Total: 14938500 ns
[2025-07-30T16:37:54.432+0800][20.258s][info][gc,start    ] GC(394) Pause Young (Normal) (G1 Evacuation Pause)
[2025-07-30T16:37:54.432+0800][20.258s][info][gc,task     ] GC(394) Using 1 workers of 1 for evacuation
[2025-07-30T16:37:54.448+0800][20.273s][info][gc,phases   ] GC(394)   Pre Evacuate Collection Set: 0.3ms
[2025-07-30T16:37:54.448+0800][20.273s][info][gc,phases   ] GC(394)   Merge Heap Roots: 0.1ms
[2025-07-30T16:37:54.448+0800][20.273s][info][gc,phases   ] GC(394)   Evacuate Collection Set: 14.4ms
[2025-07-30T16:37:54.448+0800][20.273s][info][gc,phases   ] GC(394)   Post Evacuate Collection Set: 0.6ms
[2025-07-30T16:37:54.448+0800][20.273s][info][gc,phases   ] GC(394)   Other: 0.1ms
[2025-07-30T16:37:54.448+0800][20.273s][info][gc,heap     ] GC(394) Eden regions: 1017->0(1019)
[2025-07-30T16:37:54.448+0800][20.273s][info][gc,heap     ] GC(394) Survivor regions: 146->145(146)
[2025-07-30T16:37:54.448+0800][20.274s][info][gc,heap     ] GC(394) Old regions: 561->561
[2025-07-30T16:37:54.448+0800][20.274s][info][gc,heap     ] GC(394) Humongous regions: 3->3
[2025-07-30T16:37:54.448+0800][20.274s][info][gc,metaspace] GC(394) Metaspace: 7112K(7424K)->7112K(7424K) NonClass: 6389K(6528K)->6389K(6528K) Class: 723K(896K)->723K(896K)
[2025-07-30T16:37:54.448+0800][20.274s][info][gc          ] GC(394) Pause Young (Normal) (G1 Evacuation Pause) 1725M->707M(2048M) 15.620ms
[2025-07-30T16:37:54.448+0800][20.274s][info][gc,cpu      ] GC(394) User=0.02s Sys=0.02s Real=0.02s
[2025-07-30T16:37:54.448+0800][20.274s][info][safepoint   ] Safepoint "G1CollectForAllocation", Time since last: 36931200 ns, Reaching safepoint: 1900 ns, Cleanup: 2400 ns, At safepoint: 15656800 ns, Total: 15661100 ns
[2025-07-30T16:37:54.485+0800][20.311s][info][gc,start    ] GC(395) Pause Young (Normal) (G1 Evacuation Pause)
[2025-07-30T16:37:54.485+0800][20.311s][info][gc,task     ] GC(395) Using 1 workers of 1 for evacuation
[2025-07-30T16:37:54.500+0800][20.325s][info][gc,phases   ] GC(395)   Pre Evacuate Collection Set: 0.5ms
[2025-07-30T16:37:54.500+0800][20.325s][info][gc,phases   ] GC(395)   Merge Heap Roots: 0.1ms
[2025-07-30T16:37:54.500+0800][20.325s][info][gc,phases   ] GC(395)   Evacuate Collection Set: 13.5ms
[2025-07-30T16:37:54.500+0800][20.325s][info][gc,phases   ] GC(395)   Post Evacuate Collection Set: 0.6ms
[2025-07-30T16:37:54.500+0800][20.325s][info][gc,phases   ] GC(395)   Other: 0.1ms
[2025-07-30T16:37:54.500+0800][20.325s][info][gc,heap     ] GC(395) Eden regions: 1019->0(1018)
[2025-07-30T16:37:54.500+0800][20.325s][info][gc,heap     ] GC(395) Survivor regions: 145->146(146)
[2025-07-30T16:37:54.500+0800][20.325s][info][gc,heap     ] GC(395) Old regions: 561->561
[2025-07-30T16:37:54.500+0800][20.325s][info][gc,heap     ] GC(395) Humongous regions: 3->3
[2025-07-30T16:37:54.500+0800][20.325s][info][gc,metaspace] GC(395) Metaspace: 7114K(7424K)->7114K(7424K) NonClass: 6390K(6528K)->6390K(6528K) Class: 723K(896K)->723K(896K)
[2025-07-30T16:37:54.500+0800][20.326s][info][gc          ] GC(395) Pause Young (Normal) (G1 Evacuation Pause) 1726M->708M(2048M) 14.901ms
[2025-07-30T16:37:54.500+0800][20.326s][info][gc,cpu      ] GC(395) User=0.00s Sys=0.00s Real=0.02s
[2025-07-30T16:37:54.500+0800][20.326s][info][safepoint   ] Safepoint "G1CollectForAllocation", Time since last: 37020000 ns, Reaching safepoint: 2300 ns, Cleanup: 2800 ns, At safepoint: 14939600 ns, Total: 14944700 ns
[2025-07-30T16:37:54.537+0800][20.362s][info][gc,start    ] GC(396) Pause Young (Normal) (G1 Evacuation Pause)
[2025-07-30T16:37:54.537+0800][20.362s][info][gc,task     ] GC(396) Using 1 workers of 1 for evacuation
[2025-07-30T16:37:54.552+0800][20.377s][info][gc,phases   ] GC(396)   Pre Evacuate Collection Set: 0.4ms
[2025-07-30T16:37:54.552+0800][20.377s][info][gc,phases   ] GC(396)   Merge Heap Roots: 0.1ms
[2025-07-30T16:37:54.552+0800][20.377s][info][gc,phases   ] GC(396)   Evacuate Collection Set: 14.1ms
[2025-07-30T16:37:54.552+0800][20.377s][info][gc,phases   ] GC(396)   Post Evacuate Collection Set: 0.7ms
[2025-07-30T16:37:54.552+0800][20.377s][info][gc,phases   ] GC(396)   Other: 0.1ms
[2025-07-30T16:37:54.552+0800][20.377s][info][gc,heap     ] GC(396) Eden regions: 1018->0(1018)
[2025-07-30T16:37:54.552+0800][20.377s][info][gc,heap     ] GC(396) Survivor regions: 146->146(146)
[2025-07-30T16:37:54.552+0800][20.377s][info][gc,heap     ] GC(396) Old regions: 561->561
[2025-07-30T16:37:54.552+0800][20.377s][info][gc,heap     ] GC(396) Humongous regions: 3->3
[2025-07-30T16:37:54.552+0800][20.377s][info][gc,metaspace] GC(396) Metaspace: 7114K(7424K)->7114K(7424K) NonClass: 6390K(6528K)->6390K(6528K) Class: 723K(896K)->723K(896K)
[2025-07-30T16:37:54.552+0800][20.377s][info][gc          ] GC(396) Pause Young (Normal) (G1 Evacuation Pause) 1726M->708M(2048M) 15.477ms
[2025-07-30T16:37:54.552+0800][20.377s][info][gc,cpu      ] GC(396) User=0.02s Sys=0.00s Real=0.02s
[2025-07-30T16:37:54.552+0800][20.377s][info][safepoint   ] Safepoint "G1CollectForAllocation", Time since last: 36310300 ns, Reaching safepoint: 3200 ns, Cleanup: 4000 ns, At safepoint: 15518300 ns, Total: 15525500 ns
[2025-07-30T16:37:54.588+0800][20.413s][info][gc,start    ] GC(397) Pause Young (Normal) (G1 Evacuation Pause)
[2025-07-30T16:37:54.588+0800][20.413s][info][gc,task     ] GC(397) Using 1 workers of 1 for evacuation
[2025-07-30T16:37:54.603+0800][20.428s][info][gc,phases   ] GC(397)   Pre Evacuate Collection Set: 0.3ms
[2025-07-30T16:37:54.603+0800][20.428s][info][gc,phases   ] GC(397)   Merge Heap Roots: 0.0ms
[2025-07-30T16:37:54.603+0800][20.428s][info][gc,phases   ] GC(397)   Evacuate Collection Set: 13.8ms
[2025-07-30T16:37:54.603+0800][20.428s][info][gc,phases   ] GC(397)   Post Evacuate Collection Set: 0.6ms
[2025-07-30T16:37:54.603+0800][20.428s][info][gc,phases   ] GC(397)   Other: 0.1ms
[2025-07-30T16:37:54.603+0800][20.428s][info][gc,heap     ] GC(397) Eden regions: 1018->0(1017)
[2025-07-30T16:37:54.603+0800][20.428s][info][gc,heap     ] GC(397) Survivor regions: 146->146(146)
[2025-07-30T16:37:54.603+0800][20.428s][info][gc,heap     ] GC(397) Old regions: 561->561
[2025-07-30T16:37:54.603+0800][20.428s][info][gc,heap     ] GC(397) Humongous regions: 3->3
[2025-07-30T16:37:54.603+0800][20.428s][info][gc,metaspace] GC(397) Metaspace: 7114K(7424K)->7114K(7424K) NonClass: 6390K(6528K)->6390K(6528K) Class: 723K(896K)->723K(896K)
[2025-07-30T16:37:54.603+0800][20.428s][info][gc          ] GC(397) Pause Young (Normal) (G1 Evacuation Pause) 1726M->708M(2048M) 14.967ms
[2025-07-30T16:37:54.603+0800][20.428s][info][gc,cpu      ] GC(397) User=0.02s Sys=0.00s Real=0.01s
[2025-07-30T16:37:54.603+0800][20.428s][info][safepoint   ] Safepoint "G1CollectForAllocation", Time since last: 36053300 ns, Reaching safepoint: 2000 ns, Cleanup: 2900 ns, At safepoint: 15004600 ns, Total: 15009500 ns
[2025-07-30T16:37:54.639+0800][20.465s][info][gc,start    ] GC(398) Pause Young (Normal) (G1 Evacuation Pause)
[2025-07-30T16:37:54.639+0800][20.465s][info][gc,task     ] GC(398) Using 1 workers of 1 for evacuation
[2025-07-30T16:37:54.657+0800][20.483s][info][gc,phases   ] GC(398)   Pre Evacuate Collection Set: 0.3ms
[2025-07-30T16:37:54.657+0800][20.483s][info][gc,phases   ] GC(398)   Merge Heap Roots: 0.0ms
[2025-07-30T16:37:54.657+0800][20.483s][info][gc,phases   ] GC(398)   Evacuate Collection Set: 16.7ms
[2025-07-30T16:37:54.657+0800][20.483s][info][gc,phases   ] GC(398)   Post Evacuate Collection Set: 0.9ms
[2025-07-30T16:37:54.657+0800][20.483s][info][gc,phases   ] GC(398)   Other: 0.1ms
[2025-07-30T16:37:54.657+0800][20.483s][info][gc,heap     ] GC(398) Eden regions: 1017->0(1019)
[2025-07-30T16:37:54.657+0800][20.483s][info][gc,heap     ] GC(398) Survivor regions: 146->145(146)
[2025-07-30T16:37:54.657+0800][20.483s][info][gc,heap     ] GC(398) Old regions: 561->561
[2025-07-30T16:37:54.657+0800][20.483s][info][gc,heap     ] GC(398) Humongous regions: 3->3
[2025-07-30T16:37:54.657+0800][20.483s][info][gc,metaspace] GC(398) Metaspace: 7114K(7424K)->7114K(7424K) NonClass: 6390K(6528K)->6390K(6528K) Class: 723K(896K)->723K(896K)
[2025-07-30T16:37:54.657+0800][20.483s][info][gc          ] GC(398) Pause Young (Normal) (G1 Evacuation Pause) 1725M->708M(2048M) 18.239ms
[2025-07-30T16:37:54.657+0800][20.483s][info][gc,cpu      ] GC(398) User=0.03s Sys=0.00s Real=0.02s
[2025-07-30T16:37:54.657+0800][20.483s][info][safepoint   ] Safepoint "G1CollectForAllocation", Time since last: 36528900 ns, Reaching safepoint: 2200 ns, Cleanup: 2900 ns, At safepoint: 18279500 ns, Total: 18284600 ns
[2025-07-30T16:37:54.696+0800][20.522s][info][gc,start    ] GC(399) Pause Young (Normal) (G1 Evacuation Pause)
[2025-07-30T16:37:54.696+0800][20.522s][info][gc,task     ] GC(399) Using 1 workers of 1 for evacuation
[2025-07-30T16:37:54.715+0800][20.541s][info][gc,phases   ] GC(399)   Pre Evacuate Collection Set: 0.5ms
[2025-07-30T16:37:54.715+0800][20.541s][info][gc,phases   ] GC(399)   Merge Heap Roots: 0.1ms
[2025-07-30T16:37:54.715+0800][20.541s][info][gc,phases   ] GC(399)   Evacuate Collection Set: 17.2ms
[2025-07-30T16:37:54.715+0800][20.541s][info][gc,phases   ] GC(399)   Post Evacuate Collection Set: 0.7ms
[2025-07-30T16:37:54.715+0800][20.541s][info][gc,phases   ] GC(399)   Other: 0.1ms
[2025-07-30T16:37:54.715+0800][20.541s][info][gc,heap     ] GC(399) Eden regions: 1019->0(1017)
[2025-07-30T16:37:54.715+0800][20.541s][info][gc,heap     ] GC(399) Survivor regions: 145->146(146)
[2025-07-30T16:37:54.715+0800][20.541s][info][gc,heap     ] GC(399) Old regions: 561->561
[2025-07-30T16:37:54.715+0800][20.541s][info][gc,heap     ] GC(399) Humongous regions: 3->3
[2025-07-30T16:37:54.715+0800][20.541s][info][gc,metaspace] GC(399) Metaspace: 7114K(7424K)->7114K(7424K) NonClass: 6390K(6528K)->6390K(6528K) Class: 723K(896K)->723K(896K)
[2025-07-30T16:37:54.715+0800][20.541s][info][gc          ] GC(399) Pause Young (Normal) (G1 Evacuation Pause) 1727M->709M(2048M) 18.711ms
[2025-07-30T16:37:54.715+0800][20.541s][info][gc,cpu      ] GC(399) User=0.02s Sys=0.00s Real=0.02s
[2025-07-30T16:37:54.715+0800][20.541s][info][safepoint   ] Safepoint "G1CollectForAllocation", Time since last: 38660500 ns, Reaching safepoint: 5500 ns, Cleanup: 5400 ns, At safepoint: 18760200 ns, Total: 18771100 ns
[2025-07-30T16:37:54.754+0800][20.579s][info][gc,start    ] GC(400) Pause Young (Normal) (G1 Evacuation Pause)
[2025-07-30T16:37:54.754+0800][20.579s][info][gc,task     ] GC(400) Using 1 workers of 1 for evacuation
[2025-07-30T16:37:54.769+0800][20.595s][info][gc,phases   ] GC(400)   Pre Evacuate Collection Set: 0.5ms
[2025-07-30T16:37:54.770+0800][20.595s][info][gc,phases   ] GC(400)   Merge Heap Roots: 0.1ms
[2025-07-30T16:37:54.770+0800][20.595s][info][gc,phases   ] GC(400)   Evacuate Collection Set: 14.2ms
[2025-07-30T16:37:54.770+0800][20.595s][info][gc,phases   ] GC(400)   Post Evacuate Collection Set: 0.7ms
[2025-07-30T16:37:54.770+0800][20.595s][info][gc,phases   ] GC(400)   Other: 0.1ms
[2025-07-30T16:37:54.770+0800][20.595s][info][gc,heap     ] GC(400) Eden regions: 1017->0(1019)
[2025-07-30T16:37:54.770+0800][20.595s][info][gc,heap     ] GC(400) Survivor regions: 146->145(146)
[2025-07-30T16:37:54.770+0800][20.595s][info][gc,heap     ] GC(400) Old regions: 561->561
[2025-07-30T16:37:54.770+0800][20.595s][info][gc,heap     ] GC(400) Humongous regions: 3->3
[2025-07-30T16:37:54.770+0800][20.595s][info][gc,metaspace] GC(400) Metaspace: 7114K(7424K)->7114K(7424K) NonClass: 6390K(6528K)->6390K(6528K) Class: 723K(896K)->723K(896K)
[2025-07-30T16:37:54.770+0800][20.595s][info][gc          ] GC(400) Pause Young (Normal) (G1 Evacuation Pause) 1726M->708M(2048M) 15.743ms
[2025-07-30T16:37:54.770+0800][20.595s][info][gc,cpu      ] GC(400) User=0.02s Sys=0.00s Real=0.02s
[2025-07-30T16:37:54.770+0800][20.595s][info][safepoint   ] Safepoint "G1CollectForAllocation", Time since last: 38592500 ns, Reaching safepoint: 3800 ns, Cleanup: 5000 ns, At safepoint: 15787300 ns, Total: 15796100 ns
[2025-07-30T16:37:54.807+0800][20.632s][info][gc,start    ] GC(401) Pause Young (Normal) (G1 Evacuation Pause)
[2025-07-30T16:37:54.807+0800][20.632s][info][gc,task     ] GC(401) Using 1 workers of 1 for evacuation
[2025-07-30T16:37:54.829+0800][20.654s][info][gc,phases   ] GC(401)   Pre Evacuate Collection Set: 0.5ms
[2025-07-30T16:37:54.829+0800][20.654s][info][gc,phases   ] GC(401)   Merge Heap Roots: 0.1ms
[2025-07-30T16:37:54.829+0800][20.654s][info][gc,phases   ] GC(401)   Evacuate Collection Set: 20.4ms
[2025-07-30T16:37:54.829+0800][20.654s][info][gc,phases   ] GC(401)   Post Evacuate Collection Set: 0.8ms
[2025-07-30T16:37:54.829+0800][20.654s][info][gc,phases   ] GC(401)   Other: 0.1ms
[2025-07-30T16:37:54.829+0800][20.654s][info][gc,heap     ] GC(401) Eden regions: 1019->0(1017)
[2025-07-30T16:37:54.829+0800][20.654s][info][gc,heap     ] GC(401) Survivor regions: 145->146(146)
[2025-07-30T16:37:54.829+0800][20.654s][info][gc,heap     ] GC(401) Old regions: 561->561
[2025-07-30T16:37:54.829+0800][20.654s][info][gc,heap     ] GC(401) Humongous regions: 3->3
[2025-07-30T16:37:54.829+0800][20.654s][info][gc,metaspace] GC(401) Metaspace: 7114K(7424K)->7114K(7424K) NonClass: 6390K(6528K)->6390K(6528K) Class: 723K(896K)->723K(896K)
[2025-07-30T16:37:54.830+0800][20.654s][info][gc          ] GC(401) Pause Young (Normal) (G1 Evacuation Pause) 1727M->709M(2048M) 22.073ms
[2025-07-30T16:37:54.830+0800][20.655s][info][gc,cpu      ] GC(401) User=0.02s Sys=0.02s Real=0.02s
[2025-07-30T16:37:54.830+0800][20.655s][info][safepoint   ] Safepoint "G1CollectForAllocation", Time since last: 37328800 ns, Reaching safepoint: 4100 ns, Cleanup: 5000 ns, At safepoint: 22119900 ns, Total: 22129000 ns
[2025-07-30T16:37:54.867+0800][20.692s][info][gc,start    ] GC(402) Pause Young (Normal) (G1 Evacuation Pause)
[2025-07-30T16:37:54.867+0800][20.692s][info][gc,task     ] GC(402) Using 1 workers of 1 for evacuation
[2025-07-30T16:37:54.883+0800][20.708s][info][gc,phases   ] GC(402)   Pre Evacuate Collection Set: 0.4ms
[2025-07-30T16:37:54.883+0800][20.708s][info][gc,phases   ] GC(402)   Merge Heap Roots: 0.1ms
[2025-07-30T16:37:54.883+0800][20.708s][info][gc,phases   ] GC(402)   Evacuate Collection Set: 14.0ms
[2025-07-30T16:37:54.883+0800][20.708s][info][gc,phases   ] GC(402)   Post Evacuate Collection Set: 0.8ms
[2025-07-30T16:37:54.883+0800][20.708s][info][gc,phases   ] GC(402)   Other: 0.1ms
[2025-07-30T16:37:54.883+0800][20.708s][info][gc,heap     ] GC(402) Eden regions: 1017->0(1017)
[2025-07-30T16:37:54.883+0800][20.708s][info][gc,heap     ] GC(402) Survivor regions: 146->146(146)
[2025-07-30T16:37:54.883+0800][20.708s][info][gc,heap     ] GC(402) Old regions: 561->561
[2025-07-30T16:37:54.883+0800][20.708s][info][gc,heap     ] GC(402) Humongous regions: 3->3
[2025-07-30T16:37:54.883+0800][20.708s][info][gc,metaspace] GC(402) Metaspace: 7114K(7424K)->7114K(7424K) NonClass: 6390K(6528K)->6390K(6528K) Class: 723K(896K)->723K(896K)
[2025-07-30T16:37:54.883+0800][20.708s][info][gc          ] GC(402) Pause Young (Normal) (G1 Evacuation Pause) 1726M->708M(2048M) 15.485ms
[2025-07-30T16:37:54.883+0800][20.708s][info][gc,cpu      ] GC(402) User=0.02s Sys=0.00s Real=0.02s
[2025-07-30T16:37:54.883+0800][20.708s][info][safepoint   ] Safepoint "G1CollectForAllocation", Time since last: 37640600 ns, Reaching safepoint: 2900 ns, Cleanup: 3500 ns, At safepoint: 15529800 ns, Total: 15536200 ns
[2025-07-30T16:37:54.919+0800][20.745s][info][gc,start    ] GC(403) Pause Young (Normal) (G1 Evacuation Pause)
[2025-07-30T16:37:54.920+0800][20.745s][info][gc,task     ] GC(403) Using 1 workers of 1 for evacuation
[2025-07-30T16:37:54.934+0800][20.759s][info][gc,phases   ] GC(403)   Pre Evacuate Collection Set: 0.4ms
[2025-07-30T16:37:54.934+0800][20.759s][info][gc,phases   ] GC(403)   Merge Heap Roots: 0.1ms
[2025-07-30T16:37:54.934+0800][20.759s][info][gc,phases   ] GC(403)   Evacuate Collection Set: 13.7ms
[2025-07-30T16:37:54.934+0800][20.760s][info][gc,phases   ] GC(403)   Post Evacuate Collection Set: 0.6ms
[2025-07-30T16:37:54.934+0800][20.760s][info][gc,phases   ] GC(403)   Other: 0.1ms
[2025-07-30T16:37:54.934+0800][20.760s][info][gc,heap     ] GC(403) Eden regions: 1017->0(1019)
[2025-07-30T16:37:54.934+0800][20.760s][info][gc,heap     ] GC(403) Survivor regions: 146->145(146)
[2025-07-30T16:37:54.934+0800][20.760s][info][gc,heap     ] GC(403) Old regions: 561->561
[2025-07-30T16:37:54.934+0800][20.760s][info][gc,heap     ] GC(403) Humongous regions: 3->3
[2025-07-30T16:37:54.934+0800][20.760s][info][gc,metaspace] GC(403) Metaspace: 7114K(7424K)->7114K(7424K) NonClass: 6390K(6528K)->6390K(6528K) Class: 723K(896K)->723K(896K)
[2025-07-30T16:37:54.934+0800][20.760s][info][gc          ] GC(403) Pause Young (Normal) (G1 Evacuation Pause) 1725M->707M(2048M) 15.041ms
[2025-07-30T16:37:54.935+0800][20.760s][info][gc,cpu      ] GC(403) User=0.02s Sys=0.00s Real=0.02s
[2025-07-30T16:37:54.935+0800][20.760s][info][safepoint   ] Safepoint "G1CollectForAllocation", Time since last: 36821800 ns, Reaching safepoint: 2400 ns, Cleanup: 2800 ns, At safepoint: 15079500 ns, Total: 15084700 ns
[2025-07-30T16:37:54.972+0800][20.797s][info][gc,start    ] GC(404) Pause Young (Normal) (G1 Evacuation Pause)
[2025-07-30T16:37:54.972+0800][20.797s][info][gc,task     ] GC(404) Using 1 workers of 1 for evacuation
[2025-07-30T16:37:54.988+0800][20.813s][info][gc,phases   ] GC(404)   Pre Evacuate Collection Set: 0.3ms
[2025-07-30T16:37:54.988+0800][20.813s][info][gc,phases   ] GC(404)   Merge Heap Roots: 0.1ms
[2025-07-30T16:37:54.988+0800][20.813s][info][gc,phases   ] GC(404)   Evacuate Collection Set: 14.8ms
[2025-07-30T16:37:54.988+0800][20.813s][info][gc,phases   ] GC(404)   Post Evacuate Collection Set: 0.7ms
[2025-07-30T16:37:54.988+0800][20.813s][info][gc,phases   ] GC(404)   Other: 0.1ms
[2025-07-30T16:37:54.988+0800][20.813s][info][gc,heap     ] GC(404) Eden regions: 1019->0(1018)
[2025-07-30T16:37:54.988+0800][20.813s][info][gc,heap     ] GC(404) Survivor regions: 145->146(146)
[2025-07-30T16:37:54.988+0800][20.813s][info][gc,heap     ] GC(404) Old regions: 561->561
[2025-07-30T16:37:54.988+0800][20.813s][info][gc,heap     ] GC(404) Humongous regions: 3->3
[2025-07-30T16:37:54.988+0800][20.813s][info][gc,metaspace] GC(404) Metaspace: 7114K(7424K)->7114K(7424K) NonClass: 6390K(6528K)->6390K(6528K) Class: 723K(896K)->723K(896K)
[2025-07-30T16:37:54.988+0800][20.813s][info][gc          ] GC(404) Pause Young (Normal) (G1 Evacuation Pause) 1726M->708M(2048M) 16.163ms
[2025-07-30T16:37:54.988+0800][20.813s][info][gc,cpu      ] GC(404) User=0.02s Sys=0.00s Real=0.02s
[2025-07-30T16:37:54.988+0800][20.813s][info][safepoint   ] Safepoint "G1CollectForAllocation", Time since last: 37153200 ns, Reaching safepoint: 2800 ns, Cleanup: 2900 ns, At safepoint: 16203400 ns, Total: 16209100 ns
[2025-07-30T16:37:55.025+0800][20.851s][info][gc,start    ] GC(405) Pause Young (Normal) (G1 Evacuation Pause)
[2025-07-30T16:37:55.026+0800][20.851s][info][gc,task     ] GC(405) Using 1 workers of 1 for evacuation
[2025-07-30T16:37:55.041+0800][20.867s][info][gc,phases   ] GC(405)   Pre Evacuate Collection Set: 0.4ms
[2025-07-30T16:37:55.041+0800][20.867s][info][gc,phases   ] GC(405)   Merge Heap Roots: 0.1ms
[2025-07-30T16:37:55.041+0800][20.867s][info][gc,phases   ] GC(405)   Evacuate Collection Set: 14.3ms
[2025-07-30T16:37:55.041+0800][20.867s][info][gc,phases   ] GC(405)   Post Evacuate Collection Set: 0.7ms
[2025-07-30T16:37:55.041+0800][20.867s][info][gc,phases   ] GC(405)   Other: 0.1ms
[2025-07-30T16:37:55.041+0800][20.867s][info][gc,heap     ] GC(405) Eden regions: 1018->0(1018)
[2025-07-30T16:37:55.041+0800][20.867s][info][gc,heap     ] GC(405) Survivor regions: 146->146(146)
[2025-07-30T16:37:55.041+0800][20.867s][info][gc,heap     ] GC(405) Old regions: 561->561
[2025-07-30T16:37:55.041+0800][20.867s][info][gc,heap     ] GC(405) Humongous regions: 3->3
[2025-07-30T16:37:55.041+0800][20.867s][info][gc,metaspace] GC(405) Metaspace: 7114K(7424K)->7114K(7424K) NonClass: 6390K(6528K)->6390K(6528K) Class: 723K(896K)->723K(896K)
[2025-07-30T16:37:55.041+0800][20.867s][info][gc          ] GC(405) Pause Young (Normal) (G1 Evacuation Pause) 1726M->708M(2048M) 15.687ms
[2025-07-30T16:37:55.041+0800][20.867s][info][gc,cpu      ] GC(405) User=0.02s Sys=0.00s Real=0.02s
[2025-07-30T16:37:55.041+0800][20.867s][info][safepoint   ] Safepoint "G1CollectForAllocation", Time since last: 38057700 ns, Reaching safepoint: 2900 ns, Cleanup: 3100 ns, At safepoint: 15728300 ns, Total: 15734300 ns
[2025-07-30T16:37:55.079+0800][20.904s][info][gc,start    ] GC(406) Pause Young (Normal) (G1 Evacuation Pause)
[2025-07-30T16:37:55.079+0800][20.904s][info][gc,task     ] GC(406) Using 1 workers of 1 for evacuation
[2025-07-30T16:37:55.095+0800][20.920s][info][gc,phases   ] GC(406)   Pre Evacuate Collection Set: 0.4ms
[2025-07-30T16:37:55.095+0800][20.920s][info][gc,phases   ] GC(406)   Merge Heap Roots: 0.1ms
[2025-07-30T16:37:55.095+0800][20.920s][info][gc,phases   ] GC(406)   Evacuate Collection Set: 14.7ms
[2025-07-30T16:37:55.095+0800][20.920s][info][gc,phases   ] GC(406)   Post Evacuate Collection Set: 0.7ms
[2025-07-30T16:37:55.095+0800][20.920s][info][gc,phases   ] GC(406)   Other: 0.1ms
[2025-07-30T16:37:55.095+0800][20.920s][info][gc,heap     ] GC(406) Eden regions: 1018->0(1018)
[2025-07-30T16:37:55.095+0800][20.920s][info][gc,heap     ] GC(406) Survivor regions: 146->146(146)
[2025-07-30T16:37:55.095+0800][20.920s][info][gc,heap     ] GC(406) Old regions: 561->561
[2025-07-30T16:37:55.095+0800][20.920s][info][gc,heap     ] GC(406) Humongous regions: 3->3
[2025-07-30T16:37:55.095+0800][20.920s][info][gc,metaspace] GC(406) Metaspace: 7114K(7424K)->7114K(7424K) NonClass: 6390K(6528K)->6390K(6528K) Class: 723K(896K)->723K(896K)
[2025-07-30T16:37:55.095+0800][20.920s][info][gc          ] GC(406) Pause Young (Normal) (G1 Evacuation Pause) 1726M->708M(2048M) 16.070ms
[2025-07-30T16:37:55.095+0800][20.920s][info][gc,cpu      ] GC(406) User=0.02s Sys=0.00s Real=0.02s
[2025-07-30T16:37:55.095+0800][20.920s][info][safepoint   ] Safepoint "G1CollectForAllocation", Time since last: 37493300 ns, Reaching safepoint: 3500 ns, Cleanup: 3700 ns, At safepoint: 16138200 ns, Total: 16145400 ns
[2025-07-30T16:37:55.131+0800][20.957s][info][gc,start    ] GC(407) Pause Young (Normal) (G1 Evacuation Pause)
[2025-07-30T16:37:55.131+0800][20.957s][info][gc,task     ] GC(407) Using 1 workers of 1 for evacuation
[2025-07-30T16:37:55.147+0800][20.972s][info][gc,phases   ] GC(407)   Pre Evacuate Collection Set: 0.4ms
[2025-07-30T16:37:55.147+0800][20.972s][info][gc,phases   ] GC(407)   Merge Heap Roots: 0.1ms
[2025-07-30T16:37:55.147+0800][20.972s][info][gc,phases   ] GC(407)   Evacuate Collection Set: 14.3ms
[2025-07-30T16:37:55.147+0800][20.972s][info][gc,phases   ] GC(407)   Post Evacuate Collection Set: 0.6ms
[2025-07-30T16:37:55.147+0800][20.973s][info][gc,phases   ] GC(407)   Other: 0.1ms
[2025-07-30T16:37:55.147+0800][20.973s][info][gc,heap     ] GC(407) Eden regions: 1018->0(1017)
[2025-07-30T16:37:55.147+0800][20.973s][info][gc,heap     ] GC(407) Survivor regions: 146->146(146)
[2025-07-30T16:37:55.147+0800][20.973s][info][gc,heap     ] GC(407) Old regions: 561->561
[2025-07-30T16:37:55.147+0800][20.973s][info][gc,heap     ] GC(407) Humongous regions: 3->3
[2025-07-30T16:37:55.147+0800][20.973s][info][gc,metaspace] GC(407) Metaspace: 7114K(7424K)->7114K(7424K) NonClass: 6390K(6528K)->6390K(6528K) Class: 723K(896K)->723K(896K)
[2025-07-30T16:37:55.147+0800][20.973s][info][gc          ] GC(407) Pause Young (Normal) (G1 Evacuation Pause) 1726M->709M(2048M) 15.672ms
[2025-07-30T16:37:55.147+0800][20.973s][info][gc,cpu      ] GC(407) User=0.02s Sys=0.00s Real=0.02s
[2025-07-30T16:37:55.147+0800][20.973s][info][safepoint   ] Safepoint "G1CollectForAllocation", Time since last: 36488100 ns, Reaching safepoint: 2900 ns, Cleanup: 3300 ns, At safepoint: 15710800 ns, Total: 15717000 ns
[2025-07-30T16:37:55.183+0800][21.009s][info][gc,start    ] GC(408) Pause Young (Normal) (G1 Evacuation Pause)
[2025-07-30T16:37:55.183+0800][21.009s][info][gc,task     ] GC(408) Using 1 workers of 1 for evacuation
[2025-07-30T16:37:55.199+0800][21.024s][info][gc,phases   ] GC(408)   Pre Evacuate Collection Set: 0.5ms
[2025-07-30T16:37:55.199+0800][21.024s][info][gc,phases   ] GC(408)   Merge Heap Roots: 0.1ms
[2025-07-30T16:37:55.199+0800][21.024s][info][gc,phases   ] GC(408)   Evacuate Collection Set: 14.0ms
[2025-07-30T16:37:55.199+0800][21.024s][info][gc,phases   ] GC(408)   Post Evacuate Collection Set: 0.7ms
[2025-07-30T16:37:55.199+0800][21.024s][info][gc,phases   ] GC(408)   Other: 0.1ms
[2025-07-30T16:37:55.199+0800][21.024s][info][gc,heap     ] GC(408) Eden regions: 1017->0(1019)
[2025-07-30T16:37:55.199+0800][21.024s][info][gc,heap     ] GC(408) Survivor regions: 146->145(146)
[2025-07-30T16:37:55.199+0800][21.025s][info][gc,heap     ] GC(408) Old regions: 561->561
[2025-07-30T16:37:55.199+0800][21.025s][info][gc,heap     ] GC(408) Humongous regions: 3->3
[2025-07-30T16:37:55.199+0800][21.025s][info][gc,metaspace] GC(408) Metaspace: 7114K(7424K)->7114K(7424K) NonClass: 6390K(6528K)->6390K(6528K) Class: 723K(896K)->723K(896K)
[2025-07-30T16:37:55.199+0800][21.025s][info][gc          ] GC(408) Pause Young (Normal) (G1 Evacuation Pause) 1726M->708M(2048M) 15.518ms
[2025-07-30T16:37:55.199+0800][21.025s][info][gc,cpu      ] GC(408) User=0.02s Sys=0.00s Real=0.02s
[2025-07-30T16:37:55.199+0800][21.025s][info][safepoint   ] Safepoint "G1CollectForAllocation", Time since last: 36400200 ns, Reaching safepoint: 2200 ns, Cleanup: 3200 ns, At safepoint: 15556400 ns, Total: 15561800 ns
[2025-07-30T16:37:55.236+0800][21.061s][info][gc,start    ] GC(409) Pause Young (Normal) (G1 Evacuation Pause)
[2025-07-30T16:37:55.236+0800][21.061s][info][gc,task     ] GC(409) Using 1 workers of 1 for evacuation
[2025-07-30T16:37:55.251+0800][21.077s][info][gc,phases   ] GC(409)   Pre Evacuate Collection Set: 0.3ms
[2025-07-30T16:37:55.251+0800][21.077s][info][gc,phases   ] GC(409)   Merge Heap Roots: 0.1ms
[2025-07-30T16:37:55.251+0800][21.077s][info][gc,phases   ] GC(409)   Evacuate Collection Set: 14.3ms
[2025-07-30T16:37:55.251+0800][21.077s][info][gc,phases   ] GC(409)   Post Evacuate Collection Set: 0.6ms
[2025-07-30T16:37:55.251+0800][21.077s][info][gc,phases   ] GC(409)   Other: 0.1ms
[2025-07-30T16:37:55.251+0800][21.077s][info][gc,heap     ] GC(409) Eden regions: 1019->0(1017)
[2025-07-30T16:37:55.251+0800][21.077s][info][gc,heap     ] GC(409) Survivor regions: 145->146(146)
[2025-07-30T16:37:55.251+0800][21.077s][info][gc,heap     ] GC(409) Old regions: 561->561
[2025-07-30T16:37:55.251+0800][21.077s][info][gc,heap     ] GC(409) Humongous regions: 3->3
[2025-07-30T16:37:55.251+0800][21.077s][info][gc,metaspace] GC(409) Metaspace: 7114K(7424K)->7114K(7424K) NonClass: 6390K(6528K)->6390K(6528K) Class: 723K(896K)->723K(896K)
[2025-07-30T16:37:55.251+0800][21.077s][info][gc          ] GC(409) Pause Young (Normal) (G1 Evacuation Pause) 1727M->709M(2048M) 15.510ms
[2025-07-30T16:37:55.251+0800][21.077s][info][gc,cpu      ] GC(409) User=0.02s Sys=0.00s Real=0.01s
[2025-07-30T16:37:55.251+0800][21.077s][info][safepoint   ] Safepoint "G1CollectForAllocation", Time since last: 36815800 ns, Reaching safepoint: 2700 ns, Cleanup: 3100 ns, At safepoint: 15549100 ns, Total: 15554900 ns
[2025-07-30T16:37:55.288+0800][21.114s][info][gc,start    ] GC(410) Pause Young (Normal) (G1 Evacuation Pause)
[2025-07-30T16:37:55.288+0800][21.114s][info][gc,task     ] GC(410) Using 1 workers of 1 for evacuation
[2025-07-30T16:37:55.303+0800][21.129s][info][gc,phases   ] GC(410)   Pre Evacuate Collection Set: 0.4ms
[2025-07-30T16:37:55.303+0800][21.129s][info][gc,phases   ] GC(410)   Merge Heap Roots: 0.1ms
[2025-07-30T16:37:55.303+0800][21.129s][info][gc,phases   ] GC(410)   Evacuate Collection Set: 14.1ms
[2025-07-30T16:37:55.303+0800][21.129s][info][gc,phases   ] GC(410)   Post Evacuate Collection Set: 0.6ms
[2025-07-30T16:37:55.303+0800][21.129s][info][gc,phases   ] GC(410)   Other: 0.1ms
[2025-07-30T16:37:55.303+0800][21.129s][info][gc,heap     ] GC(410) Eden regions: 1017->0(1019)
[2025-07-30T16:37:55.303+0800][21.129s][info][gc,heap     ] GC(410) Survivor regions: 146->145(146)
[2025-07-30T16:37:55.303+0800][21.129s][info][gc,heap     ] GC(410) Old regions: 561->561
[2025-07-30T16:37:55.304+0800][21.129s][info][gc,heap     ] GC(410) Humongous regions: 3->3
[2025-07-30T16:37:55.304+0800][21.129s][info][gc,metaspace] GC(410) Metaspace: 7114K(7424K)->7114K(7424K) NonClass: 6390K(6528K)->6390K(6528K) Class: 723K(896K)->723K(896K)
[2025-07-30T16:37:55.304+0800][21.129s][info][gc          ] GC(410) Pause Young (Normal) (G1 Evacuation Pause) 1726M->708M(2048M) 15.497ms
[2025-07-30T16:37:55.304+0800][21.129s][info][gc,cpu      ] GC(410) User=0.02s Sys=0.00s Real=0.02s
[2025-07-30T16:37:55.304+0800][21.129s][info][safepoint   ] Safepoint "G1CollectForAllocation", Time since last: 36540200 ns, Reaching safepoint: 3300 ns, Cleanup: 4000 ns, At safepoint: 15539100 ns, Total: 15546400 ns
[2025-07-30T16:37:55.342+0800][21.167s][info][gc,start    ] GC(411) Pause Young (Normal) (G1 Evacuation Pause)
[2025-07-30T16:37:55.342+0800][21.168s][info][gc,task     ] GC(411) Using 1 workers of 1 for evacuation
[2025-07-30T16:37:55.358+0800][21.183s][info][gc,phases   ] GC(411)   Pre Evacuate Collection Set: 0.3ms
[2025-07-30T16:37:55.358+0800][21.183s][info][gc,phases   ] GC(411)   Merge Heap Roots: 0.1ms
[2025-07-30T16:37:55.358+0800][21.183s][info][gc,phases   ] GC(411)   Evacuate Collection Set: 13.9ms
[2025-07-30T16:37:55.358+0800][21.183s][info][gc,phases   ] GC(411)   Post Evacuate Collection Set: 0.6ms
[2025-07-30T16:37:55.358+0800][21.183s][info][gc,phases   ] GC(411)   Other: 0.1ms
[2025-07-30T16:37:55.358+0800][21.183s][info][gc,heap     ] GC(411) Eden regions: 1019->0(1017)
[2025-07-30T16:37:55.358+0800][21.183s][info][gc,heap     ] GC(411) Survivor regions: 145->146(146)
[2025-07-30T16:37:55.358+0800][21.183s][info][gc,heap     ] GC(411) Old regions: 561->561
[2025-07-30T16:37:55.358+0800][21.183s][info][gc,heap     ] GC(411) Humongous regions: 3->3
[2025-07-30T16:37:55.358+0800][21.183s][info][gc,metaspace] GC(411) Metaspace: 7114K(7424K)->7114K(7424K) NonClass: 6390K(6528K)->6390K(6528K) Class: 723K(896K)->723K(896K)
[2025-07-30T16:37:55.358+0800][21.183s][info][gc          ] GC(411) Pause Young (Normal) (G1 Evacuation Pause) 1727M->709M(2048M) 15.316ms
[2025-07-30T16:37:55.358+0800][21.183s][info][gc,cpu      ] GC(411) User=0.02s Sys=0.00s Real=0.02s
[2025-07-30T16:37:55.358+0800][21.183s][info][safepoint   ] Safepoint "G1CollectForAllocation", Time since last: 38424300 ns, Reaching safepoint: 2700 ns, Cleanup: 3200 ns, At safepoint: 15380600 ns, Total: 15386500 ns
[2025-07-30T16:37:55.394+0800][21.219s][info][gc,start    ] GC(412) Pause Young (Normal) (G1 Evacuation Pause)
[2025-07-30T16:37:55.394+0800][21.219s][info][gc,task     ] GC(412) Using 1 workers of 1 for evacuation
[2025-07-30T16:37:55.408+0800][21.234s][info][gc,phases   ] GC(412)   Pre Evacuate Collection Set: 0.3ms
[2025-07-30T16:37:55.408+0800][21.234s][info][gc,phases   ] GC(412)   Merge Heap Roots: 0.0ms
[2025-07-30T16:37:55.408+0800][21.234s][info][gc,phases   ] GC(412)   Evacuate Collection Set: 13.8ms
[2025-07-30T16:37:55.408+0800][21.234s][info][gc,phases   ] GC(412)   Post Evacuate Collection Set: 0.5ms
[2025-07-30T16:37:55.408+0800][21.234s][info][gc,phases   ] GC(412)   Other: 0.1ms
[2025-07-30T16:37:55.408+0800][21.234s][info][gc,heap     ] GC(412) Eden regions: 1017->0(1017)
[2025-07-30T16:37:55.408+0800][21.234s][info][gc,heap     ] GC(412) Survivor regions: 146->146(146)
[2025-07-30T16:37:55.408+0800][21.234s][info][gc,heap     ] GC(412) Old regions: 561->561
[2025-07-30T16:37:55.408+0800][21.234s][info][gc,heap     ] GC(412) Humongous regions: 3->3
[2025-07-30T16:37:55.408+0800][21.234s][info][gc,metaspace] GC(412) Metaspace: 7114K(7424K)->7114K(7424K) NonClass: 6390K(6528K)->6390K(6528K) Class: 723K(896K)->723K(896K)
[2025-07-30T16:37:55.408+0800][21.234s][info][gc          ] GC(412) Pause Young (Normal) (G1 Evacuation Pause) 1726M->708M(2048M) 14.961ms
[2025-07-30T16:37:55.408+0800][21.234s][info][gc,cpu      ] GC(412) User=0.02s Sys=0.00s Real=0.01s
[2025-07-30T16:37:55.408+0800][21.234s][info][safepoint   ] Safepoint "G1CollectForAllocation", Time since last: 36120600 ns, Reaching safepoint: 2100 ns, Cleanup: 3200 ns, At safepoint: 15000600 ns, Total: 15005900 ns
[2025-07-30T16:37:55.445+0800][21.270s][info][gc,start    ] GC(413) Pause Young (Normal) (G1 Evacuation Pause)
[2025-07-30T16:37:55.445+0800][21.270s][info][gc,task     ] GC(413) Using 1 workers of 1 for evacuation
[2025-07-30T16:37:55.459+0800][21.285s][info][gc,phases   ] GC(413)   Pre Evacuate Collection Set: 0.3ms
[2025-07-30T16:37:55.459+0800][21.285s][info][gc,phases   ] GC(413)   Merge Heap Roots: 0.0ms
[2025-07-30T16:37:55.459+0800][21.285s][info][gc,phases   ] GC(413)   Evacuate Collection Set: 13.8ms
[2025-07-30T16:37:55.459+0800][21.285s][info][gc,phases   ] GC(413)   Post Evacuate Collection Set: 0.5ms
[2025-07-30T16:37:55.459+0800][21.285s][info][gc,phases   ] GC(413)   Other: 0.1ms
[2025-07-30T16:37:55.459+0800][21.285s][info][gc,heap     ] GC(413) Eden regions: 1017->0(1019)
[2025-07-30T16:37:55.459+0800][21.285s][info][gc,heap     ] GC(413) Survivor regions: 146->145(146)
[2025-07-30T16:37:55.459+0800][21.285s][info][gc,heap     ] GC(413) Old regions: 561->561
[2025-07-30T16:37:55.459+0800][21.285s][info][gc,heap     ] GC(413) Humongous regions: 3->3
[2025-07-30T16:37:55.459+0800][21.285s][info][gc,metaspace] GC(413) Metaspace: 7114K(7424K)->7114K(7424K) NonClass: 6390K(6528K)->6390K(6528K) Class: 723K(896K)->723K(896K)
[2025-07-30T16:37:55.459+0800][21.285s][info][gc          ] GC(413) Pause Young (Normal) (G1 Evacuation Pause) 1725M->707M(2048M) 14.919ms
[2025-07-30T16:37:55.459+0800][21.285s][info][gc,cpu      ] GC(413) User=0.02s Sys=0.00s Real=0.01s
[2025-07-30T16:37:55.459+0800][21.285s][info][safepoint   ] Safepoint "G1CollectForAllocation", Time since last: 35970300 ns, Reaching safepoint: 2100 ns, Cleanup: 2700 ns, At safepoint: 14956300 ns, Total: 14961100 ns
[2025-07-30T16:37:55.499+0800][21.325s][info][gc,start    ] GC(414) Pause Young (Normal) (G1 Evacuation Pause)
[2025-07-30T16:37:55.499+0800][21.325s][info][gc,task     ] GC(414) Using 1 workers of 1 for evacuation
[2025-07-30T16:37:55.515+0800][21.341s][info][gc,phases   ] GC(414)   Pre Evacuate Collection Set: 0.4ms
[2025-07-30T16:37:55.515+0800][21.341s][info][gc,phases   ] GC(414)   Merge Heap Roots: 0.1ms
[2025-07-30T16:37:55.515+0800][21.341s][info][gc,phases   ] GC(414)   Evacuate Collection Set: 14.7ms
[2025-07-30T16:37:55.515+0800][21.341s][info][gc,phases   ] GC(414)   Post Evacuate Collection Set: 0.7ms
[2025-07-30T16:37:55.515+0800][21.341s][info][gc,phases   ] GC(414)   Other: 0.1ms
[2025-07-30T16:37:55.515+0800][21.341s][info][gc,heap     ] GC(414) Eden regions: 1019->0(1018)
[2025-07-30T16:37:55.515+0800][21.341s][info][gc,heap     ] GC(414) Survivor regions: 145->146(146)
[2025-07-30T16:37:55.515+0800][21.341s][info][gc,heap     ] GC(414) Old regions: 561->561
[2025-07-30T16:37:55.515+0800][21.341s][info][gc,heap     ] GC(414) Humongous regions: 3->3
[2025-07-30T16:37:55.515+0800][21.341s][info][gc,metaspace] GC(414) Metaspace: 7114K(7424K)->7114K(7424K) NonClass: 6390K(6528K)->6390K(6528K) Class: 723K(896K)->723K(896K)
[2025-07-30T16:37:55.515+0800][21.341s][info][gc          ] GC(414) Pause Young (Normal) (G1 Evacuation Pause) 1726M->708M(2048M) 16.101ms
[2025-07-30T16:37:55.515+0800][21.341s][info][gc,cpu      ] GC(414) User=0.02s Sys=0.02s Real=0.02s
[2025-07-30T16:37:55.516+0800][21.341s][info][safepoint   ] Safepoint "G1CollectForAllocation", Time since last: 39646700 ns, Reaching safepoint: 2600 ns, Cleanup: 3300 ns, At safepoint: 16148900 ns, Total: 16154800 ns
[2025-07-30T16:37:55.555+0800][21.381s][info][gc,start    ] GC(415) Pause Young (Normal) (G1 Evacuation Pause)
[2025-07-30T16:37:55.555+0800][21.381s][info][gc,task     ] GC(415) Using 1 workers of 1 for evacuation
[2025-07-30T16:37:55.572+0800][21.397s][info][gc,phases   ] GC(415)   Pre Evacuate Collection Set: 0.5ms
[2025-07-30T16:37:55.572+0800][21.397s][info][gc,phases   ] GC(415)   Merge Heap Roots: 0.1ms
[2025-07-30T16:37:55.572+0800][21.397s][info][gc,phases   ] GC(415)   Evacuate Collection Set: 14.8ms
[2025-07-30T16:37:55.572+0800][21.397s][info][gc,phases   ] GC(415)   Post Evacuate Collection Set: 0.7ms
[2025-07-30T16:37:55.572+0800][21.397s][info][gc,phases   ] GC(415)   Other: 0.1ms
[2025-07-30T16:37:55.572+0800][21.397s][info][gc,heap     ] GC(415) Eden regions: 1018->0(1018)
[2025-07-30T16:37:55.572+0800][21.397s][info][gc,heap     ] GC(415) Survivor regions: 146->146(146)
[2025-07-30T16:37:55.572+0800][21.397s][info][gc,heap     ] GC(415) Old regions: 561->561
[2025-07-30T16:37:55.572+0800][21.397s][info][gc,heap     ] GC(415) Humongous regions: 3->3
[2025-07-30T16:37:55.572+0800][21.397s][info][gc,metaspace] GC(415) Metaspace: 7122K(7424K)->7122K(7424K) NonClass: 6399K(6528K)->6399K(6528K) Class: 723K(896K)->723K(896K)
[2025-07-30T16:37:55.572+0800][21.397s][info][gc          ] GC(415) Pause Young (Normal) (G1 Evacuation Pause) 1726M->708M(2048M) 16.301ms
[2025-07-30T16:37:55.572+0800][21.397s][info][gc,cpu      ] GC(415) User=0.02s Sys=0.00s Real=0.02s
[2025-07-30T16:37:55.572+0800][21.397s][info][safepoint   ] Safepoint "G1CollectForAllocation", Time since last: 39880700 ns, Reaching safepoint: 3200 ns, Cleanup: 3600 ns, At safepoint: 16345700 ns, Total: 16352500 ns
[2025-07-30T16:37:55.611+0800][21.437s][info][gc,start    ] GC(416) Pause Young (Normal) (G1 Evacuation Pause)
[2025-07-30T16:37:55.611+0800][21.437s][info][gc,task     ] GC(416) Using 1 workers of 1 for evacuation
[2025-07-30T16:37:55.628+0800][21.453s][info][gc,phases   ] GC(416)   Pre Evacuate Collection Set: 0.5ms
[2025-07-30T16:37:55.628+0800][21.453s][info][gc,phases   ] GC(416)   Merge Heap Roots: 0.1ms
[2025-07-30T16:37:55.628+0800][21.453s][info][gc,phases   ] GC(416)   Evacuate Collection Set: 15.0ms
[2025-07-30T16:37:55.628+0800][21.453s][info][gc,phases   ] GC(416)   Post Evacuate Collection Set: 0.7ms
[2025-07-30T16:37:55.628+0800][21.454s][info][gc,phases   ] GC(416)   Other: 0.1ms
[2025-07-30T16:37:55.628+0800][21.454s][info][gc,heap     ] GC(416) Eden regions: 1018->0(1017)
[2025-07-30T16:37:55.628+0800][21.454s][info][gc,heap     ] GC(416) Survivor regions: 146->146(146)
[2025-07-30T16:37:55.628+0800][21.454s][info][gc,heap     ] GC(416) Old regions: 561->561
[2025-07-30T16:37:55.628+0800][21.454s][info][gc,heap     ] GC(416) Humongous regions: 3->3
[2025-07-30T16:37:55.628+0800][21.454s][info][gc,metaspace] GC(416) Metaspace: 7122K(7424K)->7122K(7424K) NonClass: 6399K(6528K)->6399K(6528K) Class: 723K(896K)->723K(896K)
[2025-07-30T16:37:55.628+0800][21.454s][info][gc          ] GC(416) Pause Young (Normal) (G1 Evacuation Pause) 1726M->708M(2048M) 16.580ms
[2025-07-30T16:37:55.628+0800][21.454s][info][gc,cpu      ] GC(416) User=0.02s Sys=0.00s Real=0.02s
[2025-07-30T16:37:55.628+0800][21.454s][info][safepoint   ] Safepoint "G1CollectForAllocation", Time since last: 40041900 ns, Reaching safepoint: 4200 ns, Cleanup: 5000 ns, At safepoint: 16621500 ns, Total: 16630700 ns
[2025-07-30T16:37:55.667+0800][21.493s][info][gc,start    ] GC(417) Pause Young (Normal) (G1 Evacuation Pause)
[2025-07-30T16:37:55.667+0800][21.493s][info][gc,task     ] GC(417) Using 1 workers of 1 for evacuation
[2025-07-30T16:37:55.683+0800][21.509s][info][gc,phases   ] GC(417)   Pre Evacuate Collection Set: 0.5ms
[2025-07-30T16:37:55.683+0800][21.509s][info][gc,phases   ] GC(417)   Merge Heap Roots: 0.1ms
[2025-07-30T16:37:55.683+0800][21.509s][info][gc,phases   ] GC(417)   Evacuate Collection Set: 14.7ms
[2025-07-30T16:37:55.683+0800][21.509s][info][gc,phases   ] GC(417)   Post Evacuate Collection Set: 0.8ms
[2025-07-30T16:37:55.683+0800][21.509s][info][gc,phases   ] GC(417)   Other: 0.1ms
[2025-07-30T16:37:55.683+0800][21.509s][info][gc,heap     ] GC(417) Eden regions: 1017->0(1019)
[2025-07-30T16:37:55.683+0800][21.509s][info][gc,heap     ] GC(417) Survivor regions: 146->145(146)
[2025-07-30T16:37:55.683+0800][21.509s][info][gc,heap     ] GC(417) Old regions: 561->561
[2025-07-30T16:37:55.683+0800][21.509s][info][gc,heap     ] GC(417) Humongous regions: 3->3
[2025-07-30T16:37:55.683+0800][21.509s][info][gc,metaspace] GC(417) Metaspace: 7122K(7424K)->7122K(7424K) NonClass: 6399K(6528K)->6399K(6528K) Class: 723K(896K)->723K(896K)
[2025-07-30T16:37:55.683+0800][21.509s][info][gc          ] GC(417) Pause Young (Normal) (G1 Evacuation Pause) 1725M->708M(2048M) 16.344ms
[2025-07-30T16:37:55.683+0800][21.509s][info][gc,cpu      ] GC(417) User=0.02s Sys=0.00s Real=0.02s
[2025-07-30T16:37:55.683+0800][21.509s][info][safepoint   ] Safepoint "G1CollectForAllocation", Time since last: 39233500 ns, Reaching safepoint: 4300 ns, Cleanup: 22000 ns, At safepoint: 16385400 ns, Total: 16411700 ns
[2025-07-30T16:37:55.722+0800][21.548s][info][gc,start    ] GC(418) Pause Young (Normal) (G1 Evacuation Pause)
[2025-07-30T16:37:55.722+0800][21.548s][info][gc,task     ] GC(418) Using 1 workers of 1 for evacuation
[2025-07-30T16:37:55.739+0800][21.564s][info][gc,phases   ] GC(418)   Pre Evacuate Collection Set: 0.6ms
[2025-07-30T16:37:55.739+0800][21.564s][info][gc,phases   ] GC(418)   Merge Heap Roots: 0.1ms
[2025-07-30T16:37:55.739+0800][21.564s][info][gc,phases   ] GC(418)   Evacuate Collection Set: 14.9ms
[2025-07-30T16:37:55.739+0800][21.564s][info][gc,phases   ] GC(418)   Post Evacuate Collection Set: 0.7ms
[2025-07-30T16:37:55.739+0800][21.564s][info][gc,phases   ] GC(418)   Other: 0.1ms
[2025-07-30T16:37:55.739+0800][21.564s][info][gc,heap     ] GC(418) Eden regions: 1019->0(1017)
[2025-07-30T16:37:55.739+0800][21.564s][info][gc,heap     ] GC(418) Survivor regions: 145->146(146)
[2025-07-30T16:37:55.739+0800][21.564s][info][gc,heap     ] GC(418) Old regions: 561->561
[2025-07-30T16:37:55.739+0800][21.564s][info][gc,heap     ] GC(418) Humongous regions: 3->3
[2025-07-30T16:37:55.739+0800][21.564s][info][gc,metaspace] GC(418) Metaspace: 7122K(7424K)->7122K(7424K) NonClass: 6399K(6528K)->6399K(6528K) Class: 723K(896K)->723K(896K)
[2025-07-30T16:37:55.739+0800][21.564s][info][gc          ] GC(418) Pause Young (Normal) (G1 Evacuation Pause) 1727M->709M(2048M) 16.538ms
[2025-07-30T16:37:55.739+0800][21.564s][info][gc,cpu      ] GC(418) User=0.02s Sys=0.00s Real=0.02s
[2025-07-30T16:37:55.739+0800][21.564s][info][safepoint   ] Safepoint "G1CollectForAllocation", Time since last: 38432600 ns, Reaching safepoint: 4600 ns, Cleanup: 4800 ns, At safepoint: 16580100 ns, Total: 16589500 ns
[2025-07-30T16:37:55.777+0800][21.603s][info][gc,start    ] GC(419) Pause Young (Normal) (G1 Evacuation Pause)
[2025-07-30T16:37:55.777+0800][21.603s][info][gc,task     ] GC(419) Using 1 workers of 1 for evacuation
[2025-07-30T16:37:55.793+0800][21.619s][info][gc,phases   ] GC(419)   Pre Evacuate Collection Set: 0.7ms
[2025-07-30T16:37:55.793+0800][21.619s][info][gc,phases   ] GC(419)   Merge Heap Roots: 0.1ms
[2025-07-30T16:37:55.793+0800][21.619s][info][gc,phases   ] GC(419)   Evacuate Collection Set: 14.8ms
[2025-07-30T16:37:55.793+0800][21.619s][info][gc,phases   ] GC(419)   Post Evacuate Collection Set: 0.7ms
[2025-07-30T16:37:55.793+0800][21.619s][info][gc,phases   ] GC(419)   Other: 0.1ms
[2025-07-30T16:37:55.793+0800][21.619s][info][gc,heap     ] GC(419) Eden regions: 1017->0(1019)
[2025-07-30T16:37:55.793+0800][21.619s][info][gc,heap     ] GC(419) Survivor regions: 146->145(146)
[2025-07-30T16:37:55.793+0800][21.619s][info][gc,heap     ] GC(419) Old regions: 561->561
[2025-07-30T16:37:55.793+0800][21.619s][info][gc,heap     ] GC(419) Humongous regions: 3->3
[2025-07-30T16:37:55.793+0800][21.619s][info][gc,metaspace] GC(419) Metaspace: 7122K(7424K)->7122K(7424K) NonClass: 6399K(6528K)->6399K(6528K) Class: 723K(896K)->723K(896K)
[2025-07-30T16:37:55.793+0800][21.619s][info][gc          ] GC(419) Pause Young (Normal) (G1 Evacuation Pause) 1726M->708M(2048M) 16.553ms
[2025-07-30T16:37:55.793+0800][21.619s][info][gc,cpu      ] GC(419) User=0.02s Sys=0.00s Real=0.02s
[2025-07-30T16:37:55.794+0800][21.619s][info][safepoint   ] Safepoint "G1CollectForAllocation", Time since last: 38214000 ns, Reaching safepoint: 6200 ns, Cleanup: 3800 ns, At safepoint: 16640000 ns, Total: 16650000 ns
[2025-07-30T16:37:55.832+0800][21.657s][info][gc,start    ] GC(420) Pause Young (Normal) (G1 Evacuation Pause)
[2025-07-30T16:37:55.832+0800][21.657s][info][gc,task     ] GC(420) Using 1 workers of 1 for evacuation
[2025-07-30T16:37:55.849+0800][21.674s][info][gc,phases   ] GC(420)   Pre Evacuate Collection Set: 0.5ms
[2025-07-30T16:37:55.849+0800][21.674s][info][gc,phases   ] GC(420)   Merge Heap Roots: 0.1ms
[2025-07-30T16:37:55.849+0800][21.674s][info][gc,phases   ] GC(420)   Evacuate Collection Set: 15.5ms
[2025-07-30T16:37:55.849+0800][21.674s][info][gc,phases   ] GC(420)   Post Evacuate Collection Set: 0.7ms
[2025-07-30T16:37:55.849+0800][21.674s][info][gc,phases   ] GC(420)   Other: 0.1ms
[2025-07-30T16:37:55.849+0800][21.674s][info][gc,heap     ] GC(420) Eden regions: 1019->0(1017)
[2025-07-30T16:37:55.849+0800][21.674s][info][gc,heap     ] GC(420) Survivor regions: 145->146(146)
[2025-07-30T16:37:55.849+0800][21.674s][info][gc,heap     ] GC(420) Old regions: 561->561
[2025-07-30T16:37:55.849+0800][21.674s][info][gc,heap     ] GC(420) Humongous regions: 3->3
[2025-07-30T16:37:55.849+0800][21.674s][info][gc,metaspace] GC(420) Metaspace: 7122K(7424K)->7122K(7424K) NonClass: 6399K(6528K)->6399K(6528K) Class: 723K(896K)->723K(896K)
[2025-07-30T16:37:55.849+0800][21.674s][info][gc          ] GC(420) Pause Young (Normal) (G1 Evacuation Pause) 1727M->709M(2048M) 17.115ms
[2025-07-30T16:37:55.849+0800][21.674s][info][gc,cpu      ] GC(420) User=0.02s Sys=0.00s Real=0.02s
[2025-07-30T16:37:55.849+0800][21.674s][info][safepoint   ] Safepoint "G1CollectForAllocation", Time since last: 38135900 ns, Reaching safepoint: 4700 ns, Cleanup: 6000 ns, At safepoint: 17160900 ns, Total: 17171600 ns
[2025-07-30T16:37:55.889+0800][21.715s][info][gc,start    ] GC(421) Pause Young (Normal) (G1 Evacuation Pause)
[2025-07-30T16:37:55.889+0800][21.715s][info][gc,task     ] GC(421) Using 1 workers of 1 for evacuation
[2025-07-30T16:37:55.905+0800][21.731s][info][gc,phases   ] GC(421)   Pre Evacuate Collection Set: 0.5ms
[2025-07-30T16:37:55.905+0800][21.731s][info][gc,phases   ] GC(421)   Merge Heap Roots: 0.1ms
[2025-07-30T16:37:55.905+0800][21.731s][info][gc,phases   ] GC(421)   Evacuate Collection Set: 14.6ms
[2025-07-30T16:37:55.905+0800][21.731s][info][gc,phases   ] GC(421)   Post Evacuate Collection Set: 0.8ms
[2025-07-30T16:37:55.905+0800][21.731s][info][gc,phases   ] GC(421)   Other: 0.1ms
[2025-07-30T16:37:55.905+0800][21.731s][info][gc,heap     ] GC(421) Eden regions: 1017->0(1017)
[2025-07-30T16:37:55.905+0800][21.731s][info][gc,heap     ] GC(421) Survivor regions: 146->146(146)
[2025-07-30T16:37:55.905+0800][21.731s][info][gc,heap     ] GC(421) Old regions: 561->561
[2025-07-30T16:37:55.905+0800][21.731s][info][gc,heap     ] GC(421) Humongous regions: 3->3
[2025-07-30T16:37:55.905+0800][21.731s][info][gc,metaspace] GC(421) Metaspace: 7122K(7424K)->7122K(7424K) NonClass: 6399K(6528K)->6399K(6528K) Class: 723K(896K)->723K(896K)
[2025-07-30T16:37:55.905+0800][21.731s][info][gc          ] GC(421) Pause Young (Normal) (G1 Evacuation Pause) 1726M->708M(2048M) 16.190ms
[2025-07-30T16:37:55.905+0800][21.731s][info][gc,cpu      ] GC(421) User=0.02s Sys=0.00s Real=0.02s
[2025-07-30T16:37:55.905+0800][21.731s][info][safepoint   ] Safepoint "G1CollectForAllocation", Time since last: 40501200 ns, Reaching safepoint: 3800 ns, Cleanup: 4900 ns, At safepoint: 16230900 ns, Total: 16239600 ns
[2025-07-30T16:37:55.944+0800][21.769s][info][gc,start    ] GC(422) Pause Young (Normal) (G1 Evacuation Pause)
[2025-07-30T16:37:55.944+0800][21.770s][info][gc,task     ] GC(422) Using 1 workers of 1 for evacuation
[2025-07-30T16:37:55.961+0800][21.786s][info][gc,phases   ] GC(422)   Pre Evacuate Collection Set: 0.5ms
[2025-07-30T16:37:55.961+0800][21.786s][info][gc,phases   ] GC(422)   Merge Heap Roots: 0.1ms
[2025-07-30T16:37:55.961+0800][21.786s][info][gc,phases   ] GC(422)   Evacuate Collection Set: 15.3ms
[2025-07-30T16:37:55.961+0800][21.786s][info][gc,phases   ] GC(422)   Post Evacuate Collection Set: 0.8ms
[2025-07-30T16:37:55.961+0800][21.786s][info][gc,phases   ] GC(422)   Other: 0.1ms
[2025-07-30T16:37:55.961+0800][21.786s][info][gc,heap     ] GC(422) Eden regions: 1017->0(1019)
[2025-07-30T16:37:55.961+0800][21.786s][info][gc,heap     ] GC(422) Survivor regions: 146->145(146)
[2025-07-30T16:37:55.961+0800][21.786s][info][gc,heap     ] GC(422) Old regions: 561->561
[2025-07-30T16:37:55.961+0800][21.786s][info][gc,heap     ] GC(422) Humongous regions: 3->3
[2025-07-30T16:37:55.961+0800][21.786s][info][gc,metaspace] GC(422) Metaspace: 7122K(7424K)->7122K(7424K) NonClass: 6399K(6528K)->6399K(6528K) Class: 723K(896K)->723K(896K)
[2025-07-30T16:37:55.961+0800][21.786s][info][gc          ] GC(422) Pause Young (Normal) (G1 Evacuation Pause) 1725M->707M(2048M) 16.993ms
[2025-07-30T16:37:55.961+0800][21.786s][info][gc,cpu      ] GC(422) User=0.02s Sys=0.00s Real=0.02s
[2025-07-30T16:37:55.962+0800][21.786s][info][safepoint   ] Safepoint "G1CollectForAllocation", Time since last: 38241600 ns, Reaching safepoint: 4600 ns, Cleanup: 5000 ns, At safepoint: 17042100 ns, Total: 17051700 ns
[2025-07-30T16:37:56.002+0800][21.827s][info][gc,start    ] GC(423) Pause Young (Normal) (G1 Evacuation Pause)
[2025-07-30T16:37:56.002+0800][21.827s][info][gc,task     ] GC(423) Using 1 workers of 1 for evacuation
[2025-07-30T16:37:56.021+0800][21.846s][info][gc,phases   ] GC(423)   Pre Evacuate Collection Set: 0.5ms
[2025-07-30T16:37:56.021+0800][21.846s][info][gc,phases   ] GC(423)   Merge Heap Roots: 0.1ms
[2025-07-30T16:37:56.021+0800][21.846s][info][gc,phases   ] GC(423)   Evacuate Collection Set: 18.0ms
[2025-07-30T16:37:56.021+0800][21.846s][info][gc,phases   ] GC(423)   Post Evacuate Collection Set: 0.7ms
[2025-07-30T16:37:56.021+0800][21.846s][info][gc,phases   ] GC(423)   Other: 0.1ms
[2025-07-30T16:37:56.021+0800][21.846s][info][gc,heap     ] GC(423) Eden regions: 1019->0(1018)
[2025-07-30T16:37:56.021+0800][21.846s][info][gc,heap     ] GC(423) Survivor regions: 145->146(146)
[2025-07-30T16:37:56.021+0800][21.846s][info][gc,heap     ] GC(423) Old regions: 561->561
[2025-07-30T16:37:56.021+0800][21.846s][info][gc,heap     ] GC(423) Humongous regions: 3->3
[2025-07-30T16:37:56.021+0800][21.846s][info][gc,metaspace] GC(423) Metaspace: 7122K(7424K)->7122K(7424K) NonClass: 6399K(6528K)->6399K(6528K) Class: 723K(896K)->723K(896K)
[2025-07-30T16:37:56.021+0800][21.846s][info][gc          ] GC(423) Pause Young (Normal) (G1 Evacuation Pause) 1726M->708M(2048M) 19.606ms
[2025-07-30T16:37:56.021+0800][21.846s][info][gc,cpu      ] GC(423) User=0.02s Sys=0.00s Real=0.02s
[2025-07-30T16:37:56.021+0800][21.847s][info][safepoint   ] Safepoint "G1CollectForAllocation", Time since last: 40371800 ns, Reaching safepoint: 3900 ns, Cleanup: 4600 ns, At safepoint: 19652800 ns, Total: 19661300 ns
[2025-07-30T16:37:56.060+0800][21.886s][info][gc,start    ] GC(424) Pause Young (Normal) (G1 Evacuation Pause)
[2025-07-30T16:37:56.060+0800][21.886s][info][gc,task     ] GC(424) Using 1 workers of 1 for evacuation
[2025-07-30T16:37:56.077+0800][21.902s][info][gc,phases   ] GC(424)   Pre Evacuate Collection Set: 0.5ms
[2025-07-30T16:37:56.077+0800][21.902s][info][gc,phases   ] GC(424)   Merge Heap Roots: 0.1ms
[2025-07-30T16:37:56.077+0800][21.902s][info][gc,phases   ] GC(424)   Evacuate Collection Set: 15.3ms
[2025-07-30T16:37:56.077+0800][21.902s][info][gc,phases   ] GC(424)   Post Evacuate Collection Set: 0.7ms
[2025-07-30T16:37:56.077+0800][21.902s][info][gc,phases   ] GC(424)   Other: 0.1ms
[2025-07-30T16:37:56.077+0800][21.902s][info][gc,heap     ] GC(424) Eden regions: 1018->0(1018)
[2025-07-30T16:37:56.077+0800][21.902s][info][gc,heap     ] GC(424) Survivor regions: 146->146(146)
[2025-07-30T16:37:56.077+0800][21.902s][info][gc,heap     ] GC(424) Old regions: 561->561
[2025-07-30T16:37:56.077+0800][21.902s][info][gc,heap     ] GC(424) Humongous regions: 3->3
[2025-07-30T16:37:56.077+0800][21.902s][info][gc,metaspace] GC(424) Metaspace: 7122K(7424K)->7122K(7424K) NonClass: 6399K(6528K)->6399K(6528K) Class: 723K(896K)->723K(896K)
[2025-07-30T16:37:56.077+0800][21.902s][info][gc          ] GC(424) Pause Young (Normal) (G1 Evacuation Pause) 1726M->708M(2048M) 16.860ms
[2025-07-30T16:37:56.077+0800][21.902s][info][gc,cpu      ] GC(424) User=0.02s Sys=0.00s Real=0.02s
[2025-07-30T16:37:56.077+0800][21.902s][info][safepoint   ] Safepoint "G1CollectForAllocation", Time since last: 39039200 ns, Reaching safepoint: 4400 ns, Cleanup: 5100 ns, At safepoint: 16902000 ns, Total: 16911500 ns
[2025-07-30T16:37:56.115+0800][21.940s][info][gc,start    ] GC(425) Pause Young (Normal) (G1 Evacuation Pause)
[2025-07-30T16:37:56.115+0800][21.940s][info][gc,task     ] GC(425) Using 1 workers of 1 for evacuation
[2025-07-30T16:37:56.131+0800][21.956s][info][gc,phases   ] GC(425)   Pre Evacuate Collection Set: 0.4ms
[2025-07-30T16:37:56.131+0800][21.956s][info][gc,phases   ] GC(425)   Merge Heap Roots: 0.1ms
[2025-07-30T16:37:56.131+0800][21.956s][info][gc,phases   ] GC(425)   Evacuate Collection Set: 14.7ms
[2025-07-30T16:37:56.131+0800][21.956s][info][gc,phases   ] GC(425)   Post Evacuate Collection Set: 0.7ms
[2025-07-30T16:37:56.131+0800][21.956s][info][gc,phases   ] GC(425)   Other: 0.1ms
[2025-07-30T16:37:56.131+0800][21.956s][info][gc,heap     ] GC(425) Eden regions: 1018->0(1018)
[2025-07-30T16:37:56.131+0800][21.956s][info][gc,heap     ] GC(425) Survivor regions: 146->146(146)
[2025-07-30T16:37:56.131+0800][21.956s][info][gc,heap     ] GC(425) Old regions: 561->561
[2025-07-30T16:37:56.131+0800][21.956s][info][gc,heap     ] GC(425) Humongous regions: 3->3
[2025-07-30T16:37:56.131+0800][21.956s][info][gc,metaspace] GC(425) Metaspace: 7122K(7424K)->7122K(7424K) NonClass: 6399K(6528K)->6399K(6528K) Class: 723K(896K)->723K(896K)
[2025-07-30T16:37:56.131+0800][21.956s][info][gc          ] GC(425) Pause Young (Normal) (G1 Evacuation Pause) 1726M->708M(2048M) 16.171ms
[2025-07-30T16:37:56.131+0800][21.956s][info][gc,cpu      ] GC(425) User=0.02s Sys=0.00s Real=0.02s
[2025-07-30T16:37:56.131+0800][21.956s][info][safepoint   ] Safepoint "G1CollectForAllocation", Time since last: 37748600 ns, Reaching safepoint: 3700 ns, Cleanup: 4500 ns, At safepoint: 16210800 ns, Total: 16219000 ns
[2025-07-30T16:37:56.171+0800][21.996s][info][gc,start    ] GC(426) Pause Young (Normal) (G1 Evacuation Pause)
[2025-07-30T16:37:56.171+0800][21.997s][info][gc,task     ] GC(426) Using 1 workers of 1 for evacuation
[2025-07-30T16:37:56.187+0800][22.013s][info][gc,phases   ] GC(426)   Pre Evacuate Collection Set: 0.5ms
[2025-07-30T16:37:56.187+0800][22.013s][info][gc,phases   ] GC(426)   Merge Heap Roots: 0.1ms
[2025-07-30T16:37:56.187+0800][22.013s][info][gc,phases   ] GC(426)   Evacuate Collection Set: 14.8ms
[2025-07-30T16:37:56.187+0800][22.013s][info][gc,phases   ] GC(426)   Post Evacuate Collection Set: 0.7ms
[2025-07-30T16:37:56.187+0800][22.013s][info][gc,phases   ] GC(426)   Other: 0.1ms
[2025-07-30T16:37:56.187+0800][22.013s][info][gc,heap     ] GC(426) Eden regions: 1018->0(1017)
[2025-07-30T16:37:56.187+0800][22.013s][info][gc,heap     ] GC(426) Survivor regions: 146->146(146)
[2025-07-30T16:37:56.187+0800][22.013s][info][gc,heap     ] GC(426) Old regions: 561->561
[2025-07-30T16:37:56.187+0800][22.013s][info][gc,heap     ] GC(426) Humongous regions: 3->3
[2025-07-30T16:37:56.187+0800][22.013s][info][gc,metaspace] GC(426) Metaspace: 7122K(7424K)->7122K(7424K) NonClass: 6399K(6528K)->6399K(6528K) Class: 723K(896K)->723K(896K)
[2025-07-30T16:37:56.187+0800][22.013s][info][gc          ] GC(426) Pause Young (Normal) (G1 Evacuation Pause) 1726M->709M(2048M) 16.401ms
[2025-07-30T16:37:56.187+0800][22.013s][info][gc,cpu      ] GC(426) User=0.02s Sys=0.00s Real=0.02s
[2025-07-30T16:37:56.187+0800][22.013s][info][safepoint   ] Safepoint "G1CollectForAllocation", Time since last: 40037900 ns, Reaching safepoint: 3800 ns, Cleanup: 4500 ns, At safepoint: 16442900 ns, Total: 16451200 ns
[2025-07-30T16:37:56.226+0800][22.051s][info][gc,start    ] GC(427) Pause Young (Normal) (G1 Evacuation Pause)
[2025-07-30T16:37:56.226+0800][22.051s][info][gc,task     ] GC(427) Using 1 workers of 1 for evacuation
[2025-07-30T16:37:56.242+0800][22.068s][info][gc,phases   ] GC(427)   Pre Evacuate Collection Set: 0.5ms
[2025-07-30T16:37:56.242+0800][22.068s][info][gc,phases   ] GC(427)   Merge Heap Roots: 0.1ms
[2025-07-30T16:37:56.242+0800][22.068s][info][gc,phases   ] GC(427)   Evacuate Collection Set: 15.0ms
[2025-07-30T16:37:56.242+0800][22.068s][info][gc,phases   ] GC(427)   Post Evacuate Collection Set: 0.7ms
[2025-07-30T16:37:56.242+0800][22.068s][info][gc,phases   ] GC(427)   Other: 0.1ms
[2025-07-30T16:37:56.242+0800][22.068s][info][gc,heap     ] GC(427) Eden regions: 1017->0(1019)
[2025-07-30T16:37:56.242+0800][22.068s][info][gc,heap     ] GC(427) Survivor regions: 146->145(146)
[2025-07-30T16:37:56.242+0800][22.068s][info][gc,heap     ] GC(427) Old regions: 561->561
[2025-07-30T16:37:56.242+0800][22.068s][info][gc,heap     ] GC(427) Humongous regions: 3->3
[2025-07-30T16:37:56.242+0800][22.068s][info][gc,metaspace] GC(427) Metaspace: 7122K(7424K)->7122K(7424K) NonClass: 6399K(6528K)->6399K(6528K) Class: 723K(896K)->723K(896K)
[2025-07-30T16:37:56.242+0800][22.068s][info][gc          ] GC(427) Pause Young (Normal) (G1 Evacuation Pause) 1726M->708M(2048M) 16.596ms
[2025-07-30T16:37:56.242+0800][22.068s][info][gc,cpu      ] GC(427) User=0.02s Sys=0.00s Real=0.02s
[2025-07-30T16:37:56.242+0800][22.068s][info][safepoint   ] Safepoint "G1CollectForAllocation", Time since last: 38208600 ns, Reaching safepoint: 4400 ns, Cleanup: 5000 ns, At safepoint: 16638400 ns, Total: 16647800 ns
[2025-07-30T16:37:56.281+0800][22.106s][info][gc,start    ] GC(428) Pause Young (Normal) (G1 Evacuation Pause)
[2025-07-30T16:37:56.281+0800][22.107s][info][gc,task     ] GC(428) Using 1 workers of 1 for evacuation
[2025-07-30T16:37:56.298+0800][22.124s][info][gc,phases   ] GC(428)   Pre Evacuate Collection Set: 0.5ms
[2025-07-30T16:37:56.298+0800][22.124s][info][gc,phases   ] GC(428)   Merge Heap Roots: 0.1ms
[2025-07-30T16:37:56.298+0800][22.124s][info][gc,phases   ] GC(428)   Evacuate Collection Set: 15.6ms
[2025-07-30T16:37:56.298+0800][22.124s][info][gc,phases   ] GC(428)   Post Evacuate Collection Set: 0.7ms
[2025-07-30T16:37:56.298+0800][22.124s][info][gc,phases   ] GC(428)   Other: 0.1ms
[2025-07-30T16:37:56.298+0800][22.124s][info][gc,heap     ] GC(428) Eden regions: 1019->0(1017)
[2025-07-30T16:37:56.298+0800][22.124s][info][gc,heap     ] GC(428) Survivor regions: 145->146(146)
[2025-07-30T16:37:56.298+0800][22.124s][info][gc,heap     ] GC(428) Old regions: 561->561
[2025-07-30T16:37:56.299+0800][22.124s][info][gc,heap     ] GC(428) Humongous regions: 3->3
[2025-07-30T16:37:56.299+0800][22.124s][info][gc,metaspace] GC(428) Metaspace: 7122K(7424K)->7122K(7424K) NonClass: 6399K(6528K)->6399K(6528K) Class: 723K(896K)->723K(896K)
[2025-07-30T16:37:56.299+0800][22.124s][info][gc          ] GC(428) Pause Young (Normal) (G1 Evacuation Pause) 1727M->709M(2048M) 17.337ms
[2025-07-30T16:37:56.299+0800][22.124s][info][gc,cpu      ] GC(428) User=0.03s Sys=0.00s Real=0.02s
[2025-07-30T16:37:56.299+0800][22.124s][info][safepoint   ] Safepoint "G1CollectForAllocation", Time since last: 38673900 ns, Reaching safepoint: 5200 ns, Cleanup: 6100 ns, At safepoint: 17380100 ns, Total: 17391400 ns
[2025-07-30T16:37:56.336+0800][22.161s][info][gc,start    ] GC(429) Pause Young (Normal) (G1 Evacuation Pause)
[2025-07-30T16:37:56.336+0800][22.161s][info][gc,task     ] GC(429) Using 1 workers of 1 for evacuation
[2025-07-30T16:37:56.351+0800][22.177s][info][gc,phases   ] GC(429)   Pre Evacuate Collection Set: 0.4ms
[2025-07-30T16:37:56.351+0800][22.177s][info][gc,phases   ] GC(429)   Merge Heap Roots: 0.1ms
[2025-07-30T16:37:56.351+0800][22.177s][info][gc,phases   ] GC(429)   Evacuate Collection Set: 14.2ms
[2025-07-30T16:37:56.351+0800][22.177s][info][gc,phases   ] GC(429)   Post Evacuate Collection Set: 0.7ms
[2025-07-30T16:37:56.352+0800][22.177s][info][gc,phases   ] GC(429)   Other: 0.1ms
[2025-07-30T16:37:56.352+0800][22.177s][info][gc,heap     ] GC(429) Eden regions: 1017->0(1019)
[2025-07-30T16:37:56.352+0800][22.177s][info][gc,heap     ] GC(429) Survivor regions: 146->145(146)
[2025-07-30T16:37:56.352+0800][22.177s][info][gc,heap     ] GC(429) Old regions: 561->561
[2025-07-30T16:37:56.352+0800][22.177s][info][gc,heap     ] GC(429) Humongous regions: 3->3
[2025-07-30T16:37:56.352+0800][22.177s][info][gc,metaspace] GC(429) Metaspace: 7122K(7424K)->7122K(7424K) NonClass: 6399K(6528K)->6399K(6528K) Class: 723K(896K)->723K(896K)
[2025-07-30T16:37:56.352+0800][22.177s][info][gc          ] GC(429) Pause Young (Normal) (G1 Evacuation Pause) 1726M->708M(2048M) 15.642ms
[2025-07-30T16:37:56.352+0800][22.177s][info][gc,cpu      ] GC(429) User=0.02s Sys=0.00s Real=0.02s
[2025-07-30T16:37:56.352+0800][22.177s][info][safepoint   ] Safepoint "G1CollectForAllocation", Time since last: 37401500 ns, Reaching safepoint: 3000 ns, Cleanup: 3500 ns, At safepoint: 15682100 ns, Total: 15688600 ns
[2025-07-30T16:37:56.389+0800][22.215s][info][gc,start    ] GC(430) Pause Young (Normal) (G1 Evacuation Pause)
[2025-07-30T16:37:56.390+0800][22.215s][info][gc,task     ] GC(430) Using 1 workers of 1 for evacuation
[2025-07-30T16:37:56.406+0800][22.231s][info][gc,phases   ] GC(430)   Pre Evacuate Collection Set: 0.5ms
[2025-07-30T16:37:56.406+0800][22.231s][info][gc,phases   ] GC(430)   Merge Heap Roots: 0.1ms
[2025-07-30T16:37:56.406+0800][22.231s][info][gc,phases   ] GC(430)   Evacuate Collection Set: 14.7ms
[2025-07-30T16:37:56.406+0800][22.231s][info][gc,phases   ] GC(430)   Post Evacuate Collection Set: 0.7ms
[2025-07-30T16:37:56.406+0800][22.231s][info][gc,phases   ] GC(430)   Other: 0.1ms
[2025-07-30T16:37:56.406+0800][22.231s][info][gc,heap     ] GC(430) Eden regions: 1019->0(1017)
[2025-07-30T16:37:56.406+0800][22.231s][info][gc,heap     ] GC(430) Survivor regions: 145->146(146)
[2025-07-30T16:37:56.406+0800][22.231s][info][gc,heap     ] GC(430) Old regions: 561->561
[2025-07-30T16:37:56.406+0800][22.231s][info][gc,heap     ] GC(430) Humongous regions: 3->3
[2025-07-30T16:37:56.406+0800][22.231s][info][gc,metaspace] GC(430) Metaspace: 7122K(7424K)->7122K(7424K) NonClass: 6399K(6528K)->6399K(6528K) Class: 723K(896K)->723K(896K)
[2025-07-30T16:37:56.406+0800][22.231s][info][gc          ] GC(430) Pause Young (Normal) (G1 Evacuation Pause) 1727M->709M(2048M) 16.268ms
[2025-07-30T16:37:56.406+0800][22.231s][info][gc,cpu      ] GC(430) User=0.02s Sys=0.00s Real=0.02s
[2025-07-30T16:37:56.406+0800][22.231s][info][safepoint   ] Safepoint "G1CollectForAllocation", Time since last: 37560200 ns, Reaching safepoint: 4000 ns, Cleanup: 4700 ns, At safepoint: 16309800 ns, Total: 16318500 ns
[2025-07-30T16:37:56.443+0800][22.268s][info][gc,start    ] GC(431) Pause Young (Normal) (G1 Evacuation Pause)
[2025-07-30T16:37:56.443+0800][22.269s][info][gc,task     ] GC(431) Using 1 workers of 1 for evacuation
[2025-07-30T16:37:56.459+0800][22.284s][info][gc,phases   ] GC(431)   Pre Evacuate Collection Set: 0.4ms
[2025-07-30T16:37:56.459+0800][22.284s][info][gc,phases   ] GC(431)   Merge Heap Roots: 0.1ms
[2025-07-30T16:37:56.459+0800][22.284s][info][gc,phases   ] GC(431)   Evacuate Collection Set: 14.5ms
[2025-07-30T16:37:56.459+0800][22.284s][info][gc,phases   ] GC(431)   Post Evacuate Collection Set: 0.7ms
[2025-07-30T16:37:56.459+0800][22.284s][info][gc,phases   ] GC(431)   Other: 0.1ms
[2025-07-30T16:37:56.459+0800][22.284s][info][gc,heap     ] GC(431) Eden regions: 1017->0(1017)
[2025-07-30T16:37:56.459+0800][22.284s][info][gc,heap     ] GC(431) Survivor regions: 146->146(146)
[2025-07-30T16:37:56.459+0800][22.284s][info][gc,heap     ] GC(431) Old regions: 561->561
[2025-07-30T16:37:56.459+0800][22.284s][info][gc,heap     ] GC(431) Humongous regions: 3->3
[2025-07-30T16:37:56.459+0800][22.284s][info][gc,metaspace] GC(431) Metaspace: 7122K(7424K)->7122K(7424K) NonClass: 6399K(6528K)->6399K(6528K) Class: 723K(896K)->723K(896K)
[2025-07-30T16:37:56.459+0800][22.284s][info][gc          ] GC(431) Pause Young (Normal) (G1 Evacuation Pause) 1726M->708M(2048M) 15.897ms
[2025-07-30T16:37:56.459+0800][22.284s][info][gc,cpu      ] GC(431) User=0.02s Sys=0.00s Real=0.02s
[2025-07-30T16:37:56.459+0800][22.284s][info][safepoint   ] Safepoint "G1CollectForAllocation", Time since last: 37634800 ns, Reaching safepoint: 4100 ns, Cleanup: 4800 ns, At safepoint: 15936700 ns, Total: 15945600 ns
[2025-07-30T16:37:56.497+0800][22.322s][info][gc,start    ] GC(432) Pause Young (Normal) (G1 Evacuation Pause)
[2025-07-30T16:37:56.497+0800][22.322s][info][gc,task     ] GC(432) Using 1 workers of 1 for evacuation
[2025-07-30T16:37:56.513+0800][22.338s][info][gc,phases   ] GC(432)   Pre Evacuate Collection Set: 0.4ms
[2025-07-30T16:37:56.513+0800][22.338s][info][gc,phases   ] GC(432)   Merge Heap Roots: 0.1ms
[2025-07-30T16:37:56.513+0800][22.338s][info][gc,phases   ] GC(432)   Evacuate Collection Set: 14.3ms
[2025-07-30T16:37:56.513+0800][22.338s][info][gc,phases   ] GC(432)   Post Evacuate Collection Set: 0.8ms
[2025-07-30T16:37:56.513+0800][22.338s][info][gc,phases   ] GC(432)   Other: 0.1ms
[2025-07-30T16:37:56.513+0800][22.338s][info][gc,heap     ] GC(432) Eden regions: 1017->0(1019)
[2025-07-30T16:37:56.513+0800][22.338s][info][gc,heap     ] GC(432) Survivor regions: 146->145(146)
[2025-07-30T16:37:56.513+0800][22.338s][info][gc,heap     ] GC(432) Old regions: 561->561
[2025-07-30T16:37:56.513+0800][22.338s][info][gc,heap     ] GC(432) Humongous regions: 3->3
[2025-07-30T16:37:56.513+0800][22.338s][info][gc,metaspace] GC(432) Metaspace: 7122K(7424K)->7122K(7424K) NonClass: 6399K(6528K)->6399K(6528K) Class: 723K(896K)->723K(896K)
[2025-07-30T16:37:56.513+0800][22.338s][info][gc          ] GC(432) Pause Young (Normal) (G1 Evacuation Pause) 1725M->707M(2048M) 15.781ms
[2025-07-30T16:37:56.513+0800][22.338s][info][gc,cpu      ] GC(432) User=0.02s Sys=0.00s Real=0.02s
[2025-07-30T16:37:56.513+0800][22.338s][info][safepoint   ] Safepoint "G1CollectForAllocation", Time since last: 37731700 ns, Reaching safepoint: 2800 ns, Cleanup: 3200 ns, At safepoint: 15822700 ns, Total: 15828700 ns
[2025-07-30T16:37:56.550+0800][22.376s][info][gc,start    ] GC(433) Pause Young (Normal) (G1 Evacuation Pause)
[2025-07-30T16:37:56.551+0800][22.376s][info][gc,task     ] GC(433) Using 1 workers of 1 for evacuation
[2025-07-30T16:37:56.566+0800][22.392s][info][gc,phases   ] GC(433)   Pre Evacuate Collection Set: 0.5ms
[2025-07-30T16:37:56.566+0800][22.392s][info][gc,phases   ] GC(433)   Merge Heap Roots: 0.1ms
[2025-07-30T16:37:56.566+0800][22.392s][info][gc,phases   ] GC(433)   Evacuate Collection Set: 14.4ms
[2025-07-30T16:37:56.566+0800][22.392s][info][gc,phases   ] GC(433)   Post Evacuate Collection Set: 0.8ms
[2025-07-30T16:37:56.566+0800][22.392s][info][gc,phases   ] GC(433)   Other: 0.1ms
[2025-07-30T16:37:56.566+0800][22.392s][info][gc,heap     ] GC(433) Eden regions: 1019->0(1018)
[2025-07-30T16:37:56.566+0800][22.392s][info][gc,heap     ] GC(433) Survivor regions: 145->146(146)
[2025-07-30T16:37:56.566+0800][22.392s][info][gc,heap     ] GC(433) Old regions: 561->561
[2025-07-30T16:37:56.566+0800][22.392s][info][gc,heap     ] GC(433) Humongous regions: 3->3
[2025-07-30T16:37:56.566+0800][22.392s][info][gc,metaspace] GC(433) Metaspace: 7123K(7424K)->7123K(7424K) NonClass: 6400K(6528K)->6400K(6528K) Class: 723K(896K)->723K(896K)
[2025-07-30T16:37:56.567+0800][22.392s][info][gc          ] GC(433) Pause Young (Normal) (G1 Evacuation Pause) 1726M->708M(2048M) 16.085ms
[2025-07-30T16:37:56.567+0800][22.392s][info][gc,cpu      ] GC(433) User=0.02s Sys=0.00s Real=0.02s
[2025-07-30T16:37:56.567+0800][22.392s][info][safepoint   ] Safepoint "G1CollectForAllocation", Time since last: 38048600 ns, Reaching safepoint: 3200 ns, Cleanup: 3200 ns, At safepoint: 16125800 ns, Total: 16132200 ns
[2025-07-30T16:37:56.604+0800][22.430s][info][gc,start    ] GC(434) Pause Young (Normal) (G1 Evacuation Pause)
[2025-07-30T16:37:56.604+0800][22.430s][info][gc,task     ] GC(434) Using 1 workers of 1 for evacuation
[2025-07-30T16:37:56.620+0800][22.445s][info][gc,phases   ] GC(434)   Pre Evacuate Collection Set: 0.4ms
[2025-07-30T16:37:56.620+0800][22.445s][info][gc,phases   ] GC(434)   Merge Heap Roots: 0.1ms
[2025-07-30T16:37:56.620+0800][22.446s][info][gc,phases   ] GC(434)   Evacuate Collection Set: 14.4ms
[2025-07-30T16:37:56.620+0800][22.446s][info][gc,phases   ] GC(434)   Post Evacuate Collection Set: 0.7ms
[2025-07-30T16:37:56.620+0800][22.446s][info][gc,phases   ] GC(434)   Other: 0.1ms
[2025-07-30T16:37:56.620+0800][22.446s][info][gc,heap     ] GC(434) Eden regions: 1018->0(1018)
[2025-07-30T16:37:56.620+0800][22.446s][info][gc,heap     ] GC(434) Survivor regions: 146->146(146)
[2025-07-30T16:37:56.620+0800][22.446s][info][gc,heap     ] GC(434) Old regions: 561->561
[2025-07-30T16:37:56.620+0800][22.446s][info][gc,heap     ] GC(434) Humongous regions: 3->3
[2025-07-30T16:37:56.620+0800][22.446s][info][gc,metaspace] GC(434) Metaspace: 7123K(7424K)->7123K(7424K) NonClass: 6400K(6528K)->6400K(6528K) Class: 723K(896K)->723K(896K)
[2025-07-30T16:37:56.620+0800][22.446s][info][gc          ] GC(434) Pause Young (Normal) (G1 Evacuation Pause) 1726M->708M(2048M) 15.901ms
[2025-07-30T16:37:56.620+0800][22.446s][info][gc,cpu      ] GC(434) User=0.02s Sys=0.00s Real=0.02s
[2025-07-30T16:37:56.620+0800][22.446s][info][safepoint   ] Safepoint "G1CollectForAllocation", Time since last: 37549600 ns, Reaching safepoint: 3000 ns, Cleanup: 3300 ns, At safepoint: 15940100 ns, Total: 15946400 ns
[2025-07-30T16:37:56.658+0800][22.483s][info][gc,start    ] GC(435) Pause Young (Normal) (G1 Evacuation Pause)
[2025-07-30T16:37:56.658+0800][22.483s][info][gc,task     ] GC(435) Using 1 workers of 1 for evacuation
[2025-07-30T16:37:56.673+0800][22.499s][info][gc,phases   ] GC(435)   Pre Evacuate Collection Set: 0.4ms
[2025-07-30T16:37:56.673+0800][22.499s][info][gc,phases   ] GC(435)   Merge Heap Roots: 0.1ms
[2025-07-30T16:37:56.673+0800][22.499s][info][gc,phases   ] GC(435)   Evacuate Collection Set: 14.6ms
[2025-07-30T16:37:56.673+0800][22.499s][info][gc,phases   ] GC(435)   Post Evacuate Collection Set: 0.7ms
[2025-07-30T16:37:56.673+0800][22.499s][info][gc,phases   ] GC(435)   Other: 0.1ms
[2025-07-30T16:37:56.673+0800][22.499s][info][gc,heap     ] GC(435) Eden regions: 1018->0(1017)
[2025-07-30T16:37:56.673+0800][22.499s][info][gc,heap     ] GC(435) Survivor regions: 146->146(146)
[2025-07-30T16:37:56.673+0800][22.499s][info][gc,heap     ] GC(435) Old regions: 561->561
[2025-07-30T16:37:56.673+0800][22.499s][info][gc,heap     ] GC(435) Humongous regions: 3->3
[2025-07-30T16:37:56.673+0800][22.499s][info][gc,metaspace] GC(435) Metaspace: 7123K(7424K)->7123K(7424K) NonClass: 6400K(6528K)->6400K(6528K) Class: 723K(896K)->723K(896K)
[2025-07-30T16:37:56.673+0800][22.500s][info][gc          ] GC(435) Pause Young (Normal) (G1 Evacuation Pause) 1726M->709M(2048M) 16.130ms
[2025-07-30T16:37:56.673+0800][22.500s][info][gc,cpu      ] GC(435) User=0.00s Sys=0.00s Real=0.02s
[2025-07-30T16:37:56.673+0800][22.500s][info][safepoint   ] Safepoint "G1CollectForAllocation", Time since last: 37735100 ns, Reaching safepoint: 4000 ns, Cleanup: 4800 ns, At safepoint: 16177000 ns, Total: 16185800 ns
[2025-07-30T16:37:56.714+0800][22.539s][info][gc,start    ] GC(436) Pause Young (Normal) (G1 Evacuation Pause)
[2025-07-30T16:37:56.714+0800][22.539s][info][gc,task     ] GC(436) Using 1 workers of 1 for evacuation
[2025-07-30T16:37:56.730+0800][22.555s][info][gc,phases   ] GC(436)   Pre Evacuate Collection Set: 0.4ms
[2025-07-30T16:37:56.730+0800][22.555s][info][gc,phases   ] GC(436)   Merge Heap Roots: 0.1ms
[2025-07-30T16:37:56.730+0800][22.555s][info][gc,phases   ] GC(436)   Evacuate Collection Set: 14.7ms
[2025-07-30T16:37:56.730+0800][22.555s][info][gc,phases   ] GC(436)   Post Evacuate Collection Set: 0.7ms
[2025-07-30T16:37:56.730+0800][22.555s][info][gc,phases   ] GC(436)   Other: 0.1ms
[2025-07-30T16:37:56.730+0800][22.555s][info][gc,heap     ] GC(436) Eden regions: 1017->0(1019)
[2025-07-30T16:37:56.730+0800][22.555s][info][gc,heap     ] GC(436) Survivor regions: 146->145(146)
[2025-07-30T16:37:56.730+0800][22.555s][info][gc,heap     ] GC(436) Old regions: 561->561
[2025-07-30T16:37:56.730+0800][22.555s][info][gc,heap     ] GC(436) Humongous regions: 3->3
[2025-07-30T16:37:56.730+0800][22.555s][info][gc,metaspace] GC(436) Metaspace: 7123K(7424K)->7123K(7424K) NonClass: 6400K(6528K)->6400K(6528K) Class: 723K(896K)->723K(896K)
[2025-07-30T16:37:56.730+0800][22.555s][info][gc          ] GC(436) Pause Young (Normal) (G1 Evacuation Pause) 1726M->708M(2048M) 16.178ms
[2025-07-30T16:37:56.730+0800][22.555s][info][gc,cpu      ] GC(436) User=0.02s Sys=0.00s Real=0.02s
[2025-07-30T16:37:56.730+0800][22.555s][info][safepoint   ] Safepoint "G1CollectForAllocation", Time since last: 39061300 ns, Reaching safepoint: 3300 ns, Cleanup: 4100 ns, At safepoint: 16218700 ns, Total: 16226100 ns
[2025-07-30T16:37:56.768+0800][22.594s][info][gc,start    ] GC(437) Pause Young (Normal) (G1 Evacuation Pause)
[2025-07-30T16:37:56.768+0800][22.594s][info][gc,task     ] GC(437) Using 1 workers of 1 for evacuation
[2025-07-30T16:37:56.784+0800][22.609s][info][gc,phases   ] GC(437)   Pre Evacuate Collection Set: 0.5ms
[2025-07-30T16:37:56.784+0800][22.609s][info][gc,phases   ] GC(437)   Merge Heap Roots: 0.1ms
[2025-07-30T16:37:56.784+0800][22.609s][info][gc,phases   ] GC(437)   Evacuate Collection Set: 14.4ms
[2025-07-30T16:37:56.784+0800][22.609s][info][gc,phases   ] GC(437)   Post Evacuate Collection Set: 0.7ms
[2025-07-30T16:37:56.784+0800][22.609s][info][gc,phases   ] GC(437)   Other: 0.1ms
[2025-07-30T16:37:56.784+0800][22.609s][info][gc,heap     ] GC(437) Eden regions: 1019->0(1017)
[2025-07-30T16:37:56.784+0800][22.609s][info][gc,heap     ] GC(437) Survivor regions: 145->146(146)
[2025-07-30T16:37:56.784+0800][22.609s][info][gc,heap     ] GC(437) Old regions: 561->561
[2025-07-30T16:37:56.784+0800][22.609s][info][gc,heap     ] GC(437) Humongous regions: 3->3
[2025-07-30T16:37:56.784+0800][22.609s][info][gc,metaspace] GC(437) Metaspace: 7123K(7424K)->7123K(7424K) NonClass: 6400K(6528K)->6400K(6528K) Class: 723K(896K)->723K(896K)
[2025-07-30T16:37:56.784+0800][22.610s][info][gc          ] GC(437) Pause Young (Normal) (G1 Evacuation Pause) 1727M->709M(2048M) 15.925ms
[2025-07-30T16:37:56.784+0800][22.610s][info][gc,cpu      ] GC(437) User=0.02s Sys=0.00s Real=0.02s
[2025-07-30T16:37:56.784+0800][22.610s][info][safepoint   ] Safepoint "G1CollectForAllocation", Time since last: 38738600 ns, Reaching safepoint: 3900 ns, Cleanup: 4600 ns, At safepoint: 15965800 ns, Total: 15974300 ns
[2025-07-30T16:37:56.826+0800][22.651s][info][gc,start    ] GC(438) Pause Young (Normal) (G1 Evacuation Pause)
[2025-07-30T16:37:56.826+0800][22.651s][info][gc,task     ] GC(438) Using 1 workers of 1 for evacuation
[2025-07-30T16:37:56.842+0800][22.667s][info][gc,phases   ] GC(438)   Pre Evacuate Collection Set: 0.4ms
[2025-07-30T16:37:56.842+0800][22.667s][info][gc,phases   ] GC(438)   Merge Heap Roots: 0.1ms
[2025-07-30T16:37:56.842+0800][22.667s][info][gc,phases   ] GC(438)   Evacuate Collection Set: 14.5ms
[2025-07-30T16:37:56.842+0800][22.667s][info][gc,phases   ] GC(438)   Post Evacuate Collection Set: 0.8ms
[2025-07-30T16:37:56.842+0800][22.667s][info][gc,phases   ] GC(438)   Other: 0.1ms
[2025-07-30T16:37:56.842+0800][22.667s][info][gc,heap     ] GC(438) Eden regions: 1017->0(1019)
[2025-07-30T16:37:56.842+0800][22.667s][info][gc,heap     ] GC(438) Survivor regions: 146->145(146)
[2025-07-30T16:37:56.842+0800][22.667s][info][gc,heap     ] GC(438) Old regions: 561->561
[2025-07-30T16:37:56.842+0800][22.667s][info][gc,heap     ] GC(438) Humongous regions: 3->3
[2025-07-30T16:37:56.842+0800][22.667s][info][gc,metaspace] GC(438) Metaspace: 7123K(7424K)->7123K(7424K) NonClass: 6400K(6528K)->6400K(6528K) Class: 723K(896K)->723K(896K)
[2025-07-30T16:37:56.842+0800][22.667s][info][gc          ] GC(438) Pause Young (Normal) (G1 Evacuation Pause) 1726M->708M(2048M) 15.961ms
[2025-07-30T16:37:56.842+0800][22.667s][info][gc,cpu      ] GC(438) User=0.00s Sys=0.02s Real=0.02s
[2025-07-30T16:37:56.842+0800][22.667s][info][safepoint   ] Safepoint "G1CollectForAllocation", Time since last: 41735600 ns, Reaching safepoint: 3400 ns, Cleanup: 3800 ns, At safepoint: 16008400 ns, Total: 16015600 ns
[2025-07-30T16:37:56.880+0800][22.705s][info][gc,start    ] GC(439) Pause Young (Normal) (G1 Evacuation Pause)
[2025-07-30T16:37:56.880+0800][22.705s][info][gc,task     ] GC(439) Using 1 workers of 1 for evacuation
[2025-07-30T16:37:56.896+0800][22.722s][info][gc,phases   ] GC(439)   Pre Evacuate Collection Set: 0.4ms
[2025-07-30T16:37:56.896+0800][22.722s][info][gc,phases   ] GC(439)   Merge Heap Roots: 0.1ms
[2025-07-30T16:37:56.897+0800][22.722s][info][gc,phases   ] GC(439)   Evacuate Collection Set: 14.8ms
[2025-07-30T16:37:56.897+0800][22.722s][info][gc,phases   ] GC(439)   Post Evacuate Collection Set: 0.7ms
[2025-07-30T16:37:56.897+0800][22.722s][info][gc,phases   ] GC(439)   Other: 0.1ms
[2025-07-30T16:37:56.897+0800][22.722s][info][gc,heap     ] GC(439) Eden regions: 1019->0(1017)
[2025-07-30T16:37:56.897+0800][22.722s][info][gc,heap     ] GC(439) Survivor regions: 145->146(146)
[2025-07-30T16:37:56.897+0800][22.722s][info][gc,heap     ] GC(439) Old regions: 561->561
[2025-07-30T16:37:56.897+0800][22.722s][info][gc,heap     ] GC(439) Humongous regions: 3->3
[2025-07-30T16:37:56.897+0800][22.722s][info][gc,metaspace] GC(439) Metaspace: 7123K(7424K)->7123K(7424K) NonClass: 6400K(6528K)->6400K(6528K) Class: 723K(896K)->723K(896K)
[2025-07-30T16:37:56.897+0800][22.722s][info][gc          ] GC(439) Pause Young (Normal) (G1 Evacuation Pause) 1727M->709M(2048M) 16.209ms
[2025-07-30T16:37:56.897+0800][22.722s][info][gc,cpu      ] GC(439) User=0.02s Sys=0.00s Real=0.02s
[2025-07-30T16:37:56.897+0800][22.722s][info][safepoint   ] Safepoint "G1CollectForAllocation", Time since last: 38125000 ns, Reaching safepoint: 3000 ns, Cleanup: 3800 ns, At safepoint: 16249000 ns, Total: 16255800 ns
[2025-07-30T16:37:56.933+0800][22.759s][info][gc,start    ] GC(440) Pause Young (Normal) (G1 Evacuation Pause)
[2025-07-30T16:37:56.933+0800][22.759s][info][gc,task     ] GC(440) Using 1 workers of 1 for evacuation
[2025-07-30T16:37:56.954+0800][22.780s][info][gc,phases   ] GC(440)   Pre Evacuate Collection Set: 0.5ms
[2025-07-30T16:37:56.954+0800][22.780s][info][gc,phases   ] GC(440)   Merge Heap Roots: 0.1ms
[2025-07-30T16:37:56.954+0800][22.780s][info][gc,phases   ] GC(440)   Evacuate Collection Set: 19.3ms
[2025-07-30T16:37:56.954+0800][22.780s][info][gc,phases   ] GC(440)   Post Evacuate Collection Set: 0.7ms
[2025-07-30T16:37:56.954+0800][22.780s][info][gc,phases   ] GC(440)   Other: 0.1ms
[2025-07-30T16:37:56.954+0800][22.780s][info][gc,heap     ] GC(440) Eden regions: 1017->0(1017)
[2025-07-30T16:37:56.954+0800][22.780s][info][gc,heap     ] GC(440) Survivor regions: 146->146(146)
[2025-07-30T16:37:56.954+0800][22.780s][info][gc,heap     ] GC(440) Old regions: 561->561
[2025-07-30T16:37:56.954+0800][22.780s][info][gc,heap     ] GC(440) Humongous regions: 3->3
[2025-07-30T16:37:56.954+0800][22.780s][info][gc,metaspace] GC(440) Metaspace: 7123K(7424K)->7123K(7424K) NonClass: 6400K(6528K)->6400K(6528K) Class: 723K(896K)->723K(896K)
[2025-07-30T16:37:56.954+0800][22.780s][info][gc          ] GC(440) Pause Young (Normal) (G1 Evacuation Pause) 1726M->708M(2048M) 20.878ms
[2025-07-30T16:37:56.954+0800][22.780s][info][gc,cpu      ] GC(440) User=0.03s Sys=0.00s Real=0.02s
[2025-07-30T16:37:56.954+0800][22.780s][info][safepoint   ] Safepoint "G1CollectForAllocation", Time since last: 37175100 ns, Reaching safepoint: 4400 ns, Cleanup: 5100 ns, At safepoint: 20920000 ns, Total: 20929500 ns
[2025-07-30T16:37:56.992+0800][22.818s][info][gc,start    ] GC(441) Pause Young (Normal) (G1 Evacuation Pause)
[2025-07-30T16:37:56.993+0800][22.818s][info][gc,task     ] GC(441) Using 1 workers of 1 for evacuation
[2025-07-30T16:37:57.008+0800][22.833s][info][gc,phases   ] GC(441)   Pre Evacuate Collection Set: 0.4ms
[2025-07-30T16:37:57.008+0800][22.833s][info][gc,phases   ] GC(441)   Merge Heap Roots: 0.1ms
[2025-07-30T16:37:57.008+0800][22.833s][info][gc,phases   ] GC(441)   Evacuate Collection Set: 14.5ms
[2025-07-30T16:37:57.008+0800][22.833s][info][gc,phases   ] GC(441)   Post Evacuate Collection Set: 0.7ms
[2025-07-30T16:37:57.008+0800][22.834s][info][gc,phases   ] GC(441)   Other: 0.1ms
[2025-07-30T16:37:57.008+0800][22.834s][info][gc,heap     ] GC(441) Eden regions: 1017->0(1019)
[2025-07-30T16:37:57.008+0800][22.834s][info][gc,heap     ] GC(441) Survivor regions: 146->145(146)
[2025-07-30T16:37:57.008+0800][22.834s][info][gc,heap     ] GC(441) Old regions: 561->561
[2025-07-30T16:37:57.008+0800][22.834s][info][gc,heap     ] GC(441) Humongous regions: 3->3
[2025-07-30T16:37:57.008+0800][22.834s][info][gc,metaspace] GC(441) Metaspace: 7123K(7424K)->7123K(7424K) NonClass: 6400K(6528K)->6400K(6528K) Class: 723K(896K)->723K(896K)
[2025-07-30T16:37:57.008+0800][22.834s][info][gc          ] GC(441) Pause Young (Normal) (G1 Evacuation Pause) 1725M->707M(2048M) 15.942ms
[2025-07-30T16:37:57.008+0800][22.834s][info][gc,cpu      ] GC(441) User=0.02s Sys=0.00s Real=0.02s
[2025-07-30T16:37:57.008+0800][22.834s][info][safepoint   ] Safepoint "G1CollectForAllocation", Time since last: 37836000 ns, Reaching safepoint: 3300 ns, Cleanup: 3500 ns, At safepoint: 15983000 ns, Total: 15989800 ns
[2025-07-30T16:37:57.046+0800][22.871s][info][gc,start    ] GC(442) Pause Young (Normal) (G1 Evacuation Pause)
[2025-07-30T16:37:57.046+0800][22.872s][info][gc,task     ] GC(442) Using 1 workers of 1 for evacuation
[2025-07-30T16:37:57.063+0800][22.888s][info][gc,phases   ] GC(442)   Pre Evacuate Collection Set: 0.4ms
[2025-07-30T16:37:57.063+0800][22.888s][info][gc,phases   ] GC(442)   Merge Heap Roots: 0.1ms
[2025-07-30T16:37:57.063+0800][22.888s][info][gc,phases   ] GC(442)   Evacuate Collection Set: 14.7ms
[2025-07-30T16:37:57.063+0800][22.888s][info][gc,phases   ] GC(442)   Post Evacuate Collection Set: 1.0ms
[2025-07-30T16:37:57.063+0800][22.888s][info][gc,phases   ] GC(442)   Other: 0.1ms
[2025-07-30T16:37:57.063+0800][22.888s][info][gc,heap     ] GC(442) Eden regions: 1019->0(1018)
[2025-07-30T16:37:57.063+0800][22.888s][info][gc,heap     ] GC(442) Survivor regions: 145->146(146)
[2025-07-30T16:37:57.063+0800][22.888s][info][gc,heap     ] GC(442) Old regions: 561->561
[2025-07-30T16:37:57.063+0800][22.888s][info][gc,heap     ] GC(442) Humongous regions: 3->3
[2025-07-30T16:37:57.063+0800][22.888s][info][gc,metaspace] GC(442) Metaspace: 7123K(7424K)->7123K(7424K) NonClass: 6400K(6528K)->6400K(6528K) Class: 723K(896K)->723K(896K)
[2025-07-30T16:37:57.063+0800][22.888s][info][gc          ] GC(442) Pause Young (Normal) (G1 Evacuation Pause) 1726M->708M(2048M) 16.479ms
[2025-07-30T16:37:57.063+0800][22.888s][info][gc,cpu      ] GC(442) User=0.02s Sys=0.00s Real=0.02s
[2025-07-30T16:37:57.063+0800][22.888s][info][safepoint   ] Safepoint "G1CollectForAllocation", Time since last: 37822600 ns, Reaching safepoint: 3300 ns, Cleanup: 4100 ns, At safepoint: 16519600 ns, Total: 16527000 ns
[2025-07-30T16:37:57.100+0800][22.926s][info][gc,start    ] GC(443) Pause Young (Normal) (G1 Evacuation Pause)
[2025-07-30T16:37:57.100+0800][22.926s][info][gc,task     ] GC(443) Using 1 workers of 1 for evacuation
[2025-07-30T16:37:57.117+0800][22.942s][info][gc,phases   ] GC(443)   Pre Evacuate Collection Set: 0.4ms
[2025-07-30T16:37:57.117+0800][22.942s][info][gc,phases   ] GC(443)   Merge Heap Roots: 0.1ms
[2025-07-30T16:37:57.117+0800][22.942s][info][gc,phases   ] GC(443)   Evacuate Collection Set: 14.6ms
[2025-07-30T16:37:57.117+0800][22.942s][info][gc,phases   ] GC(443)   Post Evacuate Collection Set: 0.7ms
[2025-07-30T16:37:57.117+0800][22.942s][info][gc,phases   ] GC(443)   Other: 0.1ms
[2025-07-30T16:37:57.117+0800][22.942s][info][gc,heap     ] GC(443) Eden regions: 1018->0(1018)
[2025-07-30T16:37:57.117+0800][22.942s][info][gc,heap     ] GC(443) Survivor regions: 146->146(146)
[2025-07-30T16:37:57.117+0800][22.942s][info][gc,heap     ] GC(443) Old regions: 561->561
[2025-07-30T16:37:57.117+0800][22.942s][info][gc,heap     ] GC(443) Humongous regions: 3->3
[2025-07-30T16:37:57.117+0800][22.942s][info][gc,metaspace] GC(443) Metaspace: 7123K(7424K)->7123K(7424K) NonClass: 6400K(6528K)->6400K(6528K) Class: 723K(896K)->723K(896K)
[2025-07-30T16:37:57.117+0800][22.942s][info][gc          ] GC(443) Pause Young (Normal) (G1 Evacuation Pause) 1726M->708M(2048M) 16.092ms
[2025-07-30T16:37:57.117+0800][22.942s][info][gc,cpu      ] GC(443) User=0.02s Sys=0.00s Real=0.02s
[2025-07-30T16:37:57.117+0800][22.942s][info][safepoint   ] Safepoint "G1CollectForAllocation", Time since last: 38015700 ns, Reaching safepoint: 3100 ns, Cleanup: 3900 ns, At safepoint: 16132300 ns, Total: 16139300 ns
[2025-07-30T16:37:57.155+0800][22.980s][info][gc,start    ] GC(444) Pause Young (Normal) (G1 Evacuation Pause)
[2025-07-30T16:37:57.155+0800][22.980s][info][gc,task     ] GC(444) Using 1 workers of 1 for evacuation
[2025-07-30T16:37:57.170+0800][22.996s][info][gc,phases   ] GC(444)   Pre Evacuate Collection Set: 0.5ms
[2025-07-30T16:37:57.170+0800][22.996s][info][gc,phases   ] GC(444)   Merge Heap Roots: 0.1ms
[2025-07-30T16:37:57.170+0800][22.996s][info][gc,phases   ] GC(444)   Evacuate Collection Set: 14.6ms
[2025-07-30T16:37:57.170+0800][22.996s][info][gc,phases   ] GC(444)   Post Evacuate Collection Set: 0.7ms
[2025-07-30T16:37:57.170+0800][22.996s][info][gc,phases   ] GC(444)   Other: 0.1ms
[2025-07-30T16:37:57.170+0800][22.996s][info][gc,heap     ] GC(444) Eden regions: 1018->0(1018)
[2025-07-30T16:37:57.170+0800][22.996s][info][gc,heap     ] GC(444) Survivor regions: 146->146(146)
[2025-07-30T16:37:57.170+0800][22.996s][info][gc,heap     ] GC(444) Old regions: 561->561
[2025-07-30T16:37:57.170+0800][22.996s][info][gc,heap     ] GC(444) Humongous regions: 3->3
[2025-07-30T16:37:57.170+0800][22.996s][info][gc,metaspace] GC(444) Metaspace: 7123K(7424K)->7123K(7424K) NonClass: 6400K(6528K)->6400K(6528K) Class: 723K(896K)->723K(896K)
[2025-07-30T16:37:57.170+0800][22.996s][info][gc          ] GC(444) Pause Young (Normal) (G1 Evacuation Pause) 1726M->708M(2048M) 16.268ms
[2025-07-30T16:37:57.170+0800][22.996s][info][gc,cpu      ] GC(444) User=0.02s Sys=0.00s Real=0.02s
[2025-07-30T16:37:57.170+0800][22.996s][info][safepoint   ] Safepoint "G1CollectForAllocation", Time since last: 37700300 ns, Reaching safepoint: 5300 ns, Cleanup: 6800 ns, At safepoint: 16315200 ns, Total: 16327300 ns
[2025-07-30T16:37:57.208+0800][23.034s][info][gc,start    ] GC(445) Pause Young (Normal) (G1 Evacuation Pause)
[2025-07-30T16:37:57.208+0800][23.034s][info][gc,task     ] GC(445) Using 1 workers of 1 for evacuation
[2025-07-30T16:37:57.225+0800][23.050s][info][gc,phases   ] GC(445)   Pre Evacuate Collection Set: 0.5ms
[2025-07-30T16:37:57.225+0800][23.050s][info][gc,phases   ] GC(445)   Merge Heap Roots: 0.1ms
[2025-07-30T16:37:57.225+0800][23.050s][info][gc,phases   ] GC(445)   Evacuate Collection Set: 14.7ms
[2025-07-30T16:37:57.225+0800][23.050s][info][gc,phases   ] GC(445)   Post Evacuate Collection Set: 0.7ms
[2025-07-30T16:37:57.225+0800][23.050s][info][gc,phases   ] GC(445)   Other: 0.1ms
[2025-07-30T16:37:57.225+0800][23.050s][info][gc,heap     ] GC(445) Eden regions: 1018->0(1017)
[2025-07-30T16:37:57.225+0800][23.050s][info][gc,heap     ] GC(445) Survivor regions: 146->146(146)
[2025-07-30T16:37:57.225+0800][23.050s][info][gc,heap     ] GC(445) Old regions: 561->561
[2025-07-30T16:37:57.225+0800][23.050s][info][gc,heap     ] GC(445) Humongous regions: 3->3
[2025-07-30T16:37:57.225+0800][23.050s][info][gc,metaspace] GC(445) Metaspace: 7123K(7424K)->7123K(7424K) NonClass: 6400K(6528K)->6400K(6528K) Class: 723K(896K)->723K(896K)
[2025-07-30T16:37:57.225+0800][23.050s][info][gc          ] GC(445) Pause Young (Normal) (G1 Evacuation Pause) 1726M->709M(2048M) 16.354ms
[2025-07-30T16:37:57.225+0800][23.050s][info][gc,cpu      ] GC(445) User=0.02s Sys=0.00s Real=0.02s
[2025-07-30T16:37:57.225+0800][23.050s][info][safepoint   ] Safepoint "G1CollectForAllocation", Time since last: 37837700 ns, Reaching safepoint: 4500 ns, Cleanup: 5400 ns, At safepoint: 16401400 ns, Total: 16411300 ns
[2025-07-30T16:37:57.262+0800][23.088s][info][gc,start    ] GC(446) Pause Young (Normal) (G1 Evacuation Pause)
[2025-07-30T16:37:57.263+0800][23.088s][info][gc,task     ] GC(446) Using 1 workers of 1 for evacuation
[2025-07-30T16:37:57.278+0800][23.104s][info][gc,phases   ] GC(446)   Pre Evacuate Collection Set: 0.4ms
[2025-07-30T16:37:57.278+0800][23.104s][info][gc,phases   ] GC(446)   Merge Heap Roots: 0.1ms
[2025-07-30T16:37:57.278+0800][23.104s][info][gc,phases   ] GC(446)   Evacuate Collection Set: 14.0ms
[2025-07-30T16:37:57.278+0800][23.104s][info][gc,phases   ] GC(446)   Post Evacuate Collection Set: 0.7ms
[2025-07-30T16:37:57.278+0800][23.104s][info][gc,phases   ] GC(446)   Other: 0.1ms
[2025-07-30T16:37:57.278+0800][23.104s][info][gc,heap     ] GC(446) Eden regions: 1017->0(1019)
[2025-07-30T16:37:57.278+0800][23.104s][info][gc,heap     ] GC(446) Survivor regions: 146->145(146)
[2025-07-30T16:37:57.278+0800][23.104s][info][gc,heap     ] GC(446) Old regions: 561->561
[2025-07-30T16:37:57.278+0800][23.104s][info][gc,heap     ] GC(446) Humongous regions: 3->3
[2025-07-30T16:37:57.278+0800][23.104s][info][gc,metaspace] GC(446) Metaspace: 7123K(7424K)->7123K(7424K) NonClass: 6400K(6528K)->6400K(6528K) Class: 723K(896K)->723K(896K)
[2025-07-30T16:37:57.278+0800][23.104s][info][gc          ] GC(446) Pause Young (Normal) (G1 Evacuation Pause) 1726M->708M(2048M) 15.382ms
[2025-07-30T16:37:57.278+0800][23.104s][info][gc,cpu      ] GC(446) User=0.02s Sys=0.00s Real=0.02s
[2025-07-30T16:37:57.278+0800][23.104s][info][safepoint   ] Safepoint "G1CollectForAllocation", Time since last: 37960600 ns, Reaching safepoint: 2700 ns, Cleanup: 3400 ns, At safepoint: 15421200 ns, Total: 15427300 ns
[2025-07-30T16:37:57.316+0800][23.141s][info][gc,start    ] GC(447) Pause Young (Normal) (G1 Evacuation Pause)
[2025-07-30T16:37:57.316+0800][23.141s][info][gc,task     ] GC(447) Using 1 workers of 1 for evacuation
[2025-07-30T16:37:57.331+0800][23.156s][info][gc,phases   ] GC(447)   Pre Evacuate Collection Set: 0.4ms
[2025-07-30T16:37:57.331+0800][23.156s][info][gc,phases   ] GC(447)   Merge Heap Roots: 0.1ms
[2025-07-30T16:37:57.331+0800][23.156s][info][gc,phases   ] GC(447)   Evacuate Collection Set: 14.2ms
[2025-07-30T16:37:57.331+0800][23.156s][info][gc,phases   ] GC(447)   Post Evacuate Collection Set: 0.6ms
[2025-07-30T16:37:57.331+0800][23.156s][info][gc,phases   ] GC(447)   Other: 0.1ms
[2025-07-30T16:37:57.331+0800][23.156s][info][gc,heap     ] GC(447) Eden regions: 1019->0(1017)
[2025-07-30T16:37:57.331+0800][23.156s][info][gc,heap     ] GC(447) Survivor regions: 145->146(146)
[2025-07-30T16:37:57.331+0800][23.156s][info][gc,heap     ] GC(447) Old regions: 561->561
[2025-07-30T16:37:57.331+0800][23.156s][info][gc,heap     ] GC(447) Humongous regions: 3->3
[2025-07-30T16:37:57.331+0800][23.156s][info][gc,metaspace] GC(447) Metaspace: 7123K(7424K)->7123K(7424K) NonClass: 6400K(6528K)->6400K(6528K) Class: 723K(896K)->723K(896K)
[2025-07-30T16:37:57.331+0800][23.156s][info][gc          ] GC(447) Pause Young (Normal) (G1 Evacuation Pause) 1727M->709M(2048M) 15.504ms
[2025-07-30T16:37:57.331+0800][23.156s][info][gc,cpu      ] GC(447) User=0.02s Sys=0.00s Real=0.02s
[2025-07-30T16:37:57.331+0800][23.156s][info][safepoint   ] Safepoint "G1CollectForAllocation", Time since last: 37041100 ns, Reaching safepoint: 2600 ns, Cleanup: 3000 ns, At safepoint: 15542600 ns, Total: 15548200 ns
[2025-07-30T16:37:57.367+0800][23.193s][info][gc,start    ] GC(448) Pause Young (Normal) (G1 Evacuation Pause)
[2025-07-30T16:37:57.367+0800][23.193s][info][gc,task     ] GC(448) Using 1 workers of 1 for evacuation
[2025-07-30T16:37:57.383+0800][23.209s][info][gc,phases   ] GC(448)   Pre Evacuate Collection Set: 0.4ms
[2025-07-30T16:37:57.383+0800][23.209s][info][gc,phases   ] GC(448)   Merge Heap Roots: 0.1ms
[2025-07-30T16:37:57.383+0800][23.209s][info][gc,phases   ] GC(448)   Evacuate Collection Set: 14.5ms
[2025-07-30T16:37:57.383+0800][23.209s][info][gc,phases   ] GC(448)   Post Evacuate Collection Set: 0.7ms
[2025-07-30T16:37:57.383+0800][23.209s][info][gc,phases   ] GC(448)   Other: 0.1ms
[2025-07-30T16:37:57.383+0800][23.209s][info][gc,heap     ] GC(448) Eden regions: 1017->0(1019)
[2025-07-30T16:37:57.383+0800][23.209s][info][gc,heap     ] GC(448) Survivor regions: 146->145(146)
[2025-07-30T16:37:57.383+0800][23.209s][info][gc,heap     ] GC(448) Old regions: 561->561
[2025-07-30T16:37:57.383+0800][23.209s][info][gc,heap     ] GC(448) Humongous regions: 3->3
[2025-07-30T16:37:57.383+0800][23.209s][info][gc,metaspace] GC(448) Metaspace: 7123K(7424K)->7123K(7424K) NonClass: 6400K(6528K)->6400K(6528K) Class: 723K(896K)->723K(896K)
[2025-07-30T16:37:57.383+0800][23.209s][info][gc          ] GC(448) Pause Young (Normal) (G1 Evacuation Pause) 1726M->708M(2048M) 15.990ms
[2025-07-30T16:37:57.383+0800][23.209s][info][gc,cpu      ] GC(448) User=0.02s Sys=0.00s Real=0.02s
[2025-07-30T16:37:57.383+0800][23.209s][info][safepoint   ] Safepoint "G1CollectForAllocation", Time since last: 36415000 ns, Reaching safepoint: 3900 ns, Cleanup: 4800 ns, At safepoint: 16035600 ns, Total: 16044300 ns
[2025-07-30T16:37:57.420+0800][23.245s][info][gc,start    ] GC(449) Pause Young (Normal) (G1 Evacuation Pause)
[2025-07-30T16:37:57.420+0800][23.245s][info][gc,task     ] GC(449) Using 1 workers of 1 for evacuation
[2025-07-30T16:37:57.435+0800][23.260s][info][gc,phases   ] GC(449)   Pre Evacuate Collection Set: 0.3ms
[2025-07-30T16:37:57.435+0800][23.260s][info][gc,phases   ] GC(449)   Merge Heap Roots: 0.0ms
[2025-07-30T16:37:57.435+0800][23.260s][info][gc,phases   ] GC(449)   Evacuate Collection Set: 14.0ms
[2025-07-30T16:37:57.435+0800][23.260s][info][gc,phases   ] GC(449)   Post Evacuate Collection Set: 0.5ms
[2025-07-30T16:37:57.435+0800][23.260s][info][gc,phases   ] GC(449)   Other: 0.1ms
[2025-07-30T16:37:57.435+0800][23.260s][info][gc,heap     ] GC(449) Eden regions: 1019->0(1017)
[2025-07-30T16:37:57.435+0800][23.260s][info][gc,heap     ] GC(449) Survivor regions: 145->146(146)
[2025-07-30T16:37:57.435+0800][23.260s][info][gc,heap     ] GC(449) Old regions: 561->561
[2025-07-30T16:37:57.435+0800][23.260s][info][gc,heap     ] GC(449) Humongous regions: 3->3
[2025-07-30T16:37:57.435+0800][23.260s][info][gc,metaspace] GC(449) Metaspace: 7123K(7424K)->7123K(7424K) NonClass: 6400K(6528K)->6400K(6528K) Class: 723K(896K)->723K(896K)
[2025-07-30T16:37:57.435+0800][23.260s][info][gc          ] GC(449) Pause Young (Normal) (G1 Evacuation Pause) 1727M->709M(2048M) 15.132ms
[2025-07-30T16:37:57.435+0800][23.260s][info][gc,cpu      ] GC(449) User=0.02s Sys=0.00s Real=0.01s
[2025-07-30T16:37:57.435+0800][23.260s][info][safepoint   ] Safepoint "G1CollectForAllocation", Time since last: 36318800 ns, Reaching safepoint: 2600 ns, Cleanup: 3200 ns, At safepoint: 15168900 ns, Total: 15174700 ns
[2025-07-30T16:37:57.472+0800][23.297s][info][gc,start    ] GC(450) Pause Young (Normal) (G1 Evacuation Pause)
[2025-07-30T16:37:57.472+0800][23.297s][info][gc,task     ] GC(450) Using 1 workers of 1 for evacuation
[2025-07-30T16:37:57.487+0800][23.312s][info][gc,phases   ] GC(450)   Pre Evacuate Collection Set: 0.3ms
[2025-07-30T16:37:57.487+0800][23.312s][info][gc,phases   ] GC(450)   Merge Heap Roots: 0.0ms
[2025-07-30T16:37:57.487+0800][23.312s][info][gc,phases   ] GC(450)   Evacuate Collection Set: 14.1ms
[2025-07-30T16:37:57.487+0800][23.312s][info][gc,phases   ] GC(450)   Post Evacuate Collection Set: 0.6ms
[2025-07-30T16:37:57.487+0800][23.312s][info][gc,phases   ] GC(450)   Other: 0.1ms
[2025-07-30T16:37:57.487+0800][23.312s][info][gc,heap     ] GC(450) Eden regions: 1017->0(1017)
[2025-07-30T16:37:57.487+0800][23.312s][info][gc,heap     ] GC(450) Survivor regions: 146->146(146)
[2025-07-30T16:37:57.487+0800][23.312s][info][gc,heap     ] GC(450) Old regions: 561->561
[2025-07-30T16:37:57.487+0800][23.312s][info][gc,heap     ] GC(450) Humongous regions: 3->3
[2025-07-30T16:37:57.487+0800][23.312s][info][gc,metaspace] GC(450) Metaspace: 7123K(7424K)->7123K(7424K) NonClass: 6400K(6528K)->6400K(6528K) Class: 723K(896K)->723K(896K)
[2025-07-30T16:37:57.487+0800][23.312s][info][gc          ] GC(450) Pause Young (Normal) (G1 Evacuation Pause) 1726M->708M(2048M) 15.303ms
[2025-07-30T16:37:57.487+0800][23.312s][info][gc,cpu      ] GC(450) User=0.02s Sys=0.00s Real=0.02s
[2025-07-30T16:37:57.487+0800][23.312s][info][safepoint   ] Safepoint "G1CollectForAllocation", Time since last: 36813800 ns, Reaching safepoint: 2100 ns, Cleanup: 3100 ns, At safepoint: 15340800 ns, Total: 15346000 ns
[2025-07-30T16:37:57.523+0800][23.349s][info][gc,start    ] GC(451) Pause Young (Normal) (G1 Evacuation Pause)
[2025-07-30T16:37:57.523+0800][23.349s][info][gc,task     ] GC(451) Using 1 workers of 1 for evacuation
[2025-07-30T16:37:57.538+0800][23.363s][info][gc,phases   ] GC(451)   Pre Evacuate Collection Set: 0.3ms
[2025-07-30T16:37:57.538+0800][23.363s][info][gc,phases   ] GC(451)   Merge Heap Roots: 0.1ms
[2025-07-30T16:37:57.538+0800][23.363s][info][gc,phases   ] GC(451)   Evacuate Collection Set: 13.6ms
[2025-07-30T16:37:57.538+0800][23.363s][info][gc,phases   ] GC(451)   Post Evacuate Collection Set: 0.5ms
[2025-07-30T16:37:57.538+0800][23.363s][info][gc,phases   ] GC(451)   Other: 0.1ms
[2025-07-30T16:37:57.538+0800][23.363s][info][gc,heap     ] GC(451) Eden regions: 1017->0(1019)
[2025-07-30T16:37:57.538+0800][23.363s][info][gc,heap     ] GC(451) Survivor regions: 146->145(146)
[2025-07-30T16:37:57.538+0800][23.363s][info][gc,heap     ] GC(451) Old regions: 561->561
[2025-07-30T16:37:57.538+0800][23.363s][info][gc,heap     ] GC(451) Humongous regions: 3->3
[2025-07-30T16:37:57.538+0800][23.363s][info][gc,metaspace] GC(451) Metaspace: 7123K(7424K)->7123K(7424K) NonClass: 6400K(6528K)->6400K(6528K) Class: 723K(896K)->723K(896K)
[2025-07-30T16:37:57.538+0800][23.363s][info][gc          ] GC(451) Pause Young (Normal) (G1 Evacuation Pause) 1725M->707M(2048M) 14.820ms
[2025-07-30T16:37:57.538+0800][23.363s][info][gc,cpu      ] GC(451) User=0.02s Sys=0.00s Real=0.02s
[2025-07-30T16:37:57.538+0800][23.363s][info][safepoint   ] Safepoint "G1CollectForAllocation", Time since last: 36104100 ns, Reaching safepoint: 2300 ns, Cleanup: 2800 ns, At safepoint: 14856800 ns, Total: 14861900 ns
[2025-07-30T16:37:57.575+0800][23.401s][info][gc,start    ] GC(452) Pause Young (Normal) (G1 Evacuation Pause)
[2025-07-30T16:37:57.575+0800][23.401s][info][gc,task     ] GC(452) Using 1 workers of 1 for evacuation
[2025-07-30T16:37:57.591+0800][23.417s][info][gc,phases   ] GC(452)   Pre Evacuate Collection Set: 0.4ms
[2025-07-30T16:37:57.591+0800][23.417s][info][gc,phases   ] GC(452)   Merge Heap Roots: 0.1ms
[2025-07-30T16:37:57.591+0800][23.417s][info][gc,phases   ] GC(452)   Evacuate Collection Set: 14.4ms
[2025-07-30T16:37:57.591+0800][23.417s][info][gc,phases   ] GC(452)   Post Evacuate Collection Set: 0.9ms
[2025-07-30T16:37:57.591+0800][23.417s][info][gc,phases   ] GC(452)   Other: 0.1ms
[2025-07-30T16:37:57.591+0800][23.417s][info][gc,heap     ] GC(452) Eden regions: 1019->0(1018)
[2025-07-30T16:37:57.591+0800][23.417s][info][gc,heap     ] GC(452) Survivor regions: 145->146(146)
[2025-07-30T16:37:57.591+0800][23.417s][info][gc,heap     ] GC(452) Old regions: 561->561
[2025-07-30T16:37:57.591+0800][23.417s][info][gc,heap     ] GC(452) Humongous regions: 3->3
[2025-07-30T16:37:57.591+0800][23.417s][info][gc,metaspace] GC(452) Metaspace: 7124K(7424K)->7124K(7424K) NonClass: 6400K(6528K)->6400K(6528K) Class: 723K(896K)->723K(896K)
[2025-07-30T16:37:57.591+0800][23.417s][info][gc          ] GC(452) Pause Young (Normal) (G1 Evacuation Pause) 1726M->708M(2048M) 16.063ms
[2025-07-30T16:37:57.591+0800][23.417s][info][gc,cpu      ] GC(452) User=0.02s Sys=0.02s Real=0.02s
[2025-07-30T16:37:57.591+0800][23.417s][info][safepoint   ] Safepoint "G1CollectForAllocation", Time since last: 37800100 ns, Reaching safepoint: 2800 ns, Cleanup: 2700 ns, At safepoint: 16101400 ns, Total: 16106900 ns
[2025-07-30T16:37:57.629+0800][23.454s][info][gc,start    ] GC(453) Pause Young (Normal) (G1 Evacuation Pause)
[2025-07-30T16:37:57.629+0800][23.455s][info][gc,task     ] GC(453) Using 1 workers of 1 for evacuation
[2025-07-30T16:37:57.645+0800][23.471s][info][gc,phases   ] GC(453)   Pre Evacuate Collection Set: 0.5ms
[2025-07-30T16:37:57.645+0800][23.471s][info][gc,phases   ] GC(453)   Merge Heap Roots: 0.1ms
[2025-07-30T16:37:57.645+0800][23.471s][info][gc,phases   ] GC(453)   Evacuate Collection Set: 15.0ms
[2025-07-30T16:37:57.645+0800][23.471s][info][gc,phases   ] GC(453)   Post Evacuate Collection Set: 0.7ms
[2025-07-30T16:37:57.646+0800][23.471s][info][gc,phases   ] GC(453)   Other: 0.1ms
[2025-07-30T16:37:57.646+0800][23.471s][info][gc,heap     ] GC(453) Eden regions: 1018->0(1018)
[2025-07-30T16:37:57.646+0800][23.471s][info][gc,heap     ] GC(453) Survivor regions: 146->146(146)
[2025-07-30T16:37:57.646+0800][23.471s][info][gc,heap     ] GC(453) Old regions: 561->561
[2025-07-30T16:37:57.646+0800][23.471s][info][gc,heap     ] GC(453) Humongous regions: 3->3
[2025-07-30T16:37:57.646+0800][23.471s][info][gc,metaspace] GC(453) Metaspace: 7127K(7488K)->7127K(7488K) NonClass: 6403K(6592K)->6403K(6592K) Class: 724K(896K)->724K(896K)
[2025-07-30T16:37:57.646+0800][23.471s][info][gc          ] GC(453) Pause Young (Normal) (G1 Evacuation Pause) 1726M->708M(2048M) 16.506ms
[2025-07-30T16:37:57.646+0800][23.471s][info][gc,cpu      ] GC(453) User=0.02s Sys=0.00s Real=0.02s
[2025-07-30T16:37:57.646+0800][23.471s][info][safepoint   ] Safepoint "G1CollectForAllocation", Time since last: 37108800 ns, Reaching safepoint: 3900 ns, Cleanup: 4500 ns, At safepoint: 16550900 ns, Total: 16559300 ns
[2025-07-30T16:37:57.682+0800][23.507s][info][gc,start    ] GC(454) Pause Young (Normal) (G1 Evacuation Pause)
[2025-07-30T16:37:57.682+0800][23.508s][info][gc,task     ] GC(454) Using 1 workers of 1 for evacuation
[2025-07-30T16:37:57.697+0800][23.522s][info][gc,phases   ] GC(454)   Pre Evacuate Collection Set: 0.3ms
[2025-07-30T16:37:57.697+0800][23.522s][info][gc,phases   ] GC(454)   Merge Heap Roots: 0.1ms
[2025-07-30T16:37:57.697+0800][23.522s][info][gc,phases   ] GC(454)   Evacuate Collection Set: 13.8ms
[2025-07-30T16:37:57.697+0800][23.522s][info][gc,phases   ] GC(454)   Post Evacuate Collection Set: 0.6ms
[2025-07-30T16:37:57.697+0800][23.522s][info][gc,phases   ] GC(454)   Other: 0.1ms
[2025-07-30T16:37:57.697+0800][23.522s][info][gc,heap     ] GC(454) Eden regions: 1018->0(1017)
[2025-07-30T16:37:57.697+0800][23.522s][info][gc,heap     ] GC(454) Survivor regions: 146->146(146)
[2025-07-30T16:37:57.697+0800][23.522s][info][gc,heap     ] GC(454) Old regions: 561->561
[2025-07-30T16:37:57.697+0800][23.522s][info][gc,heap     ] GC(454) Humongous regions: 3->3
[2025-07-30T16:37:57.697+0800][23.522s][info][gc,metaspace] GC(454) Metaspace: 7127K(7488K)->7127K(7488K) NonClass: 6403K(6592K)->6403K(6592K) Class: 724K(896K)->724K(896K)
[2025-07-30T16:37:57.697+0800][23.523s][info][gc          ] GC(454) Pause Young (Normal) (G1 Evacuation Pause) 1726M->709M(2048M) 15.048ms
[2025-07-30T16:37:57.697+0800][23.523s][info][gc,cpu      ] GC(454) User=0.02s Sys=0.00s Real=0.02s
[2025-07-30T16:37:57.697+0800][23.523s][info][safepoint   ] Safepoint "G1CollectForAllocation", Time since last: 36430900 ns, Reaching safepoint: 2300 ns, Cleanup: 2800 ns, At safepoint: 15086500 ns, Total: 15091600 ns
[2025-07-30T16:37:57.734+0800][23.559s][info][gc,start    ] GC(455) Pause Young (Normal) (G1 Evacuation Pause)
[2025-07-30T16:37:57.734+0800][23.559s][info][gc,task     ] GC(455) Using 1 workers of 1 for evacuation
[2025-07-30T16:37:57.749+0800][23.574s][info][gc,phases   ] GC(455)   Pre Evacuate Collection Set: 0.3ms
[2025-07-30T16:37:57.749+0800][23.574s][info][gc,phases   ] GC(455)   Merge Heap Roots: 0.1ms
[2025-07-30T16:37:57.749+0800][23.574s][info][gc,phases   ] GC(455)   Evacuate Collection Set: 14.1ms
[2025-07-30T16:37:57.749+0800][23.574s][info][gc,phases   ] GC(455)   Post Evacuate Collection Set: 0.6ms
[2025-07-30T16:37:57.749+0800][23.574s][info][gc,phases   ] GC(455)   Other: 0.1ms
[2025-07-30T16:37:57.749+0800][23.574s][info][gc,heap     ] GC(455) Eden regions: 1017->0(1019)
[2025-07-30T16:37:57.749+0800][23.574s][info][gc,heap     ] GC(455) Survivor regions: 146->145(146)
[2025-07-30T16:37:57.749+0800][23.574s][info][gc,heap     ] GC(455) Old regions: 561->561
[2025-07-30T16:37:57.749+0800][23.574s][info][gc,heap     ] GC(455) Humongous regions: 3->3
[2025-07-30T16:37:57.749+0800][23.574s][info][gc,metaspace] GC(455) Metaspace: 7127K(7488K)->7127K(7488K) NonClass: 6403K(6592K)->6403K(6592K) Class: 724K(896K)->724K(896K)
[2025-07-30T16:37:57.749+0800][23.574s][info][gc          ] GC(455) Pause Young (Normal) (G1 Evacuation Pause) 1726M->708M(2048M) 15.402ms
[2025-07-30T16:37:57.749+0800][23.574s][info][gc,cpu      ] GC(455) User=0.02s Sys=0.00s Real=0.02s
[2025-07-30T16:37:57.749+0800][23.574s][info][safepoint   ] Safepoint "G1CollectForAllocation", Time since last: 36348100 ns, Reaching safepoint: 2800 ns, Cleanup: 3400 ns, At safepoint: 15443400 ns, Total: 15449600 ns
[2025-07-30T16:37:57.785+0800][23.611s][info][gc,start    ] GC(456) Pause Young (Normal) (G1 Evacuation Pause)
[2025-07-30T16:37:57.785+0800][23.611s][info][gc,task     ] GC(456) Using 1 workers of 1 for evacuation
[2025-07-30T16:37:57.801+0800][23.626s][info][gc,phases   ] GC(456)   Pre Evacuate Collection Set: 0.4ms
[2025-07-30T16:37:57.801+0800][23.626s][info][gc,phases   ] GC(456)   Merge Heap Roots: 0.0ms
[2025-07-30T16:37:57.801+0800][23.626s][info][gc,phases   ] GC(456)   Evacuate Collection Set: 14.1ms
[2025-07-30T16:37:57.801+0800][23.626s][info][gc,phases   ] GC(456)   Post Evacuate Collection Set: 0.7ms
[2025-07-30T16:37:57.801+0800][23.626s][info][gc,phases   ] GC(456)   Other: 0.1ms
[2025-07-30T16:37:57.801+0800][23.626s][info][gc,heap     ] GC(456) Eden regions: 1019->0(1017)
[2025-07-30T16:37:57.801+0800][23.626s][info][gc,heap     ] GC(456) Survivor regions: 145->146(146)
[2025-07-30T16:37:57.801+0800][23.626s][info][gc,heap     ] GC(456) Old regions: 561->561
[2025-07-30T16:37:57.801+0800][23.626s][info][gc,heap     ] GC(456) Humongous regions: 3->3
[2025-07-30T16:37:57.801+0800][23.626s][info][gc,metaspace] GC(456) Metaspace: 7127K(7488K)->7127K(7488K) NonClass: 6403K(6592K)->6403K(6592K) Class: 724K(896K)->724K(896K)
[2025-07-30T16:37:57.801+0800][23.626s][info][gc          ] GC(456) Pause Young (Normal) (G1 Evacuation Pause) 1727M->709M(2048M) 15.430ms
[2025-07-30T16:37:57.801+0800][23.626s][info][gc,cpu      ] GC(456) User=0.02s Sys=0.00s Real=0.02s
[2025-07-30T16:37:57.801+0800][23.626s][info][safepoint   ] Safepoint "G1CollectForAllocation", Time since last: 36460800 ns, Reaching safepoint: 2700 ns, Cleanup: 2500 ns, At safepoint: 15469000 ns, Total: 15474200 ns
[2025-07-30T16:37:57.838+0800][23.663s][info][gc,start    ] GC(457) Pause Young (Normal) (G1 Evacuation Pause)
[2025-07-30T16:37:57.838+0800][23.663s][info][gc,task     ] GC(457) Using 1 workers of 1 for evacuation
[2025-07-30T16:37:57.853+0800][23.678s][info][gc,phases   ] GC(457)   Pre Evacuate Collection Set: 0.4ms
[2025-07-30T16:37:57.853+0800][23.678s][info][gc,phases   ] GC(457)   Merge Heap Roots: 0.1ms
[2025-07-30T16:37:57.853+0800][23.678s][info][gc,phases   ] GC(457)   Evacuate Collection Set: 14.0ms
[2025-07-30T16:37:57.853+0800][23.678s][info][gc,phases   ] GC(457)   Post Evacuate Collection Set: 0.6ms
[2025-07-30T16:37:57.853+0800][23.678s][info][gc,phases   ] GC(457)   Other: 0.1ms
[2025-07-30T16:37:57.853+0800][23.678s][info][gc,heap     ] GC(457) Eden regions: 1017->0(1019)
[2025-07-30T16:37:57.853+0800][23.678s][info][gc,heap     ] GC(457) Survivor regions: 146->145(146)
[2025-07-30T16:37:57.853+0800][23.678s][info][gc,heap     ] GC(457) Old regions: 561->561
[2025-07-30T16:37:57.853+0800][23.678s][info][gc,heap     ] GC(457) Humongous regions: 3->3
[2025-07-30T16:37:57.853+0800][23.678s][info][gc,metaspace] GC(457) Metaspace: 7127K(7488K)->7127K(7488K) NonClass: 6403K(6592K)->6403K(6592K) Class: 724K(896K)->724K(896K)
[2025-07-30T16:37:57.853+0800][23.678s][info][gc          ] GC(457) Pause Young (Normal) (G1 Evacuation Pause) 1726M->708M(2048M) 15.260ms
[2025-07-30T16:37:57.853+0800][23.678s][info][gc,cpu      ] GC(457) User=0.02s Sys=0.00s Real=0.01s
[2025-07-30T16:37:57.853+0800][23.678s][info][safepoint   ] Safepoint "G1CollectForAllocation", Time since last: 36789500 ns, Reaching safepoint: 2900 ns, Cleanup: 3200 ns, At safepoint: 15300200 ns, Total: 15306300 ns
[2025-07-30T16:37:57.890+0800][23.715s][info][gc,start    ] GC(458) Pause Young (Normal) (G1 Evacuation Pause)
[2025-07-30T16:37:57.890+0800][23.715s][info][gc,task     ] GC(458) Using 1 workers of 1 for evacuation
[2025-07-30T16:37:57.905+0800][23.731s][info][gc,phases   ] GC(458)   Pre Evacuate Collection Set: 0.4ms
[2025-07-30T16:37:57.906+0800][23.731s][info][gc,phases   ] GC(458)   Merge Heap Roots: 0.1ms
[2025-07-30T16:37:57.906+0800][23.731s][info][gc,phases   ] GC(458)   Evacuate Collection Set: 14.3ms
[2025-07-30T16:37:57.906+0800][23.731s][info][gc,phases   ] GC(458)   Post Evacuate Collection Set: 0.7ms
[2025-07-30T16:37:57.906+0800][23.731s][info][gc,phases   ] GC(458)   Other: 0.1ms
[2025-07-30T16:37:57.906+0800][23.731s][info][gc,heap     ] GC(458) Eden regions: 1019->0(1017)
[2025-07-30T16:37:57.906+0800][23.731s][info][gc,heap     ] GC(458) Survivor regions: 145->146(146)
[2025-07-30T16:37:57.906+0800][23.731s][info][gc,heap     ] GC(458) Old regions: 561->561
[2025-07-30T16:37:57.906+0800][23.731s][info][gc,heap     ] GC(458) Humongous regions: 3->3
[2025-07-30T16:37:57.906+0800][23.731s][info][gc,metaspace] GC(458) Metaspace: 7127K(7488K)->7127K(7488K) NonClass: 6403K(6592K)->6403K(6592K) Class: 724K(896K)->724K(896K)
[2025-07-30T16:37:57.906+0800][23.731s][info][gc          ] GC(458) Pause Young (Normal) (G1 Evacuation Pause) 1727M->709M(2048M) 15.721ms
[2025-07-30T16:37:57.906+0800][23.731s][info][gc,cpu      ] GC(458) User=0.02s Sys=0.00s Real=0.02s
[2025-07-30T16:37:57.906+0800][23.731s][info][safepoint   ] Safepoint "G1CollectForAllocation", Time since last: 36825000 ns, Reaching safepoint: 3600 ns, Cleanup: 4200 ns, At safepoint: 15763400 ns, Total: 15771200 ns
[2025-07-30T16:37:57.942+0800][23.767s][info][gc,start    ] GC(459) Pause Young (Normal) (G1 Evacuation Pause)
[2025-07-30T16:37:57.942+0800][23.767s][info][gc,task     ] GC(459) Using 1 workers of 1 for evacuation
[2025-07-30T16:37:57.956+0800][23.782s][info][gc,phases   ] GC(459)   Pre Evacuate Collection Set: 0.3ms
[2025-07-30T16:37:57.956+0800][23.782s][info][gc,phases   ] GC(459)   Merge Heap Roots: 0.0ms
[2025-07-30T16:37:57.956+0800][23.782s][info][gc,phases   ] GC(459)   Evacuate Collection Set: 13.8ms
[2025-07-30T16:37:57.956+0800][23.782s][info][gc,phases   ] GC(459)   Post Evacuate Collection Set: 0.6ms
[2025-07-30T16:37:57.956+0800][23.782s][info][gc,phases   ] GC(459)   Other: 0.1ms
[2025-07-30T16:37:57.956+0800][23.782s][info][gc,heap     ] GC(459) Eden regions: 1017->0(1017)
[2025-07-30T16:37:57.956+0800][23.782s][info][gc,heap     ] GC(459) Survivor regions: 146->146(146)
[2025-07-30T16:37:57.956+0800][23.782s][info][gc,heap     ] GC(459) Old regions: 561->561
[2025-07-30T16:37:57.956+0800][23.782s][info][gc,heap     ] GC(459) Humongous regions: 3->3
[2025-07-30T16:37:57.956+0800][23.782s][info][gc,metaspace] GC(459) Metaspace: 7127K(7488K)->7127K(7488K) NonClass: 6403K(6592K)->6403K(6592K) Class: 724K(896K)->724K(896K)
[2025-07-30T16:37:57.956+0800][23.782s][info][gc          ] GC(459) Pause Young (Normal) (G1 Evacuation Pause) 1726M->708M(2048M) 14.959ms
[2025-07-30T16:37:57.956+0800][23.782s][info][gc,cpu      ] GC(459) User=0.02s Sys=0.00s Real=0.01s
[2025-07-30T16:37:57.956+0800][23.782s][info][safepoint   ] Safepoint "G1CollectForAllocation", Time since last: 36130500 ns, Reaching safepoint: 2200 ns, Cleanup: 2500 ns, At safepoint: 14996600 ns, Total: 15001300 ns
[2025-07-30T16:37:57.994+0800][23.820s][info][gc,start    ] GC(460) Pause Young (Normal) (G1 Evacuation Pause)
[2025-07-30T16:37:57.995+0800][23.820s][info][gc,task     ] GC(460) Using 1 workers of 1 for evacuation
[2025-07-30T16:37:58.009+0800][23.835s][info][gc,phases   ] GC(460)   Pre Evacuate Collection Set: 0.3ms
[2025-07-30T16:37:58.009+0800][23.835s][info][gc,phases   ] GC(460)   Merge Heap Roots: 0.1ms
[2025-07-30T16:37:58.009+0800][23.835s][info][gc,phases   ] GC(460)   Evacuate Collection Set: 13.9ms
[2025-07-30T16:37:58.009+0800][23.835s][info][gc,phases   ] GC(460)   Post Evacuate Collection Set: 0.6ms
[2025-07-30T16:37:58.009+0800][23.835s][info][gc,phases   ] GC(460)   Other: 0.1ms
[2025-07-30T16:37:58.009+0800][23.835s][info][gc,heap     ] GC(460) Eden regions: 1017->0(1019)
[2025-07-30T16:37:58.009+0800][23.835s][info][gc,heap     ] GC(460) Survivor regions: 146->145(146)
[2025-07-30T16:37:58.009+0800][23.835s][info][gc,heap     ] GC(460) Old regions: 561->561
[2025-07-30T16:37:58.009+0800][23.835s][info][gc,heap     ] GC(460) Humongous regions: 3->3
[2025-07-30T16:37:58.009+0800][23.835s][info][gc,metaspace] GC(460) Metaspace: 7127K(7488K)->7127K(7488K) NonClass: 6403K(6592K)->6403K(6592K) Class: 724K(896K)->724K(896K)
[2025-07-30T16:37:58.009+0800][23.835s][info][gc          ] GC(460) Pause Young (Normal) (G1 Evacuation Pause) 1725M->707M(2048M) 15.163ms
[2025-07-30T16:37:58.009+0800][23.835s][info][gc,cpu      ] GC(460) User=0.02s Sys=0.00s Real=0.02s
[2025-07-30T16:37:58.009+0800][23.835s][info][safepoint   ] Safepoint "G1CollectForAllocation", Time since last: 37519200 ns, Reaching safepoint: 2400 ns, Cleanup: 2700 ns, At safepoint: 15201900 ns, Total: 15207000 ns
[2025-07-30T16:37:58.046+0800][23.872s][info][gc,start    ] GC(461) Pause Young (Normal) (G1 Evacuation Pause)
[2025-07-30T16:37:58.046+0800][23.872s][info][gc,task     ] GC(461) Using 1 workers of 1 for evacuation
[2025-07-30T16:37:58.062+0800][23.887s][info][gc,phases   ] GC(461)   Pre Evacuate Collection Set: 0.3ms
[2025-07-30T16:37:58.062+0800][23.887s][info][gc,phases   ] GC(461)   Merge Heap Roots: 0.0ms
[2025-07-30T16:37:58.062+0800][23.887s][info][gc,phases   ] GC(461)   Evacuate Collection Set: 14.0ms
[2025-07-30T16:37:58.062+0800][23.887s][info][gc,phases   ] GC(461)   Post Evacuate Collection Set: 0.6ms
[2025-07-30T16:37:58.062+0800][23.887s][info][gc,phases   ] GC(461)   Other: 0.1ms
[2025-07-30T16:37:58.062+0800][23.887s][info][gc,heap     ] GC(461) Eden regions: 1019->0(1018)
[2025-07-30T16:37:58.062+0800][23.887s][info][gc,heap     ] GC(461) Survivor regions: 145->146(146)
[2025-07-30T16:37:58.062+0800][23.887s][info][gc,heap     ] GC(461) Old regions: 561->561
[2025-07-30T16:37:58.062+0800][23.887s][info][gc,heap     ] GC(461) Humongous regions: 3->3
[2025-07-30T16:37:58.062+0800][23.887s][info][gc,metaspace] GC(461) Metaspace: 7127K(7488K)->7127K(7488K) NonClass: 6403K(6592K)->6403K(6592K) Class: 724K(896K)->724K(896K)
[2025-07-30T16:37:58.062+0800][23.887s][info][gc          ] GC(461) Pause Young (Normal) (G1 Evacuation Pause) 1726M->708M(2048M) 15.256ms
[2025-07-30T16:37:58.062+0800][23.887s][info][gc,cpu      ] GC(461) User=0.02s Sys=0.00s Real=0.02s
[2025-07-30T16:37:58.062+0800][23.887s][info][safepoint   ] Safepoint "G1CollectForAllocation", Time since last: 37328400 ns, Reaching safepoint: 2200 ns, Cleanup: 2400 ns, At safepoint: 15294900 ns, Total: 15299500 ns
[2025-07-30T16:37:58.099+0800][23.924s][info][gc,start    ] GC(462) Pause Young (Normal) (G1 Evacuation Pause)
[2025-07-30T16:37:58.099+0800][23.924s][info][gc,task     ] GC(462) Using 1 workers of 1 for evacuation
[2025-07-30T16:37:58.114+0800][23.939s][info][gc,phases   ] GC(462)   Pre Evacuate Collection Set: 0.3ms
[2025-07-30T16:37:58.114+0800][23.939s][info][gc,phases   ] GC(462)   Merge Heap Roots: 0.1ms
[2025-07-30T16:37:58.114+0800][23.939s][info][gc,phases   ] GC(462)   Evacuate Collection Set: 13.8ms
[2025-07-30T16:37:58.114+0800][23.939s][info][gc,phases   ] GC(462)   Post Evacuate Collection Set: 0.6ms
[2025-07-30T16:37:58.114+0800][23.939s][info][gc,phases   ] GC(462)   Other: 0.1ms
[2025-07-30T16:37:58.114+0800][23.939s][info][gc,heap     ] GC(462) Eden regions: 1018->0(1018)
[2025-07-30T16:37:58.114+0800][23.939s][info][gc,heap     ] GC(462) Survivor regions: 146->146(146)
[2025-07-30T16:37:58.114+0800][23.939s][info][gc,heap     ] GC(462) Old regions: 561->561
[2025-07-30T16:37:58.114+0800][23.939s][info][gc,heap     ] GC(462) Humongous regions: 3->3
[2025-07-30T16:37:58.114+0800][23.939s][info][gc,metaspace] GC(462) Metaspace: 7127K(7488K)->7127K(7488K) NonClass: 6403K(6592K)->6403K(6592K) Class: 724K(896K)->724K(896K)
[2025-07-30T16:37:58.114+0800][23.939s][info][gc          ] GC(462) Pause Young (Normal) (G1 Evacuation Pause) 1726M->708M(2048M) 15.019ms
[2025-07-30T16:37:58.114+0800][23.939s][info][gc,cpu      ] GC(462) User=0.02s Sys=0.00s Real=0.02s
[2025-07-30T16:37:58.114+0800][23.939s][info][safepoint   ] Safepoint "G1CollectForAllocation", Time since last: 36943000 ns, Reaching safepoint: 2100 ns, Cleanup: 2500 ns, At safepoint: 15060900 ns, Total: 15065500 ns
[2025-07-30T16:37:58.150+0800][23.976s][info][gc,start    ] GC(463) Pause Young (Normal) (G1 Evacuation Pause)
[2025-07-30T16:37:58.150+0800][23.976s][info][gc,task     ] GC(463) Using 1 workers of 1 for evacuation
[2025-07-30T16:37:58.166+0800][23.991s][info][gc,phases   ] GC(463)   Pre Evacuate Collection Set: 0.3ms
[2025-07-30T16:37:58.166+0800][23.991s][info][gc,phases   ] GC(463)   Merge Heap Roots: 0.1ms
[2025-07-30T16:37:58.166+0800][23.991s][info][gc,phases   ] GC(463)   Evacuate Collection Set: 14.0ms
[2025-07-30T16:37:58.166+0800][23.991s][info][gc,phases   ] GC(463)   Post Evacuate Collection Set: 0.7ms
[2025-07-30T16:37:58.166+0800][23.991s][info][gc,phases   ] GC(463)   Other: 0.1ms
[2025-07-30T16:37:58.166+0800][23.991s][info][gc,heap     ] GC(463) Eden regions: 1018->0(1018)
[2025-07-30T16:37:58.166+0800][23.991s][info][gc,heap     ] GC(463) Survivor regions: 146->146(146)
[2025-07-30T16:37:58.166+0800][23.991s][info][gc,heap     ] GC(463) Old regions: 561->561
[2025-07-30T16:37:58.166+0800][23.991s][info][gc,heap     ] GC(463) Humongous regions: 3->3
[2025-07-30T16:37:58.166+0800][23.991s][info][gc,metaspace] GC(463) Metaspace: 7127K(7488K)->7127K(7488K) NonClass: 6403K(6592K)->6403K(6592K) Class: 724K(896K)->724K(896K)
[2025-07-30T16:37:58.166+0800][23.991s][info][gc          ] GC(463) Pause Young (Normal) (G1 Evacuation Pause) 1726M->708M(2048M) 15.245ms
[2025-07-30T16:37:58.166+0800][23.991s][info][gc,cpu      ] GC(463) User=0.02s Sys=0.00s Real=0.02s
[2025-07-30T16:37:58.166+0800][23.991s][info][safepoint   ] Safepoint "G1CollectForAllocation", Time since last: 36092600 ns, Reaching safepoint: 1800 ns, Cleanup: 2300 ns, At safepoint: 15290900 ns, Total: 15295000 ns
[2025-07-30T16:37:58.202+0800][24.027s][info][gc,start    ] GC(464) Pause Young (Normal) (G1 Evacuation Pause)
[2025-07-30T16:37:58.202+0800][24.028s][info][gc,task     ] GC(464) Using 1 workers of 1 for evacuation
[2025-07-30T16:37:58.218+0800][24.043s][info][gc,phases   ] GC(464)   Pre Evacuate Collection Set: 0.3ms
[2025-07-30T16:37:58.218+0800][24.043s][info][gc,phases   ] GC(464)   Merge Heap Roots: 0.1ms
[2025-07-30T16:37:58.218+0800][24.043s][info][gc,phases   ] GC(464)   Evacuate Collection Set: 14.3ms
[2025-07-30T16:37:58.218+0800][24.043s][info][gc,phases   ] GC(464)   Post Evacuate Collection Set: 0.6ms
[2025-07-30T16:37:58.218+0800][24.043s][info][gc,phases   ] GC(464)   Other: 0.1ms
[2025-07-30T16:37:58.218+0800][24.043s][info][gc,heap     ] GC(464) Eden regions: 1018->0(1017)
[2025-07-30T16:37:58.218+0800][24.043s][info][gc,heap     ] GC(464) Survivor regions: 146->146(146)
[2025-07-30T16:37:58.218+0800][24.043s][info][gc,heap     ] GC(464) Old regions: 561->561
[2025-07-30T16:37:58.218+0800][24.043s][info][gc,heap     ] GC(464) Humongous regions: 3->3
[2025-07-30T16:37:58.218+0800][24.043s][info][gc,metaspace] GC(464) Metaspace: 7127K(7488K)->7127K(7488K) NonClass: 6403K(6592K)->6403K(6592K) Class: 724K(896K)->724K(896K)
[2025-07-30T16:37:58.218+0800][24.043s][info][gc          ] GC(464) Pause Young (Normal) (G1 Evacuation Pause) 1726M->709M(2048M) 15.574ms
[2025-07-30T16:37:58.218+0800][24.043s][info][gc,cpu      ] GC(464) User=0.02s Sys=0.00s Real=0.02s
[2025-07-30T16:37:58.218+0800][24.043s][info][safepoint   ] Safepoint "G1CollectForAllocation", Time since last: 36628900 ns, Reaching safepoint: 2400 ns, Cleanup: 3100 ns, At safepoint: 15620200 ns, Total: 15625700 ns
[2025-07-30T16:37:58.255+0800][24.080s][info][gc,start    ] GC(465) Pause Young (Normal) (G1 Evacuation Pause)
[2025-07-30T16:37:58.255+0800][24.080s][info][gc,task     ] GC(465) Using 1 workers of 1 for evacuation
[2025-07-30T16:37:58.270+0800][24.095s][info][gc,phases   ] GC(465)   Pre Evacuate Collection Set: 0.3ms
[2025-07-30T16:37:58.270+0800][24.095s][info][gc,phases   ] GC(465)   Merge Heap Roots: 0.0ms
[2025-07-30T16:37:58.270+0800][24.095s][info][gc,phases   ] GC(465)   Evacuate Collection Set: 13.6ms
[2025-07-30T16:37:58.270+0800][24.095s][info][gc,phases   ] GC(465)   Post Evacuate Collection Set: 0.6ms
[2025-07-30T16:37:58.270+0800][24.095s][info][gc,phases   ] GC(465)   Other: 0.1ms
[2025-07-30T16:37:58.270+0800][24.095s][info][gc,heap     ] GC(465) Eden regions: 1017->0(1019)
[2025-07-30T16:37:58.270+0800][24.095s][info][gc,heap     ] GC(465) Survivor regions: 146->145(146)
[2025-07-30T16:37:58.270+0800][24.095s][info][gc,heap     ] GC(465) Old regions: 561->561
[2025-07-30T16:37:58.270+0800][24.095s][info][gc,heap     ] GC(465) Humongous regions: 3->3
[2025-07-30T16:37:58.270+0800][24.095s][info][gc,metaspace] GC(465) Metaspace: 7127K(7488K)->7127K(7488K) NonClass: 6403K(6592K)->6403K(6592K) Class: 724K(896K)->724K(896K)
[2025-07-30T16:37:58.270+0800][24.095s][info][gc          ] GC(465) Pause Young (Normal) (G1 Evacuation Pause) 1726M->708M(2048M) 14.783ms
[2025-07-30T16:37:58.270+0800][24.095s][info][gc,cpu      ] GC(465) User=0.02s Sys=0.00s Real=0.01s
[2025-07-30T16:37:58.270+0800][24.095s][info][safepoint   ] Safepoint "G1CollectForAllocation", Time since last: 37146000 ns, Reaching safepoint: 2200 ns, Cleanup: 2900 ns, At safepoint: 14820300 ns, Total: 14825400 ns
[2025-07-30T16:37:58.307+0800][24.132s][info][gc,start    ] GC(466) Pause Young (Normal) (G1 Evacuation Pause)
[2025-07-30T16:37:58.307+0800][24.133s][info][gc,task     ] GC(466) Using 1 workers of 1 for evacuation
[2025-07-30T16:37:58.322+0800][24.148s][info][gc,phases   ] GC(466)   Pre Evacuate Collection Set: 0.4ms
[2025-07-30T16:37:58.322+0800][24.148s][info][gc,phases   ] GC(466)   Merge Heap Roots: 0.1ms
[2025-07-30T16:37:58.322+0800][24.148s][info][gc,phases   ] GC(466)   Evacuate Collection Set: 13.9ms
[2025-07-30T16:37:58.322+0800][24.148s][info][gc,phases   ] GC(466)   Post Evacuate Collection Set: 0.9ms
[2025-07-30T16:37:58.322+0800][24.148s][info][gc,phases   ] GC(466)   Other: 0.1ms
[2025-07-30T16:37:58.322+0800][24.148s][info][gc,heap     ] GC(466) Eden regions: 1019->0(1017)
[2025-07-30T16:37:58.322+0800][24.148s][info][gc,heap     ] GC(466) Survivor regions: 145->146(146)
[2025-07-30T16:37:58.322+0800][24.148s][info][gc,heap     ] GC(466) Old regions: 561->561
[2025-07-30T16:37:58.322+0800][24.148s][info][gc,heap     ] GC(466) Humongous regions: 3->3
[2025-07-30T16:37:58.322+0800][24.148s][info][gc,metaspace] GC(466) Metaspace: 7127K(7488K)->7127K(7488K) NonClass: 6403K(6592K)->6403K(6592K) Class: 724K(896K)->724K(896K)
[2025-07-30T16:37:58.322+0800][24.148s][info][gc          ] GC(466) Pause Young (Normal) (G1 Evacuation Pause) 1727M->709M(2048M) 15.559ms
[2025-07-30T16:37:58.322+0800][24.148s][info][gc,cpu      ] GC(466) User=0.02s Sys=0.00s Real=0.02s
[2025-07-30T16:37:58.322+0800][24.148s][info][safepoint   ] Safepoint "G1CollectForAllocation", Time since last: 37321800 ns, Reaching safepoint: 4100 ns, Cleanup: 4600 ns, At safepoint: 15601000 ns, Total: 15609700 ns
[2025-07-30T16:37:58.359+0800][24.184s][info][gc,start    ] GC(467) Pause Young (Normal) (G1 Evacuation Pause)
[2025-07-30T16:37:58.359+0800][24.185s][info][gc,task     ] GC(467) Using 1 workers of 1 for evacuation
[2025-07-30T16:37:58.374+0800][24.199s][info][gc,phases   ] GC(467)   Pre Evacuate Collection Set: 0.3ms
[2025-07-30T16:37:58.374+0800][24.199s][info][gc,phases   ] GC(467)   Merge Heap Roots: 0.0ms
[2025-07-30T16:37:58.374+0800][24.199s][info][gc,phases   ] GC(467)   Evacuate Collection Set: 13.9ms
[2025-07-30T16:37:58.374+0800][24.199s][info][gc,phases   ] GC(467)   Post Evacuate Collection Set: 0.6ms
[2025-07-30T16:37:58.374+0800][24.199s][info][gc,phases   ] GC(467)   Other: 0.1ms
[2025-07-30T16:37:58.374+0800][24.199s][info][gc,heap     ] GC(467) Eden regions: 1017->0(1019)
[2025-07-30T16:37:58.374+0800][24.200s][info][gc,heap     ] GC(467) Survivor regions: 146->145(146)
[2025-07-30T16:37:58.374+0800][24.200s][info][gc,heap     ] GC(467) Old regions: 561->561
[2025-07-30T16:37:58.374+0800][24.200s][info][gc,heap     ] GC(467) Humongous regions: 3->3
[2025-07-30T16:37:58.374+0800][24.200s][info][gc,metaspace] GC(467) Metaspace: 7127K(7488K)->7127K(7488K) NonClass: 6403K(6592K)->6403K(6592K) Class: 724K(896K)->724K(896K)
[2025-07-30T16:37:58.374+0800][24.200s][info][gc          ] GC(467) Pause Young (Normal) (G1 Evacuation Pause) 1726M->708M(2048M) 15.071ms
[2025-07-30T16:37:58.374+0800][24.200s][info][gc,cpu      ] GC(467) User=0.02s Sys=0.00s Real=0.02s
[2025-07-30T16:37:58.374+0800][24.200s][info][safepoint   ] Safepoint "G1CollectForAllocation", Time since last: 36457000 ns, Reaching safepoint: 2100 ns, Cleanup: 2500 ns, At safepoint: 15107600 ns, Total: 15112200 ns
[2025-07-30T16:37:58.410+0800][24.236s][info][gc,start    ] GC(468) Pause Young (Normal) (G1 Evacuation Pause)
[2025-07-30T16:37:58.410+0800][24.236s][info][gc,task     ] GC(468) Using 1 workers of 1 for evacuation
[2025-07-30T16:37:58.426+0800][24.251s][info][gc,phases   ] GC(468)   Pre Evacuate Collection Set: 0.3ms
[2025-07-30T16:37:58.426+0800][24.251s][info][gc,phases   ] GC(468)   Merge Heap Roots: 0.0ms
[2025-07-30T16:37:58.426+0800][24.251s][info][gc,phases   ] GC(468)   Evacuate Collection Set: 14.0ms
[2025-07-30T16:37:58.426+0800][24.251s][info][gc,phases   ] GC(468)   Post Evacuate Collection Set: 0.6ms
[2025-07-30T16:37:58.426+0800][24.251s][info][gc,phases   ] GC(468)   Other: 0.1ms
[2025-07-30T16:37:58.426+0800][24.251s][info][gc,heap     ] GC(468) Eden regions: 1019->0(1017)
[2025-07-30T16:37:58.426+0800][24.251s][info][gc,heap     ] GC(468) Survivor regions: 145->146(146)
[2025-07-30T16:37:58.426+0800][24.251s][info][gc,heap     ] GC(468) Old regions: 561->561
[2025-07-30T16:37:58.426+0800][24.251s][info][gc,heap     ] GC(468) Humongous regions: 3->3
[2025-07-30T16:37:58.426+0800][24.251s][info][gc,metaspace] GC(468) Metaspace: 7127K(7488K)->7127K(7488K) NonClass: 6403K(6592K)->6403K(6592K) Class: 724K(896K)->724K(896K)
[2025-07-30T16:37:58.426+0800][24.251s][info][gc          ] GC(468) Pause Young (Normal) (G1 Evacuation Pause) 1727M->709M(2048M) 15.117ms
[2025-07-30T16:37:58.426+0800][24.251s][info][gc,cpu      ] GC(468) User=0.02s Sys=0.00s Real=0.02s
[2025-07-30T16:37:58.426+0800][24.251s][info][safepoint   ] Safepoint "G1CollectForAllocation", Time since last: 36341900 ns, Reaching safepoint: 2500 ns, Cleanup: 2400 ns, At safepoint: 15153500 ns, Total: 15158400 ns
[2025-07-30T16:37:58.462+0800][24.287s][info][gc,start    ] GC(469) Pause Young (Normal) (G1 Evacuation Pause)
[2025-07-30T16:37:58.462+0800][24.287s][info][gc,task     ] GC(469) Using 1 workers of 1 for evacuation
[2025-07-30T16:37:58.476+0800][24.302s][info][gc,phases   ] GC(469)   Pre Evacuate Collection Set: 0.3ms
[2025-07-30T16:37:58.476+0800][24.302s][info][gc,phases   ] GC(469)   Merge Heap Roots: 0.0ms
[2025-07-30T16:37:58.476+0800][24.302s][info][gc,phases   ] GC(469)   Evacuate Collection Set: 13.5ms
[2025-07-30T16:37:58.476+0800][24.302s][info][gc,phases   ] GC(469)   Post Evacuate Collection Set: 0.7ms
[2025-07-30T16:37:58.476+0800][24.302s][info][gc,phases   ] GC(469)   Other: 0.1ms
[2025-07-30T16:37:58.476+0800][24.302s][info][gc,heap     ] GC(469) Eden regions: 1017->0(1017)
[2025-07-30T16:37:58.476+0800][24.302s][info][gc,heap     ] GC(469) Survivor regions: 146->146(146)
[2025-07-30T16:37:58.476+0800][24.302s][info][gc,heap     ] GC(469) Old regions: 561->561
[2025-07-30T16:37:58.476+0800][24.302s][info][gc,heap     ] GC(469) Humongous regions: 3->3
[2025-07-30T16:37:58.476+0800][24.302s][info][gc,metaspace] GC(469) Metaspace: 7127K(7488K)->7127K(7488K) NonClass: 6403K(6592K)->6403K(6592K) Class: 724K(896K)->724K(896K)
[2025-07-30T16:37:58.476+0800][24.302s][info][gc          ] GC(469) Pause Young (Normal) (G1 Evacuation Pause) 1726M->708M(2048M) 14.734ms
[2025-07-30T16:37:58.476+0800][24.302s][info][gc,cpu      ] GC(469) User=0.02s Sys=0.00s Real=0.01s
[2025-07-30T16:37:58.476+0800][24.302s][info][safepoint   ] Safepoint "G1CollectForAllocation", Time since last: 36159900 ns, Reaching safepoint: 2200 ns, Cleanup: 2300 ns, At safepoint: 14772600 ns, Total: 14777100 ns
[2025-07-30T16:37:58.515+0800][24.341s][info][gc,start    ] GC(470) Pause Young (Normal) (G1 Evacuation Pause)
[2025-07-30T16:37:58.515+0800][24.341s][info][gc,task     ] GC(470) Using 1 workers of 1 for evacuation
[2025-07-30T16:37:58.530+0800][24.356s][info][gc,phases   ] GC(470)   Pre Evacuate Collection Set: 0.4ms
[2025-07-30T16:37:58.530+0800][24.356s][info][gc,phases   ] GC(470)   Merge Heap Roots: 0.1ms
[2025-07-30T16:37:58.530+0800][24.356s][info][gc,phases   ] GC(470)   Evacuate Collection Set: 13.9ms
[2025-07-30T16:37:58.530+0800][24.356s][info][gc,phases   ] GC(470)   Post Evacuate Collection Set: 0.6ms
[2025-07-30T16:37:58.530+0800][24.356s][info][gc,phases   ] GC(470)   Other: 0.1ms
[2025-07-30T16:37:58.530+0800][24.356s][info][gc,heap     ] GC(470) Eden regions: 1017->0(1019)
[2025-07-30T16:37:58.530+0800][24.356s][info][gc,heap     ] GC(470) Survivor regions: 146->145(146)
[2025-07-30T16:37:58.530+0800][24.356s][info][gc,heap     ] GC(470) Old regions: 561->561
[2025-07-30T16:37:58.530+0800][24.356s][info][gc,heap     ] GC(470) Humongous regions: 3->3
[2025-07-30T16:37:58.530+0800][24.356s][info][gc,metaspace] GC(470) Metaspace: 7127K(7488K)->7127K(7488K) NonClass: 6403K(6592K)->6403K(6592K) Class: 724K(896K)->724K(896K)
[2025-07-30T16:37:58.530+0800][24.356s][info][gc          ] GC(470) Pause Young (Normal) (G1 Evacuation Pause) 1725M->707M(2048M) 15.192ms
[2025-07-30T16:37:58.530+0800][24.356s][info][gc,cpu      ] GC(470) User=0.02s Sys=0.00s Real=0.01s
[2025-07-30T16:37:58.530+0800][24.356s][info][safepoint   ] Safepoint "G1CollectForAllocation", Time since last: 38469100 ns, Reaching safepoint: 2900 ns, Cleanup: 3200 ns, At safepoint: 15231400 ns, Total: 15237500 ns
[2025-07-30T16:37:58.566+0800][24.391s][info][gc,start    ] GC(471) Pause Young (Normal) (G1 Evacuation Pause)
[2025-07-30T16:37:58.566+0800][24.391s][info][gc,task     ] GC(471) Using 1 workers of 1 for evacuation
[2025-07-30T16:37:58.581+0800][24.406s][info][gc,phases   ] GC(471)   Pre Evacuate Collection Set: 0.3ms
[2025-07-30T16:37:58.581+0800][24.406s][info][gc,phases   ] GC(471)   Merge Heap Roots: 0.1ms
[2025-07-30T16:37:58.581+0800][24.406s][info][gc,phases   ] GC(471)   Evacuate Collection Set: 13.8ms
[2025-07-30T16:37:58.581+0800][24.406s][info][gc,phases   ] GC(471)   Post Evacuate Collection Set: 0.6ms
[2025-07-30T16:37:58.581+0800][24.406s][info][gc,phases   ] GC(471)   Other: 0.1ms
[2025-07-30T16:37:58.581+0800][24.406s][info][gc,heap     ] GC(471) Eden regions: 1019->0(1018)
[2025-07-30T16:37:58.581+0800][24.406s][info][gc,heap     ] GC(471) Survivor regions: 145->146(146)
[2025-07-30T16:37:58.581+0800][24.406s][info][gc,heap     ] GC(471) Old regions: 561->561
[2025-07-30T16:37:58.581+0800][24.406s][info][gc,heap     ] GC(471) Humongous regions: 3->3
[2025-07-30T16:37:58.581+0800][24.406s][info][gc,metaspace] GC(471) Metaspace: 7127K(7488K)->7127K(7488K) NonClass: 6403K(6592K)->6403K(6592K) Class: 724K(896K)->724K(896K)
[2025-07-30T16:37:58.581+0800][24.406s][info][gc          ] GC(471) Pause Young (Normal) (G1 Evacuation Pause) 1726M->708M(2048M) 14.966ms
[2025-07-30T16:37:58.581+0800][24.406s][info][gc,cpu      ] GC(471) User=0.02s Sys=0.00s Real=0.02s
[2025-07-30T16:37:58.581+0800][24.406s][info][safepoint   ] Safepoint "G1CollectForAllocation", Time since last: 35634100 ns, Reaching safepoint: 2400 ns, Cleanup: 2400 ns, At safepoint: 15003100 ns, Total: 15007900 ns
[2025-07-30T16:37:58.619+0800][24.444s][info][gc,start    ] GC(472) Pause Young (Normal) (G1 Evacuation Pause)
[2025-07-30T16:37:58.619+0800][24.444s][info][gc,task     ] GC(472) Using 1 workers of 1 for evacuation
[2025-07-30T16:37:58.635+0800][24.460s][info][gc,phases   ] GC(472)   Pre Evacuate Collection Set: 0.3ms
[2025-07-30T16:37:58.635+0800][24.460s][info][gc,phases   ] GC(472)   Merge Heap Roots: 0.0ms
[2025-07-30T16:37:58.635+0800][24.460s][info][gc,phases   ] GC(472)   Evacuate Collection Set: 15.1ms
[2025-07-30T16:37:58.635+0800][24.460s][info][gc,phases   ] GC(472)   Post Evacuate Collection Set: 0.6ms
[2025-07-30T16:37:58.635+0800][24.460s][info][gc,phases   ] GC(472)   Other: 0.1ms
[2025-07-30T16:37:58.635+0800][24.460s][info][gc,heap     ] GC(472) Eden regions: 1018->0(1018)
[2025-07-30T16:37:58.635+0800][24.460s][info][gc,heap     ] GC(472) Survivor regions: 146->146(146)
[2025-07-30T16:37:58.635+0800][24.460s][info][gc,heap     ] GC(472) Old regions: 561->561
[2025-07-30T16:37:58.635+0800][24.460s][info][gc,heap     ] GC(472) Humongous regions: 3->3
[2025-07-30T16:37:58.635+0800][24.460s][info][gc,metaspace] GC(472) Metaspace: 7128K(7488K)->7128K(7488K) NonClass: 6403K(6592K)->6403K(6592K) Class: 724K(896K)->724K(896K)
[2025-07-30T16:37:58.635+0800][24.460s][info][gc          ] GC(472) Pause Young (Normal) (G1 Evacuation Pause) 1726M->708M(2048M) 16.329ms
[2025-07-30T16:37:58.635+0800][24.460s][info][gc,cpu      ] GC(472) User=0.02s Sys=0.02s Real=0.02s
[2025-07-30T16:37:58.635+0800][24.460s][info][safepoint   ] Safepoint "G1CollectForAllocation", Time since last: 37620500 ns, Reaching safepoint: 2800 ns, Cleanup: 7100 ns, At safepoint: 16367200 ns, Total: 16377100 ns
[2025-07-30T16:37:58.672+0800][24.497s][info][gc,start    ] GC(473) Pause Young (Normal) (G1 Evacuation Pause)
[2025-07-30T16:37:58.672+0800][24.497s][info][gc,task     ] GC(473) Using 1 workers of 1 for evacuation
[2025-07-30T16:37:58.687+0800][24.512s][info][gc,phases   ] GC(473)   Pre Evacuate Collection Set: 0.4ms
[2025-07-30T16:37:58.687+0800][24.512s][info][gc,phases   ] GC(473)   Merge Heap Roots: 0.1ms
[2025-07-30T16:37:58.687+0800][24.513s][info][gc,phases   ] GC(473)   Evacuate Collection Set: 13.7ms
[2025-07-30T16:37:58.687+0800][24.513s][info][gc,phases   ] GC(473)   Post Evacuate Collection Set: 0.7ms
[2025-07-30T16:37:58.687+0800][24.513s][info][gc,phases   ] GC(473)   Other: 0.1ms
[2025-07-30T16:37:58.687+0800][24.513s][info][gc,heap     ] GC(473) Eden regions: 1018->0(1017)
[2025-07-30T16:37:58.687+0800][24.513s][info][gc,heap     ] GC(473) Survivor regions: 146->146(146)
[2025-07-30T16:37:58.687+0800][24.513s][info][gc,heap     ] GC(473) Old regions: 561->561
[2025-07-30T16:37:58.687+0800][24.513s][info][gc,heap     ] GC(473) Humongous regions: 3->3
[2025-07-30T16:37:58.687+0800][24.513s][info][gc,metaspace] GC(473) Metaspace: 7129K(7488K)->7129K(7488K) NonClass: 6405K(6592K)->6405K(6592K) Class: 724K(896K)->724K(896K)
[2025-07-30T16:37:58.687+0800][24.513s][info][gc          ] GC(473) Pause Young (Normal) (G1 Evacuation Pause) 1726M->708M(2048M) 15.188ms
[2025-07-30T16:37:58.687+0800][24.513s][info][gc,cpu      ] GC(473) User=0.00s Sys=0.00s Real=0.02s
[2025-07-30T16:37:58.687+0800][24.513s][info][safepoint   ] Safepoint "G1CollectForAllocation", Time since last: 37030000 ns, Reaching safepoint: 3700 ns, Cleanup: 8600 ns, At safepoint: 15232200 ns, Total: 15244500 ns
[2025-07-30T16:37:58.723+0800][24.549s][info][gc,start    ] GC(474) Pause Young (Normal) (G1 Evacuation Pause)
[2025-07-30T16:37:58.724+0800][24.549s][info][gc,task     ] GC(474) Using 1 workers of 1 for evacuation
[2025-07-30T16:37:58.739+0800][24.565s][info][gc,phases   ] GC(474)   Pre Evacuate Collection Set: 0.4ms
[2025-07-30T16:37:58.739+0800][24.565s][info][gc,phases   ] GC(474)   Merge Heap Roots: 0.1ms
[2025-07-30T16:37:58.739+0800][24.565s][info][gc,phases   ] GC(474)   Evacuate Collection Set: 14.0ms
[2025-07-30T16:37:58.739+0800][24.565s][info][gc,phases   ] GC(474)   Post Evacuate Collection Set: 0.7ms
[2025-07-30T16:37:58.739+0800][24.565s][info][gc,phases   ] GC(474)   Other: 0.1ms
[2025-07-30T16:37:58.739+0800][24.565s][info][gc,heap     ] GC(474) Eden regions: 1017->0(1019)
[2025-07-30T16:37:58.739+0800][24.565s][info][gc,heap     ] GC(474) Survivor regions: 146->145(146)
[2025-07-30T16:37:58.739+0800][24.565s][info][gc,heap     ] GC(474) Old regions: 561->561
[2025-07-30T16:37:58.739+0800][24.565s][info][gc,heap     ] GC(474) Humongous regions: 3->3
[2025-07-30T16:37:58.739+0800][24.565s][info][gc,metaspace] GC(474) Metaspace: 7129K(7488K)->7129K(7488K) NonClass: 6405K(6592K)->6405K(6592K) Class: 724K(896K)->724K(896K)
[2025-07-30T16:37:58.739+0800][24.565s][info][gc          ] GC(474) Pause Young (Normal) (G1 Evacuation Pause) 1725M->708M(2048M) 15.538ms
[2025-07-30T16:37:58.739+0800][24.565s][info][gc,cpu      ] GC(474) User=0.02s Sys=0.00s Real=0.02s
[2025-07-30T16:37:58.739+0800][24.565s][info][safepoint   ] Safepoint "G1CollectForAllocation", Time since last: 36504000 ns, Reaching safepoint: 4400 ns, Cleanup: 5500 ns, At safepoint: 15583300 ns, Total: 15593200 ns
[2025-07-30T16:37:58.775+0800][24.602s][info][gc,start    ] GC(475) Pause Young (Normal) (G1 Evacuation Pause)
[2025-07-30T16:37:58.775+0800][24.602s][info][gc,task     ] GC(475) Using 1 workers of 1 for evacuation
[2025-07-30T16:37:58.791+0800][24.617s][info][gc,phases   ] GC(475)   Pre Evacuate Collection Set: 0.4ms
[2025-07-30T16:37:58.791+0800][24.617s][info][gc,phases   ] GC(475)   Merge Heap Roots: 0.1ms
[2025-07-30T16:37:58.791+0800][24.617s][info][gc,phases   ] GC(475)   Evacuate Collection Set: 14.4ms
[2025-07-30T16:37:58.791+0800][24.617s][info][gc,phases   ] GC(475)   Post Evacuate Collection Set: 0.7ms
[2025-07-30T16:37:58.791+0800][24.617s][info][gc,phases   ] GC(475)   Other: 0.1ms
[2025-07-30T16:37:58.791+0800][24.617s][info][gc,heap     ] GC(475) Eden regions: 1019->0(1017)
[2025-07-30T16:37:58.791+0800][24.617s][info][gc,heap     ] GC(475) Survivor regions: 145->146(146)
[2025-07-30T16:37:58.791+0800][24.617s][info][gc,heap     ] GC(475) Old regions: 561->561
[2025-07-30T16:37:58.791+0800][24.617s][info][gc,heap     ] GC(475) Humongous regions: 3->3
[2025-07-30T16:37:58.791+0800][24.617s][info][gc,metaspace] GC(475) Metaspace: 7129K(7488K)->7129K(7488K) NonClass: 6405K(6592K)->6405K(6592K) Class: 724K(896K)->724K(896K)
[2025-07-30T16:37:58.791+0800][24.617s][info][gc          ] GC(475) Pause Young (Normal) (G1 Evacuation Pause) 1727M->709M(2048M) 15.793ms
[2025-07-30T16:37:58.791+0800][24.617s][info][gc,cpu      ] GC(475) User=0.02s Sys=0.00s Real=0.02s
[2025-07-30T16:37:58.791+0800][24.617s][info][safepoint   ] Safepoint "G1CollectForAllocation", Time since last: 36752700 ns, Reaching safepoint: 2800 ns, Cleanup: 3100 ns, At safepoint: 15831500 ns, Total: 15837400 ns
[2025-07-30T16:37:58.830+0800][24.655s][info][gc,start    ] GC(476) Pause Young (Normal) (G1 Evacuation Pause)
[2025-07-30T16:37:58.830+0800][24.655s][info][gc,task     ] GC(476) Using 1 workers of 1 for evacuation
[2025-07-30T16:37:58.844+0800][24.670s][info][gc,phases   ] GC(476)   Pre Evacuate Collection Set: 0.3ms
[2025-07-30T16:37:58.844+0800][24.670s][info][gc,phases   ] GC(476)   Merge Heap Roots: 0.0ms
[2025-07-30T16:37:58.844+0800][24.670s][info][gc,phases   ] GC(476)   Evacuate Collection Set: 13.7ms
[2025-07-30T16:37:58.844+0800][24.670s][info][gc,phases   ] GC(476)   Post Evacuate Collection Set: 0.6ms
[2025-07-30T16:37:58.844+0800][24.670s][info][gc,phases   ] GC(476)   Other: 0.1ms
[2025-07-30T16:37:58.844+0800][24.670s][info][gc,heap     ] GC(476) Eden regions: 1017->0(1019)
[2025-07-30T16:37:58.844+0800][24.670s][info][gc,heap     ] GC(476) Survivor regions: 146->145(146)
[2025-07-30T16:37:58.844+0800][24.670s][info][gc,heap     ] GC(476) Old regions: 561->561
[2025-07-30T16:37:58.844+0800][24.670s][info][gc,heap     ] GC(476) Humongous regions: 3->3
[2025-07-30T16:37:58.844+0800][24.670s][info][gc,metaspace] GC(476) Metaspace: 7129K(7488K)->7129K(7488K) NonClass: 6405K(6592K)->6405K(6592K) Class: 724K(896K)->724K(896K)
[2025-07-30T16:37:58.844+0800][24.670s][info][gc          ] GC(476) Pause Young (Normal) (G1 Evacuation Pause) 1726M->708M(2048M) 14.953ms
[2025-07-30T16:37:58.844+0800][24.670s][info][gc,cpu      ] GC(476) User=0.02s Sys=0.00s Real=0.01s
[2025-07-30T16:37:58.845+0800][24.670s][info][safepoint   ] Safepoint "G1CollectForAllocation", Time since last: 37678800 ns, Reaching safepoint: 2200 ns, Cleanup: 3100 ns, At safepoint: 14993000 ns, Total: 14998300 ns
[2025-07-30T16:37:58.881+0800][24.707s][info][gc,start    ] GC(477) Pause Young (Normal) (G1 Evacuation Pause)
[2025-07-30T16:37:58.881+0800][24.707s][info][gc,task     ] GC(477) Using 1 workers of 1 for evacuation
[2025-07-30T16:37:58.897+0800][24.722s][info][gc,phases   ] GC(477)   Pre Evacuate Collection Set: 0.6ms
[2025-07-30T16:37:58.897+0800][24.722s][info][gc,phases   ] GC(477)   Merge Heap Roots: 0.0ms
[2025-07-30T16:37:58.897+0800][24.722s][info][gc,phases   ] GC(477)   Evacuate Collection Set: 14.1ms
[2025-07-30T16:37:58.897+0800][24.722s][info][gc,phases   ] GC(477)   Post Evacuate Collection Set: 0.6ms
[2025-07-30T16:37:58.897+0800][24.722s][info][gc,phases   ] GC(477)   Other: 0.1ms
[2025-07-30T16:37:58.897+0800][24.722s][info][gc,heap     ] GC(477) Eden regions: 1019->0(1017)
[2025-07-30T16:37:58.897+0800][24.722s][info][gc,heap     ] GC(477) Survivor regions: 145->146(146)
[2025-07-30T16:37:58.897+0800][24.723s][info][gc,heap     ] GC(477) Old regions: 561->561
[2025-07-30T16:37:58.897+0800][24.723s][info][gc,heap     ] GC(477) Humongous regions: 3->3
[2025-07-30T16:37:58.897+0800][24.723s][info][gc,metaspace] GC(477) Metaspace: 7129K(7488K)->7129K(7488K) NonClass: 6405K(6592K)->6405K(6592K) Class: 724K(896K)->724K(896K)
[2025-07-30T16:37:58.897+0800][24.723s][info][gc          ] GC(477) Pause Young (Normal) (G1 Evacuation Pause) 1727M->709M(2048M) 15.604ms
[2025-07-30T16:37:58.897+0800][24.723s][info][gc,cpu      ] GC(477) User=0.02s Sys=0.00s Real=0.02s
[2025-07-30T16:37:58.897+0800][24.723s][info][safepoint   ] Safepoint "G1CollectForAllocation", Time since last: 36924500 ns, Reaching safepoint: 2100 ns, Cleanup: 2600 ns, At safepoint: 15640600 ns, Total: 15645300 ns
[2025-07-30T16:37:58.934+0800][24.759s][info][gc,start    ] GC(478) Pause Young (Normal) (G1 Evacuation Pause)
[2025-07-30T16:37:58.934+0800][24.759s][info][gc,task     ] GC(478) Using 1 workers of 1 for evacuation
[2025-07-30T16:37:58.948+0800][24.774s][info][gc,phases   ] GC(478)   Pre Evacuate Collection Set: 0.3ms
[2025-07-30T16:37:58.948+0800][24.774s][info][gc,phases   ] GC(478)   Merge Heap Roots: 0.0ms
[2025-07-30T16:37:58.948+0800][24.774s][info][gc,phases   ] GC(478)   Evacuate Collection Set: 13.8ms
[2025-07-30T16:37:58.948+0800][24.774s][info][gc,phases   ] GC(478)   Post Evacuate Collection Set: 0.6ms
[2025-07-30T16:37:58.948+0800][24.774s][info][gc,phases   ] GC(478)   Other: 0.1ms
[2025-07-30T16:37:58.948+0800][24.774s][info][gc,heap     ] GC(478) Eden regions: 1017->0(1017)
[2025-07-30T16:37:58.948+0800][24.774s][info][gc,heap     ] GC(478) Survivor regions: 146->146(146)
[2025-07-30T16:37:58.948+0800][24.774s][info][gc,heap     ] GC(478) Old regions: 561->561
[2025-07-30T16:37:58.948+0800][24.774s][info][gc,heap     ] GC(478) Humongous regions: 3->3
[2025-07-30T16:37:58.948+0800][24.774s][info][gc,metaspace] GC(478) Metaspace: 7129K(7488K)->7129K(7488K) NonClass: 6405K(6592K)->6405K(6592K) Class: 724K(896K)->724K(896K)
[2025-07-30T16:37:58.948+0800][24.774s][info][gc          ] GC(478) Pause Young (Normal) (G1 Evacuation Pause) 1726M->708M(2048M) 14.924ms
[2025-07-30T16:37:58.948+0800][24.774s][info][gc,cpu      ] GC(478) User=0.02s Sys=0.00s Real=0.01s
[2025-07-30T16:37:58.948+0800][24.774s][info][safepoint   ] Safepoint "G1CollectForAllocation", Time since last: 36438800 ns, Reaching safepoint: 2200 ns, Cleanup: 2800 ns, At safepoint: 14961500 ns, Total: 14966500 ns
[2025-07-30T16:37:58.985+0800][24.810s][info][gc,start    ] GC(479) Pause Young (Normal) (G1 Evacuation Pause)
[2025-07-30T16:37:58.985+0800][24.811s][info][gc,task     ] GC(479) Using 1 workers of 1 for evacuation
[2025-07-30T16:37:59.000+0800][24.825s][info][gc,phases   ] GC(479)   Pre Evacuate Collection Set: 0.3ms
[2025-07-30T16:37:59.000+0800][24.825s][info][gc,phases   ] GC(479)   Merge Heap Roots: 0.1ms
[2025-07-30T16:37:59.000+0800][24.825s][info][gc,phases   ] GC(479)   Evacuate Collection Set: 13.8ms
[2025-07-30T16:37:59.000+0800][24.825s][info][gc,phases   ] GC(479)   Post Evacuate Collection Set: 0.6ms
[2025-07-30T16:37:59.000+0800][24.825s][info][gc,phases   ] GC(479)   Other: 0.1ms
[2025-07-30T16:37:59.000+0800][24.825s][info][gc,heap     ] GC(479) Eden regions: 1017->0(1019)
[2025-07-30T16:37:59.000+0800][24.825s][info][gc,heap     ] GC(479) Survivor regions: 146->145(146)
[2025-07-30T16:37:59.000+0800][24.825s][info][gc,heap     ] GC(479) Old regions: 561->561
[2025-07-30T16:37:59.000+0800][24.825s][info][gc,heap     ] GC(479) Humongous regions: 3->3
[2025-07-30T16:37:59.000+0800][24.825s][info][gc,metaspace] GC(479) Metaspace: 7129K(7488K)->7129K(7488K) NonClass: 6405K(6592K)->6405K(6592K) Class: 724K(896K)->724K(896K)
[2025-07-30T16:37:59.000+0800][24.825s][info][gc          ] GC(479) Pause Young (Normal) (G1 Evacuation Pause) 1725M->707M(2048M) 14.925ms
[2025-07-30T16:37:59.000+0800][24.825s][info][gc,cpu      ] GC(479) User=0.00s Sys=0.00s Real=0.02s
[2025-07-30T16:37:59.000+0800][24.825s][info][safepoint   ] Safepoint "G1CollectForAllocation", Time since last: 36502700 ns, Reaching safepoint: 1900 ns, Cleanup: 2800 ns, At safepoint: 14962000 ns, Total: 14966700 ns
[2025-07-30T16:37:59.037+0800][24.862s][info][gc,start    ] GC(480) Pause Young (Normal) (G1 Evacuation Pause)
[2025-07-30T16:37:59.037+0800][24.862s][info][gc,task     ] GC(480) Using 1 workers of 1 for evacuation
[2025-07-30T16:37:59.053+0800][24.878s][info][gc,phases   ] GC(480)   Pre Evacuate Collection Set: 0.3ms
[2025-07-30T16:37:59.053+0800][24.878s][info][gc,phases   ] GC(480)   Merge Heap Roots: 0.0ms
[2025-07-30T16:37:59.053+0800][24.878s][info][gc,phases   ] GC(480)   Evacuate Collection Set: 14.9ms
[2025-07-30T16:37:59.053+0800][24.878s][info][gc,phases   ] GC(480)   Post Evacuate Collection Set: 0.6ms
[2025-07-30T16:37:59.053+0800][24.878s][info][gc,phases   ] GC(480)   Other: 0.1ms
[2025-07-30T16:37:59.053+0800][24.878s][info][gc,heap     ] GC(480) Eden regions: 1019->0(1018)
[2025-07-30T16:37:59.053+0800][24.878s][info][gc,heap     ] GC(480) Survivor regions: 145->146(146)
[2025-07-30T16:37:59.053+0800][24.878s][info][gc,heap     ] GC(480) Old regions: 561->561
[2025-07-30T16:37:59.053+0800][24.878s][info][gc,heap     ] GC(480) Humongous regions: 3->3
[2025-07-30T16:37:59.053+0800][24.878s][info][gc,metaspace] GC(480) Metaspace: 7129K(7488K)->7129K(7488K) NonClass: 6405K(6592K)->6405K(6592K) Class: 724K(896K)->724K(896K)
[2025-07-30T16:37:59.053+0800][24.878s][info][gc          ] GC(480) Pause Young (Normal) (G1 Evacuation Pause) 1726M->708M(2048M) 16.204ms
[2025-07-30T16:37:59.053+0800][24.878s][info][gc,cpu      ] GC(480) User=0.02s Sys=0.00s Real=0.02s
[2025-07-30T16:37:59.053+0800][24.878s][info][safepoint   ] Safepoint "G1CollectForAllocation", Time since last: 36804600 ns, Reaching safepoint: 2300 ns, Cleanup: 2700 ns, At safepoint: 16241500 ns, Total: 16246500 ns
[2025-07-30T16:37:59.091+0800][24.916s][info][gc,start    ] GC(481) Pause Young (Normal) (G1 Evacuation Pause)
[2025-07-30T16:37:59.091+0800][24.916s][info][gc,task     ] GC(481) Using 1 workers of 1 for evacuation
[2025-07-30T16:37:59.106+0800][24.931s][info][gc,phases   ] GC(481)   Pre Evacuate Collection Set: 0.4ms
[2025-07-30T16:37:59.106+0800][24.931s][info][gc,phases   ] GC(481)   Merge Heap Roots: 0.1ms
[2025-07-30T16:37:59.106+0800][24.931s][info][gc,phases   ] GC(481)   Evacuate Collection Set: 13.9ms
[2025-07-30T16:37:59.106+0800][24.931s][info][gc,phases   ] GC(481)   Post Evacuate Collection Set: 0.7ms
[2025-07-30T16:37:59.106+0800][24.931s][info][gc,phases   ] GC(481)   Other: 0.1ms
[2025-07-30T16:37:59.106+0800][24.931s][info][gc,heap     ] GC(481) Eden regions: 1018->0(1018)
[2025-07-30T16:37:59.106+0800][24.931s][info][gc,heap     ] GC(481) Survivor regions: 146->146(146)
[2025-07-30T16:37:59.106+0800][24.931s][info][gc,heap     ] GC(481) Old regions: 561->561
[2025-07-30T16:37:59.106+0800][24.931s][info][gc,heap     ] GC(481) Humongous regions: 3->3
[2025-07-30T16:37:59.106+0800][24.931s][info][gc,metaspace] GC(481) Metaspace: 7129K(7488K)->7129K(7488K) NonClass: 6405K(6592K)->6405K(6592K) Class: 724K(896K)->724K(896K)
[2025-07-30T16:37:59.106+0800][24.931s][info][gc          ] GC(481) Pause Young (Normal) (G1 Evacuation Pause) 1726M->708M(2048M) 15.394ms
[2025-07-30T16:37:59.106+0800][24.931s][info][gc,cpu      ] GC(481) User=0.02s Sys=0.00s Real=0.01s
[2025-07-30T16:37:59.106+0800][24.931s][info][safepoint   ] Safepoint "G1CollectForAllocation", Time since last: 37502400 ns, Reaching safepoint: 5200 ns, Cleanup: 6100 ns, At safepoint: 15440500 ns, Total: 15451800 ns
[2025-07-30T16:37:59.144+0800][24.969s][info][gc,start    ] GC(482) Pause Young (Normal) (G1 Evacuation Pause)
[2025-07-30T16:37:59.144+0800][24.969s][info][gc,task     ] GC(482) Using 1 workers of 1 for evacuation
[2025-07-30T16:37:59.160+0800][24.985s][info][gc,phases   ] GC(482)   Pre Evacuate Collection Set: 0.4ms
[2025-07-30T16:37:59.160+0800][24.985s][info][gc,phases   ] GC(482)   Merge Heap Roots: 0.1ms
[2025-07-30T16:37:59.160+0800][24.985s][info][gc,phases   ] GC(482)   Evacuate Collection Set: 15.0ms
[2025-07-30T16:37:59.160+0800][24.985s][info][gc,phases   ] GC(482)   Post Evacuate Collection Set: 0.7ms
[2025-07-30T16:37:59.160+0800][24.985s][info][gc,phases   ] GC(482)   Other: 0.1ms
[2025-07-30T16:37:59.160+0800][24.985s][info][gc,heap     ] GC(482) Eden regions: 1018->0(1018)
[2025-07-30T16:37:59.160+0800][24.985s][info][gc,heap     ] GC(482) Survivor regions: 146->146(146)
[2025-07-30T16:37:59.160+0800][24.985s][info][gc,heap     ] GC(482) Old regions: 561->561
[2025-07-30T16:37:59.160+0800][24.985s][info][gc,heap     ] GC(482) Humongous regions: 3->3
[2025-07-30T16:37:59.160+0800][24.985s][info][gc,metaspace] GC(482) Metaspace: 7129K(7488K)->7129K(7488K) NonClass: 6405K(6592K)->6405K(6592K) Class: 724K(896K)->724K(896K)
[2025-07-30T16:37:59.160+0800][24.985s][info][gc          ] GC(482) Pause Young (Normal) (G1 Evacuation Pause) 1726M->708M(2048M) 16.480ms
[2025-07-30T16:37:59.160+0800][24.985s][info][gc,cpu      ] GC(482) User=0.02s Sys=0.00s Real=0.02s
[2025-07-30T16:37:59.160+0800][24.986s][info][safepoint   ] Safepoint "G1CollectForAllocation", Time since last: 37519100 ns, Reaching safepoint: 4200 ns, Cleanup: 4900 ns, At safepoint: 16523400 ns, Total: 16532500 ns
[2025-07-30T16:37:59.198+0800][25.023s][info][gc,start    ] GC(483) Pause Young (Normal) (G1 Evacuation Pause)
[2025-07-30T16:37:59.198+0800][25.023s][info][gc,task     ] GC(483) Using 1 workers of 1 for evacuation
[2025-07-30T16:37:59.215+0800][25.041s][info][gc,phases   ] GC(483)   Pre Evacuate Collection Set: 0.4ms
[2025-07-30T16:37:59.215+0800][25.041s][info][gc,phases   ] GC(483)   Merge Heap Roots: 0.1ms
[2025-07-30T16:37:59.215+0800][25.041s][info][gc,phases   ] GC(483)   Evacuate Collection Set: 16.9ms
[2025-07-30T16:37:59.215+0800][25.041s][info][gc,phases   ] GC(483)   Post Evacuate Collection Set: 0.7ms
[2025-07-30T16:37:59.215+0800][25.041s][info][gc,phases   ] GC(483)   Other: 0.1ms
[2025-07-30T16:37:59.215+0800][25.041s][info][gc,heap     ] GC(483) Eden regions: 1018->0(1017)
[2025-07-30T16:37:59.215+0800][25.041s][info][gc,heap     ] GC(483) Survivor regions: 146->146(146)
[2025-07-30T16:37:59.215+0800][25.041s][info][gc,heap     ] GC(483) Old regions: 561->561
[2025-07-30T16:37:59.215+0800][25.041s][info][gc,heap     ] GC(483) Humongous regions: 3->3
[2025-07-30T16:37:59.215+0800][25.041s][info][gc,metaspace] GC(483) Metaspace: 7129K(7488K)->7129K(7488K) NonClass: 6405K(6592K)->6405K(6592K) Class: 724K(896K)->724K(896K)
[2025-07-30T16:37:59.215+0800][25.041s][info][gc          ] GC(483) Pause Young (Normal) (G1 Evacuation Pause) 1726M->709M(2048M) 18.360ms
[2025-07-30T16:37:59.215+0800][25.041s][info][gc,cpu      ] GC(483) User=0.02s Sys=0.00s Real=0.02s
[2025-07-30T16:37:59.215+0800][25.041s][info][safepoint   ] Safepoint "G1CollectForAllocation", Time since last: 37337300 ns, Reaching safepoint: 3500 ns, Cleanup: 4600 ns, At safepoint: 18406100 ns, Total: 18414200 ns
[2025-07-30T16:37:59.254+0800][25.080s][info][gc,start    ] GC(484) Pause Young (Normal) (G1 Evacuation Pause)
[2025-07-30T16:37:59.254+0800][25.080s][info][gc,task     ] GC(484) Using 1 workers of 1 for evacuation
[2025-07-30T16:37:59.270+0800][25.096s][info][gc,phases   ] GC(484)   Pre Evacuate Collection Set: 0.5ms
[2025-07-30T16:37:59.270+0800][25.096s][info][gc,phases   ] GC(484)   Merge Heap Roots: 0.1ms
[2025-07-30T16:37:59.270+0800][25.096s][info][gc,phases   ] GC(484)   Evacuate Collection Set: 14.6ms
[2025-07-30T16:37:59.270+0800][25.096s][info][gc,phases   ] GC(484)   Post Evacuate Collection Set: 0.7ms
[2025-07-30T16:37:59.270+0800][25.096s][info][gc,phases   ] GC(484)   Other: 0.1ms
[2025-07-30T16:37:59.270+0800][25.096s][info][gc,heap     ] GC(484) Eden regions: 1017->0(1019)
[2025-07-30T16:37:59.270+0800][25.096s][info][gc,heap     ] GC(484) Survivor regions: 146->145(146)
[2025-07-30T16:37:59.270+0800][25.096s][info][gc,heap     ] GC(484) Old regions: 561->561
[2025-07-30T16:37:59.270+0800][25.096s][info][gc,heap     ] GC(484) Humongous regions: 3->3
[2025-07-30T16:37:59.270+0800][25.096s][info][gc,metaspace] GC(484) Metaspace: 7129K(7488K)->7129K(7488K) NonClass: 6405K(6592K)->6405K(6592K) Class: 724K(896K)->724K(896K)
[2025-07-30T16:37:59.270+0800][25.096s][info][gc          ] GC(484) Pause Young (Normal) (G1 Evacuation Pause) 1726M->708M(2048M) 16.180ms
[2025-07-30T16:37:59.270+0800][25.096s][info][gc,cpu      ] GC(484) User=0.02s Sys=0.00s Real=0.02s
[2025-07-30T16:37:59.270+0800][25.096s][info][safepoint   ] Safepoint "G1CollectForAllocation", Time since last: 38340700 ns, Reaching safepoint: 4100 ns, Cleanup: 5300 ns, At safepoint: 16226900 ns, Total: 16236300 ns
[2025-07-30T16:37:59.307+0800][25.133s][info][gc,start    ] GC(485) Pause Young (Normal) (G1 Evacuation Pause)
[2025-07-30T16:37:59.307+0800][25.133s][info][gc,task     ] GC(485) Using 1 workers of 1 for evacuation
[2025-07-30T16:37:59.323+0800][25.148s][info][gc,phases   ] GC(485)   Pre Evacuate Collection Set: 0.4ms
[2025-07-30T16:37:59.323+0800][25.148s][info][gc,phases   ] GC(485)   Merge Heap Roots: 0.1ms
[2025-07-30T16:37:59.323+0800][25.148s][info][gc,phases   ] GC(485)   Evacuate Collection Set: 14.3ms
[2025-07-30T16:37:59.323+0800][25.148s][info][gc,phases   ] GC(485)   Post Evacuate Collection Set: 0.7ms
[2025-07-30T16:37:59.323+0800][25.148s][info][gc,phases   ] GC(485)   Other: 0.1ms
[2025-07-30T16:37:59.323+0800][25.148s][info][gc,heap     ] GC(485) Eden regions: 1019->0(1017)
[2025-07-30T16:37:59.323+0800][25.148s][info][gc,heap     ] GC(485) Survivor regions: 145->146(146)
[2025-07-30T16:37:59.323+0800][25.148s][info][gc,heap     ] GC(485) Old regions: 561->561
[2025-07-30T16:37:59.323+0800][25.148s][info][gc,heap     ] GC(485) Humongous regions: 3->3
[2025-07-30T16:37:59.323+0800][25.148s][info][gc,metaspace] GC(485) Metaspace: 7129K(7488K)->7129K(7488K) NonClass: 6405K(6592K)->6405K(6592K) Class: 724K(896K)->724K(896K)
[2025-07-30T16:37:59.323+0800][25.148s][info][gc          ] GC(485) Pause Young (Normal) (G1 Evacuation Pause) 1727M->709M(2048M) 15.787ms
[2025-07-30T16:37:59.323+0800][25.148s][info][gc,cpu      ] GC(485) User=0.02s Sys=0.00s Real=0.02s
[2025-07-30T16:37:59.323+0800][25.148s][info][safepoint   ] Safepoint "G1CollectForAllocation", Time since last: 36650700 ns, Reaching safepoint: 3900 ns, Cleanup: 4400 ns, At safepoint: 15832800 ns, Total: 15841100 ns
[2025-07-30T16:37:59.360+0800][25.185s][info][gc,start    ] GC(486) Pause Young (Normal) (G1 Evacuation Pause)
[2025-07-30T16:37:59.360+0800][25.185s][info][gc,task     ] GC(486) Using 1 workers of 1 for evacuation
[2025-07-30T16:37:59.375+0800][25.200s][info][gc,phases   ] GC(486)   Pre Evacuate Collection Set: 0.4ms
[2025-07-30T16:37:59.375+0800][25.200s][info][gc,phases   ] GC(486)   Merge Heap Roots: 0.1ms
[2025-07-30T16:37:59.375+0800][25.200s][info][gc,phases   ] GC(486)   Evacuate Collection Set: 13.8ms
[2025-07-30T16:37:59.375+0800][25.200s][info][gc,phases   ] GC(486)   Post Evacuate Collection Set: 0.7ms
[2025-07-30T16:37:59.375+0800][25.200s][info][gc,phases   ] GC(486)   Other: 0.1ms
[2025-07-30T16:37:59.375+0800][25.201s][info][gc,heap     ] GC(486) Eden regions: 1017->0(1019)
[2025-07-30T16:37:59.375+0800][25.201s][info][gc,heap     ] GC(486) Survivor regions: 146->145(146)
[2025-07-30T16:37:59.375+0800][25.201s][info][gc,heap     ] GC(486) Old regions: 561->561
[2025-07-30T16:37:59.375+0800][25.201s][info][gc,heap     ] GC(486) Humongous regions: 3->3
[2025-07-30T16:37:59.375+0800][25.201s][info][gc,metaspace] GC(486) Metaspace: 7129K(7488K)->7129K(7488K) NonClass: 6405K(6592K)->6405K(6592K) Class: 724K(896K)->724K(896K)
[2025-07-30T16:37:59.375+0800][25.201s][info][gc          ] GC(486) Pause Young (Normal) (G1 Evacuation Pause) 1726M->708M(2048M) 15.507ms
[2025-07-30T16:37:59.375+0800][25.201s][info][gc,cpu      ] GC(486) User=0.02s Sys=0.00s Real=0.02s
[2025-07-30T16:37:59.376+0800][25.201s][info][safepoint   ] Safepoint "G1CollectForAllocation", Time since last: 36723800 ns, Reaching safepoint: 3200 ns, Cleanup: 3500 ns, At safepoint: 15548800 ns, Total: 15555500 ns
[2025-07-30T16:37:59.412+0800][25.238s][info][gc,start    ] GC(487) Pause Young (Normal) (G1 Evacuation Pause)
[2025-07-30T16:37:59.412+0800][25.238s][info][gc,task     ] GC(487) Using 1 workers of 1 for evacuation
[2025-07-30T16:37:59.427+0800][25.252s][info][gc,phases   ] GC(487)   Pre Evacuate Collection Set: 0.3ms
[2025-07-30T16:37:59.427+0800][25.252s][info][gc,phases   ] GC(487)   Merge Heap Roots: 0.0ms
[2025-07-30T16:37:59.427+0800][25.252s][info][gc,phases   ] GC(487)   Evacuate Collection Set: 13.6ms
[2025-07-30T16:37:59.427+0800][25.252s][info][gc,phases   ] GC(487)   Post Evacuate Collection Set: 0.6ms
[2025-07-30T16:37:59.427+0800][25.252s][info][gc,phases   ] GC(487)   Other: 0.1ms
[2025-07-30T16:37:59.427+0800][25.252s][info][gc,heap     ] GC(487) Eden regions: 1019->0(1017)
[2025-07-30T16:37:59.427+0800][25.252s][info][gc,heap     ] GC(487) Survivor regions: 145->146(146)
[2025-07-30T16:37:59.427+0800][25.252s][info][gc,heap     ] GC(487) Old regions: 561->561
[2025-07-30T16:37:59.427+0800][25.252s][info][gc,heap     ] GC(487) Humongous regions: 3->3
[2025-07-30T16:37:59.427+0800][25.252s][info][gc,metaspace] GC(487) Metaspace: 7129K(7488K)->7129K(7488K) NonClass: 6405K(6592K)->6405K(6592K) Class: 724K(896K)->724K(896K)
[2025-07-30T16:37:59.427+0800][25.252s][info][gc          ] GC(487) Pause Young (Normal) (G1 Evacuation Pause) 1727M->709M(2048M) 14.836ms
[2025-07-30T16:37:59.427+0800][25.252s][info][gc,cpu      ] GC(487) User=0.02s Sys=0.00s Real=0.02s
[2025-07-30T16:37:59.427+0800][25.252s][info][safepoint   ] Safepoint "G1CollectForAllocation", Time since last: 36894700 ns, Reaching safepoint: 2200 ns, Cleanup: 2500 ns, At safepoint: 14875400 ns, Total: 14880100 ns
[2025-07-30T16:37:59.465+0800][25.290s][info][gc,start    ] GC(488) Pause Young (Normal) (G1 Evacuation Pause)
[2025-07-30T16:37:59.465+0800][25.290s][info][gc,task     ] GC(488) Using 1 workers of 1 for evacuation
[2025-07-30T16:37:59.480+0800][25.305s][info][gc,phases   ] GC(488)   Pre Evacuate Collection Set: 0.3ms
[2025-07-30T16:37:59.480+0800][25.305s][info][gc,phases   ] GC(488)   Merge Heap Roots: 0.0ms
[2025-07-30T16:37:59.480+0800][25.305s][info][gc,phases   ] GC(488)   Evacuate Collection Set: 14.0ms
[2025-07-30T16:37:59.480+0800][25.305s][info][gc,phases   ] GC(488)   Post Evacuate Collection Set: 0.6ms
[2025-07-30T16:37:59.480+0800][25.305s][info][gc,phases   ] GC(488)   Other: 0.1ms
[2025-07-30T16:37:59.480+0800][25.305s][info][gc,heap     ] GC(488) Eden regions: 1017->0(1017)
[2025-07-30T16:37:59.480+0800][25.305s][info][gc,heap     ] GC(488) Survivor regions: 146->146(146)
[2025-07-30T16:37:59.480+0800][25.305s][info][gc,heap     ] GC(488) Old regions: 561->561
[2025-07-30T16:37:59.480+0800][25.305s][info][gc,heap     ] GC(488) Humongous regions: 3->3
[2025-07-30T16:37:59.480+0800][25.305s][info][gc,metaspace] GC(488) Metaspace: 7129K(7488K)->7129K(7488K) NonClass: 6405K(6592K)->6405K(6592K) Class: 724K(896K)->724K(896K)
[2025-07-30T16:37:59.480+0800][25.305s][info][gc          ] GC(488) Pause Young (Normal) (G1 Evacuation Pause) 1726M->708M(2048M) 15.221ms
[2025-07-30T16:37:59.480+0800][25.305s][info][gc,cpu      ] GC(488) User=0.02s Sys=0.00s Real=0.02s
[2025-07-30T16:37:59.480+0800][25.305s][info][safepoint   ] Safepoint "G1CollectForAllocation", Time since last: 37593700 ns, Reaching safepoint: 2700 ns, Cleanup: 2700 ns, At safepoint: 15260400 ns, Total: 15265800 ns
[2025-07-30T16:37:59.517+0800][25.342s][info][gc,start    ] GC(489) Pause Young (Normal) (G1 Evacuation Pause)
[2025-07-30T16:37:59.517+0800][25.342s][info][gc,task     ] GC(489) Using 1 workers of 1 for evacuation
[2025-07-30T16:37:59.531+0800][25.357s][info][gc,phases   ] GC(489)   Pre Evacuate Collection Set: 0.3ms
[2025-07-30T16:37:59.531+0800][25.357s][info][gc,phases   ] GC(489)   Merge Heap Roots: 0.0ms
[2025-07-30T16:37:59.531+0800][25.357s][info][gc,phases   ] GC(489)   Evacuate Collection Set: 13.7ms
[2025-07-30T16:37:59.531+0800][25.357s][info][gc,phases   ] GC(489)   Post Evacuate Collection Set: 0.6ms
[2025-07-30T16:37:59.531+0800][25.357s][info][gc,phases   ] GC(489)   Other: 0.1ms
[2025-07-30T16:37:59.531+0800][25.357s][info][gc,heap     ] GC(489) Eden regions: 1017->0(1019)
[2025-07-30T16:37:59.531+0800][25.357s][info][gc,heap     ] GC(489) Survivor regions: 146->145(146)
[2025-07-30T16:37:59.531+0800][25.357s][info][gc,heap     ] GC(489) Old regions: 561->561
[2025-07-30T16:37:59.531+0800][25.357s][info][gc,heap     ] GC(489) Humongous regions: 3->3
[2025-07-30T16:37:59.531+0800][25.357s][info][gc,metaspace] GC(489) Metaspace: 7129K(7488K)->7129K(7488K) NonClass: 6405K(6592K)->6405K(6592K) Class: 724K(896K)->724K(896K)
[2025-07-30T16:37:59.531+0800][25.357s][info][gc          ] GC(489) Pause Young (Normal) (G1 Evacuation Pause) 1725M->707M(2048M) 14.901ms
[2025-07-30T16:37:59.532+0800][25.357s][info][gc,cpu      ] GC(489) User=0.02s Sys=0.00s Real=0.02s
[2025-07-30T16:37:59.532+0800][25.357s][info][safepoint   ] Safepoint "G1CollectForAllocation", Time since last: 36722600 ns, Reaching safepoint: 2600 ns, Cleanup: 2500 ns, At safepoint: 14939300 ns, Total: 14944400 ns
[2025-07-30T16:37:59.568+0800][25.394s][info][gc,start    ] GC(490) Pause Young (Normal) (G1 Evacuation Pause)
[2025-07-30T16:37:59.568+0800][25.394s][info][gc,task     ] GC(490) Using 1 workers of 1 for evacuation
[2025-07-30T16:37:59.584+0800][25.409s][info][gc,phases   ] GC(490)   Pre Evacuate Collection Set: 0.3ms
[2025-07-30T16:37:59.584+0800][25.409s][info][gc,phases   ] GC(490)   Merge Heap Roots: 0.1ms
[2025-07-30T16:37:59.584+0800][25.409s][info][gc,phases   ] GC(490)   Evacuate Collection Set: 14.2ms
[2025-07-30T16:37:59.584+0800][25.409s][info][gc,phases   ] GC(490)   Post Evacuate Collection Set: 0.6ms
[2025-07-30T16:37:59.584+0800][25.409s][info][gc,phases   ] GC(490)   Other: 0.1ms
[2025-07-30T16:37:59.584+0800][25.409s][info][gc,heap     ] GC(490) Eden regions: 1019->0(1018)
[2025-07-30T16:37:59.584+0800][25.409s][info][gc,heap     ] GC(490) Survivor regions: 145->146(146)
[2025-07-30T16:37:59.584+0800][25.409s][info][gc,heap     ] GC(490) Old regions: 561->561
[2025-07-30T16:37:59.584+0800][25.409s][info][gc,heap     ] GC(490) Humongous regions: 3->3
[2025-07-30T16:37:59.584+0800][25.409s][info][gc,metaspace] GC(490) Metaspace: 7129K(7488K)->7129K(7488K) NonClass: 6405K(6592K)->6405K(6592K) Class: 724K(896K)->724K(896K)
[2025-07-30T16:37:59.584+0800][25.409s][info][gc          ] GC(490) Pause Young (Normal) (G1 Evacuation Pause) 1726M->708M(2048M) 15.376ms
[2025-07-30T16:37:59.584+0800][25.409s][info][gc,cpu      ] GC(490) User=0.02s Sys=0.00s Real=0.02s
[2025-07-30T16:37:59.584+0800][25.409s][info][safepoint   ] Safepoint "G1CollectForAllocation", Time since last: 36881400 ns, Reaching safepoint: 2400 ns, Cleanup: 2500 ns, At safepoint: 15420100 ns, Total: 15425000 ns
[2025-07-30T16:37:59.620+0800][25.445s][info][gc,start    ] GC(491) Pause Young (Normal) (G1 Evacuation Pause)
[2025-07-30T16:37:59.620+0800][25.445s][info][gc,task     ] GC(491) Using 1 workers of 1 for evacuation
[2025-07-30T16:37:59.636+0800][25.461s][info][gc,phases   ] GC(491)   Pre Evacuate Collection Set: 0.3ms
[2025-07-30T16:37:59.636+0800][25.461s][info][gc,phases   ] GC(491)   Merge Heap Roots: 0.1ms
[2025-07-30T16:37:59.636+0800][25.461s][info][gc,phases   ] GC(491)   Evacuate Collection Set: 14.2ms
[2025-07-30T16:37:59.636+0800][25.461s][info][gc,phases   ] GC(491)   Post Evacuate Collection Set: 0.7ms
[2025-07-30T16:37:59.636+0800][25.461s][info][gc,phases   ] GC(491)   Other: 0.1ms
[2025-07-30T16:37:59.636+0800][25.461s][info][gc,heap     ] GC(491) Eden regions: 1018->0(1018)
[2025-07-30T16:37:59.636+0800][25.461s][info][gc,heap     ] GC(491) Survivor regions: 146->146(146)
[2025-07-30T16:37:59.636+0800][25.461s][info][gc,heap     ] GC(491) Old regions: 561->561
[2025-07-30T16:37:59.636+0800][25.461s][info][gc,heap     ] GC(491) Humongous regions: 3->3
[2025-07-30T16:37:59.636+0800][25.461s][info][gc,metaspace] GC(491) Metaspace: 7129K(7488K)->7129K(7488K) NonClass: 6405K(6592K)->6405K(6592K) Class: 724K(896K)->724K(896K)
[2025-07-30T16:37:59.636+0800][25.461s][info][gc          ] GC(491) Pause Young (Normal) (G1 Evacuation Pause) 1726M->708M(2048M) 15.515ms
[2025-07-30T16:37:59.636+0800][25.461s][info][gc,cpu      ] GC(491) User=0.02s Sys=0.00s Real=0.02s
[2025-07-30T16:37:59.636+0800][25.461s][info][safepoint   ] Safepoint "G1CollectForAllocation", Time since last: 36016400 ns, Reaching safepoint: 2200 ns, Cleanup: 3100 ns, At safepoint: 15557100 ns, Total: 15562400 ns
[2025-07-30T16:37:59.674+0800][25.499s][info][gc,start    ] GC(492) Pause Young (Normal) (G1 Evacuation Pause)
[2025-07-30T16:37:59.674+0800][25.499s][info][gc,task     ] GC(492) Using 1 workers of 1 for evacuation
[2025-07-30T16:37:59.690+0800][25.515s][info][gc,phases   ] GC(492)   Pre Evacuate Collection Set: 0.4ms
[2025-07-30T16:37:59.690+0800][25.515s][info][gc,phases   ] GC(492)   Merge Heap Roots: 0.1ms
[2025-07-30T16:37:59.690+0800][25.515s][info][gc,phases   ] GC(492)   Evacuate Collection Set: 14.8ms
[2025-07-30T16:37:59.690+0800][25.515s][info][gc,phases   ] GC(492)   Post Evacuate Collection Set: 0.6ms
[2025-07-30T16:37:59.690+0800][25.515s][info][gc,phases   ] GC(492)   Other: 0.1ms
[2025-07-30T16:37:59.690+0800][25.515s][info][gc,heap     ] GC(492) Eden regions: 1018->0(1017)
[2025-07-30T16:37:59.690+0800][25.515s][info][gc,heap     ] GC(492) Survivor regions: 146->146(146)
[2025-07-30T16:37:59.690+0800][25.515s][info][gc,heap     ] GC(492) Old regions: 561->561
[2025-07-30T16:37:59.690+0800][25.515s][info][gc,heap     ] GC(492) Humongous regions: 3->3
[2025-07-30T16:37:59.690+0800][25.515s][info][gc,metaspace] GC(492) Metaspace: 7132K(7488K)->7132K(7488K) NonClass: 6408K(6592K)->6408K(6592K) Class: 724K(896K)->724K(896K)
[2025-07-30T16:37:59.690+0800][25.515s][info][gc          ] GC(492) Pause Young (Normal) (G1 Evacuation Pause) 1726M->709M(2048M) 16.077ms
[2025-07-30T16:37:59.690+0800][25.515s][info][gc,cpu      ] GC(492) User=0.02s Sys=0.00s Real=0.02s
[2025-07-30T16:37:59.690+0800][25.515s][info][safepoint   ] Safepoint "G1CollectForAllocation", Time since last: 37919700 ns, Reaching safepoint: 2500 ns, Cleanup: 2900 ns, At safepoint: 16117700 ns, Total: 16123100 ns
[2025-07-30T16:37:59.727+0800][25.552s][info][gc,start    ] GC(493) Pause Young (Normal) (G1 Evacuation Pause)
[2025-07-30T16:37:59.727+0800][25.552s][info][gc,task     ] GC(493) Using 1 workers of 1 for evacuation
[2025-07-30T16:37:59.741+0800][25.567s][info][gc,phases   ] GC(493)   Pre Evacuate Collection Set: 0.4ms
[2025-07-30T16:37:59.741+0800][25.567s][info][gc,phases   ] GC(493)   Merge Heap Roots: 0.0ms
[2025-07-30T16:37:59.741+0800][25.567s][info][gc,phases   ] GC(493)   Evacuate Collection Set: 13.7ms
[2025-07-30T16:37:59.741+0800][25.567s][info][gc,phases   ] GC(493)   Post Evacuate Collection Set: 0.6ms
[2025-07-30T16:37:59.741+0800][25.567s][info][gc,phases   ] GC(493)   Other: 0.1ms
[2025-07-30T16:37:59.741+0800][25.567s][info][gc,heap     ] GC(493) Eden regions: 1017->0(1019)
[2025-07-30T16:37:59.741+0800][25.567s][info][gc,heap     ] GC(493) Survivor regions: 146->145(146)
[2025-07-30T16:37:59.741+0800][25.567s][info][gc,heap     ] GC(493) Old regions: 561->561
[2025-07-30T16:37:59.741+0800][25.567s][info][gc,heap     ] GC(493) Humongous regions: 3->3
[2025-07-30T16:37:59.741+0800][25.567s][info][gc,metaspace] GC(493) Metaspace: 7141K(7488K)->7141K(7488K) NonClass: 6417K(6592K)->6417K(6592K) Class: 724K(896K)->724K(896K)
[2025-07-30T16:37:59.741+0800][25.567s][info][gc          ] GC(493) Pause Young (Normal) (G1 Evacuation Pause) 1726M->708M(2048M) 14.964ms
[2025-07-30T16:37:59.741+0800][25.567s][info][gc,cpu      ] GC(493) User=0.02s Sys=0.00s Real=0.01s
[2025-07-30T16:37:59.741+0800][25.567s][info][safepoint   ] Safepoint "G1CollectForAllocation", Time since last: 37261700 ns, Reaching safepoint: 2200 ns, Cleanup: 4800 ns, At safepoint: 15004200 ns, Total: 15011200 ns
[2025-07-30T16:37:59.779+0800][25.604s][info][gc,start    ] GC(494) Pause Young (Normal) (G1 Evacuation Pause)
[2025-07-30T16:37:59.779+0800][25.604s][info][gc,task     ] GC(494) Using 1 workers of 1 for evacuation
[2025-07-30T16:37:59.794+0800][25.619s][info][gc,phases   ] GC(494)   Pre Evacuate Collection Set: 0.3ms
[2025-07-30T16:37:59.794+0800][25.619s][info][gc,phases   ] GC(494)   Merge Heap Roots: 0.0ms
[2025-07-30T16:37:59.794+0800][25.619s][info][gc,phases   ] GC(494)   Evacuate Collection Set: 13.9ms
[2025-07-30T16:37:59.794+0800][25.619s][info][gc,phases   ] GC(494)   Post Evacuate Collection Set: 0.6ms
[2025-07-30T16:37:59.794+0800][25.619s][info][gc,phases   ] GC(494)   Other: 0.1ms
[2025-07-30T16:37:59.794+0800][25.619s][info][gc,heap     ] GC(494) Eden regions: 1019->0(1017)
[2025-07-30T16:37:59.794+0800][25.619s][info][gc,heap     ] GC(494) Survivor regions: 145->146(146)
[2025-07-30T16:37:59.794+0800][25.619s][info][gc,heap     ] GC(494) Old regions: 561->561
[2025-07-30T16:37:59.794+0800][25.619s][info][gc,heap     ] GC(494) Humongous regions: 3->3
[2025-07-30T16:37:59.794+0800][25.619s][info][gc,metaspace] GC(494) Metaspace: 7141K(7488K)->7141K(7488K) NonClass: 6417K(6592K)->6417K(6592K) Class: 724K(896K)->724K(896K)
[2025-07-30T16:37:59.794+0800][25.619s][info][gc          ] GC(494) Pause Young (Normal) (G1 Evacuation Pause) 1727M->709M(2048M) 15.104ms
[2025-07-30T16:37:59.794+0800][25.619s][info][gc,cpu      ] GC(494) User=0.02s Sys=0.00s Real=0.01s
[2025-07-30T16:37:59.794+0800][25.619s][info][safepoint   ] Safepoint "G1CollectForAllocation", Time since last: 37227700 ns, Reaching safepoint: 2200 ns, Cleanup: 2300 ns, At safepoint: 15141700 ns, Total: 15146200 ns
[2025-07-30T16:37:59.830+0800][25.656s][info][gc,start    ] GC(495) Pause Young (Normal) (G1 Evacuation Pause)
[2025-07-30T16:37:59.830+0800][25.656s][info][gc,task     ] GC(495) Using 1 workers of 1 for evacuation
[2025-07-30T16:37:59.847+0800][25.673s][info][gc,phases   ] GC(495)   Pre Evacuate Collection Set: 0.3ms
[2025-07-30T16:37:59.847+0800][25.673s][info][gc,phases   ] GC(495)   Merge Heap Roots: 0.0ms
[2025-07-30T16:37:59.847+0800][25.673s][info][gc,phases   ] GC(495)   Evacuate Collection Set: 15.9ms
[2025-07-30T16:37:59.847+0800][25.673s][info][gc,phases   ] GC(495)   Post Evacuate Collection Set: 0.6ms
[2025-07-30T16:37:59.847+0800][25.673s][info][gc,phases   ] GC(495)   Other: 0.1ms
[2025-07-30T16:37:59.847+0800][25.673s][info][gc,heap     ] GC(495) Eden regions: 1017->0(1019)
[2025-07-30T16:37:59.847+0800][25.673s][info][gc,heap     ] GC(495) Survivor regions: 146->145(146)
[2025-07-30T16:37:59.847+0800][25.673s][info][gc,heap     ] GC(495) Old regions: 561->561
[2025-07-30T16:37:59.847+0800][25.673s][info][gc,heap     ] GC(495) Humongous regions: 3->3
[2025-07-30T16:37:59.848+0800][25.673s][info][gc,metaspace] GC(495) Metaspace: 7141K(7488K)->7141K(7488K) NonClass: 6417K(6592K)->6417K(6592K) Class: 724K(896K)->724K(896K)
[2025-07-30T16:37:59.848+0800][25.673s][info][gc          ] GC(495) Pause Young (Normal) (G1 Evacuation Pause) 1726M->708M(2048M) 17.173ms
[2025-07-30T16:37:59.848+0800][25.673s][info][gc,cpu      ] GC(495) User=0.02s Sys=0.00s Real=0.02s
[2025-07-30T16:37:59.848+0800][25.673s][info][safepoint   ] Safepoint "G1CollectForAllocation", Time since last: 36589100 ns, Reaching safepoint: 1900 ns, Cleanup: 2400 ns, At safepoint: 17211300 ns, Total: 17215600 ns
[2025-07-30T16:37:59.884+0800][25.710s][info][gc,start    ] GC(496) Pause Young (Normal) (G1 Evacuation Pause)
[2025-07-30T16:37:59.885+0800][25.710s][info][gc,task     ] GC(496) Using 1 workers of 1 for evacuation
[2025-07-30T16:37:59.899+0800][25.725s][info][gc,phases   ] GC(496)   Pre Evacuate Collection Set: 0.4ms
[2025-07-30T16:37:59.899+0800][25.725s][info][gc,phases   ] GC(496)   Merge Heap Roots: 0.1ms
[2025-07-30T16:37:59.899+0800][25.725s][info][gc,phases   ] GC(496)   Evacuate Collection Set: 14.1ms
[2025-07-30T16:37:59.899+0800][25.725s][info][gc,phases   ] GC(496)   Post Evacuate Collection Set: 0.7ms
[2025-07-30T16:37:59.899+0800][25.725s][info][gc,phases   ] GC(496)   Other: 0.1ms
[2025-07-30T16:37:59.899+0800][25.725s][info][gc,heap     ] GC(496) Eden regions: 1019->0(1017)
[2025-07-30T16:37:59.899+0800][25.725s][info][gc,heap     ] GC(496) Survivor regions: 145->146(146)
[2025-07-30T16:37:59.899+0800][25.725s][info][gc,heap     ] GC(496) Old regions: 561->561
[2025-07-30T16:37:59.899+0800][25.725s][info][gc,heap     ] GC(496) Humongous regions: 3->3
[2025-07-30T16:37:59.899+0800][25.725s][info][gc,metaspace] GC(496) Metaspace: 7141K(7488K)->7141K(7488K) NonClass: 6417K(6592K)->6417K(6592K) Class: 724K(896K)->724K(896K)
[2025-07-30T16:37:59.900+0800][25.725s][info][gc          ] GC(496) Pause Young (Normal) (G1 Evacuation Pause) 1727M->709M(2048M) 15.548ms
[2025-07-30T16:37:59.900+0800][25.725s][info][gc,cpu      ] GC(496) User=0.02s Sys=0.00s Real=0.02s
[2025-07-30T16:37:59.900+0800][25.725s][info][safepoint   ] Safepoint "G1CollectForAllocation", Time since last: 36399700 ns, Reaching safepoint: 3800 ns, Cleanup: 3700 ns, At safepoint: 15591700 ns, Total: 15599200 ns
[2025-07-30T16:37:59.938+0800][25.763s][info][gc,start    ] GC(497) Pause Young (Normal) (G1 Evacuation Pause)
[2025-07-30T16:37:59.938+0800][25.763s][info][gc,task     ] GC(497) Using 1 workers of 1 for evacuation
[2025-07-30T16:37:59.953+0800][25.779s][info][gc,phases   ] GC(497)   Pre Evacuate Collection Set: 0.3ms
[2025-07-30T16:37:59.953+0800][25.779s][info][gc,phases   ] GC(497)   Merge Heap Roots: 0.0ms
[2025-07-30T16:37:59.953+0800][25.779s][info][gc,phases   ] GC(497)   Evacuate Collection Set: 14.2ms
[2025-07-30T16:37:59.953+0800][25.779s][info][gc,phases   ] GC(497)   Post Evacuate Collection Set: 0.7ms
[2025-07-30T16:37:59.953+0800][25.779s][info][gc,phases   ] GC(497)   Other: 0.1ms
[2025-07-30T16:37:59.953+0800][25.779s][info][gc,heap     ] GC(497) Eden regions: 1017->0(1017)
[2025-07-30T16:37:59.953+0800][25.779s][info][gc,heap     ] GC(497) Survivor regions: 146->146(146)
[2025-07-30T16:37:59.953+0800][25.779s][info][gc,heap     ] GC(497) Old regions: 561->561
[2025-07-30T16:37:59.953+0800][25.779s][info][gc,heap     ] GC(497) Humongous regions: 3->3
[2025-07-30T16:37:59.953+0800][25.779s][info][gc,metaspace] GC(497) Metaspace: 7141K(7488K)->7141K(7488K) NonClass: 6417K(6592K)->6417K(6592K) Class: 724K(896K)->724K(896K)
[2025-07-30T16:37:59.953+0800][25.779s][info][gc          ] GC(497) Pause Young (Normal) (G1 Evacuation Pause) 1726M->708M(2048M) 15.501ms
[2025-07-30T16:37:59.953+0800][25.779s][info][gc,cpu      ] GC(497) User=0.02s Sys=0.00s Real=0.02s
[2025-07-30T16:37:59.953+0800][25.779s][info][safepoint   ] Safepoint "G1CollectForAllocation", Time since last: 37931700 ns, Reaching safepoint: 2200 ns, Cleanup: 2900 ns, At safepoint: 15541500 ns, Total: 15546600 ns
[2025-07-30T16:37:59.990+0800][25.815s][info][gc,start    ] GC(498) Pause Young (Normal) (G1 Evacuation Pause)
[2025-07-30T16:37:59.990+0800][25.815s][info][gc,task     ] GC(498) Using 1 workers of 1 for evacuation
[2025-07-30T16:38:00.005+0800][25.830s][info][gc,phases   ] GC(498)   Pre Evacuate Collection Set: 0.6ms
[2025-07-30T16:38:00.005+0800][25.830s][info][gc,phases   ] GC(498)   Merge Heap Roots: 0.1ms
[2025-07-30T16:38:00.005+0800][25.831s][info][gc,phases   ] GC(498)   Evacuate Collection Set: 13.6ms
[2025-07-30T16:38:00.005+0800][25.831s][info][gc,phases   ] GC(498)   Post Evacuate Collection Set: 0.6ms
[2025-07-30T16:38:00.005+0800][25.831s][info][gc,phases   ] GC(498)   Other: 0.1ms
[2025-07-30T16:38:00.005+0800][25.831s][info][gc,heap     ] GC(498) Eden regions: 1017->0(1019)
[2025-07-30T16:38:00.005+0800][25.831s][info][gc,heap     ] GC(498) Survivor regions: 146->145(146)
[2025-07-30T16:38:00.005+0800][25.831s][info][gc,heap     ] GC(498) Old regions: 561->561
[2025-07-30T16:38:00.005+0800][25.831s][info][gc,heap     ] GC(498) Humongous regions: 3->3
[2025-07-30T16:38:00.005+0800][25.831s][info][gc,metaspace] GC(498) Metaspace: 7141K(7488K)->7141K(7488K) NonClass: 6417K(6592K)->6417K(6592K) Class: 724K(896K)->724K(896K)
[2025-07-30T16:38:00.005+0800][25.831s][info][gc          ] GC(498) Pause Young (Normal) (G1 Evacuation Pause) 1725M->707M(2048M) 15.308ms
[2025-07-30T16:38:00.005+0800][25.831s][info][gc,cpu      ] GC(498) User=0.02s Sys=0.00s Real=0.02s
[2025-07-30T16:38:00.005+0800][25.831s][info][safepoint   ] Safepoint "G1CollectForAllocation", Time since last: 36559000 ns, Reaching safepoint: 2400 ns, Cleanup: 2700 ns, At safepoint: 15349200 ns, Total: 15354300 ns
[2025-07-30T16:38:00.047+0800][25.873s][info][gc,start    ] GC(499) Pause Young (Normal) (G1 Evacuation Pause)
[2025-07-30T16:38:00.048+0800][25.873s][info][gc,task     ] GC(499) Using 1 workers of 1 for evacuation
[2025-07-30T16:38:00.067+0800][25.892s][info][gc,phases   ] GC(499)   Pre Evacuate Collection Set: 0.6ms
[2025-07-30T16:38:00.067+0800][25.892s][info][gc,phases   ] GC(499)   Merge Heap Roots: 0.1ms
[2025-07-30T16:38:00.067+0800][25.893s][info][gc,phases   ] GC(499)   Evacuate Collection Set: 18.1ms
[2025-07-30T16:38:00.067+0800][25.893s][info][gc,phases   ] GC(499)   Post Evacuate Collection Set: 0.8ms
[2025-07-30T16:38:00.067+0800][25.893s][info][gc,phases   ] GC(499)   Other: 0.1ms
[2025-07-30T16:38:00.067+0800][25.893s][info][gc,heap     ] GC(499) Eden regions: 1019->0(1018)
[2025-07-30T16:38:00.067+0800][25.893s][info][gc,heap     ] GC(499) Survivor regions: 145->146(146)
[2025-07-30T16:38:00.067+0800][25.893s][info][gc,heap     ] GC(499) Old regions: 561->561
[2025-07-30T16:38:00.067+0800][25.893s][info][gc,heap     ] GC(499) Humongous regions: 3->3
[2025-07-30T16:38:00.067+0800][25.893s][info][gc,metaspace] GC(499) Metaspace: 7141K(7488K)->7141K(7488K) NonClass: 6417K(6592K)->6417K(6592K) Class: 724K(896K)->724K(896K)
[2025-07-30T16:38:00.067+0800][25.893s][info][gc          ] GC(499) Pause Young (Normal) (G1 Evacuation Pause) 1726M->708M(2048M) 19.984ms
[2025-07-30T16:38:00.067+0800][25.893s][info][gc,cpu      ] GC(499) User=0.02s Sys=0.00s Real=0.02s
[2025-07-30T16:38:00.067+0800][25.893s][info][safepoint   ] Safepoint "G1CollectForAllocation", Time since last: 41946500 ns, Reaching safepoint: 4300 ns, Cleanup: 5300 ns, At safepoint: 20030500 ns, Total: 20040100 ns
[2025-07-30T16:38:00.107+0800][25.932s][info][gc,start    ] GC(500) Pause Young (Normal) (G1 Evacuation Pause)
[2025-07-30T16:38:00.107+0800][25.932s][info][gc,task     ] GC(500) Using 1 workers of 1 for evacuation
[2025-07-30T16:38:00.123+0800][25.949s][info][gc,phases   ] GC(500)   Pre Evacuate Collection Set: 0.5ms
[2025-07-30T16:38:00.123+0800][25.949s][info][gc,phases   ] GC(500)   Merge Heap Roots: 0.1ms
[2025-07-30T16:38:00.123+0800][25.949s][info][gc,phases   ] GC(500)   Evacuate Collection Set: 15.0ms
[2025-07-30T16:38:00.123+0800][25.949s][info][gc,phases   ] GC(500)   Post Evacuate Collection Set: 0.7ms
[2025-07-30T16:38:00.123+0800][25.949s][info][gc,phases   ] GC(500)   Other: 0.1ms
[2025-07-30T16:38:00.123+0800][25.949s][info][gc,heap     ] GC(500) Eden regions: 1018->0(1018)
[2025-07-30T16:38:00.123+0800][25.949s][info][gc,heap     ] GC(500) Survivor regions: 146->146(146)
[2025-07-30T16:38:00.123+0800][25.949s][info][gc,heap     ] GC(500) Old regions: 561->561
[2025-07-30T16:38:00.123+0800][25.949s][info][gc,heap     ] GC(500) Humongous regions: 3->3
[2025-07-30T16:38:00.123+0800][25.949s][info][gc,metaspace] GC(500) Metaspace: 7141K(7488K)->7141K(7488K) NonClass: 6417K(6592K)->6417K(6592K) Class: 724K(896K)->724K(896K)
[2025-07-30T16:38:00.123+0800][25.949s][info][gc          ] GC(500) Pause Young (Normal) (G1 Evacuation Pause) 1726M->708M(2048M) 16.612ms
[2025-07-30T16:38:00.123+0800][25.949s][info][gc,cpu      ] GC(500) User=0.02s Sys=0.00s Real=0.02s
[2025-07-30T16:38:00.123+0800][25.949s][info][safepoint   ] Safepoint "G1CollectForAllocation", Time since last: 39624000 ns, Reaching safepoint: 4800 ns, Cleanup: 5100 ns, At safepoint: 16655400 ns, Total: 16665300 ns
[2025-07-30T16:38:00.164+0800][25.989s][info][gc,start    ] GC(501) Pause Young (Normal) (G1 Evacuation Pause)
[2025-07-30T16:38:00.164+0800][25.989s][info][gc,task     ] GC(501) Using 1 workers of 1 for evacuation
[2025-07-30T16:38:00.180+0800][26.006s][info][gc,phases   ] GC(501)   Pre Evacuate Collection Set: 0.5ms
[2025-07-30T16:38:00.180+0800][26.006s][info][gc,phases   ] GC(501)   Merge Heap Roots: 0.1ms
[2025-07-30T16:38:00.180+0800][26.006s][info][gc,phases   ] GC(501)   Evacuate Collection Set: 14.8ms
[2025-07-30T16:38:00.180+0800][26.006s][info][gc,phases   ] GC(501)   Post Evacuate Collection Set: 0.7ms
[2025-07-30T16:38:00.180+0800][26.006s][info][gc,phases   ] GC(501)   Other: 0.1ms
[2025-07-30T16:38:00.180+0800][26.006s][info][gc,heap     ] GC(501) Eden regions: 1018->0(1018)
[2025-07-30T16:38:00.180+0800][26.006s][info][gc,heap     ] GC(501) Survivor regions: 146->146(146)
[2025-07-30T16:38:00.180+0800][26.006s][info][gc,heap     ] GC(501) Old regions: 561->561
[2025-07-30T16:38:00.180+0800][26.006s][info][gc,heap     ] GC(501) Humongous regions: 3->3
[2025-07-30T16:38:00.180+0800][26.006s][info][gc,metaspace] GC(501) Metaspace: 7141K(7488K)->7141K(7488K) NonClass: 6417K(6592K)->6417K(6592K) Class: 724K(896K)->724K(896K)
[2025-07-30T16:38:00.180+0800][26.006s][info][gc          ] GC(501) Pause Young (Normal) (G1 Evacuation Pause) 1726M->708M(2048M) 16.428ms
[2025-07-30T16:38:00.180+0800][26.006s][info][gc,cpu      ] GC(501) User=0.02s Sys=0.00s Real=0.02s
[2025-07-30T16:38:00.180+0800][26.006s][info][safepoint   ] Safepoint "G1CollectForAllocation", Time since last: 40258200 ns, Reaching safepoint: 4000 ns, Cleanup: 5600 ns, At safepoint: 16468900 ns, Total: 16478500 ns
[2025-07-30T16:38:00.220+0800][26.046s][info][gc,start    ] GC(502) Pause Young (Normal) (G1 Evacuation Pause)
[2025-07-30T16:38:00.220+0800][26.046s][info][gc,task     ] GC(502) Using 1 workers of 1 for evacuation
[2025-07-30T16:38:00.236+0800][26.062s][info][gc,phases   ] GC(502)   Pre Evacuate Collection Set: 0.5ms
[2025-07-30T16:38:00.237+0800][26.062s][info][gc,phases   ] GC(502)   Merge Heap Roots: 0.1ms
[2025-07-30T16:38:00.237+0800][26.062s][info][gc,phases   ] GC(502)   Evacuate Collection Set: 14.7ms
[2025-07-30T16:38:00.237+0800][26.062s][info][gc,phases   ] GC(502)   Post Evacuate Collection Set: 0.7ms
[2025-07-30T16:38:00.237+0800][26.062s][info][gc,phases   ] GC(502)   Other: 0.1ms
[2025-07-30T16:38:00.237+0800][26.062s][info][gc,heap     ] GC(502) Eden regions: 1018->0(1017)
[2025-07-30T16:38:00.237+0800][26.062s][info][gc,heap     ] GC(502) Survivor regions: 146->146(146)
[2025-07-30T16:38:00.237+0800][26.062s][info][gc,heap     ] GC(502) Old regions: 561->561
[2025-07-30T16:38:00.237+0800][26.062s][info][gc,heap     ] GC(502) Humongous regions: 3->3
[2025-07-30T16:38:00.237+0800][26.062s][info][gc,metaspace] GC(502) Metaspace: 7141K(7488K)->7141K(7488K) NonClass: 6417K(6592K)->6417K(6592K) Class: 724K(896K)->724K(896K)
[2025-07-30T16:38:00.237+0800][26.062s][info][gc          ] GC(502) Pause Young (Normal) (G1 Evacuation Pause) 1726M->709M(2048M) 16.348ms
[2025-07-30T16:38:00.237+0800][26.062s][info][gc,cpu      ] GC(502) User=0.02s Sys=0.00s Real=0.02s
[2025-07-30T16:38:00.237+0800][26.062s][info][safepoint   ] Safepoint "G1CollectForAllocation", Time since last: 40129600 ns, Reaching safepoint: 4900 ns, Cleanup: 5200 ns, At safepoint: 16392000 ns, Total: 16402100 ns
[2025-07-30T16:38:00.276+0800][26.101s][info][gc,start    ] GC(503) Pause Young (Normal) (G1 Evacuation Pause)
[2025-07-30T16:38:00.276+0800][26.101s][info][gc,task     ] GC(503) Using 1 workers of 1 for evacuation
[2025-07-30T16:38:00.293+0800][26.119s][info][gc,phases   ] GC(503)   Pre Evacuate Collection Set: 0.5ms
[2025-07-30T16:38:00.293+0800][26.119s][info][gc,phases   ] GC(503)   Merge Heap Roots: 0.1ms
[2025-07-30T16:38:00.293+0800][26.119s][info][gc,phases   ] GC(503)   Evacuate Collection Set: 16.0ms
[2025-07-30T16:38:00.293+0800][26.119s][info][gc,phases   ] GC(503)   Post Evacuate Collection Set: 0.8ms
[2025-07-30T16:38:00.293+0800][26.119s][info][gc,phases   ] GC(503)   Other: 0.1ms
[2025-07-30T16:38:00.293+0800][26.119s][info][gc,heap     ] GC(503) Eden regions: 1017->0(1019)
[2025-07-30T16:38:00.293+0800][26.119s][info][gc,heap     ] GC(503) Survivor regions: 146->145(146)
[2025-07-30T16:38:00.293+0800][26.119s][info][gc,heap     ] GC(503) Old regions: 561->561
[2025-07-30T16:38:00.293+0800][26.119s][info][gc,heap     ] GC(503) Humongous regions: 3->3
[2025-07-30T16:38:00.293+0800][26.119s][info][gc,metaspace] GC(503) Metaspace: 7141K(7488K)->7141K(7488K) NonClass: 6417K(6592K)->6417K(6592K) Class: 724K(896K)->724K(896K)
[2025-07-30T16:38:00.293+0800][26.119s][info][gc          ] GC(503) Pause Young (Normal) (G1 Evacuation Pause) 1726M->708M(2048M) 17.736ms
[2025-07-30T16:38:00.293+0800][26.119s][info][gc,cpu      ] GC(503) User=0.02s Sys=0.00s Real=0.02s
[2025-07-30T16:38:00.293+0800][26.119s][info][safepoint   ] Safepoint "G1CollectForAllocation", Time since last: 39089200 ns, Reaching safepoint: 3900 ns, Cleanup: 5000 ns, At safepoint: 17778100 ns, Total: 17787000 ns
[2025-07-30T16:38:00.332+0800][26.158s][info][gc,start    ] GC(504) Pause Young (Normal) (G1 Evacuation Pause)
[2025-07-30T16:38:00.332+0800][26.158s][info][gc,task     ] GC(504) Using 1 workers of 1 for evacuation
[2025-07-30T16:38:00.353+0800][26.178s][info][gc,phases   ] GC(504)   Pre Evacuate Collection Set: 0.5ms
[2025-07-30T16:38:00.353+0800][26.178s][info][gc,phases   ] GC(504)   Merge Heap Roots: 0.1ms
[2025-07-30T16:38:00.353+0800][26.178s][info][gc,phases   ] GC(504)   Evacuate Collection Set: 19.0ms
[2025-07-30T16:38:00.353+0800][26.178s][info][gc,phases   ] GC(504)   Post Evacuate Collection Set: 0.7ms
[2025-07-30T16:38:00.353+0800][26.178s][info][gc,phases   ] GC(504)   Other: 0.1ms
[2025-07-30T16:38:00.353+0800][26.178s][info][gc,heap     ] GC(504) Eden regions: 1019->0(1017)
[2025-07-30T16:38:00.353+0800][26.178s][info][gc,heap     ] GC(504) Survivor regions: 145->146(146)
[2025-07-30T16:38:00.353+0800][26.178s][info][gc,heap     ] GC(504) Old regions: 561->561
[2025-07-30T16:38:00.353+0800][26.178s][info][gc,heap     ] GC(504) Humongous regions: 3->3
[2025-07-30T16:38:00.353+0800][26.178s][info][gc,metaspace] GC(504) Metaspace: 7141K(7488K)->7141K(7488K) NonClass: 6417K(6592K)->6417K(6592K) Class: 724K(896K)->724K(896K)
[2025-07-30T16:38:00.353+0800][26.178s][info][gc          ] GC(504) Pause Young (Normal) (G1 Evacuation Pause) 1727M->709M(2048M) 20.545ms
[2025-07-30T16:38:00.353+0800][26.178s][info][gc,cpu      ] GC(504) User=0.02s Sys=0.00s Real=0.02s
[2025-07-30T16:38:00.353+0800][26.178s][info][safepoint   ] Safepoint "G1CollectForAllocation", Time since last: 38723700 ns, Reaching safepoint: 4500 ns, Cleanup: 5500 ns, At safepoint: 20586600 ns, Total: 20596600 ns
[2025-07-30T16:38:00.390+0800][26.216s][info][gc,start    ] GC(505) Pause Young (Normal) (G1 Evacuation Pause)
[2025-07-30T16:38:00.390+0800][26.216s][info][gc,task     ] GC(505) Using 1 workers of 1 for evacuation
[2025-07-30T16:38:00.406+0800][26.232s][info][gc,phases   ] GC(505)   Pre Evacuate Collection Set: 0.4ms
[2025-07-30T16:38:00.406+0800][26.232s][info][gc,phases   ] GC(505)   Merge Heap Roots: 0.1ms
[2025-07-30T16:38:00.406+0800][26.232s][info][gc,phases   ] GC(505)   Evacuate Collection Set: 14.6ms
[2025-07-30T16:38:00.406+0800][26.232s][info][gc,phases   ] GC(505)   Post Evacuate Collection Set: 0.7ms
[2025-07-30T16:38:00.406+0800][26.232s][info][gc,phases   ] GC(505)   Other: 0.1ms
[2025-07-30T16:38:00.406+0800][26.232s][info][gc,heap     ] GC(505) Eden regions: 1017->0(1019)
[2025-07-30T16:38:00.406+0800][26.232s][info][gc,heap     ] GC(505) Survivor regions: 146->145(146)
[2025-07-30T16:38:00.406+0800][26.232s][info][gc,heap     ] GC(505) Old regions: 561->561
[2025-07-30T16:38:00.406+0800][26.232s][info][gc,heap     ] GC(505) Humongous regions: 3->3
[2025-07-30T16:38:00.406+0800][26.232s][info][gc,metaspace] GC(505) Metaspace: 7141K(7488K)->7141K(7488K) NonClass: 6417K(6592K)->6417K(6592K) Class: 724K(896K)->724K(896K)
[2025-07-30T16:38:00.406+0800][26.232s][info][gc          ] GC(505) Pause Young (Normal) (G1 Evacuation Pause) 1726M->708M(2048M) 16.077ms
[2025-07-30T16:38:00.406+0800][26.232s][info][gc,cpu      ] GC(505) User=0.02s Sys=0.00s Real=0.02s
[2025-07-30T16:38:00.406+0800][26.232s][info][safepoint   ] Safepoint "G1CollectForAllocation", Time since last: 37269800 ns, Reaching safepoint: 2500 ns, Cleanup: 2900 ns, At safepoint: 16116700 ns, Total: 16122100 ns
[2025-07-30T16:38:00.445+0800][26.271s][info][gc,start    ] GC(506) Pause Young (Normal) (G1 Evacuation Pause)
[2025-07-30T16:38:00.445+0800][26.271s][info][gc,task     ] GC(506) Using 1 workers of 1 for evacuation
[2025-07-30T16:38:00.462+0800][26.288s][info][gc,phases   ] GC(506)   Pre Evacuate Collection Set: 0.4ms
[2025-07-30T16:38:00.462+0800][26.288s][info][gc,phases   ] GC(506)   Merge Heap Roots: 0.1ms
[2025-07-30T16:38:00.462+0800][26.288s][info][gc,phases   ] GC(506)   Evacuate Collection Set: 16.2ms
[2025-07-30T16:38:00.462+0800][26.288s][info][gc,phases   ] GC(506)   Post Evacuate Collection Set: 0.8ms
[2025-07-30T16:38:00.462+0800][26.288s][info][gc,phases   ] GC(506)   Other: 0.1ms
[2025-07-30T16:38:00.463+0800][26.288s][info][gc,heap     ] GC(506) Eden regions: 1019->0(1017)
[2025-07-30T16:38:00.463+0800][26.288s][info][gc,heap     ] GC(506) Survivor regions: 145->146(146)
[2025-07-30T16:38:00.463+0800][26.288s][info][gc,heap     ] GC(506) Old regions: 561->561
[2025-07-30T16:38:00.463+0800][26.288s][info][gc,heap     ] GC(506) Humongous regions: 3->3
[2025-07-30T16:38:00.463+0800][26.288s][info][gc,metaspace] GC(506) Metaspace: 7141K(7488K)->7141K(7488K) NonClass: 6417K(6592K)->6417K(6592K) Class: 724K(896K)->724K(896K)
[2025-07-30T16:38:00.463+0800][26.288s][info][gc          ] GC(506) Pause Young (Normal) (G1 Evacuation Pause) 1727M->709M(2048M) 17.847ms
[2025-07-30T16:38:00.463+0800][26.288s][info][gc,cpu      ] GC(506) User=0.02s Sys=0.00s Real=0.02s
[2025-07-30T16:38:00.463+0800][26.288s][info][safepoint   ] Safepoint "G1CollectForAllocation", Time since last: 38749700 ns, Reaching safepoint: 4100 ns, Cleanup: 4800 ns, At safepoint: 17897500 ns, Total: 17906400 ns
[2025-07-30T16:38:00.503+0800][26.328s][info][gc,start    ] GC(507) Pause Young (Normal) (G1 Evacuation Pause)
[2025-07-30T16:38:00.503+0800][26.329s][info][gc,task     ] GC(507) Using 1 workers of 1 for evacuation
[2025-07-30T16:38:00.523+0800][26.348s][info][gc,phases   ] GC(507)   Pre Evacuate Collection Set: 0.5ms
[2025-07-30T16:38:00.523+0800][26.348s][info][gc,phases   ] GC(507)   Merge Heap Roots: 0.1ms
[2025-07-30T16:38:00.523+0800][26.348s][info][gc,phases   ] GC(507)   Evacuate Collection Set: 18.1ms
[2025-07-30T16:38:00.523+0800][26.348s][info][gc,phases   ] GC(507)   Post Evacuate Collection Set: 0.7ms
[2025-07-30T16:38:00.523+0800][26.348s][info][gc,phases   ] GC(507)   Other: 0.1ms
[2025-07-30T16:38:00.523+0800][26.348s][info][gc,heap     ] GC(507) Eden regions: 1017->0(1017)
[2025-07-30T16:38:00.523+0800][26.348s][info][gc,heap     ] GC(507) Survivor regions: 146->146(146)
[2025-07-30T16:38:00.523+0800][26.348s][info][gc,heap     ] GC(507) Old regions: 561->561
[2025-07-30T16:38:00.523+0800][26.348s][info][gc,heap     ] GC(507) Humongous regions: 3->3
[2025-07-30T16:38:00.523+0800][26.348s][info][gc,metaspace] GC(507) Metaspace: 7141K(7488K)->7141K(7488K) NonClass: 6417K(6592K)->6417K(6592K) Class: 724K(896K)->724K(896K)
[2025-07-30T16:38:00.523+0800][26.348s][info][gc          ] GC(507) Pause Young (Normal) (G1 Evacuation Pause) 1726M->708M(2048M) 19.762ms
[2025-07-30T16:38:00.523+0800][26.348s][info][gc,cpu      ] GC(507) User=0.02s Sys=0.00s Real=0.02s
[2025-07-30T16:38:00.523+0800][26.348s][info][safepoint   ] Safepoint "G1CollectForAllocation", Time since last: 39973100 ns, Reaching safepoint: 4500 ns, Cleanup: 5200 ns, At safepoint: 19817800 ns, Total: 19827500 ns
[2025-07-30T16:38:00.561+0800][26.387s][info][gc,start    ] GC(508) Pause Young (Normal) (G1 Evacuation Pause)
[2025-07-30T16:38:00.561+0800][26.387s][info][gc,task     ] GC(508) Using 1 workers of 1 for evacuation
[2025-07-30T16:38:00.577+0800][26.402s][info][gc,phases   ] GC(508)   Pre Evacuate Collection Set: 0.4ms
[2025-07-30T16:38:00.577+0800][26.402s][info][gc,phases   ] GC(508)   Merge Heap Roots: 0.1ms
[2025-07-30T16:38:00.577+0800][26.402s][info][gc,phases   ] GC(508)   Evacuate Collection Set: 14.4ms
[2025-07-30T16:38:00.577+0800][26.402s][info][gc,phases   ] GC(508)   Post Evacuate Collection Set: 0.7ms
[2025-07-30T16:38:00.578+0800][26.402s][info][gc,phases   ] GC(508)   Other: 0.1ms
[2025-07-30T16:38:00.578+0800][26.402s][info][gc,heap     ] GC(508) Eden regions: 1017->0(1019)
[2025-07-30T16:38:00.578+0800][26.403s][info][gc,heap     ] GC(508) Survivor regions: 146->145(146)
[2025-07-30T16:38:00.578+0800][26.403s][info][gc,heap     ] GC(508) Old regions: 561->561
[2025-07-30T16:38:00.578+0800][26.403s][info][gc,heap     ] GC(508) Humongous regions: 3->3
[2025-07-30T16:38:00.578+0800][26.403s][info][gc,metaspace] GC(508) Metaspace: 7141K(7488K)->7141K(7488K) NonClass: 6417K(6592K)->6417K(6592K) Class: 724K(896K)->724K(896K)
[2025-07-30T16:38:00.578+0800][26.403s][info][gc          ] GC(508) Pause Young (Normal) (G1 Evacuation Pause) 1725M->707M(2048M) 16.038ms
[2025-07-30T16:38:00.578+0800][26.403s][info][gc,cpu      ] GC(508) User=0.02s Sys=0.00s Real=0.02s
[2025-07-30T16:38:00.578+0800][26.403s][info][safepoint   ] Safepoint "G1CollectForAllocation", Time since last: 38273300 ns, Reaching safepoint: 6600 ns, Cleanup: 4100 ns, At safepoint: 16078900 ns, Total: 16089600 ns
[2025-07-30T16:38:00.615+0800][26.441s][info][gc,start    ] GC(509) Pause Young (Normal) (G1 Evacuation Pause)
[2025-07-30T16:38:00.615+0800][26.441s][info][gc,task     ] GC(509) Using 1 workers of 1 for evacuation
[2025-07-30T16:38:00.631+0800][26.456s][info][gc,phases   ] GC(509)   Pre Evacuate Collection Set: 0.5ms
[2025-07-30T16:38:00.631+0800][26.456s][info][gc,phases   ] GC(509)   Merge Heap Roots: 0.1ms
[2025-07-30T16:38:00.631+0800][26.456s][info][gc,phases   ] GC(509)   Evacuate Collection Set: 14.3ms
[2025-07-30T16:38:00.631+0800][26.456s][info][gc,phases   ] GC(509)   Post Evacuate Collection Set: 0.7ms
[2025-07-30T16:38:00.631+0800][26.456s][info][gc,phases   ] GC(509)   Other: 0.1ms
[2025-07-30T16:38:00.631+0800][26.456s][info][gc,heap     ] GC(509) Eden regions: 1019->0(1018)
[2025-07-30T16:38:00.631+0800][26.456s][info][gc,heap     ] GC(509) Survivor regions: 145->146(146)
[2025-07-30T16:38:00.631+0800][26.456s][info][gc,heap     ] GC(509) Old regions: 561->561
[2025-07-30T16:38:00.631+0800][26.456s][info][gc,heap     ] GC(509) Humongous regions: 3->3
[2025-07-30T16:38:00.631+0800][26.456s][info][gc,metaspace] GC(509) Metaspace: 7141K(7488K)->7141K(7488K) NonClass: 6417K(6592K)->6417K(6592K) Class: 724K(896K)->724K(896K)
[2025-07-30T16:38:00.631+0800][26.456s][info][gc          ] GC(509) Pause Young (Normal) (G1 Evacuation Pause) 1726M->708M(2048M) 15.783ms
[2025-07-30T16:38:00.631+0800][26.456s][info][gc,cpu      ] GC(509) User=0.02s Sys=0.00s Real=0.02s
[2025-07-30T16:38:00.631+0800][26.456s][info][safepoint   ] Safepoint "G1CollectForAllocation", Time since last: 37975900 ns, Reaching safepoint: 4100 ns, Cleanup: 4600 ns, At safepoint: 15868500 ns, Total: 15877200 ns
[2025-07-30T16:38:00.670+0800][26.495s][info][gc,start    ] GC(510) Pause Young (Normal) (G1 Evacuation Pause)
[2025-07-30T16:38:00.670+0800][26.495s][info][gc,task     ] GC(510) Using 1 workers of 1 for evacuation
[2025-07-30T16:38:00.686+0800][26.512s][info][gc,phases   ] GC(510)   Pre Evacuate Collection Set: 0.5ms
[2025-07-30T16:38:00.686+0800][26.512s][info][gc,phases   ] GC(510)   Merge Heap Roots: 0.1ms
[2025-07-30T16:38:00.686+0800][26.512s][info][gc,phases   ] GC(510)   Evacuate Collection Set: 14.7ms
[2025-07-30T16:38:00.686+0800][26.512s][info][gc,phases   ] GC(510)   Post Evacuate Collection Set: 0.9ms
[2025-07-30T16:38:00.686+0800][26.512s][info][gc,phases   ] GC(510)   Other: 0.1ms
[2025-07-30T16:38:00.686+0800][26.512s][info][gc,heap     ] GC(510) Eden regions: 1018->0(1018)
[2025-07-30T16:38:00.686+0800][26.512s][info][gc,heap     ] GC(510) Survivor regions: 146->146(146)
[2025-07-30T16:38:00.686+0800][26.512s][info][gc,heap     ] GC(510) Old regions: 561->561
[2025-07-30T16:38:00.686+0800][26.512s][info][gc,heap     ] GC(510) Humongous regions: 3->3
[2025-07-30T16:38:00.686+0800][26.512s][info][gc,metaspace] GC(510) Metaspace: 7141K(7488K)->7141K(7488K) NonClass: 6417K(6592K)->6417K(6592K) Class: 724K(896K)->724K(896K)
[2025-07-30T16:38:00.686+0800][26.512s][info][gc          ] GC(510) Pause Young (Normal) (G1 Evacuation Pause) 1726M->708M(2048M) 16.430ms
[2025-07-30T16:38:00.686+0800][26.512s][info][gc,cpu      ] GC(510) User=0.02s Sys=0.00s Real=0.02s
[2025-07-30T16:38:00.686+0800][26.512s][info][safepoint   ] Safepoint "G1CollectForAllocation", Time since last: 38805400 ns, Reaching safepoint: 3800 ns, Cleanup: 4600 ns, At safepoint: 16471300 ns, Total: 16479700 ns
[2025-07-30T16:38:00.725+0800][26.551s][info][gc,start    ] GC(511) Pause Young (Normal) (G1 Evacuation Pause)
[2025-07-30T16:38:00.725+0800][26.551s][info][gc,task     ] GC(511) Using 1 workers of 1 for evacuation
[2025-07-30T16:38:00.741+0800][26.567s][info][gc,phases   ] GC(511)   Pre Evacuate Collection Set: 0.5ms
[2025-07-30T16:38:00.741+0800][26.567s][info][gc,phases   ] GC(511)   Merge Heap Roots: 0.1ms
[2025-07-30T16:38:00.741+0800][26.567s][info][gc,phases   ] GC(511)   Evacuate Collection Set: 14.6ms
[2025-07-30T16:38:00.741+0800][26.567s][info][gc,phases   ] GC(511)   Post Evacuate Collection Set: 0.8ms
[2025-07-30T16:38:00.741+0800][26.567s][info][gc,phases   ] GC(511)   Other: 0.1ms
[2025-07-30T16:38:00.741+0800][26.567s][info][gc,heap     ] GC(511) Eden regions: 1018->0(1018)
[2025-07-30T16:38:00.741+0800][26.567s][info][gc,heap     ] GC(511) Survivor regions: 146->146(146)
[2025-07-30T16:38:00.741+0800][26.567s][info][gc,heap     ] GC(511) Old regions: 561->561
[2025-07-30T16:38:00.741+0800][26.567s][info][gc,heap     ] GC(511) Humongous regions: 3->3
[2025-07-30T16:38:00.741+0800][26.567s][info][gc,metaspace] GC(511) Metaspace: 7151K(7488K)->7151K(7488K) NonClass: 6426K(6592K)->6426K(6592K) Class: 724K(896K)->724K(896K)
[2025-07-30T16:38:00.741+0800][26.567s][info][gc          ] GC(511) Pause Young (Normal) (G1 Evacuation Pause) 1726M->708M(2048M) 16.244ms
[2025-07-30T16:38:00.741+0800][26.567s][info][gc,cpu      ] GC(511) User=0.02s Sys=0.00s Real=0.02s
[2025-07-30T16:38:00.741+0800][26.567s][info][safepoint   ] Safepoint "G1CollectForAllocation", Time since last: 38884700 ns, Reaching safepoint: 3200 ns, Cleanup: 7600 ns, At safepoint: 16284500 ns, Total: 16295300 ns
[2025-07-30T16:38:00.780+0800][26.605s][info][gc,start    ] GC(512) Pause Young (Normal) (G1 Evacuation Pause)
[2025-07-30T16:38:00.780+0800][26.605s][info][gc,task     ] GC(512) Using 1 workers of 1 for evacuation
[2025-07-30T16:38:00.796+0800][26.622s][info][gc,phases   ] GC(512)   Pre Evacuate Collection Set: 0.4ms
[2025-07-30T16:38:00.796+0800][26.622s][info][gc,phases   ] GC(512)   Merge Heap Roots: 0.1ms
[2025-07-30T16:38:00.796+0800][26.622s][info][gc,phases   ] GC(512)   Evacuate Collection Set: 14.9ms
[2025-07-30T16:38:00.796+0800][26.622s][info][gc,phases   ] GC(512)   Post Evacuate Collection Set: 0.7ms
[2025-07-30T16:38:00.796+0800][26.622s][info][gc,phases   ] GC(512)   Other: 0.1ms
[2025-07-30T16:38:00.796+0800][26.622s][info][gc,heap     ] GC(512) Eden regions: 1018->0(1017)
[2025-07-30T16:38:00.796+0800][26.622s][info][gc,heap     ] GC(512) Survivor regions: 146->146(146)
[2025-07-30T16:38:00.796+0800][26.622s][info][gc,heap     ] GC(512) Old regions: 561->561
[2025-07-30T16:38:00.796+0800][26.622s][info][gc,heap     ] GC(512) Humongous regions: 3->3
[2025-07-30T16:38:00.796+0800][26.622s][info][gc,metaspace] GC(512) Metaspace: 7151K(7488K)->7151K(7488K) NonClass: 6426K(6592K)->6426K(6592K) Class: 724K(896K)->724K(896K)
[2025-07-30T16:38:00.796+0800][26.622s][info][gc          ] GC(512) Pause Young (Normal) (G1 Evacuation Pause) 1726M->709M(2048M) 16.401ms
[2025-07-30T16:38:00.796+0800][26.622s][info][gc,cpu      ] GC(512) User=0.02s Sys=0.00s Real=0.02s
[2025-07-30T16:38:00.796+0800][26.622s][info][safepoint   ] Safepoint "G1CollectForAllocation", Time since last: 38340900 ns, Reaching safepoint: 3800 ns, Cleanup: 4500 ns, At safepoint: 16442000 ns, Total: 16450300 ns
[2025-07-30T16:38:00.834+0800][26.660s][info][gc,start    ] GC(513) Pause Young (Normal) (G1 Evacuation Pause)
[2025-07-30T16:38:00.834+0800][26.660s][info][gc,task     ] GC(513) Using 1 workers of 1 for evacuation
[2025-07-30T16:38:00.850+0800][26.676s][info][gc,phases   ] GC(513)   Pre Evacuate Collection Set: 0.4ms
[2025-07-30T16:38:00.850+0800][26.676s][info][gc,phases   ] GC(513)   Merge Heap Roots: 0.1ms
[2025-07-30T16:38:00.850+0800][26.676s][info][gc,phases   ] GC(513)   Evacuate Collection Set: 14.6ms
[2025-07-30T16:38:00.850+0800][26.676s][info][gc,phases   ] GC(513)   Post Evacuate Collection Set: 0.7ms
[2025-07-30T16:38:00.850+0800][26.676s][info][gc,phases   ] GC(513)   Other: 0.1ms
[2025-07-30T16:38:00.850+0800][26.676s][info][gc,heap     ] GC(513) Eden regions: 1017->0(1019)
[2025-07-30T16:38:00.850+0800][26.676s][info][gc,heap     ] GC(513) Survivor regions: 146->145(146)
[2025-07-30T16:38:00.850+0800][26.676s][info][gc,heap     ] GC(513) Old regions: 561->561
[2025-07-30T16:38:00.851+0800][26.676s][info][gc,heap     ] GC(513) Humongous regions: 3->3
[2025-07-30T16:38:00.851+0800][26.676s][info][gc,metaspace] GC(513) Metaspace: 7151K(7488K)->7151K(7488K) NonClass: 6426K(6592K)->6426K(6592K) Class: 724K(896K)->724K(896K)
[2025-07-30T16:38:00.851+0800][26.676s][info][gc          ] GC(513) Pause Young (Normal) (G1 Evacuation Pause) 1726M->708M(2048M) 16.117ms
[2025-07-30T16:38:00.851+0800][26.676s][info][gc,cpu      ] GC(513) User=0.02s Sys=0.00s Real=0.02s
[2025-07-30T16:38:00.851+0800][26.676s][info][safepoint   ] Safepoint "G1CollectForAllocation", Time since last: 38469000 ns, Reaching safepoint: 3400 ns, Cleanup: 4300 ns, At safepoint: 16158300 ns, Total: 16166000 ns
[2025-07-30T16:38:00.888+0800][26.714s][info][gc,start    ] GC(514) Pause Young (Normal) (G1 Evacuation Pause)
[2025-07-30T16:38:00.889+0800][26.714s][info][gc,task     ] GC(514) Using 1 workers of 1 for evacuation
[2025-07-30T16:38:00.906+0800][26.732s][info][gc,phases   ] GC(514)   Pre Evacuate Collection Set: 0.5ms
[2025-07-30T16:38:00.906+0800][26.732s][info][gc,phases   ] GC(514)   Merge Heap Roots: 0.1ms
[2025-07-30T16:38:00.906+0800][26.732s][info][gc,phases   ] GC(514)   Evacuate Collection Set: 15.8ms
[2025-07-30T16:38:00.906+0800][26.732s][info][gc,phases   ] GC(514)   Post Evacuate Collection Set: 0.8ms
[2025-07-30T16:38:00.906+0800][26.732s][info][gc,phases   ] GC(514)   Other: 0.1ms
[2025-07-30T16:38:00.906+0800][26.732s][info][gc,heap     ] GC(514) Eden regions: 1019->0(1017)
[2025-07-30T16:38:00.906+0800][26.732s][info][gc,heap     ] GC(514) Survivor regions: 145->146(146)
[2025-07-30T16:38:00.906+0800][26.732s][info][gc,heap     ] GC(514) Old regions: 561->561
[2025-07-30T16:38:00.906+0800][26.732s][info][gc,heap     ] GC(514) Humongous regions: 3->3
[2025-07-30T16:38:00.906+0800][26.732s][info][gc,metaspace] GC(514) Metaspace: 7151K(7488K)->7151K(7488K) NonClass: 6426K(6592K)->6426K(6592K) Class: 724K(896K)->724K(896K)
[2025-07-30T16:38:00.906+0800][26.732s][info][gc          ] GC(514) Pause Young (Normal) (G1 Evacuation Pause) 1727M->709M(2048M) 17.439ms
[2025-07-30T16:38:00.906+0800][26.732s][info][gc,cpu      ] GC(514) User=0.02s Sys=0.00s Real=0.02s
[2025-07-30T16:38:00.906+0800][26.732s][info][safepoint   ] Safepoint "G1CollectForAllocation", Time since last: 37935500 ns, Reaching safepoint: 4000 ns, Cleanup: 4600 ns, At safepoint: 17484900 ns, Total: 17493500 ns
[2025-07-30T16:38:00.944+0800][26.770s][info][gc,start    ] GC(515) Pause Young (Normal) (G1 Evacuation Pause)
[2025-07-30T16:38:00.944+0800][26.770s][info][gc,task     ] GC(515) Using 1 workers of 1 for evacuation
[2025-07-30T16:38:00.961+0800][26.787s][info][gc,phases   ] GC(515)   Pre Evacuate Collection Set: 0.5ms
[2025-07-30T16:38:00.961+0800][26.787s][info][gc,phases   ] GC(515)   Merge Heap Roots: 0.1ms
[2025-07-30T16:38:00.961+0800][26.787s][info][gc,phases   ] GC(515)   Evacuate Collection Set: 15.4ms
[2025-07-30T16:38:00.961+0800][26.787s][info][gc,phases   ] GC(515)   Post Evacuate Collection Set: 0.8ms
[2025-07-30T16:38:00.961+0800][26.787s][info][gc,phases   ] GC(515)   Other: 0.1ms
[2025-07-30T16:38:00.961+0800][26.787s][info][gc,heap     ] GC(515) Eden regions: 1017->0(1019)
[2025-07-30T16:38:00.961+0800][26.787s][info][gc,heap     ] GC(515) Survivor regions: 146->145(146)
[2025-07-30T16:38:00.961+0800][26.787s][info][gc,heap     ] GC(515) Old regions: 561->561
[2025-07-30T16:38:00.961+0800][26.787s][info][gc,heap     ] GC(515) Humongous regions: 3->3
[2025-07-30T16:38:00.961+0800][26.787s][info][gc,metaspace] GC(515) Metaspace: 7151K(7488K)->7151K(7488K) NonClass: 6426K(6592K)->6426K(6592K) Class: 724K(896K)->724K(896K)
[2025-07-30T16:38:00.961+0800][26.787s][info][gc          ] GC(515) Pause Young (Normal) (G1 Evacuation Pause) 1726M->708M(2048M) 17.008ms
[2025-07-30T16:38:00.961+0800][26.787s][info][gc,cpu      ] GC(515) User=0.02s Sys=0.00s Real=0.02s
[2025-07-30T16:38:00.961+0800][26.787s][info][safepoint   ] Safepoint "G1CollectForAllocation", Time since last: 37863500 ns, Reaching safepoint: 3200 ns, Cleanup: 3700 ns, At safepoint: 17048300 ns, Total: 17055200 ns
[2025-07-30T16:38:01.001+0800][26.827s][info][gc,start    ] GC(516) Pause Young (Normal) (G1 Evacuation Pause)
[2025-07-30T16:38:01.001+0800][26.827s][info][gc,task     ] GC(516) Using 1 workers of 1 for evacuation
[2025-07-30T16:38:01.019+0800][26.844s][info][gc,phases   ] GC(516)   Pre Evacuate Collection Set: 0.6ms
[2025-07-30T16:38:01.019+0800][26.844s][info][gc,phases   ] GC(516)   Merge Heap Roots: 0.1ms
[2025-07-30T16:38:01.019+0800][26.844s][info][gc,phases   ] GC(516)   Evacuate Collection Set: 15.4ms
[2025-07-30T16:38:01.019+0800][26.844s][info][gc,phases   ] GC(516)   Post Evacuate Collection Set: 0.7ms
[2025-07-30T16:38:01.019+0800][26.844s][info][gc,phases   ] GC(516)   Other: 0.1ms
[2025-07-30T16:38:01.019+0800][26.844s][info][gc,heap     ] GC(516) Eden regions: 1019->0(1017)
[2025-07-30T16:38:01.019+0800][26.844s][info][gc,heap     ] GC(516) Survivor regions: 145->146(146)
[2025-07-30T16:38:01.019+0800][26.844s][info][gc,heap     ] GC(516) Old regions: 561->561
[2025-07-30T16:38:01.019+0800][26.844s][info][gc,heap     ] GC(516) Humongous regions: 3->3
[2025-07-30T16:38:01.019+0800][26.844s][info][gc,metaspace] GC(516) Metaspace: 7151K(7488K)->7151K(7488K) NonClass: 6426K(6592K)->6426K(6592K) Class: 724K(896K)->724K(896K)
[2025-07-30T16:38:01.019+0800][26.844s][info][gc          ] GC(516) Pause Young (Normal) (G1 Evacuation Pause) 1727M->709M(2048M) 17.098ms
[2025-07-30T16:38:01.019+0800][26.844s][info][gc,cpu      ] GC(516) User=0.02s Sys=0.00s Real=0.02s
[2025-07-30T16:38:01.019+0800][26.844s][info][safepoint   ] Safepoint "G1CollectForAllocation", Time since last: 39893300 ns, Reaching safepoint: 4300 ns, Cleanup: 5100 ns, At safepoint: 17138500 ns, Total: 17147900 ns
[2025-07-30T16:38:01.059+0800][26.884s][info][gc,start    ] GC(517) Pause Young (Normal) (G1 Evacuation Pause)
[2025-07-30T16:38:01.059+0800][26.884s][info][gc,task     ] GC(517) Using 1 workers of 1 for evacuation
[2025-07-30T16:38:01.075+0800][26.900s][info][gc,phases   ] GC(517)   Pre Evacuate Collection Set: 0.5ms
[2025-07-30T16:38:01.075+0800][26.900s][info][gc,phases   ] GC(517)   Merge Heap Roots: 0.1ms
[2025-07-30T16:38:01.075+0800][26.900s][info][gc,phases   ] GC(517)   Evacuate Collection Set: 14.7ms
[2025-07-30T16:38:01.075+0800][26.900s][info][gc,phases   ] GC(517)   Post Evacuate Collection Set: 0.8ms
[2025-07-30T16:38:01.075+0800][26.900s][info][gc,phases   ] GC(517)   Other: 0.1ms
[2025-07-30T16:38:01.075+0800][26.900s][info][gc,heap     ] GC(517) Eden regions: 1017->0(1017)
[2025-07-30T16:38:01.075+0800][26.900s][info][gc,heap     ] GC(517) Survivor regions: 146->146(146)
[2025-07-30T16:38:01.075+0800][26.900s][info][gc,heap     ] GC(517) Old regions: 561->561
[2025-07-30T16:38:01.075+0800][26.900s][info][gc,heap     ] GC(517) Humongous regions: 3->3
[2025-07-30T16:38:01.075+0800][26.900s][info][gc,metaspace] GC(517) Metaspace: 7151K(7488K)->7151K(7488K) NonClass: 6426K(6592K)->6426K(6592K) Class: 724K(896K)->724K(896K)
[2025-07-30T16:38:01.075+0800][26.900s][info][gc          ] GC(517) Pause Young (Normal) (G1 Evacuation Pause) 1726M->708M(2048M) 16.440ms
[2025-07-30T16:38:01.075+0800][26.900s][info][gc,cpu      ] GC(517) User=0.02s Sys=0.00s Real=0.02s
[2025-07-30T16:38:01.075+0800][26.900s][info][safepoint   ] Safepoint "G1CollectForAllocation", Time since last: 39921100 ns, Reaching safepoint: 3900 ns, Cleanup: 5900 ns, At safepoint: 16483100 ns, Total: 16492900 ns
[2025-07-30T16:38:01.113+0800][26.939s][info][gc,start    ] GC(518) Pause Young (Normal) (G1 Evacuation Pause)
[2025-07-30T16:38:01.113+0800][26.939s][info][gc,task     ] GC(518) Using 1 workers of 1 for evacuation
[2025-07-30T16:38:01.129+0800][26.954s][info][gc,phases   ] GC(518)   Pre Evacuate Collection Set: 0.4ms
[2025-07-30T16:38:01.129+0800][26.954s][info][gc,phases   ] GC(518)   Merge Heap Roots: 0.1ms
[2025-07-30T16:38:01.129+0800][26.954s][info][gc,phases   ] GC(518)   Evacuate Collection Set: 14.2ms
[2025-07-30T16:38:01.129+0800][26.954s][info][gc,phases   ] GC(518)   Post Evacuate Collection Set: 0.7ms
[2025-07-30T16:38:01.129+0800][26.954s][info][gc,phases   ] GC(518)   Other: 0.1ms
[2025-07-30T16:38:01.129+0800][26.954s][info][gc,heap     ] GC(518) Eden regions: 1017->0(1019)
[2025-07-30T16:38:01.129+0800][26.954s][info][gc,heap     ] GC(518) Survivor regions: 146->145(146)
[2025-07-30T16:38:01.129+0800][26.954s][info][gc,heap     ] GC(518) Old regions: 561->561
[2025-07-30T16:38:01.129+0800][26.954s][info][gc,heap     ] GC(518) Humongous regions: 3->3
[2025-07-30T16:38:01.129+0800][26.954s][info][gc,metaspace] GC(518) Metaspace: 7151K(7488K)->7151K(7488K) NonClass: 6426K(6592K)->6426K(6592K) Class: 724K(896K)->724K(896K)
[2025-07-30T16:38:01.129+0800][26.954s][info][gc          ] GC(518) Pause Young (Normal) (G1 Evacuation Pause) 1725M->707M(2048M) 15.668ms
[2025-07-30T16:38:01.129+0800][26.954s][info][gc,cpu      ] GC(518) User=0.02s Sys=0.00s Real=0.02s
[2025-07-30T16:38:01.129+0800][26.954s][info][safepoint   ] Safepoint "G1CollectForAllocation", Time since last: 38505100 ns, Reaching safepoint: 3300 ns, Cleanup: 4100 ns, At safepoint: 15709000 ns, Total: 15716400 ns
[2025-07-30T16:38:01.167+0800][26.993s][info][gc,start    ] GC(519) Pause Young (Normal) (G1 Evacuation Pause)
[2025-07-30T16:38:01.167+0800][26.993s][info][gc,task     ] GC(519) Using 1 workers of 1 for evacuation
[2025-07-30T16:38:01.184+0800][27.009s][info][gc,phases   ] GC(519)   Pre Evacuate Collection Set: 0.5ms
[2025-07-30T16:38:01.184+0800][27.009s][info][gc,phases   ] GC(519)   Merge Heap Roots: 0.1ms
[2025-07-30T16:38:01.184+0800][27.009s][info][gc,phases   ] GC(519)   Evacuate Collection Set: 14.8ms
[2025-07-30T16:38:01.184+0800][27.009s][info][gc,phases   ] GC(519)   Post Evacuate Collection Set: 0.7ms
[2025-07-30T16:38:01.184+0800][27.009s][info][gc,phases   ] GC(519)   Other: 0.1ms
[2025-07-30T16:38:01.184+0800][27.009s][info][gc,heap     ] GC(519) Eden regions: 1019->0(1018)
[2025-07-30T16:38:01.184+0800][27.009s][info][gc,heap     ] GC(519) Survivor regions: 145->146(146)
[2025-07-30T16:38:01.184+0800][27.009s][info][gc,heap     ] GC(519) Old regions: 561->561
[2025-07-30T16:38:01.184+0800][27.009s][info][gc,heap     ] GC(519) Humongous regions: 3->3
[2025-07-30T16:38:01.184+0800][27.009s][info][gc,metaspace] GC(519) Metaspace: 7151K(7488K)->7151K(7488K) NonClass: 6426K(6592K)->6426K(6592K) Class: 724K(896K)->724K(896K)
[2025-07-30T16:38:01.184+0800][27.009s][info][gc          ] GC(519) Pause Young (Normal) (G1 Evacuation Pause) 1726M->708M(2048M) 16.476ms
[2025-07-30T16:38:01.184+0800][27.009s][info][gc,cpu      ] GC(519) User=0.02s Sys=0.00s Real=0.02s
[2025-07-30T16:38:01.184+0800][27.009s][info][safepoint   ] Safepoint "G1CollectForAllocation", Time since last: 38211000 ns, Reaching safepoint: 3900 ns, Cleanup: 5700 ns, At safepoint: 16517900 ns, Total: 16527500 ns
[2025-07-30T16:38:01.223+0800][27.048s][info][gc,start    ] GC(520) Pause Young (Normal) (G1 Evacuation Pause)
[2025-07-30T16:38:01.223+0800][27.048s][info][gc,task     ] GC(520) Using 1 workers of 1 for evacuation
[2025-07-30T16:38:01.246+0800][27.071s][info][gc,phases   ] GC(520)   Pre Evacuate Collection Set: 0.4ms
[2025-07-30T16:38:01.246+0800][27.071s][info][gc,phases   ] GC(520)   Merge Heap Roots: 0.1ms
[2025-07-30T16:38:01.246+0800][27.071s][info][gc,phases   ] GC(520)   Evacuate Collection Set: 21.1ms
[2025-07-30T16:38:01.246+0800][27.071s][info][gc,phases   ] GC(520)   Post Evacuate Collection Set: 0.7ms
[2025-07-30T16:38:01.246+0800][27.071s][info][gc,phases   ] GC(520)   Other: 0.1ms
[2025-07-30T16:38:01.246+0800][27.071s][info][gc,heap     ] GC(520) Eden regions: 1018->0(1018)
[2025-07-30T16:38:01.246+0800][27.071s][info][gc,heap     ] GC(520) Survivor regions: 146->146(146)
[2025-07-30T16:38:01.246+0800][27.071s][info][gc,heap     ] GC(520) Old regions: 561->561
[2025-07-30T16:38:01.246+0800][27.071s][info][gc,heap     ] GC(520) Humongous regions: 3->3
[2025-07-30T16:38:01.246+0800][27.071s][info][gc,metaspace] GC(520) Metaspace: 7151K(7488K)->7151K(7488K) NonClass: 6426K(6592K)->6426K(6592K) Class: 724K(896K)->724K(896K)
[2025-07-30T16:38:01.246+0800][27.071s][info][gc          ] GC(520) Pause Young (Normal) (G1 Evacuation Pause) 1726M->708M(2048M) 22.610ms
[2025-07-30T16:38:01.246+0800][27.071s][info][gc,cpu      ] GC(520) User=0.02s Sys=0.00s Real=0.02s
[2025-07-30T16:38:01.246+0800][27.071s][info][safepoint   ] Safepoint "G1CollectForAllocation", Time since last: 39005700 ns, Reaching safepoint: 3800 ns, Cleanup: 5000 ns, At safepoint: 22650500 ns, Total: 22659300 ns
[2025-07-30T16:38:01.283+0800][27.108s][info][gc,start    ] GC(521) Pause Young (Normal) (G1 Evacuation Pause)
[2025-07-30T16:38:01.283+0800][27.109s][info][gc,task     ] GC(521) Using 1 workers of 1 for evacuation
[2025-07-30T16:38:01.299+0800][27.125s][info][gc,phases   ] GC(521)   Pre Evacuate Collection Set: 0.5ms
[2025-07-30T16:38:01.299+0800][27.125s][info][gc,phases   ] GC(521)   Merge Heap Roots: 0.1ms
[2025-07-30T16:38:01.299+0800][27.125s][info][gc,phases   ] GC(521)   Evacuate Collection Set: 14.8ms
[2025-07-30T16:38:01.299+0800][27.125s][info][gc,phases   ] GC(521)   Post Evacuate Collection Set: 0.8ms
[2025-07-30T16:38:01.299+0800][27.125s][info][gc,phases   ] GC(521)   Other: 0.1ms
[2025-07-30T16:38:01.299+0800][27.125s][info][gc,heap     ] GC(521) Eden regions: 1018->0(1017)
[2025-07-30T16:38:01.299+0800][27.125s][info][gc,heap     ] GC(521) Survivor regions: 146->146(146)
[2025-07-30T16:38:01.299+0800][27.125s][info][gc,heap     ] GC(521) Old regions: 561->561
[2025-07-30T16:38:01.299+0800][27.125s][info][gc,heap     ] GC(521) Humongous regions: 3->3
[2025-07-30T16:38:01.299+0800][27.125s][info][gc,metaspace] GC(521) Metaspace: 7151K(7488K)->7151K(7488K) NonClass: 6426K(6592K)->6426K(6592K) Class: 724K(896K)->724K(896K)
[2025-07-30T16:38:01.299+0800][27.125s][info][gc          ] GC(521) Pause Young (Normal) (G1 Evacuation Pause) 1726M->709M(2048M) 16.515ms
[2025-07-30T16:38:01.299+0800][27.125s][info][gc,cpu      ] GC(521) User=0.02s Sys=0.00s Real=0.02s
[2025-07-30T16:38:01.299+0800][27.125s][info][safepoint   ] Safepoint "G1CollectForAllocation", Time since last: 37639500 ns, Reaching safepoint: 4700 ns, Cleanup: 5500 ns, At safepoint: 16560400 ns, Total: 16570600 ns
[2025-07-30T16:38:01.338+0800][27.163s][info][gc,start    ] GC(522) Pause Young (Normal) (G1 Evacuation Pause)
[2025-07-30T16:38:01.338+0800][27.163s][info][gc,task     ] GC(522) Using 1 workers of 1 for evacuation
[2025-07-30T16:38:01.354+0800][27.179s][info][gc,phases   ] GC(522)   Pre Evacuate Collection Set: 0.5ms
[2025-07-30T16:38:01.354+0800][27.179s][info][gc,phases   ] GC(522)   Merge Heap Roots: 0.1ms
[2025-07-30T16:38:01.354+0800][27.179s][info][gc,phases   ] GC(522)   Evacuate Collection Set: 15.0ms
[2025-07-30T16:38:01.354+0800][27.179s][info][gc,phases   ] GC(522)   Post Evacuate Collection Set: 0.7ms
[2025-07-30T16:38:01.354+0800][27.179s][info][gc,phases   ] GC(522)   Other: 0.1ms
[2025-07-30T16:38:01.354+0800][27.179s][info][gc,heap     ] GC(522) Eden regions: 1017->0(1019)
[2025-07-30T16:38:01.354+0800][27.179s][info][gc,heap     ] GC(522) Survivor regions: 146->145(146)
[2025-07-30T16:38:01.354+0800][27.179s][info][gc,heap     ] GC(522) Old regions: 561->561
[2025-07-30T16:38:01.354+0800][27.179s][info][gc,heap     ] GC(522) Humongous regions: 3->3
[2025-07-30T16:38:01.354+0800][27.179s][info][gc,metaspace] GC(522) Metaspace: 7151K(7488K)->7151K(7488K) NonClass: 6426K(6592K)->6426K(6592K) Class: 724K(896K)->724K(896K)
[2025-07-30T16:38:01.354+0800][27.179s][info][gc          ] GC(522) Pause Young (Normal) (G1 Evacuation Pause) 1726M->708M(2048M) 16.505ms
[2025-07-30T16:38:01.354+0800][27.179s][info][gc,cpu      ] GC(522) User=0.02s Sys=0.00s Real=0.02s
[2025-07-30T16:38:01.354+0800][27.179s][info][safepoint   ] Safepoint "G1CollectForAllocation", Time since last: 37741900 ns, Reaching safepoint: 3800 ns, Cleanup: 4600 ns, At safepoint: 16545400 ns, Total: 16553800 ns
[2025-07-30T16:38:01.392+0800][27.217s][info][gc,start    ] GC(523) Pause Young (Normal) (G1 Evacuation Pause)
[2025-07-30T16:38:01.392+0800][27.217s][info][gc,task     ] GC(523) Using 1 workers of 1 for evacuation
[2025-07-30T16:38:01.407+0800][27.233s][info][gc,phases   ] GC(523)   Pre Evacuate Collection Set: 0.4ms
[2025-07-30T16:38:01.407+0800][27.233s][info][gc,phases   ] GC(523)   Merge Heap Roots: 0.1ms
[2025-07-30T16:38:01.407+0800][27.233s][info][gc,phases   ] GC(523)   Evacuate Collection Set: 14.3ms
[2025-07-30T16:38:01.407+0800][27.233s][info][gc,phases   ] GC(523)   Post Evacuate Collection Set: 0.7ms
[2025-07-30T16:38:01.407+0800][27.233s][info][gc,phases   ] GC(523)   Other: 0.1ms
[2025-07-30T16:38:01.407+0800][27.233s][info][gc,heap     ] GC(523) Eden regions: 1019->0(1017)
[2025-07-30T16:38:01.407+0800][27.233s][info][gc,heap     ] GC(523) Survivor regions: 145->146(146)
[2025-07-30T16:38:01.407+0800][27.233s][info][gc,heap     ] GC(523) Old regions: 561->561
[2025-07-30T16:38:01.407+0800][27.233s][info][gc,heap     ] GC(523) Humongous regions: 3->3
[2025-07-30T16:38:01.407+0800][27.233s][info][gc,metaspace] GC(523) Metaspace: 7151K(7488K)->7151K(7488K) NonClass: 6426K(6592K)->6426K(6592K) Class: 724K(896K)->724K(896K)
[2025-07-30T16:38:01.407+0800][27.233s][info][gc          ] GC(523) Pause Young (Normal) (G1 Evacuation Pause) 1727M->709M(2048M) 15.811ms
[2025-07-30T16:38:01.407+0800][27.233s][info][gc,cpu      ] GC(523) User=0.02s Sys=0.00s Real=0.02s
[2025-07-30T16:38:01.407+0800][27.233s][info][safepoint   ] Safepoint "G1CollectForAllocation", Time since last: 37797600 ns, Reaching safepoint: 3300 ns, Cleanup: 4300 ns, At safepoint: 15851800 ns, Total: 15859400 ns
[2025-07-30T16:38:01.445+0800][27.271s][info][gc,start    ] GC(524) Pause Young (Normal) (G1 Evacuation Pause)
[2025-07-30T16:38:01.445+0800][27.271s][info][gc,task     ] GC(524) Using 1 workers of 1 for evacuation
[2025-07-30T16:38:01.462+0800][27.287s][info][gc,phases   ] GC(524)   Pre Evacuate Collection Set: 0.4ms
[2025-07-30T16:38:01.462+0800][27.287s][info][gc,phases   ] GC(524)   Merge Heap Roots: 0.1ms
[2025-07-30T16:38:01.462+0800][27.287s][info][gc,phases   ] GC(524)   Evacuate Collection Set: 15.0ms
[2025-07-30T16:38:01.462+0800][27.287s][info][gc,phases   ] GC(524)   Post Evacuate Collection Set: 0.7ms
[2025-07-30T16:38:01.462+0800][27.287s][info][gc,phases   ] GC(524)   Other: 0.1ms
[2025-07-30T16:38:01.462+0800][27.287s][info][gc,heap     ] GC(524) Eden regions: 1017->0(1019)
[2025-07-30T16:38:01.462+0800][27.287s][info][gc,heap     ] GC(524) Survivor regions: 146->145(146)
[2025-07-30T16:38:01.462+0800][27.287s][info][gc,heap     ] GC(524) Old regions: 561->561
[2025-07-30T16:38:01.462+0800][27.287s][info][gc,heap     ] GC(524) Humongous regions: 3->3
[2025-07-30T16:38:01.462+0800][27.287s][info][gc,metaspace] GC(524) Metaspace: 7151K(7488K)->7151K(7488K) NonClass: 6426K(6592K)->6426K(6592K) Class: 724K(896K)->724K(896K)
[2025-07-30T16:38:01.462+0800][27.287s][info][gc          ] GC(524) Pause Young (Normal) (G1 Evacuation Pause) 1726M->708M(2048M) 16.408ms
[2025-07-30T16:38:01.462+0800][27.287s][info][gc,cpu      ] GC(524) User=0.02s Sys=0.00s Real=0.02s
[2025-07-30T16:38:01.462+0800][27.287s][info][safepoint   ] Safepoint "G1CollectForAllocation", Time since last: 37601000 ns, Reaching safepoint: 3400 ns, Cleanup: 3700 ns, At safepoint: 16448400 ns, Total: 16455500 ns
[2025-07-30T16:38:01.500+0800][27.325s][info][gc,start    ] GC(525) Pause Young (Normal) (G1 Evacuation Pause)
[2025-07-30T16:38:01.500+0800][27.325s][info][gc,task     ] GC(525) Using 1 workers of 1 for evacuation
[2025-07-30T16:38:01.516+0800][27.341s][info][gc,phases   ] GC(525)   Pre Evacuate Collection Set: 0.4ms
[2025-07-30T16:38:01.516+0800][27.341s][info][gc,phases   ] GC(525)   Merge Heap Roots: 0.1ms
[2025-07-30T16:38:01.516+0800][27.341s][info][gc,phases   ] GC(525)   Evacuate Collection Set: 14.4ms
[2025-07-30T16:38:01.516+0800][27.341s][info][gc,phases   ] GC(525)   Post Evacuate Collection Set: 0.7ms
[2025-07-30T16:38:01.516+0800][27.341s][info][gc,phases   ] GC(525)   Other: 0.1ms
[2025-07-30T16:38:01.516+0800][27.341s][info][gc,heap     ] GC(525) Eden regions: 1019->0(1017)
[2025-07-30T16:38:01.516+0800][27.341s][info][gc,heap     ] GC(525) Survivor regions: 145->146(146)
[2025-07-30T16:38:01.516+0800][27.341s][info][gc,heap     ] GC(525) Old regions: 561->561
[2025-07-30T16:38:01.516+0800][27.341s][info][gc,heap     ] GC(525) Humongous regions: 3->3
[2025-07-30T16:38:01.516+0800][27.341s][info][gc,metaspace] GC(525) Metaspace: 7151K(7488K)->7151K(7488K) NonClass: 6426K(6592K)->6426K(6592K) Class: 724K(896K)->724K(896K)
[2025-07-30T16:38:01.516+0800][27.341s][info][gc          ] GC(525) Pause Young (Normal) (G1 Evacuation Pause) 1727M->709M(2048M) 15.832ms
[2025-07-30T16:38:01.516+0800][27.341s][info][gc,cpu      ] GC(525) User=0.02s Sys=0.00s Real=0.02s
[2025-07-30T16:38:01.516+0800][27.341s][info][safepoint   ] Safepoint "G1CollectForAllocation", Time since last: 37980400 ns, Reaching safepoint: 3300 ns, Cleanup: 4300 ns, At safepoint: 15877400 ns, Total: 15885000 ns
[2025-07-30T16:38:01.554+0800][27.379s][info][gc,start    ] GC(526) Pause Young (Normal) (G1 Evacuation Pause)
[2025-07-30T16:38:01.554+0800][27.379s][info][gc,task     ] GC(526) Using 1 workers of 1 for evacuation
[2025-07-30T16:38:01.570+0800][27.396s][info][gc,phases   ] GC(526)   Pre Evacuate Collection Set: 0.4ms
[2025-07-30T16:38:01.570+0800][27.396s][info][gc,phases   ] GC(526)   Merge Heap Roots: 0.1ms
[2025-07-30T16:38:01.570+0800][27.396s][info][gc,phases   ] GC(526)   Evacuate Collection Set: 15.1ms
[2025-07-30T16:38:01.570+0800][27.396s][info][gc,phases   ] GC(526)   Post Evacuate Collection Set: 0.7ms
[2025-07-30T16:38:01.570+0800][27.396s][info][gc,phases   ] GC(526)   Other: 0.1ms
[2025-07-30T16:38:01.570+0800][27.396s][info][gc,heap     ] GC(526) Eden regions: 1017->0(1017)
[2025-07-30T16:38:01.570+0800][27.396s][info][gc,heap     ] GC(526) Survivor regions: 146->146(146)
[2025-07-30T16:38:01.570+0800][27.396s][info][gc,heap     ] GC(526) Old regions: 561->561
[2025-07-30T16:38:01.570+0800][27.396s][info][gc,heap     ] GC(526) Humongous regions: 3->3
[2025-07-30T16:38:01.570+0800][27.396s][info][gc,metaspace] GC(526) Metaspace: 7151K(7488K)->7151K(7488K) NonClass: 6426K(6592K)->6426K(6592K) Class: 724K(896K)->724K(896K)
[2025-07-30T16:38:01.570+0800][27.396s][info][gc          ] GC(526) Pause Young (Normal) (G1 Evacuation Pause) 1726M->708M(2048M) 16.656ms
[2025-07-30T16:38:01.570+0800][27.396s][info][gc,cpu      ] GC(526) User=0.02s Sys=0.00s Real=0.02s
[2025-07-30T16:38:01.570+0800][27.396s][info][safepoint   ] Safepoint "G1CollectForAllocation", Time since last: 38114300 ns, Reaching safepoint: 3800 ns, Cleanup: 4600 ns, At safepoint: 16696700 ns, Total: 16705100 ns
[2025-07-30T16:38:01.608+0800][27.434s][info][gc,start    ] GC(527) Pause Young (Normal) (G1 Evacuation Pause)
[2025-07-30T16:38:01.609+0800][27.434s][info][gc,task     ] GC(527) Using 1 workers of 1 for evacuation
[2025-07-30T16:38:01.626+0800][27.452s][info][gc,phases   ] GC(527)   Pre Evacuate Collection Set: 0.5ms
[2025-07-30T16:38:01.626+0800][27.452s][info][gc,phases   ] GC(527)   Merge Heap Roots: 0.1ms
[2025-07-30T16:38:01.626+0800][27.452s][info][gc,phases   ] GC(527)   Evacuate Collection Set: 16.5ms
[2025-07-30T16:38:01.626+0800][27.452s][info][gc,phases   ] GC(527)   Post Evacuate Collection Set: 0.7ms
[2025-07-30T16:38:01.626+0800][27.452s][info][gc,phases   ] GC(527)   Other: 0.1ms
[2025-07-30T16:38:01.626+0800][27.452s][info][gc,heap     ] GC(527) Eden regions: 1017->0(1019)
[2025-07-30T16:38:01.626+0800][27.452s][info][gc,heap     ] GC(527) Survivor regions: 146->145(146)
[2025-07-30T16:38:01.626+0800][27.452s][info][gc,heap     ] GC(527) Old regions: 561->561
[2025-07-30T16:38:01.626+0800][27.452s][info][gc,heap     ] GC(527) Humongous regions: 3->3
[2025-07-30T16:38:01.626+0800][27.452s][info][gc,metaspace] GC(527) Metaspace: 7151K(7488K)->7151K(7488K) NonClass: 6426K(6592K)->6426K(6592K) Class: 724K(896K)->724K(896K)
[2025-07-30T16:38:01.627+0800][27.452s][info][gc          ] GC(527) Pause Young (Normal) (G1 Evacuation Pause) 1725M->707M(2048M) 18.083ms
[2025-07-30T16:38:01.627+0800][27.452s][info][gc,cpu      ] GC(527) User=0.03s Sys=0.00s Real=0.02s
[2025-07-30T16:38:01.627+0800][27.452s][info][safepoint   ] Safepoint "G1CollectForAllocation", Time since last: 38440600 ns, Reaching safepoint: 3800 ns, Cleanup: 5000 ns, At safepoint: 18124800 ns, Total: 18133600 ns
[2025-07-30T16:38:01.668+0800][27.493s][info][gc,start    ] GC(528) Pause Young (Normal) (G1 Evacuation Pause)
[2025-07-30T16:38:01.668+0800][27.493s][info][gc,task     ] GC(528) Using 1 workers of 1 for evacuation
[2025-07-30T16:38:01.684+0800][27.510s][info][gc,phases   ] GC(528)   Pre Evacuate Collection Set: 0.5ms
[2025-07-30T16:38:01.684+0800][27.510s][info][gc,phases   ] GC(528)   Merge Heap Roots: 0.1ms
[2025-07-30T16:38:01.684+0800][27.510s][info][gc,phases   ] GC(528)   Evacuate Collection Set: 15.4ms
[2025-07-30T16:38:01.684+0800][27.510s][info][gc,phases   ] GC(528)   Post Evacuate Collection Set: 0.7ms
[2025-07-30T16:38:01.684+0800][27.510s][info][gc,phases   ] GC(528)   Other: 0.1ms
[2025-07-30T16:38:01.684+0800][27.510s][info][gc,heap     ] GC(528) Eden regions: 1019->0(1018)
[2025-07-30T16:38:01.684+0800][27.510s][info][gc,heap     ] GC(528) Survivor regions: 145->146(146)
[2025-07-30T16:38:01.684+0800][27.510s][info][gc,heap     ] GC(528) Old regions: 561->561
[2025-07-30T16:38:01.684+0800][27.510s][info][gc,heap     ] GC(528) Humongous regions: 3->3
[2025-07-30T16:38:01.684+0800][27.510s][info][gc,metaspace] GC(528) Metaspace: 7151K(7488K)->7151K(7488K) NonClass: 6426K(6592K)->6426K(6592K) Class: 724K(896K)->724K(896K)
[2025-07-30T16:38:01.684+0800][27.510s][info][gc          ] GC(528) Pause Young (Normal) (G1 Evacuation Pause) 1726M->708M(2048M) 17.011ms
[2025-07-30T16:38:01.684+0800][27.510s][info][gc,cpu      ] GC(528) User=0.02s Sys=0.00s Real=0.02s
[2025-07-30T16:38:01.684+0800][27.510s][info][safepoint   ] Safepoint "G1CollectForAllocation", Time since last: 40896700 ns, Reaching safepoint: 4200 ns, Cleanup: 5500 ns, At safepoint: 17060000 ns, Total: 17069700 ns
[2025-07-30T16:38:01.723+0800][27.549s][info][gc,start    ] GC(529) Pause Young (Normal) (G1 Evacuation Pause)
[2025-07-30T16:38:01.723+0800][27.549s][info][gc,task     ] GC(529) Using 1 workers of 1 for evacuation
[2025-07-30T16:38:01.740+0800][27.565s][info][gc,phases   ] GC(529)   Pre Evacuate Collection Set: 0.4ms
[2025-07-30T16:38:01.740+0800][27.565s][info][gc,phases   ] GC(529)   Merge Heap Roots: 0.1ms
[2025-07-30T16:38:01.740+0800][27.565s][info][gc,phases   ] GC(529)   Evacuate Collection Set: 14.8ms
[2025-07-30T16:38:01.740+0800][27.565s][info][gc,phases   ] GC(529)   Post Evacuate Collection Set: 0.7ms
[2025-07-30T16:38:01.740+0800][27.565s][info][gc,phases   ] GC(529)   Other: 0.1ms
[2025-07-30T16:38:01.740+0800][27.565s][info][gc,heap     ] GC(529) Eden regions: 1018->0(1018)
[2025-07-30T16:38:01.740+0800][27.565s][info][gc,heap     ] GC(529) Survivor regions: 146->146(146)
[2025-07-30T16:38:01.740+0800][27.565s][info][gc,heap     ] GC(529) Old regions: 561->561
[2025-07-30T16:38:01.740+0800][27.565s][info][gc,heap     ] GC(529) Humongous regions: 3->3
[2025-07-30T16:38:01.740+0800][27.565s][info][gc,metaspace] GC(529) Metaspace: 7153K(7488K)->7153K(7488K) NonClass: 6429K(6592K)->6429K(6592K) Class: 724K(896K)->724K(896K)
[2025-07-30T16:38:01.740+0800][27.565s][info][gc          ] GC(529) Pause Young (Normal) (G1 Evacuation Pause) 1726M->708M(2048M) 16.274ms
[2025-07-30T16:38:01.740+0800][27.565s][info][gc,cpu      ] GC(529) User=0.02s Sys=0.02s Real=0.02s
[2025-07-30T16:38:01.740+0800][27.565s][info][safepoint   ] Safepoint "G1CollectForAllocation", Time since last: 38527400 ns, Reaching safepoint: 3100 ns, Cleanup: 2900 ns, At safepoint: 16313200 ns, Total: 16319200 ns
[2025-07-30T16:38:01.781+0800][27.607s][info][gc,start    ] GC(530) Pause Young (Normal) (G1 Evacuation Pause)
[2025-07-30T16:38:01.781+0800][27.607s][info][gc,task     ] GC(530) Using 1 workers of 1 for evacuation
[2025-07-30T16:38:01.799+0800][27.625s][info][gc,phases   ] GC(530)   Pre Evacuate Collection Set: 0.5ms
[2025-07-30T16:38:01.799+0800][27.625s][info][gc,phases   ] GC(530)   Merge Heap Roots: 0.1ms
[2025-07-30T16:38:01.800+0800][27.625s][info][gc,phases   ] GC(530)   Evacuate Collection Set: 15.7ms
[2025-07-30T16:38:01.800+0800][27.625s][info][gc,phases   ] GC(530)   Post Evacuate Collection Set: 1.1ms
[2025-07-30T16:38:01.800+0800][27.625s][info][gc,phases   ] GC(530)   Other: 0.1ms
[2025-07-30T16:38:01.800+0800][27.625s][info][gc,heap     ] GC(530) Eden regions: 1018->0(1018)
[2025-07-30T16:38:01.800+0800][27.625s][info][gc,heap     ] GC(530) Survivor regions: 146->146(146)
[2025-07-30T16:38:01.800+0800][27.625s][info][gc,heap     ] GC(530) Old regions: 561->561
[2025-07-30T16:38:01.800+0800][27.625s][info][gc,heap     ] GC(530) Humongous regions: 3->3
[2025-07-30T16:38:01.800+0800][27.625s][info][gc,metaspace] GC(530) Metaspace: 7156K(7488K)->7156K(7488K) NonClass: 6432K(6592K)->6432K(6592K) Class: 724K(896K)->724K(896K)
[2025-07-30T16:38:01.800+0800][27.625s][info][gc          ] GC(530) Pause Young (Normal) (G1 Evacuation Pause) 1726M->708M(2048M) 17.753ms
[2025-07-30T16:38:01.800+0800][27.625s][info][gc,cpu      ] GC(530) User=0.02s Sys=0.00s Real=0.02s
[2025-07-30T16:38:01.800+0800][27.625s][info][safepoint   ] Safepoint "G1CollectForAllocation", Time since last: 41909600 ns, Reaching safepoint: 3800 ns, Cleanup: 4100 ns, At safepoint: 17794100 ns, Total: 17802000 ns
[2025-07-30T16:38:01.839+0800][27.664s][info][gc,start    ] GC(531) Pause Young (Normal) (G1 Evacuation Pause)
[2025-07-30T16:38:01.839+0800][27.664s][info][gc,task     ] GC(531) Using 1 workers of 1 for evacuation
[2025-07-30T16:38:01.855+0800][27.681s][info][gc,phases   ] GC(531)   Pre Evacuate Collection Set: 0.4ms
[2025-07-30T16:38:01.855+0800][27.681s][info][gc,phases   ] GC(531)   Merge Heap Roots: 0.1ms
[2025-07-30T16:38:01.855+0800][27.681s][info][gc,phases   ] GC(531)   Evacuate Collection Set: 15.4ms
[2025-07-30T16:38:01.855+0800][27.681s][info][gc,phases   ] GC(531)   Post Evacuate Collection Set: 0.7ms
[2025-07-30T16:38:01.855+0800][27.681s][info][gc,phases   ] GC(531)   Other: 0.1ms
[2025-07-30T16:38:01.855+0800][27.681s][info][gc,heap     ] GC(531) Eden regions: 1018->0(1017)
[2025-07-30T16:38:01.855+0800][27.681s][info][gc,heap     ] GC(531) Survivor regions: 146->146(146)
[2025-07-30T16:38:01.855+0800][27.681s][info][gc,heap     ] GC(531) Old regions: 561->561
[2025-07-30T16:38:01.855+0800][27.681s][info][gc,heap     ] GC(531) Humongous regions: 3->3
[2025-07-30T16:38:01.855+0800][27.681s][info][gc,metaspace] GC(531) Metaspace: 7156K(7488K)->7156K(7488K) NonClass: 6432K(6592K)->6432K(6592K) Class: 724K(896K)->724K(896K)
[2025-07-30T16:38:01.855+0800][27.681s][info][gc          ] GC(531) Pause Young (Normal) (G1 Evacuation Pause) 1726M->709M(2048M) 16.792ms
[2025-07-30T16:38:01.855+0800][27.681s][info][gc,cpu      ] GC(531) User=0.02s Sys=0.00s Real=0.02s
[2025-07-30T16:38:01.855+0800][27.681s][info][safepoint   ] Safepoint "G1CollectForAllocation", Time since last: 39066400 ns, Reaching safepoint: 3500 ns, Cleanup: 4000 ns, At safepoint: 16831900 ns, Total: 16839400 ns
[2025-07-30T16:38:01.894+0800][27.720s][info][gc,start    ] GC(532) Pause Young (Normal) (G1 Evacuation Pause)
[2025-07-30T16:38:01.894+0800][27.720s][info][gc,task     ] GC(532) Using 1 workers of 1 for evacuation
[2025-07-30T16:38:01.910+0800][27.736s][info][gc,phases   ] GC(532)   Pre Evacuate Collection Set: 0.4ms
[2025-07-30T16:38:01.910+0800][27.736s][info][gc,phases   ] GC(532)   Merge Heap Roots: 0.1ms
[2025-07-30T16:38:01.910+0800][27.736s][info][gc,phases   ] GC(532)   Evacuate Collection Set: 14.6ms
[2025-07-30T16:38:01.910+0800][27.736s][info][gc,phases   ] GC(532)   Post Evacuate Collection Set: 0.7ms
[2025-07-30T16:38:01.910+0800][27.736s][info][gc,phases   ] GC(532)   Other: 0.1ms
[2025-07-30T16:38:01.910+0800][27.736s][info][gc,heap     ] GC(532) Eden regions: 1017->0(1019)
[2025-07-30T16:38:01.910+0800][27.736s][info][gc,heap     ] GC(532) Survivor regions: 146->145(146)
[2025-07-30T16:38:01.910+0800][27.736s][info][gc,heap     ] GC(532) Old regions: 561->561
[2025-07-30T16:38:01.910+0800][27.736s][info][gc,heap     ] GC(532) Humongous regions: 3->3
[2025-07-30T16:38:01.910+0800][27.736s][info][gc,metaspace] GC(532) Metaspace: 7156K(7488K)->7156K(7488K) NonClass: 6432K(6592K)->6432K(6592K) Class: 724K(896K)->724K(896K)
[2025-07-30T16:38:01.910+0800][27.736s][info][gc          ] GC(532) Pause Young (Normal) (G1 Evacuation Pause) 1726M->708M(2048M) 16.049ms
[2025-07-30T16:38:01.910+0800][27.736s][info][gc,cpu      ] GC(532) User=0.02s Sys=0.00s Real=0.02s
[2025-07-30T16:38:01.910+0800][27.736s][info][safepoint   ] Safepoint "G1CollectForAllocation", Time since last: 39084300 ns, Reaching safepoint: 3300 ns, Cleanup: 3800 ns, At safepoint: 16091100 ns, Total: 16098200 ns
[2025-07-30T16:38:01.950+0800][27.776s][info][gc,start    ] GC(533) Pause Young (Normal) (G1 Evacuation Pause)
[2025-07-30T16:38:01.950+0800][27.776s][info][gc,task     ] GC(533) Using 1 workers of 1 for evacuation
[2025-07-30T16:38:01.966+0800][27.792s][info][gc,phases   ] GC(533)   Pre Evacuate Collection Set: 0.4ms
[2025-07-30T16:38:01.966+0800][27.792s][info][gc,phases   ] GC(533)   Merge Heap Roots: 0.1ms
[2025-07-30T16:38:01.966+0800][27.792s][info][gc,phases   ] GC(533)   Evacuate Collection Set: 14.6ms
[2025-07-30T16:38:01.966+0800][27.792s][info][gc,phases   ] GC(533)   Post Evacuate Collection Set: 0.7ms
[2025-07-30T16:38:01.966+0800][27.792s][info][gc,phases   ] GC(533)   Other: 0.1ms
[2025-07-30T16:38:01.966+0800][27.792s][info][gc,heap     ] GC(533) Eden regions: 1019->0(1017)
[2025-07-30T16:38:01.966+0800][27.792s][info][gc,heap     ] GC(533) Survivor regions: 145->146(146)
[2025-07-30T16:38:01.966+0800][27.792s][info][gc,heap     ] GC(533) Old regions: 561->561
[2025-07-30T16:38:01.966+0800][27.792s][info][gc,heap     ] GC(533) Humongous regions: 3->3
[2025-07-30T16:38:01.966+0800][27.792s][info][gc,metaspace] GC(533) Metaspace: 7156K(7488K)->7156K(7488K) NonClass: 6432K(6592K)->6432K(6592K) Class: 724K(896K)->724K(896K)
[2025-07-30T16:38:01.966+0800][27.792s][info][gc          ] GC(533) Pause Young (Normal) (G1 Evacuation Pause) 1727M->709M(2048M) 16.014ms
[2025-07-30T16:38:01.966+0800][27.792s][info][gc,cpu      ] GC(533) User=0.02s Sys=0.00s Real=0.02s
[2025-07-30T16:38:01.966+0800][27.792s][info][safepoint   ] Safepoint "G1CollectForAllocation", Time since last: 40054000 ns, Reaching safepoint: 2700 ns, Cleanup: 3300 ns, At safepoint: 16053300 ns, Total: 16059300 ns
[2025-07-30T16:38:02.004+0800][27.830s][info][gc,start    ] GC(534) Pause Young (Normal) (G1 Evacuation Pause)
[2025-07-30T16:38:02.004+0800][27.830s][info][gc,task     ] GC(534) Using 1 workers of 1 for evacuation
[2025-07-30T16:38:02.019+0800][27.845s][info][gc,phases   ] GC(534)   Pre Evacuate Collection Set: 0.4ms
[2025-07-30T16:38:02.019+0800][27.845s][info][gc,phases   ] GC(534)   Merge Heap Roots: 0.1ms
[2025-07-30T16:38:02.019+0800][27.845s][info][gc,phases   ] GC(534)   Evacuate Collection Set: 14.4ms
[2025-07-30T16:38:02.019+0800][27.845s][info][gc,phases   ] GC(534)   Post Evacuate Collection Set: 0.7ms
[2025-07-30T16:38:02.019+0800][27.845s][info][gc,phases   ] GC(534)   Other: 0.1ms
[2025-07-30T16:38:02.019+0800][27.845s][info][gc,heap     ] GC(534) Eden regions: 1017->0(1019)
[2025-07-30T16:38:02.019+0800][27.845s][info][gc,heap     ] GC(534) Survivor regions: 146->145(146)
[2025-07-30T16:38:02.019+0800][27.846s][info][gc,heap     ] GC(534) Old regions: 561->561
[2025-07-30T16:38:02.019+0800][27.846s][info][gc,heap     ] GC(534) Humongous regions: 3->3
[2025-07-30T16:38:02.019+0800][27.846s][info][gc,metaspace] GC(534) Metaspace: 7156K(7488K)->7156K(7488K) NonClass: 6432K(6592K)->6432K(6592K) Class: 724K(896K)->724K(896K)
[2025-07-30T16:38:02.019+0800][27.846s][info][gc          ] GC(534) Pause Young (Normal) (G1 Evacuation Pause) 1726M->708M(2048M) 15.744ms
[2025-07-30T16:38:02.019+0800][27.846s][info][gc,cpu      ] GC(534) User=0.02s Sys=0.00s Real=0.02s
[2025-07-30T16:38:02.019+0800][27.846s][info][safepoint   ] Safepoint "G1CollectForAllocation", Time since last: 37786100 ns, Reaching safepoint: 3200 ns, Cleanup: 3300 ns, At safepoint: 15783200 ns, Total: 15789700 ns
[2025-07-30T16:38:02.059+0800][27.884s][info][gc,start    ] GC(535) Pause Young (Normal) (G1 Evacuation Pause)
[2025-07-30T16:38:02.059+0800][27.884s][info][gc,task     ] GC(535) Using 1 workers of 1 for evacuation
[2025-07-30T16:38:02.074+0800][27.900s][info][gc,phases   ] GC(535)   Pre Evacuate Collection Set: 0.5ms
[2025-07-30T16:38:02.074+0800][27.900s][info][gc,phases   ] GC(535)   Merge Heap Roots: 0.1ms
[2025-07-30T16:38:02.074+0800][27.900s][info][gc,phases   ] GC(535)   Evacuate Collection Set: 14.4ms
[2025-07-30T16:38:02.074+0800][27.900s][info][gc,phases   ] GC(535)   Post Evacuate Collection Set: 0.7ms
[2025-07-30T16:38:02.074+0800][27.900s][info][gc,phases   ] GC(535)   Other: 0.1ms
[2025-07-30T16:38:02.074+0800][27.900s][info][gc,heap     ] GC(535) Eden regions: 1019->0(1017)
[2025-07-30T16:38:02.074+0800][27.900s][info][gc,heap     ] GC(535) Survivor regions: 145->146(146)
[2025-07-30T16:38:02.074+0800][27.900s][info][gc,heap     ] GC(535) Old regions: 561->561
[2025-07-30T16:38:02.075+0800][27.900s][info][gc,heap     ] GC(535) Humongous regions: 3->3
[2025-07-30T16:38:02.075+0800][27.900s][info][gc,metaspace] GC(535) Metaspace: 7156K(7488K)->7156K(7488K) NonClass: 6432K(6592K)->6432K(6592K) Class: 724K(896K)->724K(896K)
[2025-07-30T16:38:02.075+0800][27.900s][info][gc          ] GC(535) Pause Young (Normal) (G1 Evacuation Pause) 1727M->709M(2048M) 15.976ms
[2025-07-30T16:38:02.075+0800][27.900s][info][gc,cpu      ] GC(535) User=0.02s Sys=0.00s Real=0.02s
[2025-07-30T16:38:02.075+0800][27.900s][info][safepoint   ] Safepoint "G1CollectForAllocation", Time since last: 38496400 ns, Reaching safepoint: 5600 ns, Cleanup: 5500 ns, At safepoint: 16025400 ns, Total: 16036500 ns
[2025-07-30T16:38:02.112+0800][27.937s][info][gc,start    ] GC(536) Pause Young (Normal) (G1 Evacuation Pause)
[2025-07-30T16:38:02.112+0800][27.937s][info][gc,task     ] GC(536) Using 1 workers of 1 for evacuation
[2025-07-30T16:38:02.127+0800][27.953s][info][gc,phases   ] GC(536)   Pre Evacuate Collection Set: 0.5ms
[2025-07-30T16:38:02.127+0800][27.953s][info][gc,phases   ] GC(536)   Merge Heap Roots: 0.1ms
[2025-07-30T16:38:02.127+0800][27.953s][info][gc,phases   ] GC(536)   Evacuate Collection Set: 14.6ms
[2025-07-30T16:38:02.127+0800][27.953s][info][gc,phases   ] GC(536)   Post Evacuate Collection Set: 0.7ms
[2025-07-30T16:38:02.127+0800][27.953s][info][gc,phases   ] GC(536)   Other: 0.1ms
[2025-07-30T16:38:02.128+0800][27.953s][info][gc,heap     ] GC(536) Eden regions: 1017->0(1017)
[2025-07-30T16:38:02.128+0800][27.953s][info][gc,heap     ] GC(536) Survivor regions: 146->146(146)
[2025-07-30T16:38:02.128+0800][27.953s][info][gc,heap     ] GC(536) Old regions: 561->561
[2025-07-30T16:38:02.128+0800][27.953s][info][gc,heap     ] GC(536) Humongous regions: 3->3
[2025-07-30T16:38:02.128+0800][27.953s][info][gc,metaspace] GC(536) Metaspace: 7156K(7488K)->7156K(7488K) NonClass: 6432K(6592K)->6432K(6592K) Class: 724K(896K)->724K(896K)
[2025-07-30T16:38:02.128+0800][27.953s][info][gc          ] GC(536) Pause Young (Normal) (G1 Evacuation Pause) 1726M->708M(2048M) 16.146ms
[2025-07-30T16:38:02.128+0800][27.953s][info][gc,cpu      ] GC(536) User=0.02s Sys=0.00s Real=0.02s
[2025-07-30T16:38:02.128+0800][27.953s][info][safepoint   ] Safepoint "G1CollectForAllocation", Time since last: 36897900 ns, Reaching safepoint: 3700 ns, Cleanup: 4800 ns, At safepoint: 16195400 ns, Total: 16203900 ns
[2025-07-30T16:38:02.166+0800][27.992s][info][gc,start    ] GC(537) Pause Young (Normal) (G1 Evacuation Pause)
[2025-07-30T16:38:02.166+0800][27.992s][info][gc,task     ] GC(537) Using 1 workers of 1 for evacuation
[2025-07-30T16:38:02.181+0800][28.007s][info][gc,phases   ] GC(537)   Pre Evacuate Collection Set: 0.5ms
[2025-07-30T16:38:02.181+0800][28.007s][info][gc,phases   ] GC(537)   Merge Heap Roots: 0.1ms
[2025-07-30T16:38:02.181+0800][28.007s][info][gc,phases   ] GC(537)   Evacuate Collection Set: 14.2ms
[2025-07-30T16:38:02.181+0800][28.007s][info][gc,phases   ] GC(537)   Post Evacuate Collection Set: 0.7ms
[2025-07-30T16:38:02.181+0800][28.007s][info][gc,phases   ] GC(537)   Other: 0.1ms
[2025-07-30T16:38:02.182+0800][28.007s][info][gc,heap     ] GC(537) Eden regions: 1017->0(1019)
[2025-07-30T16:38:02.182+0800][28.007s][info][gc,heap     ] GC(537) Survivor regions: 146->145(146)
[2025-07-30T16:38:02.182+0800][28.007s][info][gc,heap     ] GC(537) Old regions: 561->561
[2025-07-30T16:38:02.182+0800][28.007s][info][gc,heap     ] GC(537) Humongous regions: 3->3
[2025-07-30T16:38:02.182+0800][28.007s][info][gc,metaspace] GC(537) Metaspace: 7156K(7488K)->7156K(7488K) NonClass: 6432K(6592K)->6432K(6592K) Class: 724K(896K)->724K(896K)
[2025-07-30T16:38:02.182+0800][28.007s][info][gc          ] GC(537) Pause Young (Normal) (G1 Evacuation Pause) 1725M->707M(2048M) 15.772ms
[2025-07-30T16:38:02.182+0800][28.007s][info][gc,cpu      ] GC(537) User=0.02s Sys=0.00s Real=0.02s
[2025-07-30T16:38:02.182+0800][28.007s][info][safepoint   ] Safepoint "G1CollectForAllocation", Time since last: 38334400 ns, Reaching safepoint: 4400 ns, Cleanup: 5000 ns, At safepoint: 15816200 ns, Total: 15825600 ns
[2025-07-30T16:38:02.220+0800][28.045s][info][gc,start    ] GC(538) Pause Young (Normal) (G1 Evacuation Pause)
[2025-07-30T16:38:02.220+0800][28.045s][info][gc,task     ] GC(538) Using 1 workers of 1 for evacuation
[2025-07-30T16:38:02.236+0800][28.062s][info][gc,phases   ] GC(538)   Pre Evacuate Collection Set: 0.5ms
[2025-07-30T16:38:02.236+0800][28.062s][info][gc,phases   ] GC(538)   Merge Heap Roots: 0.1ms
[2025-07-30T16:38:02.236+0800][28.062s][info][gc,phases   ] GC(538)   Evacuate Collection Set: 14.8ms
[2025-07-30T16:38:02.236+0800][28.062s][info][gc,phases   ] GC(538)   Post Evacuate Collection Set: 0.7ms
[2025-07-30T16:38:02.236+0800][28.062s][info][gc,phases   ] GC(538)   Other: 0.1ms
[2025-07-30T16:38:02.237+0800][28.062s][info][gc,heap     ] GC(538) Eden regions: 1019->0(1018)
[2025-07-30T16:38:02.237+0800][28.062s][info][gc,heap     ] GC(538) Survivor regions: 145->146(146)
[2025-07-30T16:38:02.237+0800][28.062s][info][gc,heap     ] GC(538) Old regions: 561->561
[2025-07-30T16:38:02.237+0800][28.062s][info][gc,heap     ] GC(538) Humongous regions: 3->3
[2025-07-30T16:38:02.237+0800][28.062s][info][gc,metaspace] GC(538) Metaspace: 7156K(7488K)->7156K(7488K) NonClass: 6432K(6592K)->6432K(6592K) Class: 724K(896K)->724K(896K)
[2025-07-30T16:38:02.237+0800][28.062s][info][gc          ] GC(538) Pause Young (Normal) (G1 Evacuation Pause) 1726M->708M(2048M) 16.288ms
[2025-07-30T16:38:02.237+0800][28.062s][info][gc,cpu      ] GC(538) User=0.02s Sys=0.00s Real=0.02s
[2025-07-30T16:38:02.237+0800][28.062s][info][safepoint   ] Safepoint "G1CollectForAllocation", Time since last: 37983600 ns, Reaching safepoint: 3500 ns, Cleanup: 4400 ns, At safepoint: 16332600 ns, Total: 16340500 ns
[2025-07-30T16:38:02.274+0800][28.100s][info][gc,start    ] GC(539) Pause Young (Normal) (G1 Evacuation Pause)
[2025-07-30T16:38:02.274+0800][28.100s][info][gc,task     ] GC(539) Using 1 workers of 1 for evacuation
[2025-07-30T16:38:02.289+0800][28.115s][info][gc,phases   ] GC(539)   Pre Evacuate Collection Set: 0.4ms
[2025-07-30T16:38:02.289+0800][28.115s][info][gc,phases   ] GC(539)   Merge Heap Roots: 0.1ms
[2025-07-30T16:38:02.289+0800][28.115s][info][gc,phases   ] GC(539)   Evacuate Collection Set: 14.0ms
[2025-07-30T16:38:02.289+0800][28.115s][info][gc,phases   ] GC(539)   Post Evacuate Collection Set: 0.7ms
[2025-07-30T16:38:02.289+0800][28.115s][info][gc,phases   ] GC(539)   Other: 0.1ms
[2025-07-30T16:38:02.289+0800][28.115s][info][gc,heap     ] GC(539) Eden regions: 1018->0(1018)
[2025-07-30T16:38:02.289+0800][28.115s][info][gc,heap     ] GC(539) Survivor regions: 146->146(146)
[2025-07-30T16:38:02.289+0800][28.115s][info][gc,heap     ] GC(539) Old regions: 561->561
[2025-07-30T16:38:02.289+0800][28.115s][info][gc,heap     ] GC(539) Humongous regions: 3->3
[2025-07-30T16:38:02.289+0800][28.115s][info][gc,metaspace] GC(539) Metaspace: 7156K(7488K)->7156K(7488K) NonClass: 6432K(6592K)->6432K(6592K) Class: 724K(896K)->724K(896K)
[2025-07-30T16:38:02.289+0800][28.115s][info][gc          ] GC(539) Pause Young (Normal) (G1 Evacuation Pause) 1726M->708M(2048M) 15.403ms
[2025-07-30T16:38:02.289+0800][28.115s][info][gc,cpu      ] GC(539) User=0.02s Sys=0.00s Real=0.02s
[2025-07-30T16:38:02.289+0800][28.115s][info][safepoint   ] Safepoint "G1CollectForAllocation", Time since last: 37950400 ns, Reaching safepoint: 4000 ns, Cleanup: 4300 ns, At safepoint: 15446900 ns, Total: 15455200 ns
[2025-07-30T16:38:02.326+0800][28.152s][info][gc,start    ] GC(540) Pause Young (Normal) (G1 Evacuation Pause)
[2025-07-30T16:38:02.326+0800][28.152s][info][gc,task     ] GC(540) Using 1 workers of 1 for evacuation
[2025-07-30T16:38:02.341+0800][28.167s][info][gc,phases   ] GC(540)   Pre Evacuate Collection Set: 0.4ms
[2025-07-30T16:38:02.341+0800][28.167s][info][gc,phases   ] GC(540)   Merge Heap Roots: 0.1ms
[2025-07-30T16:38:02.341+0800][28.167s][info][gc,phases   ] GC(540)   Evacuate Collection Set: 14.0ms
[2025-07-30T16:38:02.341+0800][28.167s][info][gc,phases   ] GC(540)   Post Evacuate Collection Set: 0.9ms
[2025-07-30T16:38:02.341+0800][28.167s][info][gc,phases   ] GC(540)   Other: 0.1ms
[2025-07-30T16:38:02.342+0800][28.167s][info][gc,heap     ] GC(540) Eden regions: 1018->0(1017)
[2025-07-30T16:38:02.342+0800][28.167s][info][gc,heap     ] GC(540) Survivor regions: 146->146(146)
[2025-07-30T16:38:02.342+0800][28.167s][info][gc,heap     ] GC(540) Old regions: 561->561
[2025-07-30T16:38:02.342+0800][28.167s][info][gc,heap     ] GC(540) Humongous regions: 3->3
[2025-07-30T16:38:02.342+0800][28.167s][info][gc,metaspace] GC(540) Metaspace: 7156K(7488K)->7156K(7488K) NonClass: 6432K(6592K)->6432K(6592K) Class: 724K(896K)->724K(896K)
[2025-07-30T16:38:02.342+0800][28.167s][info][gc          ] GC(540) Pause Young (Normal) (G1 Evacuation Pause) 1726M->709M(2048M) 15.642ms
[2025-07-30T16:38:02.342+0800][28.167s][info][gc,cpu      ] GC(540) User=0.02s Sys=0.00s Real=0.02s
[2025-07-30T16:38:02.342+0800][28.167s][info][safepoint   ] Safepoint "G1CollectForAllocation", Time since last: 36603400 ns, Reaching safepoint: 3000 ns, Cleanup: 4300 ns, At safepoint: 15684600 ns, Total: 15691900 ns
[2025-07-30T16:38:02.378+0800][28.204s][info][gc,start    ] GC(541) Pause Young (Normal) (G1 Evacuation Pause)
[2025-07-30T16:38:02.378+0800][28.204s][info][gc,task     ] GC(541) Using 1 workers of 1 for evacuation
[2025-07-30T16:38:02.393+0800][28.219s][info][gc,phases   ] GC(541)   Pre Evacuate Collection Set: 0.4ms
[2025-07-30T16:38:02.393+0800][28.219s][info][gc,phases   ] GC(541)   Merge Heap Roots: 0.1ms
[2025-07-30T16:38:02.393+0800][28.219s][info][gc,phases   ] GC(541)   Evacuate Collection Set: 14.0ms
[2025-07-30T16:38:02.394+0800][28.219s][info][gc,phases   ] GC(541)   Post Evacuate Collection Set: 0.6ms
[2025-07-30T16:38:02.394+0800][28.219s][info][gc,phases   ] GC(541)   Other: 0.1ms
[2025-07-30T16:38:02.394+0800][28.219s][info][gc,heap     ] GC(541) Eden regions: 1017->0(1019)
[2025-07-30T16:38:02.394+0800][28.219s][info][gc,heap     ] GC(541) Survivor regions: 146->145(146)
[2025-07-30T16:38:02.394+0800][28.219s][info][gc,heap     ] GC(541) Old regions: 561->561
[2025-07-30T16:38:02.394+0800][28.219s][info][gc,heap     ] GC(541) Humongous regions: 3->3
[2025-07-30T16:38:02.394+0800][28.219s][info][gc,metaspace] GC(541) Metaspace: 7156K(7488K)->7156K(7488K) NonClass: 6432K(6592K)->6432K(6592K) Class: 724K(896K)->724K(896K)
[2025-07-30T16:38:02.394+0800][28.219s][info][gc          ] GC(541) Pause Young (Normal) (G1 Evacuation Pause) 1726M->708M(2048M) 15.280ms
[2025-07-30T16:38:02.394+0800][28.220s][info][gc,cpu      ] GC(541) User=0.02s Sys=0.00s Real=0.02s
[2025-07-30T16:38:02.394+0800][28.220s][info][safepoint   ] Safepoint "G1CollectForAllocation", Time since last: 36791800 ns, Reaching safepoint: 2900 ns, Cleanup: 3000 ns, At safepoint: 15320300 ns, Total: 15326200 ns
[2025-07-30T16:38:02.430+0800][28.256s][info][gc,start    ] GC(542) Pause Young (Normal) (G1 Evacuation Pause)
[2025-07-30T16:38:02.430+0800][28.256s][info][gc,task     ] GC(542) Using 1 workers of 1 for evacuation
[2025-07-30T16:38:02.447+0800][28.272s][info][gc,phases   ] GC(542)   Pre Evacuate Collection Set: 0.4ms
[2025-07-30T16:38:02.447+0800][28.272s][info][gc,phases   ] GC(542)   Merge Heap Roots: 0.1ms
[2025-07-30T16:38:02.447+0800][28.272s][info][gc,phases   ] GC(542)   Evacuate Collection Set: 15.2ms
[2025-07-30T16:38:02.447+0800][28.272s][info][gc,phases   ] GC(542)   Post Evacuate Collection Set: 0.7ms
[2025-07-30T16:38:02.447+0800][28.272s][info][gc,phases   ] GC(542)   Other: 0.1ms
[2025-07-30T16:38:02.447+0800][28.272s][info][gc,heap     ] GC(542) Eden regions: 1019->0(1017)
[2025-07-30T16:38:02.447+0800][28.272s][info][gc,heap     ] GC(542) Survivor regions: 145->146(146)
[2025-07-30T16:38:02.447+0800][28.272s][info][gc,heap     ] GC(542) Old regions: 561->561
[2025-07-30T16:38:02.447+0800][28.272s][info][gc,heap     ] GC(542) Humongous regions: 3->3
[2025-07-30T16:38:02.447+0800][28.272s][info][gc,metaspace] GC(542) Metaspace: 7156K(7488K)->7156K(7488K) NonClass: 6432K(6592K)->6432K(6592K) Class: 724K(896K)->724K(896K)
[2025-07-30T16:38:02.447+0800][28.272s][info][gc          ] GC(542) Pause Young (Normal) (G1 Evacuation Pause) 1727M->709M(2048M) 16.667ms
[2025-07-30T16:38:02.447+0800][28.272s][info][gc,cpu      ] GC(542) User=0.02s Sys=0.00s Real=0.02s
[2025-07-30T16:38:02.447+0800][28.272s][info][safepoint   ] Safepoint "G1CollectForAllocation", Time since last: 36158200 ns, Reaching safepoint: 4000 ns, Cleanup: 4800 ns, At safepoint: 16711500 ns, Total: 16720300 ns
[2025-07-30T16:38:02.484+0800][28.309s][info][gc,start    ] GC(543) Pause Young (Normal) (G1 Evacuation Pause)
[2025-07-30T16:38:02.484+0800][28.309s][info][gc,task     ] GC(543) Using 1 workers of 1 for evacuation
[2025-07-30T16:38:02.500+0800][28.325s][info][gc,phases   ] GC(543)   Pre Evacuate Collection Set: 0.4ms
[2025-07-30T16:38:02.500+0800][28.325s][info][gc,phases   ] GC(543)   Merge Heap Roots: 0.1ms
[2025-07-30T16:38:02.500+0800][28.325s][info][gc,phases   ] GC(543)   Evacuate Collection Set: 14.1ms
[2025-07-30T16:38:02.500+0800][28.325s][info][gc,phases   ] GC(543)   Post Evacuate Collection Set: 0.7ms
[2025-07-30T16:38:02.500+0800][28.325s][info][gc,phases   ] GC(543)   Other: 0.1ms
[2025-07-30T16:38:02.500+0800][28.325s][info][gc,heap     ] GC(543) Eden regions: 1017->0(1019)
[2025-07-30T16:38:02.500+0800][28.325s][info][gc,heap     ] GC(543) Survivor regions: 146->145(146)
[2025-07-30T16:38:02.500+0800][28.325s][info][gc,heap     ] GC(543) Old regions: 561->561
[2025-07-30T16:38:02.500+0800][28.325s][info][gc,heap     ] GC(543) Humongous regions: 3->3
[2025-07-30T16:38:02.500+0800][28.325s][info][gc,metaspace] GC(543) Metaspace: 7156K(7488K)->7156K(7488K) NonClass: 6432K(6592K)->6432K(6592K) Class: 724K(896K)->724K(896K)
[2025-07-30T16:38:02.500+0800][28.325s][info][gc          ] GC(543) Pause Young (Normal) (G1 Evacuation Pause) 1726M->708M(2048M) 15.594ms
[2025-07-30T16:38:02.500+0800][28.325s][info][gc,cpu      ] GC(543) User=0.02s Sys=0.00s Real=0.02s
[2025-07-30T16:38:02.500+0800][28.325s][info][safepoint   ] Safepoint "G1CollectForAllocation", Time since last: 36812900 ns, Reaching safepoint: 3200 ns, Cleanup: 4500 ns, At safepoint: 15637000 ns, Total: 15644700 ns
[2025-07-30T16:38:02.536+0800][28.361s][info][gc,start    ] GC(544) Pause Young (Normal) (G1 Evacuation Pause)
[2025-07-30T16:38:02.536+0800][28.361s][info][gc,task     ] GC(544) Using 1 workers of 1 for evacuation
[2025-07-30T16:38:02.556+0800][28.381s][info][gc,phases   ] GC(544)   Pre Evacuate Collection Set: 0.4ms
[2025-07-30T16:38:02.556+0800][28.381s][info][gc,phases   ] GC(544)   Merge Heap Roots: 0.1ms
[2025-07-30T16:38:02.556+0800][28.381s][info][gc,phases   ] GC(544)   Evacuate Collection Set: 18.5ms
[2025-07-30T16:38:02.556+0800][28.381s][info][gc,phases   ] GC(544)   Post Evacuate Collection Set: 0.7ms
[2025-07-30T16:38:02.556+0800][28.381s][info][gc,phases   ] GC(544)   Other: 0.1ms
[2025-07-30T16:38:02.556+0800][28.381s][info][gc,heap     ] GC(544) Eden regions: 1019->0(1017)
[2025-07-30T16:38:02.556+0800][28.381s][info][gc,heap     ] GC(544) Survivor regions: 145->146(146)
[2025-07-30T16:38:02.556+0800][28.381s][info][gc,heap     ] GC(544) Old regions: 561->561
[2025-07-30T16:38:02.556+0800][28.381s][info][gc,heap     ] GC(544) Humongous regions: 3->3
[2025-07-30T16:38:02.556+0800][28.381s][info][gc,metaspace] GC(544) Metaspace: 7156K(7488K)->7156K(7488K) NonClass: 6432K(6592K)->6432K(6592K) Class: 724K(896K)->724K(896K)
[2025-07-30T16:38:02.556+0800][28.381s][info][gc          ] GC(544) Pause Young (Normal) (G1 Evacuation Pause) 1727M->709M(2048M) 19.901ms
[2025-07-30T16:38:02.556+0800][28.381s][info][gc,cpu      ] GC(544) User=0.02s Sys=0.00s Real=0.02s
[2025-07-30T16:38:02.556+0800][28.381s][info][safepoint   ] Safepoint "G1CollectForAllocation", Time since last: 36432800 ns, Reaching safepoint: 3400 ns, Cleanup: 3900 ns, At safepoint: 19942800 ns, Total: 19950100 ns
[2025-07-30T16:38:02.593+0800][28.418s][info][gc,start    ] GC(545) Pause Young (Normal) (G1 Evacuation Pause)
[2025-07-30T16:38:02.593+0800][28.418s][info][gc,task     ] GC(545) Using 1 workers of 1 for evacuation
[2025-07-30T16:38:02.607+0800][28.433s][info][gc,phases   ] GC(545)   Pre Evacuate Collection Set: 0.3ms
[2025-07-30T16:38:02.607+0800][28.433s][info][gc,phases   ] GC(545)   Merge Heap Roots: 0.1ms
[2025-07-30T16:38:02.607+0800][28.433s][info][gc,phases   ] GC(545)   Evacuate Collection Set: 13.6ms
[2025-07-30T16:38:02.607+0800][28.433s][info][gc,phases   ] GC(545)   Post Evacuate Collection Set: 0.6ms
[2025-07-30T16:38:02.607+0800][28.433s][info][gc,phases   ] GC(545)   Other: 0.1ms
[2025-07-30T16:38:02.607+0800][28.433s][info][gc,heap     ] GC(545) Eden regions: 1017->0(1017)
[2025-07-30T16:38:02.607+0800][28.433s][info][gc,heap     ] GC(545) Survivor regions: 146->146(146)
[2025-07-30T16:38:02.607+0800][28.433s][info][gc,heap     ] GC(545) Old regions: 561->561
[2025-07-30T16:38:02.607+0800][28.433s][info][gc,heap     ] GC(545) Humongous regions: 3->3
[2025-07-30T16:38:02.607+0800][28.433s][info][gc,metaspace] GC(545) Metaspace: 7156K(7488K)->7156K(7488K) NonClass: 6432K(6592K)->6432K(6592K) Class: 724K(896K)->724K(896K)
[2025-07-30T16:38:02.607+0800][28.433s][info][gc          ] GC(545) Pause Young (Normal) (G1 Evacuation Pause) 1726M->708M(2048M) 14.902ms
[2025-07-30T16:38:02.607+0800][28.433s][info][gc,cpu      ] GC(545) User=0.02s Sys=0.00s Real=0.01s
[2025-07-30T16:38:02.607+0800][28.433s][info][safepoint   ] Safepoint "G1CollectForAllocation", Time since last: 36522600 ns, Reaching safepoint: 2400 ns, Cleanup: 2700 ns, At safepoint: 14942900 ns, Total: 14948000 ns
[2025-07-30T16:38:02.644+0800][28.469s][info][gc,start    ] GC(546) Pause Young (Normal) (G1 Evacuation Pause)
[2025-07-30T16:38:02.644+0800][28.469s][info][gc,task     ] GC(546) Using 1 workers of 1 for evacuation
[2025-07-30T16:38:02.658+0800][28.484s][info][gc,phases   ] GC(546)   Pre Evacuate Collection Set: 0.3ms
[2025-07-30T16:38:02.658+0800][28.484s][info][gc,phases   ] GC(546)   Merge Heap Roots: 0.1ms
[2025-07-30T16:38:02.658+0800][28.484s][info][gc,phases   ] GC(546)   Evacuate Collection Set: 13.7ms
[2025-07-30T16:38:02.658+0800][28.484s][info][gc,phases   ] GC(546)   Post Evacuate Collection Set: 0.6ms
[2025-07-30T16:38:02.658+0800][28.484s][info][gc,phases   ] GC(546)   Other: 0.1ms
[2025-07-30T16:38:02.658+0800][28.484s][info][gc,heap     ] GC(546) Eden regions: 1017->0(1019)
[2025-07-30T16:38:02.658+0800][28.484s][info][gc,heap     ] GC(546) Survivor regions: 146->145(146)
[2025-07-30T16:38:02.658+0800][28.484s][info][gc,heap     ] GC(546) Old regions: 561->561
[2025-07-30T16:38:02.658+0800][28.484s][info][gc,heap     ] GC(546) Humongous regions: 3->3
[2025-07-30T16:38:02.658+0800][28.484s][info][gc,metaspace] GC(546) Metaspace: 7156K(7488K)->7156K(7488K) NonClass: 6432K(6592K)->6432K(6592K) Class: 724K(896K)->724K(896K)
[2025-07-30T16:38:02.658+0800][28.484s][info][gc          ] GC(546) Pause Young (Normal) (G1 Evacuation Pause) 1725M->707M(2048M) 14.906ms
[2025-07-30T16:38:02.658+0800][28.484s][info][gc,cpu      ] GC(546) User=0.02s Sys=0.00s Real=0.01s
[2025-07-30T16:38:02.658+0800][28.484s][info][safepoint   ] Safepoint "G1CollectForAllocation", Time since last: 36470800 ns, Reaching safepoint: 2100 ns, Cleanup: 3100 ns, At safepoint: 14946000 ns, Total: 14951200 ns
[2025-07-30T16:38:02.695+0800][28.521s][info][gc,start    ] GC(547) Pause Young (Normal) (G1 Evacuation Pause)
[2025-07-30T16:38:02.695+0800][28.521s][info][gc,task     ] GC(547) Using 1 workers of 1 for evacuation
[2025-07-30T16:38:02.710+0800][28.536s][info][gc,phases   ] GC(547)   Pre Evacuate Collection Set: 0.3ms
[2025-07-30T16:38:02.710+0800][28.536s][info][gc,phases   ] GC(547)   Merge Heap Roots: 0.0ms
[2025-07-30T16:38:02.710+0800][28.536s][info][gc,phases   ] GC(547)   Evacuate Collection Set: 14.1ms
[2025-07-30T16:38:02.710+0800][28.536s][info][gc,phases   ] GC(547)   Post Evacuate Collection Set: 0.6ms
[2025-07-30T16:38:02.710+0800][28.536s][info][gc,phases   ] GC(547)   Other: 0.1ms
[2025-07-30T16:38:02.710+0800][28.536s][info][gc,heap     ] GC(547) Eden regions: 1019->0(1018)
[2025-07-30T16:38:02.710+0800][28.536s][info][gc,heap     ] GC(547) Survivor regions: 145->146(146)
[2025-07-30T16:38:02.710+0800][28.536s][info][gc,heap     ] GC(547) Old regions: 561->561
[2025-07-30T16:38:02.710+0800][28.536s][info][gc,heap     ] GC(547) Humongous regions: 3->3
[2025-07-30T16:38:02.710+0800][28.536s][info][gc,metaspace] GC(547) Metaspace: 7156K(7488K)->7156K(7488K) NonClass: 6432K(6592K)->6432K(6592K) Class: 724K(896K)->724K(896K)
[2025-07-30T16:38:02.710+0800][28.536s][info][gc          ] GC(547) Pause Young (Normal) (G1 Evacuation Pause) 1726M->708M(2048M) 15.226ms
[2025-07-30T16:38:02.710+0800][28.536s][info][gc,cpu      ] GC(547) User=0.02s Sys=0.00s Real=0.02s
[2025-07-30T16:38:02.710+0800][28.536s][info][safepoint   ] Safepoint "G1CollectForAllocation", Time since last: 36386300 ns, Reaching safepoint: 1900 ns, Cleanup: 3100 ns, At safepoint: 15266300 ns, Total: 15271300 ns
[2025-07-30T16:38:02.747+0800][28.572s][info][gc,start    ] GC(548) Pause Young (Normal) (G1 Evacuation Pause)
[2025-07-30T16:38:02.747+0800][28.572s][info][gc,task     ] GC(548) Using 1 workers of 1 for evacuation
[2025-07-30T16:38:02.761+0800][28.587s][info][gc,phases   ] GC(548)   Pre Evacuate Collection Set: 0.3ms
[2025-07-30T16:38:02.761+0800][28.587s][info][gc,phases   ] GC(548)   Merge Heap Roots: 0.0ms
[2025-07-30T16:38:02.761+0800][28.587s][info][gc,phases   ] GC(548)   Evacuate Collection Set: 13.8ms
[2025-07-30T16:38:02.761+0800][28.587s][info][gc,phases   ] GC(548)   Post Evacuate Collection Set: 0.7ms
[2025-07-30T16:38:02.761+0800][28.587s][info][gc,phases   ] GC(548)   Other: 0.1ms
[2025-07-30T16:38:02.761+0800][28.587s][info][gc,heap     ] GC(548) Eden regions: 1018->0(1018)
[2025-07-30T16:38:02.761+0800][28.587s][info][gc,heap     ] GC(548) Survivor regions: 146->146(146)
[2025-07-30T16:38:02.761+0800][28.587s][info][gc,heap     ] GC(548) Old regions: 561->561
[2025-07-30T16:38:02.761+0800][28.587s][info][gc,heap     ] GC(548) Humongous regions: 3->3
[2025-07-30T16:38:02.761+0800][28.587s][info][gc,metaspace] GC(548) Metaspace: 7156K(7488K)->7156K(7488K) NonClass: 6432K(6592K)->6432K(6592K) Class: 724K(896K)->724K(896K)
[2025-07-30T16:38:02.761+0800][28.587s][info][gc          ] GC(548) Pause Young (Normal) (G1 Evacuation Pause) 1726M->708M(2048M) 15.123ms
[2025-07-30T16:38:02.761+0800][28.587s][info][gc,cpu      ] GC(548) User=0.02s Sys=0.00s Real=0.01s
[2025-07-30T16:38:02.761+0800][28.587s][info][safepoint   ] Safepoint "G1CollectForAllocation", Time since last: 36304400 ns, Reaching safepoint: 2700 ns, Cleanup: 2800 ns, At safepoint: 15163100 ns, Total: 15168600 ns
[2025-07-30T16:38:02.800+0800][28.625s][info][gc,start    ] GC(549) Pause Young (Normal) (G1 Evacuation Pause)
[2025-07-30T16:38:02.800+0800][28.625s][info][gc,task     ] GC(549) Using 1 workers of 1 for evacuation
[2025-07-30T16:38:02.816+0800][28.641s][info][gc,phases   ] GC(549)   Pre Evacuate Collection Set: 0.5ms
[2025-07-30T16:38:02.816+0800][28.641s][info][gc,phases   ] GC(549)   Merge Heap Roots: 0.1ms
[2025-07-30T16:38:02.816+0800][28.641s][info][gc,phases   ] GC(549)   Evacuate Collection Set: 14.8ms
[2025-07-30T16:38:02.816+0800][28.641s][info][gc,phases   ] GC(549)   Post Evacuate Collection Set: 0.7ms
[2025-07-30T16:38:02.816+0800][28.641s][info][gc,phases   ] GC(549)   Other: 0.1ms
[2025-07-30T16:38:02.816+0800][28.641s][info][gc,heap     ] GC(549) Eden regions: 1018->0(1017)
[2025-07-30T16:38:02.816+0800][28.641s][info][gc,heap     ] GC(549) Survivor regions: 146->146(146)
[2025-07-30T16:38:02.816+0800][28.641s][info][gc,heap     ] GC(549) Old regions: 561->561
[2025-07-30T16:38:02.816+0800][28.641s][info][gc,heap     ] GC(549) Humongous regions: 3->3
[2025-07-30T16:38:02.816+0800][28.641s][info][gc,metaspace] GC(549) Metaspace: 7156K(7488K)->7156K(7488K) NonClass: 6432K(6592K)->6432K(6592K) Class: 724K(896K)->724K(896K)
[2025-07-30T16:38:02.816+0800][28.641s][info][gc          ] GC(549) Pause Young (Normal) (G1 Evacuation Pause) 1726M->708M(2048M) 16.352ms
[2025-07-30T16:38:02.816+0800][28.641s][info][gc,cpu      ] GC(549) User=0.02s Sys=0.00s Real=0.02s
[2025-07-30T16:38:02.816+0800][28.641s][info][safepoint   ] Safepoint "G1CollectForAllocation", Time since last: 37651600 ns, Reaching safepoint: 3700 ns, Cleanup: 4200 ns, At safepoint: 16398300 ns, Total: 16406200 ns
[2025-07-30T16:38:02.853+0800][28.678s][info][gc,start    ] GC(550) Pause Young (Normal) (G1 Evacuation Pause)
[2025-07-30T16:38:02.853+0800][28.678s][info][gc,task     ] GC(550) Using 1 workers of 1 for evacuation
[2025-07-30T16:38:02.868+0800][28.693s][info][gc,phases   ] GC(550)   Pre Evacuate Collection Set: 0.4ms
[2025-07-30T16:38:02.868+0800][28.694s][info][gc,phases   ] GC(550)   Merge Heap Roots: 0.1ms
[2025-07-30T16:38:02.868+0800][28.694s][info][gc,phases   ] GC(550)   Evacuate Collection Set: 13.8ms
[2025-07-30T16:38:02.868+0800][28.694s][info][gc,phases   ] GC(550)   Post Evacuate Collection Set: 0.7ms
[2025-07-30T16:38:02.868+0800][28.694s][info][gc,phases   ] GC(550)   Other: 0.1ms
[2025-07-30T16:38:02.868+0800][28.694s][info][gc,heap     ] GC(550) Eden regions: 1017->0(1019)
[2025-07-30T16:38:02.868+0800][28.694s][info][gc,heap     ] GC(550) Survivor regions: 146->145(146)
[2025-07-30T16:38:02.868+0800][28.694s][info][gc,heap     ] GC(550) Old regions: 561->561
[2025-07-30T16:38:02.868+0800][28.694s][info][gc,heap     ] GC(550) Humongous regions: 3->3
[2025-07-30T16:38:02.868+0800][28.694s][info][gc,metaspace] GC(550) Metaspace: 7177K(7488K)->7177K(7488K) NonClass: 6453K(6592K)->6453K(6592K) Class: 724K(896K)->724K(896K)
[2025-07-30T16:38:02.868+0800][28.694s][info][gc          ] GC(550) Pause Young (Normal) (G1 Evacuation Pause) 1725M->708M(2048M) 15.219ms
[2025-07-30T16:38:02.868+0800][28.694s][info][gc,cpu      ] GC(550) User=0.02s Sys=0.00s Real=0.02s
[2025-07-30T16:38:02.868+0800][28.694s][info][safepoint   ] Safepoint "G1CollectForAllocation", Time since last: 37075000 ns, Reaching safepoint: 3100 ns, Cleanup: 8900 ns, At safepoint: 15263400 ns, Total: 15275400 ns
[2025-07-30T16:38:02.905+0800][28.731s][info][gc,start    ] GC(551) Pause Young (Normal) (G1 Evacuation Pause)
[2025-07-30T16:38:02.905+0800][28.731s][info][gc,task     ] GC(551) Using 1 workers of 1 for evacuation
[2025-07-30T16:38:02.920+0800][28.746s][info][gc,phases   ] GC(551)   Pre Evacuate Collection Set: 0.3ms
[2025-07-30T16:38:02.920+0800][28.746s][info][gc,phases   ] GC(551)   Merge Heap Roots: 0.0ms
[2025-07-30T16:38:02.920+0800][28.746s][info][gc,phases   ] GC(551)   Evacuate Collection Set: 14.0ms
[2025-07-30T16:38:02.920+0800][28.746s][info][gc,phases   ] GC(551)   Post Evacuate Collection Set: 0.6ms
[2025-07-30T16:38:02.920+0800][28.746s][info][gc,phases   ] GC(551)   Other: 0.1ms
[2025-07-30T16:38:02.920+0800][28.746s][info][gc,heap     ] GC(551) Eden regions: 1019->0(1017)
[2025-07-30T16:38:02.920+0800][28.746s][info][gc,heap     ] GC(551) Survivor regions: 145->146(146)
[2025-07-30T16:38:02.920+0800][28.746s][info][gc,heap     ] GC(551) Old regions: 561->561
[2025-07-30T16:38:02.920+0800][28.746s][info][gc,heap     ] GC(551) Humongous regions: 3->3
[2025-07-30T16:38:02.920+0800][28.746s][info][gc,metaspace] GC(551) Metaspace: 7177K(7488K)->7177K(7488K) NonClass: 6453K(6592K)->6453K(6592K) Class: 724K(896K)->724K(896K)
[2025-07-30T16:38:02.920+0800][28.746s][info][gc          ] GC(551) Pause Young (Normal) (G1 Evacuation Pause) 1727M->709M(2048M) 15.268ms
[2025-07-30T16:38:02.920+0800][28.746s][info][gc,cpu      ] GC(551) User=0.02s Sys=0.00s Real=0.02s
[2025-07-30T16:38:02.920+0800][28.746s][info][safepoint   ] Safepoint "G1CollectForAllocation", Time since last: 37001600 ns, Reaching safepoint: 2200 ns, Cleanup: 3000 ns, At safepoint: 15305400 ns, Total: 15310600 ns
[2025-07-30T16:38:02.958+0800][28.783s][info][gc,start    ] GC(552) Pause Young (Normal) (G1 Evacuation Pause)
[2025-07-30T16:38:02.958+0800][28.783s][info][gc,task     ] GC(552) Using 1 workers of 1 for evacuation
[2025-07-30T16:38:02.973+0800][28.798s][info][gc,phases   ] GC(552)   Pre Evacuate Collection Set: 0.4ms
[2025-07-30T16:38:02.973+0800][28.798s][info][gc,phases   ] GC(552)   Merge Heap Roots: 0.1ms
[2025-07-30T16:38:02.973+0800][28.798s][info][gc,phases   ] GC(552)   Evacuate Collection Set: 14.0ms
[2025-07-30T16:38:02.973+0800][28.799s][info][gc,phases   ] GC(552)   Post Evacuate Collection Set: 0.6ms
[2025-07-30T16:38:02.973+0800][28.799s][info][gc,phases   ] GC(552)   Other: 0.1ms
[2025-07-30T16:38:02.973+0800][28.799s][info][gc,heap     ] GC(552) Eden regions: 1017->0(1019)
[2025-07-30T16:38:02.973+0800][28.799s][info][gc,heap     ] GC(552) Survivor regions: 146->145(146)
[2025-07-30T16:38:02.973+0800][28.799s][info][gc,heap     ] GC(552) Old regions: 561->561
[2025-07-30T16:38:02.973+0800][28.799s][info][gc,heap     ] GC(552) Humongous regions: 3->3
[2025-07-30T16:38:02.974+0800][28.799s][info][gc,metaspace] GC(552) Metaspace: 7177K(7488K)->7177K(7488K) NonClass: 6453K(6592K)->6453K(6592K) Class: 724K(896K)->724K(896K)
[2025-07-30T16:38:02.974+0800][28.799s][info][gc          ] GC(552) Pause Young (Normal) (G1 Evacuation Pause) 1726M->708M(2048M) 15.389ms
[2025-07-30T16:38:02.974+0800][28.799s][info][gc,cpu      ] GC(552) User=0.02s Sys=0.00s Real=0.02s
[2025-07-30T16:38:02.974+0800][28.799s][info][safepoint   ] Safepoint "G1CollectForAllocation", Time since last: 37220400 ns, Reaching safepoint: 3000 ns, Cleanup: 3900 ns, At safepoint: 15429600 ns, Total: 15436500 ns
[2025-07-30T16:38:03.009+0800][28.835s][info][gc,start    ] GC(553) Pause Young (Normal) (G1 Evacuation Pause)
[2025-07-30T16:38:03.009+0800][28.835s][info][gc,task     ] GC(553) Using 1 workers of 1 for evacuation
[2025-07-30T16:38:03.025+0800][28.851s][info][gc,phases   ] GC(553)   Pre Evacuate Collection Set: 0.3ms
[2025-07-30T16:38:03.025+0800][28.851s][info][gc,phases   ] GC(553)   Merge Heap Roots: 0.1ms
[2025-07-30T16:38:03.025+0800][28.851s][info][gc,phases   ] GC(553)   Evacuate Collection Set: 14.9ms
[2025-07-30T16:38:03.025+0800][28.851s][info][gc,phases   ] GC(553)   Post Evacuate Collection Set: 0.6ms
[2025-07-30T16:38:03.025+0800][28.851s][info][gc,phases   ] GC(553)   Other: 0.1ms
[2025-07-30T16:38:03.025+0800][28.851s][info][gc,heap     ] GC(553) Eden regions: 1019->0(1017)
[2025-07-30T16:38:03.025+0800][28.851s][info][gc,heap     ] GC(553) Survivor regions: 145->146(146)
[2025-07-30T16:38:03.025+0800][28.851s][info][gc,heap     ] GC(553) Old regions: 561->561
[2025-07-30T16:38:03.025+0800][28.851s][info][gc,heap     ] GC(553) Humongous regions: 3->3
[2025-07-30T16:38:03.025+0800][28.851s][info][gc,metaspace] GC(553) Metaspace: 7177K(7488K)->7177K(7488K) NonClass: 6453K(6592K)->6453K(6592K) Class: 724K(896K)->724K(896K)
[2025-07-30T16:38:03.025+0800][28.851s][info][gc          ] GC(553) Pause Young (Normal) (G1 Evacuation Pause) 1727M->709M(2048M) 16.070ms
[2025-07-30T16:38:03.025+0800][28.851s][info][gc,cpu      ] GC(553) User=0.02s Sys=0.00s Real=0.02s
[2025-07-30T16:38:03.025+0800][28.851s][info][safepoint   ] Safepoint "G1CollectForAllocation", Time since last: 36148500 ns, Reaching safepoint: 2000 ns, Cleanup: 3100 ns, At safepoint: 16108000 ns, Total: 16113100 ns
[2025-07-30T16:38:03.062+0800][28.887s][info][gc,start    ] GC(554) Pause Young (Normal) (G1 Evacuation Pause)
[2025-07-30T16:38:03.062+0800][28.887s][info][gc,task     ] GC(554) Using 1 workers of 1 for evacuation
[2025-07-30T16:38:03.076+0800][28.902s][info][gc,phases   ] GC(554)   Pre Evacuate Collection Set: 0.3ms
[2025-07-30T16:38:03.076+0800][28.902s][info][gc,phases   ] GC(554)   Merge Heap Roots: 0.0ms
[2025-07-30T16:38:03.076+0800][28.902s][info][gc,phases   ] GC(554)   Evacuate Collection Set: 13.8ms
[2025-07-30T16:38:03.076+0800][28.902s][info][gc,phases   ] GC(554)   Post Evacuate Collection Set: 0.6ms
[2025-07-30T16:38:03.076+0800][28.902s][info][gc,phases   ] GC(554)   Other: 0.1ms
[2025-07-30T16:38:03.076+0800][28.902s][info][gc,heap     ] GC(554) Eden regions: 1017->0(1017)
[2025-07-30T16:38:03.076+0800][28.902s][info][gc,heap     ] GC(554) Survivor regions: 146->146(146)
[2025-07-30T16:38:03.076+0800][28.902s][info][gc,heap     ] GC(554) Old regions: 561->561
[2025-07-30T16:38:03.076+0800][28.902s][info][gc,heap     ] GC(554) Humongous regions: 3->3
[2025-07-30T16:38:03.076+0800][28.902s][info][gc,metaspace] GC(554) Metaspace: 7177K(7488K)->7177K(7488K) NonClass: 6453K(6592K)->6453K(6592K) Class: 724K(896K)->724K(896K)
[2025-07-30T16:38:03.076+0800][28.902s][info][gc          ] GC(554) Pause Young (Normal) (G1 Evacuation Pause) 1726M->708M(2048M) 14.937ms
[2025-07-30T16:38:03.076+0800][28.902s][info][gc,cpu      ] GC(554) User=0.02s Sys=0.00s Real=0.01s
[2025-07-30T16:38:03.077+0800][28.902s][info][safepoint   ] Safepoint "G1CollectForAllocation", Time since last: 36433600 ns, Reaching safepoint: 2000 ns, Cleanup: 2500 ns, At safepoint: 14995600 ns, Total: 15000100 ns
[2025-07-30T16:38:03.113+0800][28.939s][info][gc,start    ] GC(555) Pause Young (Normal) (G1 Evacuation Pause)
[2025-07-30T16:38:03.113+0800][28.939s][info][gc,task     ] GC(555) Using 1 workers of 1 for evacuation
[2025-07-30T16:38:03.130+0800][28.955s][info][gc,phases   ] GC(555)   Pre Evacuate Collection Set: 0.3ms
[2025-07-30T16:38:03.130+0800][28.955s][info][gc,phases   ] GC(555)   Merge Heap Roots: 0.1ms
[2025-07-30T16:38:03.130+0800][28.955s][info][gc,phases   ] GC(555)   Evacuate Collection Set: 15.4ms
[2025-07-30T16:38:03.130+0800][28.955s][info][gc,phases   ] GC(555)   Post Evacuate Collection Set: 0.6ms
[2025-07-30T16:38:03.130+0800][28.955s][info][gc,phases   ] GC(555)   Other: 0.1ms
[2025-07-30T16:38:03.130+0800][28.955s][info][gc,heap     ] GC(555) Eden regions: 1017->0(1019)
[2025-07-30T16:38:03.130+0800][28.955s][info][gc,heap     ] GC(555) Survivor regions: 146->145(146)
[2025-07-30T16:38:03.130+0800][28.955s][info][gc,heap     ] GC(555) Old regions: 561->561
[2025-07-30T16:38:03.130+0800][28.955s][info][gc,heap     ] GC(555) Humongous regions: 3->3
[2025-07-30T16:38:03.130+0800][28.955s][info][gc,metaspace] GC(555) Metaspace: 7177K(7488K)->7177K(7488K) NonClass: 6453K(6592K)->6453K(6592K) Class: 724K(896K)->724K(896K)
[2025-07-30T16:38:03.130+0800][28.955s][info][gc          ] GC(555) Pause Young (Normal) (G1 Evacuation Pause) 1725M->707M(2048M) 16.662ms
[2025-07-30T16:38:03.130+0800][28.955s][info][gc,cpu      ] GC(555) User=0.02s Sys=0.00s Real=0.02s
[2025-07-30T16:38:03.130+0800][28.955s][info][safepoint   ] Safepoint "G1CollectForAllocation", Time since last: 36198600 ns, Reaching safepoint: 2100 ns, Cleanup: 2900 ns, At safepoint: 16698000 ns, Total: 16703000 ns
[2025-07-30T16:38:03.167+0800][28.992s][info][gc,start    ] GC(556) Pause Young (Normal) (G1 Evacuation Pause)
[2025-07-30T16:38:03.167+0800][28.993s][info][gc,task     ] GC(556) Using 1 workers of 1 for evacuation
[2025-07-30T16:38:03.182+0800][29.007s][info][gc,phases   ] GC(556)   Pre Evacuate Collection Set: 0.3ms
[2025-07-30T16:38:03.182+0800][29.007s][info][gc,phases   ] GC(556)   Merge Heap Roots: 0.0ms
[2025-07-30T16:38:03.182+0800][29.007s][info][gc,phases   ] GC(556)   Evacuate Collection Set: 13.6ms
[2025-07-30T16:38:03.182+0800][29.007s][info][gc,phases   ] GC(556)   Post Evacuate Collection Set: 0.7ms
[2025-07-30T16:38:03.182+0800][29.007s][info][gc,phases   ] GC(556)   Other: 0.1ms
[2025-07-30T16:38:03.182+0800][29.007s][info][gc,heap     ] GC(556) Eden regions: 1019->0(1018)
[2025-07-30T16:38:03.182+0800][29.007s][info][gc,heap     ] GC(556) Survivor regions: 145->146(146)
[2025-07-30T16:38:03.182+0800][29.007s][info][gc,heap     ] GC(556) Old regions: 561->561
[2025-07-30T16:38:03.182+0800][29.007s][info][gc,heap     ] GC(556) Humongous regions: 3->3
[2025-07-30T16:38:03.182+0800][29.007s][info][gc,metaspace] GC(556) Metaspace: 7177K(7488K)->7177K(7488K) NonClass: 6453K(6592K)->6453K(6592K) Class: 724K(896K)->724K(896K)
[2025-07-30T16:38:03.182+0800][29.007s][info][gc          ] GC(556) Pause Young (Normal) (G1 Evacuation Pause) 1726M->708M(2048M) 14.912ms
[2025-07-30T16:38:03.182+0800][29.007s][info][gc,cpu      ] GC(556) User=0.02s Sys=0.00s Real=0.01s
[2025-07-30T16:38:03.182+0800][29.007s][info][safepoint   ] Safepoint "G1CollectForAllocation", Time since last: 37225800 ns, Reaching safepoint: 2200 ns, Cleanup: 2600 ns, At safepoint: 14949500 ns, Total: 14954300 ns
[2025-07-30T16:38:03.219+0800][29.045s][info][gc,start    ] GC(557) Pause Young (Normal) (G1 Evacuation Pause)
[2025-07-30T16:38:03.219+0800][29.045s][info][gc,task     ] GC(557) Using 1 workers of 1 for evacuation
[2025-07-30T16:38:03.234+0800][29.059s][info][gc,phases   ] GC(557)   Pre Evacuate Collection Set: 0.3ms
[2025-07-30T16:38:03.234+0800][29.059s][info][gc,phases   ] GC(557)   Merge Heap Roots: 0.1ms
[2025-07-30T16:38:03.234+0800][29.059s][info][gc,phases   ] GC(557)   Evacuate Collection Set: 13.6ms
[2025-07-30T16:38:03.234+0800][29.059s][info][gc,phases   ] GC(557)   Post Evacuate Collection Set: 0.5ms
[2025-07-30T16:38:03.234+0800][29.059s][info][gc,phases   ] GC(557)   Other: 0.1ms
[2025-07-30T16:38:03.234+0800][29.059s][info][gc,heap     ] GC(557) Eden regions: 1018->0(1018)
[2025-07-30T16:38:03.234+0800][29.059s][info][gc,heap     ] GC(557) Survivor regions: 146->146(146)
[2025-07-30T16:38:03.234+0800][29.059s][info][gc,heap     ] GC(557) Old regions: 561->561
[2025-07-30T16:38:03.234+0800][29.059s][info][gc,heap     ] GC(557) Humongous regions: 3->3
[2025-07-30T16:38:03.234+0800][29.059s][info][gc,metaspace] GC(557) Metaspace: 7177K(7488K)->7177K(7488K) NonClass: 6453K(6592K)->6453K(6592K) Class: 724K(896K)->724K(896K)
[2025-07-30T16:38:03.234+0800][29.059s][info][gc          ] GC(557) Pause Young (Normal) (G1 Evacuation Pause) 1726M->708M(2048M) 14.710ms
[2025-07-30T16:38:03.234+0800][29.059s][info][gc,cpu      ] GC(557) User=0.00s Sys=0.00s Real=0.01s
[2025-07-30T16:38:03.234+0800][29.059s][info][safepoint   ] Safepoint "G1CollectForAllocation", Time since last: 37114600 ns, Reaching safepoint: 2200 ns, Cleanup: 2700 ns, At safepoint: 14746100 ns, Total: 14751000 ns
[2025-07-30T16:38:03.272+0800][29.097s][info][gc,start    ] GC(558) Pause Young (Normal) (G1 Evacuation Pause)
[2025-07-30T16:38:03.272+0800][29.097s][info][gc,task     ] GC(558) Using 1 workers of 1 for evacuation
[2025-07-30T16:38:03.287+0800][29.112s][info][gc,phases   ] GC(558)   Pre Evacuate Collection Set: 0.3ms
[2025-07-30T16:38:03.287+0800][29.112s][info][gc,phases   ] GC(558)   Merge Heap Roots: 0.1ms
[2025-07-30T16:38:03.287+0800][29.112s][info][gc,phases   ] GC(558)   Evacuate Collection Set: 14.1ms
[2025-07-30T16:38:03.287+0800][29.112s][info][gc,phases   ] GC(558)   Post Evacuate Collection Set: 0.5ms
[2025-07-30T16:38:03.287+0800][29.112s][info][gc,phases   ] GC(558)   Other: 0.1ms
[2025-07-30T16:38:03.287+0800][29.112s][info][gc,heap     ] GC(558) Eden regions: 1018->0(1018)
[2025-07-30T16:38:03.287+0800][29.112s][info][gc,heap     ] GC(558) Survivor regions: 146->146(146)
[2025-07-30T16:38:03.287+0800][29.112s][info][gc,heap     ] GC(558) Old regions: 561->561
[2025-07-30T16:38:03.287+0800][29.112s][info][gc,heap     ] GC(558) Humongous regions: 3->3
[2025-07-30T16:38:03.287+0800][29.112s][info][gc,metaspace] GC(558) Metaspace: 7177K(7488K)->7177K(7488K) NonClass: 6453K(6592K)->6453K(6592K) Class: 724K(896K)->724K(896K)
[2025-07-30T16:38:03.287+0800][29.112s][info][gc          ] GC(558) Pause Young (Normal) (G1 Evacuation Pause) 1726M->708M(2048M) 15.284ms
[2025-07-30T16:38:03.287+0800][29.112s][info][gc,cpu      ] GC(558) User=0.02s Sys=0.00s Real=0.01s
[2025-07-30T16:38:03.287+0800][29.112s][info][safepoint   ] Safepoint "G1CollectForAllocation", Time since last: 37566200 ns, Reaching safepoint: 2100 ns, Cleanup: 2800 ns, At safepoint: 15320600 ns, Total: 15325500 ns
[2025-07-30T16:38:03.323+0800][29.148s][info][gc,start    ] GC(559) Pause Young (Normal) (G1 Evacuation Pause)
[2025-07-30T16:38:03.323+0800][29.148s][info][gc,task     ] GC(559) Using 1 workers of 1 for evacuation
[2025-07-30T16:38:03.338+0800][29.163s][info][gc,phases   ] GC(559)   Pre Evacuate Collection Set: 0.3ms
[2025-07-30T16:38:03.338+0800][29.163s][info][gc,phases   ] GC(559)   Merge Heap Roots: 0.0ms
[2025-07-30T16:38:03.338+0800][29.163s][info][gc,phases   ] GC(559)   Evacuate Collection Set: 13.6ms
[2025-07-30T16:38:03.338+0800][29.163s][info][gc,phases   ] GC(559)   Post Evacuate Collection Set: 0.6ms
[2025-07-30T16:38:03.338+0800][29.163s][info][gc,phases   ] GC(559)   Other: 0.1ms
[2025-07-30T16:38:03.338+0800][29.163s][info][gc,heap     ] GC(559) Eden regions: 1018->0(1017)
[2025-07-30T16:38:03.338+0800][29.163s][info][gc,heap     ] GC(559) Survivor regions: 146->146(146)
[2025-07-30T16:38:03.338+0800][29.163s][info][gc,heap     ] GC(559) Old regions: 561->561
[2025-07-30T16:38:03.338+0800][29.163s][info][gc,heap     ] GC(559) Humongous regions: 3->3
[2025-07-30T16:38:03.338+0800][29.163s][info][gc,metaspace] GC(559) Metaspace: 7177K(7488K)->7177K(7488K) NonClass: 6453K(6592K)->6453K(6592K) Class: 724K(896K)->724K(896K)
[2025-07-30T16:38:03.338+0800][29.163s][info][gc          ] GC(559) Pause Young (Normal) (G1 Evacuation Pause) 1726M->709M(2048M) 14.987ms
[2025-07-30T16:38:03.338+0800][29.163s][info][gc,cpu      ] GC(559) User=0.02s Sys=0.00s Real=0.02s
[2025-07-30T16:38:03.338+0800][29.163s][info][safepoint   ] Safepoint "G1CollectForAllocation", Time since last: 36189600 ns, Reaching safepoint: 1700 ns, Cleanup: 2400 ns, At safepoint: 15051800 ns, Total: 15055900 ns
[2025-07-30T16:38:03.376+0800][29.201s][info][gc,start    ] GC(560) Pause Young (Normal) (G1 Evacuation Pause)
[2025-07-30T16:38:03.376+0800][29.201s][info][gc,task     ] GC(560) Using 1 workers of 1 for evacuation
[2025-07-30T16:38:03.390+0800][29.216s][info][gc,phases   ] GC(560)   Pre Evacuate Collection Set: 0.3ms
[2025-07-30T16:38:03.390+0800][29.216s][info][gc,phases   ] GC(560)   Merge Heap Roots: 0.1ms
[2025-07-30T16:38:03.390+0800][29.216s][info][gc,phases   ] GC(560)   Evacuate Collection Set: 13.7ms
[2025-07-30T16:38:03.390+0800][29.216s][info][gc,phases   ] GC(560)   Post Evacuate Collection Set: 0.6ms
[2025-07-30T16:38:03.390+0800][29.216s][info][gc,phases   ] GC(560)   Other: 0.1ms
[2025-07-30T16:38:03.390+0800][29.216s][info][gc,heap     ] GC(560) Eden regions: 1017->0(1019)
[2025-07-30T16:38:03.390+0800][29.216s][info][gc,heap     ] GC(560) Survivor regions: 146->145(146)
[2025-07-30T16:38:03.390+0800][29.216s][info][gc,heap     ] GC(560) Old regions: 561->561
[2025-07-30T16:38:03.390+0800][29.216s][info][gc,heap     ] GC(560) Humongous regions: 3->3
[2025-07-30T16:38:03.390+0800][29.216s][info][gc,metaspace] GC(560) Metaspace: 7177K(7488K)->7177K(7488K) NonClass: 6453K(6592K)->6453K(6592K) Class: 724K(896K)->724K(896K)
[2025-07-30T16:38:03.390+0800][29.216s][info][gc          ] GC(560) Pause Young (Normal) (G1 Evacuation Pause) 1726M->708M(2048M) 14.914ms
[2025-07-30T16:38:03.390+0800][29.216s][info][gc,cpu      ] GC(560) User=0.00s Sys=0.00s Real=0.01s
[2025-07-30T16:38:03.390+0800][29.216s][info][safepoint   ] Safepoint "G1CollectForAllocation", Time since last: 37375800 ns, Reaching safepoint: 2300 ns, Cleanup: 3700 ns, At safepoint: 14958900 ns, Total: 14964900 ns
[2025-07-30T16:38:03.427+0800][29.253s][info][gc,start    ] GC(561) Pause Young (Normal) (G1 Evacuation Pause)
[2025-07-30T16:38:03.427+0800][29.253s][info][gc,task     ] GC(561) Using 1 workers of 1 for evacuation
[2025-07-30T16:38:03.442+0800][29.267s][info][gc,phases   ] GC(561)   Pre Evacuate Collection Set: 0.3ms
[2025-07-30T16:38:03.442+0800][29.267s][info][gc,phases   ] GC(561)   Merge Heap Roots: 0.0ms
[2025-07-30T16:38:03.442+0800][29.267s][info][gc,phases   ] GC(561)   Evacuate Collection Set: 13.8ms
[2025-07-30T16:38:03.442+0800][29.267s][info][gc,phases   ] GC(561)   Post Evacuate Collection Set: 0.6ms
[2025-07-30T16:38:03.442+0800][29.267s][info][gc,phases   ] GC(561)   Other: 0.1ms
[2025-07-30T16:38:03.442+0800][29.267s][info][gc,heap     ] GC(561) Eden regions: 1019->0(1017)
[2025-07-30T16:38:03.442+0800][29.267s][info][gc,heap     ] GC(561) Survivor regions: 145->146(146)
[2025-07-30T16:38:03.442+0800][29.267s][info][gc,heap     ] GC(561) Old regions: 561->561
[2025-07-30T16:38:03.442+0800][29.267s][info][gc,heap     ] GC(561) Humongous regions: 3->3
[2025-07-30T16:38:03.442+0800][29.268s][info][gc,metaspace] GC(561) Metaspace: 7177K(7488K)->7177K(7488K) NonClass: 6453K(6592K)->6453K(6592K) Class: 724K(896K)->724K(896K)
[2025-07-30T16:38:03.442+0800][29.268s][info][gc          ] GC(561) Pause Young (Normal) (G1 Evacuation Pause) 1727M->709M(2048M) 15.008ms
[2025-07-30T16:38:03.442+0800][29.268s][info][gc,cpu      ] GC(561) User=0.02s Sys=0.00s Real=0.01s
[2025-07-30T16:38:03.442+0800][29.268s][info][safepoint   ] Safepoint "G1CollectForAllocation", Time since last: 36748400 ns, Reaching safepoint: 2300 ns, Cleanup: 2800 ns, At safepoint: 15044700 ns, Total: 15049800 ns
[2025-07-30T16:38:03.479+0800][29.304s][info][gc,start    ] GC(562) Pause Young (Normal) (G1 Evacuation Pause)
[2025-07-30T16:38:03.479+0800][29.304s][info][gc,task     ] GC(562) Using 1 workers of 1 for evacuation
[2025-07-30T16:38:03.494+0800][29.319s][info][gc,phases   ] GC(562)   Pre Evacuate Collection Set: 0.3ms
[2025-07-30T16:38:03.494+0800][29.319s][info][gc,phases   ] GC(562)   Merge Heap Roots: 0.0ms
[2025-07-30T16:38:03.494+0800][29.319s][info][gc,phases   ] GC(562)   Evacuate Collection Set: 13.8ms
[2025-07-30T16:38:03.494+0800][29.319s][info][gc,phases   ] GC(562)   Post Evacuate Collection Set: 0.6ms
[2025-07-30T16:38:03.494+0800][29.319s][info][gc,phases   ] GC(562)   Other: 0.1ms
[2025-07-30T16:38:03.494+0800][29.319s][info][gc,heap     ] GC(562) Eden regions: 1017->0(1019)
[2025-07-30T16:38:03.494+0800][29.319s][info][gc,heap     ] GC(562) Survivor regions: 146->145(146)
[2025-07-30T16:38:03.494+0800][29.319s][info][gc,heap     ] GC(562) Old regions: 561->561
[2025-07-30T16:38:03.494+0800][29.319s][info][gc,heap     ] GC(562) Humongous regions: 3->3
[2025-07-30T16:38:03.494+0800][29.319s][info][gc,metaspace] GC(562) Metaspace: 7177K(7488K)->7177K(7488K) NonClass: 6453K(6592K)->6453K(6592K) Class: 724K(896K)->724K(896K)
[2025-07-30T16:38:03.494+0800][29.319s][info][gc          ] GC(562) Pause Young (Normal) (G1 Evacuation Pause) 1726M->708M(2048M) 14.917ms
[2025-07-30T16:38:03.494+0800][29.319s][info][gc,cpu      ] GC(562) User=0.02s Sys=0.00s Real=0.01s
[2025-07-30T16:38:03.494+0800][29.319s][info][safepoint   ] Safepoint "G1CollectForAllocation", Time since last: 36848800 ns, Reaching safepoint: 1900 ns, Cleanup: 2500 ns, At safepoint: 14954000 ns, Total: 14958400 ns
[2025-07-30T16:38:03.530+0800][29.356s][info][gc,start    ] GC(563) Pause Young (Normal) (G1 Evacuation Pause)
[2025-07-30T16:38:03.530+0800][29.356s][info][gc,task     ] GC(563) Using 1 workers of 1 for evacuation
[2025-07-30T16:38:03.545+0800][29.371s][info][gc,phases   ] GC(563)   Pre Evacuate Collection Set: 0.4ms
[2025-07-30T16:38:03.545+0800][29.371s][info][gc,phases   ] GC(563)   Merge Heap Roots: 0.1ms
[2025-07-30T16:38:03.545+0800][29.371s][info][gc,phases   ] GC(563)   Evacuate Collection Set: 14.4ms
[2025-07-30T16:38:03.545+0800][29.371s][info][gc,phases   ] GC(563)   Post Evacuate Collection Set: 0.7ms
[2025-07-30T16:38:03.545+0800][29.371s][info][gc,phases   ] GC(563)   Other: 0.1ms
[2025-07-30T16:38:03.546+0800][29.371s][info][gc,heap     ] GC(563) Eden regions: 1019->0(1017)
[2025-07-30T16:38:03.546+0800][29.371s][info][gc,heap     ] GC(563) Survivor regions: 145->146(146)
[2025-07-30T16:38:03.546+0800][29.371s][info][gc,heap     ] GC(563) Old regions: 561->561
[2025-07-30T16:38:03.546+0800][29.371s][info][gc,heap     ] GC(563) Humongous regions: 3->3
[2025-07-30T16:38:03.546+0800][29.371s][info][gc,metaspace] GC(563) Metaspace: 7177K(7488K)->7177K(7488K) NonClass: 6453K(6592K)->6453K(6592K) Class: 724K(896K)->724K(896K)
[2025-07-30T16:38:03.546+0800][29.371s][info][gc          ] GC(563) Pause Young (Normal) (G1 Evacuation Pause) 1727M->709M(2048M) 15.840ms
[2025-07-30T16:38:03.546+0800][29.371s][info][gc,cpu      ] GC(563) User=0.02s Sys=0.00s Real=0.02s
[2025-07-30T16:38:03.546+0800][29.371s][info][safepoint   ] Safepoint "G1CollectForAllocation", Time since last: 36238500 ns, Reaching safepoint: 3800 ns, Cleanup: 4800 ns, At safepoint: 15884400 ns, Total: 15893000 ns
[2025-07-30T16:38:03.583+0800][29.408s][info][gc,start    ] GC(564) Pause Young (Normal) (G1 Evacuation Pause)
[2025-07-30T16:38:03.583+0800][29.408s][info][gc,task     ] GC(564) Using 1 workers of 1 for evacuation
[2025-07-30T16:38:03.598+0800][29.423s][info][gc,phases   ] GC(564)   Pre Evacuate Collection Set: 0.4ms
[2025-07-30T16:38:03.598+0800][29.424s][info][gc,phases   ] GC(564)   Merge Heap Roots: 0.1ms
[2025-07-30T16:38:03.598+0800][29.424s][info][gc,phases   ] GC(564)   Evacuate Collection Set: 14.2ms
[2025-07-30T16:38:03.598+0800][29.424s][info][gc,phases   ] GC(564)   Post Evacuate Collection Set: 0.6ms
[2025-07-30T16:38:03.598+0800][29.424s][info][gc,phases   ] GC(564)   Other: 0.1ms
[2025-07-30T16:38:03.598+0800][29.424s][info][gc,heap     ] GC(564) Eden regions: 1017->0(1017)
[2025-07-30T16:38:03.598+0800][29.424s][info][gc,heap     ] GC(564) Survivor regions: 146->146(146)
[2025-07-30T16:38:03.598+0800][29.424s][info][gc,heap     ] GC(564) Old regions: 561->561
[2025-07-30T16:38:03.598+0800][29.424s][info][gc,heap     ] GC(564) Humongous regions: 3->3
[2025-07-30T16:38:03.598+0800][29.424s][info][gc,metaspace] GC(564) Metaspace: 7177K(7488K)->7177K(7488K) NonClass: 6453K(6592K)->6453K(6592K) Class: 724K(896K)->724K(896K)
[2025-07-30T16:38:03.598+0800][29.424s][info][gc          ] GC(564) Pause Young (Normal) (G1 Evacuation Pause) 1726M->708M(2048M) 15.502ms
[2025-07-30T16:38:03.598+0800][29.424s][info][gc,cpu      ] GC(564) User=0.02s Sys=0.00s Real=0.02s
[2025-07-30T16:38:03.598+0800][29.424s][info][safepoint   ] Safepoint "G1CollectForAllocation", Time since last: 36611200 ns, Reaching safepoint: 2700 ns, Cleanup: 3200 ns, At safepoint: 15543900 ns, Total: 15549800 ns
[2025-07-30T16:38:03.635+0800][29.460s][info][gc,start    ] GC(565) Pause Young (Normal) (G1 Evacuation Pause)
[2025-07-30T16:38:03.635+0800][29.460s][info][gc,task     ] GC(565) Using 1 workers of 1 for evacuation
[2025-07-30T16:38:03.650+0800][29.475s][info][gc,phases   ] GC(565)   Pre Evacuate Collection Set: 0.3ms
[2025-07-30T16:38:03.650+0800][29.475s][info][gc,phases   ] GC(565)   Merge Heap Roots: 0.0ms
[2025-07-30T16:38:03.650+0800][29.475s][info][gc,phases   ] GC(565)   Evacuate Collection Set: 14.4ms
[2025-07-30T16:38:03.650+0800][29.475s][info][gc,phases   ] GC(565)   Post Evacuate Collection Set: 0.6ms
[2025-07-30T16:38:03.650+0800][29.475s][info][gc,phases   ] GC(565)   Other: 0.1ms
[2025-07-30T16:38:03.650+0800][29.475s][info][gc,heap     ] GC(565) Eden regions: 1017->0(1019)
[2025-07-30T16:38:03.650+0800][29.475s][info][gc,heap     ] GC(565) Survivor regions: 146->145(146)
[2025-07-30T16:38:03.650+0800][29.475s][info][gc,heap     ] GC(565) Old regions: 561->561
[2025-07-30T16:38:03.650+0800][29.476s][info][gc,heap     ] GC(565) Humongous regions: 3->3
[2025-07-30T16:38:03.650+0800][29.476s][info][gc,metaspace] GC(565) Metaspace: 7177K(7488K)->7177K(7488K) NonClass: 6453K(6592K)->6453K(6592K) Class: 724K(896K)->724K(896K)
[2025-07-30T16:38:03.650+0800][29.476s][info][gc          ] GC(565) Pause Young (Normal) (G1 Evacuation Pause) 1725M->707M(2048M) 15.681ms
[2025-07-30T16:38:03.650+0800][29.476s][info][gc,cpu      ] GC(565) User=0.02s Sys=0.00s Real=0.02s
[2025-07-30T16:38:03.650+0800][29.476s][info][safepoint   ] Safepoint "G1CollectForAllocation", Time since last: 36193000 ns, Reaching safepoint: 2200 ns, Cleanup: 2700 ns, At safepoint: 15721200 ns, Total: 15726100 ns
[2025-07-30T16:38:03.687+0800][29.512s][info][gc,start    ] GC(566) Pause Young (Normal) (G1 Evacuation Pause)
[2025-07-30T16:38:03.687+0800][29.512s][info][gc,task     ] GC(566) Using 1 workers of 1 for evacuation
[2025-07-30T16:38:03.701+0800][29.527s][info][gc,phases   ] GC(566)   Pre Evacuate Collection Set: 0.3ms
[2025-07-30T16:38:03.701+0800][29.527s][info][gc,phases   ] GC(566)   Merge Heap Roots: 0.0ms
[2025-07-30T16:38:03.701+0800][29.527s][info][gc,phases   ] GC(566)   Evacuate Collection Set: 13.7ms
[2025-07-30T16:38:03.701+0800][29.527s][info][gc,phases   ] GC(566)   Post Evacuate Collection Set: 0.5ms
[2025-07-30T16:38:03.701+0800][29.527s][info][gc,phases   ] GC(566)   Other: 0.1ms
[2025-07-30T16:38:03.701+0800][29.527s][info][gc,heap     ] GC(566) Eden regions: 1019->0(1018)
[2025-07-30T16:38:03.701+0800][29.527s][info][gc,heap     ] GC(566) Survivor regions: 145->146(146)
[2025-07-30T16:38:03.701+0800][29.527s][info][gc,heap     ] GC(566) Old regions: 561->561
[2025-07-30T16:38:03.701+0800][29.527s][info][gc,heap     ] GC(566) Humongous regions: 3->3
[2025-07-30T16:38:03.701+0800][29.527s][info][gc,metaspace] GC(566) Metaspace: 7177K(7488K)->7177K(7488K) NonClass: 6453K(6592K)->6453K(6592K) Class: 724K(896K)->724K(896K)
[2025-07-30T16:38:03.701+0800][29.527s][info][gc          ] GC(566) Pause Young (Normal) (G1 Evacuation Pause) 1726M->708M(2048M) 14.780ms
[2025-07-30T16:38:03.701+0800][29.527s][info][gc,cpu      ] GC(566) User=0.02s Sys=0.00s Real=0.01s
[2025-07-30T16:38:03.701+0800][29.527s][info][safepoint   ] Safepoint "G1CollectForAllocation", Time since last: 36289000 ns, Reaching safepoint: 2000 ns, Cleanup: 2200 ns, At safepoint: 14819800 ns, Total: 14824000 ns
[2025-07-30T16:38:03.738+0800][29.563s][info][gc,start    ] GC(567) Pause Young (Normal) (G1 Evacuation Pause)
[2025-07-30T16:38:03.738+0800][29.563s][info][gc,task     ] GC(567) Using 1 workers of 1 for evacuation
[2025-07-30T16:38:03.753+0800][29.578s][info][gc,phases   ] GC(567)   Pre Evacuate Collection Set: 0.3ms
[2025-07-30T16:38:03.753+0800][29.578s][info][gc,phases   ] GC(567)   Merge Heap Roots: 0.0ms
[2025-07-30T16:38:03.753+0800][29.578s][info][gc,phases   ] GC(567)   Evacuate Collection Set: 13.9ms
[2025-07-30T16:38:03.753+0800][29.578s][info][gc,phases   ] GC(567)   Post Evacuate Collection Set: 0.5ms
[2025-07-30T16:38:03.753+0800][29.578s][info][gc,phases   ] GC(567)   Other: 0.1ms
[2025-07-30T16:38:03.753+0800][29.578s][info][gc,heap     ] GC(567) Eden regions: 1018->0(1018)
[2025-07-30T16:38:03.753+0800][29.578s][info][gc,heap     ] GC(567) Survivor regions: 146->146(146)
[2025-07-30T16:38:03.753+0800][29.578s][info][gc,heap     ] GC(567) Old regions: 561->561
[2025-07-30T16:38:03.753+0800][29.578s][info][gc,heap     ] GC(567) Humongous regions: 3->3
[2025-07-30T16:38:03.753+0800][29.578s][info][gc,metaspace] GC(567) Metaspace: 7177K(7488K)->7177K(7488K) NonClass: 6453K(6592K)->6453K(6592K) Class: 724K(896K)->724K(896K)
[2025-07-30T16:38:03.753+0800][29.578s][info][gc          ] GC(567) Pause Young (Normal) (G1 Evacuation Pause) 1726M->708M(2048M) 15.014ms
[2025-07-30T16:38:03.753+0800][29.578s][info][gc,cpu      ] GC(567) User=0.02s Sys=0.00s Real=0.02s
[2025-07-30T16:38:03.753+0800][29.578s][info][safepoint   ] Safepoint "G1CollectForAllocation", Time since last: 36334300 ns, Reaching safepoint: 1800 ns, Cleanup: 2400 ns, At safepoint: 15050600 ns, Total: 15054800 ns
[2025-07-30T16:38:03.789+0800][29.614s][info][gc,start    ] GC(568) Pause Young (Normal) (G1 Evacuation Pause)
[2025-07-30T16:38:03.789+0800][29.614s][info][gc,task     ] GC(568) Using 1 workers of 1 for evacuation
[2025-07-30T16:38:03.805+0800][29.630s][info][gc,phases   ] GC(568)   Pre Evacuate Collection Set: 0.4ms
[2025-07-30T16:38:03.805+0800][29.630s][info][gc,phases   ] GC(568)   Merge Heap Roots: 0.1ms
[2025-07-30T16:38:03.805+0800][29.630s][info][gc,phases   ] GC(568)   Evacuate Collection Set: 14.4ms
[2025-07-30T16:38:03.805+0800][29.630s][info][gc,phases   ] GC(568)   Post Evacuate Collection Set: 0.7ms
[2025-07-30T16:38:03.805+0800][29.630s][info][gc,phases   ] GC(568)   Other: 0.1ms
[2025-07-30T16:38:03.805+0800][29.630s][info][gc,heap     ] GC(568) Eden regions: 1018->0(1017)
[2025-07-30T16:38:03.805+0800][29.630s][info][gc,heap     ] GC(568) Survivor regions: 146->146(146)
[2025-07-30T16:38:03.805+0800][29.630s][info][gc,heap     ] GC(568) Old regions: 561->561
[2025-07-30T16:38:03.805+0800][29.630s][info][gc,heap     ] GC(568) Humongous regions: 3->3
[2025-07-30T16:38:03.805+0800][29.630s][info][gc,metaspace] GC(568) Metaspace: 7177K(7488K)->7177K(7488K) NonClass: 6453K(6592K)->6453K(6592K) Class: 724K(896K)->724K(896K)
[2025-07-30T16:38:03.805+0800][29.630s][info][gc          ] GC(568) Pause Young (Normal) (G1 Evacuation Pause) 1726M->709M(2048M) 15.922ms
[2025-07-30T16:38:03.805+0800][29.630s][info][gc,cpu      ] GC(568) User=0.02s Sys=0.00s Real=0.02s
[2025-07-30T16:38:03.805+0800][29.630s][info][safepoint   ] Safepoint "G1CollectForAllocation", Time since last: 36264700 ns, Reaching safepoint: 4000 ns, Cleanup: 4200 ns, At safepoint: 15968100 ns, Total: 15976300 ns
[2025-07-30T16:38:03.842+0800][29.668s][info][gc,start    ] GC(569) Pause Young (Normal) (G1 Evacuation Pause)
[2025-07-30T16:38:03.844+0800][29.669s][info][gc,task     ] GC(569) Using 1 workers of 1 for evacuation
[2025-07-30T16:38:03.860+0800][29.685s][info][gc,phases   ] GC(569)   Pre Evacuate Collection Set: 0.4ms
[2025-07-30T16:38:03.860+0800][29.685s][info][gc,phases   ] GC(569)   Merge Heap Roots: 0.1ms
[2025-07-30T16:38:03.860+0800][29.685s][info][gc,phases   ] GC(569)   Evacuate Collection Set: 14.7ms
[2025-07-30T16:38:03.860+0800][29.685s][info][gc,phases   ] GC(569)   Post Evacuate Collection Set: 0.7ms
[2025-07-30T16:38:03.860+0800][29.685s][info][gc,phases   ] GC(569)   Other: 0.1ms
[2025-07-30T16:38:03.860+0800][29.685s][info][gc,heap     ] GC(569) Eden regions: 1017->0(1019)
[2025-07-30T16:38:03.860+0800][29.685s][info][gc,heap     ] GC(569) Survivor regions: 146->145(146)
[2025-07-30T16:38:03.860+0800][29.685s][info][gc,heap     ] GC(569) Old regions: 561->561
[2025-07-30T16:38:03.860+0800][29.685s][info][gc,heap     ] GC(569) Humongous regions: 3->3
[2025-07-30T16:38:03.860+0800][29.685s][info][gc,metaspace] GC(569) Metaspace: 7177K(7488K)->7177K(7488K) NonClass: 6453K(6592K)->6453K(6592K) Class: 724K(896K)->724K(896K)
[2025-07-30T16:38:03.860+0800][29.685s][info][gc          ] GC(569) Pause Young (Normal) (G1 Evacuation Pause) 1726M->708M(2048M) 17.818ms
[2025-07-30T16:38:03.860+0800][29.685s][info][gc,cpu      ] GC(569) User=0.03s Sys=0.02s Real=0.02s
[2025-07-30T16:38:03.860+0800][29.685s][info][safepoint   ] Safepoint "G1CollectForAllocation", Time since last: 37312800 ns, Reaching safepoint: 3000 ns, Cleanup: 3000 ns, At safepoint: 17858200 ns, Total: 17864200 ns
[2025-07-30T16:38:03.897+0800][29.722s][info][gc,start    ] GC(570) Pause Young (Normal) (G1 Evacuation Pause)
[2025-07-30T16:38:03.897+0800][29.722s][info][gc,task     ] GC(570) Using 1 workers of 1 for evacuation
[2025-07-30T16:38:03.912+0800][29.737s][info][gc,phases   ] GC(570)   Pre Evacuate Collection Set: 0.3ms
[2025-07-30T16:38:03.912+0800][29.737s][info][gc,phases   ] GC(570)   Merge Heap Roots: 0.1ms
[2025-07-30T16:38:03.912+0800][29.737s][info][gc,phases   ] GC(570)   Evacuate Collection Set: 13.8ms
[2025-07-30T16:38:03.912+0800][29.737s][info][gc,phases   ] GC(570)   Post Evacuate Collection Set: 0.7ms
[2025-07-30T16:38:03.912+0800][29.737s][info][gc,phases   ] GC(570)   Other: 0.1ms
[2025-07-30T16:38:03.912+0800][29.737s][info][gc,heap     ] GC(570) Eden regions: 1019->0(1017)
[2025-07-30T16:38:03.912+0800][29.737s][info][gc,heap     ] GC(570) Survivor regions: 145->146(146)
[2025-07-30T16:38:03.912+0800][29.737s][info][gc,heap     ] GC(570) Old regions: 561->561
[2025-07-30T16:38:03.912+0800][29.737s][info][gc,heap     ] GC(570) Humongous regions: 3->3
[2025-07-30T16:38:03.912+0800][29.737s][info][gc,metaspace] GC(570) Metaspace: 7178K(7488K)->7178K(7488K) NonClass: 6454K(6592K)->6454K(6592K) Class: 724K(896K)->724K(896K)
[2025-07-30T16:38:03.912+0800][29.737s][info][gc          ] GC(570) Pause Young (Normal) (G1 Evacuation Pause) 1727M->709M(2048M) 15.133ms
[2025-07-30T16:38:03.912+0800][29.737s][info][gc,cpu      ] GC(570) User=0.02s Sys=0.00s Real=0.01s
[2025-07-30T16:38:03.912+0800][29.737s][info][safepoint   ] Safepoint "G1CollectForAllocation", Time since last: 36523300 ns, Reaching safepoint: 2600 ns, Cleanup: 8300 ns, At safepoint: 15176500 ns, Total: 15187400 ns
[2025-07-30T16:38:03.950+0800][29.775s][info][gc,start    ] GC(571) Pause Young (Normal) (G1 Evacuation Pause)
[2025-07-30T16:38:03.950+0800][29.775s][info][gc,task     ] GC(571) Using 1 workers of 1 for evacuation
[2025-07-30T16:38:03.967+0800][29.792s][info][gc,phases   ] GC(571)   Pre Evacuate Collection Set: 0.4ms
[2025-07-30T16:38:03.967+0800][29.792s][info][gc,phases   ] GC(571)   Merge Heap Roots: 0.1ms
[2025-07-30T16:38:03.967+0800][29.792s][info][gc,phases   ] GC(571)   Evacuate Collection Set: 15.5ms
[2025-07-30T16:38:03.967+0800][29.792s][info][gc,phases   ] GC(571)   Post Evacuate Collection Set: 0.7ms
[2025-07-30T16:38:03.967+0800][29.792s][info][gc,phases   ] GC(571)   Other: 0.1ms
[2025-07-30T16:38:03.967+0800][29.792s][info][gc,heap     ] GC(571) Eden regions: 1017->0(1019)
[2025-07-30T16:38:03.967+0800][29.792s][info][gc,heap     ] GC(571) Survivor regions: 146->145(146)
[2025-07-30T16:38:03.967+0800][29.792s][info][gc,heap     ] GC(571) Old regions: 561->561
[2025-07-30T16:38:03.967+0800][29.792s][info][gc,heap     ] GC(571) Humongous regions: 3->3
[2025-07-30T16:38:03.967+0800][29.792s][info][gc,metaspace] GC(571) Metaspace: 7178K(7488K)->7178K(7488K) NonClass: 6454K(6592K)->6454K(6592K) Class: 724K(896K)->724K(896K)
[2025-07-30T16:38:03.967+0800][29.792s][info][gc          ] GC(571) Pause Young (Normal) (G1 Evacuation Pause) 1726M->708M(2048M) 17.019ms
[2025-07-30T16:38:03.967+0800][29.792s][info][gc,cpu      ] GC(571) User=0.02s Sys=0.00s Real=0.02s
[2025-07-30T16:38:03.967+0800][29.792s][info][safepoint   ] Safepoint "G1CollectForAllocation", Time since last: 38161400 ns, Reaching safepoint: 4000 ns, Cleanup: 5600 ns, At safepoint: 17062200 ns, Total: 17071800 ns
[2025-07-30T16:38:04.004+0800][29.829s][info][gc,start    ] GC(572) Pause Young (Normal) (G1 Evacuation Pause)
[2025-07-30T16:38:04.004+0800][29.829s][info][gc,task     ] GC(572) Using 1 workers of 1 for evacuation
[2025-07-30T16:38:04.019+0800][29.845s][info][gc,phases   ] GC(572)   Pre Evacuate Collection Set: 0.4ms
[2025-07-30T16:38:04.019+0800][29.845s][info][gc,phases   ] GC(572)   Merge Heap Roots: 0.1ms
[2025-07-30T16:38:04.019+0800][29.845s][info][gc,phases   ] GC(572)   Evacuate Collection Set: 14.1ms
[2025-07-30T16:38:04.019+0800][29.845s][info][gc,phases   ] GC(572)   Post Evacuate Collection Set: 0.7ms
[2025-07-30T16:38:04.019+0800][29.845s][info][gc,phases   ] GC(572)   Other: 0.1ms
[2025-07-30T16:38:04.019+0800][29.845s][info][gc,heap     ] GC(572) Eden regions: 1019->0(1017)
[2025-07-30T16:38:04.019+0800][29.845s][info][gc,heap     ] GC(572) Survivor regions: 145->146(146)
[2025-07-30T16:38:04.019+0800][29.845s][info][gc,heap     ] GC(572) Old regions: 561->561
[2025-07-30T16:38:04.019+0800][29.845s][info][gc,heap     ] GC(572) Humongous regions: 3->3
[2025-07-30T16:38:04.019+0800][29.845s][info][gc,metaspace] GC(572) Metaspace: 7178K(7488K)->7178K(7488K) NonClass: 6454K(6592K)->6454K(6592K) Class: 724K(896K)->724K(896K)
[2025-07-30T16:38:04.019+0800][29.845s][info][gc          ] GC(572) Pause Young (Normal) (G1 Evacuation Pause) 1727M->709M(2048M) 15.550ms
[2025-07-30T16:38:04.019+0800][29.845s][info][gc,cpu      ] GC(572) User=0.02s Sys=0.00s Real=0.02s
[2025-07-30T16:38:04.019+0800][29.845s][info][safepoint   ] Safepoint "G1CollectForAllocation", Time since last: 36822300 ns, Reaching safepoint: 3400 ns, Cleanup: 4400 ns, At safepoint: 15595100 ns, Total: 15602900 ns
[2025-07-30T16:38:04.057+0800][29.882s][info][gc,start    ] GC(573) Pause Young (Normal) (G1 Evacuation Pause)
[2025-07-30T16:38:04.057+0800][29.882s][info][gc,task     ] GC(573) Using 1 workers of 1 for evacuation
[2025-07-30T16:38:04.073+0800][29.898s][info][gc,phases   ] GC(573)   Pre Evacuate Collection Set: 0.5ms
[2025-07-30T16:38:04.073+0800][29.898s][info][gc,phases   ] GC(573)   Merge Heap Roots: 0.1ms
[2025-07-30T16:38:04.073+0800][29.898s][info][gc,phases   ] GC(573)   Evacuate Collection Set: 14.8ms
[2025-07-30T16:38:04.073+0800][29.898s][info][gc,phases   ] GC(573)   Post Evacuate Collection Set: 0.7ms
[2025-07-30T16:38:04.073+0800][29.898s][info][gc,phases   ] GC(573)   Other: 0.1ms
[2025-07-30T16:38:04.073+0800][29.898s][info][gc,heap     ] GC(573) Eden regions: 1017->0(1017)
[2025-07-30T16:38:04.073+0800][29.898s][info][gc,heap     ] GC(573) Survivor regions: 146->146(146)
[2025-07-30T16:38:04.073+0800][29.898s][info][gc,heap     ] GC(573) Old regions: 561->561
[2025-07-30T16:38:04.073+0800][29.898s][info][gc,heap     ] GC(573) Humongous regions: 3->3
[2025-07-30T16:38:04.073+0800][29.898s][info][gc,metaspace] GC(573) Metaspace: 7178K(7488K)->7178K(7488K) NonClass: 6454K(6592K)->6454K(6592K) Class: 724K(896K)->724K(896K)
[2025-07-30T16:38:04.073+0800][29.898s][info][gc          ] GC(573) Pause Young (Normal) (G1 Evacuation Pause) 1726M->708M(2048M) 16.246ms
[2025-07-30T16:38:04.073+0800][29.898s][info][gc,cpu      ] GC(573) User=0.02s Sys=0.00s Real=0.02s
[2025-07-30T16:38:04.073+0800][29.898s][info][safepoint   ] Safepoint "G1CollectForAllocation", Time since last: 37246000 ns, Reaching safepoint: 3900 ns, Cleanup: 3700 ns, At safepoint: 16296500 ns, Total: 16304100 ns
[2025-07-30T16:38:04.111+0800][29.936s][info][gc,start    ] GC(574) Pause Young (Normal) (G1 Evacuation Pause)
[2025-07-30T16:38:04.111+0800][29.936s][info][gc,task     ] GC(574) Using 1 workers of 1 for evacuation
[2025-07-30T16:38:04.127+0800][29.953s][info][gc,phases   ] GC(574)   Pre Evacuate Collection Set: 0.3ms
[2025-07-30T16:38:04.127+0800][29.953s][info][gc,phases   ] GC(574)   Merge Heap Roots: 0.0ms
[2025-07-30T16:38:04.127+0800][29.953s][info][gc,phases   ] GC(574)   Evacuate Collection Set: 16.1ms
[2025-07-30T16:38:04.127+0800][29.953s][info][gc,phases   ] GC(574)   Post Evacuate Collection Set: 0.6ms
[2025-07-30T16:38:04.127+0800][29.953s][info][gc,phases   ] GC(574)   Other: 0.1ms
[2025-07-30T16:38:04.127+0800][29.953s][info][gc,heap     ] GC(574) Eden regions: 1017->0(1019)
[2025-07-30T16:38:04.127+0800][29.953s][info][gc,heap     ] GC(574) Survivor regions: 146->145(146)
[2025-07-30T16:38:04.128+0800][29.953s][info][gc,heap     ] GC(574) Old regions: 561->561
[2025-07-30T16:38:04.128+0800][29.953s][info][gc,heap     ] GC(574) Humongous regions: 3->3
[2025-07-30T16:38:04.128+0800][29.953s][info][gc,metaspace] GC(574) Metaspace: 7178K(7488K)->7178K(7488K) NonClass: 6454K(6592K)->6454K(6592K) Class: 724K(896K)->724K(896K)
[2025-07-30T16:38:04.128+0800][29.953s][info][gc          ] GC(574) Pause Young (Normal) (G1 Evacuation Pause) 1725M->707M(2048M) 17.445ms
[2025-07-30T16:38:04.128+0800][29.953s][info][gc,cpu      ] GC(574) User=0.02s Sys=0.00s Real=0.02s
[2025-07-30T16:38:04.128+0800][29.953s][info][safepoint   ] Safepoint "G1CollectForAllocation", Time since last: 37382300 ns, Reaching safepoint: 3300 ns, Cleanup: 3200 ns, At safepoint: 17486800 ns, Total: 17493300 ns
[2025-07-30T16:38:04.165+0800][29.990s][info][gc,start    ] GC(575) Pause Young (Normal) (G1 Evacuation Pause)
[2025-07-30T16:38:04.165+0800][29.990s][info][gc,task     ] GC(575) Using 1 workers of 1 for evacuation
[2025-07-30T16:38:04.180+0800][30.006s][info][gc,phases   ] GC(575)   Pre Evacuate Collection Set: 0.3ms
[2025-07-30T16:38:04.180+0800][30.006s][info][gc,phases   ] GC(575)   Merge Heap Roots: 0.1ms
[2025-07-30T16:38:04.180+0800][30.006s][info][gc,phases   ] GC(575)   Evacuate Collection Set: 14.7ms
[2025-07-30T16:38:04.180+0800][30.006s][info][gc,phases   ] GC(575)   Post Evacuate Collection Set: 0.6ms
[2025-07-30T16:38:04.180+0800][30.006s][info][gc,phases   ] GC(575)   Other: 0.1ms
[2025-07-30T16:38:04.180+0800][30.006s][info][gc,heap     ] GC(575) Eden regions: 1019->0(1018)
[2025-07-30T16:38:04.180+0800][30.006s][info][gc,heap     ] GC(575) Survivor regions: 145->146(146)
[2025-07-30T16:38:04.180+0800][30.006s][info][gc,heap     ] GC(575) Old regions: 561->561
[2025-07-30T16:38:04.180+0800][30.006s][info][gc,heap     ] GC(575) Humongous regions: 3->3
[2025-07-30T16:38:04.180+0800][30.006s][info][gc,metaspace] GC(575) Metaspace: 7178K(7488K)->7178K(7488K) NonClass: 6454K(6592K)->6454K(6592K) Class: 724K(896K)->724K(896K)
[2025-07-30T16:38:04.180+0800][30.006s][info][gc          ] GC(575) Pause Young (Normal) (G1 Evacuation Pause) 1726M->708M(2048M) 15.994ms
[2025-07-30T16:38:04.180+0800][30.006s][info][gc,cpu      ] GC(575) User=0.02s Sys=0.00s Real=0.02s
[2025-07-30T16:38:04.180+0800][30.006s][info][safepoint   ] Safepoint "G1CollectForAllocation", Time since last: 36535200 ns, Reaching safepoint: 2900 ns, Cleanup: 3400 ns, At safepoint: 16035600 ns, Total: 16041900 ns
[2025-07-30T16:38:04.217+0800][30.042s][info][gc,start    ] GC(576) Pause Young (Normal) (G1 Evacuation Pause)
[2025-07-30T16:38:04.217+0800][30.042s][info][gc,task     ] GC(576) Using 1 workers of 1 for evacuation
[2025-07-30T16:38:04.232+0800][30.058s][info][gc,phases   ] GC(576)   Pre Evacuate Collection Set: 0.4ms
[2025-07-30T16:38:04.232+0800][30.058s][info][gc,phases   ] GC(576)   Merge Heap Roots: 0.1ms
[2025-07-30T16:38:04.232+0800][30.058s][info][gc,phases   ] GC(576)   Evacuate Collection Set: 14.3ms
[2025-07-30T16:38:04.232+0800][30.058s][info][gc,phases   ] GC(576)   Post Evacuate Collection Set: 0.8ms
[2025-07-30T16:38:04.233+0800][30.058s][info][gc,phases   ] GC(576)   Other: 0.1ms
[2025-07-30T16:38:04.233+0800][30.058s][info][gc,heap     ] GC(576) Eden regions: 1018->0(1018)
[2025-07-30T16:38:04.233+0800][30.058s][info][gc,heap     ] GC(576) Survivor regions: 146->146(146)
[2025-07-30T16:38:04.233+0800][30.058s][info][gc,heap     ] GC(576) Old regions: 561->561
[2025-07-30T16:38:04.233+0800][30.058s][info][gc,heap     ] GC(576) Humongous regions: 3->3
[2025-07-30T16:38:04.233+0800][30.058s][info][gc,metaspace] GC(576) Metaspace: 7178K(7488K)->7178K(7488K) NonClass: 6454K(6592K)->6454K(6592K) Class: 724K(896K)->724K(896K)
[2025-07-30T16:38:04.233+0800][30.058s][info][gc          ] GC(576) Pause Young (Normal) (G1 Evacuation Pause) 1726M->708M(2048M) 15.901ms
[2025-07-30T16:38:04.233+0800][30.058s][info][gc,cpu      ] GC(576) User=0.02s Sys=0.00s Real=0.02s
[2025-07-30T16:38:04.233+0800][30.058s][info][safepoint   ] Safepoint "G1CollectForAllocation", Time since last: 36422800 ns, Reaching safepoint: 4000 ns, Cleanup: 5000 ns, At safepoint: 15947300 ns, Total: 15956300 ns
[2025-07-30T16:38:04.269+0800][30.094s][info][gc,start    ] GC(577) Pause Young (Normal) (G1 Evacuation Pause)
[2025-07-30T16:38:04.269+0800][30.094s][info][gc,task     ] GC(577) Using 1 workers of 1 for evacuation
[2025-07-30T16:38:04.284+0800][30.110s][info][gc,phases   ] GC(577)   Pre Evacuate Collection Set: 0.4ms
[2025-07-30T16:38:04.284+0800][30.110s][info][gc,phases   ] GC(577)   Merge Heap Roots: 0.1ms
[2025-07-30T16:38:04.284+0800][30.110s][info][gc,phases   ] GC(577)   Evacuate Collection Set: 13.9ms
[2025-07-30T16:38:04.284+0800][30.110s][info][gc,phases   ] GC(577)   Post Evacuate Collection Set: 0.7ms
[2025-07-30T16:38:04.284+0800][30.110s][info][gc,phases   ] GC(577)   Other: 0.1ms
[2025-07-30T16:38:04.284+0800][30.110s][info][gc,heap     ] GC(577) Eden regions: 1018->0(1018)
[2025-07-30T16:38:04.284+0800][30.110s][info][gc,heap     ] GC(577) Survivor regions: 146->146(146)
[2025-07-30T16:38:04.284+0800][30.110s][info][gc,heap     ] GC(577) Old regions: 561->561
[2025-07-30T16:38:04.284+0800][30.110s][info][gc,heap     ] GC(577) Humongous regions: 3->3
[2025-07-30T16:38:04.284+0800][30.110s][info][gc,metaspace] GC(577) Metaspace: 7178K(7488K)->7178K(7488K) NonClass: 6454K(6592K)->6454K(6592K) Class: 724K(896K)->724K(896K)
[2025-07-30T16:38:04.284+0800][30.110s][info][gc          ] GC(577) Pause Young (Normal) (G1 Evacuation Pause) 1726M->708M(2048M) 15.363ms
[2025-07-30T16:38:04.284+0800][30.110s][info][gc,cpu      ] GC(577) User=0.02s Sys=0.00s Real=0.01s
[2025-07-30T16:38:04.284+0800][30.110s][info][safepoint   ] Safepoint "G1CollectForAllocation", Time since last: 36128500 ns, Reaching safepoint: 3100 ns, Cleanup: 3800 ns, At safepoint: 15405500 ns, Total: 15412400 ns
[2025-07-30T16:38:04.322+0800][30.146s][info][gc,start    ] GC(578) Pause Young (Normal) (G1 Evacuation Pause)
[2025-07-30T16:38:04.322+0800][30.147s][info][gc,task     ] GC(578) Using 1 workers of 1 for evacuation
[2025-07-30T16:38:04.336+0800][30.161s][info][gc,phases   ] GC(578)   Pre Evacuate Collection Set: 0.3ms
[2025-07-30T16:38:04.336+0800][30.161s][info][gc,phases   ] GC(578)   Merge Heap Roots: 0.1ms
[2025-07-30T16:38:04.336+0800][30.161s][info][gc,phases   ] GC(578)   Evacuate Collection Set: 13.8ms
[2025-07-30T16:38:04.336+0800][30.161s][info][gc,phases   ] GC(578)   Post Evacuate Collection Set: 0.6ms
[2025-07-30T16:38:04.336+0800][30.161s][info][gc,phases   ] GC(578)   Other: 0.1ms
[2025-07-30T16:38:04.336+0800][30.161s][info][gc,heap     ] GC(578) Eden regions: 1018->0(1017)
[2025-07-30T16:38:04.336+0800][30.161s][info][gc,heap     ] GC(578) Survivor regions: 146->146(146)
[2025-07-30T16:38:04.336+0800][30.162s][info][gc,heap     ] GC(578) Old regions: 561->561
[2025-07-30T16:38:04.336+0800][30.162s][info][gc,heap     ] GC(578) Humongous regions: 3->3
[2025-07-30T16:38:04.336+0800][30.162s][info][gc,metaspace] GC(578) Metaspace: 7178K(7488K)->7178K(7488K) NonClass: 6454K(6592K)->6454K(6592K) Class: 724K(896K)->724K(896K)
[2025-07-30T16:38:04.336+0800][30.162s][info][gc          ] GC(578) Pause Young (Normal) (G1 Evacuation Pause) 1726M->709M(2048M) 15.068ms
[2025-07-30T16:38:04.336+0800][30.162s][info][gc,cpu      ] GC(578) User=0.02s Sys=0.00s Real=0.01s
[2025-07-30T16:38:04.336+0800][30.162s][info][safepoint   ] Safepoint "G1CollectForAllocation", Time since last: 36683200 ns, Reaching safepoint: 2300 ns, Cleanup: 3300 ns, At safepoint: 15108300 ns, Total: 15113900 ns
[2025-07-30T16:38:04.373+0800][30.198s][info][gc,start    ] GC(579) Pause Young (Normal) (G1 Evacuation Pause)
[2025-07-30T16:38:04.373+0800][30.198s][info][gc,task     ] GC(579) Using 1 workers of 1 for evacuation
[2025-07-30T16:38:04.388+0800][30.214s][info][gc,phases   ] GC(579)   Pre Evacuate Collection Set: 0.4ms
[2025-07-30T16:38:04.388+0800][30.214s][info][gc,phases   ] GC(579)   Merge Heap Roots: 0.1ms
[2025-07-30T16:38:04.388+0800][30.214s][info][gc,phases   ] GC(579)   Evacuate Collection Set: 13.9ms
[2025-07-30T16:38:04.388+0800][30.214s][info][gc,phases   ] GC(579)   Post Evacuate Collection Set: 0.6ms
[2025-07-30T16:38:04.388+0800][30.214s][info][gc,phases   ] GC(579)   Other: 0.1ms
[2025-07-30T16:38:04.388+0800][30.214s][info][gc,heap     ] GC(579) Eden regions: 1017->0(1019)
[2025-07-30T16:38:04.388+0800][30.214s][info][gc,heap     ] GC(579) Survivor regions: 146->145(146)
[2025-07-30T16:38:04.388+0800][30.214s][info][gc,heap     ] GC(579) Old regions: 561->561
[2025-07-30T16:38:04.388+0800][30.214s][info][gc,heap     ] GC(579) Humongous regions: 3->3
[2025-07-30T16:38:04.388+0800][30.214s][info][gc,metaspace] GC(579) Metaspace: 7178K(7488K)->7178K(7488K) NonClass: 6454K(6592K)->6454K(6592K) Class: 724K(896K)->724K(896K)
[2025-07-30T16:38:04.388+0800][30.214s][info][gc          ] GC(579) Pause Young (Normal) (G1 Evacuation Pause) 1726M->708M(2048M) 15.283ms
[2025-07-30T16:38:04.388+0800][30.214s][info][gc,cpu      ] GC(579) User=0.02s Sys=0.00s Real=0.02s
[2025-07-30T16:38:04.388+0800][30.214s][info][safepoint   ] Safepoint "G1CollectForAllocation", Time since last: 36791400 ns, Reaching safepoint: 3600 ns, Cleanup: 4300 ns, At safepoint: 15325200 ns, Total: 15333100 ns
[2025-07-30T16:38:04.425+0800][30.250s][info][gc,start    ] GC(580) Pause Young (Normal) (G1 Evacuation Pause)
[2025-07-30T16:38:04.425+0800][30.250s][info][gc,task     ] GC(580) Using 1 workers of 1 for evacuation
[2025-07-30T16:38:04.440+0800][30.266s][info][gc,phases   ] GC(580)   Pre Evacuate Collection Set: 0.3ms
[2025-07-30T16:38:04.440+0800][30.266s][info][gc,phases   ] GC(580)   Merge Heap Roots: 0.1ms
[2025-07-30T16:38:04.440+0800][30.266s][info][gc,phases   ] GC(580)   Evacuate Collection Set: 14.4ms
[2025-07-30T16:38:04.440+0800][30.266s][info][gc,phases   ] GC(580)   Post Evacuate Collection Set: 0.6ms
[2025-07-30T16:38:04.440+0800][30.266s][info][gc,phases   ] GC(580)   Other: 0.1ms
[2025-07-30T16:38:04.440+0800][30.266s][info][gc,heap     ] GC(580) Eden regions: 1019->0(1017)
[2025-07-30T16:38:04.440+0800][30.266s][info][gc,heap     ] GC(580) Survivor regions: 145->146(146)
[2025-07-30T16:38:04.440+0800][30.266s][info][gc,heap     ] GC(580) Old regions: 561->561
[2025-07-30T16:38:04.440+0800][30.266s][info][gc,heap     ] GC(580) Humongous regions: 3->3
[2025-07-30T16:38:04.440+0800][30.266s][info][gc,metaspace] GC(580) Metaspace: 7178K(7488K)->7178K(7488K) NonClass: 6454K(6592K)->6454K(6592K) Class: 724K(896K)->724K(896K)
[2025-07-30T16:38:04.440+0800][30.266s][info][gc          ] GC(580) Pause Young (Normal) (G1 Evacuation Pause) 1727M->709M(2048M) 15.680ms
[2025-07-30T16:38:04.440+0800][30.266s][info][gc,cpu      ] GC(580) User=0.02s Sys=0.00s Real=0.02s
[2025-07-30T16:38:04.440+0800][30.266s][info][safepoint   ] Safepoint "G1CollectForAllocation", Time since last: 36641800 ns, Reaching safepoint: 2300 ns, Cleanup: 3300 ns, At safepoint: 15719900 ns, Total: 15725500 ns
[2025-07-30T16:38:04.476+0800][30.302s][info][gc,start    ] GC(581) Pause Young (Normal) (G1 Evacuation Pause)
[2025-07-30T16:38:04.476+0800][30.302s][info][gc,task     ] GC(581) Using 1 workers of 1 for evacuation
[2025-07-30T16:38:04.491+0800][30.317s][info][gc,phases   ] GC(581)   Pre Evacuate Collection Set: 0.4ms
[2025-07-30T16:38:04.491+0800][30.317s][info][gc,phases   ] GC(581)   Merge Heap Roots: 0.1ms
[2025-07-30T16:38:04.491+0800][30.317s][info][gc,phases   ] GC(581)   Evacuate Collection Set: 13.6ms
[2025-07-30T16:38:04.491+0800][30.317s][info][gc,phases   ] GC(581)   Post Evacuate Collection Set: 0.6ms
[2025-07-30T16:38:04.491+0800][30.317s][info][gc,phases   ] GC(581)   Other: 0.1ms
[2025-07-30T16:38:04.491+0800][30.317s][info][gc,heap     ] GC(581) Eden regions: 1017->0(1019)
[2025-07-30T16:38:04.491+0800][30.317s][info][gc,heap     ] GC(581) Survivor regions: 146->145(146)
[2025-07-30T16:38:04.491+0800][30.317s][info][gc,heap     ] GC(581) Old regions: 561->561
[2025-07-30T16:38:04.491+0800][30.317s][info][gc,heap     ] GC(581) Humongous regions: 3->3
[2025-07-30T16:38:04.491+0800][30.317s][info][gc,metaspace] GC(581) Metaspace: 7178K(7488K)->7178K(7488K) NonClass: 6454K(6592K)->6454K(6592K) Class: 724K(896K)->724K(896K)
[2025-07-30T16:38:04.491+0800][30.317s][info][gc          ] GC(581) Pause Young (Normal) (G1 Evacuation Pause) 1726M->708M(2048M) 14.989ms
[2025-07-30T16:38:04.491+0800][30.317s][info][gc,cpu      ] GC(581) User=0.02s Sys=0.00s Real=0.01s
[2025-07-30T16:38:04.491+0800][30.317s][info][safepoint   ] Safepoint "G1CollectForAllocation", Time since last: 35940100 ns, Reaching safepoint: 2600 ns, Cleanup: 3300 ns, At safepoint: 15029000 ns, Total: 15034900 ns
[2025-07-30T16:38:04.530+0800][30.356s][info][gc,start    ] GC(582) Pause Young (Normal) (G1 Evacuation Pause)
[2025-07-30T16:38:04.530+0800][30.356s][info][gc,task     ] GC(582) Using 1 workers of 1 for evacuation
[2025-07-30T16:38:04.546+0800][30.371s][info][gc,phases   ] GC(582)   Pre Evacuate Collection Set: 0.4ms
[2025-07-30T16:38:04.546+0800][30.371s][info][gc,phases   ] GC(582)   Merge Heap Roots: 0.1ms
[2025-07-30T16:38:04.546+0800][30.371s][info][gc,phases   ] GC(582)   Evacuate Collection Set: 14.0ms
[2025-07-30T16:38:04.546+0800][30.371s][info][gc,phases   ] GC(582)   Post Evacuate Collection Set: 0.6ms
[2025-07-30T16:38:04.546+0800][30.371s][info][gc,phases   ] GC(582)   Other: 0.1ms
[2025-07-30T16:38:04.546+0800][30.371s][info][gc,heap     ] GC(582) Eden regions: 1019->0(1017)
[2025-07-30T16:38:04.546+0800][30.371s][info][gc,heap     ] GC(582) Survivor regions: 145->146(146)
[2025-07-30T16:38:04.546+0800][30.371s][info][gc,heap     ] GC(582) Old regions: 561->561
[2025-07-30T16:38:04.546+0800][30.371s][info][gc,heap     ] GC(582) Humongous regions: 3->3
[2025-07-30T16:38:04.546+0800][30.371s][info][gc,metaspace] GC(582) Metaspace: 7178K(7488K)->7178K(7488K) NonClass: 6454K(6592K)->6454K(6592K) Class: 724K(896K)->724K(896K)
[2025-07-30T16:38:04.546+0800][30.371s][info][gc          ] GC(582) Pause Young (Normal) (G1 Evacuation Pause) 1727M->709M(2048M) 15.397ms
[2025-07-30T16:38:04.546+0800][30.371s][info][gc,cpu      ] GC(582) User=0.02s Sys=0.00s Real=0.02s
[2025-07-30T16:38:04.546+0800][30.371s][info][safepoint   ] Safepoint "G1CollectForAllocation", Time since last: 38975800 ns, Reaching safepoint: 3200 ns, Cleanup: 3800 ns, At safepoint: 15439200 ns, Total: 15446200 ns
[2025-07-30T16:38:04.582+0800][30.408s][info][gc,start    ] GC(583) Pause Young (Normal) (G1 Evacuation Pause)
[2025-07-30T16:38:04.582+0800][30.408s][info][gc,task     ] GC(583) Using 1 workers of 1 for evacuation
[2025-07-30T16:38:04.598+0800][30.423s][info][gc,phases   ] GC(583)   Pre Evacuate Collection Set: 0.3ms
[2025-07-30T16:38:04.598+0800][30.423s][info][gc,phases   ] GC(583)   Merge Heap Roots: 0.1ms
[2025-07-30T16:38:04.598+0800][30.423s][info][gc,phases   ] GC(583)   Evacuate Collection Set: 13.8ms
[2025-07-30T16:38:04.598+0800][30.423s][info][gc,phases   ] GC(583)   Post Evacuate Collection Set: 0.6ms
[2025-07-30T16:38:04.598+0800][30.423s][info][gc,phases   ] GC(583)   Other: 0.1ms
[2025-07-30T16:38:04.598+0800][30.423s][info][gc,heap     ] GC(583) Eden regions: 1017->0(1017)
[2025-07-30T16:38:04.598+0800][30.423s][info][gc,heap     ] GC(583) Survivor regions: 146->146(146)
[2025-07-30T16:38:04.598+0800][30.423s][info][gc,heap     ] GC(583) Old regions: 561->561
[2025-07-30T16:38:04.598+0800][30.423s][info][gc,heap     ] GC(583) Humongous regions: 3->3
[2025-07-30T16:38:04.598+0800][30.423s][info][gc,metaspace] GC(583) Metaspace: 7178K(7488K)->7178K(7488K) NonClass: 6454K(6592K)->6454K(6592K) Class: 724K(896K)->724K(896K)
[2025-07-30T16:38:04.598+0800][30.423s][info][gc          ] GC(583) Pause Young (Normal) (G1 Evacuation Pause) 1726M->708M(2048M) 15.008ms
[2025-07-30T16:38:04.598+0800][30.423s][info][gc,cpu      ] GC(583) User=0.02s Sys=0.00s Real=0.02s
[2025-07-30T16:38:04.598+0800][30.423s][info][safepoint   ] Safepoint "G1CollectForAllocation", Time since last: 36432300 ns, Reaching safepoint: 2400 ns, Cleanup: 2600 ns, At safepoint: 15046800 ns, Total: 15051800 ns
[2025-07-30T16:38:04.634+0800][30.460s][info][gc,start    ] GC(584) Pause Young (Normal) (G1 Evacuation Pause)
[2025-07-30T16:38:04.634+0800][30.460s][info][gc,task     ] GC(584) Using 1 workers of 1 for evacuation
[2025-07-30T16:38:04.650+0800][30.475s][info][gc,phases   ] GC(584)   Pre Evacuate Collection Set: 0.3ms
[2025-07-30T16:38:04.650+0800][30.475s][info][gc,phases   ] GC(584)   Merge Heap Roots: 0.1ms
[2025-07-30T16:38:04.650+0800][30.475s][info][gc,phases   ] GC(584)   Evacuate Collection Set: 13.6ms
[2025-07-30T16:38:04.650+0800][30.475s][info][gc,phases   ] GC(584)   Post Evacuate Collection Set: 0.9ms
[2025-07-30T16:38:04.650+0800][30.475s][info][gc,phases   ] GC(584)   Other: 0.1ms
[2025-07-30T16:38:04.650+0800][30.475s][info][gc,heap     ] GC(584) Eden regions: 1017->0(1019)
[2025-07-30T16:38:04.650+0800][30.475s][info][gc,heap     ] GC(584) Survivor regions: 146->145(146)
[2025-07-30T16:38:04.650+0800][30.475s][info][gc,heap     ] GC(584) Old regions: 561->561
[2025-07-30T16:38:04.650+0800][30.475s][info][gc,heap     ] GC(584) Humongous regions: 3->3
[2025-07-30T16:38:04.650+0800][30.475s][info][gc,metaspace] GC(584) Metaspace: 7178K(7488K)->7178K(7488K) NonClass: 6454K(6592K)->6454K(6592K) Class: 724K(896K)->724K(896K)
[2025-07-30T16:38:04.650+0800][30.475s][info][gc          ] GC(584) Pause Young (Normal) (G1 Evacuation Pause) 1725M->707M(2048M) 15.078ms
[2025-07-30T16:38:04.650+0800][30.475s][info][gc,cpu      ] GC(584) User=0.02s Sys=0.00s Real=0.02s
[2025-07-30T16:38:04.650+0800][30.475s][info][safepoint   ] Safepoint "G1CollectForAllocation", Time since last: 36942700 ns, Reaching safepoint: 2100 ns, Cleanup: 2600 ns, At safepoint: 15114000 ns, Total: 15118700 ns
[2025-07-30T16:38:04.686+0800][30.512s][info][gc,start    ] GC(585) Pause Young (Normal) (G1 Evacuation Pause)
[2025-07-30T16:38:04.686+0800][30.512s][info][gc,task     ] GC(585) Using 1 workers of 1 for evacuation
[2025-07-30T16:38:04.701+0800][30.527s][info][gc,phases   ] GC(585)   Pre Evacuate Collection Set: 0.3ms
[2025-07-30T16:38:04.701+0800][30.527s][info][gc,phases   ] GC(585)   Merge Heap Roots: 0.1ms
[2025-07-30T16:38:04.701+0800][30.527s][info][gc,phases   ] GC(585)   Evacuate Collection Set: 14.0ms
[2025-07-30T16:38:04.701+0800][30.527s][info][gc,phases   ] GC(585)   Post Evacuate Collection Set: 0.6ms
[2025-07-30T16:38:04.701+0800][30.527s][info][gc,phases   ] GC(585)   Other: 0.1ms
[2025-07-30T16:38:04.701+0800][30.527s][info][gc,heap     ] GC(585) Eden regions: 1019->0(1018)
[2025-07-30T16:38:04.701+0800][30.527s][info][gc,heap     ] GC(585) Survivor regions: 145->146(146)
[2025-07-30T16:38:04.701+0800][30.527s][info][gc,heap     ] GC(585) Old regions: 561->561
[2025-07-30T16:38:04.701+0800][30.527s][info][gc,heap     ] GC(585) Humongous regions: 3->3
[2025-07-30T16:38:04.701+0800][30.527s][info][gc,metaspace] GC(585) Metaspace: 7178K(7488K)->7178K(7488K) NonClass: 6454K(6592K)->6454K(6592K) Class: 724K(896K)->724K(896K)
[2025-07-30T16:38:04.701+0800][30.527s][info][gc          ] GC(585) Pause Young (Normal) (G1 Evacuation Pause) 1726M->708M(2048M) 15.216ms
[2025-07-30T16:38:04.701+0800][30.527s][info][gc,cpu      ] GC(585) User=0.02s Sys=0.00s Real=0.01s
[2025-07-30T16:38:04.701+0800][30.527s][info][safepoint   ] Safepoint "G1CollectForAllocation", Time since last: 36772800 ns, Reaching safepoint: 2200 ns, Cleanup: 2300 ns, At safepoint: 15252200 ns, Total: 15256700 ns
[2025-07-30T16:38:04.738+0800][30.563s][info][gc,start    ] GC(586) Pause Young (Normal) (G1 Evacuation Pause)
[2025-07-30T16:38:04.738+0800][30.563s][info][gc,task     ] GC(586) Using 1 workers of 1 for evacuation
[2025-07-30T16:38:04.753+0800][30.578s][info][gc,phases   ] GC(586)   Pre Evacuate Collection Set: 0.3ms
[2025-07-30T16:38:04.753+0800][30.578s][info][gc,phases   ] GC(586)   Merge Heap Roots: 0.1ms
[2025-07-30T16:38:04.753+0800][30.578s][info][gc,phases   ] GC(586)   Evacuate Collection Set: 14.0ms
[2025-07-30T16:38:04.753+0800][30.578s][info][gc,phases   ] GC(586)   Post Evacuate Collection Set: 0.6ms
[2025-07-30T16:38:04.753+0800][30.578s][info][gc,phases   ] GC(586)   Other: 0.1ms
[2025-07-30T16:38:04.753+0800][30.578s][info][gc,heap     ] GC(586) Eden regions: 1018->0(1018)
[2025-07-30T16:38:04.753+0800][30.578s][info][gc,heap     ] GC(586) Survivor regions: 146->146(146)
[2025-07-30T16:38:04.753+0800][30.578s][info][gc,heap     ] GC(586) Old regions: 561->561
[2025-07-30T16:38:04.753+0800][30.578s][info][gc,heap     ] GC(586) Humongous regions: 3->3
[2025-07-30T16:38:04.753+0800][30.578s][info][gc,metaspace] GC(586) Metaspace: 7178K(7488K)->7178K(7488K) NonClass: 6454K(6592K)->6454K(6592K) Class: 724K(896K)->724K(896K)
[2025-07-30T16:38:04.753+0800][30.578s][info][gc          ] GC(586) Pause Young (Normal) (G1 Evacuation Pause) 1726M->708M(2048M) 15.288ms
[2025-07-30T16:38:04.753+0800][30.578s][info][gc,cpu      ] GC(586) User=0.02s Sys=0.00s Real=0.02s
[2025-07-30T16:38:04.753+0800][30.578s][info][safepoint   ] Safepoint "G1CollectForAllocation", Time since last: 35951100 ns, Reaching safepoint: 2500 ns, Cleanup: 3400 ns, At safepoint: 15328300 ns, Total: 15334200 ns
[2025-07-30T16:38:04.790+0800][30.615s][info][gc,start    ] GC(587) Pause Young (Normal) (G1 Evacuation Pause)
[2025-07-30T16:38:04.791+0800][30.615s][info][gc,task     ] GC(587) Using 1 workers of 1 for evacuation
[2025-07-30T16:38:04.805+0800][30.631s][info][gc,phases   ] GC(587)   Pre Evacuate Collection Set: 0.4ms
[2025-07-30T16:38:04.805+0800][30.631s][info][gc,phases   ] GC(587)   Merge Heap Roots: 0.1ms
[2025-07-30T16:38:04.805+0800][30.631s][info][gc,phases   ] GC(587)   Evacuate Collection Set: 14.3ms
[2025-07-30T16:38:04.805+0800][30.631s][info][gc,phases   ] GC(587)   Post Evacuate Collection Set: 0.7ms
[2025-07-30T16:38:04.805+0800][30.631s][info][gc,phases   ] GC(587)   Other: 0.1ms
[2025-07-30T16:38:04.805+0800][30.631s][info][gc,heap     ] GC(587) Eden regions: 1018->0(1017)
[2025-07-30T16:38:04.805+0800][30.631s][info][gc,heap     ] GC(587) Survivor regions: 146->146(146)
[2025-07-30T16:38:04.806+0800][30.631s][info][gc,heap     ] GC(587) Old regions: 561->561
[2025-07-30T16:38:04.806+0800][30.631s][info][gc,heap     ] GC(587) Humongous regions: 3->3
[2025-07-30T16:38:04.806+0800][30.631s][info][gc,metaspace] GC(587) Metaspace: 7178K(7488K)->7178K(7488K) NonClass: 6454K(6592K)->6454K(6592K) Class: 724K(896K)->724K(896K)
[2025-07-30T16:38:04.806+0800][30.631s][info][gc          ] GC(587) Pause Young (Normal) (G1 Evacuation Pause) 1726M->709M(2048M) 15.637ms
[2025-07-30T16:38:04.806+0800][30.631s][info][gc,cpu      ] GC(587) User=0.02s Sys=0.00s Real=0.02s
[2025-07-30T16:38:04.806+0800][30.631s][info][safepoint   ] Safepoint "G1CollectForAllocation", Time since last: 37074600 ns, Reaching safepoint: 3200 ns, Cleanup: 3700 ns, At safepoint: 15680800 ns, Total: 15687700 ns
[2025-07-30T16:38:04.843+0800][30.668s][info][gc,start    ] GC(588) Pause Young (Normal) (G1 Evacuation Pause)
[2025-07-30T16:38:04.843+0800][30.668s][info][gc,task     ] GC(588) Using 1 workers of 1 for evacuation
[2025-07-30T16:38:04.858+0800][30.683s][info][gc,phases   ] GC(588)   Pre Evacuate Collection Set: 0.3ms
[2025-07-30T16:38:04.858+0800][30.683s][info][gc,phases   ] GC(588)   Merge Heap Roots: 0.0ms
[2025-07-30T16:38:04.858+0800][30.683s][info][gc,phases   ] GC(588)   Evacuate Collection Set: 13.8ms
[2025-07-30T16:38:04.858+0800][30.683s][info][gc,phases   ] GC(588)   Post Evacuate Collection Set: 0.6ms
[2025-07-30T16:38:04.858+0800][30.683s][info][gc,phases   ] GC(588)   Other: 0.1ms
[2025-07-30T16:38:04.858+0800][30.683s][info][gc,heap     ] GC(588) Eden regions: 1017->0(1019)
[2025-07-30T16:38:04.858+0800][30.683s][info][gc,heap     ] GC(588) Survivor regions: 146->145(146)
[2025-07-30T16:38:04.858+0800][30.683s][info][gc,heap     ] GC(588) Old regions: 561->561
[2025-07-30T16:38:04.858+0800][30.683s][info][gc,heap     ] GC(588) Humongous regions: 3->3
[2025-07-30T16:38:04.858+0800][30.683s][info][gc,metaspace] GC(588) Metaspace: 7178K(7488K)->7178K(7488K) NonClass: 6454K(6592K)->6454K(6592K) Class: 724K(896K)->724K(896K)
[2025-07-30T16:38:04.858+0800][30.683s][info][gc          ] GC(588) Pause Young (Normal) (G1 Evacuation Pause) 1726M->708M(2048M) 15.146ms
[2025-07-30T16:38:04.858+0800][30.683s][info][gc,cpu      ] GC(588) User=0.02s Sys=0.00s Real=0.02s
[2025-07-30T16:38:04.858+0800][30.683s][info][safepoint   ] Safepoint "G1CollectForAllocation", Time since last: 36970200 ns, Reaching safepoint: 2600 ns, Cleanup: 3100 ns, At safepoint: 15185900 ns, Total: 15191600 ns
[2025-07-30T16:38:04.895+0800][30.721s][info][gc,start    ] GC(589) Pause Young (Normal) (G1 Evacuation Pause)
[2025-07-30T16:38:04.895+0800][30.721s][info][gc,task     ] GC(589) Using 1 workers of 1 for evacuation
[2025-07-30T16:38:04.911+0800][30.736s][info][gc,phases   ] GC(589)   Pre Evacuate Collection Set: 0.3ms
[2025-07-30T16:38:04.911+0800][30.736s][info][gc,phases   ] GC(589)   Merge Heap Roots: 0.1ms
[2025-07-30T16:38:04.911+0800][30.736s][info][gc,phases   ] GC(589)   Evacuate Collection Set: 14.4ms
[2025-07-30T16:38:04.911+0800][30.736s][info][gc,phases   ] GC(589)   Post Evacuate Collection Set: 0.6ms
[2025-07-30T16:38:04.911+0800][30.736s][info][gc,phases   ] GC(589)   Other: 0.1ms
[2025-07-30T16:38:04.911+0800][30.736s][info][gc,heap     ] GC(589) Eden regions: 1019->0(1017)
[2025-07-30T16:38:04.911+0800][30.736s][info][gc,heap     ] GC(589) Survivor regions: 145->146(146)
[2025-07-30T16:38:04.911+0800][30.736s][info][gc,heap     ] GC(589) Old regions: 561->561
[2025-07-30T16:38:04.911+0800][30.736s][info][gc,heap     ] GC(589) Humongous regions: 3->3
[2025-07-30T16:38:04.911+0800][30.736s][info][gc,metaspace] GC(589) Metaspace: 7179K(7488K)->7179K(7488K) NonClass: 6455K(6592K)->6455K(6592K) Class: 724K(896K)->724K(896K)
[2025-07-30T16:38:04.911+0800][30.736s][info][gc          ] GC(589) Pause Young (Normal) (G1 Evacuation Pause) 1727M->709M(2048M) 15.668ms
[2025-07-30T16:38:04.911+0800][30.736s][info][gc,cpu      ] GC(589) User=0.02s Sys=0.00s Real=0.02s
[2025-07-30T16:38:04.911+0800][30.736s][info][safepoint   ] Safepoint "G1CollectForAllocation", Time since last: 37341700 ns, Reaching safepoint: 2200 ns, Cleanup: 2600 ns, At safepoint: 15708100 ns, Total: 15712900 ns
[2025-07-30T16:38:04.947+0800][30.773s][info][gc,start    ] GC(590) Pause Young (Normal) (G1 Evacuation Pause)
[2025-07-30T16:38:04.947+0800][30.773s][info][gc,task     ] GC(590) Using 1 workers of 1 for evacuation
[2025-07-30T16:38:04.962+0800][30.788s][info][gc,phases   ] GC(590)   Pre Evacuate Collection Set: 0.4ms
[2025-07-30T16:38:04.962+0800][30.788s][info][gc,phases   ] GC(590)   Merge Heap Roots: 0.1ms
[2025-07-30T16:38:04.962+0800][30.788s][info][gc,phases   ] GC(590)   Evacuate Collection Set: 14.0ms
[2025-07-30T16:38:04.962+0800][30.788s][info][gc,phases   ] GC(590)   Post Evacuate Collection Set: 0.7ms
[2025-07-30T16:38:04.962+0800][30.788s][info][gc,phases   ] GC(590)   Other: 0.1ms
[2025-07-30T16:38:04.962+0800][30.788s][info][gc,heap     ] GC(590) Eden regions: 1017->0(1019)
[2025-07-30T16:38:04.962+0800][30.788s][info][gc,heap     ] GC(590) Survivor regions: 146->145(146)
[2025-07-30T16:38:04.962+0800][30.788s][info][gc,heap     ] GC(590) Old regions: 561->561
[2025-07-30T16:38:04.962+0800][30.788s][info][gc,heap     ] GC(590) Humongous regions: 3->3
[2025-07-30T16:38:04.962+0800][30.788s][info][gc,metaspace] GC(590) Metaspace: 7183K(7488K)->7183K(7488K) NonClass: 6459K(6592K)->6459K(6592K) Class: 724K(896K)->724K(896K)
[2025-07-30T16:38:04.962+0800][30.788s][info][gc          ] GC(590) Pause Young (Normal) (G1 Evacuation Pause) 1726M->708M(2048M) 15.379ms
[2025-07-30T16:38:04.962+0800][30.788s][info][gc,cpu      ] GC(590) User=0.02s Sys=0.00s Real=0.01s
[2025-07-30T16:38:04.962+0800][30.788s][info][safepoint   ] Safepoint "G1CollectForAllocation", Time since last: 36449900 ns, Reaching safepoint: 2600 ns, Cleanup: 6000 ns, At safepoint: 15419400 ns, Total: 15428000 ns
[2025-07-30T16:38:05.000+0800][30.825s][info][gc,start    ] GC(591) Pause Young (Normal) (G1 Evacuation Pause)
[2025-07-30T16:38:05.000+0800][30.825s][info][gc,task     ] GC(591) Using 1 workers of 1 for evacuation
[2025-07-30T16:38:05.015+0800][30.840s][info][gc,phases   ] GC(591)   Pre Evacuate Collection Set: 0.4ms
[2025-07-30T16:38:05.015+0800][30.840s][info][gc,phases   ] GC(591)   Merge Heap Roots: 0.1ms
[2025-07-30T16:38:05.015+0800][30.840s][info][gc,phases   ] GC(591)   Evacuate Collection Set: 13.9ms
[2025-07-30T16:38:05.015+0800][30.840s][info][gc,phases   ] GC(591)   Post Evacuate Collection Set: 0.7ms
[2025-07-30T16:38:05.015+0800][30.840s][info][gc,phases   ] GC(591)   Other: 0.1ms
[2025-07-30T16:38:05.015+0800][30.840s][info][gc,heap     ] GC(591) Eden regions: 1019->0(1017)
[2025-07-30T16:38:05.015+0800][30.840s][info][gc,heap     ] GC(591) Survivor regions: 145->146(146)
[2025-07-30T16:38:05.015+0800][30.840s][info][gc,heap     ] GC(591) Old regions: 561->561
[2025-07-30T16:38:05.015+0800][30.840s][info][gc,heap     ] GC(591) Humongous regions: 3->3
[2025-07-30T16:38:05.015+0800][30.840s][info][gc,metaspace] GC(591) Metaspace: 7183K(7488K)->7183K(7488K) NonClass: 6459K(6592K)->6459K(6592K) Class: 724K(896K)->724K(896K)
[2025-07-30T16:38:05.015+0800][30.840s][info][gc          ] GC(591) Pause Young (Normal) (G1 Evacuation Pause) 1727M->709M(2048M) 15.260ms
[2025-07-30T16:38:05.015+0800][30.840s][info][gc,cpu      ] GC(591) User=0.02s Sys=0.00s Real=0.02s
[2025-07-30T16:38:05.015+0800][30.840s][info][safepoint   ] Safepoint "G1CollectForAllocation", Time since last: 36988000 ns, Reaching safepoint: 2500 ns, Cleanup: 3400 ns, At safepoint: 15299600 ns, Total: 15305500 ns
[2025-07-30T16:38:05.053+0800][30.878s][info][gc,start    ] GC(592) Pause Young (Normal) (G1 Evacuation Pause)
[2025-07-30T16:38:05.053+0800][30.878s][info][gc,task     ] GC(592) Using 1 workers of 1 for evacuation
[2025-07-30T16:38:05.068+0800][30.893s][info][gc,phases   ] GC(592)   Pre Evacuate Collection Set: 0.4ms
[2025-07-30T16:38:05.068+0800][30.893s][info][gc,phases   ] GC(592)   Merge Heap Roots: 0.1ms
[2025-07-30T16:38:05.068+0800][30.893s][info][gc,phases   ] GC(592)   Evacuate Collection Set: 13.5ms
[2025-07-30T16:38:05.068+0800][30.893s][info][gc,phases   ] GC(592)   Post Evacuate Collection Set: 0.7ms
[2025-07-30T16:38:05.068+0800][30.893s][info][gc,phases   ] GC(592)   Other: 0.1ms
[2025-07-30T16:38:05.068+0800][30.893s][info][gc,heap     ] GC(592) Eden regions: 1017->0(1017)
[2025-07-30T16:38:05.068+0800][30.893s][info][gc,heap     ] GC(592) Survivor regions: 146->146(146)
[2025-07-30T16:38:05.068+0800][30.893s][info][gc,heap     ] GC(592) Old regions: 561->561
[2025-07-30T16:38:05.068+0800][30.893s][info][gc,heap     ] GC(592) Humongous regions: 3->3
[2025-07-30T16:38:05.068+0800][30.893s][info][gc,metaspace] GC(592) Metaspace: 7183K(7488K)->7183K(7488K) NonClass: 6459K(6592K)->6459K(6592K) Class: 724K(896K)->724K(896K)
[2025-07-30T16:38:05.068+0800][30.893s][info][gc          ] GC(592) Pause Young (Normal) (G1 Evacuation Pause) 1726M->708M(2048M) 14.962ms
[2025-07-30T16:38:05.068+0800][30.893s][info][gc,cpu      ] GC(592) User=0.02s Sys=0.00s Real=0.02s
[2025-07-30T16:38:05.068+0800][30.893s][info][safepoint   ] Safepoint "G1CollectForAllocation", Time since last: 37852300 ns, Reaching safepoint: 3100 ns, Cleanup: 3400 ns, At safepoint: 15006500 ns, Total: 15013000 ns
[2025-07-30T16:38:05.104+0800][30.929s][info][gc,start    ] GC(593) Pause Young (Normal) (G1 Evacuation Pause)
[2025-07-30T16:38:05.104+0800][30.929s][info][gc,task     ] GC(593) Using 1 workers of 1 for evacuation
[2025-07-30T16:38:05.119+0800][30.944s][info][gc,phases   ] GC(593)   Pre Evacuate Collection Set: 0.4ms
[2025-07-30T16:38:05.119+0800][30.944s][info][gc,phases   ] GC(593)   Merge Heap Roots: 0.1ms
[2025-07-30T16:38:05.119+0800][30.944s][info][gc,phases   ] GC(593)   Evacuate Collection Set: 13.8ms
[2025-07-30T16:38:05.119+0800][30.944s][info][gc,phases   ] GC(593)   Post Evacuate Collection Set: 0.6ms
[2025-07-30T16:38:05.119+0800][30.944s][info][gc,phases   ] GC(593)   Other: 0.1ms
[2025-07-30T16:38:05.119+0800][30.945s][info][gc,heap     ] GC(593) Eden regions: 1017->0(1019)
[2025-07-30T16:38:05.119+0800][30.945s][info][gc,heap     ] GC(593) Survivor regions: 146->145(146)
[2025-07-30T16:38:05.119+0800][30.945s][info][gc,heap     ] GC(593) Old regions: 561->561
[2025-07-30T16:38:05.119+0800][30.945s][info][gc,heap     ] GC(593) Humongous regions: 3->3
[2025-07-30T16:38:05.119+0800][30.945s][info][gc,metaspace] GC(593) Metaspace: 7183K(7488K)->7183K(7488K) NonClass: 6459K(6592K)->6459K(6592K) Class: 724K(896K)->724K(896K)
[2025-07-30T16:38:05.119+0800][30.945s][info][gc          ] GC(593) Pause Young (Normal) (G1 Evacuation Pause) 1725M->707M(2048M) 15.185ms
[2025-07-30T16:38:05.119+0800][30.945s][info][gc,cpu      ] GC(593) User=0.02s Sys=0.00s Real=0.01s
[2025-07-30T16:38:05.119+0800][30.945s][info][safepoint   ] Safepoint "G1CollectForAllocation", Time since last: 36010400 ns, Reaching safepoint: 3100 ns, Cleanup: 3000 ns, At safepoint: 15224800 ns, Total: 15230900 ns
[2025-07-30T16:38:05.154+0800][30.980s][info][gc,start    ] GC(594) Pause Young (Normal) (G1 Evacuation Pause)
[2025-07-30T16:38:05.154+0800][30.980s][info][gc,task     ] GC(594) Using 1 workers of 1 for evacuation
[2025-07-30T16:38:05.169+0800][30.995s][info][gc,phases   ] GC(594)   Pre Evacuate Collection Set: 0.4ms
[2025-07-30T16:38:05.169+0800][30.995s][info][gc,phases   ] GC(594)   Merge Heap Roots: 0.1ms
[2025-07-30T16:38:05.169+0800][30.995s][info][gc,phases   ] GC(594)   Evacuate Collection Set: 13.9ms
[2025-07-30T16:38:05.169+0800][30.995s][info][gc,phases   ] GC(594)   Post Evacuate Collection Set: 0.6ms
[2025-07-30T16:38:05.169+0800][30.995s][info][gc,phases   ] GC(594)   Other: 0.1ms
[2025-07-30T16:38:05.169+0800][30.995s][info][gc,heap     ] GC(594) Eden regions: 1019->0(1018)
[2025-07-30T16:38:05.169+0800][30.995s][info][gc,heap     ] GC(594) Survivor regions: 145->146(146)
[2025-07-30T16:38:05.169+0800][30.995s][info][gc,heap     ] GC(594) Old regions: 561->561
[2025-07-30T16:38:05.169+0800][30.995s][info][gc,heap     ] GC(594) Humongous regions: 3->3
[2025-07-30T16:38:05.169+0800][30.995s][info][gc,metaspace] GC(594) Metaspace: 7183K(7488K)->7183K(7488K) NonClass: 6459K(6592K)->6459K(6592K) Class: 724K(896K)->724K(896K)
[2025-07-30T16:38:05.169+0800][30.995s][info][gc          ] GC(594) Pause Young (Normal) (G1 Evacuation Pause) 1726M->708M(2048M) 15.135ms
[2025-07-30T16:38:05.169+0800][30.995s][info][gc,cpu      ] GC(594) User=0.02s Sys=0.00s Real=0.01s
[2025-07-30T16:38:05.169+0800][30.995s][info][safepoint   ] Safepoint "G1CollectForAllocation", Time since last: 35481000 ns, Reaching safepoint: 2600 ns, Cleanup: 2500 ns, At safepoint: 15174900 ns, Total: 15180000 ns
[2025-07-30T16:38:05.206+0800][31.032s][info][gc,start    ] GC(595) Pause Young (Normal) (G1 Evacuation Pause)
[2025-07-30T16:38:05.206+0800][31.032s][info][gc,task     ] GC(595) Using 1 workers of 1 for evacuation
[2025-07-30T16:38:05.222+0800][31.047s][info][gc,phases   ] GC(595)   Pre Evacuate Collection Set: 0.3ms
[2025-07-30T16:38:05.222+0800][31.047s][info][gc,phases   ] GC(595)   Merge Heap Roots: 0.1ms
[2025-07-30T16:38:05.222+0800][31.047s][info][gc,phases   ] GC(595)   Evacuate Collection Set: 14.0ms
[2025-07-30T16:38:05.222+0800][31.047s][info][gc,phases   ] GC(595)   Post Evacuate Collection Set: 0.6ms
[2025-07-30T16:38:05.222+0800][31.047s][info][gc,phases   ] GC(595)   Other: 0.1ms
[2025-07-30T16:38:05.222+0800][31.047s][info][gc,heap     ] GC(595) Eden regions: 1018->0(1018)
[2025-07-30T16:38:05.222+0800][31.047s][info][gc,heap     ] GC(595) Survivor regions: 146->146(146)
[2025-07-30T16:38:05.222+0800][31.047s][info][gc,heap     ] GC(595) Old regions: 561->561
[2025-07-30T16:38:05.222+0800][31.047s][info][gc,heap     ] GC(595) Humongous regions: 3->3
[2025-07-30T16:38:05.222+0800][31.047s][info][gc,metaspace] GC(595) Metaspace: 7183K(7488K)->7183K(7488K) NonClass: 6459K(6592K)->6459K(6592K) Class: 724K(896K)->724K(896K)
[2025-07-30T16:38:05.222+0800][31.047s][info][gc          ] GC(595) Pause Young (Normal) (G1 Evacuation Pause) 1726M->708M(2048M) 15.390ms
[2025-07-30T16:38:05.222+0800][31.047s][info][gc,cpu      ] GC(595) User=0.02s Sys=0.00s Real=0.02s
[2025-07-30T16:38:05.222+0800][31.047s][info][safepoint   ] Safepoint "G1CollectForAllocation", Time since last: 36569600 ns, Reaching safepoint: 2200 ns, Cleanup: 2600 ns, At safepoint: 15432500 ns, Total: 15437300 ns
[2025-07-30T16:38:05.259+0800][31.085s][info][gc,start    ] GC(596) Pause Young (Normal) (G1 Evacuation Pause)
[2025-07-30T16:38:05.259+0800][31.085s][info][gc,task     ] GC(596) Using 1 workers of 1 for evacuation
[2025-07-30T16:38:05.275+0800][31.101s][info][gc,phases   ] GC(596)   Pre Evacuate Collection Set: 0.4ms
[2025-07-30T16:38:05.275+0800][31.101s][info][gc,phases   ] GC(596)   Merge Heap Roots: 0.1ms
[2025-07-30T16:38:05.275+0800][31.101s][info][gc,phases   ] GC(596)   Evacuate Collection Set: 14.7ms
[2025-07-30T16:38:05.275+0800][31.101s][info][gc,phases   ] GC(596)   Post Evacuate Collection Set: 0.7ms
[2025-07-30T16:38:05.275+0800][31.101s][info][gc,phases   ] GC(596)   Other: 0.1ms
[2025-07-30T16:38:05.275+0800][31.101s][info][gc,heap     ] GC(596) Eden regions: 1018->0(1018)
[2025-07-30T16:38:05.275+0800][31.101s][info][gc,heap     ] GC(596) Survivor regions: 146->146(146)
[2025-07-30T16:38:05.275+0800][31.101s][info][gc,heap     ] GC(596) Old regions: 561->561
[2025-07-30T16:38:05.275+0800][31.101s][info][gc,heap     ] GC(596) Humongous regions: 3->3
[2025-07-30T16:38:05.275+0800][31.101s][info][gc,metaspace] GC(596) Metaspace: 7183K(7488K)->7183K(7488K) NonClass: 6459K(6592K)->6459K(6592K) Class: 724K(896K)->724K(896K)
[2025-07-30T16:38:05.275+0800][31.101s][info][gc          ] GC(596) Pause Young (Normal) (G1 Evacuation Pause) 1726M->708M(2048M) 16.057ms
[2025-07-30T16:38:05.275+0800][31.101s][info][gc,cpu      ] GC(596) User=0.00s Sys=0.00s Real=0.02s
[2025-07-30T16:38:05.275+0800][31.101s][info][safepoint   ] Safepoint "G1CollectForAllocation", Time since last: 37338000 ns, Reaching safepoint: 3100 ns, Cleanup: 3100 ns, At safepoint: 16096700 ns, Total: 16102900 ns
[2025-07-30T16:38:05.312+0800][31.137s][info][gc,start    ] GC(597) Pause Young (Normal) (G1 Evacuation Pause)
[2025-07-30T16:38:05.312+0800][31.137s][info][gc,task     ] GC(597) Using 1 workers of 1 for evacuation
[2025-07-30T16:38:05.327+0800][31.153s][info][gc,phases   ] GC(597)   Pre Evacuate Collection Set: 0.3ms
[2025-07-30T16:38:05.327+0800][31.153s][info][gc,phases   ] GC(597)   Merge Heap Roots: 0.0ms
[2025-07-30T16:38:05.327+0800][31.153s][info][gc,phases   ] GC(597)   Evacuate Collection Set: 14.2ms
[2025-07-30T16:38:05.327+0800][31.153s][info][gc,phases   ] GC(597)   Post Evacuate Collection Set: 0.6ms
[2025-07-30T16:38:05.327+0800][31.153s][info][gc,phases   ] GC(597)   Other: 0.1ms
[2025-07-30T16:38:05.327+0800][31.153s][info][gc,heap     ] GC(597) Eden regions: 1018->0(1017)
[2025-07-30T16:38:05.327+0800][31.153s][info][gc,heap     ] GC(597) Survivor regions: 146->146(146)
[2025-07-30T16:38:05.327+0800][31.153s][info][gc,heap     ] GC(597) Old regions: 561->561
[2025-07-30T16:38:05.327+0800][31.153s][info][gc,heap     ] GC(597) Humongous regions: 3->3
[2025-07-30T16:38:05.327+0800][31.153s][info][gc,metaspace] GC(597) Metaspace: 7183K(7488K)->7183K(7488K) NonClass: 6459K(6592K)->6459K(6592K) Class: 724K(896K)->724K(896K)
[2025-07-30T16:38:05.327+0800][31.153s][info][gc          ] GC(597) Pause Young (Normal) (G1 Evacuation Pause) 1726M->709M(2048M) 15.447ms
[2025-07-30T16:38:05.327+0800][31.153s][info][gc,cpu      ] GC(597) User=0.00s Sys=0.00s Real=0.01s
[2025-07-30T16:38:05.327+0800][31.153s][info][safepoint   ] Safepoint "G1CollectForAllocation", Time since last: 36705500 ns, Reaching safepoint: 2400 ns, Cleanup: 2700 ns, At safepoint: 15484400 ns, Total: 15489500 ns
[2025-07-30T16:38:05.363+0800][31.189s][info][gc,start    ] GC(598) Pause Young (Normal) (G1 Evacuation Pause)
[2025-07-30T16:38:05.363+0800][31.189s][info][gc,task     ] GC(598) Using 1 workers of 1 for evacuation
[2025-07-30T16:38:05.379+0800][31.205s][info][gc,phases   ] GC(598)   Pre Evacuate Collection Set: 0.3ms
[2025-07-30T16:38:05.379+0800][31.205s][info][gc,phases   ] GC(598)   Merge Heap Roots: 0.0ms
[2025-07-30T16:38:05.379+0800][31.205s][info][gc,phases   ] GC(598)   Evacuate Collection Set: 14.2ms
[2025-07-30T16:38:05.379+0800][31.205s][info][gc,phases   ] GC(598)   Post Evacuate Collection Set: 0.6ms
[2025-07-30T16:38:05.379+0800][31.205s][info][gc,phases   ] GC(598)   Other: 0.1ms
[2025-07-30T16:38:05.379+0800][31.205s][info][gc,heap     ] GC(598) Eden regions: 1017->0(1019)
[2025-07-30T16:38:05.379+0800][31.205s][info][gc,heap     ] GC(598) Survivor regions: 146->145(146)
[2025-07-30T16:38:05.379+0800][31.205s][info][gc,heap     ] GC(598) Old regions: 561->561
[2025-07-30T16:38:05.379+0800][31.205s][info][gc,heap     ] GC(598) Humongous regions: 3->3
[2025-07-30T16:38:05.379+0800][31.205s][info][gc,metaspace] GC(598) Metaspace: 7183K(7488K)->7183K(7488K) NonClass: 6459K(6592K)->6459K(6592K) Class: 724K(896K)->724K(896K)
[2025-07-30T16:38:05.379+0800][31.205s][info][gc          ] GC(598) Pause Young (Normal) (G1 Evacuation Pause) 1726M->708M(2048M) 15.504ms
[2025-07-30T16:38:05.379+0800][31.205s][info][gc,cpu      ] GC(598) User=0.02s Sys=0.00s Real=0.02s
[2025-07-30T16:38:05.379+0800][31.205s][info][safepoint   ] Safepoint "G1CollectForAllocation", Time since last: 36261500 ns, Reaching safepoint: 2300 ns, Cleanup: 2900 ns, At safepoint: 15543000 ns, Total: 15548200 ns
[2025-07-30T16:38:05.416+0800][31.241s][info][gc,start    ] GC(599) Pause Young (Normal) (G1 Evacuation Pause)
[2025-07-30T16:38:05.416+0800][31.241s][info][gc,task     ] GC(599) Using 1 workers of 1 for evacuation
[2025-07-30T16:38:05.430+0800][31.256s][info][gc,phases   ] GC(599)   Pre Evacuate Collection Set: 0.3ms
[2025-07-30T16:38:05.430+0800][31.256s][info][gc,phases   ] GC(599)   Merge Heap Roots: 0.0ms
[2025-07-30T16:38:05.430+0800][31.256s][info][gc,phases   ] GC(599)   Evacuate Collection Set: 13.9ms
[2025-07-30T16:38:05.430+0800][31.256s][info][gc,phases   ] GC(599)   Post Evacuate Collection Set: 0.6ms
[2025-07-30T16:38:05.430+0800][31.256s][info][gc,phases   ] GC(599)   Other: 0.1ms
[2025-07-30T16:38:05.430+0800][31.256s][info][gc,heap     ] GC(599) Eden regions: 1019->0(1017)
[2025-07-30T16:38:05.430+0800][31.256s][info][gc,heap     ] GC(599) Survivor regions: 145->146(146)
[2025-07-30T16:38:05.430+0800][31.256s][info][gc,heap     ] GC(599) Old regions: 561->561
[2025-07-30T16:38:05.430+0800][31.256s][info][gc,heap     ] GC(599) Humongous regions: 3->3
[2025-07-30T16:38:05.430+0800][31.256s][info][gc,metaspace] GC(599) Metaspace: 7183K(7488K)->7183K(7488K) NonClass: 6459K(6592K)->6459K(6592K) Class: 724K(896K)->724K(896K)
[2025-07-30T16:38:05.430+0800][31.256s][info][gc          ] GC(599) Pause Young (Normal) (G1 Evacuation Pause) 1727M->709M(2048M) 15.185ms
[2025-07-30T16:38:05.430+0800][31.256s][info][gc,cpu      ] GC(599) User=0.02s Sys=0.00s Real=0.01s
[2025-07-30T16:38:05.430+0800][31.256s][info][safepoint   ] Safepoint "G1CollectForAllocation", Time since last: 36541000 ns, Reaching safepoint: 2200 ns, Cleanup: 3200 ns, At safepoint: 15232600 ns, Total: 15238000 ns
[2025-07-30T16:38:05.468+0800][31.293s][info][gc,start    ] GC(600) Pause Young (Normal) (G1 Evacuation Pause)
[2025-07-30T16:38:05.468+0800][31.293s][info][gc,task     ] GC(600) Using 1 workers of 1 for evacuation
[2025-07-30T16:38:05.483+0800][31.308s][info][gc,phases   ] GC(600)   Pre Evacuate Collection Set: 0.4ms
[2025-07-30T16:38:05.483+0800][31.309s][info][gc,phases   ] GC(600)   Merge Heap Roots: 0.1ms
[2025-07-30T16:38:05.483+0800][31.309s][info][gc,phases   ] GC(600)   Evacuate Collection Set: 14.0ms
[2025-07-30T16:38:05.483+0800][31.309s][info][gc,phases   ] GC(600)   Post Evacuate Collection Set: 0.7ms
[2025-07-30T16:38:05.483+0800][31.309s][info][gc,phases   ] GC(600)   Other: 0.1ms
[2025-07-30T16:38:05.483+0800][31.309s][info][gc,heap     ] GC(600) Eden regions: 1017->0(1019)
[2025-07-30T16:38:05.483+0800][31.309s][info][gc,heap     ] GC(600) Survivor regions: 146->145(146)
[2025-07-30T16:38:05.483+0800][31.309s][info][gc,heap     ] GC(600) Old regions: 561->561
[2025-07-30T16:38:05.483+0800][31.309s][info][gc,heap     ] GC(600) Humongous regions: 3->3
[2025-07-30T16:38:05.483+0800][31.309s][info][gc,metaspace] GC(600) Metaspace: 7183K(7488K)->7183K(7488K) NonClass: 6459K(6592K)->6459K(6592K) Class: 724K(896K)->724K(896K)
[2025-07-30T16:38:05.483+0800][31.309s][info][gc          ] GC(600) Pause Young (Normal) (G1 Evacuation Pause) 1726M->708M(2048M) 15.461ms
[2025-07-30T16:38:05.483+0800][31.309s][info][gc,cpu      ] GC(600) User=0.02s Sys=0.00s Real=0.02s
[2025-07-30T16:38:05.483+0800][31.309s][info][safepoint   ] Safepoint "G1CollectForAllocation", Time since last: 36647900 ns, Reaching safepoint: 3800 ns, Cleanup: 4600 ns, At safepoint: 15505600 ns, Total: 15514000 ns
[2025-07-30T16:38:05.519+0800][31.345s][info][gc,start    ] GC(601) Pause Young (Normal) (G1 Evacuation Pause)
[2025-07-30T16:38:05.519+0800][31.345s][info][gc,task     ] GC(601) Using 1 workers of 1 for evacuation
[2025-07-30T16:38:05.535+0800][31.361s][info][gc,phases   ] GC(601)   Pre Evacuate Collection Set: 0.4ms
[2025-07-30T16:38:05.535+0800][31.361s][info][gc,phases   ] GC(601)   Merge Heap Roots: 0.1ms
[2025-07-30T16:38:05.535+0800][31.361s][info][gc,phases   ] GC(601)   Evacuate Collection Set: 14.2ms
[2025-07-30T16:38:05.535+0800][31.361s][info][gc,phases   ] GC(601)   Post Evacuate Collection Set: 0.7ms
[2025-07-30T16:38:05.535+0800][31.361s][info][gc,phases   ] GC(601)   Other: 0.1ms
[2025-07-30T16:38:05.535+0800][31.361s][info][gc,heap     ] GC(601) Eden regions: 1019->0(1017)
[2025-07-30T16:38:05.535+0800][31.361s][info][gc,heap     ] GC(601) Survivor regions: 145->146(146)
[2025-07-30T16:38:05.535+0800][31.361s][info][gc,heap     ] GC(601) Old regions: 561->561
[2025-07-30T16:38:05.535+0800][31.361s][info][gc,heap     ] GC(601) Humongous regions: 3->3
[2025-07-30T16:38:05.535+0800][31.361s][info][gc,metaspace] GC(601) Metaspace: 7183K(7488K)->7183K(7488K) NonClass: 6459K(6592K)->6459K(6592K) Class: 724K(896K)->724K(896K)
[2025-07-30T16:38:05.535+0800][31.361s][info][gc          ] GC(601) Pause Young (Normal) (G1 Evacuation Pause) 1727M->709M(2048M) 15.518ms
[2025-07-30T16:38:05.535+0800][31.361s][info][gc,cpu      ] GC(601) User=0.02s Sys=0.00s Real=0.02s
[2025-07-30T16:38:05.535+0800][31.361s][info][safepoint   ] Safepoint "G1CollectForAllocation", Time since last: 36619700 ns, Reaching safepoint: 2800 ns, Cleanup: 2800 ns, At safepoint: 15559100 ns, Total: 15564700 ns
[2025-07-30T16:38:05.572+0800][31.397s][info][gc,start    ] GC(602) Pause Young (Normal) (G1 Evacuation Pause)
[2025-07-30T16:38:05.572+0800][31.398s][info][gc,task     ] GC(602) Using 1 workers of 1 for evacuation
[2025-07-30T16:38:05.587+0800][31.413s][info][gc,phases   ] GC(602)   Pre Evacuate Collection Set: 0.4ms
[2025-07-30T16:38:05.587+0800][31.413s][info][gc,phases   ] GC(602)   Merge Heap Roots: 0.1ms
[2025-07-30T16:38:05.587+0800][31.413s][info][gc,phases   ] GC(602)   Evacuate Collection Set: 14.3ms
[2025-07-30T16:38:05.587+0800][31.413s][info][gc,phases   ] GC(602)   Post Evacuate Collection Set: 0.7ms
[2025-07-30T16:38:05.587+0800][31.413s][info][gc,phases   ] GC(602)   Other: 0.1ms
[2025-07-30T16:38:05.587+0800][31.413s][info][gc,heap     ] GC(602) Eden regions: 1017->0(1017)
[2025-07-30T16:38:05.587+0800][31.413s][info][gc,heap     ] GC(602) Survivor regions: 146->146(146)
[2025-07-30T16:38:05.587+0800][31.413s][info][gc,heap     ] GC(602) Old regions: 561->561
[2025-07-30T16:38:05.587+0800][31.413s][info][gc,heap     ] GC(602) Humongous regions: 3->3
[2025-07-30T16:38:05.587+0800][31.413s][info][gc,metaspace] GC(602) Metaspace: 7183K(7488K)->7183K(7488K) NonClass: 6459K(6592K)->6459K(6592K) Class: 724K(896K)->724K(896K)
[2025-07-30T16:38:05.587+0800][31.413s][info][gc          ] GC(602) Pause Young (Normal) (G1 Evacuation Pause) 1726M->708M(2048M) 15.697ms
[2025-07-30T16:38:05.587+0800][31.413s][info][gc,cpu      ] GC(602) User=0.02s Sys=0.00s Real=0.01s
[2025-07-30T16:38:05.587+0800][31.413s][info][safepoint   ] Safepoint "G1CollectForAllocation", Time since last: 36647200 ns, Reaching safepoint: 3200 ns, Cleanup: 4100 ns, At safepoint: 15740900 ns, Total: 15748200 ns
[2025-07-30T16:38:05.624+0800][31.450s][info][gc,start    ] GC(603) Pause Young (Normal) (G1 Evacuation Pause)
[2025-07-30T16:38:05.624+0800][31.450s][info][gc,task     ] GC(603) Using 1 workers of 1 for evacuation
[2025-07-30T16:38:05.640+0800][31.465s][info][gc,phases   ] GC(603)   Pre Evacuate Collection Set: 0.4ms
[2025-07-30T16:38:05.640+0800][31.465s][info][gc,phases   ] GC(603)   Merge Heap Roots: 0.1ms
[2025-07-30T16:38:05.640+0800][31.465s][info][gc,phases   ] GC(603)   Evacuate Collection Set: 14.2ms
[2025-07-30T16:38:05.640+0800][31.465s][info][gc,phases   ] GC(603)   Post Evacuate Collection Set: 0.6ms
[2025-07-30T16:38:05.640+0800][31.465s][info][gc,phases   ] GC(603)   Other: 0.1ms
[2025-07-30T16:38:05.640+0800][31.465s][info][gc,heap     ] GC(603) Eden regions: 1017->0(1019)
[2025-07-30T16:38:05.640+0800][31.465s][info][gc,heap     ] GC(603) Survivor regions: 146->145(146)
[2025-07-30T16:38:05.640+0800][31.465s][info][gc,heap     ] GC(603) Old regions: 561->561
[2025-07-30T16:38:05.640+0800][31.465s][info][gc,heap     ] GC(603) Humongous regions: 3->3
[2025-07-30T16:38:05.640+0800][31.465s][info][gc,metaspace] GC(603) Metaspace: 7183K(7488K)->7183K(7488K) NonClass: 6459K(6592K)->6459K(6592K) Class: 724K(896K)->724K(896K)
[2025-07-30T16:38:05.640+0800][31.465s][info][gc          ] GC(603) Pause Young (Normal) (G1 Evacuation Pause) 1725M->707M(2048M) 15.621ms
[2025-07-30T16:38:05.640+0800][31.465s][info][gc,cpu      ] GC(603) User=0.02s Sys=0.00s Real=0.02s
[2025-07-30T16:38:05.640+0800][31.465s][info][safepoint   ] Safepoint "G1CollectForAllocation", Time since last: 36267100 ns, Reaching safepoint: 3700 ns, Cleanup: 5200 ns, At safepoint: 15666900 ns, Total: 15675800 ns
[2025-07-30T16:38:05.677+0800][31.502s][info][gc,start    ] GC(604) Pause Young (Normal) (G1 Evacuation Pause)
[2025-07-30T16:38:05.677+0800][31.502s][info][gc,task     ] GC(604) Using 1 workers of 1 for evacuation
[2025-07-30T16:38:05.692+0800][31.517s][info][gc,phases   ] GC(604)   Pre Evacuate Collection Set: 0.3ms
[2025-07-30T16:38:05.692+0800][31.517s][info][gc,phases   ] GC(604)   Merge Heap Roots: 0.0ms
[2025-07-30T16:38:05.692+0800][31.517s][info][gc,phases   ] GC(604)   Evacuate Collection Set: 13.8ms
[2025-07-30T16:38:05.692+0800][31.517s][info][gc,phases   ] GC(604)   Post Evacuate Collection Set: 0.6ms
[2025-07-30T16:38:05.692+0800][31.517s][info][gc,phases   ] GC(604)   Other: 0.1ms
[2025-07-30T16:38:05.692+0800][31.517s][info][gc,heap     ] GC(604) Eden regions: 1019->0(1018)
[2025-07-30T16:38:05.692+0800][31.517s][info][gc,heap     ] GC(604) Survivor regions: 145->146(146)
[2025-07-30T16:38:05.692+0800][31.517s][info][gc,heap     ] GC(604) Old regions: 561->561
[2025-07-30T16:38:05.692+0800][31.517s][info][gc,heap     ] GC(604) Humongous regions: 3->3
[2025-07-30T16:38:05.692+0800][31.517s][info][gc,metaspace] GC(604) Metaspace: 7183K(7488K)->7183K(7488K) NonClass: 6459K(6592K)->6459K(6592K) Class: 724K(896K)->724K(896K)
[2025-07-30T16:38:05.692+0800][31.517s][info][gc          ] GC(604) Pause Young (Normal) (G1 Evacuation Pause) 1726M->708M(2048M) 14.962ms
[2025-07-30T16:38:05.692+0800][31.517s][info][gc,cpu      ] GC(604) User=0.02s Sys=0.00s Real=0.01s
[2025-07-30T16:38:05.692+0800][31.517s][info][safepoint   ] Safepoint "G1CollectForAllocation", Time since last: 36770200 ns, Reaching safepoint: 2500 ns, Cleanup: 2400 ns, At safepoint: 14999100 ns, Total: 15004000 ns
[2025-07-30T16:38:05.729+0800][31.554s][info][gc,start    ] GC(605) Pause Young (Normal) (G1 Evacuation Pause)
[2025-07-30T16:38:05.729+0800][31.554s][info][gc,task     ] GC(605) Using 1 workers of 1 for evacuation
[2025-07-30T16:38:05.743+0800][31.569s][info][gc,phases   ] GC(605)   Pre Evacuate Collection Set: 0.3ms
[2025-07-30T16:38:05.743+0800][31.569s][info][gc,phases   ] GC(605)   Merge Heap Roots: 0.0ms
[2025-07-30T16:38:05.743+0800][31.569s][info][gc,phases   ] GC(605)   Evacuate Collection Set: 13.7ms
[2025-07-30T16:38:05.743+0800][31.569s][info][gc,phases   ] GC(605)   Post Evacuate Collection Set: 0.6ms
[2025-07-30T16:38:05.743+0800][31.569s][info][gc,phases   ] GC(605)   Other: 0.1ms
[2025-07-30T16:38:05.743+0800][31.569s][info][gc,heap     ] GC(605) Eden regions: 1018->0(1018)
[2025-07-30T16:38:05.743+0800][31.569s][info][gc,heap     ] GC(605) Survivor regions: 146->146(146)
[2025-07-30T16:38:05.743+0800][31.569s][info][gc,heap     ] GC(605) Old regions: 561->561
[2025-07-30T16:38:05.743+0800][31.569s][info][gc,heap     ] GC(605) Humongous regions: 3->3
[2025-07-30T16:38:05.743+0800][31.569s][info][gc,metaspace] GC(605) Metaspace: 7183K(7488K)->7183K(7488K) NonClass: 6459K(6592K)->6459K(6592K) Class: 724K(896K)->724K(896K)
[2025-07-30T16:38:05.743+0800][31.569s][info][gc          ] GC(605) Pause Young (Normal) (G1 Evacuation Pause) 1726M->708M(2048M) 14.843ms
[2025-07-30T16:38:05.743+0800][31.569s][info][gc,cpu      ] GC(605) User=0.02s Sys=0.00s Real=0.01s
[2025-07-30T16:38:05.743+0800][31.569s][info][safepoint   ] Safepoint "G1CollectForAllocation", Time since last: 37066700 ns, Reaching safepoint: 2000 ns, Cleanup: 2200 ns, At safepoint: 14879200 ns, Total: 14883400 ns
[2025-07-30T16:38:05.780+0800][31.605s][info][gc,start    ] GC(606) Pause Young (Normal) (G1 Evacuation Pause)
[2025-07-30T16:38:05.780+0800][31.605s][info][gc,task     ] GC(606) Using 1 workers of 1 for evacuation
[2025-07-30T16:38:05.795+0800][31.620s][info][gc,phases   ] GC(606)   Pre Evacuate Collection Set: 0.3ms
[2025-07-30T16:38:05.795+0800][31.620s][info][gc,phases   ] GC(606)   Merge Heap Roots: 0.0ms
[2025-07-30T16:38:05.795+0800][31.620s][info][gc,phases   ] GC(606)   Evacuate Collection Set: 13.9ms
[2025-07-30T16:38:05.795+0800][31.620s][info][gc,phases   ] GC(606)   Post Evacuate Collection Set: 0.6ms
[2025-07-30T16:38:05.795+0800][31.620s][info][gc,phases   ] GC(606)   Other: 0.1ms
[2025-07-30T16:38:05.795+0800][31.620s][info][gc,heap     ] GC(606) Eden regions: 1018->0(1017)
[2025-07-30T16:38:05.795+0800][31.620s][info][gc,heap     ] GC(606) Survivor regions: 146->146(146)
[2025-07-30T16:38:05.795+0800][31.620s][info][gc,heap     ] GC(606) Old regions: 561->561
[2025-07-30T16:38:05.795+0800][31.620s][info][gc,heap     ] GC(606) Humongous regions: 3->3
[2025-07-30T16:38:05.795+0800][31.620s][info][gc,metaspace] GC(606) Metaspace: 7183K(7488K)->7183K(7488K) NonClass: 6459K(6592K)->6459K(6592K) Class: 724K(896K)->724K(896K)
[2025-07-30T16:38:05.795+0800][31.620s][info][gc          ] GC(606) Pause Young (Normal) (G1 Evacuation Pause) 1726M->709M(2048M) 15.106ms
[2025-07-30T16:38:05.795+0800][31.620s][info][gc,cpu      ] GC(606) User=0.02s Sys=0.00s Real=0.02s
[2025-07-30T16:38:05.795+0800][31.620s][info][safepoint   ] Safepoint "G1CollectForAllocation", Time since last: 36033200 ns, Reaching safepoint: 2200 ns, Cleanup: 2200 ns, At safepoint: 15144300 ns, Total: 15148700 ns
[2025-07-30T16:38:05.832+0800][31.657s][info][gc,start    ] GC(607) Pause Young (Normal) (G1 Evacuation Pause)
[2025-07-30T16:38:05.832+0800][31.657s][info][gc,task     ] GC(607) Using 1 workers of 1 for evacuation
[2025-07-30T16:38:05.847+0800][31.672s][info][gc,phases   ] GC(607)   Pre Evacuate Collection Set: 0.3ms
[2025-07-30T16:38:05.847+0800][31.672s][info][gc,phases   ] GC(607)   Merge Heap Roots: 0.1ms
[2025-07-30T16:38:05.847+0800][31.672s][info][gc,phases   ] GC(607)   Evacuate Collection Set: 13.7ms
[2025-07-30T16:38:05.847+0800][31.672s][info][gc,phases   ] GC(607)   Post Evacuate Collection Set: 0.6ms
[2025-07-30T16:38:05.847+0800][31.672s][info][gc,phases   ] GC(607)   Other: 0.1ms
[2025-07-30T16:38:05.847+0800][31.672s][info][gc,heap     ] GC(607) Eden regions: 1017->0(1019)
[2025-07-30T16:38:05.847+0800][31.672s][info][gc,heap     ] GC(607) Survivor regions: 146->145(146)
[2025-07-30T16:38:05.847+0800][31.672s][info][gc,heap     ] GC(607) Old regions: 561->561
[2025-07-30T16:38:05.847+0800][31.672s][info][gc,heap     ] GC(607) Humongous regions: 3->3
[2025-07-30T16:38:05.847+0800][31.672s][info][gc,metaspace] GC(607) Metaspace: 7183K(7488K)->7183K(7488K) NonClass: 6459K(6592K)->6459K(6592K) Class: 724K(896K)->724K(896K)
[2025-07-30T16:38:05.847+0800][31.672s][info][gc          ] GC(607) Pause Young (Normal) (G1 Evacuation Pause) 1726M->708M(2048M) 14.862ms
[2025-07-30T16:38:05.847+0800][31.672s][info][gc,cpu      ] GC(607) User=0.02s Sys=0.00s Real=0.01s
[2025-07-30T16:38:05.847+0800][31.672s][info][safepoint   ] Safepoint "G1CollectForAllocation", Time since last: 37307200 ns, Reaching safepoint: 2400 ns, Cleanup: 2900 ns, At safepoint: 14899800 ns, Total: 14905100 ns
[2025-07-30T16:38:05.884+0800][31.709s][info][gc,start    ] GC(608) Pause Young (Normal) (G1 Evacuation Pause)
[2025-07-30T16:38:05.884+0800][31.709s][info][gc,task     ] GC(608) Using 1 workers of 1 for evacuation
[2025-07-30T16:38:05.900+0800][31.725s][info][gc,phases   ] GC(608)   Pre Evacuate Collection Set: 0.4ms
[2025-07-30T16:38:05.900+0800][31.725s][info][gc,phases   ] GC(608)   Merge Heap Roots: 0.1ms
[2025-07-30T16:38:05.900+0800][31.725s][info][gc,phases   ] GC(608)   Evacuate Collection Set: 14.6ms
[2025-07-30T16:38:05.900+0800][31.725s][info][gc,phases   ] GC(608)   Post Evacuate Collection Set: 0.7ms
[2025-07-30T16:38:05.900+0800][31.725s][info][gc,phases   ] GC(608)   Other: 0.1ms
[2025-07-30T16:38:05.900+0800][31.725s][info][gc,heap     ] GC(608) Eden regions: 1019->0(1017)
[2025-07-30T16:38:05.900+0800][31.725s][info][gc,heap     ] GC(608) Survivor regions: 145->146(146)
[2025-07-30T16:38:05.900+0800][31.725s][info][gc,heap     ] GC(608) Old regions: 561->561
[2025-07-30T16:38:05.900+0800][31.725s][info][gc,heap     ] GC(608) Humongous regions: 3->3
[2025-07-30T16:38:05.900+0800][31.725s][info][gc,metaspace] GC(608) Metaspace: 7183K(7488K)->7183K(7488K) NonClass: 6459K(6592K)->6459K(6592K) Class: 724K(896K)->724K(896K)
[2025-07-30T16:38:05.900+0800][31.725s][info][gc          ] GC(608) Pause Young (Normal) (G1 Evacuation Pause) 1727M->709M(2048M) 16.081ms
[2025-07-30T16:38:05.900+0800][31.725s][info][gc,cpu      ] GC(608) User=0.02s Sys=0.00s Real=0.02s
[2025-07-30T16:38:05.900+0800][31.725s][info][safepoint   ] Safepoint "G1CollectForAllocation", Time since last: 36731300 ns, Reaching safepoint: 4200 ns, Cleanup: 4600 ns, At safepoint: 16125900 ns, Total: 16134700 ns
[2025-07-30T16:38:05.937+0800][31.763s][info][gc,start    ] GC(609) Pause Young (Normal) (G1 Evacuation Pause)
[2025-07-30T16:38:05.937+0800][31.763s][info][gc,task     ] GC(609) Using 1 workers of 1 for evacuation
[2025-07-30T16:38:05.953+0800][31.778s][info][gc,phases   ] GC(609)   Pre Evacuate Collection Set: 0.4ms
[2025-07-30T16:38:05.953+0800][31.779s][info][gc,phases   ] GC(609)   Merge Heap Roots: 0.1ms
[2025-07-30T16:38:05.953+0800][31.779s][info][gc,phases   ] GC(609)   Evacuate Collection Set: 14.5ms
[2025-07-30T16:38:05.953+0800][31.779s][info][gc,phases   ] GC(609)   Post Evacuate Collection Set: 0.7ms
[2025-07-30T16:38:05.953+0800][31.779s][info][gc,phases   ] GC(609)   Other: 0.1ms
[2025-07-30T16:38:05.953+0800][31.779s][info][gc,heap     ] GC(609) Eden regions: 1017->0(1019)
[2025-07-30T16:38:05.953+0800][31.779s][info][gc,heap     ] GC(609) Survivor regions: 146->145(146)
[2025-07-30T16:38:05.953+0800][31.779s][info][gc,heap     ] GC(609) Old regions: 561->561
[2025-07-30T16:38:05.953+0800][31.779s][info][gc,heap     ] GC(609) Humongous regions: 3->3
[2025-07-30T16:38:05.953+0800][31.779s][info][gc,metaspace] GC(609) Metaspace: 7183K(7488K)->7183K(7488K) NonClass: 6459K(6592K)->6459K(6592K) Class: 724K(896K)->724K(896K)
[2025-07-30T16:38:05.953+0800][31.779s][info][gc          ] GC(609) Pause Young (Normal) (G1 Evacuation Pause) 1726M->708M(2048M) 15.918ms
[2025-07-30T16:38:05.953+0800][31.779s][info][gc,cpu      ] GC(609) User=0.02s Sys=0.02s Real=0.02s
[2025-07-30T16:38:05.953+0800][31.779s][info][safepoint   ] Safepoint "G1CollectForAllocation", Time since last: 37596700 ns, Reaching safepoint: 2400 ns, Cleanup: 3300 ns, At safepoint: 15956600 ns, Total: 15962300 ns
[2025-07-30T16:38:05.990+0800][31.816s][info][gc,start    ] GC(610) Pause Young (Normal) (G1 Evacuation Pause)
[2025-07-30T16:38:05.990+0800][31.816s][info][gc,task     ] GC(610) Using 1 workers of 1 for evacuation
[2025-07-30T16:38:06.006+0800][31.831s][info][gc,phases   ] GC(610)   Pre Evacuate Collection Set: 0.4ms
[2025-07-30T16:38:06.006+0800][31.831s][info][gc,phases   ] GC(610)   Merge Heap Roots: 0.1ms
[2025-07-30T16:38:06.006+0800][31.831s][info][gc,phases   ] GC(610)   Evacuate Collection Set: 13.7ms
[2025-07-30T16:38:06.006+0800][31.831s][info][gc,phases   ] GC(610)   Post Evacuate Collection Set: 0.7ms
[2025-07-30T16:38:06.006+0800][31.831s][info][gc,phases   ] GC(610)   Other: 0.1ms
[2025-07-30T16:38:06.006+0800][31.831s][info][gc,heap     ] GC(610) Eden regions: 1019->0(1017)
[2025-07-30T16:38:06.006+0800][31.831s][info][gc,heap     ] GC(610) Survivor regions: 145->146(146)
[2025-07-30T16:38:06.006+0800][31.831s][info][gc,heap     ] GC(610) Old regions: 561->561
[2025-07-30T16:38:06.006+0800][31.831s][info][gc,heap     ] GC(610) Humongous regions: 3->3
[2025-07-30T16:38:06.006+0800][31.831s][info][gc,metaspace] GC(610) Metaspace: 7183K(7488K)->7183K(7488K) NonClass: 6459K(6592K)->6459K(6592K) Class: 724K(896K)->724K(896K)
[2025-07-30T16:38:06.006+0800][31.831s][info][gc          ] GC(610) Pause Young (Normal) (G1 Evacuation Pause) 1727M->709M(2048M) 15.133ms
[2025-07-30T16:38:06.006+0800][31.831s][info][gc,cpu      ] GC(610) User=0.02s Sys=0.00s Real=0.02s
[2025-07-30T16:38:06.006+0800][31.831s][info][safepoint   ] Safepoint "G1CollectForAllocation", Time since last: 37132000 ns, Reaching safepoint: 3600 ns, Cleanup: 3500 ns, At safepoint: 15175600 ns, Total: 15182700 ns
[2025-07-30T16:38:06.044+0800][31.870s][info][gc,start    ] GC(611) Pause Young (Normal) (G1 Evacuation Pause)
[2025-07-30T16:38:06.044+0800][31.870s][info][gc,task     ] GC(611) Using 1 workers of 1 for evacuation
[2025-07-30T16:38:06.059+0800][31.885s][info][gc,phases   ] GC(611)   Pre Evacuate Collection Set: 0.4ms
[2025-07-30T16:38:06.059+0800][31.885s][info][gc,phases   ] GC(611)   Merge Heap Roots: 0.1ms
[2025-07-30T16:38:06.059+0800][31.885s][info][gc,phases   ] GC(611)   Evacuate Collection Set: 14.0ms
[2025-07-30T16:38:06.059+0800][31.885s][info][gc,phases   ] GC(611)   Post Evacuate Collection Set: 0.8ms
[2025-07-30T16:38:06.059+0800][31.885s][info][gc,phases   ] GC(611)   Other: 0.1ms
[2025-07-30T16:38:06.060+0800][31.885s][info][gc,heap     ] GC(611) Eden regions: 1017->0(1017)
[2025-07-30T16:38:06.060+0800][31.885s][info][gc,heap     ] GC(611) Survivor regions: 146->146(146)
[2025-07-30T16:38:06.060+0800][31.885s][info][gc,heap     ] GC(611) Old regions: 561->561
[2025-07-30T16:38:06.060+0800][31.885s][info][gc,heap     ] GC(611) Humongous regions: 3->3
[2025-07-30T16:38:06.060+0800][31.885s][info][gc,metaspace] GC(611) Metaspace: 7183K(7488K)->7183K(7488K) NonClass: 6459K(6592K)->6459K(6592K) Class: 724K(896K)->724K(896K)
[2025-07-30T16:38:06.060+0800][31.885s][info][gc          ] GC(611) Pause Young (Normal) (G1 Evacuation Pause) 1726M->708M(2048M) 15.563ms
[2025-07-30T16:38:06.060+0800][31.885s][info][gc,cpu      ] GC(611) User=0.02s Sys=0.00s Real=0.02s
[2025-07-30T16:38:06.060+0800][31.885s][info][safepoint   ] Safepoint "G1CollectForAllocation", Time since last: 38476900 ns, Reaching safepoint: 2900 ns, Cleanup: 4100 ns, At safepoint: 15605500 ns, Total: 15612500 ns
[2025-07-30T16:38:06.096+0800][31.921s][info][gc,start    ] GC(612) Pause Young (Normal) (G1 Evacuation Pause)
[2025-07-30T16:38:06.096+0800][31.921s][info][gc,task     ] GC(612) Using 1 workers of 1 for evacuation
[2025-07-30T16:38:06.112+0800][31.937s][info][gc,phases   ] GC(612)   Pre Evacuate Collection Set: 0.5ms
[2025-07-30T16:38:06.112+0800][31.937s][info][gc,phases   ] GC(612)   Merge Heap Roots: 0.1ms
[2025-07-30T16:38:06.112+0800][31.937s][info][gc,phases   ] GC(612)   Evacuate Collection Set: 14.1ms
[2025-07-30T16:38:06.112+0800][31.937s][info][gc,phases   ] GC(612)   Post Evacuate Collection Set: 0.9ms
[2025-07-30T16:38:06.112+0800][31.937s][info][gc,phases   ] GC(612)   Other: 0.1ms
[2025-07-30T16:38:06.112+0800][31.937s][info][gc,heap     ] GC(612) Eden regions: 1017->0(1019)
[2025-07-30T16:38:06.112+0800][31.937s][info][gc,heap     ] GC(612) Survivor regions: 146->145(146)
[2025-07-30T16:38:06.112+0800][31.937s][info][gc,heap     ] GC(612) Old regions: 561->561
[2025-07-30T16:38:06.112+0800][31.937s][info][gc,heap     ] GC(612) Humongous regions: 3->3
[2025-07-30T16:38:06.112+0800][31.937s][info][gc,metaspace] GC(612) Metaspace: 7183K(7488K)->7183K(7488K) NonClass: 6459K(6592K)->6459K(6592K) Class: 724K(896K)->724K(896K)
[2025-07-30T16:38:06.112+0800][31.937s][info][gc          ] GC(612) Pause Young (Normal) (G1 Evacuation Pause) 1725M->707M(2048M) 15.737ms
[2025-07-30T16:38:06.112+0800][31.937s][info][gc,cpu      ] GC(612) User=0.02s Sys=0.00s Real=0.02s
[2025-07-30T16:38:06.112+0800][31.937s][info][safepoint   ] Safepoint "G1CollectForAllocation", Time since last: 36243800 ns, Reaching safepoint: 3900 ns, Cleanup: 4600 ns, At safepoint: 15782800 ns, Total: 15791300 ns
[2025-07-30T16:38:06.149+0800][31.975s][info][gc,start    ] GC(613) Pause Young (Normal) (G1 Evacuation Pause)
[2025-07-30T16:38:06.149+0800][31.975s][info][gc,task     ] GC(613) Using 1 workers of 1 for evacuation
[2025-07-30T16:38:06.165+0800][31.991s][info][gc,phases   ] GC(613)   Pre Evacuate Collection Set: 0.4ms
[2025-07-30T16:38:06.165+0800][31.991s][info][gc,phases   ] GC(613)   Merge Heap Roots: 0.1ms
[2025-07-30T16:38:06.165+0800][31.991s][info][gc,phases   ] GC(613)   Evacuate Collection Set: 14.9ms
[2025-07-30T16:38:06.165+0800][31.991s][info][gc,phases   ] GC(613)   Post Evacuate Collection Set: 0.6ms
[2025-07-30T16:38:06.165+0800][31.991s][info][gc,phases   ] GC(613)   Other: 0.1ms
[2025-07-30T16:38:06.165+0800][31.991s][info][gc,heap     ] GC(613) Eden regions: 1019->0(1018)
[2025-07-30T16:38:06.165+0800][31.991s][info][gc,heap     ] GC(613) Survivor regions: 145->146(146)
[2025-07-30T16:38:06.165+0800][31.991s][info][gc,heap     ] GC(613) Old regions: 561->561
[2025-07-30T16:38:06.165+0800][31.991s][info][gc,heap     ] GC(613) Humongous regions: 3->3
[2025-07-30T16:38:06.165+0800][31.991s][info][gc,metaspace] GC(613) Metaspace: 7183K(7488K)->7183K(7488K) NonClass: 6459K(6592K)->6459K(6592K) Class: 724K(896K)->724K(896K)
[2025-07-30T16:38:06.165+0800][31.991s][info][gc          ] GC(613) Pause Young (Normal) (G1 Evacuation Pause) 1726M->708M(2048M) 16.269ms
[2025-07-30T16:38:06.165+0800][31.991s][info][gc,cpu      ] GC(613) User=0.02s Sys=0.00s Real=0.02s
[2025-07-30T16:38:06.165+0800][31.991s][info][safepoint   ] Safepoint "G1CollectForAllocation", Time since last: 37418900 ns, Reaching safepoint: 2900 ns, Cleanup: 4000 ns, At safepoint: 16311300 ns, Total: 16318200 ns
[2025-07-30T16:38:06.203+0800][32.029s][info][gc,start    ] GC(614) Pause Young (Normal) (G1 Evacuation Pause)
[2025-07-30T16:38:06.203+0800][32.029s][info][gc,task     ] GC(614) Using 1 workers of 1 for evacuation
[2025-07-30T16:38:06.218+0800][32.044s][info][gc,phases   ] GC(614)   Pre Evacuate Collection Set: 0.4ms
[2025-07-30T16:38:06.218+0800][32.044s][info][gc,phases   ] GC(614)   Merge Heap Roots: 0.0ms
[2025-07-30T16:38:06.218+0800][32.044s][info][gc,phases   ] GC(614)   Evacuate Collection Set: 14.1ms
[2025-07-30T16:38:06.218+0800][32.044s][info][gc,phases   ] GC(614)   Post Evacuate Collection Set: 0.6ms
[2025-07-30T16:38:06.218+0800][32.044s][info][gc,phases   ] GC(614)   Other: 0.1ms
[2025-07-30T16:38:06.218+0800][32.044s][info][gc,heap     ] GC(614) Eden regions: 1018->0(1018)
[2025-07-30T16:38:06.218+0800][32.044s][info][gc,heap     ] GC(614) Survivor regions: 146->146(146)
[2025-07-30T16:38:06.218+0800][32.044s][info][gc,heap     ] GC(614) Old regions: 561->561
[2025-07-30T16:38:06.218+0800][32.044s][info][gc,heap     ] GC(614) Humongous regions: 3->3
[2025-07-30T16:38:06.218+0800][32.044s][info][gc,metaspace] GC(614) Metaspace: 7183K(7488K)->7183K(7488K) NonClass: 6459K(6592K)->6459K(6592K) Class: 724K(896K)->724K(896K)
[2025-07-30T16:38:06.218+0800][32.044s][info][gc          ] GC(614) Pause Young (Normal) (G1 Evacuation Pause) 1726M->708M(2048M) 15.370ms
[2025-07-30T16:38:06.218+0800][32.044s][info][gc,cpu      ] GC(614) User=0.00s Sys=0.02s Real=0.01s
[2025-07-30T16:38:06.218+0800][32.044s][info][safepoint   ] Safepoint "G1CollectForAllocation", Time since last: 37612500 ns, Reaching safepoint: 2200 ns, Cleanup: 2700 ns, At safepoint: 15411200 ns, Total: 15416100 ns
[2025-07-30T16:38:06.256+0800][32.082s][info][gc,start    ] GC(615) Pause Young (Normal) (G1 Evacuation Pause)
[2025-07-30T16:38:06.256+0800][32.082s][info][gc,task     ] GC(615) Using 1 workers of 1 for evacuation
[2025-07-30T16:38:06.271+0800][32.097s][info][gc,phases   ] GC(615)   Pre Evacuate Collection Set: 0.3ms
[2025-07-30T16:38:06.271+0800][32.097s][info][gc,phases   ] GC(615)   Merge Heap Roots: 0.0ms
[2025-07-30T16:38:06.271+0800][32.097s][info][gc,phases   ] GC(615)   Evacuate Collection Set: 13.7ms
[2025-07-30T16:38:06.271+0800][32.097s][info][gc,phases   ] GC(615)   Post Evacuate Collection Set: 0.6ms
[2025-07-30T16:38:06.271+0800][32.097s][info][gc,phases   ] GC(615)   Other: 0.1ms
[2025-07-30T16:38:06.271+0800][32.097s][info][gc,heap     ] GC(615) Eden regions: 1018->0(1018)
[2025-07-30T16:38:06.271+0800][32.097s][info][gc,heap     ] GC(615) Survivor regions: 146->146(146)
[2025-07-30T16:38:06.271+0800][32.097s][info][gc,heap     ] GC(615) Old regions: 561->561
[2025-07-30T16:38:06.271+0800][32.097s][info][gc,heap     ] GC(615) Humongous regions: 3->3
[2025-07-30T16:38:06.271+0800][32.097s][info][gc,metaspace] GC(615) Metaspace: 7183K(7488K)->7183K(7488K) NonClass: 6459K(6592K)->6459K(6592K) Class: 724K(896K)->724K(896K)
[2025-07-30T16:38:06.271+0800][32.097s][info][gc          ] GC(615) Pause Young (Normal) (G1 Evacuation Pause) 1726M->708M(2048M) 14.852ms
[2025-07-30T16:38:06.271+0800][32.097s][info][gc,cpu      ] GC(615) User=0.02s Sys=0.00s Real=0.01s
[2025-07-30T16:38:06.271+0800][32.097s][info][safepoint   ] Safepoint "G1CollectForAllocation", Time since last: 38000200 ns, Reaching safepoint: 2200 ns, Cleanup: 2400 ns, At safepoint: 14888900 ns, Total: 14893500 ns
[2025-07-30T16:38:06.308+0800][32.134s][info][gc,start    ] GC(616) Pause Young (Normal) (G1 Evacuation Pause)
[2025-07-30T16:38:06.308+0800][32.134s][info][gc,task     ] GC(616) Using 1 workers of 1 for evacuation
[2025-07-30T16:38:06.323+0800][32.149s][info][gc,phases   ] GC(616)   Pre Evacuate Collection Set: 0.3ms
[2025-07-30T16:38:06.323+0800][32.149s][info][gc,phases   ] GC(616)   Merge Heap Roots: 0.0ms
[2025-07-30T16:38:06.323+0800][32.149s][info][gc,phases   ] GC(616)   Evacuate Collection Set: 13.7ms
[2025-07-30T16:38:06.323+0800][32.149s][info][gc,phases   ] GC(616)   Post Evacuate Collection Set: 0.6ms
[2025-07-30T16:38:06.323+0800][32.149s][info][gc,phases   ] GC(616)   Other: 0.1ms
[2025-07-30T16:38:06.323+0800][32.149s][info][gc,heap     ] GC(616) Eden regions: 1018->0(1017)
[2025-07-30T16:38:06.323+0800][32.149s][info][gc,heap     ] GC(616) Survivor regions: 146->146(146)
[2025-07-30T16:38:06.323+0800][32.149s][info][gc,heap     ] GC(616) Old regions: 561->561
[2025-07-30T16:38:06.323+0800][32.149s][info][gc,heap     ] GC(616) Humongous regions: 3->3
[2025-07-30T16:38:06.323+0800][32.149s][info][gc,metaspace] GC(616) Metaspace: 7183K(7488K)->7183K(7488K) NonClass: 6459K(6592K)->6459K(6592K) Class: 724K(896K)->724K(896K)
[2025-07-30T16:38:06.323+0800][32.149s][info][gc          ] GC(616) Pause Young (Normal) (G1 Evacuation Pause) 1726M->709M(2048M) 14.905ms
[2025-07-30T16:38:06.323+0800][32.149s][info][gc,cpu      ] GC(616) User=0.02s Sys=0.00s Real=0.01s
[2025-07-30T16:38:06.323+0800][32.149s][info][safepoint   ] Safepoint "G1CollectForAllocation", Time since last: 37105500 ns, Reaching safepoint: 2100 ns, Cleanup: 2800 ns, At safepoint: 14941900 ns, Total: 14946800 ns
[2025-07-30T16:38:06.360+0800][32.186s][info][gc,start    ] GC(617) Pause Young (Normal) (G1 Evacuation Pause)
[2025-07-30T16:38:06.360+0800][32.186s][info][gc,task     ] GC(617) Using 1 workers of 1 for evacuation
[2025-07-30T16:38:06.376+0800][32.201s][info][gc,phases   ] GC(617)   Pre Evacuate Collection Set: 0.3ms
[2025-07-30T16:38:06.376+0800][32.201s][info][gc,phases   ] GC(617)   Merge Heap Roots: 0.0ms
[2025-07-30T16:38:06.376+0800][32.201s][info][gc,phases   ] GC(617)   Evacuate Collection Set: 14.0ms
[2025-07-30T16:38:06.376+0800][32.201s][info][gc,phases   ] GC(617)   Post Evacuate Collection Set: 0.6ms
[2025-07-30T16:38:06.376+0800][32.201s][info][gc,phases   ] GC(617)   Other: 0.1ms
[2025-07-30T16:38:06.376+0800][32.201s][info][gc,heap     ] GC(617) Eden regions: 1017->0(1019)
[2025-07-30T16:38:06.376+0800][32.201s][info][gc,heap     ] GC(617) Survivor regions: 146->145(146)
[2025-07-30T16:38:06.376+0800][32.201s][info][gc,heap     ] GC(617) Old regions: 561->561
[2025-07-30T16:38:06.376+0800][32.201s][info][gc,heap     ] GC(617) Humongous regions: 3->3
[2025-07-30T16:38:06.376+0800][32.201s][info][gc,metaspace] GC(617) Metaspace: 7183K(7488K)->7183K(7488K) NonClass: 6459K(6592K)->6459K(6592K) Class: 724K(896K)->724K(896K)
[2025-07-30T16:38:06.376+0800][32.201s][info][gc          ] GC(617) Pause Young (Normal) (G1 Evacuation Pause) 1726M->708M(2048M) 15.166ms
[2025-07-30T16:38:06.376+0800][32.201s][info][gc,cpu      ] GC(617) User=0.02s Sys=0.00s Real=0.02s
[2025-07-30T16:38:06.376+0800][32.201s][info][safepoint   ] Safepoint "G1CollectForAllocation", Time since last: 36702800 ns, Reaching safepoint: 2900 ns, Cleanup: 3000 ns, At safepoint: 15205600 ns, Total: 15211500 ns
[2025-07-30T16:38:06.413+0800][32.238s][info][gc,start    ] GC(618) Pause Young (Normal) (G1 Evacuation Pause)
[2025-07-30T16:38:06.413+0800][32.238s][info][gc,task     ] GC(618) Using 1 workers of 1 for evacuation
[2025-07-30T16:38:06.428+0800][32.253s][info][gc,phases   ] GC(618)   Pre Evacuate Collection Set: 0.3ms
[2025-07-30T16:38:06.428+0800][32.253s][info][gc,phases   ] GC(618)   Merge Heap Roots: 0.1ms
[2025-07-30T16:38:06.428+0800][32.253s][info][gc,phases   ] GC(618)   Evacuate Collection Set: 13.8ms
[2025-07-30T16:38:06.428+0800][32.253s][info][gc,phases   ] GC(618)   Post Evacuate Collection Set: 0.6ms
[2025-07-30T16:38:06.428+0800][32.253s][info][gc,phases   ] GC(618)   Other: 0.1ms
[2025-07-30T16:38:06.428+0800][32.253s][info][gc,heap     ] GC(618) Eden regions: 1019->0(1017)
[2025-07-30T16:38:06.428+0800][32.253s][info][gc,heap     ] GC(618) Survivor regions: 145->146(146)
[2025-07-30T16:38:06.428+0800][32.253s][info][gc,heap     ] GC(618) Old regions: 561->561
[2025-07-30T16:38:06.428+0800][32.253s][info][gc,heap     ] GC(618) Humongous regions: 3->3
[2025-07-30T16:38:06.428+0800][32.253s][info][gc,metaspace] GC(618) Metaspace: 7183K(7488K)->7183K(7488K) NonClass: 6459K(6592K)->6459K(6592K) Class: 724K(896K)->724K(896K)
[2025-07-30T16:38:06.428+0800][32.253s][info][gc          ] GC(618) Pause Young (Normal) (G1 Evacuation Pause) 1727M->709M(2048M) 15.078ms
[2025-07-30T16:38:06.428+0800][32.253s][info][gc,cpu      ] GC(618) User=0.02s Sys=0.00s Real=0.01s
[2025-07-30T16:38:06.428+0800][32.253s][info][safepoint   ] Safepoint "G1CollectForAllocation", Time since last: 37420700 ns, Reaching safepoint: 3000 ns, Cleanup: 3300 ns, At safepoint: 15122800 ns, Total: 15129100 ns
[2025-07-30T16:38:06.464+0800][32.290s][info][gc,start    ] GC(619) Pause Young (Normal) (G1 Evacuation Pause)
[2025-07-30T16:38:06.464+0800][32.290s][info][gc,task     ] GC(619) Using 1 workers of 1 for evacuation
[2025-07-30T16:38:06.479+0800][32.305s][info][gc,phases   ] GC(619)   Pre Evacuate Collection Set: 0.3ms
[2025-07-30T16:38:06.479+0800][32.305s][info][gc,phases   ] GC(619)   Merge Heap Roots: 0.0ms
[2025-07-30T16:38:06.479+0800][32.305s][info][gc,phases   ] GC(619)   Evacuate Collection Set: 13.8ms
[2025-07-30T16:38:06.479+0800][32.305s][info][gc,phases   ] GC(619)   Post Evacuate Collection Set: 0.6ms
[2025-07-30T16:38:06.479+0800][32.305s][info][gc,phases   ] GC(619)   Other: 0.1ms
[2025-07-30T16:38:06.479+0800][32.305s][info][gc,heap     ] GC(619) Eden regions: 1017->0(1019)
[2025-07-30T16:38:06.479+0800][32.305s][info][gc,heap     ] GC(619) Survivor regions: 146->145(146)
[2025-07-30T16:38:06.479+0800][32.305s][info][gc,heap     ] GC(619) Old regions: 561->561
[2025-07-30T16:38:06.479+0800][32.305s][info][gc,heap     ] GC(619) Humongous regions: 3->3
[2025-07-30T16:38:06.479+0800][32.305s][info][gc,metaspace] GC(619) Metaspace: 7183K(7488K)->7183K(7488K) NonClass: 6459K(6592K)->6459K(6592K) Class: 724K(896K)->724K(896K)
[2025-07-30T16:38:06.480+0800][32.305s][info][gc          ] GC(619) Pause Young (Normal) (G1 Evacuation Pause) 1726M->708M(2048M) 14.989ms
[2025-07-30T16:38:06.480+0800][32.305s][info][gc,cpu      ] GC(619) User=0.02s Sys=0.00s Real=0.02s
[2025-07-30T16:38:06.480+0800][32.305s][info][safepoint   ] Safepoint "G1CollectForAllocation", Time since last: 36337500 ns, Reaching safepoint: 2300 ns, Cleanup: 2800 ns, At safepoint: 15026300 ns, Total: 15031400 ns
[2025-07-30T16:38:06.516+0800][32.341s][info][gc,start    ] GC(620) Pause Young (Normal) (G1 Evacuation Pause)
[2025-07-30T16:38:06.516+0800][32.341s][info][gc,task     ] GC(620) Using 1 workers of 1 for evacuation
[2025-07-30T16:38:06.530+0800][32.356s][info][gc,phases   ] GC(620)   Pre Evacuate Collection Set: 0.3ms
[2025-07-30T16:38:06.530+0800][32.356s][info][gc,phases   ] GC(620)   Merge Heap Roots: 0.1ms
[2025-07-30T16:38:06.530+0800][32.356s][info][gc,phases   ] GC(620)   Evacuate Collection Set: 13.8ms
[2025-07-30T16:38:06.530+0800][32.356s][info][gc,phases   ] GC(620)   Post Evacuate Collection Set: 0.7ms
[2025-07-30T16:38:06.530+0800][32.356s][info][gc,phases   ] GC(620)   Other: 0.1ms
[2025-07-30T16:38:06.530+0800][32.356s][info][gc,heap     ] GC(620) Eden regions: 1019->0(1017)
[2025-07-30T16:38:06.530+0800][32.356s][info][gc,heap     ] GC(620) Survivor regions: 145->146(146)
[2025-07-30T16:38:06.530+0800][32.356s][info][gc,heap     ] GC(620) Old regions: 561->561
[2025-07-30T16:38:06.530+0800][32.356s][info][gc,heap     ] GC(620) Humongous regions: 3->3
[2025-07-30T16:38:06.530+0800][32.356s][info][gc,metaspace] GC(620) Metaspace: 7183K(7488K)->7183K(7488K) NonClass: 6459K(6592K)->6459K(6592K) Class: 724K(896K)->724K(896K)
[2025-07-30T16:38:06.530+0800][32.356s][info][gc          ] GC(620) Pause Young (Normal) (G1 Evacuation Pause) 1727M->709M(2048M) 15.202ms
[2025-07-30T16:38:06.530+0800][32.356s][info][gc,cpu      ] GC(620) User=0.02s Sys=0.00s Real=0.01s
[2025-07-30T16:38:06.530+0800][32.356s][info][safepoint   ] Safepoint "G1CollectForAllocation", Time since last: 36217900 ns, Reaching safepoint: 3300 ns, Cleanup: 4300 ns, At safepoint: 15243400 ns, Total: 15251000 ns
[2025-07-30T16:38:06.567+0800][32.392s][info][gc,start    ] GC(621) Pause Young (Normal) (G1 Evacuation Pause)
[2025-07-30T16:38:06.567+0800][32.393s][info][gc,task     ] GC(621) Using 1 workers of 1 for evacuation
[2025-07-30T16:38:06.582+0800][32.408s][info][gc,phases   ] GC(621)   Pre Evacuate Collection Set: 0.3ms
[2025-07-30T16:38:06.582+0800][32.408s][info][gc,phases   ] GC(621)   Merge Heap Roots: 0.0ms
[2025-07-30T16:38:06.582+0800][32.408s][info][gc,phases   ] GC(621)   Evacuate Collection Set: 14.0ms
[2025-07-30T16:38:06.582+0800][32.408s][info][gc,phases   ] GC(621)   Post Evacuate Collection Set: 0.6ms
[2025-07-30T16:38:06.582+0800][32.408s][info][gc,phases   ] GC(621)   Other: 0.1ms
[2025-07-30T16:38:06.582+0800][32.408s][info][gc,heap     ] GC(621) Eden regions: 1017->0(1017)
[2025-07-30T16:38:06.582+0800][32.408s][info][gc,heap     ] GC(621) Survivor regions: 146->146(146)
[2025-07-30T16:38:06.582+0800][32.408s][info][gc,heap     ] GC(621) Old regions: 561->561
[2025-07-30T16:38:06.582+0800][32.408s][info][gc,heap     ] GC(621) Humongous regions: 3->3
[2025-07-30T16:38:06.582+0800][32.408s][info][gc,metaspace] GC(621) Metaspace: 7183K(7488K)->7183K(7488K) NonClass: 6459K(6592K)->6459K(6592K) Class: 724K(896K)->724K(896K)
[2025-07-30T16:38:06.582+0800][32.408s][info][gc          ] GC(621) Pause Young (Normal) (G1 Evacuation Pause) 1726M->708M(2048M) 15.259ms
[2025-07-30T16:38:06.582+0800][32.408s][info][gc,cpu      ] GC(621) User=0.02s Sys=0.00s Real=0.02s
[2025-07-30T16:38:06.582+0800][32.408s][info][safepoint   ] Safepoint "G1CollectForAllocation", Time since last: 36303500 ns, Reaching safepoint: 2300 ns, Cleanup: 2600 ns, At safepoint: 15302200 ns, Total: 15307100 ns
[2025-07-30T16:38:06.619+0800][32.444s][info][gc,start    ] GC(622) Pause Young (Normal) (G1 Evacuation Pause)
[2025-07-30T16:38:06.619+0800][32.444s][info][gc,task     ] GC(622) Using 1 workers of 1 for evacuation
[2025-07-30T16:38:06.633+0800][32.459s][info][gc,phases   ] GC(622)   Pre Evacuate Collection Set: 0.3ms
[2025-07-30T16:38:06.633+0800][32.459s][info][gc,phases   ] GC(622)   Merge Heap Roots: 0.0ms
[2025-07-30T16:38:06.633+0800][32.459s][info][gc,phases   ] GC(622)   Evacuate Collection Set: 13.7ms
[2025-07-30T16:38:06.633+0800][32.459s][info][gc,phases   ] GC(622)   Post Evacuate Collection Set: 0.6ms
[2025-07-30T16:38:06.633+0800][32.459s][info][gc,phases   ] GC(622)   Other: 0.1ms
[2025-07-30T16:38:06.633+0800][32.459s][info][gc,heap     ] GC(622) Eden regions: 1017->0(1019)
[2025-07-30T16:38:06.633+0800][32.459s][info][gc,heap     ] GC(622) Survivor regions: 146->145(146)
[2025-07-30T16:38:06.633+0800][32.459s][info][gc,heap     ] GC(622) Old regions: 561->561
[2025-07-30T16:38:06.633+0800][32.459s][info][gc,heap     ] GC(622) Humongous regions: 3->3
[2025-07-30T16:38:06.633+0800][32.459s][info][gc,metaspace] GC(622) Metaspace: 7183K(7488K)->7183K(7488K) NonClass: 6459K(6592K)->6459K(6592K) Class: 724K(896K)->724K(896K)
[2025-07-30T16:38:06.633+0800][32.459s][info][gc          ] GC(622) Pause Young (Normal) (G1 Evacuation Pause) 1725M->707M(2048M) 14.915ms
[2025-07-30T16:38:06.633+0800][32.459s][info][gc,cpu      ] GC(622) User=0.02s Sys=0.00s Real=0.01s
[2025-07-30T16:38:06.634+0800][32.459s][info][safepoint   ] Safepoint "G1CollectForAllocation", Time since last: 36254200 ns, Reaching safepoint: 1900 ns, Cleanup: 2600 ns, At safepoint: 14957100 ns, Total: 14961600 ns
[2025-07-30T16:38:06.670+0800][32.496s][info][gc,start    ] GC(623) Pause Young (Normal) (G1 Evacuation Pause)
[2025-07-30T16:38:06.670+0800][32.496s][info][gc,task     ] GC(623) Using 1 workers of 1 for evacuation
[2025-07-30T16:38:06.686+0800][32.511s][info][gc,phases   ] GC(623)   Pre Evacuate Collection Set: 0.4ms
[2025-07-30T16:38:06.686+0800][32.511s][info][gc,phases   ] GC(623)   Merge Heap Roots: 0.1ms
[2025-07-30T16:38:06.686+0800][32.511s][info][gc,phases   ] GC(623)   Evacuate Collection Set: 14.1ms
[2025-07-30T16:38:06.686+0800][32.511s][info][gc,phases   ] GC(623)   Post Evacuate Collection Set: 0.6ms
[2025-07-30T16:38:06.686+0800][32.511s][info][gc,phases   ] GC(623)   Other: 0.1ms
[2025-07-30T16:38:06.686+0800][32.511s][info][gc,heap     ] GC(623) Eden regions: 1019->0(1018)
[2025-07-30T16:38:06.686+0800][32.511s][info][gc,heap     ] GC(623) Survivor regions: 145->146(146)
[2025-07-30T16:38:06.686+0800][32.511s][info][gc,heap     ] GC(623) Old regions: 561->561
[2025-07-30T16:38:06.686+0800][32.511s][info][gc,heap     ] GC(623) Humongous regions: 3->3
[2025-07-30T16:38:06.686+0800][32.511s][info][gc,metaspace] GC(623) Metaspace: 7183K(7488K)->7183K(7488K) NonClass: 6459K(6592K)->6459K(6592K) Class: 724K(896K)->724K(896K)
[2025-07-30T16:38:06.686+0800][32.511s][info][gc          ] GC(623) Pause Young (Normal) (G1 Evacuation Pause) 1726M->708M(2048M) 15.488ms
[2025-07-30T16:38:06.686+0800][32.511s][info][gc,cpu      ] GC(623) User=0.02s Sys=0.00s Real=0.02s
[2025-07-30T16:38:06.686+0800][32.511s][info][safepoint   ] Safepoint "G1CollectForAllocation", Time since last: 36612700 ns, Reaching safepoint: 2600 ns, Cleanup: 3300 ns, At safepoint: 15527900 ns, Total: 15533800 ns
[2025-07-30T16:38:06.722+0800][32.547s][info][gc,start    ] GC(624) Pause Young (Normal) (G1 Evacuation Pause)
[2025-07-30T16:38:06.722+0800][32.547s][info][gc,task     ] GC(624) Using 1 workers of 1 for evacuation
[2025-07-30T16:38:06.737+0800][32.563s][info][gc,phases   ] GC(624)   Pre Evacuate Collection Set: 0.4ms
[2025-07-30T16:38:06.737+0800][32.563s][info][gc,phases   ] GC(624)   Merge Heap Roots: 0.1ms
[2025-07-30T16:38:06.737+0800][32.563s][info][gc,phases   ] GC(624)   Evacuate Collection Set: 14.2ms
[2025-07-30T16:38:06.737+0800][32.563s][info][gc,phases   ] GC(624)   Post Evacuate Collection Set: 0.6ms
[2025-07-30T16:38:06.737+0800][32.563s][info][gc,phases   ] GC(624)   Other: 0.1ms
[2025-07-30T16:38:06.737+0800][32.563s][info][gc,heap     ] GC(624) Eden regions: 1018->0(1018)
[2025-07-30T16:38:06.737+0800][32.563s][info][gc,heap     ] GC(624) Survivor regions: 146->146(146)
[2025-07-30T16:38:06.737+0800][32.563s][info][gc,heap     ] GC(624) Old regions: 561->561
[2025-07-30T16:38:06.737+0800][32.563s][info][gc,heap     ] GC(624) Humongous regions: 3->3
[2025-07-30T16:38:06.737+0800][32.563s][info][gc,metaspace] GC(624) Metaspace: 7183K(7488K)->7183K(7488K) NonClass: 6459K(6592K)->6459K(6592K) Class: 724K(896K)->724K(896K)
[2025-07-30T16:38:06.737+0800][32.563s][info][gc          ] GC(624) Pause Young (Normal) (G1 Evacuation Pause) 1726M->708M(2048M) 15.517ms
[2025-07-30T16:38:06.737+0800][32.563s][info][gc,cpu      ] GC(624) User=0.02s Sys=0.00s Real=0.02s
[2025-07-30T16:38:06.737+0800][32.563s][info][safepoint   ] Safepoint "G1CollectForAllocation", Time since last: 36260800 ns, Reaching safepoint: 2000 ns, Cleanup: 3000 ns, At safepoint: 15554900 ns, Total: 15559900 ns
[2025-07-30T16:38:06.775+0800][32.600s][info][gc,start    ] GC(625) Pause Young (Normal) (G1 Evacuation Pause)
[2025-07-30T16:38:06.775+0800][32.600s][info][gc,task     ] GC(625) Using 1 workers of 1 for evacuation
[2025-07-30T16:38:06.790+0800][32.615s][info][gc,phases   ] GC(625)   Pre Evacuate Collection Set: 0.3ms
[2025-07-30T16:38:06.790+0800][32.615s][info][gc,phases   ] GC(625)   Merge Heap Roots: 0.0ms
[2025-07-30T16:38:06.790+0800][32.615s][info][gc,phases   ] GC(625)   Evacuate Collection Set: 14.0ms
[2025-07-30T16:38:06.790+0800][32.615s][info][gc,phases   ] GC(625)   Post Evacuate Collection Set: 0.6ms
[2025-07-30T16:38:06.790+0800][32.615s][info][gc,phases   ] GC(625)   Other: 0.1ms
[2025-07-30T16:38:06.790+0800][32.615s][info][gc,heap     ] GC(625) Eden regions: 1018->0(1017)
[2025-07-30T16:38:06.790+0800][32.615s][info][gc,heap     ] GC(625) Survivor regions: 146->146(146)
[2025-07-30T16:38:06.790+0800][32.615s][info][gc,heap     ] GC(625) Old regions: 561->561
[2025-07-30T16:38:06.790+0800][32.615s][info][gc,heap     ] GC(625) Humongous regions: 3->3
[2025-07-30T16:38:06.790+0800][32.615s][info][gc,metaspace] GC(625) Metaspace: 7183K(7488K)->7183K(7488K) NonClass: 6459K(6592K)->6459K(6592K) Class: 724K(896K)->724K(896K)
[2025-07-30T16:38:06.790+0800][32.615s][info][gc          ] GC(625) Pause Young (Normal) (G1 Evacuation Pause) 1726M->709M(2048M) 15.305ms
[2025-07-30T16:38:06.790+0800][32.615s][info][gc,cpu      ] GC(625) User=0.02s Sys=0.00s Real=0.01s
[2025-07-30T16:38:06.790+0800][32.615s][info][safepoint   ] Safepoint "G1CollectForAllocation", Time since last: 37114700 ns, Reaching safepoint: 2000 ns, Cleanup: 3300 ns, At safepoint: 15345500 ns, Total: 15350800 ns
[2025-07-30T16:38:06.827+0800][32.652s][info][gc,start    ] GC(626) Pause Young (Normal) (G1 Evacuation Pause)
[2025-07-30T16:38:06.827+0800][32.652s][info][gc,task     ] GC(626) Using 1 workers of 1 for evacuation
[2025-07-30T16:38:06.842+0800][32.667s][info][gc,phases   ] GC(626)   Pre Evacuate Collection Set: 0.4ms
[2025-07-30T16:38:06.842+0800][32.667s][info][gc,phases   ] GC(626)   Merge Heap Roots: 0.1ms
[2025-07-30T16:38:06.842+0800][32.668s][info][gc,phases   ] GC(626)   Evacuate Collection Set: 13.9ms
[2025-07-30T16:38:06.842+0800][32.668s][info][gc,phases   ] GC(626)   Post Evacuate Collection Set: 0.7ms
[2025-07-30T16:38:06.842+0800][32.668s][info][gc,phases   ] GC(626)   Other: 0.1ms
[2025-07-30T16:38:06.842+0800][32.668s][info][gc,heap     ] GC(626) Eden regions: 1017->0(1019)
[2025-07-30T16:38:06.842+0800][32.668s][info][gc,heap     ] GC(626) Survivor regions: 146->145(146)
[2025-07-30T16:38:06.842+0800][32.668s][info][gc,heap     ] GC(626) Old regions: 561->561
[2025-07-30T16:38:06.842+0800][32.668s][info][gc,heap     ] GC(626) Humongous regions: 3->3
[2025-07-30T16:38:06.842+0800][32.668s][info][gc,metaspace] GC(626) Metaspace: 7183K(7488K)->7183K(7488K) NonClass: 6459K(6592K)->6459K(6592K) Class: 724K(896K)->724K(896K)
[2025-07-30T16:38:06.842+0800][32.668s][info][gc          ] GC(626) Pause Young (Normal) (G1 Evacuation Pause) 1726M->708M(2048M) 15.424ms
[2025-07-30T16:38:06.842+0800][32.668s][info][gc,cpu      ] GC(626) User=0.02s Sys=0.00s Real=0.02s
[2025-07-30T16:38:06.842+0800][32.668s][info][safepoint   ] Safepoint "G1CollectForAllocation", Time since last: 36734500 ns, Reaching safepoint: 3900 ns, Cleanup: 4600 ns, At safepoint: 15470200 ns, Total: 15478700 ns
[2025-07-30T16:38:06.878+0800][32.704s][info][gc,start    ] GC(627) Pause Young (Normal) (G1 Evacuation Pause)
[2025-07-30T16:38:06.878+0800][32.704s][info][gc,task     ] GC(627) Using 1 workers of 1 for evacuation
[2025-07-30T16:38:06.894+0800][32.719s][info][gc,phases   ] GC(627)   Pre Evacuate Collection Set: 0.4ms
[2025-07-30T16:38:06.894+0800][32.719s][info][gc,phases   ] GC(627)   Merge Heap Roots: 0.0ms
[2025-07-30T16:38:06.894+0800][32.719s][info][gc,phases   ] GC(627)   Evacuate Collection Set: 13.9ms
[2025-07-30T16:38:06.894+0800][32.719s][info][gc,phases   ] GC(627)   Post Evacuate Collection Set: 0.6ms
[2025-07-30T16:38:06.894+0800][32.719s][info][gc,phases   ] GC(627)   Other: 0.1ms
[2025-07-30T16:38:06.894+0800][32.719s][info][gc,heap     ] GC(627) Eden regions: 1019->0(1017)
[2025-07-30T16:38:06.894+0800][32.719s][info][gc,heap     ] GC(627) Survivor regions: 145->146(146)
[2025-07-30T16:38:06.894+0800][32.719s][info][gc,heap     ] GC(627) Old regions: 561->561
[2025-07-30T16:38:06.894+0800][32.719s][info][gc,heap     ] GC(627) Humongous regions: 3->3
[2025-07-30T16:38:06.894+0800][32.719s][info][gc,metaspace] GC(627) Metaspace: 7183K(7488K)->7183K(7488K) NonClass: 6459K(6592K)->6459K(6592K) Class: 724K(896K)->724K(896K)
[2025-07-30T16:38:06.894+0800][32.719s][info][gc          ] GC(627) Pause Young (Normal) (G1 Evacuation Pause) 1727M->709M(2048M) 15.244ms
[2025-07-30T16:38:06.894+0800][32.719s][info][gc,cpu      ] GC(627) User=0.02s Sys=0.00s Real=0.02s
[2025-07-30T16:38:06.894+0800][32.719s][info][safepoint   ] Safepoint "G1CollectForAllocation", Time since last: 36244500 ns, Reaching safepoint: 2500 ns, Cleanup: 2700 ns, At safepoint: 15284700 ns, Total: 15289900 ns
[2025-07-30T16:38:06.930+0800][32.756s][info][gc,start    ] GC(628) Pause Young (Normal) (G1 Evacuation Pause)
[2025-07-30T16:38:06.930+0800][32.756s][info][gc,task     ] GC(628) Using 1 workers of 1 for evacuation
[2025-07-30T16:38:06.945+0800][32.771s][info][gc,phases   ] GC(628)   Pre Evacuate Collection Set: 0.4ms
[2025-07-30T16:38:06.945+0800][32.771s][info][gc,phases   ] GC(628)   Merge Heap Roots: 0.1ms
[2025-07-30T16:38:06.945+0800][32.771s][info][gc,phases   ] GC(628)   Evacuate Collection Set: 13.8ms
[2025-07-30T16:38:06.945+0800][32.771s][info][gc,phases   ] GC(628)   Post Evacuate Collection Set: 0.7ms
[2025-07-30T16:38:06.945+0800][32.771s][info][gc,phases   ] GC(628)   Other: 0.1ms
[2025-07-30T16:38:06.945+0800][32.771s][info][gc,heap     ] GC(628) Eden regions: 1017->0(1019)
[2025-07-30T16:38:06.945+0800][32.771s][info][gc,heap     ] GC(628) Survivor regions: 146->145(146)
[2025-07-30T16:38:06.945+0800][32.771s][info][gc,heap     ] GC(628) Old regions: 561->561
[2025-07-30T16:38:06.946+0800][32.771s][info][gc,heap     ] GC(628) Humongous regions: 3->3
[2025-07-30T16:38:06.946+0800][32.771s][info][gc,metaspace] GC(628) Metaspace: 7183K(7488K)->7183K(7488K) NonClass: 6459K(6592K)->6459K(6592K) Class: 724K(896K)->724K(896K)
[2025-07-30T16:38:06.946+0800][32.771s][info][gc          ] GC(628) Pause Young (Normal) (G1 Evacuation Pause) 1726M->708M(2048M) 15.207ms
[2025-07-30T16:38:06.946+0800][32.771s][info][gc,cpu      ] GC(628) User=0.02s Sys=0.00s Real=0.02s
[2025-07-30T16:38:06.946+0800][32.771s][info][safepoint   ] Safepoint "G1CollectForAllocation", Time since last: 37052000 ns, Reaching safepoint: 3300 ns, Cleanup: 3700 ns, At safepoint: 15249600 ns, Total: 15256600 ns
[2025-07-30T16:38:06.984+0800][32.809s][info][gc,start    ] GC(629) Pause Young (Normal) (G1 Evacuation Pause)
[2025-07-30T16:38:06.984+0800][32.810s][info][gc,task     ] GC(629) Using 1 workers of 1 for evacuation
[2025-07-30T16:38:07.001+0800][32.826s][info][gc,phases   ] GC(629)   Pre Evacuate Collection Set: 0.4ms
[2025-07-30T16:38:07.001+0800][32.826s][info][gc,phases   ] GC(629)   Merge Heap Roots: 0.1ms
[2025-07-30T16:38:07.001+0800][32.826s][info][gc,phases   ] GC(629)   Evacuate Collection Set: 15.5ms
[2025-07-30T16:38:07.001+0800][32.826s][info][gc,phases   ] GC(629)   Post Evacuate Collection Set: 0.7ms
[2025-07-30T16:38:07.001+0800][32.826s][info][gc,phases   ] GC(629)   Other: 0.1ms
[2025-07-30T16:38:07.001+0800][32.826s][info][gc,heap     ] GC(629) Eden regions: 1019->0(1017)
[2025-07-30T16:38:07.001+0800][32.826s][info][gc,heap     ] GC(629) Survivor regions: 145->146(146)
[2025-07-30T16:38:07.001+0800][32.826s][info][gc,heap     ] GC(629) Old regions: 561->561
[2025-07-30T16:38:07.001+0800][32.826s][info][gc,heap     ] GC(629) Humongous regions: 3->3
[2025-07-30T16:38:07.001+0800][32.826s][info][gc,metaspace] GC(629) Metaspace: 7183K(7488K)->7183K(7488K) NonClass: 6459K(6592K)->6459K(6592K) Class: 724K(896K)->724K(896K)
[2025-07-30T16:38:07.001+0800][32.826s][info][gc          ] GC(629) Pause Young (Normal) (G1 Evacuation Pause) 1727M->709M(2048M) 16.982ms
[2025-07-30T16:38:07.001+0800][32.826s][info][gc,cpu      ] GC(629) User=0.03s Sys=0.02s Real=0.02s
[2025-07-30T16:38:07.001+0800][32.826s][info][safepoint   ] Safepoint "G1CollectForAllocation", Time since last: 37959700 ns, Reaching safepoint: 3100 ns, Cleanup: 3800 ns, At safepoint: 17022400 ns, Total: 17029300 ns
[2025-07-30T16:38:07.039+0800][32.864s][info][gc,start    ] GC(630) Pause Young (Normal) (G1 Evacuation Pause)
[2025-07-30T16:38:07.039+0800][32.864s][info][gc,task     ] GC(630) Using 1 workers of 1 for evacuation
[2025-07-30T16:38:07.053+0800][32.879s][info][gc,phases   ] GC(630)   Pre Evacuate Collection Set: 0.4ms
[2025-07-30T16:38:07.053+0800][32.879s][info][gc,phases   ] GC(630)   Merge Heap Roots: 0.1ms
[2025-07-30T16:38:07.053+0800][32.879s][info][gc,phases   ] GC(630)   Evacuate Collection Set: 14.1ms
[2025-07-30T16:38:07.053+0800][32.879s][info][gc,phases   ] GC(630)   Post Evacuate Collection Set: 0.7ms
[2025-07-30T16:38:07.053+0800][32.879s][info][gc,phases   ] GC(630)   Other: 0.1ms
[2025-07-30T16:38:07.053+0800][32.879s][info][gc,heap     ] GC(630) Eden regions: 1017->0(1017)
[2025-07-30T16:38:07.053+0800][32.879s][info][gc,heap     ] GC(630) Survivor regions: 146->146(146)
[2025-07-30T16:38:07.053+0800][32.879s][info][gc,heap     ] GC(630) Old regions: 561->561
[2025-07-30T16:38:07.053+0800][32.879s][info][gc,heap     ] GC(630) Humongous regions: 3->3
[2025-07-30T16:38:07.054+0800][32.879s][info][gc,metaspace] GC(630) Metaspace: 7183K(7488K)->7183K(7488K) NonClass: 6459K(6592K)->6459K(6592K) Class: 724K(896K)->724K(896K)
[2025-07-30T16:38:07.054+0800][32.879s][info][gc          ] GC(630) Pause Young (Normal) (G1 Evacuation Pause) 1726M->708M(2048M) 15.547ms
[2025-07-30T16:38:07.054+0800][32.879s][info][gc,cpu      ] GC(630) User=0.02s Sys=0.00s Real=0.01s
[2025-07-30T16:38:07.054+0800][32.879s][info][safepoint   ] Safepoint "G1CollectForAllocation", Time since last: 37374800 ns, Reaching safepoint: 2700 ns, Cleanup: 3200 ns, At safepoint: 15587900 ns, Total: 15593800 ns
[2025-07-30T16:38:07.093+0800][32.918s][info][gc,start    ] GC(631) Pause Young (Normal) (G1 Evacuation Pause)
[2025-07-30T16:38:07.093+0800][32.918s][info][gc,task     ] GC(631) Using 1 workers of 1 for evacuation
[2025-07-30T16:38:07.107+0800][32.933s][info][gc,phases   ] GC(631)   Pre Evacuate Collection Set: 0.5ms
[2025-07-30T16:38:07.107+0800][32.933s][info][gc,phases   ] GC(631)   Merge Heap Roots: 0.1ms
[2025-07-30T16:38:07.107+0800][32.933s][info][gc,phases   ] GC(631)   Evacuate Collection Set: 13.7ms
[2025-07-30T16:38:07.107+0800][32.933s][info][gc,phases   ] GC(631)   Post Evacuate Collection Set: 0.7ms
[2025-07-30T16:38:07.107+0800][32.933s][info][gc,phases   ] GC(631)   Other: 0.1ms
[2025-07-30T16:38:07.107+0800][32.933s][info][gc,heap     ] GC(631) Eden regions: 1017->0(1019)
[2025-07-30T16:38:07.108+0800][32.933s][info][gc,heap     ] GC(631) Survivor regions: 146->145(146)
[2025-07-30T16:38:07.108+0800][32.933s][info][gc,heap     ] GC(631) Old regions: 561->561
[2025-07-30T16:38:07.108+0800][32.933s][info][gc,heap     ] GC(631) Humongous regions: 3->3
[2025-07-30T16:38:07.108+0800][32.933s][info][gc,metaspace] GC(631) Metaspace: 7183K(7488K)->7183K(7488K) NonClass: 6459K(6592K)->6459K(6592K) Class: 724K(896K)->724K(896K)
[2025-07-30T16:38:07.108+0800][32.933s][info][gc          ] GC(631) Pause Young (Normal) (G1 Evacuation Pause) 1725M->707M(2048M) 15.238ms
[2025-07-30T16:38:07.108+0800][32.933s][info][gc,cpu      ] GC(631) User=0.02s Sys=0.00s Real=0.02s
[2025-07-30T16:38:07.108+0800][32.933s][info][safepoint   ] Safepoint "G1CollectForAllocation", Time since last: 38361500 ns, Reaching safepoint: 4000 ns, Cleanup: 4700 ns, At safepoint: 15284200 ns, Total: 15292900 ns
[2025-07-30T16:38:07.146+0800][32.971s][info][gc,start    ] GC(632) Pause Young (Normal) (G1 Evacuation Pause)
[2025-07-30T16:38:07.146+0800][32.971s][info][gc,task     ] GC(632) Using 1 workers of 1 for evacuation
[2025-07-30T16:38:07.161+0800][32.986s][info][gc,phases   ] GC(632)   Pre Evacuate Collection Set: 0.4ms
[2025-07-30T16:38:07.161+0800][32.986s][info][gc,phases   ] GC(632)   Merge Heap Roots: 0.1ms
[2025-07-30T16:38:07.161+0800][32.986s][info][gc,phases   ] GC(632)   Evacuate Collection Set: 14.0ms
[2025-07-30T16:38:07.161+0800][32.986s][info][gc,phases   ] GC(632)   Post Evacuate Collection Set: 0.6ms
[2025-07-30T16:38:07.161+0800][32.986s][info][gc,phases   ] GC(632)   Other: 0.1ms
[2025-07-30T16:38:07.161+0800][32.986s][info][gc,heap     ] GC(632) Eden regions: 1019->0(1018)
[2025-07-30T16:38:07.161+0800][32.986s][info][gc,heap     ] GC(632) Survivor regions: 145->146(146)
[2025-07-30T16:38:07.161+0800][32.986s][info][gc,heap     ] GC(632) Old regions: 561->561
[2025-07-30T16:38:07.161+0800][32.986s][info][gc,heap     ] GC(632) Humongous regions: 3->3
[2025-07-30T16:38:07.161+0800][32.986s][info][gc,metaspace] GC(632) Metaspace: 7183K(7488K)->7183K(7488K) NonClass: 6459K(6592K)->6459K(6592K) Class: 724K(896K)->724K(896K)
[2025-07-30T16:38:07.161+0800][32.986s][info][gc          ] GC(632) Pause Young (Normal) (G1 Evacuation Pause) 1726M->708M(2048M) 15.289ms
[2025-07-30T16:38:07.161+0800][32.986s][info][gc,cpu      ] GC(632) User=0.02s Sys=0.00s Real=0.02s
[2025-07-30T16:38:07.161+0800][32.986s][info][safepoint   ] Safepoint "G1CollectForAllocation", Time since last: 38004300 ns, Reaching safepoint: 2700 ns, Cleanup: 2800 ns, At safepoint: 15330400 ns, Total: 15335900 ns
[2025-07-30T16:38:07.197+0800][33.023s][info][gc,start    ] GC(633) Pause Young (Normal) (G1 Evacuation Pause)
[2025-07-30T16:38:07.197+0800][33.023s][info][gc,task     ] GC(633) Using 1 workers of 1 for evacuation
[2025-07-30T16:38:07.213+0800][33.038s][info][gc,phases   ] GC(633)   Pre Evacuate Collection Set: 0.4ms
[2025-07-30T16:38:07.213+0800][33.038s][info][gc,phases   ] GC(633)   Merge Heap Roots: 0.1ms
[2025-07-30T16:38:07.213+0800][33.038s][info][gc,phases   ] GC(633)   Evacuate Collection Set: 14.1ms
[2025-07-30T16:38:07.213+0800][33.038s][info][gc,phases   ] GC(633)   Post Evacuate Collection Set: 0.7ms
[2025-07-30T16:38:07.213+0800][33.038s][info][gc,phases   ] GC(633)   Other: 0.1ms
[2025-07-30T16:38:07.213+0800][33.038s][info][gc,heap     ] GC(633) Eden regions: 1018->0(1018)
[2025-07-30T16:38:07.213+0800][33.038s][info][gc,heap     ] GC(633) Survivor regions: 146->146(146)
[2025-07-30T16:38:07.213+0800][33.038s][info][gc,heap     ] GC(633) Old regions: 561->561
[2025-07-30T16:38:07.213+0800][33.038s][info][gc,heap     ] GC(633) Humongous regions: 3->3
[2025-07-30T16:38:07.213+0800][33.038s][info][gc,metaspace] GC(633) Metaspace: 7183K(7488K)->7183K(7488K) NonClass: 6459K(6592K)->6459K(6592K) Class: 724K(896K)->724K(896K)
[2025-07-30T16:38:07.213+0800][33.038s][info][gc          ] GC(633) Pause Young (Normal) (G1 Evacuation Pause) 1726M->708M(2048M) 15.580ms
[2025-07-30T16:38:07.213+0800][33.038s][info][gc,cpu      ] GC(633) User=0.02s Sys=0.00s Real=0.02s
[2025-07-30T16:38:07.213+0800][33.038s][info][safepoint   ] Safepoint "G1CollectForAllocation", Time since last: 36400400 ns, Reaching safepoint: 3800 ns, Cleanup: 4900 ns, At safepoint: 15624700 ns, Total: 15633400 ns
[2025-07-30T16:38:07.249+0800][33.075s][info][gc,start    ] GC(634) Pause Young (Normal) (G1 Evacuation Pause)
[2025-07-30T16:38:07.249+0800][33.075s][info][gc,task     ] GC(634) Using 1 workers of 1 for evacuation
[2025-07-30T16:38:07.264+0800][33.090s][info][gc,phases   ] GC(634)   Pre Evacuate Collection Set: 0.4ms
[2025-07-30T16:38:07.264+0800][33.090s][info][gc,phases   ] GC(634)   Merge Heap Roots: 0.1ms
[2025-07-30T16:38:07.264+0800][33.090s][info][gc,phases   ] GC(634)   Evacuate Collection Set: 13.7ms
[2025-07-30T16:38:07.264+0800][33.090s][info][gc,phases   ] GC(634)   Post Evacuate Collection Set: 0.7ms
[2025-07-30T16:38:07.264+0800][33.090s][info][gc,phases   ] GC(634)   Other: 0.1ms
[2025-07-30T16:38:07.264+0800][33.090s][info][gc,heap     ] GC(634) Eden regions: 1018->0(1018)
[2025-07-30T16:38:07.264+0800][33.090s][info][gc,heap     ] GC(634) Survivor regions: 146->146(146)
[2025-07-30T16:38:07.264+0800][33.090s][info][gc,heap     ] GC(634) Old regions: 561->561
[2025-07-30T16:38:07.264+0800][33.090s][info][gc,heap     ] GC(634) Humongous regions: 3->3
[2025-07-30T16:38:07.264+0800][33.090s][info][gc,metaspace] GC(634) Metaspace: 7183K(7488K)->7183K(7488K) NonClass: 6459K(6592K)->6459K(6592K) Class: 724K(896K)->724K(896K)
[2025-07-30T16:38:07.264+0800][33.090s][info][gc          ] GC(634) Pause Young (Normal) (G1 Evacuation Pause) 1726M->708M(2048M) 15.162ms
[2025-07-30T16:38:07.264+0800][33.090s][info][gc,cpu      ] GC(634) User=0.02s Sys=0.00s Real=0.01s
[2025-07-30T16:38:07.264+0800][33.090s][info][safepoint   ] Safepoint "G1CollectForAllocation", Time since last: 36360500 ns, Reaching safepoint: 2500 ns, Cleanup: 3000 ns, At safepoint: 15203400 ns, Total: 15208900 ns
[2025-07-30T16:38:07.302+0800][33.127s][info][gc,start    ] GC(635) Pause Young (Normal) (G1 Evacuation Pause)
[2025-07-30T16:38:07.302+0800][33.127s][info][gc,task     ] GC(635) Using 1 workers of 1 for evacuation
[2025-07-30T16:38:07.316+0800][33.142s][info][gc,phases   ] GC(635)   Pre Evacuate Collection Set: 0.3ms
[2025-07-30T16:38:07.316+0800][33.142s][info][gc,phases   ] GC(635)   Merge Heap Roots: 0.1ms
[2025-07-30T16:38:07.316+0800][33.142s][info][gc,phases   ] GC(635)   Evacuate Collection Set: 13.7ms
[2025-07-30T16:38:07.316+0800][33.142s][info][gc,phases   ] GC(635)   Post Evacuate Collection Set: 0.7ms
[2025-07-30T16:38:07.316+0800][33.142s][info][gc,phases   ] GC(635)   Other: 0.1ms
[2025-07-30T16:38:07.316+0800][33.142s][info][gc,heap     ] GC(635) Eden regions: 1018->0(1017)
[2025-07-30T16:38:07.316+0800][33.142s][info][gc,heap     ] GC(635) Survivor regions: 146->146(146)
[2025-07-30T16:38:07.316+0800][33.142s][info][gc,heap     ] GC(635) Old regions: 561->561
[2025-07-30T16:38:07.316+0800][33.142s][info][gc,heap     ] GC(635) Humongous regions: 3->3
[2025-07-30T16:38:07.316+0800][33.142s][info][gc,metaspace] GC(635) Metaspace: 7183K(7488K)->7183K(7488K) NonClass: 6459K(6592K)->6459K(6592K) Class: 724K(896K)->724K(896K)
[2025-07-30T16:38:07.316+0800][33.142s][info][gc          ] GC(635) Pause Young (Normal) (G1 Evacuation Pause) 1726M->709M(2048M) 15.057ms
[2025-07-30T16:38:07.316+0800][33.142s][info][gc,cpu      ] GC(635) User=0.02s Sys=0.00s Real=0.01s
[2025-07-30T16:38:07.316+0800][33.142s][info][safepoint   ] Safepoint "G1CollectForAllocation", Time since last: 36761600 ns, Reaching safepoint: 3000 ns, Cleanup: 2800 ns, At safepoint: 15098100 ns, Total: 15103900 ns
[2025-07-30T16:38:07.353+0800][33.178s][info][gc,start    ] GC(636) Pause Young (Normal) (G1 Evacuation Pause)
[2025-07-30T16:38:07.353+0800][33.178s][info][gc,task     ] GC(636) Using 1 workers of 1 for evacuation
[2025-07-30T16:38:07.368+0800][33.193s][info][gc,phases   ] GC(636)   Pre Evacuate Collection Set: 0.3ms
[2025-07-30T16:38:07.368+0800][33.193s][info][gc,phases   ] GC(636)   Merge Heap Roots: 0.0ms
[2025-07-30T16:38:07.368+0800][33.193s][info][gc,phases   ] GC(636)   Evacuate Collection Set: 13.9ms
[2025-07-30T16:38:07.368+0800][33.193s][info][gc,phases   ] GC(636)   Post Evacuate Collection Set: 0.6ms
[2025-07-30T16:38:07.368+0800][33.193s][info][gc,phases   ] GC(636)   Other: 0.1ms
[2025-07-30T16:38:07.368+0800][33.193s][info][gc,heap     ] GC(636) Eden regions: 1017->0(1019)
[2025-07-30T16:38:07.368+0800][33.193s][info][gc,heap     ] GC(636) Survivor regions: 146->145(146)
[2025-07-30T16:38:07.368+0800][33.193s][info][gc,heap     ] GC(636) Old regions: 561->561
[2025-07-30T16:38:07.368+0800][33.193s][info][gc,heap     ] GC(636) Humongous regions: 3->3
[2025-07-30T16:38:07.368+0800][33.193s][info][gc,metaspace] GC(636) Metaspace: 7183K(7488K)->7183K(7488K) NonClass: 6459K(6592K)->6459K(6592K) Class: 724K(896K)->724K(896K)
[2025-07-30T16:38:07.368+0800][33.193s][info][gc          ] GC(636) Pause Young (Normal) (G1 Evacuation Pause) 1726M->708M(2048M) 15.093ms
[2025-07-30T16:38:07.368+0800][33.193s][info][gc,cpu      ] GC(636) User=0.02s Sys=0.00s Real=0.02s
[2025-07-30T16:38:07.368+0800][33.193s][info][safepoint   ] Safepoint "G1CollectForAllocation", Time since last: 36260600 ns, Reaching safepoint: 2200 ns, Cleanup: 2700 ns, At safepoint: 15131100 ns, Total: 15136000 ns
[2025-07-30T16:38:07.405+0800][33.230s][info][gc,start    ] GC(637) Pause Young (Normal) (G1 Evacuation Pause)
[2025-07-30T16:38:07.405+0800][33.230s][info][gc,task     ] GC(637) Using 1 workers of 1 for evacuation
[2025-07-30T16:38:07.420+0800][33.246s][info][gc,phases   ] GC(637)   Pre Evacuate Collection Set: 0.4ms
[2025-07-30T16:38:07.420+0800][33.246s][info][gc,phases   ] GC(637)   Merge Heap Roots: 0.1ms
[2025-07-30T16:38:07.420+0800][33.246s][info][gc,phases   ] GC(637)   Evacuate Collection Set: 14.1ms
[2025-07-30T16:38:07.420+0800][33.246s][info][gc,phases   ] GC(637)   Post Evacuate Collection Set: 0.7ms
[2025-07-30T16:38:07.420+0800][33.246s][info][gc,phases   ] GC(637)   Other: 0.1ms
[2025-07-30T16:38:07.420+0800][33.246s][info][gc,heap     ] GC(637) Eden regions: 1019->0(1017)
[2025-07-30T16:38:07.420+0800][33.246s][info][gc,heap     ] GC(637) Survivor regions: 145->146(146)
[2025-07-30T16:38:07.420+0800][33.246s][info][gc,heap     ] GC(637) Old regions: 561->561
[2025-07-30T16:38:07.420+0800][33.246s][info][gc,heap     ] GC(637) Humongous regions: 3->3
[2025-07-30T16:38:07.420+0800][33.246s][info][gc,metaspace] GC(637) Metaspace: 7183K(7488K)->7183K(7488K) NonClass: 6459K(6592K)->6459K(6592K) Class: 724K(896K)->724K(896K)
[2025-07-30T16:38:07.420+0800][33.246s][info][gc          ] GC(637) Pause Young (Normal) (G1 Evacuation Pause) 1727M->709M(2048M) 15.500ms
[2025-07-30T16:38:07.420+0800][33.246s][info][gc,cpu      ] GC(637) User=0.02s Sys=0.00s Real=0.02s
[2025-07-30T16:38:07.420+0800][33.246s][info][safepoint   ] Safepoint "G1CollectForAllocation", Time since last: 36946000 ns, Reaching safepoint: 4300 ns, Cleanup: 5900 ns, At safepoint: 15547400 ns, Total: 15557600 ns
[2025-07-30T16:38:07.458+0800][33.283s][info][gc,start    ] GC(638) Pause Young (Normal) (G1 Evacuation Pause)
[2025-07-30T16:38:07.458+0800][33.283s][info][gc,task     ] GC(638) Using 1 workers of 1 for evacuation
[2025-07-30T16:38:07.473+0800][33.298s][info][gc,phases   ] GC(638)   Pre Evacuate Collection Set: 0.5ms
[2025-07-30T16:38:07.473+0800][33.298s][info][gc,phases   ] GC(638)   Merge Heap Roots: 0.1ms
[2025-07-30T16:38:07.473+0800][33.298s][info][gc,phases   ] GC(638)   Evacuate Collection Set: 14.1ms
[2025-07-30T16:38:07.473+0800][33.298s][info][gc,phases   ] GC(638)   Post Evacuate Collection Set: 0.7ms
[2025-07-30T16:38:07.473+0800][33.298s][info][gc,phases   ] GC(638)   Other: 0.1ms
[2025-07-30T16:38:07.473+0800][33.298s][info][gc,heap     ] GC(638) Eden regions: 1017->0(1019)
[2025-07-30T16:38:07.473+0800][33.298s][info][gc,heap     ] GC(638) Survivor regions: 146->145(146)
[2025-07-30T16:38:07.473+0800][33.298s][info][gc,heap     ] GC(638) Old regions: 561->561
[2025-07-30T16:38:07.473+0800][33.298s][info][gc,heap     ] GC(638) Humongous regions: 3->3
[2025-07-30T16:38:07.473+0800][33.298s][info][gc,metaspace] GC(638) Metaspace: 7183K(7488K)->7183K(7488K) NonClass: 6459K(6592K)->6459K(6592K) Class: 724K(896K)->724K(896K)
[2025-07-30T16:38:07.473+0800][33.298s][info][gc          ] GC(638) Pause Young (Normal) (G1 Evacuation Pause) 1726M->708M(2048M) 15.643ms
[2025-07-30T16:38:07.473+0800][33.298s][info][gc,cpu      ] GC(638) User=0.02s Sys=0.00s Real=0.02s
[2025-07-30T16:38:07.473+0800][33.299s][info][safepoint   ] Safepoint "G1CollectForAllocation", Time since last: 36997500 ns, Reaching safepoint: 5500 ns, Cleanup: 6400 ns, At safepoint: 15692100 ns, Total: 15704000 ns
[2025-07-30T16:38:07.510+0800][33.336s][info][gc,start    ] GC(639) Pause Young (Normal) (G1 Evacuation Pause)
[2025-07-30T16:38:07.510+0800][33.336s][info][gc,task     ] GC(639) Using 1 workers of 1 for evacuation
[2025-07-30T16:38:07.526+0800][33.351s][info][gc,phases   ] GC(639)   Pre Evacuate Collection Set: 0.5ms
[2025-07-30T16:38:07.526+0800][33.351s][info][gc,phases   ] GC(639)   Merge Heap Roots: 0.1ms
[2025-07-30T16:38:07.526+0800][33.351s][info][gc,phases   ] GC(639)   Evacuate Collection Set: 14.1ms
[2025-07-30T16:38:07.526+0800][33.351s][info][gc,phases   ] GC(639)   Post Evacuate Collection Set: 0.7ms
[2025-07-30T16:38:07.526+0800][33.351s][info][gc,phases   ] GC(639)   Other: 0.1ms
[2025-07-30T16:38:07.526+0800][33.351s][info][gc,heap     ] GC(639) Eden regions: 1019->0(1017)
[2025-07-30T16:38:07.526+0800][33.351s][info][gc,heap     ] GC(639) Survivor regions: 145->146(146)
[2025-07-30T16:38:07.526+0800][33.351s][info][gc,heap     ] GC(639) Old regions: 561->561
[2025-07-30T16:38:07.526+0800][33.351s][info][gc,heap     ] GC(639) Humongous regions: 3->3
[2025-07-30T16:38:07.526+0800][33.351s][info][gc,metaspace] GC(639) Metaspace: 7183K(7488K)->7183K(7488K) NonClass: 6459K(6592K)->6459K(6592K) Class: 724K(896K)->724K(896K)
[2025-07-30T16:38:07.526+0800][33.351s][info][gc          ] GC(639) Pause Young (Normal) (G1 Evacuation Pause) 1727M->709M(2048M) 15.630ms
[2025-07-30T16:38:07.526+0800][33.351s][info][gc,cpu      ] GC(639) User=0.02s Sys=0.00s Real=0.02s
[2025-07-30T16:38:07.526+0800][33.351s][info][safepoint   ] Safepoint "G1CollectForAllocation", Time since last: 37094400 ns, Reaching safepoint: 3700 ns, Cleanup: 4700 ns, At safepoint: 15676100 ns, Total: 15684500 ns
[2025-07-30T16:38:07.563+0800][33.388s][info][gc,start    ] GC(640) Pause Young (Normal) (G1 Evacuation Pause)
[2025-07-30T16:38:07.563+0800][33.388s][info][gc,task     ] GC(640) Using 1 workers of 1 for evacuation
[2025-07-30T16:38:07.579+0800][33.404s][info][gc,phases   ] GC(640)   Pre Evacuate Collection Set: 0.5ms
[2025-07-30T16:38:07.579+0800][33.404s][info][gc,phases   ] GC(640)   Merge Heap Roots: 0.1ms
[2025-07-30T16:38:07.579+0800][33.404s][info][gc,phases   ] GC(640)   Evacuate Collection Set: 14.7ms
[2025-07-30T16:38:07.579+0800][33.404s][info][gc,phases   ] GC(640)   Post Evacuate Collection Set: 0.7ms
[2025-07-30T16:38:07.579+0800][33.404s][info][gc,phases   ] GC(640)   Other: 0.1ms
[2025-07-30T16:38:07.579+0800][33.404s][info][gc,heap     ] GC(640) Eden regions: 1017->0(1017)
[2025-07-30T16:38:07.579+0800][33.404s][info][gc,heap     ] GC(640) Survivor regions: 146->146(146)
[2025-07-30T16:38:07.579+0800][33.404s][info][gc,heap     ] GC(640) Old regions: 561->561
[2025-07-30T16:38:07.579+0800][33.404s][info][gc,heap     ] GC(640) Humongous regions: 3->3
[2025-07-30T16:38:07.579+0800][33.404s][info][gc,metaspace] GC(640) Metaspace: 7183K(7488K)->7183K(7488K) NonClass: 6459K(6592K)->6459K(6592K) Class: 724K(896K)->724K(896K)
[2025-07-30T16:38:07.579+0800][33.404s][info][gc          ] GC(640) Pause Young (Normal) (G1 Evacuation Pause) 1726M->708M(2048M) 16.235ms
[2025-07-30T16:38:07.579+0800][33.404s][info][gc,cpu      ] GC(640) User=0.02s Sys=0.00s Real=0.02s
[2025-07-30T16:38:07.579+0800][33.404s][info][safepoint   ] Safepoint "G1CollectForAllocation", Time since last: 36791300 ns, Reaching safepoint: 5100 ns, Cleanup: 6800 ns, At safepoint: 16282900 ns, Total: 16294800 ns
[2025-07-30T16:38:07.615+0800][33.440s][info][gc,start    ] GC(641) Pause Young (Normal) (G1 Evacuation Pause)
[2025-07-30T16:38:07.615+0800][33.440s][info][gc,task     ] GC(641) Using 1 workers of 1 for evacuation
[2025-07-30T16:38:07.630+0800][33.455s][info][gc,phases   ] GC(641)   Pre Evacuate Collection Set: 0.4ms
[2025-07-30T16:38:07.630+0800][33.455s][info][gc,phases   ] GC(641)   Merge Heap Roots: 0.1ms
[2025-07-30T16:38:07.630+0800][33.455s][info][gc,phases   ] GC(641)   Evacuate Collection Set: 14.0ms
[2025-07-30T16:38:07.630+0800][33.455s][info][gc,phases   ] GC(641)   Post Evacuate Collection Set: 0.6ms
[2025-07-30T16:38:07.630+0800][33.455s][info][gc,phases   ] GC(641)   Other: 0.1ms
[2025-07-30T16:38:07.630+0800][33.455s][info][gc,heap     ] GC(641) Eden regions: 1017->0(1019)
[2025-07-30T16:38:07.630+0800][33.455s][info][gc,heap     ] GC(641) Survivor regions: 146->145(146)
[2025-07-30T16:38:07.630+0800][33.455s][info][gc,heap     ] GC(641) Old regions: 561->561
[2025-07-30T16:38:07.630+0800][33.456s][info][gc,heap     ] GC(641) Humongous regions: 3->3
[2025-07-30T16:38:07.630+0800][33.456s][info][gc,metaspace] GC(641) Metaspace: 7183K(7488K)->7183K(7488K) NonClass: 6459K(6592K)->6459K(6592K) Class: 724K(896K)->724K(896K)
[2025-07-30T16:38:07.630+0800][33.456s][info][gc          ] GC(641) Pause Young (Normal) (G1 Evacuation Pause) 1725M->707M(2048M) 15.292ms
[2025-07-30T16:38:07.630+0800][33.456s][info][gc,cpu      ] GC(641) User=0.02s Sys=0.00s Real=0.02s
[2025-07-30T16:38:07.630+0800][33.456s][info][safepoint   ] Safepoint "G1CollectForAllocation", Time since last: 35857600 ns, Reaching safepoint: 3300 ns, Cleanup: 4200 ns, At safepoint: 15333300 ns, Total: 15340800 ns
[2025-07-30T16:38:07.666+0800][33.492s][info][gc,start    ] GC(642) Pause Young (Normal) (G1 Evacuation Pause)
[2025-07-30T16:38:07.666+0800][33.492s][info][gc,task     ] GC(642) Using 1 workers of 1 for evacuation
[2025-07-30T16:38:07.681+0800][33.506s][info][gc,phases   ] GC(642)   Pre Evacuate Collection Set: 0.3ms
[2025-07-30T16:38:07.681+0800][33.506s][info][gc,phases   ] GC(642)   Merge Heap Roots: 0.1ms
[2025-07-30T16:38:07.681+0800][33.506s][info][gc,phases   ] GC(642)   Evacuate Collection Set: 13.8ms
[2025-07-30T16:38:07.681+0800][33.506s][info][gc,phases   ] GC(642)   Post Evacuate Collection Set: 0.6ms
[2025-07-30T16:38:07.681+0800][33.506s][info][gc,phases   ] GC(642)   Other: 0.1ms
[2025-07-30T16:38:07.681+0800][33.506s][info][gc,heap     ] GC(642) Eden regions: 1019->0(1018)
[2025-07-30T16:38:07.681+0800][33.506s][info][gc,heap     ] GC(642) Survivor regions: 145->146(146)
[2025-07-30T16:38:07.681+0800][33.506s][info][gc,heap     ] GC(642) Old regions: 561->561
[2025-07-30T16:38:07.681+0800][33.507s][info][gc,heap     ] GC(642) Humongous regions: 3->3
[2025-07-30T16:38:07.681+0800][33.507s][info][gc,metaspace] GC(642) Metaspace: 7183K(7488K)->7183K(7488K) NonClass: 6459K(6592K)->6459K(6592K) Class: 724K(896K)->724K(896K)
[2025-07-30T16:38:07.681+0800][33.507s][info][gc          ] GC(642) Pause Young (Normal) (G1 Evacuation Pause) 1726M->708M(2048M) 15.022ms
[2025-07-30T16:38:07.681+0800][33.507s][info][gc,cpu      ] GC(642) User=0.02s Sys=0.00s Real=0.02s
[2025-07-30T16:38:07.681+0800][33.507s][info][safepoint   ] Safepoint "G1CollectForAllocation", Time since last: 35940600 ns, Reaching safepoint: 2100 ns, Cleanup: 3100 ns, At safepoint: 15059700 ns, Total: 15064900 ns
[2025-07-30T16:38:07.719+0800][33.544s][info][gc,start    ] GC(643) Pause Young (Normal) (G1 Evacuation Pause)
[2025-07-30T16:38:07.719+0800][33.544s][info][gc,task     ] GC(643) Using 1 workers of 1 for evacuation
[2025-07-30T16:38:07.734+0800][33.559s][info][gc,phases   ] GC(643)   Pre Evacuate Collection Set: 0.3ms
[2025-07-30T16:38:07.734+0800][33.559s][info][gc,phases   ] GC(643)   Merge Heap Roots: 0.0ms
[2025-07-30T16:38:07.734+0800][33.559s][info][gc,phases   ] GC(643)   Evacuate Collection Set: 13.8ms
[2025-07-30T16:38:07.734+0800][33.559s][info][gc,phases   ] GC(643)   Post Evacuate Collection Set: 0.6ms
[2025-07-30T16:38:07.734+0800][33.559s][info][gc,phases   ] GC(643)   Other: 0.1ms
[2025-07-30T16:38:07.734+0800][33.559s][info][gc,heap     ] GC(643) Eden regions: 1018->0(1018)
[2025-07-30T16:38:07.734+0800][33.559s][info][gc,heap     ] GC(643) Survivor regions: 146->146(146)
[2025-07-30T16:38:07.734+0800][33.559s][info][gc,heap     ] GC(643) Old regions: 561->561
[2025-07-30T16:38:07.734+0800][33.559s][info][gc,heap     ] GC(643) Humongous regions: 3->3
[2025-07-30T16:38:07.734+0800][33.559s][info][gc,metaspace] GC(643) Metaspace: 7183K(7488K)->7183K(7488K) NonClass: 6459K(6592K)->6459K(6592K) Class: 724K(896K)->724K(896K)
[2025-07-30T16:38:07.734+0800][33.559s][info][gc          ] GC(643) Pause Young (Normal) (G1 Evacuation Pause) 1726M->708M(2048M) 14.895ms
[2025-07-30T16:38:07.734+0800][33.559s][info][gc,cpu      ] GC(643) User=0.02s Sys=0.00s Real=0.01s
[2025-07-30T16:38:07.734+0800][33.559s][info][safepoint   ] Safepoint "G1CollectForAllocation", Time since last: 37555200 ns, Reaching safepoint: 2100 ns, Cleanup: 2600 ns, At safepoint: 14933100 ns, Total: 14937800 ns
[2025-07-30T16:38:07.770+0800][33.595s][info][gc,start    ] GC(644) Pause Young (Normal) (G1 Evacuation Pause)
[2025-07-30T16:38:07.770+0800][33.595s][info][gc,task     ] GC(644) Using 1 workers of 1 for evacuation
[2025-07-30T16:38:07.784+0800][33.610s][info][gc,phases   ] GC(644)   Pre Evacuate Collection Set: 0.3ms
[2025-07-30T16:38:07.784+0800][33.610s][info][gc,phases   ] GC(644)   Merge Heap Roots: 0.0ms
[2025-07-30T16:38:07.784+0800][33.610s][info][gc,phases   ] GC(644)   Evacuate Collection Set: 13.9ms
[2025-07-30T16:38:07.785+0800][33.610s][info][gc,phases   ] GC(644)   Post Evacuate Collection Set: 0.6ms
[2025-07-30T16:38:07.785+0800][33.610s][info][gc,phases   ] GC(644)   Other: 0.1ms
[2025-07-30T16:38:07.785+0800][33.610s][info][gc,heap     ] GC(644) Eden regions: 1018->0(1017)
[2025-07-30T16:38:07.785+0800][33.610s][info][gc,heap     ] GC(644) Survivor regions: 146->146(146)
[2025-07-30T16:38:07.785+0800][33.610s][info][gc,heap     ] GC(644) Old regions: 561->561
[2025-07-30T16:38:07.785+0800][33.610s][info][gc,heap     ] GC(644) Humongous regions: 3->3
[2025-07-30T16:38:07.785+0800][33.610s][info][gc,metaspace] GC(644) Metaspace: 7183K(7488K)->7183K(7488K) NonClass: 6459K(6592K)->6459K(6592K) Class: 724K(896K)->724K(896K)
[2025-07-30T16:38:07.785+0800][33.610s][info][gc          ] GC(644) Pause Young (Normal) (G1 Evacuation Pause) 1726M->709M(2048M) 15.061ms
[2025-07-30T16:38:07.785+0800][33.610s][info][gc,cpu      ] GC(644) User=0.02s Sys=0.00s Real=0.02s
[2025-07-30T16:38:07.785+0800][33.610s][info][safepoint   ] Safepoint "G1CollectForAllocation", Time since last: 36284300 ns, Reaching safepoint: 2500 ns, Cleanup: 3100 ns, At safepoint: 15103800 ns, Total: 15109400 ns
[2025-07-30T16:38:07.821+0800][33.647s][info][gc,start    ] GC(645) Pause Young (Normal) (G1 Evacuation Pause)
[2025-07-30T16:38:07.821+0800][33.647s][info][gc,task     ] GC(645) Using 1 workers of 1 for evacuation
[2025-07-30T16:38:07.837+0800][33.662s][info][gc,phases   ] GC(645)   Pre Evacuate Collection Set: 0.4ms
[2025-07-30T16:38:07.837+0800][33.662s][info][gc,phases   ] GC(645)   Merge Heap Roots: 0.1ms
[2025-07-30T16:38:07.837+0800][33.662s][info][gc,phases   ] GC(645)   Evacuate Collection Set: 13.8ms
[2025-07-30T16:38:07.837+0800][33.662s][info][gc,phases   ] GC(645)   Post Evacuate Collection Set: 0.6ms
[2025-07-30T16:38:07.837+0800][33.662s][info][gc,phases   ] GC(645)   Other: 0.1ms
[2025-07-30T16:38:07.837+0800][33.662s][info][gc,heap     ] GC(645) Eden regions: 1017->0(1019)
[2025-07-30T16:38:07.837+0800][33.662s][info][gc,heap     ] GC(645) Survivor regions: 146->145(146)
[2025-07-30T16:38:07.837+0800][33.662s][info][gc,heap     ] GC(645) Old regions: 561->561
[2025-07-30T16:38:07.837+0800][33.662s][info][gc,heap     ] GC(645) Humongous regions: 3->3
[2025-07-30T16:38:07.837+0800][33.662s][info][gc,metaspace] GC(645) Metaspace: 7183K(7488K)->7183K(7488K) NonClass: 6459K(6592K)->6459K(6592K) Class: 724K(896K)->724K(896K)
[2025-07-30T16:38:07.837+0800][33.662s][info][gc          ] GC(645) Pause Young (Normal) (G1 Evacuation Pause) 1726M->708M(2048M) 15.202ms
[2025-07-30T16:38:07.837+0800][33.662s][info][gc,cpu      ] GC(645) User=0.02s Sys=0.00s Real=0.02s
[2025-07-30T16:38:07.837+0800][33.662s][info][safepoint   ] Safepoint "G1CollectForAllocation", Time since last: 36482300 ns, Reaching safepoint: 3700 ns, Cleanup: 4200 ns, At safepoint: 15246100 ns, Total: 15254000 ns
[2025-07-30T16:38:07.873+0800][33.699s][info][gc,start    ] GC(646) Pause Young (Normal) (G1 Evacuation Pause)
[2025-07-30T16:38:07.873+0800][33.699s][info][gc,task     ] GC(646) Using 1 workers of 1 for evacuation
[2025-07-30T16:38:07.888+0800][33.714s][info][gc,phases   ] GC(646)   Pre Evacuate Collection Set: 0.4ms
[2025-07-30T16:38:07.888+0800][33.714s][info][gc,phases   ] GC(646)   Merge Heap Roots: 0.1ms
[2025-07-30T16:38:07.888+0800][33.714s][info][gc,phases   ] GC(646)   Evacuate Collection Set: 14.2ms
[2025-07-30T16:38:07.888+0800][33.714s][info][gc,phases   ] GC(646)   Post Evacuate Collection Set: 0.7ms
[2025-07-30T16:38:07.888+0800][33.714s][info][gc,phases   ] GC(646)   Other: 0.1ms
[2025-07-30T16:38:07.888+0800][33.714s][info][gc,heap     ] GC(646) Eden regions: 1019->0(1017)
[2025-07-30T16:38:07.888+0800][33.714s][info][gc,heap     ] GC(646) Survivor regions: 145->146(146)
[2025-07-30T16:38:07.888+0800][33.714s][info][gc,heap     ] GC(646) Old regions: 561->561
[2025-07-30T16:38:07.889+0800][33.714s][info][gc,heap     ] GC(646) Humongous regions: 3->3
[2025-07-30T16:38:07.889+0800][33.714s][info][gc,metaspace] GC(646) Metaspace: 7183K(7488K)->7183K(7488K) NonClass: 6459K(6592K)->6459K(6592K) Class: 724K(896K)->724K(896K)
[2025-07-30T16:38:07.889+0800][33.714s][info][gc          ] GC(646) Pause Young (Normal) (G1 Evacuation Pause) 1727M->709M(2048M) 15.705ms
[2025-07-30T16:38:07.889+0800][33.714s][info][gc,cpu      ] GC(646) User=0.02s Sys=0.00s Real=0.02s
[2025-07-30T16:38:07.889+0800][33.714s][info][safepoint   ] Safepoint "G1CollectForAllocation", Time since last: 36513200 ns, Reaching safepoint: 3700 ns, Cleanup: 4600 ns, At safepoint: 15749100 ns, Total: 15757400 ns
[2025-07-30T16:38:07.926+0800][33.751s][info][gc,start    ] GC(647) Pause Young (Normal) (G1 Evacuation Pause)
[2025-07-30T16:38:07.926+0800][33.751s][info][gc,task     ] GC(647) Using 1 workers of 1 for evacuation
[2025-07-30T16:38:07.941+0800][33.766s][info][gc,phases   ] GC(647)   Pre Evacuate Collection Set: 0.3ms
[2025-07-30T16:38:07.941+0800][33.766s][info][gc,phases   ] GC(647)   Merge Heap Roots: 0.0ms
[2025-07-30T16:38:07.941+0800][33.766s][info][gc,phases   ] GC(647)   Evacuate Collection Set: 13.7ms
[2025-07-30T16:38:07.941+0800][33.766s][info][gc,phases   ] GC(647)   Post Evacuate Collection Set: 0.6ms
[2025-07-30T16:38:07.941+0800][33.766s][info][gc,phases   ] GC(647)   Other: 0.1ms
[2025-07-30T16:38:07.941+0800][33.766s][info][gc,heap     ] GC(647) Eden regions: 1017->0(1019)
[2025-07-30T16:38:07.941+0800][33.766s][info][gc,heap     ] GC(647) Survivor regions: 146->145(146)
[2025-07-30T16:38:07.941+0800][33.766s][info][gc,heap     ] GC(647) Old regions: 561->561
[2025-07-30T16:38:07.941+0800][33.766s][info][gc,heap     ] GC(647) Humongous regions: 3->3
[2025-07-30T16:38:07.941+0800][33.766s][info][gc,metaspace] GC(647) Metaspace: 7183K(7488K)->7183K(7488K) NonClass: 6459K(6592K)->6459K(6592K) Class: 724K(896K)->724K(896K)
[2025-07-30T16:38:07.941+0800][33.766s][info][gc          ] GC(647) Pause Young (Normal) (G1 Evacuation Pause) 1726M->708M(2048M) 14.959ms
[2025-07-30T16:38:07.941+0800][33.766s][info][gc,cpu      ] GC(647) User=0.02s Sys=0.00s Real=0.01s
[2025-07-30T16:38:07.941+0800][33.766s][info][safepoint   ] Safepoint "G1CollectForAllocation", Time since last: 36334300 ns, Reaching safepoint: 2200 ns, Cleanup: 2400 ns, At safepoint: 14999200 ns, Total: 15003800 ns
[2025-07-30T16:38:07.977+0800][33.803s][info][gc,start    ] GC(648) Pause Young (Normal) (G1 Evacuation Pause)
[2025-07-30T16:38:07.977+0800][33.803s][info][gc,task     ] GC(648) Using 1 workers of 1 for evacuation
[2025-07-30T16:38:07.992+0800][33.818s][info][gc,phases   ] GC(648)   Pre Evacuate Collection Set: 0.3ms
[2025-07-30T16:38:07.992+0800][33.818s][info][gc,phases   ] GC(648)   Merge Heap Roots: 0.1ms
[2025-07-30T16:38:07.992+0800][33.818s][info][gc,phases   ] GC(648)   Evacuate Collection Set: 14.0ms
[2025-07-30T16:38:07.992+0800][33.818s][info][gc,phases   ] GC(648)   Post Evacuate Collection Set: 0.8ms
[2025-07-30T16:38:07.992+0800][33.818s][info][gc,phases   ] GC(648)   Other: 0.1ms
[2025-07-30T16:38:07.992+0800][33.818s][info][gc,heap     ] GC(648) Eden regions: 1019->0(1017)
[2025-07-30T16:38:07.992+0800][33.818s][info][gc,heap     ] GC(648) Survivor regions: 145->146(146)
[2025-07-30T16:38:07.992+0800][33.818s][info][gc,heap     ] GC(648) Old regions: 561->561
[2025-07-30T16:38:07.992+0800][33.818s][info][gc,heap     ] GC(648) Humongous regions: 3->3
[2025-07-30T16:38:07.992+0800][33.818s][info][gc,metaspace] GC(648) Metaspace: 7183K(7488K)->7183K(7488K) NonClass: 6459K(6592K)->6459K(6592K) Class: 724K(896K)->724K(896K)
[2025-07-30T16:38:07.992+0800][33.818s][info][gc          ] GC(648) Pause Young (Normal) (G1 Evacuation Pause) 1727M->709M(2048M) 15.425ms
[2025-07-30T16:38:07.992+0800][33.818s][info][gc,cpu      ] GC(648) User=0.02s Sys=0.00s Real=0.02s
[2025-07-30T16:38:07.992+0800][33.818s][info][safepoint   ] Safepoint "G1CollectForAllocation", Time since last: 36837100 ns, Reaching safepoint: 2600 ns, Cleanup: 2800 ns, At safepoint: 15463900 ns, Total: 15469300 ns
[2025-07-30T16:38:08.030+0800][33.856s][info][gc,start    ] GC(649) Pause Young (Normal) (G1 Evacuation Pause)
[2025-07-30T16:38:08.030+0800][33.856s][info][gc,task     ] GC(649) Using 1 workers of 1 for evacuation
[2025-07-30T16:38:08.046+0800][33.872s][info][gc,phases   ] GC(649)   Pre Evacuate Collection Set: 0.4ms
[2025-07-30T16:38:08.046+0800][33.872s][info][gc,phases   ] GC(649)   Merge Heap Roots: 0.1ms
[2025-07-30T16:38:08.046+0800][33.872s][info][gc,phases   ] GC(649)   Evacuate Collection Set: 14.9ms
[2025-07-30T16:38:08.046+0800][33.872s][info][gc,phases   ] GC(649)   Post Evacuate Collection Set: 0.7ms
[2025-07-30T16:38:08.046+0800][33.872s][info][gc,phases   ] GC(649)   Other: 0.1ms
[2025-07-30T16:38:08.046+0800][33.872s][info][gc,heap     ] GC(649) Eden regions: 1017->0(1017)
[2025-07-30T16:38:08.046+0800][33.872s][info][gc,heap     ] GC(649) Survivor regions: 146->146(146)
[2025-07-30T16:38:08.046+0800][33.872s][info][gc,heap     ] GC(649) Old regions: 561->561
[2025-07-30T16:38:08.046+0800][33.872s][info][gc,heap     ] GC(649) Humongous regions: 3->3
[2025-07-30T16:38:08.046+0800][33.872s][info][gc,metaspace] GC(649) Metaspace: 7183K(7488K)->7183K(7488K) NonClass: 6459K(6592K)->6459K(6592K) Class: 724K(896K)->724K(896K)
[2025-07-30T16:38:08.046+0800][33.872s][info][gc          ] GC(649) Pause Young (Normal) (G1 Evacuation Pause) 1726M->708M(2048M) 16.401ms
[2025-07-30T16:38:08.047+0800][33.872s][info][gc,cpu      ] GC(649) User=0.02s Sys=0.02s Real=0.02s
[2025-07-30T16:38:08.047+0800][33.872s][info][safepoint   ] Safepoint "G1CollectForAllocation", Time since last: 37420000 ns, Reaching safepoint: 3400 ns, Cleanup: 3400 ns, At safepoint: 16442800 ns, Total: 16449600 ns
[2025-07-30T16:38:08.083+0800][33.909s][info][gc,start    ] GC(650) Pause Young (Normal) (G1 Evacuation Pause)
[2025-07-30T16:38:08.083+0800][33.909s][info][gc,task     ] GC(650) Using 1 workers of 1 for evacuation
[2025-07-30T16:38:08.099+0800][33.924s][info][gc,phases   ] GC(650)   Pre Evacuate Collection Set: 0.4ms
[2025-07-30T16:38:08.099+0800][33.924s][info][gc,phases   ] GC(650)   Merge Heap Roots: 0.1ms
[2025-07-30T16:38:08.099+0800][33.924s][info][gc,phases   ] GC(650)   Evacuate Collection Set: 14.1ms
[2025-07-30T16:38:08.099+0800][33.924s][info][gc,phases   ] GC(650)   Post Evacuate Collection Set: 0.7ms
[2025-07-30T16:38:08.099+0800][33.924s][info][gc,phases   ] GC(650)   Other: 0.1ms
[2025-07-30T16:38:08.099+0800][33.924s][info][gc,heap     ] GC(650) Eden regions: 1017->0(1019)
[2025-07-30T16:38:08.099+0800][33.924s][info][gc,heap     ] GC(650) Survivor regions: 146->145(146)
[2025-07-30T16:38:08.099+0800][33.924s][info][gc,heap     ] GC(650) Old regions: 561->561
[2025-07-30T16:38:08.099+0800][33.924s][info][gc,heap     ] GC(650) Humongous regions: 3->3
[2025-07-30T16:38:08.099+0800][33.924s][info][gc,metaspace] GC(650) Metaspace: 7187K(7488K)->7187K(7488K) NonClass: 6463K(6592K)->6463K(6592K) Class: 724K(896K)->724K(896K)
[2025-07-30T16:38:08.099+0800][33.924s][info][gc          ] GC(650) Pause Young (Normal) (G1 Evacuation Pause) 1725M->707M(2048M) 15.538ms
[2025-07-30T16:38:08.099+0800][33.924s][info][gc,cpu      ] GC(650) User=0.02s Sys=0.00s Real=0.02s
[2025-07-30T16:38:08.099+0800][33.924s][info][safepoint   ] Safepoint "G1CollectForAllocation", Time since last: 36822200 ns, Reaching safepoint: 3300 ns, Cleanup: 9100 ns, At safepoint: 15586700 ns, Total: 15599100 ns
[2025-07-30T16:38:08.136+0800][33.961s][info][gc,start    ] GC(651) Pause Young (Normal) (G1 Evacuation Pause)
[2025-07-30T16:38:08.136+0800][33.961s][info][gc,task     ] GC(651) Using 1 workers of 1 for evacuation
[2025-07-30T16:38:08.151+0800][33.977s][info][gc,phases   ] GC(651)   Pre Evacuate Collection Set: 0.4ms
[2025-07-30T16:38:08.151+0800][33.977s][info][gc,phases   ] GC(651)   Merge Heap Roots: 0.1ms
[2025-07-30T16:38:08.151+0800][33.977s][info][gc,phases   ] GC(651)   Evacuate Collection Set: 14.2ms
[2025-07-30T16:38:08.151+0800][33.977s][info][gc,phases   ] GC(651)   Post Evacuate Collection Set: 0.7ms
[2025-07-30T16:38:08.151+0800][33.977s][info][gc,phases   ] GC(651)   Other: 0.1ms
[2025-07-30T16:38:08.151+0800][33.977s][info][gc,heap     ] GC(651) Eden regions: 1019->0(1018)
[2025-07-30T16:38:08.151+0800][33.977s][info][gc,heap     ] GC(651) Survivor regions: 145->146(146)
[2025-07-30T16:38:08.151+0800][33.977s][info][gc,heap     ] GC(651) Old regions: 561->561
[2025-07-30T16:38:08.151+0800][33.977s][info][gc,heap     ] GC(651) Humongous regions: 3->3
[2025-07-30T16:38:08.151+0800][33.977s][info][gc,metaspace] GC(651) Metaspace: 7187K(7488K)->7187K(7488K) NonClass: 6463K(6592K)->6463K(6592K) Class: 724K(896K)->724K(896K)
[2025-07-30T16:38:08.151+0800][33.977s][info][gc          ] GC(651) Pause Young (Normal) (G1 Evacuation Pause) 1726M->708M(2048M) 15.656ms
[2025-07-30T16:38:08.151+0800][33.977s][info][gc,cpu      ] GC(651) User=0.02s Sys=0.00s Real=0.02s
[2025-07-30T16:38:08.151+0800][33.977s][info][safepoint   ] Safepoint "G1CollectForAllocation", Time since last: 36793900 ns, Reaching safepoint: 3200 ns, Cleanup: 3600 ns, At safepoint: 15700500 ns, Total: 15707300 ns
[2025-07-30T16:38:08.188+0800][34.014s][info][gc,start    ] GC(652) Pause Young (Normal) (G1 Evacuation Pause)
[2025-07-30T16:38:08.188+0800][34.014s][info][gc,task     ] GC(652) Using 1 workers of 1 for evacuation
[2025-07-30T16:38:08.203+0800][34.029s][info][gc,phases   ] GC(652)   Pre Evacuate Collection Set: 0.4ms
[2025-07-30T16:38:08.203+0800][34.029s][info][gc,phases   ] GC(652)   Merge Heap Roots: 0.1ms
[2025-07-30T16:38:08.203+0800][34.029s][info][gc,phases   ] GC(652)   Evacuate Collection Set: 14.3ms
[2025-07-30T16:38:08.203+0800][34.029s][info][gc,phases   ] GC(652)   Post Evacuate Collection Set: 0.7ms
[2025-07-30T16:38:08.203+0800][34.029s][info][gc,phases   ] GC(652)   Other: 0.1ms
[2025-07-30T16:38:08.203+0800][34.029s][info][gc,heap     ] GC(652) Eden regions: 1018->0(1018)
[2025-07-30T16:38:08.203+0800][34.029s][info][gc,heap     ] GC(652) Survivor regions: 146->146(146)
[2025-07-30T16:38:08.203+0800][34.029s][info][gc,heap     ] GC(652) Old regions: 561->561
[2025-07-30T16:38:08.203+0800][34.029s][info][gc,heap     ] GC(652) Humongous regions: 3->3
[2025-07-30T16:38:08.204+0800][34.029s][info][gc,metaspace] GC(652) Metaspace: 7187K(7488K)->7187K(7488K) NonClass: 6463K(6592K)->6463K(6592K) Class: 724K(896K)->724K(896K)
[2025-07-30T16:38:08.204+0800][34.029s][info][gc          ] GC(652) Pause Young (Normal) (G1 Evacuation Pause) 1726M->708M(2048M) 15.672ms
[2025-07-30T16:38:08.204+0800][34.029s][info][gc,cpu      ] GC(652) User=0.02s Sys=0.00s Real=0.02s
[2025-07-30T16:38:08.204+0800][34.029s][info][safepoint   ] Safepoint "G1CollectForAllocation", Time since last: 36620200 ns, Reaching safepoint: 3000 ns, Cleanup: 4000 ns, At safepoint: 15715600 ns, Total: 15722600 ns
[2025-07-30T16:38:08.240+0800][34.066s][info][gc,start    ] GC(653) Pause Young (Normal) (G1 Evacuation Pause)
[2025-07-30T16:38:08.240+0800][34.066s][info][gc,task     ] GC(653) Using 1 workers of 1 for evacuation
[2025-07-30T16:38:08.256+0800][34.081s][info][gc,phases   ] GC(653)   Pre Evacuate Collection Set: 0.5ms
[2025-07-30T16:38:08.256+0800][34.081s][info][gc,phases   ] GC(653)   Merge Heap Roots: 0.1ms
[2025-07-30T16:38:08.256+0800][34.081s][info][gc,phases   ] GC(653)   Evacuate Collection Set: 13.7ms
[2025-07-30T16:38:08.256+0800][34.081s][info][gc,phases   ] GC(653)   Post Evacuate Collection Set: 0.7ms
[2025-07-30T16:38:08.256+0800][34.081s][info][gc,phases   ] GC(653)   Other: 0.1ms
[2025-07-30T16:38:08.256+0800][34.081s][info][gc,heap     ] GC(653) Eden regions: 1018->0(1018)
[2025-07-30T16:38:08.256+0800][34.081s][info][gc,heap     ] GC(653) Survivor regions: 146->146(146)
[2025-07-30T16:38:08.256+0800][34.081s][info][gc,heap     ] GC(653) Old regions: 561->561
[2025-07-30T16:38:08.256+0800][34.081s][info][gc,heap     ] GC(653) Humongous regions: 3->3
[2025-07-30T16:38:08.256+0800][34.081s][info][gc,metaspace] GC(653) Metaspace: 7187K(7488K)->7187K(7488K) NonClass: 6463K(6592K)->6463K(6592K) Class: 724K(896K)->724K(896K)
[2025-07-30T16:38:08.256+0800][34.081s][info][gc          ] GC(653) Pause Young (Normal) (G1 Evacuation Pause) 1726M->708M(2048M) 15.336ms
[2025-07-30T16:38:08.256+0800][34.081s][info][gc,cpu      ] GC(653) User=0.02s Sys=0.00s Real=0.02s
[2025-07-30T16:38:08.256+0800][34.081s][info][safepoint   ] Safepoint "G1CollectForAllocation", Time since last: 36756300 ns, Reaching safepoint: 4600 ns, Cleanup: 5400 ns, At safepoint: 15384900 ns, Total: 15394900 ns
[2025-07-30T16:38:08.293+0800][34.119s][info][gc,start    ] GC(654) Pause Young (Normal) (G1 Evacuation Pause)
[2025-07-30T16:38:08.293+0800][34.119s][info][gc,task     ] GC(654) Using 1 workers of 1 for evacuation
[2025-07-30T16:38:08.309+0800][34.134s][info][gc,phases   ] GC(654)   Pre Evacuate Collection Set: 0.5ms
[2025-07-30T16:38:08.309+0800][34.134s][info][gc,phases   ] GC(654)   Merge Heap Roots: 0.1ms
[2025-07-30T16:38:08.309+0800][34.134s][info][gc,phases   ] GC(654)   Evacuate Collection Set: 14.0ms
[2025-07-30T16:38:08.309+0800][34.134s][info][gc,phases   ] GC(654)   Post Evacuate Collection Set: 0.7ms
[2025-07-30T16:38:08.309+0800][34.134s][info][gc,phases   ] GC(654)   Other: 0.1ms
[2025-07-30T16:38:08.309+0800][34.134s][info][gc,heap     ] GC(654) Eden regions: 1018->0(1017)
[2025-07-30T16:38:08.309+0800][34.134s][info][gc,heap     ] GC(654) Survivor regions: 146->146(146)
[2025-07-30T16:38:08.309+0800][34.134s][info][gc,heap     ] GC(654) Old regions: 561->561
[2025-07-30T16:38:08.309+0800][34.134s][info][gc,heap     ] GC(654) Humongous regions: 3->3
[2025-07-30T16:38:08.309+0800][34.134s][info][gc,metaspace] GC(654) Metaspace: 7187K(7488K)->7187K(7488K) NonClass: 6463K(6592K)->6463K(6592K) Class: 724K(896K)->724K(896K)
[2025-07-30T16:38:08.309+0800][34.134s][info][gc          ] GC(654) Pause Young (Normal) (G1 Evacuation Pause) 1726M->709M(2048M) 15.510ms
[2025-07-30T16:38:08.309+0800][34.134s][info][gc,cpu      ] GC(654) User=0.02s Sys=0.00s Real=0.02s
[2025-07-30T16:38:08.309+0800][34.134s][info][safepoint   ] Safepoint "G1CollectForAllocation", Time since last: 37179900 ns, Reaching safepoint: 3600 ns, Cleanup: 4700 ns, At safepoint: 15556100 ns, Total: 15564400 ns
[2025-07-30T16:38:08.346+0800][34.171s][info][gc,start    ] GC(655) Pause Young (Normal) (G1 Evacuation Pause)
[2025-07-30T16:38:08.346+0800][34.171s][info][gc,task     ] GC(655) Using 1 workers of 1 for evacuation
[2025-07-30T16:38:08.362+0800][34.188s][info][gc,phases   ] GC(655)   Pre Evacuate Collection Set: 0.4ms
[2025-07-30T16:38:08.362+0800][34.188s][info][gc,phases   ] GC(655)   Merge Heap Roots: 0.1ms
[2025-07-30T16:38:08.362+0800][34.188s][info][gc,phases   ] GC(655)   Evacuate Collection Set: 15.4ms
[2025-07-30T16:38:08.362+0800][34.188s][info][gc,phases   ] GC(655)   Post Evacuate Collection Set: 0.8ms
[2025-07-30T16:38:08.362+0800][34.188s][info][gc,phases   ] GC(655)   Other: 0.1ms
[2025-07-30T16:38:08.362+0800][34.188s][info][gc,heap     ] GC(655) Eden regions: 1017->0(1019)
[2025-07-30T16:38:08.362+0800][34.188s][info][gc,heap     ] GC(655) Survivor regions: 146->145(146)
[2025-07-30T16:38:08.362+0800][34.188s][info][gc,heap     ] GC(655) Old regions: 561->561
[2025-07-30T16:38:08.363+0800][34.188s][info][gc,heap     ] GC(655) Humongous regions: 3->3
[2025-07-30T16:38:08.363+0800][34.188s][info][gc,metaspace] GC(655) Metaspace: 7187K(7488K)->7187K(7488K) NonClass: 6463K(6592K)->6463K(6592K) Class: 724K(896K)->724K(896K)
[2025-07-30T16:38:08.363+0800][34.188s][info][gc          ] GC(655) Pause Young (Normal) (G1 Evacuation Pause) 1726M->708M(2048M) 16.946ms
[2025-07-30T16:38:08.363+0800][34.188s][info][gc,cpu      ] GC(655) User=0.02s Sys=0.00s Real=0.02s
[2025-07-30T16:38:08.363+0800][34.188s][info][safepoint   ] Safepoint "G1CollectForAllocation", Time since last: 36589300 ns, Reaching safepoint: 3700 ns, Cleanup: 4300 ns, At safepoint: 16989100 ns, Total: 16997100 ns
[2025-07-30T16:38:08.399+0800][34.224s][info][gc,start    ] GC(656) Pause Young (Normal) (G1 Evacuation Pause)
[2025-07-30T16:38:08.399+0800][34.224s][info][gc,task     ] GC(656) Using 1 workers of 1 for evacuation
[2025-07-30T16:38:08.415+0800][34.240s][info][gc,phases   ] GC(656)   Pre Evacuate Collection Set: 0.6ms
[2025-07-30T16:38:08.415+0800][34.240s][info][gc,phases   ] GC(656)   Merge Heap Roots: 0.1ms
[2025-07-30T16:38:08.415+0800][34.240s][info][gc,phases   ] GC(656)   Evacuate Collection Set: 14.5ms
[2025-07-30T16:38:08.415+0800][34.240s][info][gc,phases   ] GC(656)   Post Evacuate Collection Set: 0.7ms
[2025-07-30T16:38:08.415+0800][34.240s][info][gc,phases   ] GC(656)   Other: 0.1ms
[2025-07-30T16:38:08.415+0800][34.240s][info][gc,heap     ] GC(656) Eden regions: 1019->0(1017)
[2025-07-30T16:38:08.415+0800][34.241s][info][gc,heap     ] GC(656) Survivor regions: 145->146(146)
[2025-07-30T16:38:08.415+0800][34.241s][info][gc,heap     ] GC(656) Old regions: 561->561
[2025-07-30T16:38:08.415+0800][34.241s][info][gc,heap     ] GC(656) Humongous regions: 3->3
[2025-07-30T16:38:08.415+0800][34.241s][info][gc,metaspace] GC(656) Metaspace: 7187K(7488K)->7187K(7488K) NonClass: 6463K(6592K)->6463K(6592K) Class: 724K(896K)->724K(896K)
[2025-07-30T16:38:08.415+0800][34.241s][info][gc          ] GC(656) Pause Young (Normal) (G1 Evacuation Pause) 1727M->709M(2048M) 16.181ms
[2025-07-30T16:38:08.415+0800][34.241s][info][gc,cpu      ] GC(656) User=0.02s Sys=0.00s Real=0.02s
[2025-07-30T16:38:08.415+0800][34.241s][info][safepoint   ] Safepoint "G1CollectForAllocation", Time since last: 36629700 ns, Reaching safepoint: 5100 ns, Cleanup: 5400 ns, At safepoint: 16230900 ns, Total: 16241400 ns
[2025-07-30T16:38:08.452+0800][34.277s][info][gc,start    ] GC(657) Pause Young (Normal) (G1 Evacuation Pause)
[2025-07-30T16:38:08.452+0800][34.278s][info][gc,task     ] GC(657) Using 1 workers of 1 for evacuation
[2025-07-30T16:38:08.467+0800][34.293s][info][gc,phases   ] GC(657)   Pre Evacuate Collection Set: 0.5ms
[2025-07-30T16:38:08.467+0800][34.293s][info][gc,phases   ] GC(657)   Merge Heap Roots: 0.1ms
[2025-07-30T16:38:08.467+0800][34.293s][info][gc,phases   ] GC(657)   Evacuate Collection Set: 14.1ms
[2025-07-30T16:38:08.467+0800][34.293s][info][gc,phases   ] GC(657)   Post Evacuate Collection Set: 0.7ms
[2025-07-30T16:38:08.467+0800][34.293s][info][gc,phases   ] GC(657)   Other: 0.1ms
[2025-07-30T16:38:08.467+0800][34.293s][info][gc,heap     ] GC(657) Eden regions: 1017->0(1019)
[2025-07-30T16:38:08.467+0800][34.293s][info][gc,heap     ] GC(657) Survivor regions: 146->145(146)
[2025-07-30T16:38:08.467+0800][34.293s][info][gc,heap     ] GC(657) Old regions: 561->561
[2025-07-30T16:38:08.467+0800][34.293s][info][gc,heap     ] GC(657) Humongous regions: 3->3
[2025-07-30T16:38:08.467+0800][34.293s][info][gc,metaspace] GC(657) Metaspace: 7187K(7488K)->7187K(7488K) NonClass: 6463K(6592K)->6463K(6592K) Class: 724K(896K)->724K(896K)
[2025-07-30T16:38:08.467+0800][34.293s][info][gc          ] GC(657) Pause Young (Normal) (G1 Evacuation Pause) 1726M->708M(2048M) 15.588ms
[2025-07-30T16:38:08.467+0800][34.293s][info][gc,cpu      ] GC(657) User=0.02s Sys=0.00s Real=0.02s
[2025-07-30T16:38:08.467+0800][34.293s][info][safepoint   ] Safepoint "G1CollectForAllocation", Time since last: 36791700 ns, Reaching safepoint: 5200 ns, Cleanup: 6700 ns, At safepoint: 15637000 ns, Total: 15648900 ns
[2025-07-30T16:38:08.505+0800][34.330s][info][gc,start    ] GC(658) Pause Young (Normal) (G1 Evacuation Pause)
[2025-07-30T16:38:08.505+0800][34.330s][info][gc,task     ] GC(658) Using 1 workers of 1 for evacuation
[2025-07-30T16:38:08.520+0800][34.346s][info][gc,phases   ] GC(658)   Pre Evacuate Collection Set: 0.4ms
[2025-07-30T16:38:08.520+0800][34.346s][info][gc,phases   ] GC(658)   Merge Heap Roots: 0.1ms
[2025-07-30T16:38:08.520+0800][34.346s][info][gc,phases   ] GC(658)   Evacuate Collection Set: 14.6ms
[2025-07-30T16:38:08.520+0800][34.346s][info][gc,phases   ] GC(658)   Post Evacuate Collection Set: 0.8ms
[2025-07-30T16:38:08.520+0800][34.346s][info][gc,phases   ] GC(658)   Other: 0.1ms
[2025-07-30T16:38:08.520+0800][34.346s][info][gc,heap     ] GC(658) Eden regions: 1019->0(1017)
[2025-07-30T16:38:08.520+0800][34.346s][info][gc,heap     ] GC(658) Survivor regions: 145->146(146)
[2025-07-30T16:38:08.520+0800][34.346s][info][gc,heap     ] GC(658) Old regions: 561->561
[2025-07-30T16:38:08.520+0800][34.346s][info][gc,heap     ] GC(658) Humongous regions: 3->3
[2025-07-30T16:38:08.520+0800][34.346s][info][gc,metaspace] GC(658) Metaspace: 7187K(7488K)->7187K(7488K) NonClass: 6463K(6592K)->6463K(6592K) Class: 724K(896K)->724K(896K)
[2025-07-30T16:38:08.520+0800][34.346s][info][gc          ] GC(658) Pause Young (Normal) (G1 Evacuation Pause) 1727M->709M(2048M) 16.257ms
[2025-07-30T16:38:08.520+0800][34.346s][info][gc,cpu      ] GC(658) User=0.00s Sys=0.00s Real=0.01s
[2025-07-30T16:38:08.520+0800][34.346s][info][safepoint   ] Safepoint "G1CollectForAllocation", Time since last: 36596900 ns, Reaching safepoint: 2800 ns, Cleanup: 3200 ns, At safepoint: 16325400 ns, Total: 16331400 ns
[2025-07-30T16:38:08.558+0800][34.384s][info][gc,start    ] GC(659) Pause Young (Normal) (G1 Evacuation Pause)
[2025-07-30T16:38:08.559+0800][34.384s][info][gc,task     ] GC(659) Using 1 workers of 1 for evacuation
[2025-07-30T16:38:08.574+0800][34.399s][info][gc,phases   ] GC(659)   Pre Evacuate Collection Set: 0.3ms
[2025-07-30T16:38:08.574+0800][34.399s][info][gc,phases   ] GC(659)   Merge Heap Roots: 0.0ms
[2025-07-30T16:38:08.574+0800][34.399s][info][gc,phases   ] GC(659)   Evacuate Collection Set: 14.0ms
[2025-07-30T16:38:08.574+0800][34.399s][info][gc,phases   ] GC(659)   Post Evacuate Collection Set: 0.6ms
[2025-07-30T16:38:08.574+0800][34.399s][info][gc,phases   ] GC(659)   Other: 0.1ms
[2025-07-30T16:38:08.574+0800][34.399s][info][gc,heap     ] GC(659) Eden regions: 1017->0(1017)
[2025-07-30T16:38:08.574+0800][34.399s][info][gc,heap     ] GC(659) Survivor regions: 146->146(146)
[2025-07-30T16:38:08.574+0800][34.399s][info][gc,heap     ] GC(659) Old regions: 561->561
[2025-07-30T16:38:08.574+0800][34.399s][info][gc,heap     ] GC(659) Humongous regions: 3->3
[2025-07-30T16:38:08.574+0800][34.399s][info][gc,metaspace] GC(659) Metaspace: 7187K(7488K)->7187K(7488K) NonClass: 6463K(6592K)->6463K(6592K) Class: 724K(896K)->724K(896K)
[2025-07-30T16:38:08.574+0800][34.399s][info][gc          ] GC(659) Pause Young (Normal) (G1 Evacuation Pause) 1726M->708M(2048M) 15.173ms
[2025-07-30T16:38:08.574+0800][34.399s][info][gc,cpu      ] GC(659) User=0.02s Sys=0.00s Real=0.02s
[2025-07-30T16:38:08.574+0800][34.399s][info][safepoint   ] Safepoint "G1CollectForAllocation", Time since last: 38061400 ns, Reaching safepoint: 2300 ns, Cleanup: 3200 ns, At safepoint: 15214300 ns, Total: 15219800 ns
[2025-07-30T16:38:08.610+0800][34.436s][info][gc,start    ] GC(660) Pause Young (Normal) (G1 Evacuation Pause)
[2025-07-30T16:38:08.610+0800][34.436s][info][gc,task     ] GC(660) Using 1 workers of 1 for evacuation
[2025-07-30T16:38:08.625+0800][34.451s][info][gc,phases   ] GC(660)   Pre Evacuate Collection Set: 0.3ms
[2025-07-30T16:38:08.625+0800][34.451s][info][gc,phases   ] GC(660)   Merge Heap Roots: 0.1ms
[2025-07-30T16:38:08.625+0800][34.451s][info][gc,phases   ] GC(660)   Evacuate Collection Set: 13.8ms
[2025-07-30T16:38:08.625+0800][34.451s][info][gc,phases   ] GC(660)   Post Evacuate Collection Set: 0.6ms
[2025-07-30T16:38:08.625+0800][34.451s][info][gc,phases   ] GC(660)   Other: 0.1ms
[2025-07-30T16:38:08.625+0800][34.451s][info][gc,heap     ] GC(660) Eden regions: 1017->0(1019)
[2025-07-30T16:38:08.625+0800][34.451s][info][gc,heap     ] GC(660) Survivor regions: 146->145(146)
[2025-07-30T16:38:08.625+0800][34.451s][info][gc,heap     ] GC(660) Old regions: 561->561
[2025-07-30T16:38:08.625+0800][34.451s][info][gc,heap     ] GC(660) Humongous regions: 3->3
[2025-07-30T16:38:08.625+0800][34.451s][info][gc,metaspace] GC(660) Metaspace: 7187K(7488K)->7187K(7488K) NonClass: 6463K(6592K)->6463K(6592K) Class: 724K(896K)->724K(896K)
[2025-07-30T16:38:08.625+0800][34.451s][info][gc          ] GC(660) Pause Young (Normal) (G1 Evacuation Pause) 1725M->707M(2048M) 15.042ms
[2025-07-30T16:38:08.625+0800][34.451s][info][gc,cpu      ] GC(660) User=0.02s Sys=0.00s Real=0.02s
[2025-07-30T16:38:08.625+0800][34.451s][info][safepoint   ] Safepoint "G1CollectForAllocation", Time since last: 36602800 ns, Reaching safepoint: 2200 ns, Cleanup: 2500 ns, At safepoint: 15078600 ns, Total: 15083300 ns
[2025-07-30T16:38:08.662+0800][34.487s][info][gc,start    ] GC(661) Pause Young (Normal) (G1 Evacuation Pause)
[2025-07-30T16:38:08.662+0800][34.487s][info][gc,task     ] GC(661) Using 1 workers of 1 for evacuation
[2025-07-30T16:38:08.676+0800][34.502s][info][gc,phases   ] GC(661)   Pre Evacuate Collection Set: 0.3ms
[2025-07-30T16:38:08.676+0800][34.502s][info][gc,phases   ] GC(661)   Merge Heap Roots: 0.0ms
[2025-07-30T16:38:08.676+0800][34.502s][info][gc,phases   ] GC(661)   Evacuate Collection Set: 13.8ms
[2025-07-30T16:38:08.676+0800][34.502s][info][gc,phases   ] GC(661)   Post Evacuate Collection Set: 0.5ms
[2025-07-30T16:38:08.676+0800][34.502s][info][gc,phases   ] GC(661)   Other: 0.1ms
[2025-07-30T16:38:08.676+0800][34.502s][info][gc,heap     ] GC(661) Eden regions: 1019->0(1018)
[2025-07-30T16:38:08.676+0800][34.502s][info][gc,heap     ] GC(661) Survivor regions: 145->146(146)
[2025-07-30T16:38:08.676+0800][34.502s][info][gc,heap     ] GC(661) Old regions: 561->561
[2025-07-30T16:38:08.676+0800][34.502s][info][gc,heap     ] GC(661) Humongous regions: 3->3
[2025-07-30T16:38:08.676+0800][34.502s][info][gc,metaspace] GC(661) Metaspace: 7187K(7488K)->7187K(7488K) NonClass: 6463K(6592K)->6463K(6592K) Class: 724K(896K)->724K(896K)
[2025-07-30T16:38:08.676+0800][34.502s][info][gc          ] GC(661) Pause Young (Normal) (G1 Evacuation Pause) 1726M->708M(2048M) 14.971ms
[2025-07-30T16:38:08.676+0800][34.502s][info][gc,cpu      ] GC(661) User=0.02s Sys=0.00s Real=0.01s
[2025-07-30T16:38:08.677+0800][34.502s][info][safepoint   ] Safepoint "G1CollectForAllocation", Time since last: 36184400 ns, Reaching safepoint: 2100 ns, Cleanup: 2700 ns, At safepoint: 15007600 ns, Total: 15012400 ns
[2025-07-30T16:38:08.716+0800][34.541s][info][gc,start    ] GC(662) Pause Young (Normal) (G1 Evacuation Pause)
[2025-07-30T16:38:08.716+0800][34.541s][info][gc,task     ] GC(662) Using 1 workers of 1 for evacuation
[2025-07-30T16:38:08.733+0800][34.559s][info][gc,phases   ] GC(662)   Pre Evacuate Collection Set: 0.4ms
[2025-07-30T16:38:08.733+0800][34.559s][info][gc,phases   ] GC(662)   Merge Heap Roots: 0.1ms
[2025-07-30T16:38:08.733+0800][34.559s][info][gc,phases   ] GC(662)   Evacuate Collection Set: 16.1ms
[2025-07-30T16:38:08.733+0800][34.559s][info][gc,phases   ] GC(662)   Post Evacuate Collection Set: 0.7ms
[2025-07-30T16:38:08.733+0800][34.559s][info][gc,phases   ] GC(662)   Other: 0.1ms
[2025-07-30T16:38:08.733+0800][34.559s][info][gc,heap     ] GC(662) Eden regions: 1018->0(1018)
[2025-07-30T16:38:08.733+0800][34.559s][info][gc,heap     ] GC(662) Survivor regions: 146->146(146)
[2025-07-30T16:38:08.733+0800][34.559s][info][gc,heap     ] GC(662) Old regions: 561->561
[2025-07-30T16:38:08.733+0800][34.559s][info][gc,heap     ] GC(662) Humongous regions: 3->3
[2025-07-30T16:38:08.733+0800][34.559s][info][gc,metaspace] GC(662) Metaspace: 7187K(7488K)->7187K(7488K) NonClass: 6463K(6592K)->6463K(6592K) Class: 724K(896K)->724K(896K)
[2025-07-30T16:38:08.733+0800][34.559s][info][gc          ] GC(662) Pause Young (Normal) (G1 Evacuation Pause) 1726M->708M(2048M) 17.489ms
[2025-07-30T16:38:08.733+0800][34.559s][info][gc,cpu      ] GC(662) User=0.02s Sys=0.00s Real=0.02s
[2025-07-30T16:38:08.733+0800][34.559s][info][safepoint   ] Safepoint "G1CollectForAllocation", Time since last: 39246400 ns, Reaching safepoint: 3200 ns, Cleanup: 3600 ns, At safepoint: 17531600 ns, Total: 17538400 ns
[2025-07-30T16:38:08.771+0800][34.596s][info][gc,start    ] GC(663) Pause Young (Normal) (G1 Evacuation Pause)
[2025-07-30T16:38:08.771+0800][34.597s][info][gc,task     ] GC(663) Using 1 workers of 1 for evacuation
[2025-07-30T16:38:08.786+0800][34.612s][info][gc,phases   ] GC(663)   Pre Evacuate Collection Set: 0.4ms
[2025-07-30T16:38:08.786+0800][34.612s][info][gc,phases   ] GC(663)   Merge Heap Roots: 0.0ms
[2025-07-30T16:38:08.786+0800][34.612s][info][gc,phases   ] GC(663)   Evacuate Collection Set: 14.1ms
[2025-07-30T16:38:08.786+0800][34.612s][info][gc,phases   ] GC(663)   Post Evacuate Collection Set: 0.6ms
[2025-07-30T16:38:08.786+0800][34.612s][info][gc,phases   ] GC(663)   Other: 0.1ms
[2025-07-30T16:38:08.786+0800][34.612s][info][gc,heap     ] GC(663) Eden regions: 1018->0(1017)
[2025-07-30T16:38:08.786+0800][34.612s][info][gc,heap     ] GC(663) Survivor regions: 146->146(146)
[2025-07-30T16:38:08.786+0800][34.612s][info][gc,heap     ] GC(663) Old regions: 561->561
[2025-07-30T16:38:08.786+0800][34.612s][info][gc,heap     ] GC(663) Humongous regions: 3->3
[2025-07-30T16:38:08.786+0800][34.612s][info][gc,metaspace] GC(663) Metaspace: 7187K(7488K)->7187K(7488K) NonClass: 6463K(6592K)->6463K(6592K) Class: 724K(896K)->724K(896K)
[2025-07-30T16:38:08.786+0800][34.612s][info][gc          ] GC(663) Pause Young (Normal) (G1 Evacuation Pause) 1726M->709M(2048M) 15.378ms
[2025-07-30T16:38:08.786+0800][34.612s][info][gc,cpu      ] GC(663) User=0.02s Sys=0.00s Real=0.02s
[2025-07-30T16:38:08.786+0800][34.612s][info][safepoint   ] Safepoint "G1CollectForAllocation", Time since last: 37541200 ns, Reaching safepoint: 2600 ns, Cleanup: 2900 ns, At safepoint: 15424800 ns, Total: 15430300 ns
[2025-07-30T16:38:08.823+0800][34.649s][info][gc,start    ] GC(664) Pause Young (Normal) (G1 Evacuation Pause)
[2025-07-30T16:38:08.823+0800][34.649s][info][gc,task     ] GC(664) Using 1 workers of 1 for evacuation
[2025-07-30T16:38:08.838+0800][34.664s][info][gc,phases   ] GC(664)   Pre Evacuate Collection Set: 0.3ms
[2025-07-30T16:38:08.838+0800][34.664s][info][gc,phases   ] GC(664)   Merge Heap Roots: 0.0ms
[2025-07-30T16:38:08.838+0800][34.664s][info][gc,phases   ] GC(664)   Evacuate Collection Set: 13.8ms
[2025-07-30T16:38:08.838+0800][34.664s][info][gc,phases   ] GC(664)   Post Evacuate Collection Set: 0.6ms
[2025-07-30T16:38:08.838+0800][34.664s][info][gc,phases   ] GC(664)   Other: 0.1ms
[2025-07-30T16:38:08.838+0800][34.664s][info][gc,heap     ] GC(664) Eden regions: 1017->0(1019)
[2025-07-30T16:38:08.838+0800][34.664s][info][gc,heap     ] GC(664) Survivor regions: 146->145(146)
[2025-07-30T16:38:08.838+0800][34.664s][info][gc,heap     ] GC(664) Old regions: 561->561
[2025-07-30T16:38:08.838+0800][34.664s][info][gc,heap     ] GC(664) Humongous regions: 3->3
[2025-07-30T16:38:08.838+0800][34.664s][info][gc,metaspace] GC(664) Metaspace: 7187K(7488K)->7187K(7488K) NonClass: 6463K(6592K)->6463K(6592K) Class: 724K(896K)->724K(896K)
[2025-07-30T16:38:08.838+0800][34.664s][info][gc          ] GC(664) Pause Young (Normal) (G1 Evacuation Pause) 1726M->708M(2048M) 15.070ms
[2025-07-30T16:38:08.838+0800][34.664s][info][gc,cpu      ] GC(664) User=0.02s Sys=0.00s Real=0.02s
[2025-07-30T16:38:08.838+0800][34.664s][info][safepoint   ] Safepoint "G1CollectForAllocation", Time since last: 36698300 ns, Reaching safepoint: 2300 ns, Cleanup: 3100 ns, At safepoint: 15109500 ns, Total: 15114900 ns
[2025-07-30T16:38:08.875+0800][34.700s][info][gc,start    ] GC(665) Pause Young (Normal) (G1 Evacuation Pause)
[2025-07-30T16:38:08.875+0800][34.700s][info][gc,task     ] GC(665) Using 1 workers of 1 for evacuation
[2025-07-30T16:38:08.890+0800][34.715s][info][gc,phases   ] GC(665)   Pre Evacuate Collection Set: 0.3ms
[2025-07-30T16:38:08.890+0800][34.715s][info][gc,phases   ] GC(665)   Merge Heap Roots: 0.0ms
[2025-07-30T16:38:08.890+0800][34.715s][info][gc,phases   ] GC(665)   Evacuate Collection Set: 13.8ms
[2025-07-30T16:38:08.890+0800][34.715s][info][gc,phases   ] GC(665)   Post Evacuate Collection Set: 0.5ms
[2025-07-30T16:38:08.890+0800][34.715s][info][gc,phases   ] GC(665)   Other: 0.1ms
[2025-07-30T16:38:08.890+0800][34.715s][info][gc,heap     ] GC(665) Eden regions: 1019->0(1017)
[2025-07-30T16:38:08.890+0800][34.715s][info][gc,heap     ] GC(665) Survivor regions: 145->146(146)
[2025-07-30T16:38:08.890+0800][34.715s][info][gc,heap     ] GC(665) Old regions: 561->561
[2025-07-30T16:38:08.890+0800][34.715s][info][gc,heap     ] GC(665) Humongous regions: 3->3
[2025-07-30T16:38:08.890+0800][34.715s][info][gc,metaspace] GC(665) Metaspace: 7187K(7488K)->7187K(7488K) NonClass: 6463K(6592K)->6463K(6592K) Class: 724K(896K)->724K(896K)
[2025-07-30T16:38:08.890+0800][34.715s][info][gc          ] GC(665) Pause Young (Normal) (G1 Evacuation Pause) 1727M->709M(2048M) 14.898ms
[2025-07-30T16:38:08.890+0800][34.715s][info][gc,cpu      ] GC(665) User=0.02s Sys=0.00s Real=0.02s
[2025-07-30T16:38:08.890+0800][34.715s][info][safepoint   ] Safepoint "G1CollectForAllocation", Time since last: 36382500 ns, Reaching safepoint: 1900 ns, Cleanup: 2700 ns, At safepoint: 14936300 ns, Total: 14940900 ns
[2025-07-30T16:38:08.926+0800][34.752s][info][gc,start    ] GC(666) Pause Young (Normal) (G1 Evacuation Pause)
[2025-07-30T16:38:08.926+0800][34.752s][info][gc,task     ] GC(666) Using 1 workers of 1 for evacuation
[2025-07-30T16:38:08.941+0800][34.767s][info][gc,phases   ] GC(666)   Pre Evacuate Collection Set: 0.3ms
[2025-07-30T16:38:08.941+0800][34.767s][info][gc,phases   ] GC(666)   Merge Heap Roots: 0.0ms
[2025-07-30T16:38:08.941+0800][34.767s][info][gc,phases   ] GC(666)   Evacuate Collection Set: 13.7ms
[2025-07-30T16:38:08.941+0800][34.767s][info][gc,phases   ] GC(666)   Post Evacuate Collection Set: 0.7ms
[2025-07-30T16:38:08.941+0800][34.767s][info][gc,phases   ] GC(666)   Other: 0.1ms
[2025-07-30T16:38:08.941+0800][34.767s][info][gc,heap     ] GC(666) Eden regions: 1017->0(1019)
[2025-07-30T16:38:08.941+0800][34.767s][info][gc,heap     ] GC(666) Survivor regions: 146->145(146)
[2025-07-30T16:38:08.941+0800][34.767s][info][gc,heap     ] GC(666) Old regions: 561->561
[2025-07-30T16:38:08.941+0800][34.767s][info][gc,heap     ] GC(666) Humongous regions: 3->3
[2025-07-30T16:38:08.941+0800][34.767s][info][gc,metaspace] GC(666) Metaspace: 7187K(7488K)->7187K(7488K) NonClass: 6463K(6592K)->6463K(6592K) Class: 724K(896K)->724K(896K)
[2025-07-30T16:38:08.941+0800][34.767s][info][gc          ] GC(666) Pause Young (Normal) (G1 Evacuation Pause) 1726M->708M(2048M) 15.043ms
[2025-07-30T16:38:08.941+0800][34.767s][info][gc,cpu      ] GC(666) User=0.02s Sys=0.00s Real=0.01s
[2025-07-30T16:38:08.941+0800][34.767s][info][safepoint   ] Safepoint "G1CollectForAllocation", Time since last: 36747200 ns, Reaching safepoint: 1900 ns, Cleanup: 3000 ns, At safepoint: 15080700 ns, Total: 15085600 ns
[2025-07-30T16:38:08.978+0800][34.803s][info][gc,start    ] GC(667) Pause Young (Normal) (G1 Evacuation Pause)
[2025-07-30T16:38:08.978+0800][34.803s][info][gc,task     ] GC(667) Using 1 workers of 1 for evacuation
[2025-07-30T16:38:08.993+0800][34.818s][info][gc,phases   ] GC(667)   Pre Evacuate Collection Set: 0.3ms
[2025-07-30T16:38:08.993+0800][34.818s][info][gc,phases   ] GC(667)   Merge Heap Roots: 0.0ms
[2025-07-30T16:38:08.993+0800][34.818s][info][gc,phases   ] GC(667)   Evacuate Collection Set: 13.8ms
[2025-07-30T16:38:08.993+0800][34.818s][info][gc,phases   ] GC(667)   Post Evacuate Collection Set: 0.7ms
[2025-07-30T16:38:08.993+0800][34.818s][info][gc,phases   ] GC(667)   Other: 0.1ms
[2025-07-30T16:38:08.993+0800][34.818s][info][gc,heap     ] GC(667) Eden regions: 1019->0(1017)
[2025-07-30T16:38:08.993+0800][34.818s][info][gc,heap     ] GC(667) Survivor regions: 145->146(146)
[2025-07-30T16:38:08.993+0800][34.818s][info][gc,heap     ] GC(667) Old regions: 561->561
[2025-07-30T16:38:08.993+0800][34.818s][info][gc,heap     ] GC(667) Humongous regions: 3->3
[2025-07-30T16:38:08.993+0800][34.819s][info][gc,metaspace] GC(667) Metaspace: 7187K(7488K)->7187K(7488K) NonClass: 6463K(6592K)->6463K(6592K) Class: 724K(896K)->724K(896K)
[2025-07-30T16:38:08.993+0800][34.819s][info][gc          ] GC(667) Pause Young (Normal) (G1 Evacuation Pause) 1727M->709M(2048M) 15.072ms
[2025-07-30T16:38:08.993+0800][34.819s][info][gc,cpu      ] GC(667) User=0.02s Sys=0.00s Real=0.02s
[2025-07-30T16:38:08.993+0800][34.819s][info][safepoint   ] Safepoint "G1CollectForAllocation", Time since last: 36581200 ns, Reaching safepoint: 2200 ns, Cleanup: 2700 ns, At safepoint: 15113100 ns, Total: 15118000 ns
[2025-07-30T16:38:09.031+0800][34.856s][info][gc,start    ] GC(668) Pause Young (Normal) (G1 Evacuation Pause)
[2025-07-30T16:38:09.031+0800][34.856s][info][gc,task     ] GC(668) Using 1 workers of 1 for evacuation
[2025-07-30T16:38:09.046+0800][34.872s][info][gc,phases   ] GC(668)   Pre Evacuate Collection Set: 0.4ms
[2025-07-30T16:38:09.046+0800][34.872s][info][gc,phases   ] GC(668)   Merge Heap Roots: 0.1ms
[2025-07-30T16:38:09.046+0800][34.872s][info][gc,phases   ] GC(668)   Evacuate Collection Set: 14.6ms
[2025-07-30T16:38:09.046+0800][34.872s][info][gc,phases   ] GC(668)   Post Evacuate Collection Set: 0.6ms
[2025-07-30T16:38:09.046+0800][34.872s][info][gc,phases   ] GC(668)   Other: 0.1ms
[2025-07-30T16:38:09.046+0800][34.872s][info][gc,heap     ] GC(668) Eden regions: 1017->0(1017)
[2025-07-30T16:38:09.046+0800][34.872s][info][gc,heap     ] GC(668) Survivor regions: 146->146(146)
[2025-07-30T16:38:09.046+0800][34.872s][info][gc,heap     ] GC(668) Old regions: 561->561
[2025-07-30T16:38:09.046+0800][34.872s][info][gc,heap     ] GC(668) Humongous regions: 3->3
[2025-07-30T16:38:09.046+0800][34.872s][info][gc,metaspace] GC(668) Metaspace: 7187K(7488K)->7187K(7488K) NonClass: 6463K(6592K)->6463K(6592K) Class: 724K(896K)->724K(896K)
[2025-07-30T16:38:09.046+0800][34.872s][info][gc          ] GC(668) Pause Young (Normal) (G1 Evacuation Pause) 1726M->708M(2048M) 15.961ms
[2025-07-30T16:38:09.046+0800][34.872s][info][gc,cpu      ] GC(668) User=0.02s Sys=0.00s Real=0.02s
[2025-07-30T16:38:09.046+0800][34.872s][info][safepoint   ] Safepoint "G1CollectForAllocation", Time since last: 37273400 ns, Reaching safepoint: 3000 ns, Cleanup: 3800 ns, At safepoint: 16000000 ns, Total: 16006800 ns
[2025-07-30T16:38:09.086+0800][34.911s][info][gc,start    ] GC(669) Pause Young (Normal) (G1 Evacuation Pause)
[2025-07-30T16:38:09.086+0800][34.911s][info][gc,task     ] GC(669) Using 1 workers of 1 for evacuation
[2025-07-30T16:38:09.102+0800][34.927s][info][gc,phases   ] GC(669)   Pre Evacuate Collection Set: 0.5ms
[2025-07-30T16:38:09.102+0800][34.927s][info][gc,phases   ] GC(669)   Merge Heap Roots: 0.1ms
[2025-07-30T16:38:09.102+0800][34.927s][info][gc,phases   ] GC(669)   Evacuate Collection Set: 14.7ms
[2025-07-30T16:38:09.102+0800][34.927s][info][gc,phases   ] GC(669)   Post Evacuate Collection Set: 0.7ms
[2025-07-30T16:38:09.102+0800][34.927s][info][gc,phases   ] GC(669)   Other: 0.1ms
[2025-07-30T16:38:09.102+0800][34.927s][info][gc,heap     ] GC(669) Eden regions: 1017->0(1019)
[2025-07-30T16:38:09.102+0800][34.927s][info][gc,heap     ] GC(669) Survivor regions: 146->145(146)
[2025-07-30T16:38:09.102+0800][34.927s][info][gc,heap     ] GC(669) Old regions: 561->561
[2025-07-30T16:38:09.102+0800][34.927s][info][gc,heap     ] GC(669) Humongous regions: 3->3
[2025-07-30T16:38:09.102+0800][34.927s][info][gc,metaspace] GC(669) Metaspace: 7188K(7488K)->7188K(7488K) NonClass: 6464K(6592K)->6464K(6592K) Class: 724K(896K)->724K(896K)
[2025-07-30T16:38:09.102+0800][34.927s][info][gc          ] GC(669) Pause Young (Normal) (G1 Evacuation Pause) 1725M->707M(2048M) 16.168ms
[2025-07-30T16:38:09.102+0800][34.927s][info][gc,cpu      ] GC(669) User=0.02s Sys=0.02s Real=0.02s
[2025-07-30T16:38:09.102+0800][34.927s][info][safepoint   ] Safepoint "G1CollectForAllocation", Time since last: 39332700 ns, Reaching safepoint: 3800 ns, Cleanup: 4200 ns, At safepoint: 16208100 ns, Total: 16216100 ns
[2025-07-30T16:38:09.140+0800][34.965s][info][gc,start    ] GC(670) Pause Young (Normal) (G1 Evacuation Pause)
[2025-07-30T16:38:09.140+0800][34.965s][info][gc,task     ] GC(670) Using 1 workers of 1 for evacuation
[2025-07-30T16:38:09.154+0800][34.980s][info][gc,phases   ] GC(670)   Pre Evacuate Collection Set: 0.4ms
[2025-07-30T16:38:09.154+0800][34.980s][info][gc,phases   ] GC(670)   Merge Heap Roots: 0.1ms
[2025-07-30T16:38:09.154+0800][34.980s][info][gc,phases   ] GC(670)   Evacuate Collection Set: 13.9ms
[2025-07-30T16:38:09.154+0800][34.980s][info][gc,phases   ] GC(670)   Post Evacuate Collection Set: 0.7ms
[2025-07-30T16:38:09.154+0800][34.980s][info][gc,phases   ] GC(670)   Other: 0.1ms
[2025-07-30T16:38:09.154+0800][34.980s][info][gc,heap     ] GC(670) Eden regions: 1019->0(1018)
[2025-07-30T16:38:09.154+0800][34.980s][info][gc,heap     ] GC(670) Survivor regions: 145->146(146)
[2025-07-30T16:38:09.154+0800][34.980s][info][gc,heap     ] GC(670) Old regions: 561->561
[2025-07-30T16:38:09.154+0800][34.980s][info][gc,heap     ] GC(670) Humongous regions: 3->3
[2025-07-30T16:38:09.154+0800][34.980s][info][gc,metaspace] GC(670) Metaspace: 7188K(7488K)->7188K(7488K) NonClass: 6464K(6592K)->6464K(6592K) Class: 724K(896K)->724K(896K)
[2025-07-30T16:38:09.154+0800][34.980s][info][gc          ] GC(670) Pause Young (Normal) (G1 Evacuation Pause) 1726M->708M(2048M) 15.288ms
[2025-07-30T16:38:09.154+0800][34.980s][info][gc,cpu      ] GC(670) User=0.02s Sys=0.00s Real=0.01s
[2025-07-30T16:38:09.154+0800][34.980s][info][safepoint   ] Safepoint "G1CollectForAllocation", Time since last: 37633900 ns, Reaching safepoint: 3300 ns, Cleanup: 3200 ns, At safepoint: 15327200 ns, Total: 15333700 ns
[2025-07-30T16:38:09.192+0800][35.017s][info][gc,start    ] GC(671) Pause Young (Normal) (G1 Evacuation Pause)
[2025-07-30T16:38:09.192+0800][35.017s][info][gc,task     ] GC(671) Using 1 workers of 1 for evacuation
[2025-07-30T16:38:09.206+0800][35.032s][info][gc,phases   ] GC(671)   Pre Evacuate Collection Set: 0.3ms
[2025-07-30T16:38:09.206+0800][35.032s][info][gc,phases   ] GC(671)   Merge Heap Roots: 0.1ms
[2025-07-30T16:38:09.206+0800][35.032s][info][gc,phases   ] GC(671)   Evacuate Collection Set: 14.0ms
[2025-07-30T16:38:09.206+0800][35.032s][info][gc,phases   ] GC(671)   Post Evacuate Collection Set: 0.6ms
[2025-07-30T16:38:09.206+0800][35.032s][info][gc,phases   ] GC(671)   Other: 0.1ms
[2025-07-30T16:38:09.206+0800][35.032s][info][gc,heap     ] GC(671) Eden regions: 1018->0(1018)
[2025-07-30T16:38:09.206+0800][35.032s][info][gc,heap     ] GC(671) Survivor regions: 146->146(146)
[2025-07-30T16:38:09.206+0800][35.032s][info][gc,heap     ] GC(671) Old regions: 561->561
[2025-07-30T16:38:09.206+0800][35.032s][info][gc,heap     ] GC(671) Humongous regions: 3->3
[2025-07-30T16:38:09.206+0800][35.032s][info][gc,metaspace] GC(671) Metaspace: 7188K(7488K)->7188K(7488K) NonClass: 6464K(6592K)->6464K(6592K) Class: 724K(896K)->724K(896K)
[2025-07-30T16:38:09.206+0800][35.032s][info][gc          ] GC(671) Pause Young (Normal) (G1 Evacuation Pause) 1726M->708M(2048M) 15.297ms
[2025-07-30T16:38:09.206+0800][35.032s][info][gc,cpu      ] GC(671) User=0.02s Sys=0.00s Real=0.01s
[2025-07-30T16:38:09.206+0800][35.032s][info][safepoint   ] Safepoint "G1CollectForAllocation", Time since last: 36535000 ns, Reaching safepoint: 2100 ns, Cleanup: 2800 ns, At safepoint: 15337000 ns, Total: 15341900 ns
[2025-07-30T16:38:09.243+0800][35.068s][info][gc,start    ] GC(672) Pause Young (Normal) (G1 Evacuation Pause)
[2025-07-30T16:38:09.243+0800][35.068s][info][gc,task     ] GC(672) Using 1 workers of 1 for evacuation
[2025-07-30T16:38:09.257+0800][35.083s][info][gc,phases   ] GC(672)   Pre Evacuate Collection Set: 0.3ms
[2025-07-30T16:38:09.257+0800][35.083s][info][gc,phases   ] GC(672)   Merge Heap Roots: 0.1ms
[2025-07-30T16:38:09.257+0800][35.083s][info][gc,phases   ] GC(672)   Evacuate Collection Set: 13.6ms
[2025-07-30T16:38:09.257+0800][35.083s][info][gc,phases   ] GC(672)   Post Evacuate Collection Set: 0.6ms
[2025-07-30T16:38:09.257+0800][35.083s][info][gc,phases   ] GC(672)   Other: 0.1ms
[2025-07-30T16:38:09.257+0800][35.083s][info][gc,heap     ] GC(672) Eden regions: 1018->0(1018)
[2025-07-30T16:38:09.257+0800][35.083s][info][gc,heap     ] GC(672) Survivor regions: 146->146(146)
[2025-07-30T16:38:09.257+0800][35.083s][info][gc,heap     ] GC(672) Old regions: 561->561
[2025-07-30T16:38:09.257+0800][35.083s][info][gc,heap     ] GC(672) Humongous regions: 3->3
[2025-07-30T16:38:09.257+0800][35.083s][info][gc,metaspace] GC(672) Metaspace: 7188K(7488K)->7188K(7488K) NonClass: 6464K(6592K)->6464K(6592K) Class: 724K(896K)->724K(896K)
[2025-07-30T16:38:09.258+0800][35.083s][info][gc          ] GC(672) Pause Young (Normal) (G1 Evacuation Pause) 1726M->708M(2048M) 14.869ms
[2025-07-30T16:38:09.258+0800][35.083s][info][gc,cpu      ] GC(672) User=0.02s Sys=0.00s Real=0.01s
[2025-07-30T16:38:09.258+0800][35.083s][info][safepoint   ] Safepoint "G1CollectForAllocation", Time since last: 36195600 ns, Reaching safepoint: 2000 ns, Cleanup: 2600 ns, At safepoint: 14908200 ns, Total: 14912800 ns
[2025-07-30T16:38:09.295+0800][35.120s][info][gc,start    ] GC(673) Pause Young (Normal) (G1 Evacuation Pause)
[2025-07-30T16:38:09.295+0800][35.120s][info][gc,task     ] GC(673) Using 1 workers of 1 for evacuation
[2025-07-30T16:38:09.309+0800][35.135s][info][gc,phases   ] GC(673)   Pre Evacuate Collection Set: 0.3ms
[2025-07-30T16:38:09.309+0800][35.135s][info][gc,phases   ] GC(673)   Merge Heap Roots: 0.0ms
[2025-07-30T16:38:09.309+0800][35.135s][info][gc,phases   ] GC(673)   Evacuate Collection Set: 13.7ms
[2025-07-30T16:38:09.309+0800][35.135s][info][gc,phases   ] GC(673)   Post Evacuate Collection Set: 0.5ms
[2025-07-30T16:38:09.309+0800][35.135s][info][gc,phases   ] GC(673)   Other: 0.1ms
[2025-07-30T16:38:09.309+0800][35.135s][info][gc,heap     ] GC(673) Eden regions: 1018->0(1017)
[2025-07-30T16:38:09.309+0800][35.135s][info][gc,heap     ] GC(673) Survivor regions: 146->146(146)
[2025-07-30T16:38:09.309+0800][35.135s][info][gc,heap     ] GC(673) Old regions: 561->561
[2025-07-30T16:38:09.309+0800][35.135s][info][gc,heap     ] GC(673) Humongous regions: 3->3
[2025-07-30T16:38:09.309+0800][35.135s][info][gc,metaspace] GC(673) Metaspace: 7188K(7488K)->7188K(7488K) NonClass: 6464K(6592K)->6464K(6592K) Class: 724K(896K)->724K(896K)
[2025-07-30T16:38:09.309+0800][35.135s][info][gc          ] GC(673) Pause Young (Normal) (G1 Evacuation Pause) 1726M->709M(2048M) 14.825ms
[2025-07-30T16:38:09.309+0800][35.135s][info][gc,cpu      ] GC(673) User=0.02s Sys=0.00s Real=0.01s
[2025-07-30T16:38:09.309+0800][35.135s][info][safepoint   ] Safepoint "G1CollectForAllocation", Time since last: 36729200 ns, Reaching safepoint: 2300 ns, Cleanup: 2400 ns, At safepoint: 14863900 ns, Total: 14868600 ns
[2025-07-30T16:38:09.345+0800][35.171s][info][gc,start    ] GC(674) Pause Young (Normal) (G1 Evacuation Pause)
[2025-07-30T16:38:09.345+0800][35.171s][info][gc,task     ] GC(674) Using 1 workers of 1 for evacuation
[2025-07-30T16:38:09.361+0800][35.186s][info][gc,phases   ] GC(674)   Pre Evacuate Collection Set: 0.3ms
[2025-07-30T16:38:09.361+0800][35.186s][info][gc,phases   ] GC(674)   Merge Heap Roots: 0.1ms
[2025-07-30T16:38:09.361+0800][35.186s][info][gc,phases   ] GC(674)   Evacuate Collection Set: 13.5ms
[2025-07-30T16:38:09.361+0800][35.186s][info][gc,phases   ] GC(674)   Post Evacuate Collection Set: 0.6ms
[2025-07-30T16:38:09.361+0800][35.186s][info][gc,phases   ] GC(674)   Other: 0.1ms
[2025-07-30T16:38:09.361+0800][35.186s][info][gc,heap     ] GC(674) Eden regions: 1017->0(1019)
[2025-07-30T16:38:09.361+0800][35.186s][info][gc,heap     ] GC(674) Survivor regions: 146->145(146)
[2025-07-30T16:38:09.361+0800][35.186s][info][gc,heap     ] GC(674) Old regions: 561->561
[2025-07-30T16:38:09.361+0800][35.186s][info][gc,heap     ] GC(674) Humongous regions: 3->3
[2025-07-30T16:38:09.361+0800][35.186s][info][gc,metaspace] GC(674) Metaspace: 7188K(7488K)->7188K(7488K) NonClass: 6464K(6592K)->6464K(6592K) Class: 724K(896K)->724K(896K)
[2025-07-30T16:38:09.361+0800][35.186s][info][gc          ] GC(674) Pause Young (Normal) (G1 Evacuation Pause) 1726M->708M(2048M) 14.810ms
[2025-07-30T16:38:09.361+0800][35.186s][info][gc,cpu      ] GC(674) User=0.02s Sys=0.00s Real=0.02s
[2025-07-30T16:38:09.361+0800][35.186s][info][safepoint   ] Safepoint "G1CollectForAllocation", Time since last: 36410300 ns, Reaching safepoint: 2000 ns, Cleanup: 2700 ns, At safepoint: 14849200 ns, Total: 14853900 ns
[2025-07-30T16:38:09.398+0800][35.223s][info][gc,start    ] GC(675) Pause Young (Normal) (G1 Evacuation Pause)
[2025-07-30T16:38:09.398+0800][35.223s][info][gc,task     ] GC(675) Using 1 workers of 1 for evacuation
[2025-07-30T16:38:09.413+0800][35.238s][info][gc,phases   ] GC(675)   Pre Evacuate Collection Set: 0.3ms
[2025-07-30T16:38:09.413+0800][35.238s][info][gc,phases   ] GC(675)   Merge Heap Roots: 0.0ms
[2025-07-30T16:38:09.413+0800][35.238s][info][gc,phases   ] GC(675)   Evacuate Collection Set: 14.2ms
[2025-07-30T16:38:09.413+0800][35.238s][info][gc,phases   ] GC(675)   Post Evacuate Collection Set: 0.6ms
[2025-07-30T16:38:09.413+0800][35.238s][info][gc,phases   ] GC(675)   Other: 0.1ms
[2025-07-30T16:38:09.413+0800][35.238s][info][gc,heap     ] GC(675) Eden regions: 1019->0(1017)
[2025-07-30T16:38:09.413+0800][35.238s][info][gc,heap     ] GC(675) Survivor regions: 145->146(146)
[2025-07-30T16:38:09.413+0800][35.238s][info][gc,heap     ] GC(675) Old regions: 561->561
[2025-07-30T16:38:09.413+0800][35.238s][info][gc,heap     ] GC(675) Humongous regions: 3->3
[2025-07-30T16:38:09.413+0800][35.238s][info][gc,metaspace] GC(675) Metaspace: 7188K(7488K)->7188K(7488K) NonClass: 6464K(6592K)->6464K(6592K) Class: 724K(896K)->724K(896K)
[2025-07-30T16:38:09.413+0800][35.238s][info][gc          ] GC(675) Pause Young (Normal) (G1 Evacuation Pause) 1727M->709M(2048M) 15.447ms
[2025-07-30T16:38:09.413+0800][35.238s][info][gc,cpu      ] GC(675) User=0.02s Sys=0.00s Real=0.02s
[2025-07-30T16:38:09.413+0800][35.238s][info][safepoint   ] Safepoint "G1CollectForAllocation", Time since last: 36518400 ns, Reaching safepoint: 2400 ns, Cleanup: 3000 ns, At safepoint: 15487900 ns, Total: 15493300 ns
[2025-07-30T16:38:09.449+0800][35.275s][info][gc,start    ] GC(676) Pause Young (Normal) (G1 Evacuation Pause)
[2025-07-30T16:38:09.450+0800][35.275s][info][gc,task     ] GC(676) Using 1 workers of 1 for evacuation
[2025-07-30T16:38:09.465+0800][35.290s][info][gc,phases   ] GC(676)   Pre Evacuate Collection Set: 0.3ms
[2025-07-30T16:38:09.465+0800][35.290s][info][gc,phases   ] GC(676)   Merge Heap Roots: 0.1ms
[2025-07-30T16:38:09.465+0800][35.290s][info][gc,phases   ] GC(676)   Evacuate Collection Set: 13.8ms
[2025-07-30T16:38:09.465+0800][35.290s][info][gc,phases   ] GC(676)   Post Evacuate Collection Set: 0.6ms
[2025-07-30T16:38:09.465+0800][35.290s][info][gc,phases   ] GC(676)   Other: 0.1ms
[2025-07-30T16:38:09.465+0800][35.290s][info][gc,heap     ] GC(676) Eden regions: 1017->0(1019)
[2025-07-30T16:38:09.465+0800][35.290s][info][gc,heap     ] GC(676) Survivor regions: 146->145(146)
[2025-07-30T16:38:09.465+0800][35.290s][info][gc,heap     ] GC(676) Old regions: 561->561
[2025-07-30T16:38:09.465+0800][35.290s][info][gc,heap     ] GC(676) Humongous regions: 3->3
[2025-07-30T16:38:09.465+0800][35.290s][info][gc,metaspace] GC(676) Metaspace: 7188K(7488K)->7188K(7488K) NonClass: 6464K(6592K)->6464K(6592K) Class: 724K(896K)->724K(896K)
[2025-07-30T16:38:09.465+0800][35.290s][info][gc          ] GC(676) Pause Young (Normal) (G1 Evacuation Pause) 1726M->708M(2048M) 15.080ms
[2025-07-30T16:38:09.465+0800][35.290s][info][gc,cpu      ] GC(676) User=0.02s Sys=0.00s Real=0.02s
[2025-07-30T16:38:09.465+0800][35.290s][info][safepoint   ] Safepoint "G1CollectForAllocation", Time since last: 36810400 ns, Reaching safepoint: 2700 ns, Cleanup: 3500 ns, At safepoint: 15120400 ns, Total: 15126600 ns
[2025-07-30T16:38:09.502+0800][35.327s][info][gc,start    ] GC(677) Pause Young (Normal) (G1 Evacuation Pause)
[2025-07-30T16:38:09.502+0800][35.327s][info][gc,task     ] GC(677) Using 1 workers of 1 for evacuation
[2025-07-30T16:38:09.518+0800][35.343s][info][gc,phases   ] GC(677)   Pre Evacuate Collection Set: 0.4ms
[2025-07-30T16:38:09.518+0800][35.343s][info][gc,phases   ] GC(677)   Merge Heap Roots: 0.1ms
[2025-07-30T16:38:09.518+0800][35.343s][info][gc,phases   ] GC(677)   Evacuate Collection Set: 14.1ms
[2025-07-30T16:38:09.518+0800][35.343s][info][gc,phases   ] GC(677)   Post Evacuate Collection Set: 0.6ms
[2025-07-30T16:38:09.518+0800][35.343s][info][gc,phases   ] GC(677)   Other: 0.1ms
[2025-07-30T16:38:09.518+0800][35.343s][info][gc,heap     ] GC(677) Eden regions: 1019->0(1017)
[2025-07-30T16:38:09.518+0800][35.343s][info][gc,heap     ] GC(677) Survivor regions: 145->146(146)
[2025-07-30T16:38:09.518+0800][35.343s][info][gc,heap     ] GC(677) Old regions: 561->561
[2025-07-30T16:38:09.518+0800][35.343s][info][gc,heap     ] GC(677) Humongous regions: 3->3
[2025-07-30T16:38:09.518+0800][35.343s][info][gc,metaspace] GC(677) Metaspace: 7188K(7488K)->7188K(7488K) NonClass: 6464K(6592K)->6464K(6592K) Class: 724K(896K)->724K(896K)
[2025-07-30T16:38:09.518+0800][35.343s][info][gc          ] GC(677) Pause Young (Normal) (G1 Evacuation Pause) 1727M->709M(2048M) 15.442ms
[2025-07-30T16:38:09.518+0800][35.343s][info][gc,cpu      ] GC(677) User=0.02s Sys=0.00s Real=0.02s
[2025-07-30T16:38:09.518+0800][35.343s][info][safepoint   ] Safepoint "G1CollectForAllocation", Time since last: 37210300 ns, Reaching safepoint: 3400 ns, Cleanup: 3900 ns, At safepoint: 15484700 ns, Total: 15492000 ns
[2025-07-30T16:38:09.554+0800][35.379s][info][gc,start    ] GC(678) Pause Young (Normal) (G1 Evacuation Pause)
[2025-07-30T16:38:09.554+0800][35.379s][info][gc,task     ] GC(678) Using 1 workers of 1 for evacuation
[2025-07-30T16:38:09.569+0800][35.394s][info][gc,phases   ] GC(678)   Pre Evacuate Collection Set: 0.3ms
[2025-07-30T16:38:09.569+0800][35.394s][info][gc,phases   ] GC(678)   Merge Heap Roots: 0.0ms
[2025-07-30T16:38:09.569+0800][35.394s][info][gc,phases   ] GC(678)   Evacuate Collection Set: 14.0ms
[2025-07-30T16:38:09.569+0800][35.394s][info][gc,phases   ] GC(678)   Post Evacuate Collection Set: 0.6ms
[2025-07-30T16:38:09.569+0800][35.394s][info][gc,phases   ] GC(678)   Other: 0.1ms
[2025-07-30T16:38:09.569+0800][35.394s][info][gc,heap     ] GC(678) Eden regions: 1017->0(1017)
[2025-07-30T16:38:09.569+0800][35.394s][info][gc,heap     ] GC(678) Survivor regions: 146->146(146)
[2025-07-30T16:38:09.569+0800][35.394s][info][gc,heap     ] GC(678) Old regions: 561->561
[2025-07-30T16:38:09.569+0800][35.394s][info][gc,heap     ] GC(678) Humongous regions: 3->3
[2025-07-30T16:38:09.569+0800][35.394s][info][gc,metaspace] GC(678) Metaspace: 7188K(7488K)->7188K(7488K) NonClass: 6464K(6592K)->6464K(6592K) Class: 724K(896K)->724K(896K)
[2025-07-30T16:38:09.569+0800][35.394s][info][gc          ] GC(678) Pause Young (Normal) (G1 Evacuation Pause) 1726M->708M(2048M) 15.196ms
[2025-07-30T16:38:09.569+0800][35.394s][info][gc,cpu      ] GC(678) User=0.02s Sys=0.00s Real=0.02s
[2025-07-30T16:38:09.569+0800][35.395s][info][safepoint   ] Safepoint "G1CollectForAllocation", Time since last: 36411900 ns, Reaching safepoint: 2900 ns, Cleanup: 4000 ns, At safepoint: 15236400 ns, Total: 15243300 ns
[2025-07-30T16:38:09.605+0800][35.431s][info][gc,start    ] GC(679) Pause Young (Normal) (G1 Evacuation Pause)
[2025-07-30T16:38:09.605+0800][35.431s][info][gc,task     ] GC(679) Using 1 workers of 1 for evacuation
[2025-07-30T16:38:09.620+0800][35.445s][info][gc,phases   ] GC(679)   Pre Evacuate Collection Set: 0.3ms
[2025-07-30T16:38:09.620+0800][35.445s][info][gc,phases   ] GC(679)   Merge Heap Roots: 0.0ms
[2025-07-30T16:38:09.620+0800][35.445s][info][gc,phases   ] GC(679)   Evacuate Collection Set: 13.7ms
[2025-07-30T16:38:09.620+0800][35.445s][info][gc,phases   ] GC(679)   Post Evacuate Collection Set: 0.6ms
[2025-07-30T16:38:09.620+0800][35.445s][info][gc,phases   ] GC(679)   Other: 0.1ms
[2025-07-30T16:38:09.620+0800][35.445s][info][gc,heap     ] GC(679) Eden regions: 1017->0(1019)
[2025-07-30T16:38:09.620+0800][35.445s][info][gc,heap     ] GC(679) Survivor regions: 146->145(146)
[2025-07-30T16:38:09.620+0800][35.445s][info][gc,heap     ] GC(679) Old regions: 561->561
[2025-07-30T16:38:09.620+0800][35.446s][info][gc,heap     ] GC(679) Humongous regions: 3->3
[2025-07-30T16:38:09.620+0800][35.446s][info][gc,metaspace] GC(679) Metaspace: 7188K(7488K)->7188K(7488K) NonClass: 6464K(6592K)->6464K(6592K) Class: 724K(896K)->724K(896K)
[2025-07-30T16:38:09.620+0800][35.446s][info][gc          ] GC(679) Pause Young (Normal) (G1 Evacuation Pause) 1725M->707M(2048M) 14.974ms
[2025-07-30T16:38:09.620+0800][35.446s][info][gc,cpu      ] GC(679) User=0.02s Sys=0.00s Real=0.01s
[2025-07-30T16:38:09.620+0800][35.446s][info][safepoint   ] Safepoint "G1CollectForAllocation", Time since last: 36050400 ns, Reaching safepoint: 1900 ns, Cleanup: 2900 ns, At safepoint: 15013000 ns, Total: 15017800 ns
[2025-07-30T16:38:09.657+0800][35.483s][info][gc,start    ] GC(680) Pause Young (Normal) (G1 Evacuation Pause)
[2025-07-30T16:38:09.657+0800][35.483s][info][gc,task     ] GC(680) Using 1 workers of 1 for evacuation
[2025-07-30T16:38:09.672+0800][35.498s][info][gc,phases   ] GC(680)   Pre Evacuate Collection Set: 0.4ms
[2025-07-30T16:38:09.672+0800][35.498s][info][gc,phases   ] GC(680)   Merge Heap Roots: 0.1ms
[2025-07-30T16:38:09.672+0800][35.498s][info][gc,phases   ] GC(680)   Evacuate Collection Set: 14.0ms
[2025-07-30T16:38:09.672+0800][35.498s][info][gc,phases   ] GC(680)   Post Evacuate Collection Set: 0.6ms
[2025-07-30T16:38:09.672+0800][35.498s][info][gc,phases   ] GC(680)   Other: 0.1ms
[2025-07-30T16:38:09.672+0800][35.498s][info][gc,heap     ] GC(680) Eden regions: 1019->0(1018)
[2025-07-30T16:38:09.672+0800][35.498s][info][gc,heap     ] GC(680) Survivor regions: 145->146(146)
[2025-07-30T16:38:09.672+0800][35.498s][info][gc,heap     ] GC(680) Old regions: 561->561
[2025-07-30T16:38:09.672+0800][35.498s][info][gc,heap     ] GC(680) Humongous regions: 3->3
[2025-07-30T16:38:09.672+0800][35.498s][info][gc,metaspace] GC(680) Metaspace: 7188K(7488K)->7188K(7488K) NonClass: 6464K(6592K)->6464K(6592K) Class: 724K(896K)->724K(896K)
[2025-07-30T16:38:09.672+0800][35.498s][info][gc          ] GC(680) Pause Young (Normal) (G1 Evacuation Pause) 1726M->708M(2048M) 15.392ms
[2025-07-30T16:38:09.672+0800][35.498s][info][gc,cpu      ] GC(680) User=0.02s Sys=0.00s Real=0.01s
[2025-07-30T16:38:09.672+0800][35.498s][info][safepoint   ] Safepoint "G1CollectForAllocation", Time since last: 36967400 ns, Reaching safepoint: 2900 ns, Cleanup: 3200 ns, At safepoint: 15430400 ns, Total: 15436500 ns
[2025-07-30T16:38:09.709+0800][35.534s][info][gc,start    ] GC(681) Pause Young (Normal) (G1 Evacuation Pause)
[2025-07-30T16:38:09.709+0800][35.534s][info][gc,task     ] GC(681) Using 1 workers of 1 for evacuation
[2025-07-30T16:38:09.724+0800][35.549s][info][gc,phases   ] GC(681)   Pre Evacuate Collection Set: 0.4ms
[2025-07-30T16:38:09.724+0800][35.549s][info][gc,phases   ] GC(681)   Merge Heap Roots: 0.1ms
[2025-07-30T16:38:09.724+0800][35.549s][info][gc,phases   ] GC(681)   Evacuate Collection Set: 13.9ms
[2025-07-30T16:38:09.724+0800][35.549s][info][gc,phases   ] GC(681)   Post Evacuate Collection Set: 0.6ms
[2025-07-30T16:38:09.724+0800][35.549s][info][gc,phases   ] GC(681)   Other: 0.1ms
[2025-07-30T16:38:09.724+0800][35.549s][info][gc,heap     ] GC(681) Eden regions: 1018->0(1018)
[2025-07-30T16:38:09.724+0800][35.549s][info][gc,heap     ] GC(681) Survivor regions: 146->146(146)
[2025-07-30T16:38:09.724+0800][35.549s][info][gc,heap     ] GC(681) Old regions: 561->561
[2025-07-30T16:38:09.724+0800][35.549s][info][gc,heap     ] GC(681) Humongous regions: 3->3
[2025-07-30T16:38:09.724+0800][35.549s][info][gc,metaspace] GC(681) Metaspace: 7188K(7488K)->7188K(7488K) NonClass: 6464K(6592K)->6464K(6592K) Class: 724K(896K)->724K(896K)
[2025-07-30T16:38:09.724+0800][35.549s][info][gc          ] GC(681) Pause Young (Normal) (G1 Evacuation Pause) 1726M->708M(2048M) 15.221ms
[2025-07-30T16:38:09.724+0800][35.549s][info][gc,cpu      ] GC(681) User=0.02s Sys=0.00s Real=0.01s
[2025-07-30T16:38:09.724+0800][35.550s][info][safepoint   ] Safepoint "G1CollectForAllocation", Time since last: 36264300 ns, Reaching safepoint: 1800 ns, Cleanup: 2800 ns, At safepoint: 15263500 ns, Total: 15268100 ns
[2025-07-30T16:38:09.762+0800][35.588s][info][gc,start    ] GC(682) Pause Young (Normal) (G1 Evacuation Pause)
[2025-07-30T16:38:09.763+0800][35.588s][info][gc,task     ] GC(682) Using 1 workers of 1 for evacuation
[2025-07-30T16:38:09.778+0800][35.603s][info][gc,phases   ] GC(682)   Pre Evacuate Collection Set: 0.3ms
[2025-07-30T16:38:09.778+0800][35.603s][info][gc,phases   ] GC(682)   Merge Heap Roots: 0.0ms
[2025-07-30T16:38:09.778+0800][35.603s][info][gc,phases   ] GC(682)   Evacuate Collection Set: 13.6ms
[2025-07-30T16:38:09.778+0800][35.603s][info][gc,phases   ] GC(682)   Post Evacuate Collection Set: 0.6ms
[2025-07-30T16:38:09.778+0800][35.603s][info][gc,phases   ] GC(682)   Other: 0.1ms
[2025-07-30T16:38:09.778+0800][35.603s][info][gc,heap     ] GC(682) Eden regions: 1018->0(1017)
[2025-07-30T16:38:09.778+0800][35.603s][info][gc,heap     ] GC(682) Survivor regions: 146->146(146)
[2025-07-30T16:38:09.778+0800][35.603s][info][gc,heap     ] GC(682) Old regions: 561->561
[2025-07-30T16:38:09.778+0800][35.603s][info][gc,heap     ] GC(682) Humongous regions: 3->3
[2025-07-30T16:38:09.778+0800][35.603s][info][gc,metaspace] GC(682) Metaspace: 7188K(7488K)->7188K(7488K) NonClass: 6464K(6592K)->6464K(6592K) Class: 724K(896K)->724K(896K)
[2025-07-30T16:38:09.778+0800][35.603s][info][gc          ] GC(682) Pause Young (Normal) (G1 Evacuation Pause) 1726M->709M(2048M) 14.909ms
[2025-07-30T16:38:09.778+0800][35.603s][info][gc,cpu      ] GC(682) User=0.02s Sys=0.00s Real=0.02s
[2025-07-30T16:38:09.778+0800][35.603s][info][safepoint   ] Safepoint "G1CollectForAllocation", Time since last: 38420700 ns, Reaching safepoint: 2500 ns, Cleanup: 3300 ns, At safepoint: 15011000 ns, Total: 15016800 ns
[2025-07-30T16:38:09.815+0800][35.640s][info][gc,start    ] GC(683) Pause Young (Normal) (G1 Evacuation Pause)
[2025-07-30T16:38:09.815+0800][35.640s][info][gc,task     ] GC(683) Using 1 workers of 1 for evacuation
[2025-07-30T16:38:09.829+0800][35.655s][info][gc,phases   ] GC(683)   Pre Evacuate Collection Set: 0.3ms
[2025-07-30T16:38:09.829+0800][35.655s][info][gc,phases   ] GC(683)   Merge Heap Roots: 0.0ms
[2025-07-30T16:38:09.829+0800][35.655s][info][gc,phases   ] GC(683)   Evacuate Collection Set: 13.6ms
[2025-07-30T16:38:09.829+0800][35.655s][info][gc,phases   ] GC(683)   Post Evacuate Collection Set: 0.6ms
[2025-07-30T16:38:09.829+0800][35.655s][info][gc,phases   ] GC(683)   Other: 0.1ms
[2025-07-30T16:38:09.829+0800][35.655s][info][gc,heap     ] GC(683) Eden regions: 1017->0(1019)
[2025-07-30T16:38:09.829+0800][35.655s][info][gc,heap     ] GC(683) Survivor regions: 146->145(146)
[2025-07-30T16:38:09.829+0800][35.655s][info][gc,heap     ] GC(683) Old regions: 561->561
[2025-07-30T16:38:09.829+0800][35.655s][info][gc,heap     ] GC(683) Humongous regions: 3->3
[2025-07-30T16:38:09.829+0800][35.655s][info][gc,metaspace] GC(683) Metaspace: 7188K(7488K)->7188K(7488K) NonClass: 6464K(6592K)->6464K(6592K) Class: 724K(896K)->724K(896K)
[2025-07-30T16:38:09.829+0800][35.655s][info][gc          ] GC(683) Pause Young (Normal) (G1 Evacuation Pause) 1726M->708M(2048M) 14.778ms
[2025-07-30T16:38:09.829+0800][35.655s][info][gc,cpu      ] GC(683) User=0.02s Sys=0.00s Real=0.01s
[2025-07-30T16:38:09.829+0800][35.655s][info][safepoint   ] Safepoint "G1CollectForAllocation", Time since last: 37271400 ns, Reaching safepoint: 2000 ns, Cleanup: 3200 ns, At safepoint: 14813900 ns, Total: 14819100 ns
[2025-07-30T16:38:09.867+0800][35.692s][info][gc,start    ] GC(684) Pause Young (Normal) (G1 Evacuation Pause)
[2025-07-30T16:38:09.867+0800][35.692s][info][gc,task     ] GC(684) Using 1 workers of 1 for evacuation
[2025-07-30T16:38:09.882+0800][35.707s][info][gc,phases   ] GC(684)   Pre Evacuate Collection Set: 0.3ms
[2025-07-30T16:38:09.882+0800][35.707s][info][gc,phases   ] GC(684)   Merge Heap Roots: 0.0ms
[2025-07-30T16:38:09.882+0800][35.707s][info][gc,phases   ] GC(684)   Evacuate Collection Set: 14.1ms
[2025-07-30T16:38:09.882+0800][35.707s][info][gc,phases   ] GC(684)   Post Evacuate Collection Set: 0.6ms
[2025-07-30T16:38:09.882+0800][35.707s][info][gc,phases   ] GC(684)   Other: 0.1ms
[2025-07-30T16:38:09.882+0800][35.707s][info][gc,heap     ] GC(684) Eden regions: 1019->0(1017)
[2025-07-30T16:38:09.882+0800][35.707s][info][gc,heap     ] GC(684) Survivor regions: 145->146(146)
[2025-07-30T16:38:09.882+0800][35.707s][info][gc,heap     ] GC(684) Old regions: 561->561
[2025-07-30T16:38:09.882+0800][35.707s][info][gc,heap     ] GC(684) Humongous regions: 3->3
[2025-07-30T16:38:09.882+0800][35.707s][info][gc,metaspace] GC(684) Metaspace: 7188K(7488K)->7188K(7488K) NonClass: 6464K(6592K)->6464K(6592K) Class: 724K(896K)->724K(896K)
[2025-07-30T16:38:09.882+0800][35.707s][info][gc          ] GC(684) Pause Young (Normal) (G1 Evacuation Pause) 1727M->709M(2048M) 15.339ms
[2025-07-30T16:38:09.882+0800][35.707s][info][gc,cpu      ] GC(684) User=0.02s Sys=0.00s Real=0.01s
[2025-07-30T16:38:09.882+0800][35.707s][info][safepoint   ] Safepoint "G1CollectForAllocation", Time since last: 36711100 ns, Reaching safepoint: 2400 ns, Cleanup: 3100 ns, At safepoint: 15378700 ns, Total: 15384200 ns
[2025-07-30T16:38:09.918+0800][35.744s][info][gc,start    ] GC(685) Pause Young (Normal) (G1 Evacuation Pause)
[2025-07-30T16:38:09.918+0800][35.744s][info][gc,task     ] GC(685) Using 1 workers of 1 for evacuation
[2025-07-30T16:38:09.933+0800][35.758s][info][gc,phases   ] GC(685)   Pre Evacuate Collection Set: 0.3ms
[2025-07-30T16:38:09.933+0800][35.758s][info][gc,phases   ] GC(685)   Merge Heap Roots: 0.1ms
[2025-07-30T16:38:09.933+0800][35.758s][info][gc,phases   ] GC(685)   Evacuate Collection Set: 13.7ms
[2025-07-30T16:38:09.933+0800][35.758s][info][gc,phases   ] GC(685)   Post Evacuate Collection Set: 0.6ms
[2025-07-30T16:38:09.933+0800][35.758s][info][gc,phases   ] GC(685)   Other: 0.2ms
[2025-07-30T16:38:09.933+0800][35.758s][info][gc,heap     ] GC(685) Eden regions: 1017->0(1019)
[2025-07-30T16:38:09.933+0800][35.758s][info][gc,heap     ] GC(685) Survivor regions: 146->145(146)
[2025-07-30T16:38:09.933+0800][35.758s][info][gc,heap     ] GC(685) Old regions: 561->561
[2025-07-30T16:38:09.933+0800][35.758s][info][gc,heap     ] GC(685) Humongous regions: 3->3
[2025-07-30T16:38:09.933+0800][35.759s][info][gc,metaspace] GC(685) Metaspace: 7188K(7488K)->7188K(7488K) NonClass: 6464K(6592K)->6464K(6592K) Class: 724K(896K)->724K(896K)
[2025-07-30T16:38:09.933+0800][35.759s][info][gc          ] GC(685) Pause Young (Normal) (G1 Evacuation Pause) 1726M->708M(2048M) 15.005ms
[2025-07-30T16:38:09.933+0800][35.759s][info][gc,cpu      ] GC(685) User=0.02s Sys=0.00s Real=0.02s
[2025-07-30T16:38:09.933+0800][35.759s][info][safepoint   ] Safepoint "G1CollectForAllocation", Time since last: 36370900 ns, Reaching safepoint: 2100 ns, Cleanup: 2900 ns, At safepoint: 15047800 ns, Total: 15052800 ns
[2025-07-30T16:38:09.969+0800][35.795s][info][gc,start    ] GC(686) Pause Young (Normal) (G1 Evacuation Pause)
[2025-07-30T16:38:09.969+0800][35.795s][info][gc,task     ] GC(686) Using 1 workers of 1 for evacuation
[2025-07-30T16:38:09.985+0800][35.810s][info][gc,phases   ] GC(686)   Pre Evacuate Collection Set: 0.3ms
[2025-07-30T16:38:09.985+0800][35.810s][info][gc,phases   ] GC(686)   Merge Heap Roots: 0.1ms
[2025-07-30T16:38:09.985+0800][35.810s][info][gc,phases   ] GC(686)   Evacuate Collection Set: 14.0ms
[2025-07-30T16:38:09.985+0800][35.810s][info][gc,phases   ] GC(686)   Post Evacuate Collection Set: 0.6ms
[2025-07-30T16:38:09.985+0800][35.810s][info][gc,phases   ] GC(686)   Other: 0.1ms
[2025-07-30T16:38:09.985+0800][35.810s][info][gc,heap     ] GC(686) Eden regions: 1019->0(1017)
[2025-07-30T16:38:09.985+0800][35.810s][info][gc,heap     ] GC(686) Survivor regions: 145->146(146)
[2025-07-30T16:38:09.985+0800][35.810s][info][gc,heap     ] GC(686) Old regions: 561->561
[2025-07-30T16:38:09.985+0800][35.810s][info][gc,heap     ] GC(686) Humongous regions: 3->3
[2025-07-30T16:38:09.985+0800][35.810s][info][gc,metaspace] GC(686) Metaspace: 7188K(7488K)->7188K(7488K) NonClass: 6464K(6592K)->6464K(6592K) Class: 724K(896K)->724K(896K)
[2025-07-30T16:38:09.985+0800][35.810s][info][gc          ] GC(686) Pause Young (Normal) (G1 Evacuation Pause) 1727M->709M(2048M) 15.182ms
[2025-07-30T16:38:09.985+0800][35.810s][info][gc,cpu      ] GC(686) User=0.00s Sys=0.00s Real=0.02s
[2025-07-30T16:38:09.985+0800][35.810s][info][safepoint   ] Safepoint "G1CollectForAllocation", Time since last: 36663200 ns, Reaching safepoint: 2100 ns, Cleanup: 3100 ns, At safepoint: 15219200 ns, Total: 15224400 ns
[2025-07-30T16:38:10.021+0800][35.847s][info][gc,start    ] GC(687) Pause Young (Normal) (G1 Evacuation Pause)
[2025-07-30T16:38:10.021+0800][35.847s][info][gc,task     ] GC(687) Using 1 workers of 1 for evacuation
[2025-07-30T16:38:10.036+0800][35.862s][info][gc,phases   ] GC(687)   Pre Evacuate Collection Set: 0.3ms
[2025-07-30T16:38:10.036+0800][35.862s][info][gc,phases   ] GC(687)   Merge Heap Roots: 0.1ms
[2025-07-30T16:38:10.036+0800][35.862s][info][gc,phases   ] GC(687)   Evacuate Collection Set: 14.4ms
[2025-07-30T16:38:10.036+0800][35.862s][info][gc,phases   ] GC(687)   Post Evacuate Collection Set: 0.6ms
[2025-07-30T16:38:10.036+0800][35.862s][info][gc,phases   ] GC(687)   Other: 0.1ms
[2025-07-30T16:38:10.036+0800][35.862s][info][gc,heap     ] GC(687) Eden regions: 1017->0(1017)
[2025-07-30T16:38:10.036+0800][35.862s][info][gc,heap     ] GC(687) Survivor regions: 146->146(146)
[2025-07-30T16:38:10.036+0800][35.862s][info][gc,heap     ] GC(687) Old regions: 561->561
[2025-07-30T16:38:10.036+0800][35.862s][info][gc,heap     ] GC(687) Humongous regions: 3->3
[2025-07-30T16:38:10.036+0800][35.862s][info][gc,metaspace] GC(687) Metaspace: 7188K(7488K)->7188K(7488K) NonClass: 6464K(6592K)->6464K(6592K) Class: 724K(896K)->724K(896K)
[2025-07-30T16:38:10.036+0800][35.862s][info][gc          ] GC(687) Pause Young (Normal) (G1 Evacuation Pause) 1726M->708M(2048M) 15.642ms
[2025-07-30T16:38:10.036+0800][35.862s][info][gc,cpu      ] GC(687) User=0.02s Sys=0.00s Real=0.02s
[2025-07-30T16:38:10.036+0800][35.862s][info][safepoint   ] Safepoint "G1CollectForAllocation", Time since last: 36109400 ns, Reaching safepoint: 2000 ns, Cleanup: 2800 ns, At safepoint: 15680400 ns, Total: 15685200 ns
[2025-07-30T16:38:10.074+0800][35.900s][info][gc,start    ] GC(688) Pause Young (Normal) (G1 Evacuation Pause)
[2025-07-30T16:38:10.074+0800][35.900s][info][gc,task     ] GC(688) Using 1 workers of 1 for evacuation
[2025-07-30T16:38:10.088+0800][35.914s][info][gc,phases   ] GC(688)   Pre Evacuate Collection Set: 0.3ms
[2025-07-30T16:38:10.088+0800][35.914s][info][gc,phases   ] GC(688)   Merge Heap Roots: 0.0ms
[2025-07-30T16:38:10.088+0800][35.914s][info][gc,phases   ] GC(688)   Evacuate Collection Set: 13.8ms
[2025-07-30T16:38:10.089+0800][35.914s][info][gc,phases   ] GC(688)   Post Evacuate Collection Set: 0.6ms
[2025-07-30T16:38:10.089+0800][35.914s][info][gc,phases   ] GC(688)   Other: 0.1ms
[2025-07-30T16:38:10.089+0800][35.914s][info][gc,heap     ] GC(688) Eden regions: 1017->0(1019)
[2025-07-30T16:38:10.089+0800][35.914s][info][gc,heap     ] GC(688) Survivor regions: 146->145(146)
[2025-07-30T16:38:10.089+0800][35.914s][info][gc,heap     ] GC(688) Old regions: 561->561
[2025-07-30T16:38:10.089+0800][35.914s][info][gc,heap     ] GC(688) Humongous regions: 3->3
[2025-07-30T16:38:10.089+0800][35.914s][info][gc,metaspace] GC(688) Metaspace: 7188K(7488K)->7188K(7488K) NonClass: 6464K(6592K)->6464K(6592K) Class: 724K(896K)->724K(896K)
[2025-07-30T16:38:10.089+0800][35.914s][info][gc          ] GC(688) Pause Young (Normal) (G1 Evacuation Pause) 1725M->707M(2048M) 14.957ms
[2025-07-30T16:38:10.089+0800][35.914s][info][gc,cpu      ] GC(688) User=0.02s Sys=0.00s Real=0.02s
[2025-07-30T16:38:10.089+0800][35.915s][info][safepoint   ] Safepoint "G1CollectForAllocation", Time since last: 37266400 ns, Reaching safepoint: 2400 ns, Cleanup: 3100 ns, At safepoint: 14994700 ns, Total: 15000200 ns
[2025-07-30T16:38:10.126+0800][35.951s][info][gc,start    ] GC(689) Pause Young (Normal) (G1 Evacuation Pause)
[2025-07-30T16:38:10.126+0800][35.951s][info][gc,task     ] GC(689) Using 1 workers of 1 for evacuation
[2025-07-30T16:38:10.142+0800][35.967s][info][gc,phases   ] GC(689)   Pre Evacuate Collection Set: 0.3ms
[2025-07-30T16:38:10.142+0800][35.967s][info][gc,phases   ] GC(689)   Merge Heap Roots: 0.1ms
[2025-07-30T16:38:10.142+0800][35.967s][info][gc,phases   ] GC(689)   Evacuate Collection Set: 14.6ms
[2025-07-30T16:38:10.142+0800][35.967s][info][gc,phases   ] GC(689)   Post Evacuate Collection Set: 0.7ms
[2025-07-30T16:38:10.142+0800][35.967s][info][gc,phases   ] GC(689)   Other: 0.1ms
[2025-07-30T16:38:10.142+0800][35.967s][info][gc,heap     ] GC(689) Eden regions: 1019->0(1018)
[2025-07-30T16:38:10.142+0800][35.967s][info][gc,heap     ] GC(689) Survivor regions: 145->146(146)
[2025-07-30T16:38:10.142+0800][35.967s][info][gc,heap     ] GC(689) Old regions: 561->561
[2025-07-30T16:38:10.142+0800][35.967s][info][gc,heap     ] GC(689) Humongous regions: 3->3
[2025-07-30T16:38:10.142+0800][35.967s][info][gc,metaspace] GC(689) Metaspace: 7188K(7488K)->7188K(7488K) NonClass: 6464K(6592K)->6464K(6592K) Class: 724K(896K)->724K(896K)
[2025-07-30T16:38:10.142+0800][35.967s][info][gc          ] GC(689) Pause Young (Normal) (G1 Evacuation Pause) 1726M->708M(2048M) 15.998ms
[2025-07-30T16:38:10.142+0800][35.967s][info][gc,cpu      ] GC(689) User=0.02s Sys=0.02s Real=0.02s
[2025-07-30T16:38:10.142+0800][35.968s][info][safepoint   ] Safepoint "G1CollectForAllocation", Time since last: 36938800 ns, Reaching safepoint: 2300 ns, Cleanup: 3100 ns, At safepoint: 16085200 ns, Total: 16090600 ns
[2025-07-30T16:38:10.180+0800][36.005s][info][gc,start    ] GC(690) Pause Young (Normal) (G1 Evacuation Pause)
[2025-07-30T16:38:10.180+0800][36.005s][info][gc,task     ] GC(690) Using 1 workers of 1 for evacuation
[2025-07-30T16:38:10.194+0800][36.020s][info][gc,phases   ] GC(690)   Pre Evacuate Collection Set: 0.5ms
[2025-07-30T16:38:10.194+0800][36.020s][info][gc,phases   ] GC(690)   Merge Heap Roots: 0.1ms
[2025-07-30T16:38:10.194+0800][36.020s][info][gc,phases   ] GC(690)   Evacuate Collection Set: 13.6ms
[2025-07-30T16:38:10.194+0800][36.020s][info][gc,phases   ] GC(690)   Post Evacuate Collection Set: 0.7ms
[2025-07-30T16:38:10.194+0800][36.020s][info][gc,phases   ] GC(690)   Other: 0.1ms
[2025-07-30T16:38:10.194+0800][36.020s][info][gc,heap     ] GC(690) Eden regions: 1018->0(1018)
[2025-07-30T16:38:10.194+0800][36.020s][info][gc,heap     ] GC(690) Survivor regions: 146->146(146)
[2025-07-30T16:38:10.194+0800][36.020s][info][gc,heap     ] GC(690) Old regions: 561->561
[2025-07-30T16:38:10.194+0800][36.020s][info][gc,heap     ] GC(690) Humongous regions: 3->3
[2025-07-30T16:38:10.194+0800][36.020s][info][gc,metaspace] GC(690) Metaspace: 7189K(7488K)->7189K(7488K) NonClass: 6465K(6592K)->6465K(6592K) Class: 724K(896K)->724K(896K)
[2025-07-30T16:38:10.194+0800][36.020s][info][gc          ] GC(690) Pause Young (Normal) (G1 Evacuation Pause) 1726M->708M(2048M) 15.075ms
[2025-07-30T16:38:10.194+0800][36.020s][info][gc,cpu      ] GC(690) User=0.02s Sys=0.00s Real=0.01s
[2025-07-30T16:38:10.194+0800][36.020s][info][safepoint   ] Safepoint "G1CollectForAllocation", Time since last: 37195600 ns, Reaching safepoint: 3300 ns, Cleanup: 3600 ns, At safepoint: 15116200 ns, Total: 15123100 ns
[2025-07-30T16:38:10.232+0800][36.057s][info][gc,start    ] GC(691) Pause Young (Normal) (G1 Evacuation Pause)
[2025-07-30T16:38:10.232+0800][36.057s][info][gc,task     ] GC(691) Using 1 workers of 1 for evacuation
[2025-07-30T16:38:10.247+0800][36.072s][info][gc,phases   ] GC(691)   Pre Evacuate Collection Set: 0.4ms
[2025-07-30T16:38:10.247+0800][36.072s][info][gc,phases   ] GC(691)   Merge Heap Roots: 0.1ms
[2025-07-30T16:38:10.247+0800][36.073s][info][gc,phases   ] GC(691)   Evacuate Collection Set: 14.1ms
[2025-07-30T16:38:10.247+0800][36.073s][info][gc,phases   ] GC(691)   Post Evacuate Collection Set: 0.7ms
[2025-07-30T16:38:10.247+0800][36.073s][info][gc,phases   ] GC(691)   Other: 0.1ms
[2025-07-30T16:38:10.247+0800][36.073s][info][gc,heap     ] GC(691) Eden regions: 1018->0(1018)
[2025-07-30T16:38:10.247+0800][36.073s][info][gc,heap     ] GC(691) Survivor regions: 146->146(146)
[2025-07-30T16:38:10.247+0800][36.073s][info][gc,heap     ] GC(691) Old regions: 561->561
[2025-07-30T16:38:10.247+0800][36.073s][info][gc,heap     ] GC(691) Humongous regions: 3->3
[2025-07-30T16:38:10.247+0800][36.073s][info][gc,metaspace] GC(691) Metaspace: 7189K(7488K)->7189K(7488K) NonClass: 6465K(6592K)->6465K(6592K) Class: 724K(896K)->724K(896K)
[2025-07-30T16:38:10.247+0800][36.073s][info][gc          ] GC(691) Pause Young (Normal) (G1 Evacuation Pause) 1726M->708M(2048M) 15.654ms
[2025-07-30T16:38:10.247+0800][36.073s][info][gc,cpu      ] GC(691) User=0.02s Sys=0.00s Real=0.01s
[2025-07-30T16:38:10.247+0800][36.073s][info][safepoint   ] Safepoint "G1CollectForAllocation", Time since last: 37077000 ns, Reaching safepoint: 3800 ns, Cleanup: 4500 ns, At safepoint: 15699400 ns, Total: 15707700 ns
[2025-07-30T16:38:10.284+0800][36.109s][info][gc,start    ] GC(692) Pause Young (Normal) (G1 Evacuation Pause)
[2025-07-30T16:38:10.284+0800][36.109s][info][gc,task     ] GC(692) Using 1 workers of 1 for evacuation
[2025-07-30T16:38:10.299+0800][36.124s][info][gc,phases   ] GC(692)   Pre Evacuate Collection Set: 0.4ms
[2025-07-30T16:38:10.299+0800][36.124s][info][gc,phases   ] GC(692)   Merge Heap Roots: 0.1ms
[2025-07-30T16:38:10.299+0800][36.125s][info][gc,phases   ] GC(692)   Evacuate Collection Set: 13.8ms
[2025-07-30T16:38:10.299+0800][36.125s][info][gc,phases   ] GC(692)   Post Evacuate Collection Set: 0.7ms
[2025-07-30T16:38:10.299+0800][36.125s][info][gc,phases   ] GC(692)   Other: 0.1ms
[2025-07-30T16:38:10.299+0800][36.125s][info][gc,heap     ] GC(692) Eden regions: 1018->0(1017)
[2025-07-30T16:38:10.299+0800][36.125s][info][gc,heap     ] GC(692) Survivor regions: 146->146(146)
[2025-07-30T16:38:10.299+0800][36.125s][info][gc,heap     ] GC(692) Old regions: 561->561
[2025-07-30T16:38:10.299+0800][36.125s][info][gc,heap     ] GC(692) Humongous regions: 3->3
[2025-07-30T16:38:10.299+0800][36.125s][info][gc,metaspace] GC(692) Metaspace: 7189K(7488K)->7189K(7488K) NonClass: 6465K(6592K)->6465K(6592K) Class: 724K(896K)->724K(896K)
[2025-07-30T16:38:10.299+0800][36.125s][info][gc          ] GC(692) Pause Young (Normal) (G1 Evacuation Pause) 1726M->709M(2048M) 15.348ms
[2025-07-30T16:38:10.299+0800][36.125s][info][gc,cpu      ] GC(692) User=0.02s Sys=0.00s Real=0.02s
[2025-07-30T16:38:10.299+0800][36.125s][info][safepoint   ] Safepoint "G1CollectForAllocation", Time since last: 36601200 ns, Reaching safepoint: 3600 ns, Cleanup: 4700 ns, At safepoint: 15395200 ns, Total: 15403500 ns
[2025-07-30T16:38:10.337+0800][36.162s][info][gc,start    ] GC(693) Pause Young (Normal) (G1 Evacuation Pause)
[2025-07-30T16:38:10.337+0800][36.162s][info][gc,task     ] GC(693) Using 1 workers of 1 for evacuation
[2025-07-30T16:38:10.353+0800][36.179s][info][gc,phases   ] GC(693)   Pre Evacuate Collection Set: 0.4ms
[2025-07-30T16:38:10.353+0800][36.179s][info][gc,phases   ] GC(693)   Merge Heap Roots: 0.1ms
[2025-07-30T16:38:10.353+0800][36.179s][info][gc,phases   ] GC(693)   Evacuate Collection Set: 15.5ms
[2025-07-30T16:38:10.353+0800][36.179s][info][gc,phases   ] GC(693)   Post Evacuate Collection Set: 0.6ms
[2025-07-30T16:38:10.353+0800][36.179s][info][gc,phases   ] GC(693)   Other: 0.1ms
[2025-07-30T16:38:10.353+0800][36.179s][info][gc,heap     ] GC(693) Eden regions: 1017->0(1019)
[2025-07-30T16:38:10.353+0800][36.179s][info][gc,heap     ] GC(693) Survivor regions: 146->145(146)
[2025-07-30T16:38:10.353+0800][36.179s][info][gc,heap     ] GC(693) Old regions: 561->561
[2025-07-30T16:38:10.353+0800][36.179s][info][gc,heap     ] GC(693) Humongous regions: 3->3
[2025-07-30T16:38:10.353+0800][36.179s][info][gc,metaspace] GC(693) Metaspace: 7189K(7488K)->7189K(7488K) NonClass: 6465K(6592K)->6465K(6592K) Class: 724K(896K)->724K(896K)
[2025-07-30T16:38:10.353+0800][36.179s][info][gc          ] GC(693) Pause Young (Normal) (G1 Evacuation Pause) 1726M->708M(2048M) 16.820ms
[2025-07-30T16:38:10.353+0800][36.179s][info][gc,cpu      ] GC(693) User=0.02s Sys=0.00s Real=0.02s
[2025-07-30T16:38:10.353+0800][36.179s][info][safepoint   ] Safepoint "G1CollectForAllocation", Time since last: 37429500 ns, Reaching safepoint: 2600 ns, Cleanup: 2700 ns, At safepoint: 16862000 ns, Total: 16867300 ns
[2025-07-30T16:38:10.390+0800][36.216s][info][gc,start    ] GC(694) Pause Young (Normal) (G1 Evacuation Pause)
[2025-07-30T16:38:10.390+0800][36.216s][info][gc,task     ] GC(694) Using 1 workers of 1 for evacuation
[2025-07-30T16:38:10.405+0800][36.231s][info][gc,phases   ] GC(694)   Pre Evacuate Collection Set: 0.4ms
[2025-07-30T16:38:10.405+0800][36.231s][info][gc,phases   ] GC(694)   Merge Heap Roots: 0.1ms
[2025-07-30T16:38:10.405+0800][36.231s][info][gc,phases   ] GC(694)   Evacuate Collection Set: 14.2ms
[2025-07-30T16:38:10.405+0800][36.231s][info][gc,phases   ] GC(694)   Post Evacuate Collection Set: 0.6ms
[2025-07-30T16:38:10.405+0800][36.231s][info][gc,phases   ] GC(694)   Other: 0.1ms
[2025-07-30T16:38:10.406+0800][36.231s][info][gc,heap     ] GC(694) Eden regions: 1019->0(1017)
[2025-07-30T16:38:10.406+0800][36.231s][info][gc,heap     ] GC(694) Survivor regions: 145->146(146)
[2025-07-30T16:38:10.406+0800][36.231s][info][gc,heap     ] GC(694) Old regions: 561->561
[2025-07-30T16:38:10.406+0800][36.231s][info][gc,heap     ] GC(694) Humongous regions: 3->3
[2025-07-30T16:38:10.406+0800][36.231s][info][gc,metaspace] GC(694) Metaspace: 7189K(7488K)->7189K(7488K) NonClass: 6465K(6592K)->6465K(6592K) Class: 724K(896K)->724K(896K)
[2025-07-30T16:38:10.406+0800][36.231s][info][gc          ] GC(694) Pause Young (Normal) (G1 Evacuation Pause) 1727M->709M(2048M) 15.597ms
[2025-07-30T16:38:10.406+0800][36.231s][info][gc,cpu      ] GC(694) User=0.00s Sys=0.02s Real=0.02s
[2025-07-30T16:38:10.406+0800][36.231s][info][safepoint   ] Safepoint "G1CollectForAllocation", Time since last: 36561000 ns, Reaching safepoint: 3000 ns, Cleanup: 4500 ns, At safepoint: 15638800 ns, Total: 15646300 ns
[2025-07-30T16:38:10.442+0800][36.268s][info][gc,start    ] GC(695) Pause Young (Normal) (G1 Evacuation Pause)
[2025-07-30T16:38:10.442+0800][36.268s][info][gc,task     ] GC(695) Using 1 workers of 1 for evacuation
[2025-07-30T16:38:10.458+0800][36.283s][info][gc,phases   ] GC(695)   Pre Evacuate Collection Set: 0.4ms
[2025-07-30T16:38:10.458+0800][36.283s][info][gc,phases   ] GC(695)   Merge Heap Roots: 0.1ms
[2025-07-30T16:38:10.458+0800][36.283s][info][gc,phases   ] GC(695)   Evacuate Collection Set: 14.1ms
[2025-07-30T16:38:10.458+0800][36.283s][info][gc,phases   ] GC(695)   Post Evacuate Collection Set: 0.6ms
[2025-07-30T16:38:10.458+0800][36.283s][info][gc,phases   ] GC(695)   Other: 0.1ms
[2025-07-30T16:38:10.458+0800][36.283s][info][gc,heap     ] GC(695) Eden regions: 1017->0(1019)
[2025-07-30T16:38:10.458+0800][36.283s][info][gc,heap     ] GC(695) Survivor regions: 146->145(146)
[2025-07-30T16:38:10.458+0800][36.283s][info][gc,heap     ] GC(695) Old regions: 561->561
[2025-07-30T16:38:10.458+0800][36.283s][info][gc,heap     ] GC(695) Humongous regions: 3->3
[2025-07-30T16:38:10.458+0800][36.283s][info][gc,metaspace] GC(695) Metaspace: 7189K(7488K)->7189K(7488K) NonClass: 6465K(6592K)->6465K(6592K) Class: 724K(896K)->724K(896K)
[2025-07-30T16:38:10.458+0800][36.283s][info][gc          ] GC(695) Pause Young (Normal) (G1 Evacuation Pause) 1726M->708M(2048M) 15.544ms
[2025-07-30T16:38:10.458+0800][36.283s][info][gc,cpu      ] GC(695) User=0.02s Sys=0.00s Real=0.02s
[2025-07-30T16:38:10.458+0800][36.283s][info][safepoint   ] Safepoint "G1CollectForAllocation", Time since last: 36601600 ns, Reaching safepoint: 2700 ns, Cleanup: 3300 ns, At safepoint: 15585900 ns, Total: 15591900 ns
[2025-07-30T16:38:10.495+0800][36.321s][info][gc,start    ] GC(696) Pause Young (Normal) (G1 Evacuation Pause)
[2025-07-30T16:38:10.495+0800][36.321s][info][gc,task     ] GC(696) Using 1 workers of 1 for evacuation
[2025-07-30T16:38:10.510+0800][36.336s][info][gc,phases   ] GC(696)   Pre Evacuate Collection Set: 0.3ms
[2025-07-30T16:38:10.510+0800][36.336s][info][gc,phases   ] GC(696)   Merge Heap Roots: 0.0ms
[2025-07-30T16:38:10.510+0800][36.336s][info][gc,phases   ] GC(696)   Evacuate Collection Set: 13.9ms
[2025-07-30T16:38:10.510+0800][36.336s][info][gc,phases   ] GC(696)   Post Evacuate Collection Set: 0.6ms
[2025-07-30T16:38:10.510+0800][36.336s][info][gc,phases   ] GC(696)   Other: 0.1ms
[2025-07-30T16:38:10.510+0800][36.336s][info][gc,heap     ] GC(696) Eden regions: 1019->0(1017)
[2025-07-30T16:38:10.511+0800][36.336s][info][gc,heap     ] GC(696) Survivor regions: 145->146(146)
[2025-07-30T16:38:10.511+0800][36.336s][info][gc,heap     ] GC(696) Old regions: 561->561
[2025-07-30T16:38:10.511+0800][36.336s][info][gc,heap     ] GC(696) Humongous regions: 3->3
[2025-07-30T16:38:10.511+0800][36.336s][info][gc,metaspace] GC(696) Metaspace: 7189K(7488K)->7189K(7488K) NonClass: 6465K(6592K)->6465K(6592K) Class: 724K(896K)->724K(896K)
[2025-07-30T16:38:10.511+0800][36.336s][info][gc          ] GC(696) Pause Young (Normal) (G1 Evacuation Pause) 1727M->709M(2048M) 15.077ms
[2025-07-30T16:38:10.511+0800][36.336s][info][gc,cpu      ] GC(696) User=0.02s Sys=0.00s Real=0.02s
[2025-07-30T16:38:10.511+0800][36.336s][info][safepoint   ] Safepoint "G1CollectForAllocation", Time since last: 37239700 ns, Reaching safepoint: 2300 ns, Cleanup: 2700 ns, At safepoint: 15118500 ns, Total: 15123500 ns
[2025-07-30T16:38:10.547+0800][36.372s][info][gc,start    ] GC(697) Pause Young (Normal) (G1 Evacuation Pause)
[2025-07-30T16:38:10.547+0800][36.372s][info][gc,task     ] GC(697) Using 1 workers of 1 for evacuation
[2025-07-30T16:38:10.562+0800][36.387s][info][gc,phases   ] GC(697)   Pre Evacuate Collection Set: 0.3ms
[2025-07-30T16:38:10.562+0800][36.387s][info][gc,phases   ] GC(697)   Merge Heap Roots: 0.0ms
[2025-07-30T16:38:10.562+0800][36.387s][info][gc,phases   ] GC(697)   Evacuate Collection Set: 13.8ms
[2025-07-30T16:38:10.562+0800][36.387s][info][gc,phases   ] GC(697)   Post Evacuate Collection Set: 0.6ms
[2025-07-30T16:38:10.562+0800][36.387s][info][gc,phases   ] GC(697)   Other: 0.1ms
[2025-07-30T16:38:10.562+0800][36.387s][info][gc,heap     ] GC(697) Eden regions: 1017->0(1017)
[2025-07-30T16:38:10.562+0800][36.387s][info][gc,heap     ] GC(697) Survivor regions: 146->146(146)
[2025-07-30T16:38:10.562+0800][36.387s][info][gc,heap     ] GC(697) Old regions: 561->561
[2025-07-30T16:38:10.562+0800][36.387s][info][gc,heap     ] GC(697) Humongous regions: 3->3
[2025-07-30T16:38:10.562+0800][36.387s][info][gc,metaspace] GC(697) Metaspace: 7189K(7488K)->7189K(7488K) NonClass: 6465K(6592K)->6465K(6592K) Class: 724K(896K)->724K(896K)
[2025-07-30T16:38:10.562+0800][36.387s][info][gc          ] GC(697) Pause Young (Normal) (G1 Evacuation Pause) 1726M->708M(2048M) 14.983ms
[2025-07-30T16:38:10.562+0800][36.387s][info][gc,cpu      ] GC(697) User=0.00s Sys=0.02s Real=0.02s
[2025-07-30T16:38:10.562+0800][36.387s][info][safepoint   ] Safepoint "G1CollectForAllocation", Time since last: 36458600 ns, Reaching safepoint: 1900 ns, Cleanup: 2900 ns, At safepoint: 15020100 ns, Total: 15024900 ns
[2025-07-30T16:38:10.598+0800][36.424s][info][gc,start    ] GC(698) Pause Young (Normal) (G1 Evacuation Pause)
[2025-07-30T16:38:10.598+0800][36.424s][info][gc,task     ] GC(698) Using 1 workers of 1 for evacuation
[2025-07-30T16:38:10.613+0800][36.438s][info][gc,phases   ] GC(698)   Pre Evacuate Collection Set: 0.3ms
[2025-07-30T16:38:10.613+0800][36.438s][info][gc,phases   ] GC(698)   Merge Heap Roots: 0.1ms
[2025-07-30T16:38:10.613+0800][36.439s][info][gc,phases   ] GC(698)   Evacuate Collection Set: 13.5ms
[2025-07-30T16:38:10.613+0800][36.439s][info][gc,phases   ] GC(698)   Post Evacuate Collection Set: 0.6ms
[2025-07-30T16:38:10.613+0800][36.439s][info][gc,phases   ] GC(698)   Other: 0.1ms
[2025-07-30T16:38:10.613+0800][36.439s][info][gc,heap     ] GC(698) Eden regions: 1017->0(1019)
[2025-07-30T16:38:10.613+0800][36.439s][info][gc,heap     ] GC(698) Survivor regions: 146->145(146)
[2025-07-30T16:38:10.613+0800][36.439s][info][gc,heap     ] GC(698) Old regions: 561->561
[2025-07-30T16:38:10.613+0800][36.439s][info][gc,heap     ] GC(698) Humongous regions: 3->3
[2025-07-30T16:38:10.613+0800][36.439s][info][gc,metaspace] GC(698) Metaspace: 7189K(7488K)->7189K(7488K) NonClass: 6465K(6592K)->6465K(6592K) Class: 724K(896K)->724K(896K)
[2025-07-30T16:38:10.613+0800][36.439s][info][gc          ] GC(698) Pause Young (Normal) (G1 Evacuation Pause) 1725M->707M(2048M) 14.665ms
[2025-07-30T16:38:10.613+0800][36.439s][info][gc,cpu      ] GC(698) User=0.02s Sys=0.00s Real=0.01s
[2025-07-30T16:38:10.613+0800][36.439s][info][safepoint   ] Safepoint "G1CollectForAllocation", Time since last: 36734400 ns, Reaching safepoint: 2100 ns, Cleanup: 2200 ns, At safepoint: 14702000 ns, Total: 14706300 ns
[2025-07-30T16:38:10.649+0800][36.475s][info][gc,start    ] GC(699) Pause Young (Normal) (G1 Evacuation Pause)
[2025-07-30T16:38:10.649+0800][36.475s][info][gc,task     ] GC(699) Using 1 workers of 1 for evacuation
[2025-07-30T16:38:10.665+0800][36.490s][info][gc,phases   ] GC(699)   Pre Evacuate Collection Set: 0.4ms
[2025-07-30T16:38:10.665+0800][36.490s][info][gc,phases   ] GC(699)   Merge Heap Roots: 0.1ms
[2025-07-30T16:38:10.665+0800][36.490s][info][gc,phases   ] GC(699)   Evacuate Collection Set: 14.1ms
[2025-07-30T16:38:10.665+0800][36.490s][info][gc,phases   ] GC(699)   Post Evacuate Collection Set: 0.6ms
[2025-07-30T16:38:10.665+0800][36.490s][info][gc,phases   ] GC(699)   Other: 0.1ms
[2025-07-30T16:38:10.665+0800][36.490s][info][gc,heap     ] GC(699) Eden regions: 1019->0(1018)
[2025-07-30T16:38:10.665+0800][36.490s][info][gc,heap     ] GC(699) Survivor regions: 145->146(146)
[2025-07-30T16:38:10.665+0800][36.490s][info][gc,heap     ] GC(699) Old regions: 561->561
[2025-07-30T16:38:10.665+0800][36.490s][info][gc,heap     ] GC(699) Humongous regions: 3->3
[2025-07-30T16:38:10.665+0800][36.490s][info][gc,metaspace] GC(699) Metaspace: 7189K(7488K)->7189K(7488K) NonClass: 6465K(6592K)->6465K(6592K) Class: 724K(896K)->724K(896K)
[2025-07-30T16:38:10.665+0800][36.490s][info][gc          ] GC(699) Pause Young (Normal) (G1 Evacuation Pause) 1726M->708M(2048M) 15.450ms
[2025-07-30T16:38:10.665+0800][36.490s][info][gc,cpu      ] GC(699) User=0.02s Sys=0.00s Real=0.02s
[2025-07-30T16:38:10.665+0800][36.490s][info][safepoint   ] Safepoint "G1CollectForAllocation", Time since last: 36209100 ns, Reaching safepoint: 3000 ns, Cleanup: 3500 ns, At safepoint: 15497900 ns, Total: 15504400 ns
[2025-07-30T16:38:10.702+0800][36.527s][info][gc,start    ] GC(700) Pause Young (Normal) (G1 Evacuation Pause)
[2025-07-30T16:38:10.702+0800][36.527s][info][gc,task     ] GC(700) Using 1 workers of 1 for evacuation
[2025-07-30T16:38:10.718+0800][36.543s][info][gc,phases   ] GC(700)   Pre Evacuate Collection Set: 0.4ms
[2025-07-30T16:38:10.718+0800][36.543s][info][gc,phases   ] GC(700)   Merge Heap Roots: 0.1ms
[2025-07-30T16:38:10.718+0800][36.543s][info][gc,phases   ] GC(700)   Evacuate Collection Set: 14.6ms
[2025-07-30T16:38:10.718+0800][36.543s][info][gc,phases   ] GC(700)   Post Evacuate Collection Set: 0.6ms
[2025-07-30T16:38:10.718+0800][36.543s][info][gc,phases   ] GC(700)   Other: 0.1ms
[2025-07-30T16:38:10.718+0800][36.543s][info][gc,heap     ] GC(700) Eden regions: 1018->0(1018)
[2025-07-30T16:38:10.718+0800][36.543s][info][gc,heap     ] GC(700) Survivor regions: 146->146(146)
[2025-07-30T16:38:10.718+0800][36.543s][info][gc,heap     ] GC(700) Old regions: 561->561
[2025-07-30T16:38:10.718+0800][36.543s][info][gc,heap     ] GC(700) Humongous regions: 3->3
[2025-07-30T16:38:10.718+0800][36.543s][info][gc,metaspace] GC(700) Metaspace: 7189K(7488K)->7189K(7488K) NonClass: 6465K(6592K)->6465K(6592K) Class: 724K(896K)->724K(896K)
[2025-07-30T16:38:10.718+0800][36.543s][info][gc          ] GC(700) Pause Young (Normal) (G1 Evacuation Pause) 1726M->708M(2048M) 15.886ms
[2025-07-30T16:38:10.718+0800][36.543s][info][gc,cpu      ] GC(700) User=0.02s Sys=0.00s Real=0.02s
[2025-07-30T16:38:10.718+0800][36.543s][info][safepoint   ] Safepoint "G1CollectForAllocation", Time since last: 36577800 ns, Reaching safepoint: 2400 ns, Cleanup: 2700 ns, At safepoint: 15924400 ns, Total: 15929500 ns
[2025-07-30T16:38:10.754+0800][36.579s][info][gc,start    ] GC(701) Pause Young (Normal) (G1 Evacuation Pause)
[2025-07-30T16:38:10.754+0800][36.579s][info][gc,task     ] GC(701) Using 1 workers of 1 for evacuation
[2025-07-30T16:38:10.768+0800][36.594s][info][gc,phases   ] GC(701)   Pre Evacuate Collection Set: 0.3ms
[2025-07-30T16:38:10.768+0800][36.594s][info][gc,phases   ] GC(701)   Merge Heap Roots: 0.0ms
[2025-07-30T16:38:10.768+0800][36.594s][info][gc,phases   ] GC(701)   Evacuate Collection Set: 14.0ms
[2025-07-30T16:38:10.768+0800][36.594s][info][gc,phases   ] GC(701)   Post Evacuate Collection Set: 0.6ms
[2025-07-30T16:38:10.768+0800][36.594s][info][gc,phases   ] GC(701)   Other: 0.1ms
[2025-07-30T16:38:10.768+0800][36.594s][info][gc,heap     ] GC(701) Eden regions: 1018->0(1017)
[2025-07-30T16:38:10.768+0800][36.594s][info][gc,heap     ] GC(701) Survivor regions: 146->146(146)
[2025-07-30T16:38:10.768+0800][36.594s][info][gc,heap     ] GC(701) Old regions: 561->561
[2025-07-30T16:38:10.768+0800][36.594s][info][gc,heap     ] GC(701) Humongous regions: 3->3
[2025-07-30T16:38:10.768+0800][36.594s][info][gc,metaspace] GC(701) Metaspace: 7189K(7488K)->7189K(7488K) NonClass: 6465K(6592K)->6465K(6592K) Class: 724K(896K)->724K(896K)
[2025-07-30T16:38:10.769+0800][36.594s][info][gc          ] GC(701) Pause Young (Normal) (G1 Evacuation Pause) 1726M->709M(2048M) 15.256ms
[2025-07-30T16:38:10.769+0800][36.594s][info][gc,cpu      ] GC(701) User=0.02s Sys=0.00s Real=0.02s
[2025-07-30T16:38:10.769+0800][36.594s][info][safepoint   ] Safepoint "G1CollectForAllocation", Time since last: 36269500 ns, Reaching safepoint: 2400 ns, Cleanup: 3200 ns, At safepoint: 15299900 ns, Total: 15305500 ns
[2025-07-30T16:38:10.805+0800][36.631s][info][gc,start    ] GC(702) Pause Young (Normal) (G1 Evacuation Pause)
[2025-07-30T16:38:10.806+0800][36.631s][info][gc,task     ] GC(702) Using 1 workers of 1 for evacuation
[2025-07-30T16:38:10.820+0800][36.646s][info][gc,phases   ] GC(702)   Pre Evacuate Collection Set: 0.3ms
[2025-07-30T16:38:10.820+0800][36.646s][info][gc,phases   ] GC(702)   Merge Heap Roots: 0.1ms
[2025-07-30T16:38:10.820+0800][36.646s][info][gc,phases   ] GC(702)   Evacuate Collection Set: 14.0ms
[2025-07-30T16:38:10.820+0800][36.646s][info][gc,phases   ] GC(702)   Post Evacuate Collection Set: 0.6ms
[2025-07-30T16:38:10.820+0800][36.646s][info][gc,phases   ] GC(702)   Other: 0.1ms
[2025-07-30T16:38:10.820+0800][36.646s][info][gc,heap     ] GC(702) Eden regions: 1017->0(1019)
[2025-07-30T16:38:10.820+0800][36.646s][info][gc,heap     ] GC(702) Survivor regions: 146->145(146)
[2025-07-30T16:38:10.820+0800][36.646s][info][gc,heap     ] GC(702) Old regions: 561->561
[2025-07-30T16:38:10.820+0800][36.646s][info][gc,heap     ] GC(702) Humongous regions: 3->3
[2025-07-30T16:38:10.820+0800][36.646s][info][gc,metaspace] GC(702) Metaspace: 7189K(7488K)->7189K(7488K) NonClass: 6465K(6592K)->6465K(6592K) Class: 724K(896K)->724K(896K)
[2025-07-30T16:38:10.820+0800][36.646s][info][gc          ] GC(702) Pause Young (Normal) (G1 Evacuation Pause) 1726M->708M(2048M) 15.166ms
[2025-07-30T16:38:10.821+0800][36.646s][info][gc,cpu      ] GC(702) User=0.02s Sys=0.00s Real=0.02s
[2025-07-30T16:38:10.821+0800][36.646s][info][safepoint   ] Safepoint "G1CollectForAllocation", Time since last: 36625900 ns, Reaching safepoint: 2000 ns, Cleanup: 3200 ns, At safepoint: 15203400 ns, Total: 15208600 ns
[2025-07-30T16:38:10.858+0800][36.684s][info][gc,start    ] GC(703) Pause Young (Normal) (G1 Evacuation Pause)
[2025-07-30T16:38:10.858+0800][36.684s][info][gc,task     ] GC(703) Using 1 workers of 1 for evacuation
[2025-07-30T16:38:10.873+0800][36.699s][info][gc,phases   ] GC(703)   Pre Evacuate Collection Set: 0.3ms
[2025-07-30T16:38:10.873+0800][36.699s][info][gc,phases   ] GC(703)   Merge Heap Roots: 0.0ms
[2025-07-30T16:38:10.873+0800][36.699s][info][gc,phases   ] GC(703)   Evacuate Collection Set: 13.9ms
[2025-07-30T16:38:10.873+0800][36.699s][info][gc,phases   ] GC(703)   Post Evacuate Collection Set: 0.6ms
[2025-07-30T16:38:10.873+0800][36.699s][info][gc,phases   ] GC(703)   Other: 0.1ms
[2025-07-30T16:38:10.873+0800][36.699s][info][gc,heap     ] GC(703) Eden regions: 1019->0(1017)
[2025-07-30T16:38:10.873+0800][36.699s][info][gc,heap     ] GC(703) Survivor regions: 145->146(146)
[2025-07-30T16:38:10.873+0800][36.699s][info][gc,heap     ] GC(703) Old regions: 561->561
[2025-07-30T16:38:10.873+0800][36.699s][info][gc,heap     ] GC(703) Humongous regions: 3->3
[2025-07-30T16:38:10.873+0800][36.699s][info][gc,metaspace] GC(703) Metaspace: 7189K(7488K)->7189K(7488K) NonClass: 6465K(6592K)->6465K(6592K) Class: 724K(896K)->724K(896K)
[2025-07-30T16:38:10.873+0800][36.699s][info][gc          ] GC(703) Pause Young (Normal) (G1 Evacuation Pause) 1727M->709M(2048M) 15.056ms
[2025-07-30T16:38:10.873+0800][36.699s][info][gc,cpu      ] GC(703) User=0.02s Sys=0.00s Real=0.01s
[2025-07-30T16:38:10.873+0800][36.699s][info][safepoint   ] Safepoint "G1CollectForAllocation", Time since last: 37322000 ns, Reaching safepoint: 1900 ns, Cleanup: 2900 ns, At safepoint: 15093200 ns, Total: 15098000 ns
[2025-07-30T16:38:10.910+0800][36.735s][info][gc,start    ] GC(704) Pause Young (Normal) (G1 Evacuation Pause)
[2025-07-30T16:38:10.910+0800][36.735s][info][gc,task     ] GC(704) Using 1 workers of 1 for evacuation
[2025-07-30T16:38:10.924+0800][36.750s][info][gc,phases   ] GC(704)   Pre Evacuate Collection Set: 0.3ms
[2025-07-30T16:38:10.924+0800][36.750s][info][gc,phases   ] GC(704)   Merge Heap Roots: 0.0ms
[2025-07-30T16:38:10.924+0800][36.750s][info][gc,phases   ] GC(704)   Evacuate Collection Set: 13.6ms
[2025-07-30T16:38:10.924+0800][36.750s][info][gc,phases   ] GC(704)   Post Evacuate Collection Set: 0.7ms
[2025-07-30T16:38:10.924+0800][36.750s][info][gc,phases   ] GC(704)   Other: 0.1ms
[2025-07-30T16:38:10.924+0800][36.750s][info][gc,heap     ] GC(704) Eden regions: 1017->0(1019)
[2025-07-30T16:38:10.924+0800][36.750s][info][gc,heap     ] GC(704) Survivor regions: 146->145(146)
[2025-07-30T16:38:10.924+0800][36.750s][info][gc,heap     ] GC(704) Old regions: 561->561
[2025-07-30T16:38:10.924+0800][36.750s][info][gc,heap     ] GC(704) Humongous regions: 3->3
[2025-07-30T16:38:10.924+0800][36.750s][info][gc,metaspace] GC(704) Metaspace: 7189K(7488K)->7189K(7488K) NonClass: 6465K(6592K)->6465K(6592K) Class: 724K(896K)->724K(896K)
[2025-07-30T16:38:10.924+0800][36.750s][info][gc          ] GC(704) Pause Young (Normal) (G1 Evacuation Pause) 1726M->708M(2048M) 14.953ms
[2025-07-30T16:38:10.924+0800][36.750s][info][gc,cpu      ] GC(704) User=0.02s Sys=0.00s Real=0.01s
[2025-07-30T16:38:10.924+0800][36.750s][info][safepoint   ] Safepoint "G1CollectForAllocation", Time since last: 36452000 ns, Reaching safepoint: 2300 ns, Cleanup: 2500 ns, At safepoint: 14993700 ns, Total: 14998500 ns
[2025-07-30T16:38:10.962+0800][36.787s][info][gc,start    ] GC(705) Pause Young (Normal) (G1 Evacuation Pause)
[2025-07-30T16:38:10.962+0800][36.787s][info][gc,task     ] GC(705) Using 1 workers of 1 for evacuation
[2025-07-30T16:38:10.978+0800][36.803s][info][gc,phases   ] GC(705)   Pre Evacuate Collection Set: 0.3ms
[2025-07-30T16:38:10.978+0800][36.803s][info][gc,phases   ] GC(705)   Merge Heap Roots: 0.1ms
[2025-07-30T16:38:10.978+0800][36.803s][info][gc,phases   ] GC(705)   Evacuate Collection Set: 14.7ms
[2025-07-30T16:38:10.978+0800][36.803s][info][gc,phases   ] GC(705)   Post Evacuate Collection Set: 0.6ms
[2025-07-30T16:38:10.978+0800][36.803s][info][gc,phases   ] GC(705)   Other: 0.1ms
[2025-07-30T16:38:10.978+0800][36.803s][info][gc,heap     ] GC(705) Eden regions: 1019->0(1017)
[2025-07-30T16:38:10.978+0800][36.803s][info][gc,heap     ] GC(705) Survivor regions: 145->146(146)
[2025-07-30T16:38:10.978+0800][36.803s][info][gc,heap     ] GC(705) Old regions: 561->561
[2025-07-30T16:38:10.978+0800][36.803s][info][gc,heap     ] GC(705) Humongous regions: 3->3
[2025-07-30T16:38:10.978+0800][36.803s][info][gc,metaspace] GC(705) Metaspace: 7189K(7488K)->7189K(7488K) NonClass: 6465K(6592K)->6465K(6592K) Class: 724K(896K)->724K(896K)
[2025-07-30T16:38:10.978+0800][36.803s][info][gc          ] GC(705) Pause Young (Normal) (G1 Evacuation Pause) 1727M->709M(2048M) 15.920ms
[2025-07-30T16:38:10.978+0800][36.803s][info][gc,cpu      ] GC(705) User=0.02s Sys=0.00s Real=0.02s
[2025-07-30T16:38:10.978+0800][36.803s][info][safepoint   ] Safepoint "G1CollectForAllocation", Time since last: 36770400 ns, Reaching safepoint: 2700 ns, Cleanup: 2900 ns, At safepoint: 15958100 ns, Total: 15963700 ns
[2025-07-30T16:38:11.013+0800][36.839s][info][gc,start    ] GC(706) Pause Young (Normal) (G1 Evacuation Pause)
[2025-07-30T16:38:11.013+0800][36.839s][info][gc,task     ] GC(706) Using 1 workers of 1 for evacuation
[2025-07-30T16:38:11.029+0800][36.854s][info][gc,phases   ] GC(706)   Pre Evacuate Collection Set: 0.3ms
[2025-07-30T16:38:11.029+0800][36.854s][info][gc,phases   ] GC(706)   Merge Heap Roots: 0.1ms
[2025-07-30T16:38:11.029+0800][36.854s][info][gc,phases   ] GC(706)   Evacuate Collection Set: 14.0ms
[2025-07-30T16:38:11.029+0800][36.854s][info][gc,phases   ] GC(706)   Post Evacuate Collection Set: 0.6ms
[2025-07-30T16:38:11.029+0800][36.854s][info][gc,phases   ] GC(706)   Other: 0.1ms
[2025-07-30T16:38:11.029+0800][36.854s][info][gc,heap     ] GC(706) Eden regions: 1017->0(1017)
[2025-07-30T16:38:11.029+0800][36.854s][info][gc,heap     ] GC(706) Survivor regions: 146->146(146)
[2025-07-30T16:38:11.029+0800][36.854s][info][gc,heap     ] GC(706) Old regions: 561->561
[2025-07-30T16:38:11.029+0800][36.854s][info][gc,heap     ] GC(706) Humongous regions: 3->3
[2025-07-30T16:38:11.029+0800][36.854s][info][gc,metaspace] GC(706) Metaspace: 7189K(7488K)->7189K(7488K) NonClass: 6465K(6592K)->6465K(6592K) Class: 724K(896K)->724K(896K)
[2025-07-30T16:38:11.029+0800][36.854s][info][gc          ] GC(706) Pause Young (Normal) (G1 Evacuation Pause) 1726M->708M(2048M) 15.198ms
[2025-07-30T16:38:11.029+0800][36.854s][info][gc,cpu      ] GC(706) User=0.02s Sys=0.00s Real=0.02s
[2025-07-30T16:38:11.029+0800][36.854s][info][safepoint   ] Safepoint "G1CollectForAllocation", Time since last: 36081600 ns, Reaching safepoint: 2200 ns, Cleanup: 2500 ns, At safepoint: 15237600 ns, Total: 15242300 ns
[2025-07-30T16:38:11.065+0800][36.891s][info][gc,start    ] GC(707) Pause Young (Normal) (G1 Evacuation Pause)
[2025-07-30T16:38:11.065+0800][36.891s][info][gc,task     ] GC(707) Using 1 workers of 1 for evacuation
[2025-07-30T16:38:11.080+0800][36.906s][info][gc,phases   ] GC(707)   Pre Evacuate Collection Set: 0.3ms
[2025-07-30T16:38:11.080+0800][36.906s][info][gc,phases   ] GC(707)   Merge Heap Roots: 0.1ms
[2025-07-30T16:38:11.080+0800][36.906s][info][gc,phases   ] GC(707)   Evacuate Collection Set: 13.7ms
[2025-07-30T16:38:11.080+0800][36.906s][info][gc,phases   ] GC(707)   Post Evacuate Collection Set: 0.7ms
[2025-07-30T16:38:11.080+0800][36.906s][info][gc,phases   ] GC(707)   Other: 0.1ms
[2025-07-30T16:38:11.080+0800][36.906s][info][gc,heap     ] GC(707) Eden regions: 1017->0(1019)
[2025-07-30T16:38:11.080+0800][36.906s][info][gc,heap     ] GC(707) Survivor regions: 146->145(146)
[2025-07-30T16:38:11.080+0800][36.906s][info][gc,heap     ] GC(707) Old regions: 561->561
[2025-07-30T16:38:11.080+0800][36.906s][info][gc,heap     ] GC(707) Humongous regions: 3->3
[2025-07-30T16:38:11.080+0800][36.906s][info][gc,metaspace] GC(707) Metaspace: 7189K(7488K)->7189K(7488K) NonClass: 6465K(6592K)->6465K(6592K) Class: 724K(896K)->724K(896K)
[2025-07-30T16:38:11.080+0800][36.906s][info][gc          ] GC(707) Pause Young (Normal) (G1 Evacuation Pause) 1725M->707M(2048M) 15.075ms
[2025-07-30T16:38:11.080+0800][36.906s][info][gc,cpu      ] GC(707) User=0.02s Sys=0.00s Real=0.01s
[2025-07-30T16:38:11.080+0800][36.906s][info][safepoint   ] Safepoint "G1CollectForAllocation", Time since last: 36498300 ns, Reaching safepoint: 2300 ns, Cleanup: 3100 ns, At safepoint: 15114200 ns, Total: 15119600 ns
[2025-07-30T16:38:11.117+0800][36.943s][info][gc,start    ] GC(708) Pause Young (Normal) (G1 Evacuation Pause)
[2025-07-30T16:38:11.117+0800][36.943s][info][gc,task     ] GC(708) Using 1 workers of 1 for evacuation
[2025-07-30T16:38:11.132+0800][36.957s][info][gc,phases   ] GC(708)   Pre Evacuate Collection Set: 0.3ms
[2025-07-30T16:38:11.132+0800][36.957s][info][gc,phases   ] GC(708)   Merge Heap Roots: 0.0ms
[2025-07-30T16:38:11.132+0800][36.958s][info][gc,phases   ] GC(708)   Evacuate Collection Set: 13.9ms
[2025-07-30T16:38:11.132+0800][36.958s][info][gc,phases   ] GC(708)   Post Evacuate Collection Set: 0.6ms
[2025-07-30T16:38:11.132+0800][36.958s][info][gc,phases   ] GC(708)   Other: 0.1ms
[2025-07-30T16:38:11.132+0800][36.958s][info][gc,heap     ] GC(708) Eden regions: 1019->0(1018)
[2025-07-30T16:38:11.132+0800][36.958s][info][gc,heap     ] GC(708) Survivor regions: 145->146(146)
[2025-07-30T16:38:11.132+0800][36.958s][info][gc,heap     ] GC(708) Old regions: 561->561
[2025-07-30T16:38:11.132+0800][36.958s][info][gc,heap     ] GC(708) Humongous regions: 3->3
[2025-07-30T16:38:11.132+0800][36.958s][info][gc,metaspace] GC(708) Metaspace: 7189K(7488K)->7189K(7488K) NonClass: 6465K(6592K)->6465K(6592K) Class: 724K(896K)->724K(896K)
[2025-07-30T16:38:11.132+0800][36.958s][info][gc          ] GC(708) Pause Young (Normal) (G1 Evacuation Pause) 1726M->708M(2048M) 15.108ms
[2025-07-30T16:38:11.132+0800][36.958s][info][gc,cpu      ] GC(708) User=0.02s Sys=0.00s Real=0.01s
[2025-07-30T16:38:11.132+0800][36.958s][info][safepoint   ] Safepoint "G1CollectForAllocation", Time since last: 36685100 ns, Reaching safepoint: 1900 ns, Cleanup: 2900 ns, At safepoint: 15208300 ns, Total: 15213100 ns
[2025-07-30T16:38:11.170+0800][36.995s][info][gc,start    ] GC(709) Pause Young (Normal) (G1 Evacuation Pause)
[2025-07-30T16:38:11.170+0800][36.995s][info][gc,task     ] GC(709) Using 1 workers of 1 for evacuation
[2025-07-30T16:38:11.185+0800][37.011s][info][gc,phases   ] GC(709)   Pre Evacuate Collection Set: 0.3ms
[2025-07-30T16:38:11.185+0800][37.011s][info][gc,phases   ] GC(709)   Merge Heap Roots: 0.0ms
[2025-07-30T16:38:11.185+0800][37.011s][info][gc,phases   ] GC(709)   Evacuate Collection Set: 14.5ms
[2025-07-30T16:38:11.185+0800][37.011s][info][gc,phases   ] GC(709)   Post Evacuate Collection Set: 0.7ms
[2025-07-30T16:38:11.185+0800][37.011s][info][gc,phases   ] GC(709)   Other: 0.1ms
[2025-07-30T16:38:11.185+0800][37.011s][info][gc,heap     ] GC(709) Eden regions: 1018->0(1018)
[2025-07-30T16:38:11.185+0800][37.011s][info][gc,heap     ] GC(709) Survivor regions: 146->146(146)
[2025-07-30T16:38:11.185+0800][37.011s][info][gc,heap     ] GC(709) Old regions: 561->561
[2025-07-30T16:38:11.185+0800][37.011s][info][gc,heap     ] GC(709) Humongous regions: 3->3
[2025-07-30T16:38:11.185+0800][37.011s][info][gc,metaspace] GC(709) Metaspace: 7189K(7488K)->7189K(7488K) NonClass: 6465K(6592K)->6465K(6592K) Class: 724K(896K)->724K(896K)
[2025-07-30T16:38:11.185+0800][37.011s][info][gc          ] GC(709) Pause Young (Normal) (G1 Evacuation Pause) 1726M->708M(2048M) 15.775ms
[2025-07-30T16:38:11.185+0800][37.011s][info][gc,cpu      ] GC(709) User=0.02s Sys=0.02s Real=0.01s
[2025-07-30T16:38:11.185+0800][37.011s][info][safepoint   ] Safepoint "G1CollectForAllocation", Time since last: 37216600 ns, Reaching safepoint: 1900 ns, Cleanup: 2700 ns, At safepoint: 15811600 ns, Total: 15816200 ns
[2025-07-30T16:38:11.222+0800][37.048s][info][gc,start    ] GC(710) Pause Young (Normal) (G1 Evacuation Pause)
[2025-07-30T16:38:11.222+0800][37.048s][info][gc,task     ] GC(710) Using 1 workers of 1 for evacuation
[2025-07-30T16:38:11.238+0800][37.063s][info][gc,phases   ] GC(710)   Pre Evacuate Collection Set: 0.4ms
[2025-07-30T16:38:11.238+0800][37.063s][info][gc,phases   ] GC(710)   Merge Heap Roots: 0.1ms
[2025-07-30T16:38:11.238+0800][37.063s][info][gc,phases   ] GC(710)   Evacuate Collection Set: 13.8ms
[2025-07-30T16:38:11.238+0800][37.063s][info][gc,phases   ] GC(710)   Post Evacuate Collection Set: 0.7ms
[2025-07-30T16:38:11.238+0800][37.063s][info][gc,phases   ] GC(710)   Other: 0.1ms
[2025-07-30T16:38:11.238+0800][37.063s][info][gc,heap     ] GC(710) Eden regions: 1018->0(1017)
[2025-07-30T16:38:11.238+0800][37.063s][info][gc,heap     ] GC(710) Survivor regions: 146->146(146)
[2025-07-30T16:38:11.238+0800][37.063s][info][gc,heap     ] GC(710) Old regions: 561->561
[2025-07-30T16:38:11.238+0800][37.063s][info][gc,heap     ] GC(710) Humongous regions: 3->3
[2025-07-30T16:38:11.238+0800][37.063s][info][gc,metaspace] GC(710) Metaspace: 7190K(7488K)->7190K(7488K) NonClass: 6466K(6592K)->6466K(6592K) Class: 724K(896K)->724K(896K)
[2025-07-30T16:38:11.238+0800][37.063s][info][gc          ] GC(710) Pause Young (Normal) (G1 Evacuation Pause) 1726M->708M(2048M) 15.293ms
[2025-07-30T16:38:11.238+0800][37.063s][info][gc,cpu      ] GC(710) User=0.02s Sys=0.00s Real=0.02s
[2025-07-30T16:38:11.238+0800][37.063s][info][safepoint   ] Safepoint "G1CollectForAllocation", Time since last: 36849200 ns, Reaching safepoint: 3200 ns, Cleanup: 4200 ns, At safepoint: 15337100 ns, Total: 15344500 ns
[2025-07-30T16:38:11.275+0800][37.100s][info][gc,start    ] GC(711) Pause Young (Normal) (G1 Evacuation Pause)
[2025-07-30T16:38:11.275+0800][37.100s][info][gc,task     ] GC(711) Using 1 workers of 1 for evacuation
[2025-07-30T16:38:11.290+0800][37.116s][info][gc,phases   ] GC(711)   Pre Evacuate Collection Set: 0.5ms
[2025-07-30T16:38:11.290+0800][37.116s][info][gc,phases   ] GC(711)   Merge Heap Roots: 0.1ms
[2025-07-30T16:38:11.290+0800][37.116s][info][gc,phases   ] GC(711)   Evacuate Collection Set: 14.1ms
[2025-07-30T16:38:11.290+0800][37.116s][info][gc,phases   ] GC(711)   Post Evacuate Collection Set: 0.7ms
[2025-07-30T16:38:11.290+0800][37.116s][info][gc,phases   ] GC(711)   Other: 0.1ms
[2025-07-30T16:38:11.290+0800][37.116s][info][gc,heap     ] GC(711) Eden regions: 1017->0(1019)
[2025-07-30T16:38:11.290+0800][37.116s][info][gc,heap     ] GC(711) Survivor regions: 146->145(146)
[2025-07-30T16:38:11.290+0800][37.116s][info][gc,heap     ] GC(711) Old regions: 561->561
[2025-07-30T16:38:11.290+0800][37.116s][info][gc,heap     ] GC(711) Humongous regions: 3->3
[2025-07-30T16:38:11.290+0800][37.116s][info][gc,metaspace] GC(711) Metaspace: 7190K(7488K)->7190K(7488K) NonClass: 6466K(6592K)->6466K(6592K) Class: 724K(896K)->724K(896K)
[2025-07-30T16:38:11.290+0800][37.116s][info][gc          ] GC(711) Pause Young (Normal) (G1 Evacuation Pause) 1725M->708M(2048M) 15.672ms
[2025-07-30T16:38:11.290+0800][37.116s][info][gc,cpu      ] GC(711) User=0.02s Sys=0.00s Real=0.01s
[2025-07-30T16:38:11.290+0800][37.116s][info][safepoint   ] Safepoint "G1CollectForAllocation", Time since last: 37361400 ns, Reaching safepoint: 4300 ns, Cleanup: 5000 ns, At safepoint: 15724400 ns, Total: 15733700 ns
[2025-07-30T16:38:11.327+0800][37.152s][info][gc,start    ] GC(712) Pause Young (Normal) (G1 Evacuation Pause)
[2025-07-30T16:38:11.327+0800][37.152s][info][gc,task     ] GC(712) Using 1 workers of 1 for evacuation
[2025-07-30T16:38:11.343+0800][37.169s][info][gc,phases   ] GC(712)   Pre Evacuate Collection Set: 0.4ms
[2025-07-30T16:38:11.343+0800][37.169s][info][gc,phases   ] GC(712)   Merge Heap Roots: 0.1ms
[2025-07-30T16:38:11.343+0800][37.169s][info][gc,phases   ] GC(712)   Evacuate Collection Set: 15.1ms
[2025-07-30T16:38:11.343+0800][37.169s][info][gc,phases   ] GC(712)   Post Evacuate Collection Set: 0.6ms
[2025-07-30T16:38:11.343+0800][37.169s][info][gc,phases   ] GC(712)   Other: 0.1ms
[2025-07-30T16:38:11.343+0800][37.169s][info][gc,heap     ] GC(712) Eden regions: 1019->0(1017)
[2025-07-30T16:38:11.343+0800][37.169s][info][gc,heap     ] GC(712) Survivor regions: 145->146(146)
[2025-07-30T16:38:11.343+0800][37.169s][info][gc,heap     ] GC(712) Old regions: 561->561
[2025-07-30T16:38:11.343+0800][37.169s][info][gc,heap     ] GC(712) Humongous regions: 3->3
[2025-07-30T16:38:11.343+0800][37.169s][info][gc,metaspace] GC(712) Metaspace: 7190K(7488K)->7190K(7488K) NonClass: 6466K(6592K)->6466K(6592K) Class: 724K(896K)->724K(896K)
[2025-07-30T16:38:11.343+0800][37.169s][info][gc          ] GC(712) Pause Young (Normal) (G1 Evacuation Pause) 1727M->709M(2048M) 16.546ms
[2025-07-30T16:38:11.343+0800][37.169s][info][gc,cpu      ] GC(712) User=0.02s Sys=0.00s Real=0.02s
[2025-07-30T16:38:11.343+0800][37.169s][info][safepoint   ] Safepoint "G1CollectForAllocation", Time since last: 36246400 ns, Reaching safepoint: 3000 ns, Cleanup: 3100 ns, At safepoint: 16588900 ns, Total: 16595000 ns
[2025-07-30T16:38:11.380+0800][37.206s][info][gc,start    ] GC(713) Pause Young (Normal) (G1 Evacuation Pause)
[2025-07-30T16:38:11.380+0800][37.206s][info][gc,task     ] GC(713) Using 1 workers of 1 for evacuation
[2025-07-30T16:38:11.395+0800][37.221s][info][gc,phases   ] GC(713)   Pre Evacuate Collection Set: 0.4ms
[2025-07-30T16:38:11.395+0800][37.221s][info][gc,phases   ] GC(713)   Merge Heap Roots: 0.1ms
[2025-07-30T16:38:11.395+0800][37.221s][info][gc,phases   ] GC(713)   Evacuate Collection Set: 13.9ms
[2025-07-30T16:38:11.395+0800][37.221s][info][gc,phases   ] GC(713)   Post Evacuate Collection Set: 0.6ms
[2025-07-30T16:38:11.395+0800][37.221s][info][gc,phases   ] GC(713)   Other: 0.1ms
[2025-07-30T16:38:11.395+0800][37.221s][info][gc,heap     ] GC(713) Eden regions: 1017->0(1019)
[2025-07-30T16:38:11.395+0800][37.221s][info][gc,heap     ] GC(713) Survivor regions: 146->145(146)
[2025-07-30T16:38:11.395+0800][37.221s][info][gc,heap     ] GC(713) Old regions: 561->561
[2025-07-30T16:38:11.395+0800][37.221s][info][gc,heap     ] GC(713) Humongous regions: 3->3
[2025-07-30T16:38:11.395+0800][37.221s][info][gc,metaspace] GC(713) Metaspace: 7190K(7488K)->7190K(7488K) NonClass: 6466K(6592K)->6466K(6592K) Class: 724K(896K)->724K(896K)
[2025-07-30T16:38:11.395+0800][37.221s][info][gc          ] GC(713) Pause Young (Normal) (G1 Evacuation Pause) 1726M->708M(2048M) 15.260ms
[2025-07-30T16:38:11.395+0800][37.221s][info][gc,cpu      ] GC(713) User=0.02s Sys=0.00s Real=0.01s
[2025-07-30T16:38:11.395+0800][37.221s][info][safepoint   ] Safepoint "G1CollectForAllocation", Time since last: 37059000 ns, Reaching safepoint: 2500 ns, Cleanup: 2900 ns, At safepoint: 15300900 ns, Total: 15306300 ns
[2025-07-30T16:38:11.433+0800][37.258s][info][gc,start    ] GC(714) Pause Young (Normal) (G1 Evacuation Pause)
[2025-07-30T16:38:11.433+0800][37.258s][info][gc,task     ] GC(714) Using 1 workers of 1 for evacuation
[2025-07-30T16:38:11.450+0800][37.275s][info][gc,phases   ] GC(714)   Pre Evacuate Collection Set: 0.4ms
[2025-07-30T16:38:11.450+0800][37.275s][info][gc,phases   ] GC(714)   Merge Heap Roots: 0.1ms
[2025-07-30T16:38:11.450+0800][37.275s][info][gc,phases   ] GC(714)   Evacuate Collection Set: 15.9ms
[2025-07-30T16:38:11.450+0800][37.275s][info][gc,phases   ] GC(714)   Post Evacuate Collection Set: 0.7ms
[2025-07-30T16:38:11.450+0800][37.275s][info][gc,phases   ] GC(714)   Other: 0.1ms
[2025-07-30T16:38:11.450+0800][37.275s][info][gc,heap     ] GC(714) Eden regions: 1019->0(1017)
[2025-07-30T16:38:11.450+0800][37.275s][info][gc,heap     ] GC(714) Survivor regions: 145->146(146)
[2025-07-30T16:38:11.450+0800][37.275s][info][gc,heap     ] GC(714) Old regions: 561->561
[2025-07-30T16:38:11.450+0800][37.275s][info][gc,heap     ] GC(714) Humongous regions: 3->3
[2025-07-30T16:38:11.450+0800][37.275s][info][gc,metaspace] GC(714) Metaspace: 7190K(7488K)->7190K(7488K) NonClass: 6466K(6592K)->6466K(6592K) Class: 724K(896K)->724K(896K)
[2025-07-30T16:38:11.450+0800][37.275s][info][gc          ] GC(714) Pause Young (Normal) (G1 Evacuation Pause) 1727M->709M(2048M) 17.290ms
[2025-07-30T16:38:11.450+0800][37.275s][info][gc,cpu      ] GC(714) User=0.02s Sys=0.00s Real=0.02s
[2025-07-30T16:38:11.450+0800][37.275s][info][safepoint   ] Safepoint "G1CollectForAllocation", Time since last: 36928900 ns, Reaching safepoint: 3100 ns, Cleanup: 3400 ns, At safepoint: 17330400 ns, Total: 17336900 ns
[2025-07-30T16:38:11.486+0800][37.312s][info][gc,start    ] GC(715) Pause Young (Normal) (G1 Evacuation Pause)
[2025-07-30T16:38:11.486+0800][37.312s][info][gc,task     ] GC(715) Using 1 workers of 1 for evacuation
[2025-07-30T16:38:11.503+0800][37.328s][info][gc,phases   ] GC(715)   Pre Evacuate Collection Set: 0.4ms
[2025-07-30T16:38:11.503+0800][37.328s][info][gc,phases   ] GC(715)   Merge Heap Roots: 0.1ms
[2025-07-30T16:38:11.503+0800][37.328s][info][gc,phases   ] GC(715)   Evacuate Collection Set: 14.7ms
[2025-07-30T16:38:11.503+0800][37.328s][info][gc,phases   ] GC(715)   Post Evacuate Collection Set: 0.7ms
[2025-07-30T16:38:11.503+0800][37.328s][info][gc,phases   ] GC(715)   Other: 0.1ms
[2025-07-30T16:38:11.503+0800][37.328s][info][gc,heap     ] GC(715) Eden regions: 1017->0(1017)
[2025-07-30T16:38:11.503+0800][37.328s][info][gc,heap     ] GC(715) Survivor regions: 146->146(146)
[2025-07-30T16:38:11.503+0800][37.329s][info][gc,heap     ] GC(715) Old regions: 561->561
[2025-07-30T16:38:11.503+0800][37.329s][info][gc,heap     ] GC(715) Humongous regions: 3->3
[2025-07-30T16:38:11.503+0800][37.329s][info][gc,metaspace] GC(715) Metaspace: 7190K(7488K)->7190K(7488K) NonClass: 6466K(6592K)->6466K(6592K) Class: 724K(896K)->724K(896K)
[2025-07-30T16:38:11.504+0800][37.329s][info][gc          ] GC(715) Pause Young (Normal) (G1 Evacuation Pause) 1726M->708M(2048M) 16.176ms
[2025-07-30T16:38:11.504+0800][37.329s][info][gc,cpu      ] GC(715) User=0.02s Sys=0.00s Real=0.02s
[2025-07-30T16:38:11.504+0800][37.329s][info][safepoint   ] Safepoint "G1CollectForAllocation", Time since last: 36850600 ns, Reaching safepoint: 4000 ns, Cleanup: 4400 ns, At safepoint: 16220300 ns, Total: 16228700 ns
[2025-07-30T16:38:11.540+0800][37.365s][info][gc,start    ] GC(716) Pause Young (Normal) (G1 Evacuation Pause)
[2025-07-30T16:38:11.540+0800][37.365s][info][gc,task     ] GC(716) Using 1 workers of 1 for evacuation
[2025-07-30T16:38:11.555+0800][37.380s][info][gc,phases   ] GC(716)   Pre Evacuate Collection Set: 0.3ms
[2025-07-30T16:38:11.555+0800][37.380s][info][gc,phases   ] GC(716)   Merge Heap Roots: 0.0ms
[2025-07-30T16:38:11.555+0800][37.380s][info][gc,phases   ] GC(716)   Evacuate Collection Set: 14.0ms
[2025-07-30T16:38:11.555+0800][37.380s][info][gc,phases   ] GC(716)   Post Evacuate Collection Set: 0.6ms
[2025-07-30T16:38:11.555+0800][37.380s][info][gc,phases   ] GC(716)   Other: 0.1ms
[2025-07-30T16:38:11.555+0800][37.380s][info][gc,heap     ] GC(716) Eden regions: 1017->0(1019)
[2025-07-30T16:38:11.555+0800][37.380s][info][gc,heap     ] GC(716) Survivor regions: 146->145(146)
[2025-07-30T16:38:11.555+0800][37.380s][info][gc,heap     ] GC(716) Old regions: 561->561
[2025-07-30T16:38:11.555+0800][37.380s][info][gc,heap     ] GC(716) Humongous regions: 3->3
[2025-07-30T16:38:11.555+0800][37.380s][info][gc,metaspace] GC(716) Metaspace: 7190K(7488K)->7190K(7488K) NonClass: 6466K(6592K)->6466K(6592K) Class: 724K(896K)->724K(896K)
[2025-07-30T16:38:11.555+0800][37.380s][info][gc          ] GC(716) Pause Young (Normal) (G1 Evacuation Pause) 1725M->707M(2048M) 15.271ms
[2025-07-30T16:38:11.555+0800][37.380s][info][gc,cpu      ] GC(716) User=0.02s Sys=0.00s Real=0.02s
[2025-07-30T16:38:11.555+0800][37.380s][info][safepoint   ] Safepoint "G1CollectForAllocation", Time since last: 36490800 ns, Reaching safepoint: 2200 ns, Cleanup: 2800 ns, At safepoint: 15313500 ns, Total: 15318500 ns
[2025-07-30T16:38:11.592+0800][37.417s][info][gc,start    ] GC(717) Pause Young (Normal) (G1 Evacuation Pause)
[2025-07-30T16:38:11.592+0800][37.417s][info][gc,task     ] GC(717) Using 1 workers of 1 for evacuation
[2025-07-30T16:38:11.607+0800][37.432s][info][gc,phases   ] GC(717)   Pre Evacuate Collection Set: 0.4ms
[2025-07-30T16:38:11.607+0800][37.433s][info][gc,phases   ] GC(717)   Merge Heap Roots: 0.1ms
[2025-07-30T16:38:11.607+0800][37.433s][info][gc,phases   ] GC(717)   Evacuate Collection Set: 14.1ms
[2025-07-30T16:38:11.607+0800][37.433s][info][gc,phases   ] GC(717)   Post Evacuate Collection Set: 0.7ms
[2025-07-30T16:38:11.607+0800][37.433s][info][gc,phases   ] GC(717)   Other: 0.1ms
[2025-07-30T16:38:11.607+0800][37.433s][info][gc,heap     ] GC(717) Eden regions: 1019->0(1018)
[2025-07-30T16:38:11.607+0800][37.433s][info][gc,heap     ] GC(717) Survivor regions: 145->146(146)
[2025-07-30T16:38:11.607+0800][37.433s][info][gc,heap     ] GC(717) Old regions: 561->561
[2025-07-30T16:38:11.607+0800][37.433s][info][gc,heap     ] GC(717) Humongous regions: 3->3
[2025-07-30T16:38:11.607+0800][37.433s][info][gc,metaspace] GC(717) Metaspace: 7190K(7488K)->7190K(7488K) NonClass: 6466K(6592K)->6466K(6592K) Class: 724K(896K)->724K(896K)
[2025-07-30T16:38:11.607+0800][37.433s][info][gc          ] GC(717) Pause Young (Normal) (G1 Evacuation Pause) 1726M->708M(2048M) 15.508ms
[2025-07-30T16:38:11.607+0800][37.433s][info][gc,cpu      ] GC(717) User=0.02s Sys=0.00s Real=0.02s
[2025-07-30T16:38:11.607+0800][37.433s][info][safepoint   ] Safepoint "G1CollectForAllocation", Time since last: 36726900 ns, Reaching safepoint: 4300 ns, Cleanup: 4500 ns, At safepoint: 15556900 ns, Total: 15565700 ns
[2025-07-30T16:38:11.644+0800][37.469s][info][gc,start    ] GC(718) Pause Young (Normal) (G1 Evacuation Pause)
[2025-07-30T16:38:11.644+0800][37.469s][info][gc,task     ] GC(718) Using 1 workers of 1 for evacuation
[2025-07-30T16:38:11.660+0800][37.485s][info][gc,phases   ] GC(718)   Pre Evacuate Collection Set: 0.4ms
[2025-07-30T16:38:11.660+0800][37.485s][info][gc,phases   ] GC(718)   Merge Heap Roots: 0.0ms
[2025-07-30T16:38:11.660+0800][37.485s][info][gc,phases   ] GC(718)   Evacuate Collection Set: 14.0ms
[2025-07-30T16:38:11.660+0800][37.485s][info][gc,phases   ] GC(718)   Post Evacuate Collection Set: 0.7ms
[2025-07-30T16:38:11.660+0800][37.485s][info][gc,phases   ] GC(718)   Other: 0.1ms
[2025-07-30T16:38:11.660+0800][37.485s][info][gc,heap     ] GC(718) Eden regions: 1018->0(1018)
[2025-07-30T16:38:11.660+0800][37.485s][info][gc,heap     ] GC(718) Survivor regions: 146->146(146)
[2025-07-30T16:38:11.660+0800][37.485s][info][gc,heap     ] GC(718) Old regions: 561->561
[2025-07-30T16:38:11.660+0800][37.485s][info][gc,heap     ] GC(718) Humongous regions: 3->3
[2025-07-30T16:38:11.660+0800][37.485s][info][gc,metaspace] GC(718) Metaspace: 7190K(7488K)->7190K(7488K) NonClass: 6466K(6592K)->6466K(6592K) Class: 724K(896K)->724K(896K)
[2025-07-30T16:38:11.660+0800][37.485s][info][gc          ] GC(718) Pause Young (Normal) (G1 Evacuation Pause) 1726M->708M(2048M) 15.319ms
[2025-07-30T16:38:11.660+0800][37.485s][info][gc,cpu      ] GC(718) User=0.02s Sys=0.00s Real=0.02s
[2025-07-30T16:38:11.660+0800][37.485s][info][safepoint   ] Safepoint "G1CollectForAllocation", Time since last: 36754400 ns, Reaching safepoint: 2400 ns, Cleanup: 3000 ns, At safepoint: 15361300 ns, Total: 15366700 ns
[2025-07-30T16:38:11.697+0800][37.522s][info][gc,start    ] GC(719) Pause Young (Normal) (G1 Evacuation Pause)
[2025-07-30T16:38:11.697+0800][37.522s][info][gc,task     ] GC(719) Using 1 workers of 1 for evacuation
[2025-07-30T16:38:11.712+0800][37.537s][info][gc,phases   ] GC(719)   Pre Evacuate Collection Set: 0.4ms
[2025-07-30T16:38:11.712+0800][37.537s][info][gc,phases   ] GC(719)   Merge Heap Roots: 0.1ms
[2025-07-30T16:38:11.712+0800][37.537s][info][gc,phases   ] GC(719)   Evacuate Collection Set: 14.1ms
[2025-07-30T16:38:11.712+0800][37.537s][info][gc,phases   ] GC(719)   Post Evacuate Collection Set: 0.6ms
[2025-07-30T16:38:11.712+0800][37.537s][info][gc,phases   ] GC(719)   Other: 0.1ms
[2025-07-30T16:38:11.712+0800][37.537s][info][gc,heap     ] GC(719) Eden regions: 1018->0(1018)
[2025-07-30T16:38:11.712+0800][37.537s][info][gc,heap     ] GC(719) Survivor regions: 146->146(146)
[2025-07-30T16:38:11.712+0800][37.537s][info][gc,heap     ] GC(719) Old regions: 561->561
[2025-07-30T16:38:11.712+0800][37.537s][info][gc,heap     ] GC(719) Humongous regions: 3->3
[2025-07-30T16:38:11.712+0800][37.537s][info][gc,metaspace] GC(719) Metaspace: 7190K(7488K)->7190K(7488K) NonClass: 6466K(6592K)->6466K(6592K) Class: 724K(896K)->724K(896K)
[2025-07-30T16:38:11.712+0800][37.537s][info][gc          ] GC(719) Pause Young (Normal) (G1 Evacuation Pause) 1726M->708M(2048M) 15.398ms
[2025-07-30T16:38:11.712+0800][37.537s][info][gc,cpu      ] GC(719) User=0.02s Sys=0.00s Real=0.02s
[2025-07-30T16:38:11.712+0800][37.537s][info][safepoint   ] Safepoint "G1CollectForAllocation", Time since last: 36721700 ns, Reaching safepoint: 2500 ns, Cleanup: 3600 ns, At safepoint: 15439100 ns, Total: 15445200 ns
[2025-07-30T16:38:11.748+0800][37.574s][info][gc,start    ] GC(720) Pause Young (Normal) (G1 Evacuation Pause)
[2025-07-30T16:38:11.748+0800][37.574s][info][gc,task     ] GC(720) Using 1 workers of 1 for evacuation
[2025-07-30T16:38:11.764+0800][37.589s][info][gc,phases   ] GC(720)   Pre Evacuate Collection Set: 0.3ms
[2025-07-30T16:38:11.764+0800][37.589s][info][gc,phases   ] GC(720)   Merge Heap Roots: 0.0ms
[2025-07-30T16:38:11.764+0800][37.589s][info][gc,phases   ] GC(720)   Evacuate Collection Set: 14.0ms
[2025-07-30T16:38:11.764+0800][37.589s][info][gc,phases   ] GC(720)   Post Evacuate Collection Set: 0.6ms
[2025-07-30T16:38:11.764+0800][37.589s][info][gc,phases   ] GC(720)   Other: 0.1ms
[2025-07-30T16:38:11.764+0800][37.589s][info][gc,heap     ] GC(720) Eden regions: 1018->0(1017)
[2025-07-30T16:38:11.764+0800][37.589s][info][gc,heap     ] GC(720) Survivor regions: 146->146(146)
[2025-07-30T16:38:11.764+0800][37.589s][info][gc,heap     ] GC(720) Old regions: 561->561
[2025-07-30T16:38:11.764+0800][37.589s][info][gc,heap     ] GC(720) Humongous regions: 3->3
[2025-07-30T16:38:11.764+0800][37.589s][info][gc,metaspace] GC(720) Metaspace: 7190K(7488K)->7190K(7488K) NonClass: 6466K(6592K)->6466K(6592K) Class: 724K(896K)->724K(896K)
[2025-07-30T16:38:11.764+0800][37.589s][info][gc          ] GC(720) Pause Young (Normal) (G1 Evacuation Pause) 1726M->709M(2048M) 15.145ms
[2025-07-30T16:38:11.764+0800][37.589s][info][gc,cpu      ] GC(720) User=0.02s Sys=0.00s Real=0.02s
[2025-07-30T16:38:11.764+0800][37.589s][info][safepoint   ] Safepoint "G1CollectForAllocation", Time since last: 36804000 ns, Reaching safepoint: 2200 ns, Cleanup: 2900 ns, At safepoint: 15186500 ns, Total: 15191600 ns
[2025-07-30T16:38:11.800+0800][37.625s][info][gc,start    ] GC(721) Pause Young (Normal) (G1 Evacuation Pause)
[2025-07-30T16:38:11.800+0800][37.625s][info][gc,task     ] GC(721) Using 1 workers of 1 for evacuation
[2025-07-30T16:38:11.815+0800][37.640s][info][gc,phases   ] GC(721)   Pre Evacuate Collection Set: 0.4ms
[2025-07-30T16:38:11.815+0800][37.640s][info][gc,phases   ] GC(721)   Merge Heap Roots: 0.1ms
[2025-07-30T16:38:11.815+0800][37.640s][info][gc,phases   ] GC(721)   Evacuate Collection Set: 14.0ms
[2025-07-30T16:38:11.815+0800][37.640s][info][gc,phases   ] GC(721)   Post Evacuate Collection Set: 0.8ms
[2025-07-30T16:38:11.815+0800][37.640s][info][gc,phases   ] GC(721)   Other: 0.1ms
[2025-07-30T16:38:11.815+0800][37.640s][info][gc,heap     ] GC(721) Eden regions: 1017->0(1019)
[2025-07-30T16:38:11.815+0800][37.640s][info][gc,heap     ] GC(721) Survivor regions: 146->145(146)
[2025-07-30T16:38:11.815+0800][37.641s][info][gc,heap     ] GC(721) Old regions: 561->561
[2025-07-30T16:38:11.816+0800][37.641s][info][gc,heap     ] GC(721) Humongous regions: 3->3
[2025-07-30T16:38:11.816+0800][37.641s][info][gc,metaspace] GC(721) Metaspace: 7190K(7488K)->7190K(7488K) NonClass: 6466K(6592K)->6466K(6592K) Class: 724K(896K)->724K(896K)
[2025-07-30T16:38:11.816+0800][37.641s][info][gc          ] GC(721) Pause Young (Normal) (G1 Evacuation Pause) 1726M->708M(2048M) 15.479ms
[2025-07-30T16:38:11.816+0800][37.641s][info][gc,cpu      ] GC(721) User=0.02s Sys=0.00s Real=0.02s
[2025-07-30T16:38:11.816+0800][37.641s][info][safepoint   ] Safepoint "G1CollectForAllocation", Time since last: 36087200 ns, Reaching safepoint: 2700 ns, Cleanup: 3700 ns, At safepoint: 15521300 ns, Total: 15527700 ns
[2025-07-30T16:38:11.851+0800][37.677s][info][gc,start    ] GC(722) Pause Young (Normal) (G1 Evacuation Pause)
[2025-07-30T16:38:11.852+0800][37.677s][info][gc,task     ] GC(722) Using 1 workers of 1 for evacuation
[2025-07-30T16:38:11.868+0800][37.693s][info][gc,phases   ] GC(722)   Pre Evacuate Collection Set: 0.4ms
[2025-07-30T16:38:11.868+0800][37.693s][info][gc,phases   ] GC(722)   Merge Heap Roots: 0.1ms
[2025-07-30T16:38:11.868+0800][37.693s][info][gc,phases   ] GC(722)   Evacuate Collection Set: 14.8ms
[2025-07-30T16:38:11.868+0800][37.693s][info][gc,phases   ] GC(722)   Post Evacuate Collection Set: 0.6ms
[2025-07-30T16:38:11.868+0800][37.693s][info][gc,phases   ] GC(722)   Other: 0.1ms
[2025-07-30T16:38:11.868+0800][37.693s][info][gc,heap     ] GC(722) Eden regions: 1019->0(1017)
[2025-07-30T16:38:11.868+0800][37.693s][info][gc,heap     ] GC(722) Survivor regions: 145->146(146)
[2025-07-30T16:38:11.868+0800][37.693s][info][gc,heap     ] GC(722) Old regions: 561->561
[2025-07-30T16:38:11.868+0800][37.693s][info][gc,heap     ] GC(722) Humongous regions: 3->3
[2025-07-30T16:38:11.868+0800][37.693s][info][gc,metaspace] GC(722) Metaspace: 7190K(7488K)->7190K(7488K) NonClass: 6466K(6592K)->6466K(6592K) Class: 724K(896K)->724K(896K)
[2025-07-30T16:38:11.868+0800][37.693s][info][gc          ] GC(722) Pause Young (Normal) (G1 Evacuation Pause) 1727M->709M(2048M) 16.107ms
[2025-07-30T16:38:11.868+0800][37.693s][info][gc,cpu      ] GC(722) User=0.02s Sys=0.00s Real=0.02s
[2025-07-30T16:38:11.868+0800][37.693s][info][safepoint   ] Safepoint "G1CollectForAllocation", Time since last: 36604500 ns, Reaching safepoint: 2900 ns, Cleanup: 3800 ns, At safepoint: 16147800 ns, Total: 16154500 ns
[2025-07-30T16:38:11.906+0800][37.732s][info][gc,start    ] GC(723) Pause Young (Normal) (G1 Evacuation Pause)
[2025-07-30T16:38:11.906+0800][37.732s][info][gc,task     ] GC(723) Using 1 workers of 1 for evacuation
[2025-07-30T16:38:11.922+0800][37.747s][info][gc,phases   ] GC(723)   Pre Evacuate Collection Set: 0.4ms
[2025-07-30T16:38:11.922+0800][37.747s][info][gc,phases   ] GC(723)   Merge Heap Roots: 0.1ms
[2025-07-30T16:38:11.922+0800][37.747s][info][gc,phases   ] GC(723)   Evacuate Collection Set: 14.0ms
[2025-07-30T16:38:11.922+0800][37.747s][info][gc,phases   ] GC(723)   Post Evacuate Collection Set: 0.6ms
[2025-07-30T16:38:11.922+0800][37.747s][info][gc,phases   ] GC(723)   Other: 0.1ms
[2025-07-30T16:38:11.922+0800][37.747s][info][gc,heap     ] GC(723) Eden regions: 1017->0(1019)
[2025-07-30T16:38:11.922+0800][37.747s][info][gc,heap     ] GC(723) Survivor regions: 146->145(146)
[2025-07-30T16:38:11.922+0800][37.747s][info][gc,heap     ] GC(723) Old regions: 561->561
[2025-07-30T16:38:11.922+0800][37.747s][info][gc,heap     ] GC(723) Humongous regions: 3->3
[2025-07-30T16:38:11.922+0800][37.747s][info][gc,metaspace] GC(723) Metaspace: 7190K(7488K)->7190K(7488K) NonClass: 6466K(6592K)->6466K(6592K) Class: 724K(896K)->724K(896K)
[2025-07-30T16:38:11.922+0800][37.747s][info][gc          ] GC(723) Pause Young (Normal) (G1 Evacuation Pause) 1726M->708M(2048M) 15.292ms
[2025-07-30T16:38:11.922+0800][37.747s][info][gc,cpu      ] GC(723) User=0.00s Sys=0.00s Real=0.02s
[2025-07-30T16:38:11.922+0800][37.747s][info][safepoint   ] Safepoint "G1CollectForAllocation", Time since last: 38759200 ns, Reaching safepoint: 2900 ns, Cleanup: 2900 ns, At safepoint: 15331500 ns, Total: 15337300 ns
[2025-07-30T16:38:11.958+0800][37.784s][info][gc,start    ] GC(724) Pause Young (Normal) (G1 Evacuation Pause)
[2025-07-30T16:38:11.958+0800][37.784s][info][gc,task     ] GC(724) Using 1 workers of 1 for evacuation
[2025-07-30T16:38:11.974+0800][37.799s][info][gc,phases   ] GC(724)   Pre Evacuate Collection Set: 0.4ms
[2025-07-30T16:38:11.974+0800][37.799s][info][gc,phases   ] GC(724)   Merge Heap Roots: 0.1ms
[2025-07-30T16:38:11.974+0800][37.799s][info][gc,phases   ] GC(724)   Evacuate Collection Set: 14.1ms
[2025-07-30T16:38:11.974+0800][37.799s][info][gc,phases   ] GC(724)   Post Evacuate Collection Set: 0.6ms
[2025-07-30T16:38:11.974+0800][37.799s][info][gc,phases   ] GC(724)   Other: 0.1ms
[2025-07-30T16:38:11.974+0800][37.799s][info][gc,heap     ] GC(724) Eden regions: 1019->0(1017)
[2025-07-30T16:38:11.974+0800][37.799s][info][gc,heap     ] GC(724) Survivor regions: 145->146(146)
[2025-07-30T16:38:11.974+0800][37.799s][info][gc,heap     ] GC(724) Old regions: 561->561
[2025-07-30T16:38:11.974+0800][37.799s][info][gc,heap     ] GC(724) Humongous regions: 3->3
[2025-07-30T16:38:11.974+0800][37.799s][info][gc,metaspace] GC(724) Metaspace: 7190K(7488K)->7190K(7488K) NonClass: 6466K(6592K)->6466K(6592K) Class: 724K(896K)->724K(896K)
[2025-07-30T16:38:11.974+0800][37.799s][info][gc          ] GC(724) Pause Young (Normal) (G1 Evacuation Pause) 1727M->709M(2048M) 15.409ms
[2025-07-30T16:38:11.974+0800][37.799s][info][gc,cpu      ] GC(724) User=0.02s Sys=0.00s Real=0.02s
[2025-07-30T16:38:11.974+0800][37.799s][info][safepoint   ] Safepoint "G1CollectForAllocation", Time since last: 36434600 ns, Reaching safepoint: 2900 ns, Cleanup: 3700 ns, At safepoint: 15454900 ns, Total: 15461500 ns
[2025-07-30T16:38:12.010+0800][37.836s][info][gc,start    ] GC(725) Pause Young (Normal) (G1 Evacuation Pause)
[2025-07-30T16:38:12.010+0800][37.836s][info][gc,task     ] GC(725) Using 1 workers of 1 for evacuation
[2025-07-30T16:38:12.025+0800][37.851s][info][gc,phases   ] GC(725)   Pre Evacuate Collection Set: 0.3ms
[2025-07-30T16:38:12.025+0800][37.851s][info][gc,phases   ] GC(725)   Merge Heap Roots: 0.1ms
[2025-07-30T16:38:12.025+0800][37.851s][info][gc,phases   ] GC(725)   Evacuate Collection Set: 13.7ms
[2025-07-30T16:38:12.025+0800][37.851s][info][gc,phases   ] GC(725)   Post Evacuate Collection Set: 0.6ms
[2025-07-30T16:38:12.025+0800][37.851s][info][gc,phases   ] GC(725)   Other: 0.1ms
[2025-07-30T16:38:12.025+0800][37.851s][info][gc,heap     ] GC(725) Eden regions: 1017->0(1017)
[2025-07-30T16:38:12.025+0800][37.851s][info][gc,heap     ] GC(725) Survivor regions: 146->146(146)
[2025-07-30T16:38:12.025+0800][37.851s][info][gc,heap     ] GC(725) Old regions: 561->561
[2025-07-30T16:38:12.025+0800][37.851s][info][gc,heap     ] GC(725) Humongous regions: 3->3
[2025-07-30T16:38:12.025+0800][37.851s][info][gc,metaspace] GC(725) Metaspace: 7190K(7488K)->7190K(7488K) NonClass: 6466K(6592K)->6466K(6592K) Class: 724K(896K)->724K(896K)
[2025-07-30T16:38:12.025+0800][37.851s][info][gc          ] GC(725) Pause Young (Normal) (G1 Evacuation Pause) 1726M->708M(2048M) 14.847ms
[2025-07-30T16:38:12.025+0800][37.851s][info][gc,cpu      ] GC(725) User=0.02s Sys=0.00s Real=0.02s
[2025-07-30T16:38:12.025+0800][37.851s][info][safepoint   ] Safepoint "G1CollectForAllocation", Time since last: 36647100 ns, Reaching safepoint: 1900 ns, Cleanup: 3000 ns, At safepoint: 14885400 ns, Total: 14890300 ns
[2025-07-30T16:38:12.063+0800][37.888s][info][gc,start    ] GC(726) Pause Young (Normal) (G1 Evacuation Pause)
[2025-07-30T16:38:12.063+0800][37.888s][info][gc,task     ] GC(726) Using 1 workers of 1 for evacuation
[2025-07-30T16:38:12.078+0800][37.904s][info][gc,phases   ] GC(726)   Pre Evacuate Collection Set: 0.5ms
[2025-07-30T16:38:12.078+0800][37.904s][info][gc,phases   ] GC(726)   Merge Heap Roots: 0.1ms
[2025-07-30T16:38:12.078+0800][37.904s][info][gc,phases   ] GC(726)   Evacuate Collection Set: 14.0ms
[2025-07-30T16:38:12.078+0800][37.904s][info][gc,phases   ] GC(726)   Post Evacuate Collection Set: 0.7ms
[2025-07-30T16:38:12.078+0800][37.904s][info][gc,phases   ] GC(726)   Other: 0.1ms
[2025-07-30T16:38:12.078+0800][37.904s][info][gc,heap     ] GC(726) Eden regions: 1017->0(1019)
[2025-07-30T16:38:12.078+0800][37.904s][info][gc,heap     ] GC(726) Survivor regions: 146->145(146)
[2025-07-30T16:38:12.078+0800][37.904s][info][gc,heap     ] GC(726) Old regions: 561->561
[2025-07-30T16:38:12.078+0800][37.904s][info][gc,heap     ] GC(726) Humongous regions: 3->3
[2025-07-30T16:38:12.078+0800][37.904s][info][gc,metaspace] GC(726) Metaspace: 7190K(7488K)->7190K(7488K) NonClass: 6466K(6592K)->6466K(6592K) Class: 724K(896K)->724K(896K)
[2025-07-30T16:38:12.078+0800][37.904s][info][gc          ] GC(726) Pause Young (Normal) (G1 Evacuation Pause) 1725M->707M(2048M) 15.596ms
[2025-07-30T16:38:12.078+0800][37.904s][info][gc,cpu      ] GC(726) User=0.00s Sys=0.00s Real=0.02s
[2025-07-30T16:38:12.078+0800][37.904s][info][safepoint   ] Safepoint "G1CollectForAllocation", Time since last: 37317200 ns, Reaching safepoint: 4000 ns, Cleanup: 5000 ns, At safepoint: 15664000 ns, Total: 15673000 ns
[2025-07-30T16:38:12.115+0800][37.941s][info][gc,start    ] GC(727) Pause Young (Normal) (G1 Evacuation Pause)
[2025-07-30T16:38:12.115+0800][37.941s][info][gc,task     ] GC(727) Using 1 workers of 1 for evacuation
[2025-07-30T16:38:12.131+0800][37.956s][info][gc,phases   ] GC(727)   Pre Evacuate Collection Set: 0.4ms
[2025-07-30T16:38:12.131+0800][37.956s][info][gc,phases   ] GC(727)   Merge Heap Roots: 0.1ms
[2025-07-30T16:38:12.131+0800][37.956s][info][gc,phases   ] GC(727)   Evacuate Collection Set: 14.0ms
[2025-07-30T16:38:12.131+0800][37.956s][info][gc,phases   ] GC(727)   Post Evacuate Collection Set: 0.7ms
[2025-07-30T16:38:12.131+0800][37.956s][info][gc,phases   ] GC(727)   Other: 0.1ms
[2025-07-30T16:38:12.131+0800][37.956s][info][gc,heap     ] GC(727) Eden regions: 1019->0(1018)
[2025-07-30T16:38:12.131+0800][37.956s][info][gc,heap     ] GC(727) Survivor regions: 145->146(146)
[2025-07-30T16:38:12.131+0800][37.956s][info][gc,heap     ] GC(727) Old regions: 561->561
[2025-07-30T16:38:12.131+0800][37.956s][info][gc,heap     ] GC(727) Humongous regions: 3->3
[2025-07-30T16:38:12.131+0800][37.956s][info][gc,metaspace] GC(727) Metaspace: 7190K(7488K)->7190K(7488K) NonClass: 6466K(6592K)->6466K(6592K) Class: 724K(896K)->724K(896K)
[2025-07-30T16:38:12.131+0800][37.956s][info][gc          ] GC(727) Pause Young (Normal) (G1 Evacuation Pause) 1726M->708M(2048M) 15.383ms
[2025-07-30T16:38:12.131+0800][37.956s][info][gc,cpu      ] GC(727) User=0.02s Sys=0.00s Real=0.02s
[2025-07-30T16:38:12.131+0800][37.956s][info][safepoint   ] Safepoint "G1CollectForAllocation", Time since last: 36677200 ns, Reaching safepoint: 2800 ns, Cleanup: 3700 ns, At safepoint: 15433600 ns, Total: 15440100 ns
[2025-07-30T16:38:12.167+0800][37.993s][info][gc,start    ] GC(728) Pause Young (Normal) (G1 Evacuation Pause)
[2025-07-30T16:38:12.167+0800][37.993s][info][gc,task     ] GC(728) Using 1 workers of 1 for evacuation
[2025-07-30T16:38:12.182+0800][38.008s][info][gc,phases   ] GC(728)   Pre Evacuate Collection Set: 0.4ms
[2025-07-30T16:38:12.182+0800][38.008s][info][gc,phases   ] GC(728)   Merge Heap Roots: 0.1ms
[2025-07-30T16:38:12.182+0800][38.008s][info][gc,phases   ] GC(728)   Evacuate Collection Set: 13.9ms
[2025-07-30T16:38:12.182+0800][38.008s][info][gc,phases   ] GC(728)   Post Evacuate Collection Set: 0.7ms
[2025-07-30T16:38:12.182+0800][38.008s][info][gc,phases   ] GC(728)   Other: 0.1ms
[2025-07-30T16:38:12.182+0800][38.008s][info][gc,heap     ] GC(728) Eden regions: 1018->0(1018)
[2025-07-30T16:38:12.182+0800][38.008s][info][gc,heap     ] GC(728) Survivor regions: 146->146(146)
[2025-07-30T16:38:12.182+0800][38.008s][info][gc,heap     ] GC(728) Old regions: 561->561
[2025-07-30T16:38:12.182+0800][38.008s][info][gc,heap     ] GC(728) Humongous regions: 3->3
[2025-07-30T16:38:12.182+0800][38.008s][info][gc,metaspace] GC(728) Metaspace: 7190K(7488K)->7190K(7488K) NonClass: 6466K(6592K)->6466K(6592K) Class: 724K(896K)->724K(896K)
[2025-07-30T16:38:12.182+0800][38.008s][info][gc          ] GC(728) Pause Young (Normal) (G1 Evacuation Pause) 1726M->708M(2048M) 15.302ms
[2025-07-30T16:38:12.182+0800][38.008s][info][gc,cpu      ] GC(728) User=0.02s Sys=0.00s Real=0.01s
[2025-07-30T16:38:12.182+0800][38.008s][info][safepoint   ] Safepoint "G1CollectForAllocation", Time since last: 36544200 ns, Reaching safepoint: 2700 ns, Cleanup: 2900 ns, At safepoint: 15349300 ns, Total: 15354900 ns
[2025-07-30T16:38:12.221+0800][38.046s][info][gc,start    ] GC(729) Pause Young (Normal) (G1 Evacuation Pause)
[2025-07-30T16:38:12.221+0800][38.046s][info][gc,task     ] GC(729) Using 1 workers of 1 for evacuation
[2025-07-30T16:38:12.237+0800][38.062s][info][gc,phases   ] GC(729)   Pre Evacuate Collection Set: 0.5ms
[2025-07-30T16:38:12.237+0800][38.062s][info][gc,phases   ] GC(729)   Merge Heap Roots: 0.1ms
[2025-07-30T16:38:12.237+0800][38.062s][info][gc,phases   ] GC(729)   Evacuate Collection Set: 14.7ms
[2025-07-30T16:38:12.237+0800][38.062s][info][gc,phases   ] GC(729)   Post Evacuate Collection Set: 0.7ms
[2025-07-30T16:38:12.237+0800][38.062s][info][gc,phases   ] GC(729)   Other: 0.1ms
[2025-07-30T16:38:12.237+0800][38.062s][info][gc,heap     ] GC(729) Eden regions: 1018->0(1017)
[2025-07-30T16:38:12.237+0800][38.062s][info][gc,heap     ] GC(729) Survivor regions: 146->146(146)
[2025-07-30T16:38:12.237+0800][38.062s][info][gc,heap     ] GC(729) Old regions: 561->561
[2025-07-30T16:38:12.237+0800][38.062s][info][gc,heap     ] GC(729) Humongous regions: 3->3
[2025-07-30T16:38:12.237+0800][38.062s][info][gc,metaspace] GC(729) Metaspace: 7196K(7488K)->7196K(7488K) NonClass: 6472K(6592K)->6472K(6592K) Class: 724K(896K)->724K(896K)
[2025-07-30T16:38:12.237+0800][38.062s][info][gc          ] GC(729) Pause Young (Normal) (G1 Evacuation Pause) 1726M->709M(2048M) 16.244ms
[2025-07-30T16:38:12.237+0800][38.062s][info][gc,cpu      ] GC(729) User=0.02s Sys=0.02s Real=0.02s
[2025-07-30T16:38:12.237+0800][38.062s][info][safepoint   ] Safepoint "G1CollectForAllocation", Time since last: 38066400 ns, Reaching safepoint: 3700 ns, Cleanup: 4500 ns, At safepoint: 16286200 ns, Total: 16294400 ns
[2025-07-30T16:38:12.274+0800][38.099s][info][gc,start    ] GC(730) Pause Young (Normal) (G1 Evacuation Pause)
[2025-07-30T16:38:12.274+0800][38.099s][info][gc,task     ] GC(730) Using 1 workers of 1 for evacuation
[2025-07-30T16:38:12.289+0800][38.114s][info][gc,phases   ] GC(730)   Pre Evacuate Collection Set: 0.4ms
[2025-07-30T16:38:12.289+0800][38.114s][info][gc,phases   ] GC(730)   Merge Heap Roots: 0.2ms
[2025-07-30T16:38:12.289+0800][38.114s][info][gc,phases   ] GC(730)   Evacuate Collection Set: 13.8ms
[2025-07-30T16:38:12.289+0800][38.114s][info][gc,phases   ] GC(730)   Post Evacuate Collection Set: 0.7ms
[2025-07-30T16:38:12.289+0800][38.114s][info][gc,phases   ] GC(730)   Other: 0.1ms
[2025-07-30T16:38:12.289+0800][38.114s][info][gc,heap     ] GC(730) Eden regions: 1017->0(1019)
[2025-07-30T16:38:12.289+0800][38.114s][info][gc,heap     ] GC(730) Survivor regions: 146->145(146)
[2025-07-30T16:38:12.289+0800][38.114s][info][gc,heap     ] GC(730) Old regions: 561->561
[2025-07-30T16:38:12.289+0800][38.114s][info][gc,heap     ] GC(730) Humongous regions: 3->3
[2025-07-30T16:38:12.289+0800][38.114s][info][gc,metaspace] GC(730) Metaspace: 7198K(7488K)->7198K(7488K) NonClass: 6474K(6592K)->6474K(6592K) Class: 724K(896K)->724K(896K)
[2025-07-30T16:38:12.289+0800][38.114s][info][gc          ] GC(730) Pause Young (Normal) (G1 Evacuation Pause) 1726M->708M(2048M) 15.360ms
[2025-07-30T16:38:12.289+0800][38.114s][info][gc,cpu      ] GC(730) User=0.02s Sys=0.00s Real=0.02s
[2025-07-30T16:38:12.289+0800][38.114s][info][safepoint   ] Safepoint "G1CollectForAllocation", Time since last: 36758700 ns, Reaching safepoint: 3800 ns, Cleanup: 4400 ns, At safepoint: 15404700 ns, Total: 15412900 ns
[2025-07-30T16:38:12.326+0800][38.151s][info][gc,start    ] GC(731) Pause Young (Normal) (G1 Evacuation Pause)
[2025-07-30T16:38:12.326+0800][38.152s][info][gc,task     ] GC(731) Using 1 workers of 1 for evacuation
[2025-07-30T16:38:12.342+0800][38.167s][info][gc,phases   ] GC(731)   Pre Evacuate Collection Set: 0.4ms
[2025-07-30T16:38:12.342+0800][38.167s][info][gc,phases   ] GC(731)   Merge Heap Roots: 0.1ms
[2025-07-30T16:38:12.342+0800][38.167s][info][gc,phases   ] GC(731)   Evacuate Collection Set: 14.5ms
[2025-07-30T16:38:12.342+0800][38.167s][info][gc,phases   ] GC(731)   Post Evacuate Collection Set: 0.7ms
[2025-07-30T16:38:12.342+0800][38.167s][info][gc,phases   ] GC(731)   Other: 0.1ms
[2025-07-30T16:38:12.342+0800][38.167s][info][gc,heap     ] GC(731) Eden regions: 1019->0(1017)
[2025-07-30T16:38:12.342+0800][38.167s][info][gc,heap     ] GC(731) Survivor regions: 145->146(146)
[2025-07-30T16:38:12.342+0800][38.167s][info][gc,heap     ] GC(731) Old regions: 561->561
[2025-07-30T16:38:12.342+0800][38.167s][info][gc,heap     ] GC(731) Humongous regions: 3->3
[2025-07-30T16:38:12.342+0800][38.167s][info][gc,metaspace] GC(731) Metaspace: 7198K(7488K)->7198K(7488K) NonClass: 6474K(6592K)->6474K(6592K) Class: 724K(896K)->724K(896K)
[2025-07-30T16:38:12.342+0800][38.167s][info][gc          ] GC(731) Pause Young (Normal) (G1 Evacuation Pause) 1727M->709M(2048M) 15.968ms
[2025-07-30T16:38:12.342+0800][38.167s][info][gc,cpu      ] GC(731) User=0.02s Sys=0.00s Real=0.02s
[2025-07-30T16:38:12.342+0800][38.168s][info][safepoint   ] Safepoint "G1CollectForAllocation", Time since last: 37073500 ns, Reaching safepoint: 3800 ns, Cleanup: 4600 ns, At safepoint: 16013300 ns, Total: 16021700 ns
[2025-07-30T16:38:12.379+0800][38.205s][info][gc,start    ] GC(732) Pause Young (Normal) (G1 Evacuation Pause)
[2025-07-30T16:38:12.379+0800][38.205s][info][gc,task     ] GC(732) Using 1 workers of 1 for evacuation
[2025-07-30T16:38:12.394+0800][38.220s][info][gc,phases   ] GC(732)   Pre Evacuate Collection Set: 0.3ms
[2025-07-30T16:38:12.394+0800][38.220s][info][gc,phases   ] GC(732)   Merge Heap Roots: 0.0ms
[2025-07-30T16:38:12.394+0800][38.220s][info][gc,phases   ] GC(732)   Evacuate Collection Set: 13.8ms
[2025-07-30T16:38:12.394+0800][38.220s][info][gc,phases   ] GC(732)   Post Evacuate Collection Set: 0.6ms
[2025-07-30T16:38:12.394+0800][38.220s][info][gc,phases   ] GC(732)   Other: 0.1ms
[2025-07-30T16:38:12.394+0800][38.220s][info][gc,heap     ] GC(732) Eden regions: 1017->0(1019)
[2025-07-30T16:38:12.394+0800][38.220s][info][gc,heap     ] GC(732) Survivor regions: 146->145(146)
[2025-07-30T16:38:12.394+0800][38.220s][info][gc,heap     ] GC(732) Old regions: 561->561
[2025-07-30T16:38:12.394+0800][38.220s][info][gc,heap     ] GC(732) Humongous regions: 3->3
[2025-07-30T16:38:12.394+0800][38.220s][info][gc,metaspace] GC(732) Metaspace: 7198K(7488K)->7198K(7488K) NonClass: 6474K(6592K)->6474K(6592K) Class: 724K(896K)->724K(896K)
[2025-07-30T16:38:12.394+0800][38.220s][info][gc          ] GC(732) Pause Young (Normal) (G1 Evacuation Pause) 1726M->708M(2048M) 15.060ms
[2025-07-30T16:38:12.394+0800][38.220s][info][gc,cpu      ] GC(732) User=0.02s Sys=0.00s Real=0.02s
[2025-07-30T16:38:12.394+0800][38.220s][info][safepoint   ] Safepoint "G1CollectForAllocation", Time since last: 37539900 ns, Reaching safepoint: 2000 ns, Cleanup: 2900 ns, At safepoint: 15099200 ns, Total: 15104100 ns
[2025-07-30T16:38:12.432+0800][38.257s][info][gc,start    ] GC(733) Pause Young (Normal) (G1 Evacuation Pause)
[2025-07-30T16:38:12.432+0800][38.257s][info][gc,task     ] GC(733) Using 1 workers of 1 for evacuation
[2025-07-30T16:38:12.446+0800][38.272s][info][gc,phases   ] GC(733)   Pre Evacuate Collection Set: 0.3ms
[2025-07-30T16:38:12.446+0800][38.272s][info][gc,phases   ] GC(733)   Merge Heap Roots: 0.1ms
[2025-07-30T16:38:12.446+0800][38.272s][info][gc,phases   ] GC(733)   Evacuate Collection Set: 14.0ms
[2025-07-30T16:38:12.446+0800][38.272s][info][gc,phases   ] GC(733)   Post Evacuate Collection Set: 0.7ms
[2025-07-30T16:38:12.446+0800][38.272s][info][gc,phases   ] GC(733)   Other: 0.1ms
[2025-07-30T16:38:12.446+0800][38.272s][info][gc,heap     ] GC(733) Eden regions: 1019->0(1017)
[2025-07-30T16:38:12.446+0800][38.272s][info][gc,heap     ] GC(733) Survivor regions: 145->146(146)
[2025-07-30T16:38:12.446+0800][38.272s][info][gc,heap     ] GC(733) Old regions: 561->561
[2025-07-30T16:38:12.446+0800][38.272s][info][gc,heap     ] GC(733) Humongous regions: 3->3
[2025-07-30T16:38:12.446+0800][38.272s][info][gc,metaspace] GC(733) Metaspace: 7198K(7488K)->7198K(7488K) NonClass: 6474K(6592K)->6474K(6592K) Class: 724K(896K)->724K(896K)
[2025-07-30T16:38:12.446+0800][38.272s][info][gc          ] GC(733) Pause Young (Normal) (G1 Evacuation Pause) 1727M->709M(2048M) 15.507ms
[2025-07-30T16:38:12.446+0800][38.272s][info][gc,cpu      ] GC(733) User=0.00s Sys=0.02s Real=0.01s
[2025-07-30T16:38:12.446+0800][38.272s][info][safepoint   ] Safepoint "G1CollectForAllocation", Time since last: 36499600 ns, Reaching safepoint: 3000 ns, Cleanup: 3700 ns, At safepoint: 15578600 ns, Total: 15585300 ns
[2025-07-30T16:38:12.483+0800][38.309s][info][gc,start    ] GC(734) Pause Young (Normal) (G1 Evacuation Pause)
[2025-07-30T16:38:12.483+0800][38.309s][info][gc,task     ] GC(734) Using 1 workers of 1 for evacuation
[2025-07-30T16:38:12.498+0800][38.323s][info][gc,phases   ] GC(734)   Pre Evacuate Collection Set: 0.3ms
[2025-07-30T16:38:12.498+0800][38.323s][info][gc,phases   ] GC(734)   Merge Heap Roots: 0.0ms
[2025-07-30T16:38:12.498+0800][38.323s][info][gc,phases   ] GC(734)   Evacuate Collection Set: 13.7ms
[2025-07-30T16:38:12.498+0800][38.323s][info][gc,phases   ] GC(734)   Post Evacuate Collection Set: 0.7ms
[2025-07-30T16:38:12.498+0800][38.323s][info][gc,phases   ] GC(734)   Other: 0.1ms
[2025-07-30T16:38:12.498+0800][38.323s][info][gc,heap     ] GC(734) Eden regions: 1017->0(1017)
[2025-07-30T16:38:12.498+0800][38.323s][info][gc,heap     ] GC(734) Survivor regions: 146->146(146)
[2025-07-30T16:38:12.498+0800][38.323s][info][gc,heap     ] GC(734) Old regions: 561->561
[2025-07-30T16:38:12.498+0800][38.323s][info][gc,heap     ] GC(734) Humongous regions: 3->3
[2025-07-30T16:38:12.499+0800][38.323s][info][gc,metaspace] GC(734) Metaspace: 7198K(7488K)->7198K(7488K) NonClass: 6474K(6592K)->6474K(6592K) Class: 724K(896K)->724K(896K)
[2025-07-30T16:38:12.499+0800][38.323s][info][gc          ] GC(734) Pause Young (Normal) (G1 Evacuation Pause) 1726M->708M(2048M) 14.963ms
[2025-07-30T16:38:12.499+0800][38.323s][info][gc,cpu      ] GC(734) User=0.00s Sys=0.02s Real=0.02s
[2025-07-30T16:38:12.499+0800][38.324s][info][safepoint   ] Safepoint "G1CollectForAllocation", Time since last: 36273000 ns, Reaching safepoint: 2100 ns, Cleanup: 2500 ns, At safepoint: 15007600 ns, Total: 15012200 ns
[2025-07-30T16:38:12.535+0800][38.360s][info][gc,start    ] GC(735) Pause Young (Normal) (G1 Evacuation Pause)
[2025-07-30T16:38:12.535+0800][38.360s][info][gc,task     ] GC(735) Using 1 workers of 1 for evacuation
[2025-07-30T16:38:12.550+0800][38.375s][info][gc,phases   ] GC(735)   Pre Evacuate Collection Set: 0.3ms
[2025-07-30T16:38:12.550+0800][38.375s][info][gc,phases   ] GC(735)   Merge Heap Roots: 0.0ms
[2025-07-30T16:38:12.550+0800][38.375s][info][gc,phases   ] GC(735)   Evacuate Collection Set: 13.9ms
[2025-07-30T16:38:12.550+0800][38.375s][info][gc,phases   ] GC(735)   Post Evacuate Collection Set: 0.6ms
[2025-07-30T16:38:12.550+0800][38.375s][info][gc,phases   ] GC(735)   Other: 0.1ms
[2025-07-30T16:38:12.550+0800][38.375s][info][gc,heap     ] GC(735) Eden regions: 1017->0(1019)
[2025-07-30T16:38:12.550+0800][38.375s][info][gc,heap     ] GC(735) Survivor regions: 146->145(146)
[2025-07-30T16:38:12.550+0800][38.375s][info][gc,heap     ] GC(735) Old regions: 561->561
[2025-07-30T16:38:12.550+0800][38.375s][info][gc,heap     ] GC(735) Humongous regions: 3->3
[2025-07-30T16:38:12.550+0800][38.375s][info][gc,metaspace] GC(735) Metaspace: 7198K(7488K)->7198K(7488K) NonClass: 6474K(6592K)->6474K(6592K) Class: 724K(896K)->724K(896K)
[2025-07-30T16:38:12.550+0800][38.375s][info][gc          ] GC(735) Pause Young (Normal) (G1 Evacuation Pause) 1725M->707M(2048M) 15.114ms
[2025-07-30T16:38:12.550+0800][38.375s][info][gc,cpu      ] GC(735) User=0.02s Sys=0.00s Real=0.01s
[2025-07-30T16:38:12.550+0800][38.375s][info][safepoint   ] Safepoint "G1CollectForAllocation", Time since last: 36809700 ns, Reaching safepoint: 2300 ns, Cleanup: 2800 ns, At safepoint: 15152200 ns, Total: 15157300 ns
[2025-07-30T16:38:12.587+0800][38.412s][info][gc,start    ] GC(736) Pause Young (Normal) (G1 Evacuation Pause)
[2025-07-30T16:38:12.587+0800][38.412s][info][gc,task     ] GC(736) Using 1 workers of 1 for evacuation
[2025-07-30T16:38:12.602+0800][38.427s][info][gc,phases   ] GC(736)   Pre Evacuate Collection Set: 0.3ms
[2025-07-30T16:38:12.602+0800][38.427s][info][gc,phases   ] GC(736)   Merge Heap Roots: 0.0ms
[2025-07-30T16:38:12.602+0800][38.427s][info][gc,phases   ] GC(736)   Evacuate Collection Set: 13.9ms
[2025-07-30T16:38:12.602+0800][38.427s][info][gc,phases   ] GC(736)   Post Evacuate Collection Set: 0.6ms
[2025-07-30T16:38:12.602+0800][38.427s][info][gc,phases   ] GC(736)   Other: 0.1ms
[2025-07-30T16:38:12.602+0800][38.427s][info][gc,heap     ] GC(736) Eden regions: 1019->0(1018)
[2025-07-30T16:38:12.602+0800][38.427s][info][gc,heap     ] GC(736) Survivor regions: 145->146(146)
[2025-07-30T16:38:12.602+0800][38.427s][info][gc,heap     ] GC(736) Old regions: 561->561
[2025-07-30T16:38:12.602+0800][38.427s][info][gc,heap     ] GC(736) Humongous regions: 3->3
[2025-07-30T16:38:12.602+0800][38.427s][info][gc,metaspace] GC(736) Metaspace: 7198K(7488K)->7198K(7488K) NonClass: 6474K(6592K)->6474K(6592K) Class: 724K(896K)->724K(896K)
[2025-07-30T16:38:12.602+0800][38.427s][info][gc          ] GC(736) Pause Young (Normal) (G1 Evacuation Pause) 1726M->708M(2048M) 15.120ms
[2025-07-30T16:38:12.602+0800][38.427s][info][gc,cpu      ] GC(736) User=0.02s Sys=0.00s Real=0.02s
[2025-07-30T16:38:12.602+0800][38.427s][info][safepoint   ] Safepoint "G1CollectForAllocation", Time since last: 36595400 ns, Reaching safepoint: 2100 ns, Cleanup: 2800 ns, At safepoint: 15158500 ns, Total: 15163400 ns
[2025-07-30T16:38:12.639+0800][38.464s][info][gc,start    ] GC(737) Pause Young (Normal) (G1 Evacuation Pause)
[2025-07-30T16:38:12.639+0800][38.464s][info][gc,task     ] GC(737) Using 1 workers of 1 for evacuation
[2025-07-30T16:38:12.654+0800][38.479s][info][gc,phases   ] GC(737)   Pre Evacuate Collection Set: 0.4ms
[2025-07-30T16:38:12.654+0800][38.479s][info][gc,phases   ] GC(737)   Merge Heap Roots: 0.1ms
[2025-07-30T16:38:12.654+0800][38.479s][info][gc,phases   ] GC(737)   Evacuate Collection Set: 13.9ms
[2025-07-30T16:38:12.654+0800][38.479s][info][gc,phases   ] GC(737)   Post Evacuate Collection Set: 0.7ms
[2025-07-30T16:38:12.654+0800][38.479s][info][gc,phases   ] GC(737)   Other: 0.1ms
[2025-07-30T16:38:12.654+0800][38.479s][info][gc,heap     ] GC(737) Eden regions: 1018->0(1018)
[2025-07-30T16:38:12.654+0800][38.479s][info][gc,heap     ] GC(737) Survivor regions: 146->146(146)
[2025-07-30T16:38:12.654+0800][38.479s][info][gc,heap     ] GC(737) Old regions: 561->561
[2025-07-30T16:38:12.654+0800][38.479s][info][gc,heap     ] GC(737) Humongous regions: 3->3
[2025-07-30T16:38:12.654+0800][38.479s][info][gc,metaspace] GC(737) Metaspace: 7198K(7488K)->7198K(7488K) NonClass: 6474K(6592K)->6474K(6592K) Class: 724K(896K)->724K(896K)
[2025-07-30T16:38:12.654+0800][38.479s][info][gc          ] GC(737) Pause Young (Normal) (G1 Evacuation Pause) 1726M->708M(2048M) 15.370ms
[2025-07-30T16:38:12.654+0800][38.479s][info][gc,cpu      ] GC(737) User=0.02s Sys=0.00s Real=0.02s
[2025-07-30T16:38:12.654+0800][38.479s][info][safepoint   ] Safepoint "G1CollectForAllocation", Time since last: 36683200 ns, Reaching safepoint: 4400 ns, Cleanup: 5900 ns, At safepoint: 15418000 ns, Total: 15428300 ns
[2025-07-30T16:38:12.691+0800][38.516s][info][gc,start    ] GC(738) Pause Young (Normal) (G1 Evacuation Pause)
[2025-07-30T16:38:12.691+0800][38.516s][info][gc,task     ] GC(738) Using 1 workers of 1 for evacuation
[2025-07-30T16:38:12.706+0800][38.531s][info][gc,phases   ] GC(738)   Pre Evacuate Collection Set: 0.4ms
[2025-07-30T16:38:12.706+0800][38.531s][info][gc,phases   ] GC(738)   Merge Heap Roots: 0.1ms
[2025-07-30T16:38:12.706+0800][38.531s][info][gc,phases   ] GC(738)   Evacuate Collection Set: 13.7ms
[2025-07-30T16:38:12.706+0800][38.531s][info][gc,phases   ] GC(738)   Post Evacuate Collection Set: 0.6ms
[2025-07-30T16:38:12.706+0800][38.531s][info][gc,phases   ] GC(738)   Other: 0.1ms
[2025-07-30T16:38:12.706+0800][38.531s][info][gc,heap     ] GC(738) Eden regions: 1018->0(1018)
[2025-07-30T16:38:12.706+0800][38.531s][info][gc,heap     ] GC(738) Survivor regions: 146->146(146)
[2025-07-30T16:38:12.706+0800][38.531s][info][gc,heap     ] GC(738) Old regions: 561->561
[2025-07-30T16:38:12.706+0800][38.531s][info][gc,heap     ] GC(738) Humongous regions: 3->3
[2025-07-30T16:38:12.706+0800][38.531s][info][gc,metaspace] GC(738) Metaspace: 7198K(7488K)->7198K(7488K) NonClass: 6474K(6592K)->6474K(6592K) Class: 724K(896K)->724K(896K)
[2025-07-30T16:38:12.706+0800][38.531s][info][gc          ] GC(738) Pause Young (Normal) (G1 Evacuation Pause) 1726M->708M(2048M) 15.031ms
[2025-07-30T16:38:12.706+0800][38.531s][info][gc,cpu      ] GC(738) User=0.02s Sys=0.00s Real=0.02s
[2025-07-30T16:38:12.706+0800][38.531s][info][safepoint   ] Safepoint "G1CollectForAllocation", Time since last: 36676400 ns, Reaching safepoint: 2700 ns, Cleanup: 2400 ns, At safepoint: 15068700 ns, Total: 15073800 ns
[2025-07-30T16:38:12.743+0800][38.568s][info][gc,start    ] GC(739) Pause Young (Normal) (G1 Evacuation Pause)
[2025-07-30T16:38:12.743+0800][38.568s][info][gc,task     ] GC(739) Using 1 workers of 1 for evacuation
[2025-07-30T16:38:12.759+0800][38.584s][info][gc,phases   ] GC(739)   Pre Evacuate Collection Set: 0.3ms
[2025-07-30T16:38:12.759+0800][38.584s][info][gc,phases   ] GC(739)   Merge Heap Roots: 0.1ms
[2025-07-30T16:38:12.759+0800][38.584s][info][gc,phases   ] GC(739)   Evacuate Collection Set: 14.6ms
[2025-07-30T16:38:12.759+0800][38.584s][info][gc,phases   ] GC(739)   Post Evacuate Collection Set: 0.6ms
[2025-07-30T16:38:12.759+0800][38.584s][info][gc,phases   ] GC(739)   Other: 0.1ms
[2025-07-30T16:38:12.759+0800][38.584s][info][gc,heap     ] GC(739) Eden regions: 1018->0(1017)
[2025-07-30T16:38:12.759+0800][38.584s][info][gc,heap     ] GC(739) Survivor regions: 146->146(146)
[2025-07-30T16:38:12.759+0800][38.584s][info][gc,heap     ] GC(739) Old regions: 561->561
[2025-07-30T16:38:12.759+0800][38.584s][info][gc,heap     ] GC(739) Humongous regions: 3->3
[2025-07-30T16:38:12.759+0800][38.584s][info][gc,metaspace] GC(739) Metaspace: 7198K(7488K)->7198K(7488K) NonClass: 6474K(6592K)->6474K(6592K) Class: 724K(896K)->724K(896K)
[2025-07-30T16:38:12.759+0800][38.584s][info][gc          ] GC(739) Pause Young (Normal) (G1 Evacuation Pause) 1726M->709M(2048M) 15.835ms
[2025-07-30T16:38:12.759+0800][38.584s][info][gc,cpu      ] GC(739) User=0.02s Sys=0.00s Real=0.02s
[2025-07-30T16:38:12.759+0800][38.584s][info][safepoint   ] Safepoint "G1CollectForAllocation", Time since last: 37083600 ns, Reaching safepoint: 2100 ns, Cleanup: 2700 ns, At safepoint: 15873400 ns, Total: 15878200 ns
[2025-07-30T16:38:12.795+0800][38.620s][info][gc,start    ] GC(740) Pause Young (Normal) (G1 Evacuation Pause)
[2025-07-30T16:38:12.795+0800][38.620s][info][gc,task     ] GC(740) Using 1 workers of 1 for evacuation
[2025-07-30T16:38:12.810+0800][38.636s][info][gc,phases   ] GC(740)   Pre Evacuate Collection Set: 0.4ms
[2025-07-30T16:38:12.810+0800][38.636s][info][gc,phases   ] GC(740)   Merge Heap Roots: 0.1ms
[2025-07-30T16:38:12.810+0800][38.636s][info][gc,phases   ] GC(740)   Evacuate Collection Set: 14.4ms
[2025-07-30T16:38:12.810+0800][38.636s][info][gc,phases   ] GC(740)   Post Evacuate Collection Set: 0.7ms
[2025-07-30T16:38:12.810+0800][38.636s][info][gc,phases   ] GC(740)   Other: 0.1ms
[2025-07-30T16:38:12.810+0800][38.636s][info][gc,heap     ] GC(740) Eden regions: 1017->0(1019)
[2025-07-30T16:38:12.810+0800][38.636s][info][gc,heap     ] GC(740) Survivor regions: 146->145(146)
[2025-07-30T16:38:12.810+0800][38.636s][info][gc,heap     ] GC(740) Old regions: 561->561
[2025-07-30T16:38:12.810+0800][38.636s][info][gc,heap     ] GC(740) Humongous regions: 3->3
[2025-07-30T16:38:12.810+0800][38.636s][info][gc,metaspace] GC(740) Metaspace: 7198K(7488K)->7198K(7488K) NonClass: 6474K(6592K)->6474K(6592K) Class: 724K(896K)->724K(896K)
[2025-07-30T16:38:12.810+0800][38.636s][info][gc          ] GC(740) Pause Young (Normal) (G1 Evacuation Pause) 1726M->708M(2048M) 15.899ms
[2025-07-30T16:38:12.810+0800][38.636s][info][gc,cpu      ] GC(740) User=0.02s Sys=0.00s Real=0.01s
[2025-07-30T16:38:12.810+0800][38.636s][info][safepoint   ] Safepoint "G1CollectForAllocation", Time since last: 36169700 ns, Reaching safepoint: 3400 ns, Cleanup: 3900 ns, At safepoint: 15942700 ns, Total: 15950000 ns
[2025-07-30T16:38:12.847+0800][38.673s][info][gc,start    ] GC(741) Pause Young (Normal) (G1 Evacuation Pause)
[2025-07-30T16:38:12.847+0800][38.673s][info][gc,task     ] GC(741) Using 1 workers of 1 for evacuation
[2025-07-30T16:38:12.863+0800][38.688s][info][gc,phases   ] GC(741)   Pre Evacuate Collection Set: 0.3ms
[2025-07-30T16:38:12.863+0800][38.688s][info][gc,phases   ] GC(741)   Merge Heap Roots: 0.0ms
[2025-07-30T16:38:12.863+0800][38.688s][info][gc,phases   ] GC(741)   Evacuate Collection Set: 14.2ms
[2025-07-30T16:38:12.863+0800][38.688s][info][gc,phases   ] GC(741)   Post Evacuate Collection Set: 0.7ms
[2025-07-30T16:38:12.863+0800][38.688s][info][gc,phases   ] GC(741)   Other: 0.1ms
[2025-07-30T16:38:12.863+0800][38.688s][info][gc,heap     ] GC(741) Eden regions: 1019->0(1017)
[2025-07-30T16:38:12.863+0800][38.688s][info][gc,heap     ] GC(741) Survivor regions: 145->146(146)
[2025-07-30T16:38:12.863+0800][38.688s][info][gc,heap     ] GC(741) Old regions: 561->561
[2025-07-30T16:38:12.863+0800][38.688s][info][gc,heap     ] GC(741) Humongous regions: 3->3
[2025-07-30T16:38:12.863+0800][38.688s][info][gc,metaspace] GC(741) Metaspace: 7198K(7488K)->7198K(7488K) NonClass: 6474K(6592K)->6474K(6592K) Class: 724K(896K)->724K(896K)
[2025-07-30T16:38:12.863+0800][38.688s][info][gc          ] GC(741) Pause Young (Normal) (G1 Evacuation Pause) 1727M->709M(2048M) 15.499ms
[2025-07-30T16:38:12.863+0800][38.688s][info][gc,cpu      ] GC(741) User=0.00s Sys=0.02s Real=0.02s
[2025-07-30T16:38:12.863+0800][38.688s][info][safepoint   ] Safepoint "G1CollectForAllocation", Time since last: 36412400 ns, Reaching safepoint: 2900 ns, Cleanup: 2900 ns, At safepoint: 15539100 ns, Total: 15544900 ns
[2025-07-30T16:38:12.902+0800][38.727s][info][gc,start    ] GC(742) Pause Young (Normal) (G1 Evacuation Pause)
[2025-07-30T16:38:12.902+0800][38.727s][info][gc,task     ] GC(742) Using 1 workers of 1 for evacuation
[2025-07-30T16:38:12.917+0800][38.742s][info][gc,phases   ] GC(742)   Pre Evacuate Collection Set: 0.3ms
[2025-07-30T16:38:12.917+0800][38.742s][info][gc,phases   ] GC(742)   Merge Heap Roots: 0.1ms
[2025-07-30T16:38:12.917+0800][38.742s][info][gc,phases   ] GC(742)   Evacuate Collection Set: 14.1ms
[2025-07-30T16:38:12.917+0800][38.742s][info][gc,phases   ] GC(742)   Post Evacuate Collection Set: 0.7ms
[2025-07-30T16:38:12.917+0800][38.742s][info][gc,phases   ] GC(742)   Other: 0.1ms
[2025-07-30T16:38:12.917+0800][38.742s][info][gc,heap     ] GC(742) Eden regions: 1017->0(1019)
[2025-07-30T16:38:12.917+0800][38.742s][info][gc,heap     ] GC(742) Survivor regions: 146->145(146)
[2025-07-30T16:38:12.917+0800][38.743s][info][gc,heap     ] GC(742) Old regions: 561->561
[2025-07-30T16:38:12.917+0800][38.743s][info][gc,heap     ] GC(742) Humongous regions: 3->3
[2025-07-30T16:38:12.917+0800][38.743s][info][gc,metaspace] GC(742) Metaspace: 7198K(7488K)->7198K(7488K) NonClass: 6474K(6592K)->6474K(6592K) Class: 724K(896K)->724K(896K)
[2025-07-30T16:38:12.917+0800][38.743s][info][gc          ] GC(742) Pause Young (Normal) (G1 Evacuation Pause) 1726M->708M(2048M) 15.390ms
[2025-07-30T16:38:12.917+0800][38.743s][info][gc,cpu      ] GC(742) User=0.02s Sys=0.00s Real=0.02s
[2025-07-30T16:38:12.917+0800][38.743s][info][safepoint   ] Safepoint "G1CollectForAllocation", Time since last: 39004100 ns, Reaching safepoint: 2600 ns, Cleanup: 3000 ns, At safepoint: 15431300 ns, Total: 15436900 ns
[2025-07-30T16:38:12.954+0800][38.779s][info][gc,start    ] GC(743) Pause Young (Normal) (G1 Evacuation Pause)
[2025-07-30T16:38:12.954+0800][38.779s][info][gc,task     ] GC(743) Using 1 workers of 1 for evacuation
[2025-07-30T16:38:12.969+0800][38.794s][info][gc,phases   ] GC(743)   Pre Evacuate Collection Set: 0.4ms
[2025-07-30T16:38:12.969+0800][38.794s][info][gc,phases   ] GC(743)   Merge Heap Roots: 0.1ms
[2025-07-30T16:38:12.969+0800][38.794s][info][gc,phases   ] GC(743)   Evacuate Collection Set: 14.1ms
[2025-07-30T16:38:12.969+0800][38.794s][info][gc,phases   ] GC(743)   Post Evacuate Collection Set: 0.6ms
[2025-07-30T16:38:12.969+0800][38.794s][info][gc,phases   ] GC(743)   Other: 0.1ms
[2025-07-30T16:38:12.969+0800][38.794s][info][gc,heap     ] GC(743) Eden regions: 1019->0(1017)
[2025-07-30T16:38:12.969+0800][38.794s][info][gc,heap     ] GC(743) Survivor regions: 145->146(146)
[2025-07-30T16:38:12.969+0800][38.794s][info][gc,heap     ] GC(743) Old regions: 561->561
[2025-07-30T16:38:12.969+0800][38.794s][info][gc,heap     ] GC(743) Humongous regions: 3->3
[2025-07-30T16:38:12.969+0800][38.794s][info][gc,metaspace] GC(743) Metaspace: 7198K(7488K)->7198K(7488K) NonClass: 6474K(6592K)->6474K(6592K) Class: 724K(896K)->724K(896K)
[2025-07-30T16:38:12.969+0800][38.794s][info][gc          ] GC(743) Pause Young (Normal) (G1 Evacuation Pause) 1727M->709M(2048M) 15.462ms
[2025-07-30T16:38:12.969+0800][38.794s][info][gc,cpu      ] GC(743) User=0.02s Sys=0.00s Real=0.02s
[2025-07-30T16:38:12.969+0800][38.794s][info][safepoint   ] Safepoint "G1CollectForAllocation", Time since last: 36357500 ns, Reaching safepoint: 3100 ns, Cleanup: 3300 ns, At safepoint: 15502700 ns, Total: 15509100 ns
[2025-07-30T16:38:13.005+0800][38.831s][info][gc,start    ] GC(744) Pause Young (Normal) (G1 Evacuation Pause)
[2025-07-30T16:38:13.005+0800][38.831s][info][gc,task     ] GC(744) Using 1 workers of 1 for evacuation
[2025-07-30T16:38:13.020+0800][38.846s][info][gc,phases   ] GC(744)   Pre Evacuate Collection Set: 0.3ms
[2025-07-30T16:38:13.020+0800][38.846s][info][gc,phases   ] GC(744)   Merge Heap Roots: 0.1ms
[2025-07-30T16:38:13.020+0800][38.846s][info][gc,phases   ] GC(744)   Evacuate Collection Set: 14.2ms
[2025-07-30T16:38:13.020+0800][38.846s][info][gc,phases   ] GC(744)   Post Evacuate Collection Set: 0.8ms
[2025-07-30T16:38:13.020+0800][38.846s][info][gc,phases   ] GC(744)   Other: 0.1ms
[2025-07-30T16:38:13.020+0800][38.846s][info][gc,heap     ] GC(744) Eden regions: 1017->0(1017)
[2025-07-30T16:38:13.020+0800][38.846s][info][gc,heap     ] GC(744) Survivor regions: 146->146(146)
[2025-07-30T16:38:13.020+0800][38.846s][info][gc,heap     ] GC(744) Old regions: 561->561
[2025-07-30T16:38:13.020+0800][38.846s][info][gc,heap     ] GC(744) Humongous regions: 3->3
[2025-07-30T16:38:13.020+0800][38.846s][info][gc,metaspace] GC(744) Metaspace: 7198K(7488K)->7198K(7488K) NonClass: 6474K(6592K)->6474K(6592K) Class: 724K(896K)->724K(896K)
[2025-07-30T16:38:13.020+0800][38.846s][info][gc          ] GC(744) Pause Young (Normal) (G1 Evacuation Pause) 1726M->708M(2048M) 15.549ms
[2025-07-30T16:38:13.020+0800][38.846s][info][gc,cpu      ] GC(744) User=0.02s Sys=0.00s Real=0.01s
[2025-07-30T16:38:13.020+0800][38.846s][info][safepoint   ] Safepoint "G1CollectForAllocation", Time since last: 36106800 ns, Reaching safepoint: 2200 ns, Cleanup: 2600 ns, At safepoint: 15586400 ns, Total: 15591200 ns
[2025-07-30T16:38:13.057+0800][38.883s][info][gc,start    ] GC(745) Pause Young (Normal) (G1 Evacuation Pause)
[2025-07-30T16:38:13.057+0800][38.883s][info][gc,task     ] GC(745) Using 1 workers of 1 for evacuation
[2025-07-30T16:38:13.072+0800][38.898s][info][gc,phases   ] GC(745)   Pre Evacuate Collection Set: 0.3ms
[2025-07-30T16:38:13.072+0800][38.898s][info][gc,phases   ] GC(745)   Merge Heap Roots: 0.0ms
[2025-07-30T16:38:13.072+0800][38.898s][info][gc,phases   ] GC(745)   Evacuate Collection Set: 13.9ms
[2025-07-30T16:38:13.072+0800][38.898s][info][gc,phases   ] GC(745)   Post Evacuate Collection Set: 0.6ms
[2025-07-30T16:38:13.072+0800][38.898s][info][gc,phases   ] GC(745)   Other: 0.1ms
[2025-07-30T16:38:13.072+0800][38.898s][info][gc,heap     ] GC(745) Eden regions: 1017->0(1019)
[2025-07-30T16:38:13.072+0800][38.898s][info][gc,heap     ] GC(745) Survivor regions: 146->145(146)
[2025-07-30T16:38:13.072+0800][38.898s][info][gc,heap     ] GC(745) Old regions: 561->561
[2025-07-30T16:38:13.072+0800][38.898s][info][gc,heap     ] GC(745) Humongous regions: 3->3
[2025-07-30T16:38:13.072+0800][38.898s][info][gc,metaspace] GC(745) Metaspace: 7198K(7488K)->7198K(7488K) NonClass: 6474K(6592K)->6474K(6592K) Class: 724K(896K)->724K(896K)
[2025-07-30T16:38:13.072+0800][38.898s][info][gc          ] GC(745) Pause Young (Normal) (G1 Evacuation Pause) 1725M->707M(2048M) 15.133ms
[2025-07-30T16:38:13.072+0800][38.898s][info][gc,cpu      ] GC(745) User=0.02s Sys=0.00s Real=0.02s
[2025-07-30T16:38:13.072+0800][38.898s][info][safepoint   ] Safepoint "G1CollectForAllocation", Time since last: 36562600 ns, Reaching safepoint: 2500 ns, Cleanup: 3000 ns, At safepoint: 15170900 ns, Total: 15176400 ns
[2025-07-30T16:38:13.109+0800][38.934s][info][gc,start    ] GC(746) Pause Young (Normal) (G1 Evacuation Pause)
[2025-07-30T16:38:13.109+0800][38.934s][info][gc,task     ] GC(746) Using 1 workers of 1 for evacuation
[2025-07-30T16:38:13.124+0800][38.949s][info][gc,phases   ] GC(746)   Pre Evacuate Collection Set: 0.3ms
[2025-07-30T16:38:13.124+0800][38.950s][info][gc,phases   ] GC(746)   Merge Heap Roots: 0.1ms
[2025-07-30T16:38:13.124+0800][38.950s][info][gc,phases   ] GC(746)   Evacuate Collection Set: 13.9ms
[2025-07-30T16:38:13.124+0800][38.950s][info][gc,phases   ] GC(746)   Post Evacuate Collection Set: 0.6ms
[2025-07-30T16:38:13.124+0800][38.950s][info][gc,phases   ] GC(746)   Other: 0.1ms
[2025-07-30T16:38:13.124+0800][38.950s][info][gc,heap     ] GC(746) Eden regions: 1019->0(1018)
[2025-07-30T16:38:13.124+0800][38.950s][info][gc,heap     ] GC(746) Survivor regions: 145->146(146)
[2025-07-30T16:38:13.124+0800][38.950s][info][gc,heap     ] GC(746) Old regions: 561->561
[2025-07-30T16:38:13.124+0800][38.950s][info][gc,heap     ] GC(746) Humongous regions: 3->3
[2025-07-30T16:38:13.124+0800][38.950s][info][gc,metaspace] GC(746) Metaspace: 7198K(7488K)->7198K(7488K) NonClass: 6474K(6592K)->6474K(6592K) Class: 724K(896K)->724K(896K)
[2025-07-30T16:38:13.124+0800][38.950s][info][gc          ] GC(746) Pause Young (Normal) (G1 Evacuation Pause) 1726M->708M(2048M) 15.207ms
[2025-07-30T16:38:13.124+0800][38.950s][info][gc,cpu      ] GC(746) User=0.02s Sys=0.00s Real=0.02s
[2025-07-30T16:38:13.124+0800][38.950s][info][safepoint   ] Safepoint "G1CollectForAllocation", Time since last: 36523900 ns, Reaching safepoint: 2500 ns, Cleanup: 2800 ns, At safepoint: 15251700 ns, Total: 15257000 ns
[2025-07-30T16:38:13.160+0800][38.986s][info][gc,start    ] GC(747) Pause Young (Normal) (G1 Evacuation Pause)
[2025-07-30T16:38:13.160+0800][38.986s][info][gc,task     ] GC(747) Using 1 workers of 1 for evacuation
[2025-07-30T16:38:13.176+0800][39.001s][info][gc,phases   ] GC(747)   Pre Evacuate Collection Set: 0.4ms
[2025-07-30T16:38:13.176+0800][39.001s][info][gc,phases   ] GC(747)   Merge Heap Roots: 0.1ms
[2025-07-30T16:38:13.176+0800][39.001s][info][gc,phases   ] GC(747)   Evacuate Collection Set: 14.0ms
[2025-07-30T16:38:13.176+0800][39.001s][info][gc,phases   ] GC(747)   Post Evacuate Collection Set: 0.6ms
[2025-07-30T16:38:13.176+0800][39.001s][info][gc,phases   ] GC(747)   Other: 0.1ms
[2025-07-30T16:38:13.176+0800][39.001s][info][gc,heap     ] GC(747) Eden regions: 1018->0(1018)
[2025-07-30T16:38:13.176+0800][39.001s][info][gc,heap     ] GC(747) Survivor regions: 146->146(146)
[2025-07-30T16:38:13.176+0800][39.001s][info][gc,heap     ] GC(747) Old regions: 561->561
[2025-07-30T16:38:13.176+0800][39.001s][info][gc,heap     ] GC(747) Humongous regions: 3->3
[2025-07-30T16:38:13.176+0800][39.001s][info][gc,metaspace] GC(747) Metaspace: 7198K(7488K)->7198K(7488K) NonClass: 6474K(6592K)->6474K(6592K) Class: 724K(896K)->724K(896K)
[2025-07-30T16:38:13.176+0800][39.001s][info][gc          ] GC(747) Pause Young (Normal) (G1 Evacuation Pause) 1726M->708M(2048M) 15.266ms
[2025-07-30T16:38:13.176+0800][39.001s][info][gc,cpu      ] GC(747) User=0.02s Sys=0.00s Real=0.02s
[2025-07-30T16:38:13.176+0800][39.001s][info][safepoint   ] Safepoint "G1CollectForAllocation", Time since last: 36440900 ns, Reaching safepoint: 2200 ns, Cleanup: 2600 ns, At safepoint: 15305000 ns, Total: 15309800 ns
[2025-07-30T16:38:13.213+0800][39.038s][info][gc,start    ] GC(748) Pause Young (Normal) (G1 Evacuation Pause)
[2025-07-30T16:38:13.213+0800][39.038s][info][gc,task     ] GC(748) Using 1 workers of 1 for evacuation
[2025-07-30T16:38:13.228+0800][39.054s][info][gc,phases   ] GC(748)   Pre Evacuate Collection Set: 0.3ms
[2025-07-30T16:38:13.228+0800][39.054s][info][gc,phases   ] GC(748)   Merge Heap Roots: 0.0ms
[2025-07-30T16:38:13.228+0800][39.054s][info][gc,phases   ] GC(748)   Evacuate Collection Set: 14.3ms
[2025-07-30T16:38:13.228+0800][39.054s][info][gc,phases   ] GC(748)   Post Evacuate Collection Set: 0.6ms
[2025-07-30T16:38:13.228+0800][39.054s][info][gc,phases   ] GC(748)   Other: 0.1ms
[2025-07-30T16:38:13.228+0800][39.054s][info][gc,heap     ] GC(748) Eden regions: 1018->0(1017)
[2025-07-30T16:38:13.228+0800][39.054s][info][gc,heap     ] GC(748) Survivor regions: 146->146(146)
[2025-07-30T16:38:13.228+0800][39.054s][info][gc,heap     ] GC(748) Old regions: 561->561
[2025-07-30T16:38:13.228+0800][39.054s][info][gc,heap     ] GC(748) Humongous regions: 3->3
[2025-07-30T16:38:13.228+0800][39.054s][info][gc,metaspace] GC(748) Metaspace: 7198K(7488K)->7198K(7488K) NonClass: 6474K(6592K)->6474K(6592K) Class: 724K(896K)->724K(896K)
[2025-07-30T16:38:13.228+0800][39.054s][info][gc          ] GC(748) Pause Young (Normal) (G1 Evacuation Pause) 1726M->709M(2048M) 15.518ms
[2025-07-30T16:38:13.228+0800][39.054s][info][gc,cpu      ] GC(748) User=0.02s Sys=0.00s Real=0.01s
[2025-07-30T16:38:13.228+0800][39.054s][info][safepoint   ] Safepoint "G1CollectForAllocation", Time since last: 36796500 ns, Reaching safepoint: 2000 ns, Cleanup: 2900 ns, At safepoint: 15556200 ns, Total: 15561100 ns
[2025-07-30T16:38:13.265+0800][39.091s][info][gc,start    ] GC(749) Pause Young (Normal) (G1 Evacuation Pause)
[2025-07-30T16:38:13.265+0800][39.091s][info][gc,task     ] GC(749) Using 1 workers of 1 for evacuation
[2025-07-30T16:38:13.280+0800][39.106s][info][gc,phases   ] GC(749)   Pre Evacuate Collection Set: 0.3ms
[2025-07-30T16:38:13.280+0800][39.106s][info][gc,phases   ] GC(749)   Merge Heap Roots: 0.1ms
[2025-07-30T16:38:13.280+0800][39.106s][info][gc,phases   ] GC(749)   Evacuate Collection Set: 14.1ms
[2025-07-30T16:38:13.280+0800][39.106s][info][gc,phases   ] GC(749)   Post Evacuate Collection Set: 0.6ms
[2025-07-30T16:38:13.280+0800][39.106s][info][gc,phases   ] GC(749)   Other: 0.1ms
[2025-07-30T16:38:13.280+0800][39.106s][info][gc,heap     ] GC(749) Eden regions: 1017->0(1019)
[2025-07-30T16:38:13.280+0800][39.106s][info][gc,heap     ] GC(749) Survivor regions: 146->145(146)
[2025-07-30T16:38:13.280+0800][39.106s][info][gc,heap     ] GC(749) Old regions: 561->561
[2025-07-30T16:38:13.280+0800][39.106s][info][gc,heap     ] GC(749) Humongous regions: 3->3
[2025-07-30T16:38:13.280+0800][39.106s][info][gc,metaspace] GC(749) Metaspace: 7198K(7488K)->7198K(7488K) NonClass: 6474K(6592K)->6474K(6592K) Class: 724K(896K)->724K(896K)
[2025-07-30T16:38:13.280+0800][39.106s][info][gc          ] GC(749) Pause Young (Normal) (G1 Evacuation Pause) 1726M->708M(2048M) 15.401ms
[2025-07-30T16:38:13.280+0800][39.106s][info][gc,cpu      ] GC(749) User=0.02s Sys=0.02s Real=0.01s
[2025-07-30T16:38:13.280+0800][39.106s][info][safepoint   ] Safepoint "G1CollectForAllocation", Time since last: 36892700 ns, Reaching safepoint: 2500 ns, Cleanup: 2900 ns, At safepoint: 15440800 ns, Total: 15446200 ns
[2025-07-30T16:38:13.318+0800][39.143s][info][gc,start    ] GC(750) Pause Young (Normal) (G1 Evacuation Pause)
[2025-07-30T16:38:13.318+0800][39.143s][info][gc,task     ] GC(750) Using 1 workers of 1 for evacuation
[2025-07-30T16:38:13.333+0800][39.158s][info][gc,phases   ] GC(750)   Pre Evacuate Collection Set: 0.4ms
[2025-07-30T16:38:13.333+0800][39.158s][info][gc,phases   ] GC(750)   Merge Heap Roots: 0.1ms
[2025-07-30T16:38:13.333+0800][39.158s][info][gc,phases   ] GC(750)   Evacuate Collection Set: 14.1ms
[2025-07-30T16:38:13.333+0800][39.158s][info][gc,phases   ] GC(750)   Post Evacuate Collection Set: 0.7ms
[2025-07-30T16:38:13.333+0800][39.158s][info][gc,phases   ] GC(750)   Other: 0.1ms
[2025-07-30T16:38:13.333+0800][39.158s][info][gc,heap     ] GC(750) Eden regions: 1019->0(1017)
[2025-07-30T16:38:13.333+0800][39.158s][info][gc,heap     ] GC(750) Survivor regions: 145->146(146)
[2025-07-30T16:38:13.333+0800][39.158s][info][gc,heap     ] GC(750) Old regions: 561->561
[2025-07-30T16:38:13.333+0800][39.158s][info][gc,heap     ] GC(750) Humongous regions: 3->3
[2025-07-30T16:38:13.333+0800][39.158s][info][gc,metaspace] GC(750) Metaspace: 7199K(7488K)->7199K(7488K) NonClass: 6475K(6592K)->6475K(6592K) Class: 724K(896K)->724K(896K)
[2025-07-30T16:38:13.333+0800][39.159s][info][gc          ] GC(750) Pause Young (Normal) (G1 Evacuation Pause) 1727M->709M(2048M) 15.567ms
[2025-07-30T16:38:13.333+0800][39.159s][info][gc,cpu      ] GC(750) User=0.02s Sys=0.00s Real=0.01s
[2025-07-30T16:38:13.333+0800][39.159s][info][safepoint   ] Safepoint "G1CollectForAllocation", Time since last: 36802700 ns, Reaching safepoint: 3300 ns, Cleanup: 4400 ns, At safepoint: 15611700 ns, Total: 15619400 ns
[2025-07-30T16:38:13.370+0800][39.196s][info][gc,start    ] GC(751) Pause Young (Normal) (G1 Evacuation Pause)
[2025-07-30T16:38:13.370+0800][39.196s][info][gc,task     ] GC(751) Using 1 workers of 1 for evacuation
[2025-07-30T16:38:13.386+0800][39.211s][info][gc,phases   ] GC(751)   Pre Evacuate Collection Set: 0.4ms
[2025-07-30T16:38:13.386+0800][39.211s][info][gc,phases   ] GC(751)   Merge Heap Roots: 0.1ms
[2025-07-30T16:38:13.386+0800][39.211s][info][gc,phases   ] GC(751)   Evacuate Collection Set: 14.3ms
[2025-07-30T16:38:13.386+0800][39.211s][info][gc,phases   ] GC(751)   Post Evacuate Collection Set: 0.7ms
[2025-07-30T16:38:13.386+0800][39.211s][info][gc,phases   ] GC(751)   Other: 0.1ms
[2025-07-30T16:38:13.386+0800][39.211s][info][gc,heap     ] GC(751) Eden regions: 1017->0(1019)
[2025-07-30T16:38:13.386+0800][39.211s][info][gc,heap     ] GC(751) Survivor regions: 146->145(146)
[2025-07-30T16:38:13.386+0800][39.211s][info][gc,heap     ] GC(751) Old regions: 561->561
[2025-07-30T16:38:13.386+0800][39.212s][info][gc,heap     ] GC(751) Humongous regions: 3->3
[2025-07-30T16:38:13.386+0800][39.212s][info][gc,metaspace] GC(751) Metaspace: 7199K(7488K)->7199K(7488K) NonClass: 6475K(6592K)->6475K(6592K) Class: 724K(896K)->724K(896K)
[2025-07-30T16:38:13.386+0800][39.212s][info][gc          ] GC(751) Pause Young (Normal) (G1 Evacuation Pause) 1726M->708M(2048M) 15.744ms
[2025-07-30T16:38:13.386+0800][39.212s][info][gc,cpu      ] GC(751) User=0.02s Sys=0.00s Real=0.02s
[2025-07-30T16:38:13.386+0800][39.212s][info][safepoint   ] Safepoint "G1CollectForAllocation", Time since last: 37239500 ns, Reaching safepoint: 4000 ns, Cleanup: 4700 ns, At safepoint: 15789600 ns, Total: 15798300 ns
[2025-07-30T16:38:13.422+0800][39.248s][info][gc,start    ] GC(752) Pause Young (Normal) (G1 Evacuation Pause)
[2025-07-30T16:38:13.422+0800][39.248s][info][gc,task     ] GC(752) Using 1 workers of 1 for evacuation
[2025-07-30T16:38:13.437+0800][39.263s][info][gc,phases   ] GC(752)   Pre Evacuate Collection Set: 0.5ms
[2025-07-30T16:38:13.437+0800][39.263s][info][gc,phases   ] GC(752)   Merge Heap Roots: 0.1ms
[2025-07-30T16:38:13.437+0800][39.263s][info][gc,phases   ] GC(752)   Evacuate Collection Set: 13.7ms
[2025-07-30T16:38:13.437+0800][39.263s][info][gc,phases   ] GC(752)   Post Evacuate Collection Set: 0.6ms
[2025-07-30T16:38:13.437+0800][39.263s][info][gc,phases   ] GC(752)   Other: 0.1ms
[2025-07-30T16:38:13.437+0800][39.263s][info][gc,heap     ] GC(752) Eden regions: 1019->0(1017)
[2025-07-30T16:38:13.437+0800][39.263s][info][gc,heap     ] GC(752) Survivor regions: 145->146(146)
[2025-07-30T16:38:13.437+0800][39.263s][info][gc,heap     ] GC(752) Old regions: 561->561
[2025-07-30T16:38:13.437+0800][39.263s][info][gc,heap     ] GC(752) Humongous regions: 3->3
[2025-07-30T16:38:13.437+0800][39.263s][info][gc,metaspace] GC(752) Metaspace: 7199K(7488K)->7199K(7488K) NonClass: 6475K(6592K)->6475K(6592K) Class: 724K(896K)->724K(896K)
[2025-07-30T16:38:13.437+0800][39.263s][info][gc          ] GC(752) Pause Young (Normal) (G1 Evacuation Pause) 1727M->709M(2048M) 15.125ms
[2025-07-30T16:38:13.437+0800][39.263s][info][gc,cpu      ] GC(752) User=0.00s Sys=0.00s Real=0.02s
[2025-07-30T16:38:13.437+0800][39.263s][info][safepoint   ] Safepoint "G1CollectForAllocation", Time since last: 36164600 ns, Reaching safepoint: 2800 ns, Cleanup: 3000 ns, At safepoint: 15166200 ns, Total: 15172000 ns
[2025-07-30T16:38:13.475+0800][39.300s][info][gc,start    ] GC(753) Pause Young (Normal) (G1 Evacuation Pause)
[2025-07-30T16:38:13.475+0800][39.300s][info][gc,task     ] GC(753) Using 1 workers of 1 for evacuation
[2025-07-30T16:38:13.490+0800][39.315s][info][gc,phases   ] GC(753)   Pre Evacuate Collection Set: 0.3ms
[2025-07-30T16:38:13.490+0800][39.315s][info][gc,phases   ] GC(753)   Merge Heap Roots: 0.0ms
[2025-07-30T16:38:13.490+0800][39.315s][info][gc,phases   ] GC(753)   Evacuate Collection Set: 14.0ms
[2025-07-30T16:38:13.490+0800][39.315s][info][gc,phases   ] GC(753)   Post Evacuate Collection Set: 0.6ms
[2025-07-30T16:38:13.490+0800][39.316s][info][gc,phases   ] GC(753)   Other: 0.1ms
[2025-07-30T16:38:13.490+0800][39.316s][info][gc,heap     ] GC(753) Eden regions: 1017->0(1017)
[2025-07-30T16:38:13.490+0800][39.316s][info][gc,heap     ] GC(753) Survivor regions: 146->146(146)
[2025-07-30T16:38:13.490+0800][39.316s][info][gc,heap     ] GC(753) Old regions: 561->561
[2025-07-30T16:38:13.490+0800][39.316s][info][gc,heap     ] GC(753) Humongous regions: 3->3
[2025-07-30T16:38:13.490+0800][39.316s][info][gc,metaspace] GC(753) Metaspace: 7199K(7488K)->7199K(7488K) NonClass: 6475K(6592K)->6475K(6592K) Class: 724K(896K)->724K(896K)
[2025-07-30T16:38:13.490+0800][39.316s][info][gc          ] GC(753) Pause Young (Normal) (G1 Evacuation Pause) 1726M->708M(2048M) 15.234ms
[2025-07-30T16:38:13.490+0800][39.316s][info][gc,cpu      ] GC(753) User=0.02s Sys=0.00s Real=0.02s
[2025-07-30T16:38:13.490+0800][39.316s][info][safepoint   ] Safepoint "G1CollectForAllocation", Time since last: 37421600 ns, Reaching safepoint: 2600 ns, Cleanup: 2700 ns, At safepoint: 15278300 ns, Total: 15283600 ns
[2025-07-30T16:38:13.527+0800][39.352s][info][gc,start    ] GC(754) Pause Young (Normal) (G1 Evacuation Pause)
[2025-07-30T16:38:13.527+0800][39.352s][info][gc,task     ] GC(754) Using 1 workers of 1 for evacuation
[2025-07-30T16:38:13.542+0800][39.367s][info][gc,phases   ] GC(754)   Pre Evacuate Collection Set: 0.3ms
[2025-07-30T16:38:13.542+0800][39.367s][info][gc,phases   ] GC(754)   Merge Heap Roots: 0.0ms
[2025-07-30T16:38:13.542+0800][39.367s][info][gc,phases   ] GC(754)   Evacuate Collection Set: 13.5ms
[2025-07-30T16:38:13.542+0800][39.367s][info][gc,phases   ] GC(754)   Post Evacuate Collection Set: 0.7ms
[2025-07-30T16:38:13.542+0800][39.367s][info][gc,phases   ] GC(754)   Other: 0.1ms
[2025-07-30T16:38:13.542+0800][39.367s][info][gc,heap     ] GC(754) Eden regions: 1017->0(1019)
[2025-07-30T16:38:13.542+0800][39.367s][info][gc,heap     ] GC(754) Survivor regions: 146->145(146)
[2025-07-30T16:38:13.542+0800][39.367s][info][gc,heap     ] GC(754) Old regions: 561->561
[2025-07-30T16:38:13.542+0800][39.367s][info][gc,heap     ] GC(754) Humongous regions: 3->3
[2025-07-30T16:38:13.542+0800][39.367s][info][gc,metaspace] GC(754) Metaspace: 7199K(7488K)->7199K(7488K) NonClass: 6475K(6592K)->6475K(6592K) Class: 724K(896K)->724K(896K)
[2025-07-30T16:38:13.542+0800][39.367s][info][gc          ] GC(754) Pause Young (Normal) (G1 Evacuation Pause) 1725M->707M(2048M) 14.816ms
[2025-07-30T16:38:13.542+0800][39.367s][info][gc,cpu      ] GC(754) User=0.02s Sys=0.00s Real=0.02s
[2025-07-30T16:38:13.542+0800][39.367s][info][safepoint   ] Safepoint "G1CollectForAllocation", Time since last: 36601000 ns, Reaching safepoint: 2600 ns, Cleanup: 3100 ns, At safepoint: 14857900 ns, Total: 14863600 ns
[2025-07-30T16:38:13.578+0800][39.404s][info][gc,start    ] GC(755) Pause Young (Normal) (G1 Evacuation Pause)
[2025-07-30T16:38:13.578+0800][39.404s][info][gc,task     ] GC(755) Using 1 workers of 1 for evacuation
[2025-07-30T16:38:13.594+0800][39.419s][info][gc,phases   ] GC(755)   Pre Evacuate Collection Set: 0.4ms
[2025-07-30T16:38:13.594+0800][39.420s][info][gc,phases   ] GC(755)   Merge Heap Roots: 0.1ms
[2025-07-30T16:38:13.594+0800][39.420s][info][gc,phases   ] GC(755)   Evacuate Collection Set: 13.9ms
[2025-07-30T16:38:13.594+0800][39.420s][info][gc,phases   ] GC(755)   Post Evacuate Collection Set: 0.7ms
[2025-07-30T16:38:13.594+0800][39.420s][info][gc,phases   ] GC(755)   Other: 0.1ms
[2025-07-30T16:38:13.594+0800][39.420s][info][gc,heap     ] GC(755) Eden regions: 1019->0(1018)
[2025-07-30T16:38:13.594+0800][39.420s][info][gc,heap     ] GC(755) Survivor regions: 145->146(146)
[2025-07-30T16:38:13.594+0800][39.420s][info][gc,heap     ] GC(755) Old regions: 561->561
[2025-07-30T16:38:13.594+0800][39.420s][info][gc,heap     ] GC(755) Humongous regions: 3->3
[2025-07-30T16:38:13.594+0800][39.420s][info][gc,metaspace] GC(755) Metaspace: 7199K(7488K)->7199K(7488K) NonClass: 6475K(6592K)->6475K(6592K) Class: 724K(896K)->724K(896K)
[2025-07-30T16:38:13.594+0800][39.420s][info][gc          ] GC(755) Pause Young (Normal) (G1 Evacuation Pause) 1726M->708M(2048M) 15.323ms
[2025-07-30T16:38:13.594+0800][39.420s][info][gc,cpu      ] GC(755) User=0.02s Sys=0.00s Real=0.02s
[2025-07-30T16:38:13.594+0800][39.420s][info][safepoint   ] Safepoint "G1CollectForAllocation", Time since last: 37193000 ns, Reaching safepoint: 3400 ns, Cleanup: 4100 ns, At safepoint: 15368100 ns, Total: 15375600 ns
[2025-07-30T16:38:13.630+0800][39.456s][info][gc,start    ] GC(756) Pause Young (Normal) (G1 Evacuation Pause)
[2025-07-30T16:38:13.630+0800][39.456s][info][gc,task     ] GC(756) Using 1 workers of 1 for evacuation
[2025-07-30T16:38:13.647+0800][39.472s][info][gc,phases   ] GC(756)   Pre Evacuate Collection Set: 0.3ms
[2025-07-30T16:38:13.647+0800][39.472s][info][gc,phases   ] GC(756)   Merge Heap Roots: 0.1ms
[2025-07-30T16:38:13.647+0800][39.472s][info][gc,phases   ] GC(756)   Evacuate Collection Set: 15.1ms
[2025-07-30T16:38:13.647+0800][39.472s][info][gc,phases   ] GC(756)   Post Evacuate Collection Set: 0.7ms
[2025-07-30T16:38:13.647+0800][39.472s][info][gc,phases   ] GC(756)   Other: 0.1ms
[2025-07-30T16:38:13.647+0800][39.472s][info][gc,heap     ] GC(756) Eden regions: 1018->0(1018)
[2025-07-30T16:38:13.647+0800][39.472s][info][gc,heap     ] GC(756) Survivor regions: 146->146(146)
[2025-07-30T16:38:13.647+0800][39.472s][info][gc,heap     ] GC(756) Old regions: 561->561
[2025-07-30T16:38:13.647+0800][39.472s][info][gc,heap     ] GC(756) Humongous regions: 3->3
[2025-07-30T16:38:13.647+0800][39.472s][info][gc,metaspace] GC(756) Metaspace: 7199K(7488K)->7199K(7488K) NonClass: 6475K(6592K)->6475K(6592K) Class: 724K(896K)->724K(896K)
[2025-07-30T16:38:13.647+0800][39.472s][info][gc          ] GC(756) Pause Young (Normal) (G1 Evacuation Pause) 1726M->708M(2048M) 16.451ms
[2025-07-30T16:38:13.647+0800][39.472s][info][gc,cpu      ] GC(756) User=0.02s Sys=0.00s Real=0.02s
[2025-07-30T16:38:13.647+0800][39.472s][info][safepoint   ] Safepoint "G1CollectForAllocation", Time since last: 36328700 ns, Reaching safepoint: 2300 ns, Cleanup: 2900 ns, At safepoint: 16491800 ns, Total: 16497000 ns
[2025-07-30T16:38:13.684+0800][39.509s][info][gc,start    ] GC(757) Pause Young (Normal) (G1 Evacuation Pause)
[2025-07-30T16:38:13.684+0800][39.509s][info][gc,task     ] GC(757) Using 1 workers of 1 for evacuation
[2025-07-30T16:38:13.698+0800][39.524s][info][gc,phases   ] GC(757)   Pre Evacuate Collection Set: 0.4ms
[2025-07-30T16:38:13.698+0800][39.524s][info][gc,phases   ] GC(757)   Merge Heap Roots: 0.1ms
[2025-07-30T16:38:13.698+0800][39.524s][info][gc,phases   ] GC(757)   Evacuate Collection Set: 13.9ms
[2025-07-30T16:38:13.698+0800][39.524s][info][gc,phases   ] GC(757)   Post Evacuate Collection Set: 0.7ms
[2025-07-30T16:38:13.698+0800][39.524s][info][gc,phases   ] GC(757)   Other: 0.1ms
[2025-07-30T16:38:13.698+0800][39.524s][info][gc,heap     ] GC(757) Eden regions: 1018->0(1018)
[2025-07-30T16:38:13.698+0800][39.524s][info][gc,heap     ] GC(757) Survivor regions: 146->146(146)
[2025-07-30T16:38:13.698+0800][39.524s][info][gc,heap     ] GC(757) Old regions: 561->561
[2025-07-30T16:38:13.698+0800][39.524s][info][gc,heap     ] GC(757) Humongous regions: 3->3
[2025-07-30T16:38:13.698+0800][39.524s][info][gc,metaspace] GC(757) Metaspace: 7199K(7488K)->7199K(7488K) NonClass: 6475K(6592K)->6475K(6592K) Class: 724K(896K)->724K(896K)
[2025-07-30T16:38:13.698+0800][39.524s][info][gc          ] GC(757) Pause Young (Normal) (G1 Evacuation Pause) 1726M->708M(2048M) 15.296ms
[2025-07-30T16:38:13.698+0800][39.524s][info][gc,cpu      ] GC(757) User=0.02s Sys=0.00s Real=0.01s
[2025-07-30T16:38:13.698+0800][39.524s][info][safepoint   ] Safepoint "G1CollectForAllocation", Time since last: 36334900 ns, Reaching safepoint: 3200 ns, Cleanup: 3100 ns, At safepoint: 15340100 ns, Total: 15346400 ns
[2025-07-30T16:38:13.736+0800][39.561s][info][gc,start    ] GC(758) Pause Young (Normal) (G1 Evacuation Pause)
[2025-07-30T16:38:13.736+0800][39.561s][info][gc,task     ] GC(758) Using 1 workers of 1 for evacuation
[2025-07-30T16:38:13.751+0800][39.576s][info][gc,phases   ] GC(758)   Pre Evacuate Collection Set: 0.4ms
[2025-07-30T16:38:13.751+0800][39.576s][info][gc,phases   ] GC(758)   Merge Heap Roots: 0.1ms
[2025-07-30T16:38:13.751+0800][39.576s][info][gc,phases   ] GC(758)   Evacuate Collection Set: 13.9ms
[2025-07-30T16:38:13.751+0800][39.576s][info][gc,phases   ] GC(758)   Post Evacuate Collection Set: 1.0ms
[2025-07-30T16:38:13.751+0800][39.576s][info][gc,phases   ] GC(758)   Other: 0.1ms
[2025-07-30T16:38:13.751+0800][39.576s][info][gc,heap     ] GC(758) Eden regions: 1018->0(1017)
[2025-07-30T16:38:13.751+0800][39.576s][info][gc,heap     ] GC(758) Survivor regions: 146->146(146)
[2025-07-30T16:38:13.751+0800][39.576s][info][gc,heap     ] GC(758) Old regions: 561->561
[2025-07-30T16:38:13.753+0800][39.578s][info][gc,heap     ] GC(758) Humongous regions: 3->3
[2025-07-30T16:38:13.753+0800][39.578s][info][gc,metaspace] GC(758) Metaspace: 7199K(7488K)->7199K(7488K) NonClass: 6475K(6592K)->6475K(6592K) Class: 724K(896K)->724K(896K)
[2025-07-30T16:38:13.753+0800][39.578s][info][gc          ] GC(758) Pause Young (Normal) (G1 Evacuation Pause) 1726M->709M(2048M) 17.497ms
[2025-07-30T16:38:13.753+0800][39.578s][info][gc,cpu      ] GC(758) User=0.02s Sys=0.00s Real=0.02s
[2025-07-30T16:38:13.753+0800][39.578s][info][safepoint   ] Safepoint "G1CollectForAllocation", Time since last: 36621300 ns, Reaching safepoint: 3500 ns, Cleanup: 3500 ns, At safepoint: 17545800 ns, Total: 17552800 ns
[2025-07-30T16:38:13.790+0800][39.616s][info][gc,start    ] GC(759) Pause Young (Normal) (G1 Evacuation Pause)
[2025-07-30T16:38:13.790+0800][39.616s][info][gc,task     ] GC(759) Using 1 workers of 1 for evacuation
[2025-07-30T16:38:13.805+0800][39.631s][info][gc,phases   ] GC(759)   Pre Evacuate Collection Set: 0.4ms
[2025-07-30T16:38:13.805+0800][39.631s][info][gc,phases   ] GC(759)   Merge Heap Roots: 0.0ms
[2025-07-30T16:38:13.805+0800][39.631s][info][gc,phases   ] GC(759)   Evacuate Collection Set: 13.7ms
[2025-07-30T16:38:13.805+0800][39.631s][info][gc,phases   ] GC(759)   Post Evacuate Collection Set: 0.6ms
[2025-07-30T16:38:13.805+0800][39.631s][info][gc,phases   ] GC(759)   Other: 0.1ms
[2025-07-30T16:38:13.805+0800][39.631s][info][gc,heap     ] GC(759) Eden regions: 1017->0(1019)
[2025-07-30T16:38:13.805+0800][39.631s][info][gc,heap     ] GC(759) Survivor regions: 146->145(146)
[2025-07-30T16:38:13.805+0800][39.631s][info][gc,heap     ] GC(759) Old regions: 561->561
[2025-07-30T16:38:13.805+0800][39.631s][info][gc,heap     ] GC(759) Humongous regions: 3->3
[2025-07-30T16:38:13.805+0800][39.631s][info][gc,metaspace] GC(759) Metaspace: 7199K(7488K)->7199K(7488K) NonClass: 6475K(6592K)->6475K(6592K) Class: 724K(896K)->724K(896K)
[2025-07-30T16:38:13.805+0800][39.631s][info][gc          ] GC(759) Pause Young (Normal) (G1 Evacuation Pause) 1726M->708M(2048M) 14.969ms
[2025-07-30T16:38:13.805+0800][39.631s][info][gc,cpu      ] GC(759) User=0.02s Sys=0.00s Real=0.02s
[2025-07-30T16:38:13.805+0800][39.631s][info][safepoint   ] Safepoint "G1CollectForAllocation", Time since last: 37681400 ns, Reaching safepoint: 2700 ns, Cleanup: 2600 ns, At safepoint: 15008100 ns, Total: 15013400 ns
[2025-07-30T16:38:13.842+0800][39.667s][info][gc,start    ] GC(760) Pause Young (Normal) (G1 Evacuation Pause)
[2025-07-30T16:38:13.842+0800][39.667s][info][gc,task     ] GC(760) Using 1 workers of 1 for evacuation
[2025-07-30T16:38:13.857+0800][39.682s][info][gc,phases   ] GC(760)   Pre Evacuate Collection Set: 0.3ms
[2025-07-30T16:38:13.857+0800][39.682s][info][gc,phases   ] GC(760)   Merge Heap Roots: 0.1ms
[2025-07-30T16:38:13.857+0800][39.682s][info][gc,phases   ] GC(760)   Evacuate Collection Set: 14.0ms
[2025-07-30T16:38:13.857+0800][39.682s][info][gc,phases   ] GC(760)   Post Evacuate Collection Set: 0.6ms
[2025-07-30T16:38:13.857+0800][39.682s][info][gc,phases   ] GC(760)   Other: 0.1ms
[2025-07-30T16:38:13.857+0800][39.682s][info][gc,heap     ] GC(760) Eden regions: 1019->0(1017)
[2025-07-30T16:38:13.857+0800][39.682s][info][gc,heap     ] GC(760) Survivor regions: 145->146(146)
[2025-07-30T16:38:13.857+0800][39.682s][info][gc,heap     ] GC(760) Old regions: 561->561
[2025-07-30T16:38:13.857+0800][39.682s][info][gc,heap     ] GC(760) Humongous regions: 3->3
[2025-07-30T16:38:13.857+0800][39.683s][info][gc,metaspace] GC(760) Metaspace: 7199K(7488K)->7199K(7488K) NonClass: 6475K(6592K)->6475K(6592K) Class: 724K(896K)->724K(896K)
[2025-07-30T16:38:13.857+0800][39.683s][info][gc          ] GC(760) Pause Young (Normal) (G1 Evacuation Pause) 1727M->709M(2048M) 15.137ms
[2025-07-30T16:38:13.857+0800][39.683s][info][gc,cpu      ] GC(760) User=0.02s Sys=0.00s Real=0.02s
[2025-07-30T16:38:13.857+0800][39.683s][info][safepoint   ] Safepoint "G1CollectForAllocation", Time since last: 36353100 ns, Reaching safepoint: 2300 ns, Cleanup: 2900 ns, At safepoint: 15174200 ns, Total: 15179400 ns
[2025-07-30T16:38:13.893+0800][39.719s][info][gc,start    ] GC(761) Pause Young (Normal) (G1 Evacuation Pause)
[2025-07-30T16:38:13.893+0800][39.719s][info][gc,task     ] GC(761) Using 1 workers of 1 for evacuation
[2025-07-30T16:38:13.908+0800][39.734s][info][gc,phases   ] GC(761)   Pre Evacuate Collection Set: 0.3ms
[2025-07-30T16:38:13.908+0800][39.734s][info][gc,phases   ] GC(761)   Merge Heap Roots: 0.0ms
[2025-07-30T16:38:13.908+0800][39.734s][info][gc,phases   ] GC(761)   Evacuate Collection Set: 13.7ms
[2025-07-30T16:38:13.908+0800][39.734s][info][gc,phases   ] GC(761)   Post Evacuate Collection Set: 0.5ms
[2025-07-30T16:38:13.908+0800][39.734s][info][gc,phases   ] GC(761)   Other: 0.1ms
[2025-07-30T16:38:13.908+0800][39.734s][info][gc,heap     ] GC(761) Eden regions: 1017->0(1019)
[2025-07-30T16:38:13.908+0800][39.734s][info][gc,heap     ] GC(761) Survivor regions: 146->145(146)
[2025-07-30T16:38:13.908+0800][39.734s][info][gc,heap     ] GC(761) Old regions: 561->561
[2025-07-30T16:38:13.908+0800][39.734s][info][gc,heap     ] GC(761) Humongous regions: 3->3
[2025-07-30T16:38:13.908+0800][39.734s][info][gc,metaspace] GC(761) Metaspace: 7199K(7488K)->7199K(7488K) NonClass: 6475K(6592K)->6475K(6592K) Class: 724K(896K)->724K(896K)
[2025-07-30T16:38:13.908+0800][39.734s][info][gc          ] GC(761) Pause Young (Normal) (G1 Evacuation Pause) 1726M->708M(2048M) 14.822ms
[2025-07-30T16:38:13.908+0800][39.734s][info][gc,cpu      ] GC(761) User=0.02s Sys=0.00s Real=0.02s
[2025-07-30T16:38:13.908+0800][39.734s][info][safepoint   ] Safepoint "G1CollectForAllocation", Time since last: 36280000 ns, Reaching safepoint: 1800 ns, Cleanup: 2700 ns, At safepoint: 14859400 ns, Total: 14863900 ns
[2025-07-30T16:38:13.945+0800][39.770s][info][gc,start    ] GC(762) Pause Young (Normal) (G1 Evacuation Pause)
[2025-07-30T16:38:13.945+0800][39.770s][info][gc,task     ] GC(762) Using 1 workers of 1 for evacuation
[2025-07-30T16:38:13.959+0800][39.785s][info][gc,phases   ] GC(762)   Pre Evacuate Collection Set: 0.3ms
[2025-07-30T16:38:13.960+0800][39.785s][info][gc,phases   ] GC(762)   Merge Heap Roots: 0.0ms
[2025-07-30T16:38:13.960+0800][39.785s][info][gc,phases   ] GC(762)   Evacuate Collection Set: 14.2ms
[2025-07-30T16:38:13.960+0800][39.785s][info][gc,phases   ] GC(762)   Post Evacuate Collection Set: 0.6ms
[2025-07-30T16:38:13.960+0800][39.785s][info][gc,phases   ] GC(762)   Other: 0.1ms
[2025-07-30T16:38:13.960+0800][39.785s][info][gc,heap     ] GC(762) Eden regions: 1019->0(1017)
[2025-07-30T16:38:13.960+0800][39.786s][info][gc,heap     ] GC(762) Survivor regions: 145->146(146)
[2025-07-30T16:38:13.960+0800][39.786s][info][gc,heap     ] GC(762) Old regions: 561->561
[2025-07-30T16:38:13.960+0800][39.786s][info][gc,heap     ] GC(762) Humongous regions: 3->3
[2025-07-30T16:38:13.960+0800][39.786s][info][gc,metaspace] GC(762) Metaspace: 7199K(7488K)->7199K(7488K) NonClass: 6475K(6592K)->6475K(6592K) Class: 724K(896K)->724K(896K)
[2025-07-30T16:38:13.960+0800][39.786s][info][gc          ] GC(762) Pause Young (Normal) (G1 Evacuation Pause) 1727M->709M(2048M) 15.333ms
[2025-07-30T16:38:13.960+0800][39.786s][info][gc,cpu      ] GC(762) User=0.02s Sys=0.00s Real=0.02s
[2025-07-30T16:38:13.960+0800][39.786s][info][safepoint   ] Safepoint "G1CollectForAllocation", Time since last: 36505800 ns, Reaching safepoint: 2000 ns, Cleanup: 2800 ns, At safepoint: 15371900 ns, Total: 15376700 ns
[2025-07-30T16:38:13.997+0800][39.822s][info][gc,start    ] GC(763) Pause Young (Normal) (G1 Evacuation Pause)
[2025-07-30T16:38:13.997+0800][39.822s][info][gc,task     ] GC(763) Using 1 workers of 1 for evacuation
[2025-07-30T16:38:14.012+0800][39.837s][info][gc,phases   ] GC(763)   Pre Evacuate Collection Set: 0.3ms
[2025-07-30T16:38:14.012+0800][39.837s][info][gc,phases   ] GC(763)   Merge Heap Roots: 0.1ms
[2025-07-30T16:38:14.012+0800][39.837s][info][gc,phases   ] GC(763)   Evacuate Collection Set: 14.1ms
[2025-07-30T16:38:14.012+0800][39.837s][info][gc,phases   ] GC(763)   Post Evacuate Collection Set: 0.6ms
[2025-07-30T16:38:14.012+0800][39.837s][info][gc,phases   ] GC(763)   Other: 0.1ms
[2025-07-30T16:38:14.012+0800][39.837s][info][gc,heap     ] GC(763) Eden regions: 1017->0(1017)
[2025-07-30T16:38:14.012+0800][39.837s][info][gc,heap     ] GC(763) Survivor regions: 146->146(146)
[2025-07-30T16:38:14.012+0800][39.837s][info][gc,heap     ] GC(763) Old regions: 561->561
[2025-07-30T16:38:14.012+0800][39.837s][info][gc,heap     ] GC(763) Humongous regions: 3->3
[2025-07-30T16:38:14.012+0800][39.837s][info][gc,metaspace] GC(763) Metaspace: 7199K(7488K)->7199K(7488K) NonClass: 6475K(6592K)->6475K(6592K) Class: 724K(896K)->724K(896K)
[2025-07-30T16:38:14.012+0800][39.837s][info][gc          ] GC(763) Pause Young (Normal) (G1 Evacuation Pause) 1726M->708M(2048M) 15.343ms
[2025-07-30T16:38:14.012+0800][39.837s][info][gc,cpu      ] GC(763) User=0.02s Sys=0.00s Real=0.02s
[2025-07-30T16:38:14.012+0800][39.837s][info][safepoint   ] Safepoint "G1CollectForAllocation", Time since last: 36084800 ns, Reaching safepoint: 2400 ns, Cleanup: 3400 ns, At safepoint: 15382300 ns, Total: 15388100 ns
[2025-07-30T16:38:14.049+0800][39.874s][info][gc,start    ] GC(764) Pause Young (Normal) (G1 Evacuation Pause)
[2025-07-30T16:38:14.049+0800][39.874s][info][gc,task     ] GC(764) Using 1 workers of 1 for evacuation
[2025-07-30T16:38:14.064+0800][39.889s][info][gc,phases   ] GC(764)   Pre Evacuate Collection Set: 0.4ms
[2025-07-30T16:38:14.064+0800][39.889s][info][gc,phases   ] GC(764)   Merge Heap Roots: 0.1ms
[2025-07-30T16:38:14.064+0800][39.889s][info][gc,phases   ] GC(764)   Evacuate Collection Set: 13.9ms
[2025-07-30T16:38:14.064+0800][39.889s][info][gc,phases   ] GC(764)   Post Evacuate Collection Set: 0.7ms
[2025-07-30T16:38:14.064+0800][39.889s][info][gc,phases   ] GC(764)   Other: 0.1ms
[2025-07-30T16:38:14.064+0800][39.889s][info][gc,heap     ] GC(764) Eden regions: 1017->0(1019)
[2025-07-30T16:38:14.064+0800][39.889s][info][gc,heap     ] GC(764) Survivor regions: 146->145(146)
[2025-07-30T16:38:14.064+0800][39.889s][info][gc,heap     ] GC(764) Old regions: 561->561
[2025-07-30T16:38:14.064+0800][39.889s][info][gc,heap     ] GC(764) Humongous regions: 3->3
[2025-07-30T16:38:14.064+0800][39.889s][info][gc,metaspace] GC(764) Metaspace: 7199K(7488K)->7199K(7488K) NonClass: 6475K(6592K)->6475K(6592K) Class: 724K(896K)->724K(896K)
[2025-07-30T16:38:14.064+0800][39.889s][info][gc          ] GC(764) Pause Young (Normal) (G1 Evacuation Pause) 1725M->707M(2048M) 15.384ms
[2025-07-30T16:38:14.064+0800][39.889s][info][gc,cpu      ] GC(764) User=0.02s Sys=0.00s Real=0.01s
[2025-07-30T16:38:14.064+0800][39.889s][info][safepoint   ] Safepoint "G1CollectForAllocation", Time since last: 36951400 ns, Reaching safepoint: 3500 ns, Cleanup: 3800 ns, At safepoint: 15427700 ns, Total: 15435000 ns
[2025-07-30T16:38:14.101+0800][39.926s][info][gc,start    ] GC(765) Pause Young (Normal) (G1 Evacuation Pause)
[2025-07-30T16:38:14.101+0800][39.926s][info][gc,task     ] GC(765) Using 1 workers of 1 for evacuation
[2025-07-30T16:38:14.116+0800][39.941s][info][gc,phases   ] GC(765)   Pre Evacuate Collection Set: 0.4ms
[2025-07-30T16:38:14.116+0800][39.941s][info][gc,phases   ] GC(765)   Merge Heap Roots: 0.1ms
[2025-07-30T16:38:14.116+0800][39.941s][info][gc,phases   ] GC(765)   Evacuate Collection Set: 13.8ms
[2025-07-30T16:38:14.116+0800][39.941s][info][gc,phases   ] GC(765)   Post Evacuate Collection Set: 0.7ms
[2025-07-30T16:38:14.116+0800][39.941s][info][gc,phases   ] GC(765)   Other: 0.1ms
[2025-07-30T16:38:14.116+0800][39.941s][info][gc,heap     ] GC(765) Eden regions: 1019->0(1018)
[2025-07-30T16:38:14.116+0800][39.941s][info][gc,heap     ] GC(765) Survivor regions: 145->146(146)
[2025-07-30T16:38:14.116+0800][39.942s][info][gc,heap     ] GC(765) Old regions: 561->561
[2025-07-30T16:38:14.116+0800][39.942s][info][gc,heap     ] GC(765) Humongous regions: 3->3
[2025-07-30T16:38:14.116+0800][39.942s][info][gc,metaspace] GC(765) Metaspace: 7199K(7488K)->7199K(7488K) NonClass: 6475K(6592K)->6475K(6592K) Class: 724K(896K)->724K(896K)
[2025-07-30T16:38:14.116+0800][39.942s][info][gc          ] GC(765) Pause Young (Normal) (G1 Evacuation Pause) 1726M->708M(2048M) 15.183ms
[2025-07-30T16:38:14.116+0800][39.942s][info][gc,cpu      ] GC(765) User=0.02s Sys=0.00s Real=0.01s
[2025-07-30T16:38:14.116+0800][39.942s][info][safepoint   ] Safepoint "G1CollectForAllocation", Time since last: 36907500 ns, Reaching safepoint: 2700 ns, Cleanup: 3500 ns, At safepoint: 15226500 ns, Total: 15232700 ns
[2025-07-30T16:38:14.152+0800][39.978s][info][gc,start    ] GC(766) Pause Young (Normal) (G1 Evacuation Pause)
[2025-07-30T16:38:14.152+0800][39.978s][info][gc,task     ] GC(766) Using 1 workers of 1 for evacuation
[2025-07-30T16:38:14.170+0800][39.995s][info][gc,phases   ] GC(766)   Pre Evacuate Collection Set: 0.4ms
[2025-07-30T16:38:14.170+0800][39.995s][info][gc,phases   ] GC(766)   Merge Heap Roots: 0.1ms
[2025-07-30T16:38:14.170+0800][39.995s][info][gc,phases   ] GC(766)   Evacuate Collection Set: 15.2ms
[2025-07-30T16:38:14.170+0800][39.995s][info][gc,phases   ] GC(766)   Post Evacuate Collection Set: 0.6ms
[2025-07-30T16:38:14.170+0800][39.995s][info][gc,phases   ] GC(766)   Other: 0.1ms
[2025-07-30T16:38:14.170+0800][39.995s][info][gc,heap     ] GC(766) Eden regions: 1018->0(1018)
[2025-07-30T16:38:14.170+0800][39.995s][info][gc,heap     ] GC(766) Survivor regions: 146->146(146)
[2025-07-30T16:38:14.170+0800][39.995s][info][gc,heap     ] GC(766) Old regions: 561->561
[2025-07-30T16:38:14.170+0800][39.995s][info][gc,heap     ] GC(766) Humongous regions: 3->3
[2025-07-30T16:38:14.170+0800][39.995s][info][gc,metaspace] GC(766) Metaspace: 7199K(7488K)->7199K(7488K) NonClass: 6475K(6592K)->6475K(6592K) Class: 724K(896K)->724K(896K)
[2025-07-30T16:38:14.170+0800][39.995s][info][gc          ] GC(766) Pause Young (Normal) (G1 Evacuation Pause) 1726M->708M(2048M) 16.529ms
[2025-07-30T16:38:14.170+0800][39.995s][info][gc,cpu      ] GC(766) User=0.02s Sys=0.00s Real=0.02s
[2025-07-30T16:38:14.170+0800][39.995s][info][safepoint   ] Safepoint "G1CollectForAllocation", Time since last: 36710100 ns, Reaching safepoint: 2800 ns, Cleanup: 2900 ns, At safepoint: 16569200 ns, Total: 16574900 ns
[2025-07-30T16:38:14.206+0800][40.031s][info][gc,start    ] GC(767) Pause Young (Normal) (G1 Evacuation Pause)
[2025-07-30T16:38:14.206+0800][40.031s][info][gc,task     ] GC(767) Using 1 workers of 1 for evacuation
[2025-07-30T16:38:14.221+0800][40.046s][info][gc,phases   ] GC(767)   Pre Evacuate Collection Set: 0.3ms
[2025-07-30T16:38:14.221+0800][40.046s][info][gc,phases   ] GC(767)   Merge Heap Roots: 0.1ms
[2025-07-30T16:38:14.221+0800][40.046s][info][gc,phases   ] GC(767)   Evacuate Collection Set: 13.9ms
[2025-07-30T16:38:14.221+0800][40.046s][info][gc,phases   ] GC(767)   Post Evacuate Collection Set: 0.6ms
[2025-07-30T16:38:14.221+0800][40.046s][info][gc,phases   ] GC(767)   Other: 0.1ms
[2025-07-30T16:38:14.221+0800][40.046s][info][gc,heap     ] GC(767) Eden regions: 1018->0(1017)
[2025-07-30T16:38:14.221+0800][40.046s][info][gc,heap     ] GC(767) Survivor regions: 146->146(146)
[2025-07-30T16:38:14.221+0800][40.046s][info][gc,heap     ] GC(767) Old regions: 561->561
[2025-07-30T16:38:14.221+0800][40.046s][info][gc,heap     ] GC(767) Humongous regions: 3->3
[2025-07-30T16:38:14.221+0800][40.046s][info][gc,metaspace] GC(767) Metaspace: 7199K(7488K)->7199K(7488K) NonClass: 6475K(6592K)->6475K(6592K) Class: 724K(896K)->724K(896K)
[2025-07-30T16:38:14.221+0800][40.046s][info][gc          ] GC(767) Pause Young (Normal) (G1 Evacuation Pause) 1726M->709M(2048M) 15.075ms
[2025-07-30T16:38:14.221+0800][40.046s][info][gc,cpu      ] GC(767) User=0.02s Sys=0.00s Real=0.01s
[2025-07-30T16:38:14.221+0800][40.046s][info][safepoint   ] Safepoint "G1CollectForAllocation", Time since last: 36441200 ns, Reaching safepoint: 2200 ns, Cleanup: 2700 ns, At safepoint: 15115500 ns, Total: 15120400 ns
[2025-07-30T16:38:14.258+0800][40.083s][info][gc,start    ] GC(768) Pause Young (Normal) (G1 Evacuation Pause)
[2025-07-30T16:38:14.258+0800][40.083s][info][gc,task     ] GC(768) Using 1 workers of 1 for evacuation
[2025-07-30T16:38:14.272+0800][40.098s][info][gc,phases   ] GC(768)   Pre Evacuate Collection Set: 0.3ms
[2025-07-30T16:38:14.272+0800][40.098s][info][gc,phases   ] GC(768)   Merge Heap Roots: 0.0ms
[2025-07-30T16:38:14.272+0800][40.098s][info][gc,phases   ] GC(768)   Evacuate Collection Set: 13.6ms
[2025-07-30T16:38:14.272+0800][40.098s][info][gc,phases   ] GC(768)   Post Evacuate Collection Set: 0.6ms
[2025-07-30T16:38:14.272+0800][40.098s][info][gc,phases   ] GC(768)   Other: 0.1ms
[2025-07-30T16:38:14.272+0800][40.098s][info][gc,heap     ] GC(768) Eden regions: 1017->0(1019)
[2025-07-30T16:38:14.272+0800][40.098s][info][gc,heap     ] GC(768) Survivor regions: 146->145(146)
[2025-07-30T16:38:14.272+0800][40.098s][info][gc,heap     ] GC(768) Old regions: 561->561
[2025-07-30T16:38:14.272+0800][40.098s][info][gc,heap     ] GC(768) Humongous regions: 3->3
[2025-07-30T16:38:14.272+0800][40.098s][info][gc,metaspace] GC(768) Metaspace: 7199K(7488K)->7199K(7488K) NonClass: 6475K(6592K)->6475K(6592K) Class: 724K(896K)->724K(896K)
[2025-07-30T16:38:14.272+0800][40.098s][info][gc          ] GC(768) Pause Young (Normal) (G1 Evacuation Pause) 1726M->708M(2048M) 14.793ms
[2025-07-30T16:38:14.272+0800][40.098s][info][gc,cpu      ] GC(768) User=0.02s Sys=0.00s Real=0.01s
[2025-07-30T16:38:14.272+0800][40.098s][info][safepoint   ] Safepoint "G1CollectForAllocation", Time since last: 36904200 ns, Reaching safepoint: 2300 ns, Cleanup: 2800 ns, At safepoint: 14831200 ns, Total: 14836300 ns
[2025-07-30T16:38:14.311+0800][40.137s][info][gc,start    ] GC(769) Pause Young (Normal) (G1 Evacuation Pause)
[2025-07-30T16:38:14.311+0800][40.137s][info][gc,task     ] GC(769) Using 1 workers of 1 for evacuation
[2025-07-30T16:38:14.327+0800][40.153s][info][gc,phases   ] GC(769)   Pre Evacuate Collection Set: 0.5ms
[2025-07-30T16:38:14.327+0800][40.153s][info][gc,phases   ] GC(769)   Merge Heap Roots: 0.1ms
[2025-07-30T16:38:14.327+0800][40.153s][info][gc,phases   ] GC(769)   Evacuate Collection Set: 14.6ms
[2025-07-30T16:38:14.327+0800][40.153s][info][gc,phases   ] GC(769)   Post Evacuate Collection Set: 0.7ms
[2025-07-30T16:38:14.327+0800][40.153s][info][gc,phases   ] GC(769)   Other: 0.1ms
[2025-07-30T16:38:14.327+0800][40.153s][info][gc,heap     ] GC(769) Eden regions: 1019->0(1017)
[2025-07-30T16:38:14.327+0800][40.153s][info][gc,heap     ] GC(769) Survivor regions: 145->146(146)
[2025-07-30T16:38:14.328+0800][40.153s][info][gc,heap     ] GC(769) Old regions: 561->561
[2025-07-30T16:38:14.328+0800][40.153s][info][gc,heap     ] GC(769) Humongous regions: 3->3
[2025-07-30T16:38:14.328+0800][40.153s][info][gc,metaspace] GC(769) Metaspace: 7200K(7488K)->7200K(7488K) NonClass: 6476K(6592K)->6476K(6592K) Class: 724K(896K)->724K(896K)
[2025-07-30T16:38:14.328+0800][40.153s][info][gc          ] GC(769) Pause Young (Normal) (G1 Evacuation Pause) 1727M->709M(2048M) 16.183ms
[2025-07-30T16:38:14.328+0800][40.153s][info][gc,cpu      ] GC(769) User=0.02s Sys=0.02s Real=0.02s
[2025-07-30T16:38:14.328+0800][40.153s][info][safepoint   ] Safepoint "G1CollectForAllocation", Time since last: 38573700 ns, Reaching safepoint: 3800 ns, Cleanup: 4000 ns, At safepoint: 16224500 ns, Total: 16232300 ns
[2025-07-30T16:38:14.365+0800][40.190s][info][gc,start    ] GC(770) Pause Young (Normal) (G1 Evacuation Pause)
[2025-07-30T16:38:14.365+0800][40.191s][info][gc,task     ] GC(770) Using 1 workers of 1 for evacuation
[2025-07-30T16:38:14.380+0800][40.206s][info][gc,phases   ] GC(770)   Pre Evacuate Collection Set: 0.4ms
[2025-07-30T16:38:14.380+0800][40.206s][info][gc,phases   ] GC(770)   Merge Heap Roots: 0.1ms
[2025-07-30T16:38:14.380+0800][40.206s][info][gc,phases   ] GC(770)   Evacuate Collection Set: 14.0ms
[2025-07-30T16:38:14.380+0800][40.206s][info][gc,phases   ] GC(770)   Post Evacuate Collection Set: 0.7ms
[2025-07-30T16:38:14.380+0800][40.206s][info][gc,phases   ] GC(770)   Other: 0.1ms
[2025-07-30T16:38:14.380+0800][40.206s][info][gc,heap     ] GC(770) Eden regions: 1017->0(1019)
[2025-07-30T16:38:14.380+0800][40.206s][info][gc,heap     ] GC(770) Survivor regions: 146->145(146)
[2025-07-30T16:38:14.380+0800][40.206s][info][gc,heap     ] GC(770) Old regions: 561->561
[2025-07-30T16:38:14.380+0800][40.206s][info][gc,heap     ] GC(770) Humongous regions: 3->3
[2025-07-30T16:38:14.380+0800][40.206s][info][gc,metaspace] GC(770) Metaspace: 7200K(7488K)->7200K(7488K) NonClass: 6476K(6592K)->6476K(6592K) Class: 724K(896K)->724K(896K)
[2025-07-30T16:38:14.380+0800][40.206s][info][gc          ] GC(770) Pause Young (Normal) (G1 Evacuation Pause) 1726M->708M(2048M) 15.392ms
[2025-07-30T16:38:14.380+0800][40.206s][info][gc,cpu      ] GC(770) User=0.02s Sys=0.00s Real=0.02s
[2025-07-30T16:38:14.380+0800][40.206s][info][safepoint   ] Safepoint "G1CollectForAllocation", Time since last: 37480600 ns, Reaching safepoint: 3300 ns, Cleanup: 4100 ns, At safepoint: 15435000 ns, Total: 15442400 ns
[2025-07-30T16:38:14.418+0800][40.243s][info][gc,start    ] GC(771) Pause Young (Normal) (G1 Evacuation Pause)
[2025-07-30T16:38:14.418+0800][40.243s][info][gc,task     ] GC(771) Using 1 workers of 1 for evacuation
[2025-07-30T16:38:14.433+0800][40.258s][info][gc,phases   ] GC(771)   Pre Evacuate Collection Set: 0.4ms
[2025-07-30T16:38:14.433+0800][40.258s][info][gc,phases   ] GC(771)   Merge Heap Roots: 0.1ms
[2025-07-30T16:38:14.433+0800][40.258s][info][gc,phases   ] GC(771)   Evacuate Collection Set: 14.1ms
[2025-07-30T16:38:14.433+0800][40.258s][info][gc,phases   ] GC(771)   Post Evacuate Collection Set: 0.7ms
[2025-07-30T16:38:14.433+0800][40.258s][info][gc,phases   ] GC(771)   Other: 0.1ms
[2025-07-30T16:38:14.433+0800][40.258s][info][gc,heap     ] GC(771) Eden regions: 1019->0(1017)
[2025-07-30T16:38:14.433+0800][40.259s][info][gc,heap     ] GC(771) Survivor regions: 145->146(146)
[2025-07-30T16:38:14.433+0800][40.259s][info][gc,heap     ] GC(771) Old regions: 561->561
[2025-07-30T16:38:14.433+0800][40.259s][info][gc,heap     ] GC(771) Humongous regions: 3->3
[2025-07-30T16:38:14.433+0800][40.259s][info][gc,metaspace] GC(771) Metaspace: 7200K(7488K)->7200K(7488K) NonClass: 6476K(6592K)->6476K(6592K) Class: 724K(896K)->724K(896K)
[2025-07-30T16:38:14.433+0800][40.259s][info][gc          ] GC(771) Pause Young (Normal) (G1 Evacuation Pause) 1727M->709M(2048M) 15.515ms
[2025-07-30T16:38:14.433+0800][40.259s][info][gc,cpu      ] GC(771) User=0.02s Sys=0.00s Real=0.02s
[2025-07-30T16:38:14.433+0800][40.259s][info][safepoint   ] Safepoint "G1CollectForAllocation", Time since last: 37125300 ns, Reaching safepoint: 3500 ns, Cleanup: 3500 ns, At safepoint: 15559800 ns, Total: 15566800 ns
[2025-07-30T16:38:14.470+0800][40.296s][info][gc,start    ] GC(772) Pause Young (Normal) (G1 Evacuation Pause)
[2025-07-30T16:38:14.470+0800][40.296s][info][gc,task     ] GC(772) Using 1 workers of 1 for evacuation
[2025-07-30T16:38:14.485+0800][40.311s][info][gc,phases   ] GC(772)   Pre Evacuate Collection Set: 0.4ms
[2025-07-30T16:38:14.485+0800][40.311s][info][gc,phases   ] GC(772)   Merge Heap Roots: 0.1ms
[2025-07-30T16:38:14.485+0800][40.311s][info][gc,phases   ] GC(772)   Evacuate Collection Set: 14.1ms
[2025-07-30T16:38:14.485+0800][40.311s][info][gc,phases   ] GC(772)   Post Evacuate Collection Set: 0.6ms
[2025-07-30T16:38:14.485+0800][40.311s][info][gc,phases   ] GC(772)   Other: 0.1ms
[2025-07-30T16:38:14.485+0800][40.311s][info][gc,heap     ] GC(772) Eden regions: 1017->0(1017)
[2025-07-30T16:38:14.485+0800][40.311s][info][gc,heap     ] GC(772) Survivor regions: 146->146(146)
[2025-07-30T16:38:14.485+0800][40.311s][info][gc,heap     ] GC(772) Old regions: 561->561
[2025-07-30T16:38:14.485+0800][40.311s][info][gc,heap     ] GC(772) Humongous regions: 3->3
[2025-07-30T16:38:14.485+0800][40.311s][info][gc,metaspace] GC(772) Metaspace: 7200K(7488K)->7200K(7488K) NonClass: 6476K(6592K)->6476K(6592K) Class: 724K(896K)->724K(896K)
[2025-07-30T16:38:14.485+0800][40.311s][info][gc          ] GC(772) Pause Young (Normal) (G1 Evacuation Pause) 1726M->708M(2048M) 15.496ms
[2025-07-30T16:38:14.485+0800][40.311s][info][gc,cpu      ] GC(772) User=0.02s Sys=0.00s Real=0.01s
[2025-07-30T16:38:14.485+0800][40.311s][info][safepoint   ] Safepoint "G1CollectForAllocation", Time since last: 37160000 ns, Reaching safepoint: 3400 ns, Cleanup: 4300 ns, At safepoint: 15544500 ns, Total: 15552200 ns
[2025-07-30T16:38:14.522+0800][40.348s][info][gc,start    ] GC(773) Pause Young (Normal) (G1 Evacuation Pause)
[2025-07-30T16:38:14.522+0800][40.348s][info][gc,task     ] GC(773) Using 1 workers of 1 for evacuation
[2025-07-30T16:38:14.539+0800][40.364s][info][gc,phases   ] GC(773)   Pre Evacuate Collection Set: 0.4ms
[2025-07-30T16:38:14.539+0800][40.364s][info][gc,phases   ] GC(773)   Merge Heap Roots: 0.1ms
[2025-07-30T16:38:14.539+0800][40.364s][info][gc,phases   ] GC(773)   Evacuate Collection Set: 14.9ms
[2025-07-30T16:38:14.539+0800][40.364s][info][gc,phases   ] GC(773)   Post Evacuate Collection Set: 0.7ms
[2025-07-30T16:38:14.539+0800][40.364s][info][gc,phases   ] GC(773)   Other: 0.1ms
[2025-07-30T16:38:14.539+0800][40.364s][info][gc,heap     ] GC(773) Eden regions: 1017->0(1019)
[2025-07-30T16:38:14.539+0800][40.364s][info][gc,heap     ] GC(773) Survivor regions: 146->145(146)
[2025-07-30T16:38:14.539+0800][40.364s][info][gc,heap     ] GC(773) Old regions: 561->561
[2025-07-30T16:38:14.539+0800][40.364s][info][gc,heap     ] GC(773) Humongous regions: 3->3
[2025-07-30T16:38:14.539+0800][40.364s][info][gc,metaspace] GC(773) Metaspace: 7200K(7488K)->7200K(7488K) NonClass: 6476K(6592K)->6476K(6592K) Class: 724K(896K)->724K(896K)
[2025-07-30T16:38:14.539+0800][40.364s][info][gc          ] GC(773) Pause Young (Normal) (G1 Evacuation Pause) 1725M->707M(2048M) 16.353ms
[2025-07-30T16:38:14.539+0800][40.364s][info][gc,cpu      ] GC(773) User=0.02s Sys=0.00s Real=0.02s
[2025-07-30T16:38:14.539+0800][40.364s][info][safepoint   ] Safepoint "G1CollectForAllocation", Time since last: 36557700 ns, Reaching safepoint: 3700 ns, Cleanup: 4400 ns, At safepoint: 16396300 ns, Total: 16404400 ns
[2025-07-30T16:38:14.577+0800][40.402s][info][gc,start    ] GC(774) Pause Young (Normal) (G1 Evacuation Pause)
[2025-07-30T16:38:14.577+0800][40.402s][info][gc,task     ] GC(774) Using 1 workers of 1 for evacuation
[2025-07-30T16:38:14.592+0800][40.418s][info][gc,phases   ] GC(774)   Pre Evacuate Collection Set: 0.5ms
[2025-07-30T16:38:14.592+0800][40.418s][info][gc,phases   ] GC(774)   Merge Heap Roots: 0.1ms
[2025-07-30T16:38:14.592+0800][40.418s][info][gc,phases   ] GC(774)   Evacuate Collection Set: 13.9ms
[2025-07-30T16:38:14.592+0800][40.418s][info][gc,phases   ] GC(774)   Post Evacuate Collection Set: 0.7ms
[2025-07-30T16:38:14.592+0800][40.418s][info][gc,phases   ] GC(774)   Other: 0.1ms
[2025-07-30T16:38:14.592+0800][40.418s][info][gc,heap     ] GC(774) Eden regions: 1019->0(1018)
[2025-07-30T16:38:14.592+0800][40.418s][info][gc,heap     ] GC(774) Survivor regions: 145->146(146)
[2025-07-30T16:38:14.592+0800][40.418s][info][gc,heap     ] GC(774) Old regions: 561->561
[2025-07-30T16:38:14.592+0800][40.418s][info][gc,heap     ] GC(774) Humongous regions: 3->3
[2025-07-30T16:38:14.592+0800][40.418s][info][gc,metaspace] GC(774) Metaspace: 7200K(7488K)->7200K(7488K) NonClass: 6476K(6592K)->6476K(6592K) Class: 724K(896K)->724K(896K)
[2025-07-30T16:38:14.592+0800][40.418s][info][gc          ] GC(774) Pause Young (Normal) (G1 Evacuation Pause) 1726M->708M(2048M) 15.425ms
[2025-07-30T16:38:14.592+0800][40.418s][info][gc,cpu      ] GC(774) User=0.02s Sys=0.00s Real=0.02s
[2025-07-30T16:38:14.592+0800][40.418s][info][safepoint   ] Safepoint "G1CollectForAllocation", Time since last: 38083900 ns, Reaching safepoint: 3400 ns, Cleanup: 4000 ns, At safepoint: 15468600 ns, Total: 15476000 ns
[2025-07-30T16:38:14.630+0800][40.456s][info][gc,start    ] GC(775) Pause Young (Normal) (G1 Evacuation Pause)
[2025-07-30T16:38:14.630+0800][40.456s][info][gc,task     ] GC(775) Using 1 workers of 1 for evacuation
[2025-07-30T16:38:14.645+0800][40.471s][info][gc,phases   ] GC(775)   Pre Evacuate Collection Set: 0.5ms
[2025-07-30T16:38:14.645+0800][40.471s][info][gc,phases   ] GC(775)   Merge Heap Roots: 0.1ms
[2025-07-30T16:38:14.645+0800][40.471s][info][gc,phases   ] GC(775)   Evacuate Collection Set: 14.0ms
[2025-07-30T16:38:14.645+0800][40.471s][info][gc,phases   ] GC(775)   Post Evacuate Collection Set: 0.7ms
[2025-07-30T16:38:14.646+0800][40.471s][info][gc,phases   ] GC(775)   Other: 0.1ms
[2025-07-30T16:38:14.646+0800][40.471s][info][gc,heap     ] GC(775) Eden regions: 1018->0(1018)
[2025-07-30T16:38:14.646+0800][40.471s][info][gc,heap     ] GC(775) Survivor regions: 146->146(146)
[2025-07-30T16:38:14.646+0800][40.471s][info][gc,heap     ] GC(775) Old regions: 561->561
[2025-07-30T16:38:14.646+0800][40.471s][info][gc,heap     ] GC(775) Humongous regions: 3->3
[2025-07-30T16:38:14.646+0800][40.471s][info][gc,metaspace] GC(775) Metaspace: 7200K(7488K)->7200K(7488K) NonClass: 6476K(6592K)->6476K(6592K) Class: 724K(896K)->724K(896K)
[2025-07-30T16:38:14.646+0800][40.471s][info][gc          ] GC(775) Pause Young (Normal) (G1 Evacuation Pause) 1726M->708M(2048M) 15.473ms
[2025-07-30T16:38:14.646+0800][40.471s][info][gc,cpu      ] GC(775) User=0.02s Sys=0.00s Real=0.02s
[2025-07-30T16:38:14.646+0800][40.471s][info][safepoint   ] Safepoint "G1CollectForAllocation", Time since last: 37930900 ns, Reaching safepoint: 4100 ns, Cleanup: 5200 ns, At safepoint: 15520200 ns, Total: 15529500 ns
[2025-07-30T16:38:14.683+0800][40.508s][info][gc,start    ] GC(776) Pause Young (Normal) (G1 Evacuation Pause)
[2025-07-30T16:38:14.683+0800][40.508s][info][gc,task     ] GC(776) Using 1 workers of 1 for evacuation
[2025-07-30T16:38:14.698+0800][40.523s][info][gc,phases   ] GC(776)   Pre Evacuate Collection Set: 0.5ms
[2025-07-30T16:38:14.698+0800][40.523s][info][gc,phases   ] GC(776)   Merge Heap Roots: 0.1ms
[2025-07-30T16:38:14.698+0800][40.523s][info][gc,phases   ] GC(776)   Evacuate Collection Set: 13.8ms
[2025-07-30T16:38:14.698+0800][40.523s][info][gc,phases   ] GC(776)   Post Evacuate Collection Set: 0.7ms
[2025-07-30T16:38:14.698+0800][40.523s][info][gc,phases   ] GC(776)   Other: 0.1ms
[2025-07-30T16:38:14.698+0800][40.524s][info][gc,heap     ] GC(776) Eden regions: 1018->0(1018)
[2025-07-30T16:38:14.698+0800][40.524s][info][gc,heap     ] GC(776) Survivor regions: 146->146(146)
[2025-07-30T16:38:14.698+0800][40.524s][info][gc,heap     ] GC(776) Old regions: 561->561
[2025-07-30T16:38:14.698+0800][40.524s][info][gc,heap     ] GC(776) Humongous regions: 3->3
[2025-07-30T16:38:14.698+0800][40.524s][info][gc,metaspace] GC(776) Metaspace: 7200K(7488K)->7200K(7488K) NonClass: 6476K(6592K)->6476K(6592K) Class: 724K(896K)->724K(896K)
[2025-07-30T16:38:14.698+0800][40.524s][info][gc          ] GC(776) Pause Young (Normal) (G1 Evacuation Pause) 1726M->708M(2048M) 15.376ms
[2025-07-30T16:38:14.698+0800][40.524s][info][gc,cpu      ] GC(776) User=0.02s Sys=0.00s Real=0.01s
[2025-07-30T16:38:14.698+0800][40.524s][info][safepoint   ] Safepoint "G1CollectForAllocation", Time since last: 36889500 ns, Reaching safepoint: 3800 ns, Cleanup: 4300 ns, At safepoint: 15420600 ns, Total: 15428700 ns
[2025-07-30T16:38:14.735+0800][40.560s][info][gc,start    ] GC(777) Pause Young (Normal) (G1 Evacuation Pause)
[2025-07-30T16:38:14.735+0800][40.560s][info][gc,task     ] GC(777) Using 1 workers of 1 for evacuation
[2025-07-30T16:38:14.750+0800][40.575s][info][gc,phases   ] GC(777)   Pre Evacuate Collection Set: 0.4ms
[2025-07-30T16:38:14.750+0800][40.575s][info][gc,phases   ] GC(777)   Merge Heap Roots: 0.1ms
[2025-07-30T16:38:14.750+0800][40.575s][info][gc,phases   ] GC(777)   Evacuate Collection Set: 13.8ms
[2025-07-30T16:38:14.750+0800][40.575s][info][gc,phases   ] GC(777)   Post Evacuate Collection Set: 0.7ms
[2025-07-30T16:38:14.750+0800][40.575s][info][gc,phases   ] GC(777)   Other: 0.1ms
[2025-07-30T16:38:14.750+0800][40.575s][info][gc,heap     ] GC(777) Eden regions: 1018->0(1017)
[2025-07-30T16:38:14.750+0800][40.575s][info][gc,heap     ] GC(777) Survivor regions: 146->146(146)
[2025-07-30T16:38:14.750+0800][40.575s][info][gc,heap     ] GC(777) Old regions: 561->561
[2025-07-30T16:38:14.750+0800][40.575s][info][gc,heap     ] GC(777) Humongous regions: 3->3
[2025-07-30T16:38:14.750+0800][40.575s][info][gc,metaspace] GC(777) Metaspace: 7200K(7488K)->7200K(7488K) NonClass: 6476K(6592K)->6476K(6592K) Class: 724K(896K)->724K(896K)
[2025-07-30T16:38:14.750+0800][40.575s][info][gc          ] GC(777) Pause Young (Normal) (G1 Evacuation Pause) 1726M->709M(2048M) 15.186ms
[2025-07-30T16:38:14.750+0800][40.575s][info][gc,cpu      ] GC(777) User=0.00s Sys=0.00s Real=0.02s
[2025-07-30T16:38:14.750+0800][40.576s][info][safepoint   ] Safepoint "G1CollectForAllocation", Time since last: 36661800 ns, Reaching safepoint: 2700 ns, Cleanup: 3200 ns, At safepoint: 15229400 ns, Total: 15235300 ns
[2025-07-30T16:38:14.787+0800][40.612s][info][gc,start    ] GC(778) Pause Young (Normal) (G1 Evacuation Pause)
[2025-07-30T16:38:14.787+0800][40.612s][info][gc,task     ] GC(778) Using 1 workers of 1 for evacuation
[2025-07-30T16:38:14.802+0800][40.627s][info][gc,phases   ] GC(778)   Pre Evacuate Collection Set: 0.4ms
[2025-07-30T16:38:14.802+0800][40.627s][info][gc,phases   ] GC(778)   Merge Heap Roots: 0.1ms
[2025-07-30T16:38:14.802+0800][40.627s][info][gc,phases   ] GC(778)   Evacuate Collection Set: 13.9ms
[2025-07-30T16:38:14.802+0800][40.627s][info][gc,phases   ] GC(778)   Post Evacuate Collection Set: 0.6ms
[2025-07-30T16:38:14.802+0800][40.627s][info][gc,phases   ] GC(778)   Other: 0.1ms
[2025-07-30T16:38:14.802+0800][40.627s][info][gc,heap     ] GC(778) Eden regions: 1017->0(1019)
[2025-07-30T16:38:14.802+0800][40.627s][info][gc,heap     ] GC(778) Survivor regions: 146->145(146)
[2025-07-30T16:38:14.802+0800][40.627s][info][gc,heap     ] GC(778) Old regions: 561->561
[2025-07-30T16:38:14.802+0800][40.627s][info][gc,heap     ] GC(778) Humongous regions: 3->3
[2025-07-30T16:38:14.802+0800][40.627s][info][gc,metaspace] GC(778) Metaspace: 7200K(7488K)->7200K(7488K) NonClass: 6476K(6592K)->6476K(6592K) Class: 724K(896K)->724K(896K)
[2025-07-30T16:38:14.802+0800][40.627s][info][gc          ] GC(778) Pause Young (Normal) (G1 Evacuation Pause) 1726M->708M(2048M) 15.212ms
[2025-07-30T16:38:14.802+0800][40.627s][info][gc,cpu      ] GC(778) User=0.02s Sys=0.00s Real=0.02s
[2025-07-30T16:38:14.802+0800][40.627s][info][safepoint   ] Safepoint "G1CollectForAllocation", Time since last: 36595700 ns, Reaching safepoint: 2700 ns, Cleanup: 2800 ns, At safepoint: 15251600 ns, Total: 15257100 ns
[2025-07-30T16:38:14.839+0800][40.664s][info][gc,start    ] GC(779) Pause Young (Normal) (G1 Evacuation Pause)
[2025-07-30T16:38:14.839+0800][40.664s][info][gc,task     ] GC(779) Using 1 workers of 1 for evacuation
[2025-07-30T16:38:14.856+0800][40.682s][info][gc,phases   ] GC(779)   Pre Evacuate Collection Set: 0.4ms
[2025-07-30T16:38:14.856+0800][40.682s][info][gc,phases   ] GC(779)   Merge Heap Roots: 0.1ms
[2025-07-30T16:38:14.856+0800][40.682s][info][gc,phases   ] GC(779)   Evacuate Collection Set: 16.4ms
[2025-07-30T16:38:14.856+0800][40.682s][info][gc,phases   ] GC(779)   Post Evacuate Collection Set: 0.7ms
[2025-07-30T16:38:14.857+0800][40.682s][info][gc,phases   ] GC(779)   Other: 0.1ms
[2025-07-30T16:38:14.857+0800][40.682s][info][gc,heap     ] GC(779) Eden regions: 1019->0(1017)
[2025-07-30T16:38:14.857+0800][40.682s][info][gc,heap     ] GC(779) Survivor regions: 145->146(146)
[2025-07-30T16:38:14.857+0800][40.682s][info][gc,heap     ] GC(779) Old regions: 561->561
[2025-07-30T16:38:14.857+0800][40.682s][info][gc,heap     ] GC(779) Humongous regions: 3->3
[2025-07-30T16:38:14.857+0800][40.682s][info][gc,metaspace] GC(779) Metaspace: 7200K(7488K)->7200K(7488K) NonClass: 6476K(6592K)->6476K(6592K) Class: 724K(896K)->724K(896K)
[2025-07-30T16:38:14.857+0800][40.682s][info][gc          ] GC(779) Pause Young (Normal) (G1 Evacuation Pause) 1727M->709M(2048M) 17.896ms
[2025-07-30T16:38:14.857+0800][40.682s][info][gc,cpu      ] GC(779) User=0.02s Sys=0.00s Real=0.02s
[2025-07-30T16:38:14.857+0800][40.682s][info][safepoint   ] Safepoint "G1CollectForAllocation", Time since last: 36732200 ns, Reaching safepoint: 4300 ns, Cleanup: 4500 ns, At safepoint: 17945500 ns, Total: 17954300 ns
[2025-07-30T16:38:14.893+0800][40.719s][info][gc,start    ] GC(780) Pause Young (Normal) (G1 Evacuation Pause)
[2025-07-30T16:38:14.893+0800][40.719s][info][gc,task     ] GC(780) Using 1 workers of 1 for evacuation
[2025-07-30T16:38:14.908+0800][40.734s][info][gc,phases   ] GC(780)   Pre Evacuate Collection Set: 0.4ms
[2025-07-30T16:38:14.908+0800][40.734s][info][gc,phases   ] GC(780)   Merge Heap Roots: 0.1ms
[2025-07-30T16:38:14.908+0800][40.734s][info][gc,phases   ] GC(780)   Evacuate Collection Set: 13.8ms
[2025-07-30T16:38:14.908+0800][40.734s][info][gc,phases   ] GC(780)   Post Evacuate Collection Set: 0.7ms
[2025-07-30T16:38:14.908+0800][40.734s][info][gc,phases   ] GC(780)   Other: 0.1ms
[2025-07-30T16:38:14.908+0800][40.734s][info][gc,heap     ] GC(780) Eden regions: 1017->0(1019)
[2025-07-30T16:38:14.908+0800][40.734s][info][gc,heap     ] GC(780) Survivor regions: 146->145(146)
[2025-07-30T16:38:14.908+0800][40.734s][info][gc,heap     ] GC(780) Old regions: 561->561
[2025-07-30T16:38:14.908+0800][40.734s][info][gc,heap     ] GC(780) Humongous regions: 3->3
[2025-07-30T16:38:14.908+0800][40.734s][info][gc,metaspace] GC(780) Metaspace: 7200K(7488K)->7200K(7488K) NonClass: 6476K(6592K)->6476K(6592K) Class: 724K(896K)->724K(896K)
[2025-07-30T16:38:14.908+0800][40.734s][info][gc          ] GC(780) Pause Young (Normal) (G1 Evacuation Pause) 1726M->708M(2048M) 15.288ms
[2025-07-30T16:38:14.908+0800][40.734s][info][gc,cpu      ] GC(780) User=0.02s Sys=0.00s Real=0.02s
[2025-07-30T16:38:14.908+0800][40.734s][info][safepoint   ] Safepoint "G1CollectForAllocation", Time since last: 36458200 ns, Reaching safepoint: 3800 ns, Cleanup: 4400 ns, At safepoint: 15331900 ns, Total: 15340100 ns
[2025-07-30T16:38:14.945+0800][40.770s][info][gc,start    ] GC(781) Pause Young (Normal) (G1 Evacuation Pause)
[2025-07-30T16:38:14.945+0800][40.770s][info][gc,task     ] GC(781) Using 1 workers of 1 for evacuation
[2025-07-30T16:38:14.960+0800][40.785s][info][gc,phases   ] GC(781)   Pre Evacuate Collection Set: 0.3ms
[2025-07-30T16:38:14.960+0800][40.785s][info][gc,phases   ] GC(781)   Merge Heap Roots: 0.0ms
[2025-07-30T16:38:14.960+0800][40.785s][info][gc,phases   ] GC(781)   Evacuate Collection Set: 13.8ms
[2025-07-30T16:38:14.960+0800][40.785s][info][gc,phases   ] GC(781)   Post Evacuate Collection Set: 0.6ms
[2025-07-30T16:38:14.960+0800][40.785s][info][gc,phases   ] GC(781)   Other: 0.1ms
[2025-07-30T16:38:14.960+0800][40.785s][info][gc,heap     ] GC(781) Eden regions: 1019->0(1017)
[2025-07-30T16:38:14.960+0800][40.785s][info][gc,heap     ] GC(781) Survivor regions: 145->146(146)
[2025-07-30T16:38:14.960+0800][40.785s][info][gc,heap     ] GC(781) Old regions: 561->561
[2025-07-30T16:38:14.960+0800][40.785s][info][gc,heap     ] GC(781) Humongous regions: 3->3
[2025-07-30T16:38:14.960+0800][40.785s][info][gc,metaspace] GC(781) Metaspace: 7200K(7488K)->7200K(7488K) NonClass: 6476K(6592K)->6476K(6592K) Class: 724K(896K)->724K(896K)
[2025-07-30T16:38:14.960+0800][40.785s][info][gc          ] GC(781) Pause Young (Normal) (G1 Evacuation Pause) 1727M->709M(2048M) 15.008ms
[2025-07-30T16:38:14.960+0800][40.785s][info][gc,cpu      ] GC(781) User=0.02s Sys=0.00s Real=0.02s
[2025-07-30T16:38:14.960+0800][40.785s][info][safepoint   ] Safepoint "G1CollectForAllocation", Time since last: 36531300 ns, Reaching safepoint: 2700 ns, Cleanup: 4300 ns, At safepoint: 15048200 ns, Total: 15055200 ns
[2025-07-30T16:38:14.997+0800][40.822s][info][gc,start    ] GC(782) Pause Young (Normal) (G1 Evacuation Pause)
[2025-07-30T16:38:14.997+0800][40.822s][info][gc,task     ] GC(782) Using 1 workers of 1 for evacuation
[2025-07-30T16:38:15.011+0800][40.837s][info][gc,phases   ] GC(782)   Pre Evacuate Collection Set: 0.3ms
[2025-07-30T16:38:15.011+0800][40.837s][info][gc,phases   ] GC(782)   Merge Heap Roots: 0.0ms
[2025-07-30T16:38:15.011+0800][40.837s][info][gc,phases   ] GC(782)   Evacuate Collection Set: 14.0ms
[2025-07-30T16:38:15.011+0800][40.837s][info][gc,phases   ] GC(782)   Post Evacuate Collection Set: 0.6ms
[2025-07-30T16:38:15.011+0800][40.837s][info][gc,phases   ] GC(782)   Other: 0.1ms
[2025-07-30T16:38:15.011+0800][40.837s][info][gc,heap     ] GC(782) Eden regions: 1017->0(1017)
[2025-07-30T16:38:15.011+0800][40.837s][info][gc,heap     ] GC(782) Survivor regions: 146->146(146)
[2025-07-30T16:38:15.011+0800][40.837s][info][gc,heap     ] GC(782) Old regions: 561->561
[2025-07-30T16:38:15.011+0800][40.837s][info][gc,heap     ] GC(782) Humongous regions: 3->3
[2025-07-30T16:38:15.011+0800][40.837s][info][gc,metaspace] GC(782) Metaspace: 7200K(7488K)->7200K(7488K) NonClass: 6476K(6592K)->6476K(6592K) Class: 724K(896K)->724K(896K)
[2025-07-30T16:38:15.011+0800][40.837s][info][gc          ] GC(782) Pause Young (Normal) (G1 Evacuation Pause) 1726M->708M(2048M) 15.144ms
[2025-07-30T16:38:15.011+0800][40.837s][info][gc,cpu      ] GC(782) User=0.02s Sys=0.00s Real=0.01s
[2025-07-30T16:38:15.011+0800][40.837s][info][safepoint   ] Safepoint "G1CollectForAllocation", Time since last: 36506900 ns, Reaching safepoint: 1800 ns, Cleanup: 2900 ns, At safepoint: 15181500 ns, Total: 15186200 ns
[2025-07-30T16:38:15.048+0800][40.873s][info][gc,start    ] GC(783) Pause Young (Normal) (G1 Evacuation Pause)
[2025-07-30T16:38:15.048+0800][40.873s][info][gc,task     ] GC(783) Using 1 workers of 1 for evacuation
[2025-07-30T16:38:15.064+0800][40.889s][info][gc,phases   ] GC(783)   Pre Evacuate Collection Set: 0.3ms
[2025-07-30T16:38:15.064+0800][40.889s][info][gc,phases   ] GC(783)   Merge Heap Roots: 0.0ms
[2025-07-30T16:38:15.064+0800][40.889s][info][gc,phases   ] GC(783)   Evacuate Collection Set: 14.6ms
[2025-07-30T16:38:15.064+0800][40.889s][info][gc,phases   ] GC(783)   Post Evacuate Collection Set: 0.7ms
[2025-07-30T16:38:15.064+0800][40.889s][info][gc,phases   ] GC(783)   Other: 0.1ms
[2025-07-30T16:38:15.064+0800][40.889s][info][gc,heap     ] GC(783) Eden regions: 1017->0(1019)
[2025-07-30T16:38:15.064+0800][40.889s][info][gc,heap     ] GC(783) Survivor regions: 146->145(146)
[2025-07-30T16:38:15.064+0800][40.889s][info][gc,heap     ] GC(783) Old regions: 561->561
[2025-07-30T16:38:15.064+0800][40.889s][info][gc,heap     ] GC(783) Humongous regions: 3->3
[2025-07-30T16:38:15.064+0800][40.889s][info][gc,metaspace] GC(783) Metaspace: 7200K(7488K)->7200K(7488K) NonClass: 6476K(6592K)->6476K(6592K) Class: 724K(896K)->724K(896K)
[2025-07-30T16:38:15.064+0800][40.889s][info][gc          ] GC(783) Pause Young (Normal) (G1 Evacuation Pause) 1725M->707M(2048M) 15.923ms
[2025-07-30T16:38:15.064+0800][40.889s][info][gc,cpu      ] GC(783) User=0.02s Sys=0.00s Real=0.02s
[2025-07-30T16:38:15.064+0800][40.889s][info][safepoint   ] Safepoint "G1CollectForAllocation", Time since last: 36109400 ns, Reaching safepoint: 3000 ns, Cleanup: 3000 ns, At safepoint: 15961500 ns, Total: 15967500 ns
[2025-07-30T16:38:15.100+0800][40.926s][info][gc,start    ] GC(784) Pause Young (Normal) (G1 Evacuation Pause)
[2025-07-30T16:38:15.100+0800][40.926s][info][gc,task     ] GC(784) Using 1 workers of 1 for evacuation
[2025-07-30T16:38:15.116+0800][40.941s][info][gc,phases   ] GC(784)   Pre Evacuate Collection Set: 0.5ms
[2025-07-30T16:38:15.116+0800][40.941s][info][gc,phases   ] GC(784)   Merge Heap Roots: 0.1ms
[2025-07-30T16:38:15.116+0800][40.941s][info][gc,phases   ] GC(784)   Evacuate Collection Set: 13.8ms
[2025-07-30T16:38:15.116+0800][40.941s][info][gc,phases   ] GC(784)   Post Evacuate Collection Set: 0.7ms
[2025-07-30T16:38:15.116+0800][40.941s][info][gc,phases   ] GC(784)   Other: 0.1ms
[2025-07-30T16:38:15.116+0800][40.941s][info][gc,heap     ] GC(784) Eden regions: 1019->0(1018)
[2025-07-30T16:38:15.116+0800][40.941s][info][gc,heap     ] GC(784) Survivor regions: 145->146(146)
[2025-07-30T16:38:15.116+0800][40.941s][info][gc,heap     ] GC(784) Old regions: 561->561
[2025-07-30T16:38:15.116+0800][40.941s][info][gc,heap     ] GC(784) Humongous regions: 3->3
[2025-07-30T16:38:15.116+0800][40.941s][info][gc,metaspace] GC(784) Metaspace: 7200K(7488K)->7200K(7488K) NonClass: 6476K(6592K)->6476K(6592K) Class: 724K(896K)->724K(896K)
[2025-07-30T16:38:15.116+0800][40.941s][info][gc          ] GC(784) Pause Young (Normal) (G1 Evacuation Pause) 1726M->708M(2048M) 15.374ms
[2025-07-30T16:38:15.116+0800][40.941s][info][gc,cpu      ] GC(784) User=0.02s Sys=0.00s Real=0.02s
[2025-07-30T16:38:15.116+0800][40.942s][info][safepoint   ] Safepoint "G1CollectForAllocation", Time since last: 36890300 ns, Reaching safepoint: 4100 ns, Cleanup: 4700 ns, At safepoint: 15420400 ns, Total: 15429200 ns
[2025-07-30T16:38:15.153+0800][40.978s][info][gc,start    ] GC(785) Pause Young (Normal) (G1 Evacuation Pause)
[2025-07-30T16:38:15.153+0800][40.978s][info][gc,task     ] GC(785) Using 1 workers of 1 for evacuation
[2025-07-30T16:38:15.168+0800][40.994s][info][gc,phases   ] GC(785)   Pre Evacuate Collection Set: 0.4ms
[2025-07-30T16:38:15.168+0800][40.994s][info][gc,phases   ] GC(785)   Merge Heap Roots: 0.1ms
[2025-07-30T16:38:15.168+0800][40.994s][info][gc,phases   ] GC(785)   Evacuate Collection Set: 14.1ms
[2025-07-30T16:38:15.168+0800][40.994s][info][gc,phases   ] GC(785)   Post Evacuate Collection Set: 0.6ms
[2025-07-30T16:38:15.169+0800][40.994s][info][gc,phases   ] GC(785)   Other: 0.1ms
[2025-07-30T16:38:15.169+0800][40.994s][info][gc,heap     ] GC(785) Eden regions: 1018->0(1018)
[2025-07-30T16:38:15.169+0800][40.994s][info][gc,heap     ] GC(785) Survivor regions: 146->146(146)
[2025-07-30T16:38:15.169+0800][40.994s][info][gc,heap     ] GC(785) Old regions: 561->561
[2025-07-30T16:38:15.169+0800][40.994s][info][gc,heap     ] GC(785) Humongous regions: 3->3
[2025-07-30T16:38:15.169+0800][40.994s][info][gc,metaspace] GC(785) Metaspace: 7200K(7488K)->7200K(7488K) NonClass: 6476K(6592K)->6476K(6592K) Class: 724K(896K)->724K(896K)
[2025-07-30T16:38:15.169+0800][40.994s][info][gc          ] GC(785) Pause Young (Normal) (G1 Evacuation Pause) 1726M->708M(2048M) 15.421ms
[2025-07-30T16:38:15.169+0800][40.994s][info][gc,cpu      ] GC(785) User=0.02s Sys=0.00s Real=0.02s
[2025-07-30T16:38:15.169+0800][40.994s][info][safepoint   ] Safepoint "G1CollectForAllocation", Time since last: 36761100 ns, Reaching safepoint: 3300 ns, Cleanup: 3400 ns, At safepoint: 15463700 ns, Total: 15470400 ns
[2025-07-30T16:38:15.205+0800][41.030s][info][gc,start    ] GC(786) Pause Young (Normal) (G1 Evacuation Pause)
[2025-07-30T16:38:15.205+0800][41.030s][info][gc,task     ] GC(786) Using 1 workers of 1 for evacuation
[2025-07-30T16:38:15.220+0800][41.046s][info][gc,phases   ] GC(786)   Pre Evacuate Collection Set: 0.4ms
[2025-07-30T16:38:15.220+0800][41.046s][info][gc,phases   ] GC(786)   Merge Heap Roots: 0.1ms
[2025-07-30T16:38:15.220+0800][41.046s][info][gc,phases   ] GC(786)   Evacuate Collection Set: 14.3ms
[2025-07-30T16:38:15.220+0800][41.046s][info][gc,phases   ] GC(786)   Post Evacuate Collection Set: 0.7ms
[2025-07-30T16:38:15.220+0800][41.046s][info][gc,phases   ] GC(786)   Other: 0.1ms
[2025-07-30T16:38:15.220+0800][41.046s][info][gc,heap     ] GC(786) Eden regions: 1018->0(1017)
[2025-07-30T16:38:15.220+0800][41.046s][info][gc,heap     ] GC(786) Survivor regions: 146->146(146)
[2025-07-30T16:38:15.220+0800][41.046s][info][gc,heap     ] GC(786) Old regions: 561->561
[2025-07-30T16:38:15.220+0800][41.046s][info][gc,heap     ] GC(786) Humongous regions: 3->3
[2025-07-30T16:38:15.220+0800][41.046s][info][gc,metaspace] GC(786) Metaspace: 7200K(7488K)->7200K(7488K) NonClass: 6476K(6592K)->6476K(6592K) Class: 724K(896K)->724K(896K)
[2025-07-30T16:38:15.220+0800][41.046s][info][gc          ] GC(786) Pause Young (Normal) (G1 Evacuation Pause) 1726M->709M(2048M) 15.704ms
[2025-07-30T16:38:15.220+0800][41.046s][info][gc,cpu      ] GC(786) User=0.02s Sys=0.00s Real=0.02s
[2025-07-30T16:38:15.220+0800][41.046s][info][safepoint   ] Safepoint "G1CollectForAllocation", Time since last: 36554800 ns, Reaching safepoint: 3100 ns, Cleanup: 3500 ns, At safepoint: 15747600 ns, Total: 15754200 ns
[2025-07-30T16:38:15.257+0800][41.083s][info][gc,start    ] GC(787) Pause Young (Normal) (G1 Evacuation Pause)
[2025-07-30T16:38:15.257+0800][41.083s][info][gc,task     ] GC(787) Using 1 workers of 1 for evacuation
[2025-07-30T16:38:15.273+0800][41.099s][info][gc,phases   ] GC(787)   Pre Evacuate Collection Set: 0.4ms
[2025-07-30T16:38:15.273+0800][41.099s][info][gc,phases   ] GC(787)   Merge Heap Roots: 0.1ms
[2025-07-30T16:38:15.273+0800][41.099s][info][gc,phases   ] GC(787)   Evacuate Collection Set: 14.5ms
[2025-07-30T16:38:15.273+0800][41.099s][info][gc,phases   ] GC(787)   Post Evacuate Collection Set: 0.8ms
[2025-07-30T16:38:15.273+0800][41.099s][info][gc,phases   ] GC(787)   Other: 0.1ms
[2025-07-30T16:38:15.273+0800][41.099s][info][gc,heap     ] GC(787) Eden regions: 1017->0(1019)
[2025-07-30T16:38:15.273+0800][41.099s][info][gc,heap     ] GC(787) Survivor regions: 146->145(146)
[2025-07-30T16:38:15.273+0800][41.099s][info][gc,heap     ] GC(787) Old regions: 561->561
[2025-07-30T16:38:15.273+0800][41.099s][info][gc,heap     ] GC(787) Humongous regions: 3->3
[2025-07-30T16:38:15.273+0800][41.099s][info][gc,metaspace] GC(787) Metaspace: 7200K(7488K)->7200K(7488K) NonClass: 6476K(6592K)->6476K(6592K) Class: 724K(896K)->724K(896K)
[2025-07-30T16:38:15.273+0800][41.099s][info][gc          ] GC(787) Pause Young (Normal) (G1 Evacuation Pause) 1726M->708M(2048M) 16.096ms
[2025-07-30T16:38:15.273+0800][41.099s][info][gc,cpu      ] GC(787) User=0.02s Sys=0.00s Real=0.02s
[2025-07-30T16:38:15.273+0800][41.099s][info][safepoint   ] Safepoint "G1CollectForAllocation", Time since last: 36683600 ns, Reaching safepoint: 3800 ns, Cleanup: 4400 ns, At safepoint: 16137700 ns, Total: 16145900 ns
[2025-07-30T16:38:15.311+0800][41.136s][info][gc,start    ] GC(788) Pause Young (Normal) (G1 Evacuation Pause)
[2025-07-30T16:38:15.311+0800][41.136s][info][gc,task     ] GC(788) Using 1 workers of 1 for evacuation
[2025-07-30T16:38:15.326+0800][41.151s][info][gc,phases   ] GC(788)   Pre Evacuate Collection Set: 0.4ms
[2025-07-30T16:38:15.326+0800][41.151s][info][gc,phases   ] GC(788)   Merge Heap Roots: 0.1ms
[2025-07-30T16:38:15.326+0800][41.151s][info][gc,phases   ] GC(788)   Evacuate Collection Set: 14.2ms
[2025-07-30T16:38:15.326+0800][41.151s][info][gc,phases   ] GC(788)   Post Evacuate Collection Set: 0.7ms
[2025-07-30T16:38:15.326+0800][41.151s][info][gc,phases   ] GC(788)   Other: 0.1ms
[2025-07-30T16:38:15.326+0800][41.151s][info][gc,heap     ] GC(788) Eden regions: 1019->0(1017)
[2025-07-30T16:38:15.326+0800][41.151s][info][gc,heap     ] GC(788) Survivor regions: 145->146(146)
[2025-07-30T16:38:15.326+0800][41.151s][info][gc,heap     ] GC(788) Old regions: 561->561
[2025-07-30T16:38:15.326+0800][41.151s][info][gc,heap     ] GC(788) Humongous regions: 3->3
[2025-07-30T16:38:15.326+0800][41.151s][info][gc,metaspace] GC(788) Metaspace: 7200K(7488K)->7200K(7488K) NonClass: 6476K(6592K)->6476K(6592K) Class: 724K(896K)->724K(896K)
[2025-07-30T16:38:15.326+0800][41.151s][info][gc          ] GC(788) Pause Young (Normal) (G1 Evacuation Pause) 1727M->709M(2048M) 15.529ms
[2025-07-30T16:38:15.326+0800][41.151s][info][gc,cpu      ] GC(788) User=0.02s Sys=0.00s Real=0.01s
[2025-07-30T16:38:15.326+0800][41.151s][info][safepoint   ] Safepoint "G1CollectForAllocation", Time since last: 36979100 ns, Reaching safepoint: 2600 ns, Cleanup: 3400 ns, At safepoint: 15572500 ns, Total: 15578500 ns
[2025-07-30T16:38:15.363+0800][41.188s][info][gc,start    ] GC(789) Pause Young (Normal) (G1 Evacuation Pause)
[2025-07-30T16:38:15.363+0800][41.189s][info][gc,task     ] GC(789) Using 1 workers of 1 for evacuation
[2025-07-30T16:38:15.378+0800][41.204s][info][gc,phases   ] GC(789)   Pre Evacuate Collection Set: 0.3ms
[2025-07-30T16:38:15.378+0800][41.204s][info][gc,phases   ] GC(789)   Merge Heap Roots: 0.0ms
[2025-07-30T16:38:15.378+0800][41.204s][info][gc,phases   ] GC(789)   Evacuate Collection Set: 14.3ms
[2025-07-30T16:38:15.378+0800][41.204s][info][gc,phases   ] GC(789)   Post Evacuate Collection Set: 0.6ms
[2025-07-30T16:38:15.378+0800][41.204s][info][gc,phases   ] GC(789)   Other: 0.1ms
[2025-07-30T16:38:15.378+0800][41.204s][info][gc,heap     ] GC(789) Eden regions: 1017->0(1019)
[2025-07-30T16:38:15.378+0800][41.204s][info][gc,heap     ] GC(789) Survivor regions: 146->145(146)
[2025-07-30T16:38:15.378+0800][41.204s][info][gc,heap     ] GC(789) Old regions: 561->561
[2025-07-30T16:38:15.378+0800][41.204s][info][gc,heap     ] GC(789) Humongous regions: 3->3
[2025-07-30T16:38:15.378+0800][41.204s][info][gc,metaspace] GC(789) Metaspace: 7200K(7488K)->7200K(7488K) NonClass: 6476K(6592K)->6476K(6592K) Class: 724K(896K)->724K(896K)
[2025-07-30T16:38:15.378+0800][41.204s][info][gc          ] GC(789) Pause Young (Normal) (G1 Evacuation Pause) 1726M->708M(2048M) 15.616ms
[2025-07-30T16:38:15.378+0800][41.204s][info][gc,cpu      ] GC(789) User=0.02s Sys=0.02s Real=0.02s
[2025-07-30T16:38:15.378+0800][41.204s][info][safepoint   ] Safepoint "G1CollectForAllocation", Time since last: 36995600 ns, Reaching safepoint: 3000 ns, Cleanup: 3400 ns, At safepoint: 15656700 ns, Total: 15663100 ns
[2025-07-30T16:38:15.415+0800][41.241s][info][gc,start    ] GC(790) Pause Young (Normal) (G1 Evacuation Pause)
[2025-07-30T16:38:15.415+0800][41.241s][info][gc,task     ] GC(790) Using 1 workers of 1 for evacuation
[2025-07-30T16:38:15.431+0800][41.256s][info][gc,phases   ] GC(790)   Pre Evacuate Collection Set: 0.4ms
[2025-07-30T16:38:15.431+0800][41.256s][info][gc,phases   ] GC(790)   Merge Heap Roots: 0.1ms
[2025-07-30T16:38:15.431+0800][41.256s][info][gc,phases   ] GC(790)   Evacuate Collection Set: 13.9ms
[2025-07-30T16:38:15.431+0800][41.256s][info][gc,phases   ] GC(790)   Post Evacuate Collection Set: 0.7ms
[2025-07-30T16:38:15.431+0800][41.256s][info][gc,phases   ] GC(790)   Other: 0.1ms
[2025-07-30T16:38:15.431+0800][41.256s][info][gc,heap     ] GC(790) Eden regions: 1019->0(1017)
[2025-07-30T16:38:15.431+0800][41.256s][info][gc,heap     ] GC(790) Survivor regions: 145->146(146)
[2025-07-30T16:38:15.431+0800][41.256s][info][gc,heap     ] GC(790) Old regions: 561->561
[2025-07-30T16:38:15.431+0800][41.256s][info][gc,heap     ] GC(790) Humongous regions: 3->3
[2025-07-30T16:38:15.431+0800][41.256s][info][gc,metaspace] GC(790) Metaspace: 7201K(7552K)->7201K(7552K) NonClass: 6476K(6656K)->6476K(6656K) Class: 724K(896K)->724K(896K)
[2025-07-30T16:38:15.431+0800][41.256s][info][gc          ] GC(790) Pause Young (Normal) (G1 Evacuation Pause) 1727M->709M(2048M) 15.230ms
[2025-07-30T16:38:15.431+0800][41.256s][info][gc,cpu      ] GC(790) User=0.02s Sys=0.00s Real=0.02s
[2025-07-30T16:38:15.431+0800][41.256s][info][safepoint   ] Safepoint "G1CollectForAllocation", Time since last: 36684000 ns, Reaching safepoint: 3100 ns, Cleanup: 3100 ns, At safepoint: 15269500 ns, Total: 15275700 ns
[2025-07-30T16:38:15.468+0800][41.294s][info][gc,start    ] GC(791) Pause Young (Normal) (G1 Evacuation Pause)
[2025-07-30T16:38:15.468+0800][41.294s][info][gc,task     ] GC(791) Using 1 workers of 1 for evacuation
[2025-07-30T16:38:15.484+0800][41.310s][info][gc,phases   ] GC(791)   Pre Evacuate Collection Set: 0.4ms
[2025-07-30T16:38:15.484+0800][41.310s][info][gc,phases   ] GC(791)   Merge Heap Roots: 0.1ms
[2025-07-30T16:38:15.484+0800][41.310s][info][gc,phases   ] GC(791)   Evacuate Collection Set: 15.2ms
[2025-07-30T16:38:15.484+0800][41.310s][info][gc,phases   ] GC(791)   Post Evacuate Collection Set: 0.6ms
[2025-07-30T16:38:15.484+0800][41.310s][info][gc,phases   ] GC(791)   Other: 0.1ms
[2025-07-30T16:38:15.484+0800][41.310s][info][gc,heap     ] GC(791) Eden regions: 1017->0(1017)
[2025-07-30T16:38:15.484+0800][41.310s][info][gc,heap     ] GC(791) Survivor regions: 146->146(146)
[2025-07-30T16:38:15.484+0800][41.310s][info][gc,heap     ] GC(791) Old regions: 561->561
[2025-07-30T16:38:15.484+0800][41.310s][info][gc,heap     ] GC(791) Humongous regions: 3->3
[2025-07-30T16:38:15.484+0800][41.310s][info][gc,metaspace] GC(791) Metaspace: 7201K(7552K)->7201K(7552K) NonClass: 6476K(6656K)->6476K(6656K) Class: 724K(896K)->724K(896K)
[2025-07-30T16:38:15.484+0800][41.310s][info][gc          ] GC(791) Pause Young (Normal) (G1 Evacuation Pause) 1726M->708M(2048M) 16.585ms
[2025-07-30T16:38:15.484+0800][41.310s][info][gc,cpu      ] GC(791) User=0.03s Sys=0.00s Real=0.02s
[2025-07-30T16:38:15.484+0800][41.310s][info][safepoint   ] Safepoint "G1CollectForAllocation", Time since last: 37570900 ns, Reaching safepoint: 3300 ns, Cleanup: 4200 ns, At safepoint: 16629500 ns, Total: 16637000 ns
[2025-07-30T16:38:15.521+0800][41.347s][info][gc,start    ] GC(792) Pause Young (Normal) (G1 Evacuation Pause)
[2025-07-30T16:38:15.521+0800][41.347s][info][gc,task     ] GC(792) Using 1 workers of 1 for evacuation
[2025-07-30T16:38:15.536+0800][41.362s][info][gc,phases   ] GC(792)   Pre Evacuate Collection Set: 0.4ms
[2025-07-30T16:38:15.536+0800][41.362s][info][gc,phases   ] GC(792)   Merge Heap Roots: 0.1ms
[2025-07-30T16:38:15.536+0800][41.362s][info][gc,phases   ] GC(792)   Evacuate Collection Set: 13.6ms
[2025-07-30T16:38:15.536+0800][41.362s][info][gc,phases   ] GC(792)   Post Evacuate Collection Set: 0.6ms
[2025-07-30T16:38:15.537+0800][41.362s][info][gc,phases   ] GC(792)   Other: 0.1ms
[2025-07-30T16:38:15.537+0800][41.362s][info][gc,heap     ] GC(792) Eden regions: 1017->0(1019)
[2025-07-30T16:38:15.537+0800][41.362s][info][gc,heap     ] GC(792) Survivor regions: 146->145(146)
[2025-07-30T16:38:15.537+0800][41.362s][info][gc,heap     ] GC(792) Old regions: 561->561
[2025-07-30T16:38:15.537+0800][41.362s][info][gc,heap     ] GC(792) Humongous regions: 3->3
[2025-07-30T16:38:15.537+0800][41.362s][info][gc,metaspace] GC(792) Metaspace: 7201K(7552K)->7201K(7552K) NonClass: 6476K(6656K)->6476K(6656K) Class: 724K(896K)->724K(896K)
[2025-07-30T16:38:15.537+0800][41.362s][info][gc          ] GC(792) Pause Young (Normal) (G1 Evacuation Pause) 1725M->707M(2048M) 15.005ms
[2025-07-30T16:38:15.537+0800][41.362s][info][gc,cpu      ] GC(792) User=0.02s Sys=0.00s Real=0.02s
[2025-07-30T16:38:15.537+0800][41.362s][info][safepoint   ] Safepoint "G1CollectForAllocation", Time since last: 36649400 ns, Reaching safepoint: 2400 ns, Cleanup: 3000 ns, At safepoint: 15044800 ns, Total: 15050200 ns
[2025-07-30T16:38:15.573+0800][41.399s][info][gc,start    ] GC(793) Pause Young (Normal) (G1 Evacuation Pause)
[2025-07-30T16:38:15.573+0800][41.399s][info][gc,task     ] GC(793) Using 1 workers of 1 for evacuation
[2025-07-30T16:38:15.588+0800][41.414s][info][gc,phases   ] GC(793)   Pre Evacuate Collection Set: 0.3ms
[2025-07-30T16:38:15.588+0800][41.414s][info][gc,phases   ] GC(793)   Merge Heap Roots: 0.1ms
[2025-07-30T16:38:15.588+0800][41.414s][info][gc,phases   ] GC(793)   Evacuate Collection Set: 14.0ms
[2025-07-30T16:38:15.589+0800][41.414s][info][gc,phases   ] GC(793)   Post Evacuate Collection Set: 0.6ms
[2025-07-30T16:38:15.589+0800][41.414s][info][gc,phases   ] GC(793)   Other: 0.1ms
[2025-07-30T16:38:15.589+0800][41.414s][info][gc,heap     ] GC(793) Eden regions: 1019->0(1018)
[2025-07-30T16:38:15.589+0800][41.414s][info][gc,heap     ] GC(793) Survivor regions: 145->146(146)
[2025-07-30T16:38:15.589+0800][41.414s][info][gc,heap     ] GC(793) Old regions: 561->561
[2025-07-30T16:38:15.589+0800][41.414s][info][gc,heap     ] GC(793) Humongous regions: 3->3
[2025-07-30T16:38:15.589+0800][41.414s][info][gc,metaspace] GC(793) Metaspace: 7201K(7552K)->7201K(7552K) NonClass: 6476K(6656K)->6476K(6656K) Class: 724K(896K)->724K(896K)
[2025-07-30T16:38:15.589+0800][41.414s][info][gc          ] GC(793) Pause Young (Normal) (G1 Evacuation Pause) 1726M->708M(2048M) 15.297ms
[2025-07-30T16:38:15.589+0800][41.414s][info][gc,cpu      ] GC(793) User=0.02s Sys=0.00s Real=0.02s
[2025-07-30T16:38:15.589+0800][41.414s][info][safepoint   ] Safepoint "G1CollectForAllocation", Time since last: 36741800 ns, Reaching safepoint: 2300 ns, Cleanup: 2600 ns, At safepoint: 15334600 ns, Total: 15339500 ns
[2025-07-30T16:38:15.625+0800][41.450s][info][gc,start    ] GC(794) Pause Young (Normal) (G1 Evacuation Pause)
[2025-07-30T16:38:15.625+0800][41.450s][info][gc,task     ] GC(794) Using 1 workers of 1 for evacuation
[2025-07-30T16:38:15.640+0800][41.465s][info][gc,phases   ] GC(794)   Pre Evacuate Collection Set: 0.3ms
[2025-07-30T16:38:15.640+0800][41.465s][info][gc,phases   ] GC(794)   Merge Heap Roots: 0.1ms
[2025-07-30T16:38:15.640+0800][41.465s][info][gc,phases   ] GC(794)   Evacuate Collection Set: 13.6ms
[2025-07-30T16:38:15.640+0800][41.465s][info][gc,phases   ] GC(794)   Post Evacuate Collection Set: 0.6ms
[2025-07-30T16:38:15.640+0800][41.465s][info][gc,phases   ] GC(794)   Other: 0.1ms
[2025-07-30T16:38:15.640+0800][41.465s][info][gc,heap     ] GC(794) Eden regions: 1018->0(1018)
[2025-07-30T16:38:15.640+0800][41.465s][info][gc,heap     ] GC(794) Survivor regions: 146->146(146)
[2025-07-30T16:38:15.640+0800][41.465s][info][gc,heap     ] GC(794) Old regions: 561->561
[2025-07-30T16:38:15.640+0800][41.465s][info][gc,heap     ] GC(794) Humongous regions: 3->3
[2025-07-30T16:38:15.640+0800][41.465s][info][gc,metaspace] GC(794) Metaspace: 7201K(7552K)->7201K(7552K) NonClass: 6476K(6656K)->6476K(6656K) Class: 724K(896K)->724K(896K)
[2025-07-30T16:38:15.640+0800][41.465s][info][gc          ] GC(794) Pause Young (Normal) (G1 Evacuation Pause) 1726M->708M(2048M) 14.729ms
[2025-07-30T16:38:15.640+0800][41.465s][info][gc,cpu      ] GC(794) User=0.02s Sys=0.00s Real=0.02s
[2025-07-30T16:38:15.640+0800][41.465s][info][safepoint   ] Safepoint "G1CollectForAllocation", Time since last: 36085600 ns, Reaching safepoint: 1900 ns, Cleanup: 2800 ns, At safepoint: 14765100 ns, Total: 14769800 ns
[2025-07-30T16:38:15.676+0800][41.501s][info][gc,start    ] GC(795) Pause Young (Normal) (G1 Evacuation Pause)
[2025-07-30T16:38:15.676+0800][41.501s][info][gc,task     ] GC(795) Using 1 workers of 1 for evacuation
[2025-07-30T16:38:15.691+0800][41.517s][info][gc,phases   ] GC(795)   Pre Evacuate Collection Set: 0.3ms
[2025-07-30T16:38:15.691+0800][41.517s][info][gc,phases   ] GC(795)   Merge Heap Roots: 0.0ms
[2025-07-30T16:38:15.691+0800][41.517s][info][gc,phases   ] GC(795)   Evacuate Collection Set: 14.2ms
[2025-07-30T16:38:15.691+0800][41.517s][info][gc,phases   ] GC(795)   Post Evacuate Collection Set: 0.6ms
[2025-07-30T16:38:15.691+0800][41.517s][info][gc,phases   ] GC(795)   Other: 0.1ms
[2025-07-30T16:38:15.691+0800][41.517s][info][gc,heap     ] GC(795) Eden regions: 1018->0(1018)
[2025-07-30T16:38:15.692+0800][41.517s][info][gc,heap     ] GC(795) Survivor regions: 146->146(146)
[2025-07-30T16:38:15.692+0800][41.517s][info][gc,heap     ] GC(795) Old regions: 561->561
[2025-07-30T16:38:15.692+0800][41.517s][info][gc,heap     ] GC(795) Humongous regions: 3->3
[2025-07-30T16:38:15.692+0800][41.517s][info][gc,metaspace] GC(795) Metaspace: 7201K(7552K)->7201K(7552K) NonClass: 6476K(6656K)->6476K(6656K) Class: 724K(896K)->724K(896K)
[2025-07-30T16:38:15.692+0800][41.517s][info][gc          ] GC(795) Pause Young (Normal) (G1 Evacuation Pause) 1726M->708M(2048M) 15.432ms
[2025-07-30T16:38:15.692+0800][41.517s][info][gc,cpu      ] GC(795) User=0.02s Sys=0.00s Real=0.02s
[2025-07-30T16:38:15.692+0800][41.517s][info][safepoint   ] Safepoint "G1CollectForAllocation", Time since last: 36300300 ns, Reaching safepoint: 2300 ns, Cleanup: 3400 ns, At safepoint: 15470900 ns, Total: 15476600 ns
[2025-07-30T16:38:15.728+0800][41.553s][info][gc,start    ] GC(796) Pause Young (Normal) (G1 Evacuation Pause)
[2025-07-30T16:38:15.728+0800][41.553s][info][gc,task     ] GC(796) Using 1 workers of 1 for evacuation
[2025-07-30T16:38:15.742+0800][41.568s][info][gc,phases   ] GC(796)   Pre Evacuate Collection Set: 0.3ms
[2025-07-30T16:38:15.742+0800][41.568s][info][gc,phases   ] GC(796)   Merge Heap Roots: 0.0ms
[2025-07-30T16:38:15.742+0800][41.568s][info][gc,phases   ] GC(796)   Evacuate Collection Set: 14.0ms
[2025-07-30T16:38:15.742+0800][41.568s][info][gc,phases   ] GC(796)   Post Evacuate Collection Set: 0.6ms
[2025-07-30T16:38:15.742+0800][41.568s][info][gc,phases   ] GC(796)   Other: 0.1ms
[2025-07-30T16:38:15.742+0800][41.568s][info][gc,heap     ] GC(796) Eden regions: 1018->0(1017)
[2025-07-30T16:38:15.742+0800][41.568s][info][gc,heap     ] GC(796) Survivor regions: 146->146(146)
[2025-07-30T16:38:15.742+0800][41.568s][info][gc,heap     ] GC(796) Old regions: 561->561
[2025-07-30T16:38:15.742+0800][41.568s][info][gc,heap     ] GC(796) Humongous regions: 3->3
[2025-07-30T16:38:15.742+0800][41.568s][info][gc,metaspace] GC(796) Metaspace: 7201K(7552K)->7201K(7552K) NonClass: 6476K(6656K)->6476K(6656K) Class: 724K(896K)->724K(896K)
[2025-07-30T16:38:15.742+0800][41.568s][info][gc          ] GC(796) Pause Young (Normal) (G1 Evacuation Pause) 1726M->709M(2048M) 15.274ms
[2025-07-30T16:38:15.742+0800][41.568s][info][gc,cpu      ] GC(796) User=0.02s Sys=0.00s Real=0.01s
[2025-07-30T16:38:15.742+0800][41.568s][info][safepoint   ] Safepoint "G1CollectForAllocation", Time since last: 36203200 ns, Reaching safepoint: 2400 ns, Cleanup: 3200 ns, At safepoint: 15312900 ns, Total: 15318500 ns
[2025-07-30T16:38:15.779+0800][41.604s][info][gc,start    ] GC(797) Pause Young (Normal) (G1 Evacuation Pause)
[2025-07-30T16:38:15.779+0800][41.605s][info][gc,task     ] GC(797) Using 1 workers of 1 for evacuation
[2025-07-30T16:38:15.793+0800][41.619s][info][gc,phases   ] GC(797)   Pre Evacuate Collection Set: 0.3ms
[2025-07-30T16:38:15.793+0800][41.619s][info][gc,phases   ] GC(797)   Merge Heap Roots: 0.0ms
[2025-07-30T16:38:15.793+0800][41.619s][info][gc,phases   ] GC(797)   Evacuate Collection Set: 13.6ms
[2025-07-30T16:38:15.793+0800][41.619s][info][gc,phases   ] GC(797)   Post Evacuate Collection Set: 0.5ms
[2025-07-30T16:38:15.793+0800][41.619s][info][gc,phases   ] GC(797)   Other: 0.1ms
[2025-07-30T16:38:15.793+0800][41.619s][info][gc,heap     ] GC(797) Eden regions: 1017->0(1019)
[2025-07-30T16:38:15.793+0800][41.619s][info][gc,heap     ] GC(797) Survivor regions: 146->145(146)
[2025-07-30T16:38:15.793+0800][41.619s][info][gc,heap     ] GC(797) Old regions: 561->561
[2025-07-30T16:38:15.793+0800][41.619s][info][gc,heap     ] GC(797) Humongous regions: 3->3
[2025-07-30T16:38:15.793+0800][41.619s][info][gc,metaspace] GC(797) Metaspace: 7201K(7552K)->7201K(7552K) NonClass: 6476K(6656K)->6476K(6656K) Class: 724K(896K)->724K(896K)
[2025-07-30T16:38:15.793+0800][41.619s][info][gc          ] GC(797) Pause Young (Normal) (G1 Evacuation Pause) 1726M->708M(2048M) 14.703ms
[2025-07-30T16:38:15.794+0800][41.619s][info][gc,cpu      ] GC(797) User=0.02s Sys=0.00s Real=0.01s
[2025-07-30T16:38:15.794+0800][41.619s][info][safepoint   ] Safepoint "G1CollectForAllocation", Time since last: 36261400 ns, Reaching safepoint: 2000 ns, Cleanup: 2400 ns, At safepoint: 14739800 ns, Total: 14744200 ns
[2025-07-30T16:38:15.832+0800][41.657s][info][gc,start    ] GC(798) Pause Young (Normal) (G1 Evacuation Pause)
[2025-07-30T16:38:15.832+0800][41.657s][info][gc,task     ] GC(798) Using 1 workers of 1 for evacuation
[2025-07-30T16:38:15.846+0800][41.672s][info][gc,phases   ] GC(798)   Pre Evacuate Collection Set: 0.3ms
[2025-07-30T16:38:15.846+0800][41.672s][info][gc,phases   ] GC(798)   Merge Heap Roots: 0.1ms
[2025-07-30T16:38:15.846+0800][41.672s][info][gc,phases   ] GC(798)   Evacuate Collection Set: 13.9ms
[2025-07-30T16:38:15.846+0800][41.672s][info][gc,phases   ] GC(798)   Post Evacuate Collection Set: 0.7ms
[2025-07-30T16:38:15.846+0800][41.672s][info][gc,phases   ] GC(798)   Other: 0.1ms
[2025-07-30T16:38:15.846+0800][41.672s][info][gc,heap     ] GC(798) Eden regions: 1019->0(1017)
[2025-07-30T16:38:15.846+0800][41.672s][info][gc,heap     ] GC(798) Survivor regions: 145->146(146)
[2025-07-30T16:38:15.846+0800][41.672s][info][gc,heap     ] GC(798) Old regions: 561->561
[2025-07-30T16:38:15.846+0800][41.672s][info][gc,heap     ] GC(798) Humongous regions: 3->3
[2025-07-30T16:38:15.846+0800][41.672s][info][gc,metaspace] GC(798) Metaspace: 7201K(7552K)->7201K(7552K) NonClass: 6476K(6656K)->6476K(6656K) Class: 724K(896K)->724K(896K)
[2025-07-30T16:38:15.846+0800][41.672s][info][gc          ] GC(798) Pause Young (Normal) (G1 Evacuation Pause) 1727M->709M(2048M) 15.252ms
[2025-07-30T16:38:15.846+0800][41.672s][info][gc,cpu      ] GC(798) User=0.02s Sys=0.00s Real=0.01s
[2025-07-30T16:38:15.846+0800][41.672s][info][safepoint   ] Safepoint "G1CollectForAllocation", Time since last: 37397900 ns, Reaching safepoint: 2100 ns, Cleanup: 2500 ns, At safepoint: 15332900 ns, Total: 15337500 ns
[2025-07-30T16:38:15.883+0800][41.708s][info][gc,start    ] GC(799) Pause Young (Normal) (G1 Evacuation Pause)
[2025-07-30T16:38:15.883+0800][41.709s][info][gc,task     ] GC(799) Using 1 workers of 1 for evacuation
[2025-07-30T16:38:15.898+0800][41.723s][info][gc,phases   ] GC(799)   Pre Evacuate Collection Set: 0.3ms
[2025-07-30T16:38:15.898+0800][41.723s][info][gc,phases   ] GC(799)   Merge Heap Roots: 0.0ms
[2025-07-30T16:38:15.898+0800][41.723s][info][gc,phases   ] GC(799)   Evacuate Collection Set: 13.8ms
[2025-07-30T16:38:15.898+0800][41.723s][info][gc,phases   ] GC(799)   Post Evacuate Collection Set: 0.6ms
[2025-07-30T16:38:15.898+0800][41.723s][info][gc,phases   ] GC(799)   Other: 0.1ms
[2025-07-30T16:38:15.898+0800][41.723s][info][gc,heap     ] GC(799) Eden regions: 1017->0(1019)
[2025-07-30T16:38:15.898+0800][41.723s][info][gc,heap     ] GC(799) Survivor regions: 146->145(146)
[2025-07-30T16:38:15.898+0800][41.723s][info][gc,heap     ] GC(799) Old regions: 561->561
[2025-07-30T16:38:15.898+0800][41.723s][info][gc,heap     ] GC(799) Humongous regions: 3->3
[2025-07-30T16:38:15.898+0800][41.723s][info][gc,metaspace] GC(799) Metaspace: 7201K(7552K)->7201K(7552K) NonClass: 6476K(6656K)->6476K(6656K) Class: 724K(896K)->724K(896K)
[2025-07-30T16:38:15.898+0800][41.723s][info][gc          ] GC(799) Pause Young (Normal) (G1 Evacuation Pause) 1726M->708M(2048M) 14.935ms
[2025-07-30T16:38:15.898+0800][41.723s][info][gc,cpu      ] GC(799) User=0.02s Sys=0.00s Real=0.02s
[2025-07-30T16:38:15.898+0800][41.723s][info][safepoint   ] Safepoint "G1CollectForAllocation", Time since last: 36535800 ns, Reaching safepoint: 2200 ns, Cleanup: 2300 ns, At safepoint: 14971300 ns, Total: 14975800 ns
[2025-07-30T16:38:15.935+0800][41.760s][info][gc,start    ] GC(800) Pause Young (Normal) (G1 Evacuation Pause)
[2025-07-30T16:38:15.935+0800][41.760s][info][gc,task     ] GC(800) Using 1 workers of 1 for evacuation
[2025-07-30T16:38:15.950+0800][41.776s][info][gc,phases   ] GC(800)   Pre Evacuate Collection Set: 0.4ms
[2025-07-30T16:38:15.950+0800][41.776s][info][gc,phases   ] GC(800)   Merge Heap Roots: 0.1ms
[2025-07-30T16:38:15.950+0800][41.776s][info][gc,phases   ] GC(800)   Evacuate Collection Set: 14.8ms
[2025-07-30T16:38:15.950+0800][41.776s][info][gc,phases   ] GC(800)   Post Evacuate Collection Set: 0.7ms
[2025-07-30T16:38:15.950+0800][41.776s][info][gc,phases   ] GC(800)   Other: 0.1ms
[2025-07-30T16:38:15.950+0800][41.776s][info][gc,heap     ] GC(800) Eden regions: 1019->0(1017)
[2025-07-30T16:38:15.950+0800][41.776s][info][gc,heap     ] GC(800) Survivor regions: 145->146(146)
[2025-07-30T16:38:15.950+0800][41.776s][info][gc,heap     ] GC(800) Old regions: 561->561
[2025-07-30T16:38:15.950+0800][41.776s][info][gc,heap     ] GC(800) Humongous regions: 3->3
[2025-07-30T16:38:15.950+0800][41.776s][info][gc,metaspace] GC(800) Metaspace: 7201K(7552K)->7201K(7552K) NonClass: 6476K(6656K)->6476K(6656K) Class: 724K(896K)->724K(896K)
[2025-07-30T16:38:15.950+0800][41.776s][info][gc          ] GC(800) Pause Young (Normal) (G1 Evacuation Pause) 1727M->709M(2048M) 16.184ms
[2025-07-30T16:38:15.950+0800][41.776s][info][gc,cpu      ] GC(800) User=0.02s Sys=0.00s Real=0.02s
[2025-07-30T16:38:15.950+0800][41.776s][info][safepoint   ] Safepoint "G1CollectForAllocation", Time since last: 36178300 ns, Reaching safepoint: 2800 ns, Cleanup: 3900 ns, At safepoint: 16232800 ns, Total: 16239500 ns
[2025-07-30T16:38:15.987+0800][41.812s][info][gc,start    ] GC(801) Pause Young (Normal) (G1 Evacuation Pause)
[2025-07-30T16:38:15.987+0800][41.812s][info][gc,task     ] GC(801) Using 1 workers of 1 for evacuation
[2025-07-30T16:38:16.002+0800][41.827s][info][gc,phases   ] GC(801)   Pre Evacuate Collection Set: 0.4ms
[2025-07-30T16:38:16.002+0800][41.827s][info][gc,phases   ] GC(801)   Merge Heap Roots: 0.1ms
[2025-07-30T16:38:16.002+0800][41.827s][info][gc,phases   ] GC(801)   Evacuate Collection Set: 14.0ms
[2025-07-30T16:38:16.002+0800][41.827s][info][gc,phases   ] GC(801)   Post Evacuate Collection Set: 0.7ms
[2025-07-30T16:38:16.002+0800][41.827s][info][gc,phases   ] GC(801)   Other: 0.1ms
[2025-07-30T16:38:16.002+0800][41.827s][info][gc,heap     ] GC(801) Eden regions: 1017->0(1017)
[2025-07-30T16:38:16.002+0800][41.827s][info][gc,heap     ] GC(801) Survivor regions: 146->146(146)
[2025-07-30T16:38:16.002+0800][41.827s][info][gc,heap     ] GC(801) Old regions: 561->561
[2025-07-30T16:38:16.002+0800][41.827s][info][gc,heap     ] GC(801) Humongous regions: 3->3
[2025-07-30T16:38:16.002+0800][41.827s][info][gc,metaspace] GC(801) Metaspace: 7201K(7552K)->7201K(7552K) NonClass: 6476K(6656K)->6476K(6656K) Class: 724K(896K)->724K(896K)
[2025-07-30T16:38:16.002+0800][41.827s][info][gc          ] GC(801) Pause Young (Normal) (G1 Evacuation Pause) 1726M->708M(2048M) 15.556ms
[2025-07-30T16:38:16.002+0800][41.827s][info][gc,cpu      ] GC(801) User=0.02s Sys=0.00s Real=0.02s
[2025-07-30T16:38:16.002+0800][41.828s][info][safepoint   ] Safepoint "G1CollectForAllocation", Time since last: 36034500 ns, Reaching safepoint: 3700 ns, Cleanup: 3900 ns, At safepoint: 15603200 ns, Total: 15610800 ns
[2025-07-30T16:38:16.040+0800][41.866s][info][gc,start    ] GC(802) Pause Young (Normal) (G1 Evacuation Pause)
[2025-07-30T16:38:16.040+0800][41.866s][info][gc,task     ] GC(802) Using 1 workers of 1 for evacuation
[2025-07-30T16:38:16.056+0800][41.881s][info][gc,phases   ] GC(802)   Pre Evacuate Collection Set: 0.4ms
[2025-07-30T16:38:16.056+0800][41.881s][info][gc,phases   ] GC(802)   Merge Heap Roots: 0.1ms
[2025-07-30T16:38:16.056+0800][41.881s][info][gc,phases   ] GC(802)   Evacuate Collection Set: 13.6ms
[2025-07-30T16:38:16.056+0800][41.881s][info][gc,phases   ] GC(802)   Post Evacuate Collection Set: 0.7ms
[2025-07-30T16:38:16.056+0800][41.881s][info][gc,phases   ] GC(802)   Other: 0.1ms
[2025-07-30T16:38:16.056+0800][41.881s][info][gc,heap     ] GC(802) Eden regions: 1017->0(1019)
[2025-07-30T16:38:16.056+0800][41.881s][info][gc,heap     ] GC(802) Survivor regions: 146->145(146)
[2025-07-30T16:38:16.056+0800][41.881s][info][gc,heap     ] GC(802) Old regions: 561->561
[2025-07-30T16:38:16.056+0800][41.881s][info][gc,heap     ] GC(802) Humongous regions: 3->3
[2025-07-30T16:38:16.056+0800][41.881s][info][gc,metaspace] GC(802) Metaspace: 7201K(7552K)->7201K(7552K) NonClass: 6476K(6656K)->6476K(6656K) Class: 724K(896K)->724K(896K)
[2025-07-30T16:38:16.056+0800][41.881s][info][gc          ] GC(802) Pause Young (Normal) (G1 Evacuation Pause) 1725M->707M(2048M) 15.183ms
[2025-07-30T16:38:16.056+0800][41.881s][info][gc,cpu      ] GC(802) User=0.02s Sys=0.00s Real=0.02s
[2025-07-30T16:38:16.056+0800][41.881s][info][safepoint   ] Safepoint "G1CollectForAllocation", Time since last: 38483100 ns, Reaching safepoint: 2700 ns, Cleanup: 2900 ns, At safepoint: 15251700 ns, Total: 15257300 ns
[2025-07-30T16:38:16.092+0800][41.918s][info][gc,start    ] GC(803) Pause Young (Normal) (G1 Evacuation Pause)
[2025-07-30T16:38:16.092+0800][41.918s][info][gc,task     ] GC(803) Using 1 workers of 1 for evacuation
[2025-07-30T16:38:16.108+0800][41.933s][info][gc,phases   ] GC(803)   Pre Evacuate Collection Set: 0.6ms
[2025-07-30T16:38:16.108+0800][41.933s][info][gc,phases   ] GC(803)   Merge Heap Roots: 0.1ms
[2025-07-30T16:38:16.108+0800][41.933s][info][gc,phases   ] GC(803)   Evacuate Collection Set: 13.7ms
[2025-07-30T16:38:16.108+0800][41.933s][info][gc,phases   ] GC(803)   Post Evacuate Collection Set: 0.7ms
[2025-07-30T16:38:16.108+0800][41.933s][info][gc,phases   ] GC(803)   Other: 0.1ms
[2025-07-30T16:38:16.108+0800][41.933s][info][gc,heap     ] GC(803) Eden regions: 1019->0(1018)
[2025-07-30T16:38:16.108+0800][41.933s][info][gc,heap     ] GC(803) Survivor regions: 145->146(146)
[2025-07-30T16:38:16.108+0800][41.933s][info][gc,heap     ] GC(803) Old regions: 561->561
[2025-07-30T16:38:16.108+0800][41.933s][info][gc,heap     ] GC(803) Humongous regions: 3->3
[2025-07-30T16:38:16.108+0800][41.933s][info][gc,metaspace] GC(803) Metaspace: 7201K(7552K)->7201K(7552K) NonClass: 6476K(6656K)->6476K(6656K) Class: 724K(896K)->724K(896K)
[2025-07-30T16:38:16.108+0800][41.933s][info][gc          ] GC(803) Pause Young (Normal) (G1 Evacuation Pause) 1726M->708M(2048M) 15.363ms
[2025-07-30T16:38:16.108+0800][41.933s][info][gc,cpu      ] GC(803) User=0.02s Sys=0.00s Real=0.02s
[2025-07-30T16:38:16.108+0800][41.933s][info][safepoint   ] Safepoint "G1CollectForAllocation", Time since last: 36712400 ns, Reaching safepoint: 3400 ns, Cleanup: 4400 ns, At safepoint: 15409900 ns, Total: 15417700 ns
[2025-07-30T16:38:16.145+0800][41.970s][info][gc,start    ] GC(804) Pause Young (Normal) (G1 Evacuation Pause)
[2025-07-30T16:38:16.145+0800][41.970s][info][gc,task     ] GC(804) Using 1 workers of 1 for evacuation
[2025-07-30T16:38:16.160+0800][41.985s][info][gc,phases   ] GC(804)   Pre Evacuate Collection Set: 0.4ms
[2025-07-30T16:38:16.160+0800][41.985s][info][gc,phases   ] GC(804)   Merge Heap Roots: 0.1ms
[2025-07-30T16:38:16.160+0800][41.985s][info][gc,phases   ] GC(804)   Evacuate Collection Set: 14.0ms
[2025-07-30T16:38:16.160+0800][41.985s][info][gc,phases   ] GC(804)   Post Evacuate Collection Set: 0.7ms
[2025-07-30T16:38:16.160+0800][41.985s][info][gc,phases   ] GC(804)   Other: 0.1ms
[2025-07-30T16:38:16.160+0800][41.985s][info][gc,heap     ] GC(804) Eden regions: 1018->0(1017)
[2025-07-30T16:38:16.160+0800][41.985s][info][gc,heap     ] GC(804) Survivor regions: 146->146(146)
[2025-07-30T16:38:16.160+0800][41.985s][info][gc,heap     ] GC(804) Old regions: 561->561
[2025-07-30T16:38:16.160+0800][41.985s][info][gc,heap     ] GC(804) Humongous regions: 3->3
[2025-07-30T16:38:16.160+0800][41.985s][info][gc,metaspace] GC(804) Metaspace: 7201K(7552K)->7201K(7552K) NonClass: 6476K(6656K)->6476K(6656K) Class: 724K(896K)->724K(896K)
[2025-07-30T16:38:16.160+0800][41.986s][info][gc          ] GC(804) Pause Young (Normal) (G1 Evacuation Pause) 1726M->708M(2048M) 15.472ms
[2025-07-30T16:38:16.160+0800][41.986s][info][gc,cpu      ] GC(804) User=0.02s Sys=0.00s Real=0.02s
[2025-07-30T16:38:16.160+0800][41.986s][info][safepoint   ] Safepoint "G1CollectForAllocation", Time since last: 36636600 ns, Reaching safepoint: 2900 ns, Cleanup: 3000 ns, At safepoint: 15516500 ns, Total: 15522400 ns
[2025-07-30T16:38:16.197+0800][42.022s][info][gc,start    ] GC(805) Pause Young (Normal) (G1 Evacuation Pause)
[2025-07-30T16:38:16.197+0800][42.022s][info][gc,task     ] GC(805) Using 1 workers of 1 for evacuation
[2025-07-30T16:38:16.213+0800][42.038s][info][gc,phases   ] GC(805)   Pre Evacuate Collection Set: 0.4ms
[2025-07-30T16:38:16.213+0800][42.038s][info][gc,phases   ] GC(805)   Merge Heap Roots: 0.1ms
[2025-07-30T16:38:16.213+0800][42.038s][info][gc,phases   ] GC(805)   Evacuate Collection Set: 14.4ms
[2025-07-30T16:38:16.213+0800][42.038s][info][gc,phases   ] GC(805)   Post Evacuate Collection Set: 0.7ms
[2025-07-30T16:38:16.213+0800][42.038s][info][gc,phases   ] GC(805)   Other: 0.1ms
[2025-07-30T16:38:16.213+0800][42.038s][info][gc,heap     ] GC(805) Eden regions: 1017->0(1019)
[2025-07-30T16:38:16.213+0800][42.038s][info][gc,heap     ] GC(805) Survivor regions: 146->145(146)
[2025-07-30T16:38:16.213+0800][42.038s][info][gc,heap     ] GC(805) Old regions: 561->561
[2025-07-30T16:38:16.213+0800][42.038s][info][gc,heap     ] GC(805) Humongous regions: 3->3
[2025-07-30T16:38:16.213+0800][42.038s][info][gc,metaspace] GC(805) Metaspace: 7201K(7552K)->7201K(7552K) NonClass: 6476K(6656K)->6476K(6656K) Class: 724K(896K)->724K(896K)
[2025-07-30T16:38:16.213+0800][42.038s][info][gc          ] GC(805) Pause Young (Normal) (G1 Evacuation Pause) 1725M->708M(2048M) 15.860ms
[2025-07-30T16:38:16.213+0800][42.038s][info][gc,cpu      ] GC(805) User=0.02s Sys=0.00s Real=0.02s
[2025-07-30T16:38:16.213+0800][42.038s][info][safepoint   ] Safepoint "G1CollectForAllocation", Time since last: 36819400 ns, Reaching safepoint: 3400 ns, Cleanup: 4200 ns, At safepoint: 15904700 ns, Total: 15912300 ns
[2025-07-30T16:38:16.249+0800][42.075s][info][gc,start    ] GC(806) Pause Young (Normal) (G1 Evacuation Pause)
[2025-07-30T16:38:16.249+0800][42.075s][info][gc,task     ] GC(806) Using 1 workers of 1 for evacuation
[2025-07-30T16:38:16.265+0800][42.091s][info][gc,phases   ] GC(806)   Pre Evacuate Collection Set: 0.4ms
[2025-07-30T16:38:16.265+0800][42.091s][info][gc,phases   ] GC(806)   Merge Heap Roots: 0.1ms
[2025-07-30T16:38:16.265+0800][42.091s][info][gc,phases   ] GC(806)   Evacuate Collection Set: 14.3ms
[2025-07-30T16:38:16.265+0800][42.091s][info][gc,phases   ] GC(806)   Post Evacuate Collection Set: 0.7ms
[2025-07-30T16:38:16.265+0800][42.091s][info][gc,phases   ] GC(806)   Other: 0.1ms
[2025-07-30T16:38:16.265+0800][42.091s][info][gc,heap     ] GC(806) Eden regions: 1019->0(1017)
[2025-07-30T16:38:16.265+0800][42.091s][info][gc,heap     ] GC(806) Survivor regions: 145->146(146)
[2025-07-30T16:38:16.265+0800][42.091s][info][gc,heap     ] GC(806) Old regions: 561->561
[2025-07-30T16:38:16.265+0800][42.091s][info][gc,heap     ] GC(806) Humongous regions: 3->3
[2025-07-30T16:38:16.265+0800][42.091s][info][gc,metaspace] GC(806) Metaspace: 7201K(7552K)->7201K(7552K) NonClass: 6476K(6656K)->6476K(6656K) Class: 724K(896K)->724K(896K)
[2025-07-30T16:38:16.265+0800][42.091s][info][gc          ] GC(806) Pause Young (Normal) (G1 Evacuation Pause) 1727M->709M(2048M) 15.687ms
[2025-07-30T16:38:16.265+0800][42.091s][info][gc,cpu      ] GC(806) User=0.02s Sys=0.00s Real=0.02s
[2025-07-30T16:38:16.265+0800][42.091s][info][safepoint   ] Safepoint "G1CollectForAllocation", Time since last: 36830000 ns, Reaching safepoint: 2400 ns, Cleanup: 3400 ns, At safepoint: 15728400 ns, Total: 15734200 ns
[2025-07-30T16:38:16.303+0800][42.128s][info][gc,start    ] GC(807) Pause Young (Normal) (G1 Evacuation Pause)
[2025-07-30T16:38:16.303+0800][42.128s][info][gc,task     ] GC(807) Using 1 workers of 1 for evacuation
[2025-07-30T16:38:16.317+0800][42.143s][info][gc,phases   ] GC(807)   Pre Evacuate Collection Set: 0.4ms
[2025-07-30T16:38:16.317+0800][42.143s][info][gc,phases   ] GC(807)   Merge Heap Roots: 0.1ms
[2025-07-30T16:38:16.317+0800][42.143s][info][gc,phases   ] GC(807)   Evacuate Collection Set: 13.9ms
[2025-07-30T16:38:16.317+0800][42.143s][info][gc,phases   ] GC(807)   Post Evacuate Collection Set: 0.7ms
[2025-07-30T16:38:16.317+0800][42.143s][info][gc,phases   ] GC(807)   Other: 0.1ms
[2025-07-30T16:38:16.317+0800][42.143s][info][gc,heap     ] GC(807) Eden regions: 1017->0(1019)
[2025-07-30T16:38:16.317+0800][42.143s][info][gc,heap     ] GC(807) Survivor regions: 146->145(146)
[2025-07-30T16:38:16.317+0800][42.143s][info][gc,heap     ] GC(807) Old regions: 561->561
[2025-07-30T16:38:16.317+0800][42.143s][info][gc,heap     ] GC(807) Humongous regions: 3->3
[2025-07-30T16:38:16.318+0800][42.143s][info][gc,metaspace] GC(807) Metaspace: 7201K(7552K)->7201K(7552K) NonClass: 6476K(6656K)->6476K(6656K) Class: 724K(896K)->724K(896K)
[2025-07-30T16:38:16.318+0800][42.143s][info][gc          ] GC(807) Pause Young (Normal) (G1 Evacuation Pause) 1726M->708M(2048M) 15.292ms
[2025-07-30T16:38:16.318+0800][42.143s][info][gc,cpu      ] GC(807) User=0.02s Sys=0.00s Real=0.02s
[2025-07-30T16:38:16.318+0800][42.143s][info][safepoint   ] Safepoint "G1CollectForAllocation", Time since last: 37295900 ns, Reaching safepoint: 3700 ns, Cleanup: 4000 ns, At safepoint: 15338000 ns, Total: 15345700 ns
[2025-07-30T16:38:16.355+0800][42.181s][info][gc,start    ] GC(808) Pause Young (Normal) (G1 Evacuation Pause)
[2025-07-30T16:38:16.355+0800][42.181s][info][gc,task     ] GC(808) Using 1 workers of 1 for evacuation
[2025-07-30T16:38:16.370+0800][42.196s][info][gc,phases   ] GC(808)   Pre Evacuate Collection Set: 0.4ms
[2025-07-30T16:38:16.370+0800][42.196s][info][gc,phases   ] GC(808)   Merge Heap Roots: 0.1ms
[2025-07-30T16:38:16.370+0800][42.196s][info][gc,phases   ] GC(808)   Evacuate Collection Set: 14.1ms
[2025-07-30T16:38:16.370+0800][42.196s][info][gc,phases   ] GC(808)   Post Evacuate Collection Set: 0.6ms
[2025-07-30T16:38:16.370+0800][42.196s][info][gc,phases   ] GC(808)   Other: 0.1ms
[2025-07-30T16:38:16.370+0800][42.196s][info][gc,heap     ] GC(808) Eden regions: 1019->0(1017)
[2025-07-30T16:38:16.370+0800][42.196s][info][gc,heap     ] GC(808) Survivor regions: 145->146(146)
[2025-07-30T16:38:16.370+0800][42.196s][info][gc,heap     ] GC(808) Old regions: 561->561
[2025-07-30T16:38:16.370+0800][42.196s][info][gc,heap     ] GC(808) Humongous regions: 3->3
[2025-07-30T16:38:16.370+0800][42.196s][info][gc,metaspace] GC(808) Metaspace: 7201K(7552K)->7201K(7552K) NonClass: 6476K(6656K)->6476K(6656K) Class: 724K(896K)->724K(896K)
[2025-07-30T16:38:16.370+0800][42.196s][info][gc          ] GC(808) Pause Young (Normal) (G1 Evacuation Pause) 1727M->709M(2048M) 15.405ms
[2025-07-30T16:38:16.370+0800][42.196s][info][gc,cpu      ] GC(808) User=0.02s Sys=0.00s Real=0.01s
[2025-07-30T16:38:16.370+0800][42.196s][info][safepoint   ] Safepoint "G1CollectForAllocation", Time since last: 37153200 ns, Reaching safepoint: 2500 ns, Cleanup: 3500 ns, At safepoint: 15444200 ns, Total: 15450200 ns
[2025-07-30T16:38:16.409+0800][42.234s][info][gc,start    ] GC(809) Pause Young (Normal) (G1 Evacuation Pause)
[2025-07-30T16:38:16.409+0800][42.234s][info][gc,task     ] GC(809) Using 1 workers of 1 for evacuation
[2025-07-30T16:38:16.423+0800][42.249s][info][gc,phases   ] GC(809)   Pre Evacuate Collection Set: 0.4ms
[2025-07-30T16:38:16.423+0800][42.249s][info][gc,phases   ] GC(809)   Merge Heap Roots: 0.1ms
[2025-07-30T16:38:16.423+0800][42.249s][info][gc,phases   ] GC(809)   Evacuate Collection Set: 14.2ms
[2025-07-30T16:38:16.423+0800][42.249s][info][gc,phases   ] GC(809)   Post Evacuate Collection Set: 0.7ms
[2025-07-30T16:38:16.423+0800][42.249s][info][gc,phases   ] GC(809)   Other: 0.1ms
[2025-07-30T16:38:16.424+0800][42.249s][info][gc,heap     ] GC(809) Eden regions: 1017->0(1019)
[2025-07-30T16:38:16.424+0800][42.249s][info][gc,heap     ] GC(809) Survivor regions: 146->145(146)
[2025-07-30T16:38:16.424+0800][42.249s][info][gc,heap     ] GC(809) Old regions: 561->561
[2025-07-30T16:38:16.424+0800][42.249s][info][gc,heap     ] GC(809) Humongous regions: 3->3
[2025-07-30T16:38:16.424+0800][42.249s][info][gc,metaspace] GC(809) Metaspace: 7206K(7552K)->7206K(7552K) NonClass: 6482K(6656K)->6482K(6656K) Class: 724K(896K)->724K(896K)
[2025-07-30T16:38:16.424+0800][42.249s][info][gc          ] GC(809) Pause Young (Normal) (G1 Evacuation Pause) 1726M->708M(2048M) 15.536ms
[2025-07-30T16:38:16.424+0800][42.249s][info][gc,cpu      ] GC(809) User=0.02s Sys=0.02s Real=0.02s
[2025-07-30T16:38:16.424+0800][42.249s][info][safepoint   ] Safepoint "G1CollectForAllocation", Time since last: 37588000 ns, Reaching safepoint: 3000 ns, Cleanup: 6600 ns, At safepoint: 15575200 ns, Total: 15584800 ns
[2025-07-30T16:38:16.460+0800][42.286s][info][gc,start    ] GC(810) Pause Young (Normal) (G1 Evacuation Pause)
[2025-07-30T16:38:16.460+0800][42.286s][info][gc,task     ] GC(810) Using 1 workers of 1 for evacuation
[2025-07-30T16:38:16.476+0800][42.302s][info][gc,phases   ] GC(810)   Pre Evacuate Collection Set: 0.4ms
[2025-07-30T16:38:16.476+0800][42.302s][info][gc,phases   ] GC(810)   Merge Heap Roots: 0.1ms
[2025-07-30T16:38:16.476+0800][42.302s][info][gc,phases   ] GC(810)   Evacuate Collection Set: 14.5ms
[2025-07-30T16:38:16.476+0800][42.302s][info][gc,phases   ] GC(810)   Post Evacuate Collection Set: 0.7ms
[2025-07-30T16:38:16.476+0800][42.302s][info][gc,phases   ] GC(810)   Other: 0.1ms
[2025-07-30T16:38:16.476+0800][42.302s][info][gc,heap     ] GC(810) Eden regions: 1019->0(1017)
[2025-07-30T16:38:16.476+0800][42.302s][info][gc,heap     ] GC(810) Survivor regions: 145->146(146)
[2025-07-30T16:38:16.476+0800][42.302s][info][gc,heap     ] GC(810) Old regions: 561->561
[2025-07-30T16:38:16.476+0800][42.302s][info][gc,heap     ] GC(810) Humongous regions: 3->3
[2025-07-30T16:38:16.476+0800][42.302s][info][gc,metaspace] GC(810) Metaspace: 7212K(7552K)->7212K(7552K) NonClass: 6488K(6656K)->6488K(6656K) Class: 724K(896K)->724K(896K)
[2025-07-30T16:38:16.476+0800][42.302s][info][gc          ] GC(810) Pause Young (Normal) (G1 Evacuation Pause) 1727M->709M(2048M) 15.876ms
[2025-07-30T16:38:16.476+0800][42.302s][info][gc,cpu      ] GC(810) User=0.02s Sys=0.00s Real=0.02s
[2025-07-30T16:38:16.476+0800][42.302s][info][safepoint   ] Safepoint "G1CollectForAllocation", Time since last: 36530300 ns, Reaching safepoint: 2600 ns, Cleanup: 3500 ns, At safepoint: 15920900 ns, Total: 15927000 ns
[2025-07-30T16:38:16.513+0800][42.339s][info][gc,start    ] GC(811) Pause Young (Normal) (G1 Evacuation Pause)
[2025-07-30T16:38:16.513+0800][42.339s][info][gc,task     ] GC(811) Using 1 workers of 1 for evacuation
[2025-07-30T16:38:16.529+0800][42.354s][info][gc,phases   ] GC(811)   Pre Evacuate Collection Set: 0.4ms
[2025-07-30T16:38:16.529+0800][42.354s][info][gc,phases   ] GC(811)   Merge Heap Roots: 0.1ms
[2025-07-30T16:38:16.529+0800][42.354s][info][gc,phases   ] GC(811)   Evacuate Collection Set: 14.0ms
[2025-07-30T16:38:16.529+0800][42.354s][info][gc,phases   ] GC(811)   Post Evacuate Collection Set: 0.8ms
[2025-07-30T16:38:16.529+0800][42.354s][info][gc,phases   ] GC(811)   Other: 0.1ms
[2025-07-30T16:38:16.529+0800][42.354s][info][gc,heap     ] GC(811) Eden regions: 1017->0(1017)
[2025-07-30T16:38:16.529+0800][42.354s][info][gc,heap     ] GC(811) Survivor regions: 146->146(146)
[2025-07-30T16:38:16.529+0800][42.354s][info][gc,heap     ] GC(811) Old regions: 561->561
[2025-07-30T16:38:16.529+0800][42.354s][info][gc,heap     ] GC(811) Humongous regions: 3->3
[2025-07-30T16:38:16.529+0800][42.354s][info][gc,metaspace] GC(811) Metaspace: 7212K(7552K)->7212K(7552K) NonClass: 6488K(6656K)->6488K(6656K) Class: 724K(896K)->724K(896K)
[2025-07-30T16:38:16.529+0800][42.354s][info][gc          ] GC(811) Pause Young (Normal) (G1 Evacuation Pause) 1726M->708M(2048M) 15.556ms
[2025-07-30T16:38:16.529+0800][42.355s][info][gc,cpu      ] GC(811) User=0.02s Sys=0.00s Real=0.02s
[2025-07-30T16:38:16.529+0800][42.355s][info][safepoint   ] Safepoint "G1CollectForAllocation", Time since last: 37203700 ns, Reaching safepoint: 3400 ns, Cleanup: 3700 ns, At safepoint: 15600600 ns, Total: 15607700 ns
[2025-07-30T16:38:16.565+0800][42.391s][info][gc,start    ] GC(812) Pause Young (Normal) (G1 Evacuation Pause)
[2025-07-30T16:38:16.565+0800][42.391s][info][gc,task     ] GC(812) Using 1 workers of 1 for evacuation
[2025-07-30T16:38:16.581+0800][42.406s][info][gc,phases   ] GC(812)   Pre Evacuate Collection Set: 0.5ms
[2025-07-30T16:38:16.581+0800][42.406s][info][gc,phases   ] GC(812)   Merge Heap Roots: 0.1ms
[2025-07-30T16:38:16.581+0800][42.406s][info][gc,phases   ] GC(812)   Evacuate Collection Set: 14.0ms
[2025-07-30T16:38:16.581+0800][42.406s][info][gc,phases   ] GC(812)   Post Evacuate Collection Set: 0.7ms
[2025-07-30T16:38:16.581+0800][42.406s][info][gc,phases   ] GC(812)   Other: 0.1ms
[2025-07-30T16:38:16.581+0800][42.406s][info][gc,heap     ] GC(812) Eden regions: 1017->0(1019)
[2025-07-30T16:38:16.581+0800][42.406s][info][gc,heap     ] GC(812) Survivor regions: 146->145(146)
[2025-07-30T16:38:16.581+0800][42.406s][info][gc,heap     ] GC(812) Old regions: 561->561
[2025-07-30T16:38:16.581+0800][42.406s][info][gc,heap     ] GC(812) Humongous regions: 3->3
[2025-07-30T16:38:16.581+0800][42.406s][info][gc,metaspace] GC(812) Metaspace: 7212K(7552K)->7212K(7552K) NonClass: 6488K(6656K)->6488K(6656K) Class: 724K(896K)->724K(896K)
[2025-07-30T16:38:16.581+0800][42.406s][info][gc          ] GC(812) Pause Young (Normal) (G1 Evacuation Pause) 1725M->707M(2048M) 15.551ms
[2025-07-30T16:38:16.581+0800][42.406s][info][gc,cpu      ] GC(812) User=0.02s Sys=0.00s Real=0.02s
[2025-07-30T16:38:16.581+0800][42.406s][info][safepoint   ] Safepoint "G1CollectForAllocation", Time since last: 36053000 ns, Reaching safepoint: 4100 ns, Cleanup: 4800 ns, At safepoint: 15596700 ns, Total: 15605600 ns
[2025-07-30T16:38:16.618+0800][42.443s][info][gc,start    ] GC(813) Pause Young (Normal) (G1 Evacuation Pause)
[2025-07-30T16:38:16.618+0800][42.443s][info][gc,task     ] GC(813) Using 1 workers of 1 for evacuation
[2025-07-30T16:38:16.639+0800][42.464s][info][gc,phases   ] GC(813)   Pre Evacuate Collection Set: 0.3ms
[2025-07-30T16:38:16.639+0800][42.464s][info][gc,phases   ] GC(813)   Merge Heap Roots: 0.1ms
[2025-07-30T16:38:16.639+0800][42.464s][info][gc,phases   ] GC(813)   Evacuate Collection Set: 19.4ms
[2025-07-30T16:38:16.639+0800][42.464s][info][gc,phases   ] GC(813)   Post Evacuate Collection Set: 0.8ms
[2025-07-30T16:38:16.639+0800][42.464s][info][gc,phases   ] GC(813)   Other: 0.1ms
[2025-07-30T16:38:16.639+0800][42.464s][info][gc,heap     ] GC(813) Eden regions: 1019->0(1018)
[2025-07-30T16:38:16.639+0800][42.464s][info][gc,heap     ] GC(813) Survivor regions: 145->146(146)
[2025-07-30T16:38:16.639+0800][42.464s][info][gc,heap     ] GC(813) Old regions: 561->561
[2025-07-30T16:38:16.639+0800][42.464s][info][gc,heap     ] GC(813) Humongous regions: 3->3
[2025-07-30T16:38:16.639+0800][42.464s][info][gc,metaspace] GC(813) Metaspace: 7212K(7552K)->7212K(7552K) NonClass: 6488K(6656K)->6488K(6656K) Class: 724K(896K)->724K(896K)
[2025-07-30T16:38:16.639+0800][42.464s][info][gc          ] GC(813) Pause Young (Normal) (G1 Evacuation Pause) 1726M->708M(2048M) 20.917ms
[2025-07-30T16:38:16.639+0800][42.464s][info][gc,cpu      ] GC(813) User=0.02s Sys=0.00s Real=0.02s
[2025-07-30T16:38:16.639+0800][42.464s][info][safepoint   ] Safepoint "G1CollectForAllocation", Time since last: 36740800 ns, Reaching safepoint: 2700 ns, Cleanup: 3000 ns, At safepoint: 20957800 ns, Total: 20963500 ns
[2025-07-30T16:38:16.674+0800][42.500s][info][gc,start    ] GC(814) Pause Young (Normal) (G1 Evacuation Pause)
[2025-07-30T16:38:16.674+0800][42.500s][info][gc,task     ] GC(814) Using 1 workers of 1 for evacuation
[2025-07-30T16:38:16.690+0800][42.515s][info][gc,phases   ] GC(814)   Pre Evacuate Collection Set: 0.4ms
[2025-07-30T16:38:16.690+0800][42.515s][info][gc,phases   ] GC(814)   Merge Heap Roots: 0.1ms
[2025-07-30T16:38:16.690+0800][42.515s][info][gc,phases   ] GC(814)   Evacuate Collection Set: 13.9ms
[2025-07-30T16:38:16.690+0800][42.515s][info][gc,phases   ] GC(814)   Post Evacuate Collection Set: 0.6ms
[2025-07-30T16:38:16.690+0800][42.515s][info][gc,phases   ] GC(814)   Other: 0.1ms
[2025-07-30T16:38:16.690+0800][42.515s][info][gc,heap     ] GC(814) Eden regions: 1018->0(1017)
[2025-07-30T16:38:16.690+0800][42.515s][info][gc,heap     ] GC(814) Survivor regions: 146->146(146)
[2025-07-30T16:38:16.690+0800][42.515s][info][gc,heap     ] GC(814) Old regions: 561->561
[2025-07-30T16:38:16.690+0800][42.515s][info][gc,heap     ] GC(814) Humongous regions: 3->3
[2025-07-30T16:38:16.690+0800][42.515s][info][gc,metaspace] GC(814) Metaspace: 7212K(7552K)->7212K(7552K) NonClass: 6488K(6656K)->6488K(6656K) Class: 724K(896K)->724K(896K)
[2025-07-30T16:38:16.690+0800][42.515s][info][gc          ] GC(814) Pause Young (Normal) (G1 Evacuation Pause) 1726M->708M(2048M) 15.243ms
[2025-07-30T16:38:16.690+0800][42.515s][info][gc,cpu      ] GC(814) User=0.02s Sys=0.00s Real=0.02s
[2025-07-30T16:38:16.690+0800][42.515s][info][safepoint   ] Safepoint "G1CollectForAllocation", Time since last: 36202300 ns, Reaching safepoint: 3500 ns, Cleanup: 4100 ns, At safepoint: 15284700 ns, Total: 15292300 ns
[2025-07-30T16:38:16.726+0800][42.552s][info][gc,start    ] GC(815) Pause Young (Normal) (G1 Evacuation Pause)
[2025-07-30T16:38:16.726+0800][42.552s][info][gc,task     ] GC(815) Using 1 workers of 1 for evacuation
[2025-07-30T16:38:16.740+0800][42.566s][info][gc,phases   ] GC(815)   Pre Evacuate Collection Set: 0.3ms
[2025-07-30T16:38:16.740+0800][42.567s][info][gc,phases   ] GC(815)   Merge Heap Roots: 0.0ms
[2025-07-30T16:38:16.740+0800][42.567s][info][gc,phases   ] GC(815)   Evacuate Collection Set: 13.8ms
[2025-07-30T16:38:16.740+0800][42.567s][info][gc,phases   ] GC(815)   Post Evacuate Collection Set: 0.6ms
[2025-07-30T16:38:16.740+0800][42.567s][info][gc,phases   ] GC(815)   Other: 0.1ms
[2025-07-30T16:38:16.740+0800][42.567s][info][gc,heap     ] GC(815) Eden regions: 1017->0(1019)
[2025-07-30T16:38:16.740+0800][42.567s][info][gc,heap     ] GC(815) Survivor regions: 146->145(146)
[2025-07-30T16:38:16.740+0800][42.567s][info][gc,heap     ] GC(815) Old regions: 561->561
[2025-07-30T16:38:16.740+0800][42.567s][info][gc,heap     ] GC(815) Humongous regions: 3->3
[2025-07-30T16:38:16.740+0800][42.567s][info][gc,metaspace] GC(815) Metaspace: 7212K(7552K)->7212K(7552K) NonClass: 6488K(6656K)->6488K(6656K) Class: 724K(896K)->724K(896K)
[2025-07-30T16:38:16.740+0800][42.567s][info][gc          ] GC(815) Pause Young (Normal) (G1 Evacuation Pause) 1725M->708M(2048M) 15.015ms
[2025-07-30T16:38:16.740+0800][42.567s][info][gc,cpu      ] GC(815) User=0.02s Sys=0.00s Real=0.01s
[2025-07-30T16:38:16.740+0800][42.567s][info][safepoint   ] Safepoint "G1CollectForAllocation", Time since last: 36218200 ns, Reaching safepoint: 2500 ns, Cleanup: 3200 ns, At safepoint: 15053700 ns, Total: 15059400 ns
[2025-07-30T16:38:16.777+0800][42.603s][info][gc,start    ] GC(816) Pause Young (Normal) (G1 Evacuation Pause)
[2025-07-30T16:38:16.777+0800][42.603s][info][gc,task     ] GC(816) Using 1 workers of 1 for evacuation
[2025-07-30T16:38:16.793+0800][42.618s][info][gc,phases   ] GC(816)   Pre Evacuate Collection Set: 0.4ms
[2025-07-30T16:38:16.793+0800][42.618s][info][gc,phases   ] GC(816)   Merge Heap Roots: 0.1ms
[2025-07-30T16:38:16.793+0800][42.618s][info][gc,phases   ] GC(816)   Evacuate Collection Set: 13.7ms
[2025-07-30T16:38:16.793+0800][42.618s][info][gc,phases   ] GC(816)   Post Evacuate Collection Set: 0.7ms
[2025-07-30T16:38:16.793+0800][42.618s][info][gc,phases   ] GC(816)   Other: 0.1ms
[2025-07-30T16:38:16.793+0800][42.618s][info][gc,heap     ] GC(816) Eden regions: 1019->0(1017)
[2025-07-30T16:38:16.793+0800][42.618s][info][gc,heap     ] GC(816) Survivor regions: 145->146(146)
[2025-07-30T16:38:16.793+0800][42.618s][info][gc,heap     ] GC(816) Old regions: 561->561
[2025-07-30T16:38:16.793+0800][42.618s][info][gc,heap     ] GC(816) Humongous regions: 3->3
[2025-07-30T16:38:16.793+0800][42.618s][info][gc,metaspace] GC(816) Metaspace: 7212K(7552K)->7212K(7552K) NonClass: 6488K(6656K)->6488K(6656K) Class: 724K(896K)->724K(896K)
[2025-07-30T16:38:16.793+0800][42.618s][info][gc          ] GC(816) Pause Young (Normal) (G1 Evacuation Pause) 1727M->709M(2048M) 15.089ms
[2025-07-30T16:38:16.793+0800][42.618s][info][gc,cpu      ] GC(816) User=0.02s Sys=0.00s Real=0.02s
[2025-07-30T16:38:16.793+0800][42.618s][info][safepoint   ] Safepoint "G1CollectForAllocation", Time since last: 35978900 ns, Reaching safepoint: 2300 ns, Cleanup: 2700 ns, At safepoint: 15130500 ns, Total: 15135500 ns
[2025-07-30T16:38:16.830+0800][42.656s][info][gc,start    ] GC(817) Pause Young (Normal) (G1 Evacuation Pause)
[2025-07-30T16:38:16.830+0800][42.656s][info][gc,task     ] GC(817) Using 1 workers of 1 for evacuation
[2025-07-30T16:38:16.845+0800][42.671s][info][gc,phases   ] GC(817)   Pre Evacuate Collection Set: 0.4ms
[2025-07-30T16:38:16.846+0800][42.671s][info][gc,phases   ] GC(817)   Merge Heap Roots: 0.1ms
[2025-07-30T16:38:16.846+0800][42.671s][info][gc,phases   ] GC(817)   Evacuate Collection Set: 14.0ms
[2025-07-30T16:38:16.846+0800][42.671s][info][gc,phases   ] GC(817)   Post Evacuate Collection Set: 0.6ms
[2025-07-30T16:38:16.846+0800][42.671s][info][gc,phases   ] GC(817)   Other: 0.1ms
[2025-07-30T16:38:16.846+0800][42.671s][info][gc,heap     ] GC(817) Eden regions: 1017->0(1019)
[2025-07-30T16:38:16.846+0800][42.671s][info][gc,heap     ] GC(817) Survivor regions: 146->145(146)
[2025-07-30T16:38:16.846+0800][42.671s][info][gc,heap     ] GC(817) Old regions: 561->561
[2025-07-30T16:38:16.846+0800][42.671s][info][gc,heap     ] GC(817) Humongous regions: 3->3
[2025-07-30T16:38:16.846+0800][42.671s][info][gc,metaspace] GC(817) Metaspace: 7212K(7552K)->7212K(7552K) NonClass: 6488K(6656K)->6488K(6656K) Class: 724K(896K)->724K(896K)
[2025-07-30T16:38:16.846+0800][42.671s][info][gc          ] GC(817) Pause Young (Normal) (G1 Evacuation Pause) 1726M->708M(2048M) 15.260ms
[2025-07-30T16:38:16.846+0800][42.671s][info][gc,cpu      ] GC(817) User=0.02s Sys=0.00s Real=0.02s
[2025-07-30T16:38:16.846+0800][42.671s][info][safepoint   ] Safepoint "G1CollectForAllocation", Time since last: 38310700 ns, Reaching safepoint: 2000 ns, Cleanup: 3700 ns, At safepoint: 15305600 ns, Total: 15311300 ns
[2025-07-30T16:38:16.882+0800][42.708s][info][gc,start    ] GC(818) Pause Young (Normal) (G1 Evacuation Pause)
[2025-07-30T16:38:16.882+0800][42.708s][info][gc,task     ] GC(818) Using 1 workers of 1 for evacuation
[2025-07-30T16:38:16.897+0800][42.723s][info][gc,phases   ] GC(818)   Pre Evacuate Collection Set: 0.3ms
[2025-07-30T16:38:16.897+0800][42.723s][info][gc,phases   ] GC(818)   Merge Heap Roots: 0.1ms
[2025-07-30T16:38:16.897+0800][42.723s][info][gc,phases   ] GC(818)   Evacuate Collection Set: 13.9ms
[2025-07-30T16:38:16.897+0800][42.723s][info][gc,phases   ] GC(818)   Post Evacuate Collection Set: 0.6ms
[2025-07-30T16:38:16.897+0800][42.723s][info][gc,phases   ] GC(818)   Other: 0.1ms
[2025-07-30T16:38:16.897+0800][42.723s][info][gc,heap     ] GC(818) Eden regions: 1019->0(1017)
[2025-07-30T16:38:16.897+0800][42.723s][info][gc,heap     ] GC(818) Survivor regions: 145->146(146)
[2025-07-30T16:38:16.897+0800][42.723s][info][gc,heap     ] GC(818) Old regions: 561->561
[2025-07-30T16:38:16.897+0800][42.723s][info][gc,heap     ] GC(818) Humongous regions: 3->3
[2025-07-30T16:38:16.897+0800][42.723s][info][gc,metaspace] GC(818) Metaspace: 7212K(7552K)->7212K(7552K) NonClass: 6488K(6656K)->6488K(6656K) Class: 724K(896K)->724K(896K)
[2025-07-30T16:38:16.897+0800][42.723s][info][gc          ] GC(818) Pause Young (Normal) (G1 Evacuation Pause) 1727M->709M(2048M) 15.180ms
[2025-07-30T16:38:16.897+0800][42.723s][info][gc,cpu      ] GC(818) User=0.02s Sys=0.00s Real=0.02s
[2025-07-30T16:38:16.897+0800][42.723s][info][safepoint   ] Safepoint "G1CollectForAllocation", Time since last: 36270300 ns, Reaching safepoint: 2100 ns, Cleanup: 3000 ns, At safepoint: 15218100 ns, Total: 15223200 ns
[2025-07-30T16:38:16.935+0800][42.761s][info][gc,start    ] GC(819) Pause Young (Normal) (G1 Evacuation Pause)
[2025-07-30T16:38:16.935+0800][42.761s][info][gc,task     ] GC(819) Using 1 workers of 1 for evacuation
[2025-07-30T16:38:16.951+0800][42.776s][info][gc,phases   ] GC(819)   Pre Evacuate Collection Set: 0.4ms
[2025-07-30T16:38:16.951+0800][42.776s][info][gc,phases   ] GC(819)   Merge Heap Roots: 0.1ms
[2025-07-30T16:38:16.951+0800][42.776s][info][gc,phases   ] GC(819)   Evacuate Collection Set: 14.0ms
[2025-07-30T16:38:16.951+0800][42.776s][info][gc,phases   ] GC(819)   Post Evacuate Collection Set: 0.7ms
[2025-07-30T16:38:16.951+0800][42.776s][info][gc,phases   ] GC(819)   Other: 0.1ms
[2025-07-30T16:38:16.951+0800][42.776s][info][gc,heap     ] GC(819) Eden regions: 1017->0(1017)
[2025-07-30T16:38:16.951+0800][42.776s][info][gc,heap     ] GC(819) Survivor regions: 146->146(146)
[2025-07-30T16:38:16.951+0800][42.776s][info][gc,heap     ] GC(819) Old regions: 561->561
[2025-07-30T16:38:16.951+0800][42.776s][info][gc,heap     ] GC(819) Humongous regions: 3->3
[2025-07-30T16:38:16.951+0800][42.776s][info][gc,metaspace] GC(819) Metaspace: 7212K(7552K)->7212K(7552K) NonClass: 6488K(6656K)->6488K(6656K) Class: 724K(896K)->724K(896K)
[2025-07-30T16:38:16.951+0800][42.776s][info][gc          ] GC(819) Pause Young (Normal) (G1 Evacuation Pause) 1726M->708M(2048M) 15.395ms
[2025-07-30T16:38:16.951+0800][42.776s][info][gc,cpu      ] GC(819) User=0.02s Sys=0.00s Real=0.02s
[2025-07-30T16:38:16.951+0800][42.776s][info][safepoint   ] Safepoint "G1CollectForAllocation", Time since last: 38014400 ns, Reaching safepoint: 3600 ns, Cleanup: 4200 ns, At safepoint: 15439700 ns, Total: 15447500 ns
[2025-07-30T16:38:16.987+0800][42.813s][info][gc,start    ] GC(820) Pause Young (Normal) (G1 Evacuation Pause)
[2025-07-30T16:38:16.987+0800][42.813s][info][gc,task     ] GC(820) Using 1 workers of 1 for evacuation
[2025-07-30T16:38:17.002+0800][42.828s][info][gc,phases   ] GC(820)   Pre Evacuate Collection Set: 0.3ms
[2025-07-30T16:38:17.003+0800][42.828s][info][gc,phases   ] GC(820)   Merge Heap Roots: 0.0ms
[2025-07-30T16:38:17.003+0800][42.828s][info][gc,phases   ] GC(820)   Evacuate Collection Set: 13.6ms
[2025-07-30T16:38:17.003+0800][42.828s][info][gc,phases   ] GC(820)   Post Evacuate Collection Set: 0.6ms
[2025-07-30T16:38:17.003+0800][42.828s][info][gc,phases   ] GC(820)   Other: 0.1ms
[2025-07-30T16:38:17.003+0800][42.828s][info][gc,heap     ] GC(820) Eden regions: 1017->0(1019)
[2025-07-30T16:38:17.003+0800][42.828s][info][gc,heap     ] GC(820) Survivor regions: 146->145(146)
[2025-07-30T16:38:17.003+0800][42.828s][info][gc,heap     ] GC(820) Old regions: 561->561
[2025-07-30T16:38:17.003+0800][42.828s][info][gc,heap     ] GC(820) Humongous regions: 3->3
[2025-07-30T16:38:17.003+0800][42.828s][info][gc,metaspace] GC(820) Metaspace: 7212K(7552K)->7212K(7552K) NonClass: 6488K(6656K)->6488K(6656K) Class: 724K(896K)->724K(896K)
[2025-07-30T16:38:17.003+0800][42.828s][info][gc          ] GC(820) Pause Young (Normal) (G1 Evacuation Pause) 1725M->707M(2048M) 14.925ms
[2025-07-30T16:38:17.003+0800][42.828s][info][gc,cpu      ] GC(820) User=0.02s Sys=0.00s Real=0.02s
[2025-07-30T16:38:17.003+0800][42.828s][info][safepoint   ] Safepoint "G1CollectForAllocation", Time since last: 36755600 ns, Reaching safepoint: 2100 ns, Cleanup: 3100 ns, At safepoint: 14964500 ns, Total: 14969700 ns
[2025-07-30T16:38:17.041+0800][42.866s][info][gc,start    ] GC(821) Pause Young (Normal) (G1 Evacuation Pause)
[2025-07-30T16:38:17.041+0800][42.866s][info][gc,task     ] GC(821) Using 1 workers of 1 for evacuation
[2025-07-30T16:38:17.055+0800][42.881s][info][gc,phases   ] GC(821)   Pre Evacuate Collection Set: 0.4ms
[2025-07-30T16:38:17.055+0800][42.881s][info][gc,phases   ] GC(821)   Merge Heap Roots: 0.1ms
[2025-07-30T16:38:17.055+0800][42.881s][info][gc,phases   ] GC(821)   Evacuate Collection Set: 13.8ms
[2025-07-30T16:38:17.055+0800][42.881s][info][gc,phases   ] GC(821)   Post Evacuate Collection Set: 0.6ms
[2025-07-30T16:38:17.055+0800][42.881s][info][gc,phases   ] GC(821)   Other: 0.1ms
[2025-07-30T16:38:17.055+0800][42.881s][info][gc,heap     ] GC(821) Eden regions: 1019->0(1018)
[2025-07-30T16:38:17.056+0800][42.881s][info][gc,heap     ] GC(821) Survivor regions: 145->146(146)
[2025-07-30T16:38:17.056+0800][42.881s][info][gc,heap     ] GC(821) Old regions: 561->561
[2025-07-30T16:38:17.056+0800][42.881s][info][gc,heap     ] GC(821) Humongous regions: 3->3
[2025-07-30T16:38:17.056+0800][42.881s][info][gc,metaspace] GC(821) Metaspace: 7212K(7552K)->7212K(7552K) NonClass: 6488K(6656K)->6488K(6656K) Class: 724K(896K)->724K(896K)
[2025-07-30T16:38:17.056+0800][42.881s][info][gc          ] GC(821) Pause Young (Normal) (G1 Evacuation Pause) 1726M->708M(2048M) 15.112ms
[2025-07-30T16:38:17.056+0800][42.881s][info][gc,cpu      ] GC(821) User=0.02s Sys=0.00s Real=0.02s
[2025-07-30T16:38:17.056+0800][42.881s][info][safepoint   ] Safepoint "G1CollectForAllocation", Time since last: 37990400 ns, Reaching safepoint: 2900 ns, Cleanup: 3300 ns, At safepoint: 15151200 ns, Total: 15157400 ns
[2025-07-30T16:38:17.092+0800][42.918s][info][gc,start    ] GC(822) Pause Young (Normal) (G1 Evacuation Pause)
[2025-07-30T16:38:17.092+0800][42.918s][info][gc,task     ] GC(822) Using 1 workers of 1 for evacuation
[2025-07-30T16:38:17.107+0800][42.933s][info][gc,phases   ] GC(822)   Pre Evacuate Collection Set: 0.4ms
[2025-07-30T16:38:17.107+0800][42.933s][info][gc,phases   ] GC(822)   Merge Heap Roots: 0.1ms
[2025-07-30T16:38:17.107+0800][42.933s][info][gc,phases   ] GC(822)   Evacuate Collection Set: 14.0ms
[2025-07-30T16:38:17.107+0800][42.933s][info][gc,phases   ] GC(822)   Post Evacuate Collection Set: 0.7ms
[2025-07-30T16:38:17.107+0800][42.933s][info][gc,phases   ] GC(822)   Other: 0.1ms
[2025-07-30T16:38:17.107+0800][42.933s][info][gc,heap     ] GC(822) Eden regions: 1018->0(1018)
[2025-07-30T16:38:17.107+0800][42.933s][info][gc,heap     ] GC(822) Survivor regions: 146->146(146)
[2025-07-30T16:38:17.108+0800][42.933s][info][gc,heap     ] GC(822) Old regions: 561->561
[2025-07-30T16:38:17.108+0800][42.933s][info][gc,heap     ] GC(822) Humongous regions: 3->3
[2025-07-30T16:38:17.108+0800][42.933s][info][gc,metaspace] GC(822) Metaspace: 7212K(7552K)->7212K(7552K) NonClass: 6488K(6656K)->6488K(6656K) Class: 724K(896K)->724K(896K)
[2025-07-30T16:38:17.108+0800][42.933s][info][gc          ] GC(822) Pause Young (Normal) (G1 Evacuation Pause) 1726M->708M(2048M) 15.467ms
[2025-07-30T16:38:17.108+0800][42.933s][info][gc,cpu      ] GC(822) User=0.02s Sys=0.00s Real=0.02s
[2025-07-30T16:38:17.108+0800][42.933s][info][safepoint   ] Safepoint "G1CollectForAllocation", Time since last: 36540300 ns, Reaching safepoint: 3700 ns, Cleanup: 3900 ns, At safepoint: 15510900 ns, Total: 15518500 ns
[2025-07-30T16:38:17.145+0800][42.971s][info][gc,start    ] GC(823) Pause Young (Normal) (G1 Evacuation Pause)
[2025-07-30T16:38:17.145+0800][42.971s][info][gc,task     ] GC(823) Using 1 workers of 1 for evacuation
[2025-07-30T16:38:17.161+0800][42.987s][info][gc,phases   ] GC(823)   Pre Evacuate Collection Set: 0.3ms
[2025-07-30T16:38:17.161+0800][42.987s][info][gc,phases   ] GC(823)   Merge Heap Roots: 0.0ms
[2025-07-30T16:38:17.161+0800][42.987s][info][gc,phases   ] GC(823)   Evacuate Collection Set: 14.9ms
[2025-07-30T16:38:17.161+0800][42.987s][info][gc,phases   ] GC(823)   Post Evacuate Collection Set: 0.6ms
[2025-07-30T16:38:17.161+0800][42.987s][info][gc,phases   ] GC(823)   Other: 0.1ms
[2025-07-30T16:38:17.161+0800][42.987s][info][gc,heap     ] GC(823) Eden regions: 1018->0(1018)
[2025-07-30T16:38:17.161+0800][42.987s][info][gc,heap     ] GC(823) Survivor regions: 146->146(146)
[2025-07-30T16:38:17.161+0800][42.987s][info][gc,heap     ] GC(823) Old regions: 561->561
[2025-07-30T16:38:17.161+0800][42.987s][info][gc,heap     ] GC(823) Humongous regions: 3->3
[2025-07-30T16:38:17.161+0800][42.987s][info][gc,metaspace] GC(823) Metaspace: 7212K(7552K)->7212K(7552K) NonClass: 6488K(6656K)->6488K(6656K) Class: 724K(896K)->724K(896K)
[2025-07-30T16:38:17.161+0800][42.987s][info][gc          ] GC(823) Pause Young (Normal) (G1 Evacuation Pause) 1726M->708M(2048M) 16.018ms
[2025-07-30T16:38:17.161+0800][42.987s][info][gc,cpu      ] GC(823) User=0.02s Sys=0.00s Real=0.02s
[2025-07-30T16:38:17.161+0800][42.987s][info][safepoint   ] Safepoint "G1CollectForAllocation", Time since last: 37340400 ns, Reaching safepoint: 2200 ns, Cleanup: 3000 ns, At safepoint: 16055300 ns, Total: 16060500 ns
[2025-07-30T16:38:17.197+0800][43.023s][info][gc,start    ] GC(824) Pause Young (Normal) (G1 Evacuation Pause)
[2025-07-30T16:38:17.198+0800][43.023s][info][gc,task     ] GC(824) Using 1 workers of 1 for evacuation
[2025-07-30T16:38:17.212+0800][43.038s][info][gc,phases   ] GC(824)   Pre Evacuate Collection Set: 0.3ms
[2025-07-30T16:38:17.212+0800][43.038s][info][gc,phases   ] GC(824)   Merge Heap Roots: 0.0ms
[2025-07-30T16:38:17.212+0800][43.038s][info][gc,phases   ] GC(824)   Evacuate Collection Set: 13.7ms
[2025-07-30T16:38:17.212+0800][43.038s][info][gc,phases   ] GC(824)   Post Evacuate Collection Set: 0.6ms
[2025-07-30T16:38:17.212+0800][43.038s][info][gc,phases   ] GC(824)   Other: 0.1ms
[2025-07-30T16:38:17.212+0800][43.038s][info][gc,heap     ] GC(824) Eden regions: 1018->0(1017)
[2025-07-30T16:38:17.212+0800][43.038s][info][gc,heap     ] GC(824) Survivor regions: 146->146(146)
[2025-07-30T16:38:17.212+0800][43.038s][info][gc,heap     ] GC(824) Old regions: 561->561
[2025-07-30T16:38:17.212+0800][43.038s][info][gc,heap     ] GC(824) Humongous regions: 3->3
[2025-07-30T16:38:17.212+0800][43.038s][info][gc,metaspace] GC(824) Metaspace: 7212K(7552K)->7212K(7552K) NonClass: 6488K(6656K)->6488K(6656K) Class: 724K(896K)->724K(896K)
[2025-07-30T16:38:17.212+0800][43.038s][info][gc          ] GC(824) Pause Young (Normal) (G1 Evacuation Pause) 1726M->709M(2048M) 14.880ms
[2025-07-30T16:38:17.212+0800][43.038s][info][gc,cpu      ] GC(824) User=0.02s Sys=0.00s Real=0.01s
[2025-07-30T16:38:17.212+0800][43.038s][info][safepoint   ] Safepoint "G1CollectForAllocation", Time since last: 36074400 ns, Reaching safepoint: 2500 ns, Cleanup: 2800 ns, At safepoint: 14917500 ns, Total: 14922800 ns
[2025-07-30T16:38:17.249+0800][43.075s][info][gc,start    ] GC(825) Pause Young (Normal) (G1 Evacuation Pause)
[2025-07-30T16:38:17.249+0800][43.075s][info][gc,task     ] GC(825) Using 1 workers of 1 for evacuation
[2025-07-30T16:38:17.264+0800][43.090s][info][gc,phases   ] GC(825)   Pre Evacuate Collection Set: 0.4ms
[2025-07-30T16:38:17.264+0800][43.090s][info][gc,phases   ] GC(825)   Merge Heap Roots: 0.1ms
[2025-07-30T16:38:17.264+0800][43.090s][info][gc,phases   ] GC(825)   Evacuate Collection Set: 14.2ms
[2025-07-30T16:38:17.264+0800][43.090s][info][gc,phases   ] GC(825)   Post Evacuate Collection Set: 0.6ms
[2025-07-30T16:38:17.264+0800][43.090s][info][gc,phases   ] GC(825)   Other: 0.1ms
[2025-07-30T16:38:17.264+0800][43.090s][info][gc,heap     ] GC(825) Eden regions: 1017->0(1019)
[2025-07-30T16:38:17.264+0800][43.090s][info][gc,heap     ] GC(825) Survivor regions: 146->145(146)
[2025-07-30T16:38:17.264+0800][43.090s][info][gc,heap     ] GC(825) Old regions: 561->561
[2025-07-30T16:38:17.264+0800][43.090s][info][gc,heap     ] GC(825) Humongous regions: 3->3
[2025-07-30T16:38:17.264+0800][43.090s][info][gc,metaspace] GC(825) Metaspace: 7212K(7552K)->7212K(7552K) NonClass: 6488K(6656K)->6488K(6656K) Class: 724K(896K)->724K(896K)
[2025-07-30T16:38:17.264+0800][43.090s][info][gc          ] GC(825) Pause Young (Normal) (G1 Evacuation Pause) 1726M->708M(2048M) 15.526ms
[2025-07-30T16:38:17.265+0800][43.090s][info][gc,cpu      ] GC(825) User=0.02s Sys=0.00s Real=0.02s
[2025-07-30T16:38:17.265+0800][43.090s][info][safepoint   ] Safepoint "G1CollectForAllocation", Time since last: 37121100 ns, Reaching safepoint: 3300 ns, Cleanup: 3700 ns, At safepoint: 15567700 ns, Total: 15574700 ns
[2025-07-30T16:38:17.303+0800][43.128s][info][gc,start    ] GC(826) Pause Young (Normal) (G1 Evacuation Pause)
[2025-07-30T16:38:17.303+0800][43.128s][info][gc,task     ] GC(826) Using 1 workers of 1 for evacuation
[2025-07-30T16:38:17.318+0800][43.143s][info][gc,phases   ] GC(826)   Pre Evacuate Collection Set: 0.3ms
[2025-07-30T16:38:17.318+0800][43.143s][info][gc,phases   ] GC(826)   Merge Heap Roots: 0.0ms
[2025-07-30T16:38:17.318+0800][43.143s][info][gc,phases   ] GC(826)   Evacuate Collection Set: 14.4ms
[2025-07-30T16:38:17.318+0800][43.143s][info][gc,phases   ] GC(826)   Post Evacuate Collection Set: 0.6ms
[2025-07-30T16:38:17.318+0800][43.143s][info][gc,phases   ] GC(826)   Other: 0.1ms
[2025-07-30T16:38:17.318+0800][43.143s][info][gc,heap     ] GC(826) Eden regions: 1019->0(1017)
[2025-07-30T16:38:17.318+0800][43.143s][info][gc,heap     ] GC(826) Survivor regions: 145->146(146)
[2025-07-30T16:38:17.318+0800][43.143s][info][gc,heap     ] GC(826) Old regions: 561->561
[2025-07-30T16:38:17.318+0800][43.143s][info][gc,heap     ] GC(826) Humongous regions: 3->3
[2025-07-30T16:38:17.318+0800][43.143s][info][gc,metaspace] GC(826) Metaspace: 7212K(7552K)->7212K(7552K) NonClass: 6488K(6656K)->6488K(6656K) Class: 724K(896K)->724K(896K)
[2025-07-30T16:38:17.318+0800][43.143s][info][gc          ] GC(826) Pause Young (Normal) (G1 Evacuation Pause) 1727M->709M(2048M) 15.618ms
[2025-07-30T16:38:17.318+0800][43.143s][info][gc,cpu      ] GC(826) User=0.02s Sys=0.00s Real=0.02s
[2025-07-30T16:38:17.318+0800][43.143s][info][safepoint   ] Safepoint "G1CollectForAllocation", Time since last: 37424200 ns, Reaching safepoint: 2200 ns, Cleanup: 2900 ns, At safepoint: 15656500 ns, Total: 15661600 ns
[2025-07-30T16:38:17.357+0800][43.183s][info][gc,start    ] GC(827) Pause Young (Normal) (G1 Evacuation Pause)
[2025-07-30T16:38:17.357+0800][43.183s][info][gc,task     ] GC(827) Using 1 workers of 1 for evacuation
[2025-07-30T16:38:17.372+0800][43.198s][info][gc,phases   ] GC(827)   Pre Evacuate Collection Set: 0.4ms
[2025-07-30T16:38:17.372+0800][43.198s][info][gc,phases   ] GC(827)   Merge Heap Roots: 0.1ms
[2025-07-30T16:38:17.372+0800][43.198s][info][gc,phases   ] GC(827)   Evacuate Collection Set: 13.7ms
[2025-07-30T16:38:17.372+0800][43.198s][info][gc,phases   ] GC(827)   Post Evacuate Collection Set: 0.7ms
[2025-07-30T16:38:17.372+0800][43.198s][info][gc,phases   ] GC(827)   Other: 0.1ms
[2025-07-30T16:38:17.372+0800][43.198s][info][gc,heap     ] GC(827) Eden regions: 1017->0(1019)
[2025-07-30T16:38:17.372+0800][43.198s][info][gc,heap     ] GC(827) Survivor regions: 146->145(146)
[2025-07-30T16:38:17.372+0800][43.198s][info][gc,heap     ] GC(827) Old regions: 561->561
[2025-07-30T16:38:17.372+0800][43.198s][info][gc,heap     ] GC(827) Humongous regions: 3->3
[2025-07-30T16:38:17.372+0800][43.198s][info][gc,metaspace] GC(827) Metaspace: 7212K(7552K)->7212K(7552K) NonClass: 6488K(6656K)->6488K(6656K) Class: 724K(896K)->724K(896K)
[2025-07-30T16:38:17.372+0800][43.198s][info][gc          ] GC(827) Pause Young (Normal) (G1 Evacuation Pause) 1726M->708M(2048M) 15.157ms
[2025-07-30T16:38:17.372+0800][43.198s][info][gc,cpu      ] GC(827) User=0.02s Sys=0.00s Real=0.01s
[2025-07-30T16:38:17.372+0800][43.198s][info][safepoint   ] Safepoint "G1CollectForAllocation", Time since last: 39160800 ns, Reaching safepoint: 3000 ns, Cleanup: 3600 ns, At safepoint: 15197500 ns, Total: 15204100 ns
[2025-07-30T16:38:17.413+0800][43.238s][info][gc,start    ] GC(828) Pause Young (Normal) (G1 Evacuation Pause)
[2025-07-30T16:38:17.413+0800][43.238s][info][gc,task     ] GC(828) Using 1 workers of 1 for evacuation
[2025-07-30T16:38:17.429+0800][43.254s][info][gc,phases   ] GC(828)   Pre Evacuate Collection Set: 0.4ms
[2025-07-30T16:38:17.429+0800][43.254s][info][gc,phases   ] GC(828)   Merge Heap Roots: 0.1ms
[2025-07-30T16:38:17.429+0800][43.254s][info][gc,phases   ] GC(828)   Evacuate Collection Set: 14.6ms
[2025-07-30T16:38:17.429+0800][43.254s][info][gc,phases   ] GC(828)   Post Evacuate Collection Set: 0.6ms
[2025-07-30T16:38:17.429+0800][43.254s][info][gc,phases   ] GC(828)   Other: 0.1ms
[2025-07-30T16:38:17.429+0800][43.254s][info][gc,heap     ] GC(828) Eden regions: 1019->0(1017)
[2025-07-30T16:38:17.429+0800][43.254s][info][gc,heap     ] GC(828) Survivor regions: 145->146(146)
[2025-07-30T16:38:17.429+0800][43.254s][info][gc,heap     ] GC(828) Old regions: 561->561
[2025-07-30T16:38:17.429+0800][43.254s][info][gc,heap     ] GC(828) Humongous regions: 3->3
[2025-07-30T16:38:17.429+0800][43.254s][info][gc,metaspace] GC(828) Metaspace: 7212K(7552K)->7212K(7552K) NonClass: 6488K(6656K)->6488K(6656K) Class: 724K(896K)->724K(896K)
[2025-07-30T16:38:17.429+0800][43.254s][info][gc          ] GC(828) Pause Young (Normal) (G1 Evacuation Pause) 1727M->709M(2048M) 15.897ms
[2025-07-30T16:38:17.429+0800][43.254s][info][gc,cpu      ] GC(828) User=0.02s Sys=0.00s Real=0.02s
[2025-07-30T16:38:17.429+0800][43.254s][info][safepoint   ] Safepoint "G1CollectForAllocation", Time since last: 40375800 ns, Reaching safepoint: 2600 ns, Cleanup: 2900 ns, At safepoint: 15938900 ns, Total: 15944400 ns
[2025-07-30T16:38:17.466+0800][43.291s][info][gc,start    ] GC(829) Pause Young (Normal) (G1 Evacuation Pause)
[2025-07-30T16:38:17.466+0800][43.292s][info][gc,task     ] GC(829) Using 1 workers of 1 for evacuation
[2025-07-30T16:38:17.485+0800][43.310s][info][gc,phases   ] GC(829)   Pre Evacuate Collection Set: 0.4ms
[2025-07-30T16:38:17.485+0800][43.310s][info][gc,phases   ] GC(829)   Merge Heap Roots: 0.1ms
[2025-07-30T16:38:17.485+0800][43.310s][info][gc,phases   ] GC(829)   Evacuate Collection Set: 17.2ms
[2025-07-30T16:38:17.485+0800][43.310s][info][gc,phases   ] GC(829)   Post Evacuate Collection Set: 0.8ms
[2025-07-30T16:38:17.485+0800][43.310s][info][gc,phases   ] GC(829)   Other: 0.1ms
[2025-07-30T16:38:17.485+0800][43.310s][info][gc,heap     ] GC(829) Eden regions: 1017->0(1017)
[2025-07-30T16:38:17.485+0800][43.310s][info][gc,heap     ] GC(829) Survivor regions: 146->146(146)
[2025-07-30T16:38:17.485+0800][43.310s][info][gc,heap     ] GC(829) Old regions: 561->561
[2025-07-30T16:38:17.485+0800][43.310s][info][gc,heap     ] GC(829) Humongous regions: 3->3
[2025-07-30T16:38:17.485+0800][43.310s][info][gc,metaspace] GC(829) Metaspace: 7212K(7552K)->7212K(7552K) NonClass: 6488K(6656K)->6488K(6656K) Class: 724K(896K)->724K(896K)
[2025-07-30T16:38:17.485+0800][43.310s][info][gc          ] GC(829) Pause Young (Normal) (G1 Evacuation Pause) 1726M->708M(2048M) 18.780ms
[2025-07-30T16:38:17.485+0800][43.310s][info][gc,cpu      ] GC(829) User=0.03s Sys=0.02s Real=0.02s
[2025-07-30T16:38:17.485+0800][43.310s][info][safepoint   ] Safepoint "G1CollectForAllocation", Time since last: 37318500 ns, Reaching safepoint: 3200 ns, Cleanup: 3200 ns, At safepoint: 18824500 ns, Total: 18830900 ns
[2025-07-30T16:38:17.522+0800][43.347s][info][gc,start    ] GC(830) Pause Young (Normal) (G1 Evacuation Pause)
[2025-07-30T16:38:17.522+0800][43.347s][info][gc,task     ] GC(830) Using 1 workers of 1 for evacuation
[2025-07-30T16:38:17.537+0800][43.362s][info][gc,phases   ] GC(830)   Pre Evacuate Collection Set: 0.4ms
[2025-07-30T16:38:17.537+0800][43.362s][info][gc,phases   ] GC(830)   Merge Heap Roots: 0.1ms
[2025-07-30T16:38:17.537+0800][43.362s][info][gc,phases   ] GC(830)   Evacuate Collection Set: 13.9ms
[2025-07-30T16:38:17.537+0800][43.362s][info][gc,phases   ] GC(830)   Post Evacuate Collection Set: 0.7ms
[2025-07-30T16:38:17.537+0800][43.362s][info][gc,phases   ] GC(830)   Other: 0.1ms
[2025-07-30T16:38:17.537+0800][43.362s][info][gc,heap     ] GC(830) Eden regions: 1017->0(1019)
[2025-07-30T16:38:17.537+0800][43.362s][info][gc,heap     ] GC(830) Survivor regions: 146->145(146)
[2025-07-30T16:38:17.537+0800][43.362s][info][gc,heap     ] GC(830) Old regions: 561->561
[2025-07-30T16:38:17.537+0800][43.362s][info][gc,heap     ] GC(830) Humongous regions: 3->3
[2025-07-30T16:38:17.537+0800][43.362s][info][gc,metaspace] GC(830) Metaspace: 7216K(7552K)->7216K(7552K) NonClass: 6491K(6656K)->6491K(6656K) Class: 724K(896K)->724K(896K)
[2025-07-30T16:38:17.537+0800][43.362s][info][gc          ] GC(830) Pause Young (Normal) (G1 Evacuation Pause) 1725M->707M(2048M) 15.245ms
[2025-07-30T16:38:17.537+0800][43.362s][info][gc,cpu      ] GC(830) User=0.02s Sys=0.00s Real=0.01s
[2025-07-30T16:38:17.537+0800][43.362s][info][safepoint   ] Safepoint "G1CollectForAllocation", Time since last: 36699400 ns, Reaching safepoint: 2800 ns, Cleanup: 2500 ns, At safepoint: 15286700 ns, Total: 15292000 ns
[2025-07-30T16:38:17.574+0800][43.399s][info][gc,start    ] GC(831) Pause Young (Normal) (G1 Evacuation Pause)
[2025-07-30T16:38:17.574+0800][43.399s][info][gc,task     ] GC(831) Using 1 workers of 1 for evacuation
[2025-07-30T16:38:17.589+0800][43.415s][info][gc,phases   ] GC(831)   Pre Evacuate Collection Set: 0.5ms
[2025-07-30T16:38:17.589+0800][43.415s][info][gc,phases   ] GC(831)   Merge Heap Roots: 0.1ms
[2025-07-30T16:38:17.589+0800][43.415s][info][gc,phases   ] GC(831)   Evacuate Collection Set: 13.9ms
[2025-07-30T16:38:17.589+0800][43.415s][info][gc,phases   ] GC(831)   Post Evacuate Collection Set: 0.7ms
[2025-07-30T16:38:17.589+0800][43.415s][info][gc,phases   ] GC(831)   Other: 0.1ms
[2025-07-30T16:38:17.589+0800][43.415s][info][gc,heap     ] GC(831) Eden regions: 1019->0(1018)
[2025-07-30T16:38:17.589+0800][43.415s][info][gc,heap     ] GC(831) Survivor regions: 145->146(146)
[2025-07-30T16:38:17.589+0800][43.415s][info][gc,heap     ] GC(831) Old regions: 561->561
[2025-07-30T16:38:17.589+0800][43.415s][info][gc,heap     ] GC(831) Humongous regions: 3->3
[2025-07-30T16:38:17.589+0800][43.415s][info][gc,metaspace] GC(831) Metaspace: 7216K(7552K)->7216K(7552K) NonClass: 6491K(6656K)->6491K(6656K) Class: 724K(896K)->724K(896K)
[2025-07-30T16:38:17.589+0800][43.415s][info][gc          ] GC(831) Pause Young (Normal) (G1 Evacuation Pause) 1726M->708M(2048M) 15.380ms
[2025-07-30T16:38:17.589+0800][43.415s][info][gc,cpu      ] GC(831) User=0.02s Sys=0.00s Real=0.02s
[2025-07-30T16:38:17.589+0800][43.415s][info][safepoint   ] Safepoint "G1CollectForAllocation", Time since last: 37009300 ns, Reaching safepoint: 3300 ns, Cleanup: 4200 ns, At safepoint: 15425600 ns, Total: 15433100 ns
[2025-07-30T16:38:17.626+0800][43.452s][info][gc,start    ] GC(832) Pause Young (Normal) (G1 Evacuation Pause)
[2025-07-30T16:38:17.626+0800][43.452s][info][gc,task     ] GC(832) Using 1 workers of 1 for evacuation
[2025-07-30T16:38:17.642+0800][43.467s][info][gc,phases   ] GC(832)   Pre Evacuate Collection Set: 0.5ms
[2025-07-30T16:38:17.642+0800][43.467s][info][gc,phases   ] GC(832)   Merge Heap Roots: 0.1ms
[2025-07-30T16:38:17.642+0800][43.467s][info][gc,phases   ] GC(832)   Evacuate Collection Set: 14.3ms
[2025-07-30T16:38:17.642+0800][43.468s][info][gc,phases   ] GC(832)   Post Evacuate Collection Set: 0.8ms
[2025-07-30T16:38:17.642+0800][43.468s][info][gc,phases   ] GC(832)   Other: 0.1ms
[2025-07-30T16:38:17.642+0800][43.468s][info][gc,heap     ] GC(832) Eden regions: 1018->0(1018)
[2025-07-30T16:38:17.642+0800][43.468s][info][gc,heap     ] GC(832) Survivor regions: 146->146(146)
[2025-07-30T16:38:17.642+0800][43.468s][info][gc,heap     ] GC(832) Old regions: 561->561
[2025-07-30T16:38:17.642+0800][43.468s][info][gc,heap     ] GC(832) Humongous regions: 3->3
[2025-07-30T16:38:17.642+0800][43.468s][info][gc,metaspace] GC(832) Metaspace: 7216K(7552K)->7216K(7552K) NonClass: 6491K(6656K)->6491K(6656K) Class: 724K(896K)->724K(896K)
[2025-07-30T16:38:17.642+0800][43.468s][info][gc          ] GC(832) Pause Young (Normal) (G1 Evacuation Pause) 1726M->708M(2048M) 15.943ms
[2025-07-30T16:38:17.642+0800][43.468s][info][gc,cpu      ] GC(832) User=0.02s Sys=0.00s Real=0.02s
[2025-07-30T16:38:17.642+0800][43.468s][info][safepoint   ] Safepoint "G1CollectForAllocation", Time since last: 36893600 ns, Reaching safepoint: 4300 ns, Cleanup: 5100 ns, At safepoint: 15987900 ns, Total: 15997300 ns
[2025-07-30T16:38:17.679+0800][43.505s][info][gc,start    ] GC(833) Pause Young (Normal) (G1 Evacuation Pause)
[2025-07-30T16:38:17.679+0800][43.505s][info][gc,task     ] GC(833) Using 1 workers of 1 for evacuation
[2025-07-30T16:38:17.695+0800][43.521s][info][gc,phases   ] GC(833)   Pre Evacuate Collection Set: 0.4ms
[2025-07-30T16:38:17.695+0800][43.521s][info][gc,phases   ] GC(833)   Merge Heap Roots: 0.1ms
[2025-07-30T16:38:17.695+0800][43.521s][info][gc,phases   ] GC(833)   Evacuate Collection Set: 13.9ms
[2025-07-30T16:38:17.695+0800][43.521s][info][gc,phases   ] GC(833)   Post Evacuate Collection Set: 0.7ms
[2025-07-30T16:38:17.695+0800][43.521s][info][gc,phases   ] GC(833)   Other: 0.1ms
[2025-07-30T16:38:17.695+0800][43.521s][info][gc,heap     ] GC(833) Eden regions: 1018->0(1017)
[2025-07-30T16:38:17.695+0800][43.521s][info][gc,heap     ] GC(833) Survivor regions: 146->146(146)
[2025-07-30T16:38:17.695+0800][43.521s][info][gc,heap     ] GC(833) Old regions: 561->561
[2025-07-30T16:38:17.695+0800][43.521s][info][gc,heap     ] GC(833) Humongous regions: 3->3
[2025-07-30T16:38:17.695+0800][43.521s][info][gc,metaspace] GC(833) Metaspace: 7216K(7552K)->7216K(7552K) NonClass: 6491K(6656K)->6491K(6656K) Class: 724K(896K)->724K(896K)
[2025-07-30T16:38:17.696+0800][43.521s][info][gc          ] GC(833) Pause Young (Normal) (G1 Evacuation Pause) 1726M->709M(2048M) 15.356ms
[2025-07-30T16:38:17.696+0800][43.521s][info][gc,cpu      ] GC(833) User=0.02s Sys=0.00s Real=0.02s
[2025-07-30T16:38:17.696+0800][43.521s][info][safepoint   ] Safepoint "G1CollectForAllocation", Time since last: 37659300 ns, Reaching safepoint: 6400 ns, Cleanup: 5600 ns, At safepoint: 15400100 ns, Total: 15412100 ns
[2025-07-30T16:38:17.733+0800][43.558s][info][gc,start    ] GC(834) Pause Young (Normal) (G1 Evacuation Pause)
[2025-07-30T16:38:17.733+0800][43.558s][info][gc,task     ] GC(834) Using 1 workers of 1 for evacuation
[2025-07-30T16:38:17.748+0800][43.573s][info][gc,phases   ] GC(834)   Pre Evacuate Collection Set: 0.4ms
[2025-07-30T16:38:17.748+0800][43.573s][info][gc,phases   ] GC(834)   Merge Heap Roots: 0.1ms
[2025-07-30T16:38:17.748+0800][43.573s][info][gc,phases   ] GC(834)   Evacuate Collection Set: 14.0ms
[2025-07-30T16:38:17.748+0800][43.573s][info][gc,phases   ] GC(834)   Post Evacuate Collection Set: 0.7ms
[2025-07-30T16:38:17.748+0800][43.573s][info][gc,phases   ] GC(834)   Other: 0.1ms
[2025-07-30T16:38:17.748+0800][43.573s][info][gc,heap     ] GC(834) Eden regions: 1017->0(1019)
[2025-07-30T16:38:17.748+0800][43.573s][info][gc,heap     ] GC(834) Survivor regions: 146->145(146)
[2025-07-30T16:38:17.748+0800][43.573s][info][gc,heap     ] GC(834) Old regions: 561->561
[2025-07-30T16:38:17.748+0800][43.573s][info][gc,heap     ] GC(834) Humongous regions: 3->3
[2025-07-30T16:38:17.748+0800][43.573s][info][gc,metaspace] GC(834) Metaspace: 7216K(7552K)->7216K(7552K) NonClass: 6491K(6656K)->6491K(6656K) Class: 724K(896K)->724K(896K)
[2025-07-30T16:38:17.748+0800][43.573s][info][gc          ] GC(834) Pause Young (Normal) (G1 Evacuation Pause) 1726M->708M(2048M) 15.365ms
[2025-07-30T16:38:17.748+0800][43.573s][info][gc,cpu      ] GC(834) User=0.00s Sys=0.02s Real=0.01s
[2025-07-30T16:38:17.748+0800][43.573s][info][safepoint   ] Safepoint "G1CollectForAllocation", Time since last: 37070500 ns, Reaching safepoint: 3100 ns, Cleanup: 3500 ns, At safepoint: 15406600 ns, Total: 15413200 ns
[2025-07-30T16:38:17.784+0800][43.610s][info][gc,start    ] GC(835) Pause Young (Normal) (G1 Evacuation Pause)
[2025-07-30T16:38:17.784+0800][43.610s][info][gc,task     ] GC(835) Using 1 workers of 1 for evacuation
[2025-07-30T16:38:17.800+0800][43.625s][info][gc,phases   ] GC(835)   Pre Evacuate Collection Set: 0.4ms
[2025-07-30T16:38:17.800+0800][43.625s][info][gc,phases   ] GC(835)   Merge Heap Roots: 0.1ms
[2025-07-30T16:38:17.800+0800][43.625s][info][gc,phases   ] GC(835)   Evacuate Collection Set: 14.1ms
[2025-07-30T16:38:17.800+0800][43.625s][info][gc,phases   ] GC(835)   Post Evacuate Collection Set: 0.7ms
[2025-07-30T16:38:17.800+0800][43.625s][info][gc,phases   ] GC(835)   Other: 0.1ms
[2025-07-30T16:38:17.800+0800][43.625s][info][gc,heap     ] GC(835) Eden regions: 1019->0(1017)
[2025-07-30T16:38:17.800+0800][43.626s][info][gc,heap     ] GC(835) Survivor regions: 145->146(146)
[2025-07-30T16:38:17.800+0800][43.626s][info][gc,heap     ] GC(835) Old regions: 561->561
[2025-07-30T16:38:17.800+0800][43.626s][info][gc,heap     ] GC(835) Humongous regions: 3->3
[2025-07-30T16:38:17.800+0800][43.626s][info][gc,metaspace] GC(835) Metaspace: 7216K(7552K)->7216K(7552K) NonClass: 6491K(6656K)->6491K(6656K) Class: 724K(896K)->724K(896K)
[2025-07-30T16:38:17.800+0800][43.626s][info][gc          ] GC(835) Pause Young (Normal) (G1 Evacuation Pause) 1727M->709M(2048M) 15.579ms
[2025-07-30T16:38:17.800+0800][43.626s][info][gc,cpu      ] GC(835) User=0.02s Sys=0.00s Real=0.02s
[2025-07-30T16:38:17.800+0800][43.626s][info][safepoint   ] Safepoint "G1CollectForAllocation", Time since last: 36777300 ns, Reaching safepoint: 4100 ns, Cleanup: 4900 ns, At safepoint: 15624400 ns, Total: 15633400 ns
[2025-07-30T16:38:17.836+0800][43.662s][info][gc,start    ] GC(836) Pause Young (Normal) (G1 Evacuation Pause)
[2025-07-30T16:38:17.837+0800][43.662s][info][gc,task     ] GC(836) Using 1 workers of 1 for evacuation
[2025-07-30T16:38:17.852+0800][43.677s][info][gc,phases   ] GC(836)   Pre Evacuate Collection Set: 0.3ms
[2025-07-30T16:38:17.852+0800][43.677s][info][gc,phases   ] GC(836)   Merge Heap Roots: 0.0ms
[2025-07-30T16:38:17.852+0800][43.677s][info][gc,phases   ] GC(836)   Evacuate Collection Set: 13.8ms
[2025-07-30T16:38:17.852+0800][43.677s][info][gc,phases   ] GC(836)   Post Evacuate Collection Set: 0.6ms
[2025-07-30T16:38:17.852+0800][43.677s][info][gc,phases   ] GC(836)   Other: 0.1ms
[2025-07-30T16:38:17.852+0800][43.677s][info][gc,heap     ] GC(836) Eden regions: 1017->0(1019)
[2025-07-30T16:38:17.852+0800][43.677s][info][gc,heap     ] GC(836) Survivor regions: 146->145(146)
[2025-07-30T16:38:17.852+0800][43.677s][info][gc,heap     ] GC(836) Old regions: 561->561
[2025-07-30T16:38:17.852+0800][43.677s][info][gc,heap     ] GC(836) Humongous regions: 3->3
[2025-07-30T16:38:17.852+0800][43.677s][info][gc,metaspace] GC(836) Metaspace: 7216K(7552K)->7216K(7552K) NonClass: 6491K(6656K)->6491K(6656K) Class: 724K(896K)->724K(896K)
[2025-07-30T16:38:17.852+0800][43.677s][info][gc          ] GC(836) Pause Young (Normal) (G1 Evacuation Pause) 1726M->708M(2048M) 15.098ms
[2025-07-30T16:38:17.852+0800][43.677s][info][gc,cpu      ] GC(836) User=0.02s Sys=0.00s Real=0.02s
[2025-07-30T16:38:17.852+0800][43.677s][info][safepoint   ] Safepoint "G1CollectForAllocation", Time since last: 36653100 ns, Reaching safepoint: 2700 ns, Cleanup: 3000 ns, At safepoint: 15141000 ns, Total: 15146700 ns
[2025-07-30T16:38:17.888+0800][43.714s][info][gc,start    ] GC(837) Pause Young (Normal) (G1 Evacuation Pause)
[2025-07-30T16:38:17.888+0800][43.714s][info][gc,task     ] GC(837) Using 1 workers of 1 for evacuation
[2025-07-30T16:38:17.904+0800][43.730s][info][gc,phases   ] GC(837)   Pre Evacuate Collection Set: 0.4ms
[2025-07-30T16:38:17.904+0800][43.730s][info][gc,phases   ] GC(837)   Merge Heap Roots: 0.1ms
[2025-07-30T16:38:17.904+0800][43.730s][info][gc,phases   ] GC(837)   Evacuate Collection Set: 14.4ms
[2025-07-30T16:38:17.904+0800][43.730s][info][gc,phases   ] GC(837)   Post Evacuate Collection Set: 0.6ms
[2025-07-30T16:38:17.904+0800][43.730s][info][gc,phases   ] GC(837)   Other: 0.1ms
[2025-07-30T16:38:17.904+0800][43.730s][info][gc,heap     ] GC(837) Eden regions: 1019->0(1017)
[2025-07-30T16:38:17.904+0800][43.730s][info][gc,heap     ] GC(837) Survivor regions: 145->146(146)
[2025-07-30T16:38:17.904+0800][43.730s][info][gc,heap     ] GC(837) Old regions: 561->561
[2025-07-30T16:38:17.904+0800][43.730s][info][gc,heap     ] GC(837) Humongous regions: 3->3
[2025-07-30T16:38:17.904+0800][43.730s][info][gc,metaspace] GC(837) Metaspace: 7216K(7552K)->7216K(7552K) NonClass: 6491K(6656K)->6491K(6656K) Class: 724K(896K)->724K(896K)
[2025-07-30T16:38:17.904+0800][43.730s][info][gc          ] GC(837) Pause Young (Normal) (G1 Evacuation Pause) 1727M->709M(2048M) 15.684ms
[2025-07-30T16:38:17.905+0800][43.730s][info][gc,cpu      ] GC(837) User=0.02s Sys=0.00s Real=0.02s
[2025-07-30T16:38:17.905+0800][43.730s][info][safepoint   ] Safepoint "G1CollectForAllocation", Time since last: 36725600 ns, Reaching safepoint: 2600 ns, Cleanup: 3000 ns, At safepoint: 15725300 ns, Total: 15730900 ns
[2025-07-30T16:38:17.940+0800][43.766s][info][gc,start    ] GC(838) Pause Young (Normal) (G1 Evacuation Pause)
[2025-07-30T16:38:17.940+0800][43.766s][info][gc,task     ] GC(838) Using 1 workers of 1 for evacuation
[2025-07-30T16:38:17.955+0800][43.781s][info][gc,phases   ] GC(838)   Pre Evacuate Collection Set: 0.3ms
[2025-07-30T16:38:17.955+0800][43.781s][info][gc,phases   ] GC(838)   Merge Heap Roots: 0.1ms
[2025-07-30T16:38:17.955+0800][43.781s][info][gc,phases   ] GC(838)   Evacuate Collection Set: 13.8ms
[2025-07-30T16:38:17.955+0800][43.781s][info][gc,phases   ] GC(838)   Post Evacuate Collection Set: 0.6ms
[2025-07-30T16:38:17.955+0800][43.781s][info][gc,phases   ] GC(838)   Other: 0.1ms
[2025-07-30T16:38:17.955+0800][43.781s][info][gc,heap     ] GC(838) Eden regions: 1017->0(1017)
[2025-07-30T16:38:17.955+0800][43.781s][info][gc,heap     ] GC(838) Survivor regions: 146->146(146)
[2025-07-30T16:38:17.955+0800][43.781s][info][gc,heap     ] GC(838) Old regions: 561->561
[2025-07-30T16:38:17.955+0800][43.781s][info][gc,heap     ] GC(838) Humongous regions: 3->3
[2025-07-30T16:38:17.955+0800][43.781s][info][gc,metaspace] GC(838) Metaspace: 7216K(7552K)->7216K(7552K) NonClass: 6491K(6656K)->6491K(6656K) Class: 724K(896K)->724K(896K)
[2025-07-30T16:38:17.955+0800][43.781s][info][gc          ] GC(838) Pause Young (Normal) (G1 Evacuation Pause) 1726M->708M(2048M) 15.003ms
[2025-07-30T16:38:17.955+0800][43.781s][info][gc,cpu      ] GC(838) User=0.02s Sys=0.00s Real=0.01s
[2025-07-30T16:38:17.956+0800][43.781s][info][safepoint   ] Safepoint "G1CollectForAllocation", Time since last: 36242200 ns, Reaching safepoint: 3000 ns, Cleanup: 2900 ns, At safepoint: 15040700 ns, Total: 15046600 ns
[2025-07-30T16:38:17.992+0800][43.818s][info][gc,start    ] GC(839) Pause Young (Normal) (G1 Evacuation Pause)
[2025-07-30T16:38:17.992+0800][43.818s][info][gc,task     ] GC(839) Using 1 workers of 1 for evacuation
[2025-07-30T16:38:18.008+0800][43.833s][info][gc,phases   ] GC(839)   Pre Evacuate Collection Set: 0.4ms
[2025-07-30T16:38:18.008+0800][43.833s][info][gc,phases   ] GC(839)   Merge Heap Roots: 0.1ms
[2025-07-30T16:38:18.008+0800][43.833s][info][gc,phases   ] GC(839)   Evacuate Collection Set: 14.4ms
[2025-07-30T16:38:18.008+0800][43.833s][info][gc,phases   ] GC(839)   Post Evacuate Collection Set: 0.6ms
[2025-07-30T16:38:18.008+0800][43.833s][info][gc,phases   ] GC(839)   Other: 0.1ms
[2025-07-30T16:38:18.008+0800][43.833s][info][gc,heap     ] GC(839) Eden regions: 1017->0(1019)
[2025-07-30T16:38:18.008+0800][43.833s][info][gc,heap     ] GC(839) Survivor regions: 146->145(146)
[2025-07-30T16:38:18.008+0800][43.833s][info][gc,heap     ] GC(839) Old regions: 561->561
[2025-07-30T16:38:18.008+0800][43.833s][info][gc,heap     ] GC(839) Humongous regions: 3->3
[2025-07-30T16:38:18.008+0800][43.833s][info][gc,metaspace] GC(839) Metaspace: 7216K(7552K)->7216K(7552K) NonClass: 6491K(6656K)->6491K(6656K) Class: 724K(896K)->724K(896K)
[2025-07-30T16:38:18.008+0800][43.833s][info][gc          ] GC(839) Pause Young (Normal) (G1 Evacuation Pause) 1725M->707M(2048M) 15.737ms
[2025-07-30T16:38:18.008+0800][43.833s][info][gc,cpu      ] GC(839) User=0.02s Sys=0.00s Real=0.02s
[2025-07-30T16:38:18.008+0800][43.833s][info][safepoint   ] Safepoint "G1CollectForAllocation", Time since last: 36413400 ns, Reaching safepoint: 2700 ns, Cleanup: 3300 ns, At safepoint: 15787100 ns, Total: 15793100 ns
[2025-07-30T16:38:18.048+0800][43.873s][info][gc,start    ] GC(840) Pause Young (Normal) (G1 Evacuation Pause)
[2025-07-30T16:38:18.048+0800][43.873s][info][gc,task     ] GC(840) Using 1 workers of 1 for evacuation
[2025-07-30T16:38:18.063+0800][43.889s][info][gc,phases   ] GC(840)   Pre Evacuate Collection Set: 0.4ms
[2025-07-30T16:38:18.063+0800][43.889s][info][gc,phases   ] GC(840)   Merge Heap Roots: 0.1ms
[2025-07-30T16:38:18.063+0800][43.889s][info][gc,phases   ] GC(840)   Evacuate Collection Set: 14.4ms
[2025-07-30T16:38:18.063+0800][43.889s][info][gc,phases   ] GC(840)   Post Evacuate Collection Set: 0.7ms
[2025-07-30T16:38:18.063+0800][43.889s][info][gc,phases   ] GC(840)   Other: 0.1ms
[2025-07-30T16:38:18.063+0800][43.889s][info][gc,heap     ] GC(840) Eden regions: 1019->0(1018)
[2025-07-30T16:38:18.063+0800][43.889s][info][gc,heap     ] GC(840) Survivor regions: 145->146(146)
[2025-07-30T16:38:18.063+0800][43.889s][info][gc,heap     ] GC(840) Old regions: 561->561
[2025-07-30T16:38:18.063+0800][43.889s][info][gc,heap     ] GC(840) Humongous regions: 3->3
[2025-07-30T16:38:18.063+0800][43.889s][info][gc,metaspace] GC(840) Metaspace: 7216K(7552K)->7216K(7552K) NonClass: 6491K(6656K)->6491K(6656K) Class: 724K(896K)->724K(896K)
[2025-07-30T16:38:18.064+0800][43.889s][info][gc          ] GC(840) Pause Young (Normal) (G1 Evacuation Pause) 1726M->708M(2048M) 15.687ms
[2025-07-30T16:38:18.064+0800][43.889s][info][gc,cpu      ] GC(840) User=0.02s Sys=0.00s Real=0.02s
[2025-07-30T16:38:18.064+0800][43.889s][info][safepoint   ] Safepoint "G1CollectForAllocation", Time since last: 39741500 ns, Reaching safepoint: 2800 ns, Cleanup: 2800 ns, At safepoint: 15727700 ns, Total: 15733300 ns
[2025-07-30T16:38:18.099+0800][43.925s][info][gc,start    ] GC(841) Pause Young (Normal) (G1 Evacuation Pause)
[2025-07-30T16:38:18.099+0800][43.925s][info][gc,task     ] GC(841) Using 1 workers of 1 for evacuation
[2025-07-30T16:38:18.115+0800][43.940s][info][gc,phases   ] GC(841)   Pre Evacuate Collection Set: 0.5ms
[2025-07-30T16:38:18.115+0800][43.940s][info][gc,phases   ] GC(841)   Merge Heap Roots: 0.1ms
[2025-07-30T16:38:18.115+0800][43.940s][info][gc,phases   ] GC(841)   Evacuate Collection Set: 14.0ms
[2025-07-30T16:38:18.115+0800][43.940s][info][gc,phases   ] GC(841)   Post Evacuate Collection Set: 0.7ms
[2025-07-30T16:38:18.115+0800][43.941s][info][gc,phases   ] GC(841)   Other: 0.1ms
[2025-07-30T16:38:18.115+0800][43.941s][info][gc,heap     ] GC(841) Eden regions: 1018->0(1018)
[2025-07-30T16:38:18.115+0800][43.941s][info][gc,heap     ] GC(841) Survivor regions: 146->146(146)
[2025-07-30T16:38:18.115+0800][43.941s][info][gc,heap     ] GC(841) Old regions: 561->561
[2025-07-30T16:38:18.115+0800][43.941s][info][gc,heap     ] GC(841) Humongous regions: 3->3
[2025-07-30T16:38:18.115+0800][43.941s][info][gc,metaspace] GC(841) Metaspace: 7216K(7552K)->7216K(7552K) NonClass: 6491K(6656K)->6491K(6656K) Class: 724K(896K)->724K(896K)
[2025-07-30T16:38:18.115+0800][43.941s][info][gc          ] GC(841) Pause Young (Normal) (G1 Evacuation Pause) 1726M->708M(2048M) 15.568ms
[2025-07-30T16:38:18.115+0800][43.941s][info][gc,cpu      ] GC(841) User=0.02s Sys=0.00s Real=0.02s
[2025-07-30T16:38:18.115+0800][43.941s][info][safepoint   ] Safepoint "G1CollectForAllocation", Time since last: 36184500 ns, Reaching safepoint: 4100 ns, Cleanup: 4800 ns, At safepoint: 15616800 ns, Total: 15625700 ns
[2025-07-30T16:38:18.151+0800][43.977s][info][gc,start    ] GC(842) Pause Young (Normal) (G1 Evacuation Pause)
[2025-07-30T16:38:18.152+0800][43.977s][info][gc,task     ] GC(842) Using 1 workers of 1 for evacuation
[2025-07-30T16:38:18.168+0800][43.993s][info][gc,phases   ] GC(842)   Pre Evacuate Collection Set: 0.5ms
[2025-07-30T16:38:18.168+0800][43.993s][info][gc,phases   ] GC(842)   Merge Heap Roots: 0.1ms
[2025-07-30T16:38:18.168+0800][43.993s][info][gc,phases   ] GC(842)   Evacuate Collection Set: 14.4ms
[2025-07-30T16:38:18.168+0800][43.993s][info][gc,phases   ] GC(842)   Post Evacuate Collection Set: 0.7ms
[2025-07-30T16:38:18.168+0800][43.993s][info][gc,phases   ] GC(842)   Other: 0.1ms
[2025-07-30T16:38:18.168+0800][43.993s][info][gc,heap     ] GC(842) Eden regions: 1018->0(1018)
[2025-07-30T16:38:18.168+0800][43.993s][info][gc,heap     ] GC(842) Survivor regions: 146->146(146)
[2025-07-30T16:38:18.168+0800][43.993s][info][gc,heap     ] GC(842) Old regions: 561->561
[2025-07-30T16:38:18.168+0800][43.993s][info][gc,heap     ] GC(842) Humongous regions: 3->3
[2025-07-30T16:38:18.168+0800][43.993s][info][gc,metaspace] GC(842) Metaspace: 7216K(7552K)->7216K(7552K) NonClass: 6491K(6656K)->6491K(6656K) Class: 724K(896K)->724K(896K)
[2025-07-30T16:38:18.168+0800][43.993s][info][gc          ] GC(842) Pause Young (Normal) (G1 Evacuation Pause) 1726M->708M(2048M) 15.911ms
[2025-07-30T16:38:18.168+0800][43.993s][info][gc,cpu      ] GC(842) User=0.02s Sys=0.00s Real=0.02s
[2025-07-30T16:38:18.168+0800][43.993s][info][safepoint   ] Safepoint "G1CollectForAllocation", Time since last: 36665600 ns, Reaching safepoint: 3800 ns, Cleanup: 4700 ns, At safepoint: 15955100 ns, Total: 15963600 ns
[2025-07-30T16:38:18.204+0800][44.029s][info][gc,start    ] GC(843) Pause Young (Normal) (G1 Evacuation Pause)
[2025-07-30T16:38:18.204+0800][44.029s][info][gc,task     ] GC(843) Using 1 workers of 1 for evacuation
[2025-07-30T16:38:18.218+0800][44.044s][info][gc,phases   ] GC(843)   Pre Evacuate Collection Set: 0.3ms
[2025-07-30T16:38:18.218+0800][44.044s][info][gc,phases   ] GC(843)   Merge Heap Roots: 0.0ms
[2025-07-30T16:38:18.219+0800][44.044s][info][gc,phases   ] GC(843)   Evacuate Collection Set: 13.8ms
[2025-07-30T16:38:18.219+0800][44.044s][info][gc,phases   ] GC(843)   Post Evacuate Collection Set: 0.6ms
[2025-07-30T16:38:18.219+0800][44.044s][info][gc,phases   ] GC(843)   Other: 0.1ms
[2025-07-30T16:38:18.219+0800][44.044s][info][gc,heap     ] GC(843) Eden regions: 1018->0(1017)
[2025-07-30T16:38:18.219+0800][44.044s][info][gc,heap     ] GC(843) Survivor regions: 146->146(146)
[2025-07-30T16:38:18.219+0800][44.044s][info][gc,heap     ] GC(843) Old regions: 561->561
[2025-07-30T16:38:18.219+0800][44.044s][info][gc,heap     ] GC(843) Humongous regions: 3->3
[2025-07-30T16:38:18.219+0800][44.044s][info][gc,metaspace] GC(843) Metaspace: 7216K(7552K)->7216K(7552K) NonClass: 6491K(6656K)->6491K(6656K) Class: 724K(896K)->724K(896K)
[2025-07-30T16:38:18.219+0800][44.044s][info][gc          ] GC(843) Pause Young (Normal) (G1 Evacuation Pause) 1726M->709M(2048M) 14.981ms
[2025-07-30T16:38:18.219+0800][44.044s][info][gc,cpu      ] GC(843) User=0.00s Sys=0.00s Real=0.02s
[2025-07-30T16:38:18.219+0800][44.044s][info][safepoint   ] Safepoint "G1CollectForAllocation", Time since last: 35971700 ns, Reaching safepoint: 2200 ns, Cleanup: 2500 ns, At safepoint: 15023900 ns, Total: 15028600 ns
[2025-07-30T16:38:18.255+0800][44.081s][info][gc,start    ] GC(844) Pause Young (Normal) (G1 Evacuation Pause)
[2025-07-30T16:38:18.255+0800][44.081s][info][gc,task     ] GC(844) Using 1 workers of 1 for evacuation
[2025-07-30T16:38:18.269+0800][44.095s][info][gc,phases   ] GC(844)   Pre Evacuate Collection Set: 0.3ms
[2025-07-30T16:38:18.269+0800][44.095s][info][gc,phases   ] GC(844)   Merge Heap Roots: 0.0ms
[2025-07-30T16:38:18.269+0800][44.095s][info][gc,phases   ] GC(844)   Evacuate Collection Set: 13.6ms
[2025-07-30T16:38:18.270+0800][44.095s][info][gc,phases   ] GC(844)   Post Evacuate Collection Set: 0.6ms
[2025-07-30T16:38:18.270+0800][44.095s][info][gc,phases   ] GC(844)   Other: 0.1ms
[2025-07-30T16:38:18.270+0800][44.095s][info][gc,heap     ] GC(844) Eden regions: 1017->0(1019)
[2025-07-30T16:38:18.270+0800][44.095s][info][gc,heap     ] GC(844) Survivor regions: 146->145(146)
[2025-07-30T16:38:18.270+0800][44.095s][info][gc,heap     ] GC(844) Old regions: 561->561
[2025-07-30T16:38:18.270+0800][44.095s][info][gc,heap     ] GC(844) Humongous regions: 3->3
[2025-07-30T16:38:18.270+0800][44.095s][info][gc,metaspace] GC(844) Metaspace: 7216K(7552K)->7216K(7552K) NonClass: 6491K(6656K)->6491K(6656K) Class: 724K(896K)->724K(896K)
[2025-07-30T16:38:18.270+0800][44.095s][info][gc          ] GC(844) Pause Young (Normal) (G1 Evacuation Pause) 1726M->708M(2048M) 14.761ms
[2025-07-30T16:38:18.270+0800][44.095s][info][gc,cpu      ] GC(844) User=0.02s Sys=0.00s Real=0.01s
[2025-07-30T16:38:18.270+0800][44.095s][info][safepoint   ] Safepoint "G1CollectForAllocation", Time since last: 36277700 ns, Reaching safepoint: 2300 ns, Cleanup: 2800 ns, At safepoint: 14817000 ns, Total: 14822100 ns
[2025-07-30T16:38:18.307+0800][44.132s][info][gc,start    ] GC(845) Pause Young (Normal) (G1 Evacuation Pause)
[2025-07-30T16:38:18.307+0800][44.132s][info][gc,task     ] GC(845) Using 1 workers of 1 for evacuation
[2025-07-30T16:38:18.322+0800][44.147s][info][gc,phases   ] GC(845)   Pre Evacuate Collection Set: 0.3ms
[2025-07-30T16:38:18.322+0800][44.147s][info][gc,phases   ] GC(845)   Merge Heap Roots: 0.0ms
[2025-07-30T16:38:18.322+0800][44.147s][info][gc,phases   ] GC(845)   Evacuate Collection Set: 13.7ms
[2025-07-30T16:38:18.322+0800][44.147s][info][gc,phases   ] GC(845)   Post Evacuate Collection Set: 0.6ms
[2025-07-30T16:38:18.322+0800][44.147s][info][gc,phases   ] GC(845)   Other: 0.1ms
[2025-07-30T16:38:18.322+0800][44.147s][info][gc,heap     ] GC(845) Eden regions: 1019->0(1017)
[2025-07-30T16:38:18.322+0800][44.147s][info][gc,heap     ] GC(845) Survivor regions: 145->146(146)
[2025-07-30T16:38:18.322+0800][44.147s][info][gc,heap     ] GC(845) Old regions: 561->561
[2025-07-30T16:38:18.322+0800][44.147s][info][gc,heap     ] GC(845) Humongous regions: 3->3
[2025-07-30T16:38:18.322+0800][44.147s][info][gc,metaspace] GC(845) Metaspace: 7216K(7552K)->7216K(7552K) NonClass: 6491K(6656K)->6491K(6656K) Class: 724K(896K)->724K(896K)
[2025-07-30T16:38:18.322+0800][44.147s][info][gc          ] GC(845) Pause Young (Normal) (G1 Evacuation Pause) 1727M->709M(2048M) 14.921ms
[2025-07-30T16:38:18.322+0800][44.147s][info][gc,cpu      ] GC(845) User=0.02s Sys=0.00s Real=0.02s
[2025-07-30T16:38:18.322+0800][44.147s][info][safepoint   ] Safepoint "G1CollectForAllocation", Time since last: 36902000 ns, Reaching safepoint: 2400 ns, Cleanup: 2600 ns, At safepoint: 14960400 ns, Total: 14965400 ns
[2025-07-30T16:38:18.358+0800][44.184s][info][gc,start    ] GC(846) Pause Young (Normal) (G1 Evacuation Pause)
[2025-07-30T16:38:18.358+0800][44.184s][info][gc,task     ] GC(846) Using 1 workers of 1 for evacuation
[2025-07-30T16:38:18.373+0800][44.199s][info][gc,phases   ] GC(846)   Pre Evacuate Collection Set: 0.4ms
[2025-07-30T16:38:18.373+0800][44.199s][info][gc,phases   ] GC(846)   Merge Heap Roots: 0.1ms
[2025-07-30T16:38:18.373+0800][44.199s][info][gc,phases   ] GC(846)   Evacuate Collection Set: 13.9ms
[2025-07-30T16:38:18.373+0800][44.199s][info][gc,phases   ] GC(846)   Post Evacuate Collection Set: 0.7ms
[2025-07-30T16:38:18.373+0800][44.199s][info][gc,phases   ] GC(846)   Other: 0.1ms
[2025-07-30T16:38:18.373+0800][44.199s][info][gc,heap     ] GC(846) Eden regions: 1017->0(1019)
[2025-07-30T16:38:18.373+0800][44.199s][info][gc,heap     ] GC(846) Survivor regions: 146->145(146)
[2025-07-30T16:38:18.373+0800][44.199s][info][gc,heap     ] GC(846) Old regions: 561->561
[2025-07-30T16:38:18.373+0800][44.199s][info][gc,heap     ] GC(846) Humongous regions: 3->3
[2025-07-30T16:38:18.373+0800][44.199s][info][gc,metaspace] GC(846) Metaspace: 7216K(7552K)->7216K(7552K) NonClass: 6491K(6656K)->6491K(6656K) Class: 724K(896K)->724K(896K)
[2025-07-30T16:38:18.374+0800][44.199s][info][gc          ] GC(846) Pause Young (Normal) (G1 Evacuation Pause) 1726M->708M(2048M) 15.339ms
[2025-07-30T16:38:18.374+0800][44.199s][info][gc,cpu      ] GC(846) User=0.02s Sys=0.00s Real=0.02s
[2025-07-30T16:38:18.374+0800][44.199s][info][safepoint   ] Safepoint "G1CollectForAllocation", Time since last: 36836300 ns, Reaching safepoint: 3300 ns, Cleanup: 4000 ns, At safepoint: 15387500 ns, Total: 15394800 ns
[2025-07-30T16:38:18.410+0800][44.236s][info][gc,start    ] GC(847) Pause Young (Normal) (G1 Evacuation Pause)
[2025-07-30T16:38:18.410+0800][44.236s][info][gc,task     ] GC(847) Using 1 workers of 1 for evacuation
[2025-07-30T16:38:18.426+0800][44.252s][info][gc,phases   ] GC(847)   Pre Evacuate Collection Set: 0.5ms
[2025-07-30T16:38:18.426+0800][44.252s][info][gc,phases   ] GC(847)   Merge Heap Roots: 0.1ms
[2025-07-30T16:38:18.426+0800][44.252s][info][gc,phases   ] GC(847)   Evacuate Collection Set: 14.2ms
[2025-07-30T16:38:18.426+0800][44.252s][info][gc,phases   ] GC(847)   Post Evacuate Collection Set: 0.6ms
[2025-07-30T16:38:18.426+0800][44.252s][info][gc,phases   ] GC(847)   Other: 0.1ms
[2025-07-30T16:38:18.426+0800][44.252s][info][gc,heap     ] GC(847) Eden regions: 1019->0(1017)
[2025-07-30T16:38:18.426+0800][44.252s][info][gc,heap     ] GC(847) Survivor regions: 145->146(146)
[2025-07-30T16:38:18.426+0800][44.252s][info][gc,heap     ] GC(847) Old regions: 561->561
[2025-07-30T16:38:18.426+0800][44.252s][info][gc,heap     ] GC(847) Humongous regions: 3->3
[2025-07-30T16:38:18.426+0800][44.252s][info][gc,metaspace] GC(847) Metaspace: 7216K(7552K)->7216K(7552K) NonClass: 6491K(6656K)->6491K(6656K) Class: 724K(896K)->724K(896K)
[2025-07-30T16:38:18.426+0800][44.252s][info][gc          ] GC(847) Pause Young (Normal) (G1 Evacuation Pause) 1727M->709M(2048M) 15.738ms
[2025-07-30T16:38:18.426+0800][44.252s][info][gc,cpu      ] GC(847) User=0.02s Sys=0.00s Real=0.02s
[2025-07-30T16:38:18.426+0800][44.252s][info][safepoint   ] Safepoint "G1CollectForAllocation", Time since last: 36933400 ns, Reaching safepoint: 4100 ns, Cleanup: 4500 ns, At safepoint: 15782500 ns, Total: 15791100 ns
[2025-07-30T16:38:18.463+0800][44.289s][info][gc,start    ] GC(848) Pause Young (Normal) (G1 Evacuation Pause)
[2025-07-30T16:38:18.463+0800][44.289s][info][gc,task     ] GC(848) Using 1 workers of 1 for evacuation
[2025-07-30T16:38:18.479+0800][44.304s][info][gc,phases   ] GC(848)   Pre Evacuate Collection Set: 0.3ms
[2025-07-30T16:38:18.479+0800][44.304s][info][gc,phases   ] GC(848)   Merge Heap Roots: 0.0ms
[2025-07-30T16:38:18.479+0800][44.304s][info][gc,phases   ] GC(848)   Evacuate Collection Set: 14.2ms
[2025-07-30T16:38:18.479+0800][44.304s][info][gc,phases   ] GC(848)   Post Evacuate Collection Set: 0.6ms
[2025-07-30T16:38:18.479+0800][44.305s][info][gc,phases   ] GC(848)   Other: 0.1ms
[2025-07-30T16:38:18.479+0800][44.305s][info][gc,heap     ] GC(848) Eden regions: 1017->0(1017)
[2025-07-30T16:38:18.479+0800][44.305s][info][gc,heap     ] GC(848) Survivor regions: 146->146(146)
[2025-07-30T16:38:18.479+0800][44.305s][info][gc,heap     ] GC(848) Old regions: 561->561
[2025-07-30T16:38:18.479+0800][44.305s][info][gc,heap     ] GC(848) Humongous regions: 3->3
[2025-07-30T16:38:18.479+0800][44.305s][info][gc,metaspace] GC(848) Metaspace: 7216K(7552K)->7216K(7552K) NonClass: 6491K(6656K)->6491K(6656K) Class: 724K(896K)->724K(896K)
[2025-07-30T16:38:18.479+0800][44.305s][info][gc          ] GC(848) Pause Young (Normal) (G1 Evacuation Pause) 1726M->708M(2048M) 15.421ms
[2025-07-30T16:38:18.479+0800][44.305s][info][gc,cpu      ] GC(848) User=0.02s Sys=0.00s Real=0.02s
[2025-07-30T16:38:18.479+0800][44.305s][info][safepoint   ] Safepoint "G1CollectForAllocation", Time since last: 36976900 ns, Reaching safepoint: 2600 ns, Cleanup: 3300 ns, At safepoint: 15461700 ns, Total: 15467600 ns
[2025-07-30T16:38:18.516+0800][44.342s][info][gc,start    ] GC(849) Pause Young (Normal) (G1 Evacuation Pause)
[2025-07-30T16:38:18.516+0800][44.342s][info][gc,task     ] GC(849) Using 1 workers of 1 for evacuation
[2025-07-30T16:38:18.531+0800][44.357s][info][gc,phases   ] GC(849)   Pre Evacuate Collection Set: 0.3ms
[2025-07-30T16:38:18.531+0800][44.357s][info][gc,phases   ] GC(849)   Merge Heap Roots: 0.0ms
[2025-07-30T16:38:18.531+0800][44.357s][info][gc,phases   ] GC(849)   Evacuate Collection Set: 13.8ms
[2025-07-30T16:38:18.531+0800][44.357s][info][gc,phases   ] GC(849)   Post Evacuate Collection Set: 0.6ms
[2025-07-30T16:38:18.531+0800][44.357s][info][gc,phases   ] GC(849)   Other: 0.1ms
[2025-07-30T16:38:18.531+0800][44.357s][info][gc,heap     ] GC(849) Eden regions: 1017->0(1019)
[2025-07-30T16:38:18.531+0800][44.357s][info][gc,heap     ] GC(849) Survivor regions: 146->145(146)
[2025-07-30T16:38:18.531+0800][44.357s][info][gc,heap     ] GC(849) Old regions: 561->561
[2025-07-30T16:38:18.531+0800][44.357s][info][gc,heap     ] GC(849) Humongous regions: 3->3
[2025-07-30T16:38:18.531+0800][44.357s][info][gc,metaspace] GC(849) Metaspace: 7223K(7552K)->7223K(7552K) NonClass: 6498K(6656K)->6498K(6656K) Class: 724K(896K)->724K(896K)
[2025-07-30T16:38:18.531+0800][44.357s][info][gc          ] GC(849) Pause Young (Normal) (G1 Evacuation Pause) 1725M->707M(2048M) 15.034ms
[2025-07-30T16:38:18.531+0800][44.357s][info][gc,cpu      ] GC(849) User=0.02s Sys=0.00s Real=0.01s
[2025-07-30T16:38:18.531+0800][44.357s][info][safepoint   ] Safepoint "G1CollectForAllocation", Time since last: 37528800 ns, Reaching safepoint: 1900 ns, Cleanup: 3000 ns, At safepoint: 15072900 ns, Total: 15077800 ns
[2025-07-30T16:38:18.570+0800][44.395s][info][gc,start    ] GC(850) Pause Young (Normal) (G1 Evacuation Pause)
[2025-07-30T16:38:18.570+0800][44.395s][info][gc,task     ] GC(850) Using 1 workers of 1 for evacuation
[2025-07-30T16:38:18.585+0800][44.410s][info][gc,phases   ] GC(850)   Pre Evacuate Collection Set: 0.4ms
[2025-07-30T16:38:18.585+0800][44.410s][info][gc,phases   ] GC(850)   Merge Heap Roots: 0.1ms
[2025-07-30T16:38:18.585+0800][44.410s][info][gc,phases   ] GC(850)   Evacuate Collection Set: 13.8ms
[2025-07-30T16:38:18.585+0800][44.410s][info][gc,phases   ] GC(850)   Post Evacuate Collection Set: 0.7ms
[2025-07-30T16:38:18.585+0800][44.410s][info][gc,phases   ] GC(850)   Other: 0.1ms
[2025-07-30T16:38:18.585+0800][44.410s][info][gc,heap     ] GC(850) Eden regions: 1019->0(1018)
[2025-07-30T16:38:18.585+0800][44.410s][info][gc,heap     ] GC(850) Survivor regions: 145->146(146)
[2025-07-30T16:38:18.585+0800][44.410s][info][gc,heap     ] GC(850) Old regions: 561->561
[2025-07-30T16:38:18.585+0800][44.410s][info][gc,heap     ] GC(850) Humongous regions: 3->3
[2025-07-30T16:38:18.585+0800][44.410s][info][gc,metaspace] GC(850) Metaspace: 7224K(7552K)->7224K(7552K) NonClass: 6500K(6656K)->6500K(6656K) Class: 724K(896K)->724K(896K)
[2025-07-30T16:38:18.585+0800][44.410s][info][gc          ] GC(850) Pause Young (Normal) (G1 Evacuation Pause) 1726M->708M(2048M) 15.205ms
[2025-07-30T16:38:18.585+0800][44.410s][info][gc,cpu      ] GC(850) User=0.02s Sys=0.00s Real=0.02s
[2025-07-30T16:38:18.585+0800][44.410s][info][safepoint   ] Safepoint "G1CollectForAllocation", Time since last: 37995000 ns, Reaching safepoint: 3400 ns, Cleanup: 8000 ns, At safepoint: 15248900 ns, Total: 15260300 ns
[2025-07-30T16:38:18.622+0800][44.447s][info][gc,start    ] GC(851) Pause Young (Normal) (G1 Evacuation Pause)
[2025-07-30T16:38:18.622+0800][44.447s][info][gc,task     ] GC(851) Using 1 workers of 1 for evacuation
[2025-07-30T16:38:18.637+0800][44.463s][info][gc,phases   ] GC(851)   Pre Evacuate Collection Set: 0.4ms
[2025-07-30T16:38:18.637+0800][44.463s][info][gc,phases   ] GC(851)   Merge Heap Roots: 0.1ms
[2025-07-30T16:38:18.637+0800][44.463s][info][gc,phases   ] GC(851)   Evacuate Collection Set: 14.3ms
[2025-07-30T16:38:18.637+0800][44.463s][info][gc,phases   ] GC(851)   Post Evacuate Collection Set: 0.8ms
[2025-07-30T16:38:18.637+0800][44.463s][info][gc,phases   ] GC(851)   Other: 0.1ms
[2025-07-30T16:38:18.637+0800][44.463s][info][gc,heap     ] GC(851) Eden regions: 1018->0(1018)
[2025-07-30T16:38:18.637+0800][44.463s][info][gc,heap     ] GC(851) Survivor regions: 146->146(146)
[2025-07-30T16:38:18.637+0800][44.463s][info][gc,heap     ] GC(851) Old regions: 561->561
[2025-07-30T16:38:18.637+0800][44.463s][info][gc,heap     ] GC(851) Humongous regions: 3->3
[2025-07-30T16:38:18.637+0800][44.463s][info][gc,metaspace] GC(851) Metaspace: 7224K(7552K)->7224K(7552K) NonClass: 6500K(6656K)->6500K(6656K) Class: 724K(896K)->724K(896K)
[2025-07-30T16:38:18.637+0800][44.463s][info][gc          ] GC(851) Pause Young (Normal) (G1 Evacuation Pause) 1726M->708M(2048M) 15.877ms
[2025-07-30T16:38:18.637+0800][44.463s][info][gc,cpu      ] GC(851) User=0.02s Sys=0.00s Real=0.02s
[2025-07-30T16:38:18.637+0800][44.463s][info][safepoint   ] Safepoint "G1CollectForAllocation", Time since last: 36683000 ns, Reaching safepoint: 2600 ns, Cleanup: 3300 ns, At safepoint: 15921400 ns, Total: 15927300 ns
[2025-07-30T16:38:18.674+0800][44.499s][info][gc,start    ] GC(852) Pause Young (Normal) (G1 Evacuation Pause)
[2025-07-30T16:38:18.674+0800][44.499s][info][gc,task     ] GC(852) Using 1 workers of 1 for evacuation
[2025-07-30T16:38:18.689+0800][44.515s][info][gc,phases   ] GC(852)   Pre Evacuate Collection Set: 0.4ms
[2025-07-30T16:38:18.689+0800][44.515s][info][gc,phases   ] GC(852)   Merge Heap Roots: 0.1ms
[2025-07-30T16:38:18.689+0800][44.515s][info][gc,phases   ] GC(852)   Evacuate Collection Set: 14.0ms
[2025-07-30T16:38:18.690+0800][44.515s][info][gc,phases   ] GC(852)   Post Evacuate Collection Set: 0.8ms
[2025-07-30T16:38:18.690+0800][44.515s][info][gc,phases   ] GC(852)   Other: 0.1ms
[2025-07-30T16:38:18.690+0800][44.515s][info][gc,heap     ] GC(852) Eden regions: 1018->0(1017)
[2025-07-30T16:38:18.690+0800][44.515s][info][gc,heap     ] GC(852) Survivor regions: 146->146(146)
[2025-07-30T16:38:18.690+0800][44.515s][info][gc,heap     ] GC(852) Old regions: 561->561
[2025-07-30T16:38:18.690+0800][44.515s][info][gc,heap     ] GC(852) Humongous regions: 3->3
[2025-07-30T16:38:18.690+0800][44.515s][info][gc,metaspace] GC(852) Metaspace: 7224K(7552K)->7224K(7552K) NonClass: 6500K(6656K)->6500K(6656K) Class: 724K(896K)->724K(896K)
[2025-07-30T16:38:18.690+0800][44.515s][info][gc          ] GC(852) Pause Young (Normal) (G1 Evacuation Pause) 1726M->708M(2048M) 15.427ms
[2025-07-30T16:38:18.690+0800][44.515s][info][gc,cpu      ] GC(852) User=0.02s Sys=0.00s Real=0.02s
[2025-07-30T16:38:18.690+0800][44.515s][info][safepoint   ] Safepoint "G1CollectForAllocation", Time since last: 36334500 ns, Reaching safepoint: 2700 ns, Cleanup: 3000 ns, At safepoint: 15468000 ns, Total: 15473700 ns
[2025-07-30T16:38:18.725+0800][44.551s][info][gc,start    ] GC(853) Pause Young (Normal) (G1 Evacuation Pause)
[2025-07-30T16:38:18.726+0800][44.551s][info][gc,task     ] GC(853) Using 1 workers of 1 for evacuation
[2025-07-30T16:38:18.740+0800][44.566s][info][gc,phases   ] GC(853)   Pre Evacuate Collection Set: 0.4ms
[2025-07-30T16:38:18.740+0800][44.566s][info][gc,phases   ] GC(853)   Merge Heap Roots: 0.1ms
[2025-07-30T16:38:18.740+0800][44.566s][info][gc,phases   ] GC(853)   Evacuate Collection Set: 13.9ms
[2025-07-30T16:38:18.740+0800][44.566s][info][gc,phases   ] GC(853)   Post Evacuate Collection Set: 0.7ms
[2025-07-30T16:38:18.740+0800][44.566s][info][gc,phases   ] GC(853)   Other: 0.1ms
[2025-07-30T16:38:18.740+0800][44.566s][info][gc,heap     ] GC(853) Eden regions: 1017->0(1019)
[2025-07-30T16:38:18.740+0800][44.566s][info][gc,heap     ] GC(853) Survivor regions: 146->145(146)
[2025-07-30T16:38:18.740+0800][44.566s][info][gc,heap     ] GC(853) Old regions: 561->561
[2025-07-30T16:38:18.740+0800][44.566s][info][gc,heap     ] GC(853) Humongous regions: 3->3
[2025-07-30T16:38:18.740+0800][44.566s][info][gc,metaspace] GC(853) Metaspace: 7224K(7552K)->7224K(7552K) NonClass: 6500K(6656K)->6500K(6656K) Class: 724K(896K)->724K(896K)
[2025-07-30T16:38:18.740+0800][44.566s][info][gc          ] GC(853) Pause Young (Normal) (G1 Evacuation Pause) 1725M->708M(2048M) 15.499ms
[2025-07-30T16:38:18.740+0800][44.567s][info][gc,cpu      ] GC(853) User=0.02s Sys=0.00s Real=0.02s
[2025-07-30T16:38:18.740+0800][44.567s][info][safepoint   ] Safepoint "G1CollectForAllocation", Time since last: 36070200 ns, Reaching safepoint: 4200 ns, Cleanup: 4700 ns, At safepoint: 15571000 ns, Total: 15579900 ns
[2025-07-30T16:38:18.779+0800][44.604s][info][gc,start    ] GC(854) Pause Young (Normal) (G1 Evacuation Pause)
[2025-07-30T16:38:18.779+0800][44.604s][info][gc,task     ] GC(854) Using 1 workers of 1 for evacuation
[2025-07-30T16:38:18.794+0800][44.619s][info][gc,phases   ] GC(854)   Pre Evacuate Collection Set: 0.4ms
[2025-07-30T16:38:18.794+0800][44.619s][info][gc,phases   ] GC(854)   Merge Heap Roots: 0.1ms
[2025-07-30T16:38:18.794+0800][44.619s][info][gc,phases   ] GC(854)   Evacuate Collection Set: 14.1ms
[2025-07-30T16:38:18.794+0800][44.619s][info][gc,phases   ] GC(854)   Post Evacuate Collection Set: 0.7ms
[2025-07-30T16:38:18.794+0800][44.619s][info][gc,phases   ] GC(854)   Other: 0.1ms
[2025-07-30T16:38:18.794+0800][44.619s][info][gc,heap     ] GC(854) Eden regions: 1019->0(1017)
[2025-07-30T16:38:18.794+0800][44.619s][info][gc,heap     ] GC(854) Survivor regions: 145->146(146)
[2025-07-30T16:38:18.794+0800][44.619s][info][gc,heap     ] GC(854) Old regions: 561->561
[2025-07-30T16:38:18.794+0800][44.619s][info][gc,heap     ] GC(854) Humongous regions: 3->3
[2025-07-30T16:38:18.794+0800][44.619s][info][gc,metaspace] GC(854) Metaspace: 7224K(7552K)->7224K(7552K) NonClass: 6500K(6656K)->6500K(6656K) Class: 724K(896K)->724K(896K)
[2025-07-30T16:38:18.794+0800][44.619s][info][gc          ] GC(854) Pause Young (Normal) (G1 Evacuation Pause) 1727M->709M(2048M) 15.554ms
[2025-07-30T16:38:18.794+0800][44.619s][info][gc,cpu      ] GC(854) User=0.02s Sys=0.00s Real=0.01s
[2025-07-30T16:38:18.794+0800][44.619s][info][safepoint   ] Safepoint "G1CollectForAllocation", Time since last: 36993800 ns, Reaching safepoint: 3700 ns, Cleanup: 4600 ns, At safepoint: 15599300 ns, Total: 15607600 ns
[2025-07-30T16:38:18.830+0800][44.656s][info][gc,start    ] GC(855) Pause Young (Normal) (G1 Evacuation Pause)
[2025-07-30T16:38:18.830+0800][44.656s][info][gc,task     ] GC(855) Using 1 workers of 1 for evacuation
[2025-07-30T16:38:18.846+0800][44.671s][info][gc,phases   ] GC(855)   Pre Evacuate Collection Set: 0.4ms
[2025-07-30T16:38:18.846+0800][44.671s][info][gc,phases   ] GC(855)   Merge Heap Roots: 0.1ms
[2025-07-30T16:38:18.846+0800][44.671s][info][gc,phases   ] GC(855)   Evacuate Collection Set: 14.2ms
[2025-07-30T16:38:18.846+0800][44.671s][info][gc,phases   ] GC(855)   Post Evacuate Collection Set: 0.6ms
[2025-07-30T16:38:18.846+0800][44.671s][info][gc,phases   ] GC(855)   Other: 0.1ms
[2025-07-30T16:38:18.846+0800][44.671s][info][gc,heap     ] GC(855) Eden regions: 1017->0(1019)
[2025-07-30T16:38:18.846+0800][44.671s][info][gc,heap     ] GC(855) Survivor regions: 146->145(146)
[2025-07-30T16:38:18.846+0800][44.671s][info][gc,heap     ] GC(855) Old regions: 561->561
[2025-07-30T16:38:18.846+0800][44.671s][info][gc,heap     ] GC(855) Humongous regions: 3->3
[2025-07-30T16:38:18.846+0800][44.671s][info][gc,metaspace] GC(855) Metaspace: 7224K(7552K)->7224K(7552K) NonClass: 6500K(6656K)->6500K(6656K) Class: 724K(896K)->724K(896K)
[2025-07-30T16:38:18.846+0800][44.671s][info][gc          ] GC(855) Pause Young (Normal) (G1 Evacuation Pause) 1726M->708M(2048M) 15.538ms
[2025-07-30T16:38:18.846+0800][44.671s][info][gc,cpu      ] GC(855) User=0.02s Sys=0.00s Real=0.02s
[2025-07-30T16:38:18.846+0800][44.671s][info][safepoint   ] Safepoint "G1CollectForAllocation", Time since last: 36544300 ns, Reaching safepoint: 3000 ns, Cleanup: 4000 ns, At safepoint: 15583900 ns, Total: 15590900 ns
[2025-07-30T16:38:18.882+0800][44.708s][info][gc,start    ] GC(856) Pause Young (Normal) (G1 Evacuation Pause)
[2025-07-30T16:38:18.882+0800][44.708s][info][gc,task     ] GC(856) Using 1 workers of 1 for evacuation
[2025-07-30T16:38:18.898+0800][44.723s][info][gc,phases   ] GC(856)   Pre Evacuate Collection Set: 0.4ms
[2025-07-30T16:38:18.898+0800][44.724s][info][gc,phases   ] GC(856)   Merge Heap Roots: 0.1ms
[2025-07-30T16:38:18.898+0800][44.724s][info][gc,phases   ] GC(856)   Evacuate Collection Set: 14.3ms
[2025-07-30T16:38:18.898+0800][44.724s][info][gc,phases   ] GC(856)   Post Evacuate Collection Set: 0.6ms
[2025-07-30T16:38:18.898+0800][44.724s][info][gc,phases   ] GC(856)   Other: 0.1ms
[2025-07-30T16:38:18.898+0800][44.724s][info][gc,heap     ] GC(856) Eden regions: 1019->0(1017)
[2025-07-30T16:38:18.898+0800][44.724s][info][gc,heap     ] GC(856) Survivor regions: 145->146(146)
[2025-07-30T16:38:18.898+0800][44.724s][info][gc,heap     ] GC(856) Old regions: 561->561
[2025-07-30T16:38:18.898+0800][44.724s][info][gc,heap     ] GC(856) Humongous regions: 3->3
[2025-07-30T16:38:18.898+0800][44.724s][info][gc,metaspace] GC(856) Metaspace: 7224K(7552K)->7224K(7552K) NonClass: 6500K(6656K)->6500K(6656K) Class: 724K(896K)->724K(896K)
[2025-07-30T16:38:18.898+0800][44.724s][info][gc          ] GC(856) Pause Young (Normal) (G1 Evacuation Pause) 1727M->709M(2048M) 15.688ms
[2025-07-30T16:38:18.898+0800][44.724s][info][gc,cpu      ] GC(856) User=0.02s Sys=0.00s Real=0.02s
[2025-07-30T16:38:18.898+0800][44.724s][info][safepoint   ] Safepoint "G1CollectForAllocation", Time since last: 36628400 ns, Reaching safepoint: 3900 ns, Cleanup: 4300 ns, At safepoint: 15730600 ns, Total: 15738800 ns
[2025-07-30T16:38:18.935+0800][44.760s][info][gc,start    ] GC(857) Pause Young (Normal) (G1 Evacuation Pause)
[2025-07-30T16:38:18.935+0800][44.760s][info][gc,task     ] GC(857) Using 1 workers of 1 for evacuation
[2025-07-30T16:38:18.949+0800][44.775s][info][gc,phases   ] GC(857)   Pre Evacuate Collection Set: 0.3ms
[2025-07-30T16:38:18.949+0800][44.775s][info][gc,phases   ] GC(857)   Merge Heap Roots: 0.0ms
[2025-07-30T16:38:18.950+0800][44.775s][info][gc,phases   ] GC(857)   Evacuate Collection Set: 13.8ms
[2025-07-30T16:38:18.950+0800][44.775s][info][gc,phases   ] GC(857)   Post Evacuate Collection Set: 0.7ms
[2025-07-30T16:38:18.950+0800][44.775s][info][gc,phases   ] GC(857)   Other: 0.1ms
[2025-07-30T16:38:18.950+0800][44.775s][info][gc,heap     ] GC(857) Eden regions: 1017->0(1017)
[2025-07-30T16:38:18.950+0800][44.775s][info][gc,heap     ] GC(857) Survivor regions: 146->146(146)
[2025-07-30T16:38:18.950+0800][44.775s][info][gc,heap     ] GC(857) Old regions: 561->561
[2025-07-30T16:38:18.950+0800][44.775s][info][gc,heap     ] GC(857) Humongous regions: 3->3
[2025-07-30T16:38:18.950+0800][44.775s][info][gc,metaspace] GC(857) Metaspace: 7224K(7552K)->7224K(7552K) NonClass: 6500K(6656K)->6500K(6656K) Class: 724K(896K)->724K(896K)
[2025-07-30T16:38:18.950+0800][44.775s][info][gc          ] GC(857) Pause Young (Normal) (G1 Evacuation Pause) 1726M->708M(2048M) 15.124ms
[2025-07-30T16:38:18.950+0800][44.775s][info][gc,cpu      ] GC(857) User=0.02s Sys=0.00s Real=0.02s
[2025-07-30T16:38:18.950+0800][44.775s][info][safepoint   ] Safepoint "G1CollectForAllocation", Time since last: 36290200 ns, Reaching safepoint: 2600 ns, Cleanup: 3000 ns, At safepoint: 15165500 ns, Total: 15171100 ns
[2025-07-30T16:38:18.986+0800][44.811s][info][gc,start    ] GC(858) Pause Young (Normal) (G1 Evacuation Pause)
[2025-07-30T16:38:18.986+0800][44.812s][info][gc,task     ] GC(858) Using 1 workers of 1 for evacuation
[2025-07-30T16:38:19.001+0800][44.827s][info][gc,phases   ] GC(858)   Pre Evacuate Collection Set: 0.4ms
[2025-07-30T16:38:19.001+0800][44.827s][info][gc,phases   ] GC(858)   Merge Heap Roots: 0.1ms
[2025-07-30T16:38:19.001+0800][44.827s][info][gc,phases   ] GC(858)   Evacuate Collection Set: 14.0ms
[2025-07-30T16:38:19.001+0800][44.827s][info][gc,phases   ] GC(858)   Post Evacuate Collection Set: 0.6ms
[2025-07-30T16:38:19.001+0800][44.827s][info][gc,phases   ] GC(858)   Other: 0.1ms
[2025-07-30T16:38:19.001+0800][44.827s][info][gc,heap     ] GC(858) Eden regions: 1017->0(1019)
[2025-07-30T16:38:19.001+0800][44.827s][info][gc,heap     ] GC(858) Survivor regions: 146->145(146)
[2025-07-30T16:38:19.001+0800][44.827s][info][gc,heap     ] GC(858) Old regions: 561->561
[2025-07-30T16:38:19.001+0800][44.827s][info][gc,heap     ] GC(858) Humongous regions: 3->3
[2025-07-30T16:38:19.001+0800][44.827s][info][gc,metaspace] GC(858) Metaspace: 7224K(7552K)->7224K(7552K) NonClass: 6500K(6656K)->6500K(6656K) Class: 724K(896K)->724K(896K)
[2025-07-30T16:38:19.001+0800][44.827s][info][gc          ] GC(858) Pause Young (Normal) (G1 Evacuation Pause) 1725M->707M(2048M) 15.321ms
[2025-07-30T16:38:19.001+0800][44.827s][info][gc,cpu      ] GC(858) User=0.02s Sys=0.00s Real=0.01s
[2025-07-30T16:38:19.001+0800][44.827s][info][safepoint   ] Safepoint "G1CollectForAllocation", Time since last: 36347800 ns, Reaching safepoint: 3400 ns, Cleanup: 3600 ns, At safepoint: 15362500 ns, Total: 15369500 ns
[2025-07-30T16:38:19.039+0800][44.864s][info][gc,start    ] GC(859) Pause Young (Normal) (G1 Evacuation Pause)
[2025-07-30T16:38:19.039+0800][44.864s][info][gc,task     ] GC(859) Using 1 workers of 1 for evacuation
[2025-07-30T16:38:19.054+0800][44.879s][info][gc,phases   ] GC(859)   Pre Evacuate Collection Set: 0.3ms
[2025-07-30T16:38:19.054+0800][44.879s][info][gc,phases   ] GC(859)   Merge Heap Roots: 0.0ms
[2025-07-30T16:38:19.054+0800][44.879s][info][gc,phases   ] GC(859)   Evacuate Collection Set: 13.8ms
[2025-07-30T16:38:19.054+0800][44.879s][info][gc,phases   ] GC(859)   Post Evacuate Collection Set: 0.6ms
[2025-07-30T16:38:19.054+0800][44.879s][info][gc,phases   ] GC(859)   Other: 0.1ms
[2025-07-30T16:38:19.054+0800][44.879s][info][gc,heap     ] GC(859) Eden regions: 1019->0(1018)
[2025-07-30T16:38:19.054+0800][44.879s][info][gc,heap     ] GC(859) Survivor regions: 145->146(146)
[2025-07-30T16:38:19.054+0800][44.879s][info][gc,heap     ] GC(859) Old regions: 561->561
[2025-07-30T16:38:19.054+0800][44.879s][info][gc,heap     ] GC(859) Humongous regions: 3->3
[2025-07-30T16:38:19.054+0800][44.879s][info][gc,metaspace] GC(859) Metaspace: 7224K(7552K)->7224K(7552K) NonClass: 6500K(6656K)->6500K(6656K) Class: 724K(896K)->724K(896K)
[2025-07-30T16:38:19.054+0800][44.879s][info][gc          ] GC(859) Pause Young (Normal) (G1 Evacuation Pause) 1726M->708M(2048M) 14.995ms
[2025-07-30T16:38:19.054+0800][44.879s][info][gc,cpu      ] GC(859) User=0.02s Sys=0.00s Real=0.01s
[2025-07-30T16:38:19.054+0800][44.879s][info][safepoint   ] Safepoint "G1CollectForAllocation", Time since last: 37592700 ns, Reaching safepoint: 2100 ns, Cleanup: 3000 ns, At safepoint: 15033900 ns, Total: 15039000 ns
[2025-07-30T16:38:19.093+0800][44.918s][info][gc,start    ] GC(860) Pause Young (Normal) (G1 Evacuation Pause)
[2025-07-30T16:38:19.093+0800][44.918s][info][gc,task     ] GC(860) Using 1 workers of 1 for evacuation
[2025-07-30T16:38:19.108+0800][44.933s][info][gc,phases   ] GC(860)   Pre Evacuate Collection Set: 0.3ms
[2025-07-30T16:38:19.108+0800][44.933s][info][gc,phases   ] GC(860)   Merge Heap Roots: 0.1ms
[2025-07-30T16:38:19.108+0800][44.933s][info][gc,phases   ] GC(860)   Evacuate Collection Set: 13.5ms
[2025-07-30T16:38:19.108+0800][44.933s][info][gc,phases   ] GC(860)   Post Evacuate Collection Set: 0.7ms
[2025-07-30T16:38:19.108+0800][44.933s][info][gc,phases   ] GC(860)   Other: 0.1ms
[2025-07-30T16:38:19.108+0800][44.933s][info][gc,heap     ] GC(860) Eden regions: 1018->0(1018)
[2025-07-30T16:38:19.108+0800][44.933s][info][gc,heap     ] GC(860) Survivor regions: 146->146(146)
[2025-07-30T16:38:19.108+0800][44.933s][info][gc,heap     ] GC(860) Old regions: 561->561
[2025-07-30T16:38:19.108+0800][44.933s][info][gc,heap     ] GC(860) Humongous regions: 3->3
[2025-07-30T16:38:19.108+0800][44.933s][info][gc,metaspace] GC(860) Metaspace: 7224K(7552K)->7224K(7552K) NonClass: 6500K(6656K)->6500K(6656K) Class: 724K(896K)->724K(896K)
[2025-07-30T16:38:19.108+0800][44.933s][info][gc          ] GC(860) Pause Young (Normal) (G1 Evacuation Pause) 1726M->708M(2048M) 14.822ms
[2025-07-30T16:38:19.108+0800][44.933s][info][gc,cpu      ] GC(860) User=0.02s Sys=0.00s Real=0.02s
[2025-07-30T16:38:19.108+0800][44.933s][info][safepoint   ] Safepoint "G1CollectForAllocation", Time since last: 38570800 ns, Reaching safepoint: 2600 ns, Cleanup: 3100 ns, At safepoint: 14867700 ns, Total: 14873400 ns
[2025-07-30T16:38:19.144+0800][44.970s][info][gc,start    ] GC(861) Pause Young (Normal) (G1 Evacuation Pause)
[2025-07-30T16:38:19.144+0800][44.970s][info][gc,task     ] GC(861) Using 1 workers of 1 for evacuation
[2025-07-30T16:38:19.159+0800][44.985s][info][gc,phases   ] GC(861)   Pre Evacuate Collection Set: 0.3ms
[2025-07-30T16:38:19.159+0800][44.985s][info][gc,phases   ] GC(861)   Merge Heap Roots: 0.1ms
[2025-07-30T16:38:19.159+0800][44.985s][info][gc,phases   ] GC(861)   Evacuate Collection Set: 13.9ms
[2025-07-30T16:38:19.159+0800][44.985s][info][gc,phases   ] GC(861)   Post Evacuate Collection Set: 0.6ms
[2025-07-30T16:38:19.159+0800][44.985s][info][gc,phases   ] GC(861)   Other: 0.1ms
[2025-07-30T16:38:19.159+0800][44.985s][info][gc,heap     ] GC(861) Eden regions: 1018->0(1018)
[2025-07-30T16:38:19.159+0800][44.985s][info][gc,heap     ] GC(861) Survivor regions: 146->146(146)
[2025-07-30T16:38:19.159+0800][44.985s][info][gc,heap     ] GC(861) Old regions: 561->561
[2025-07-30T16:38:19.159+0800][44.985s][info][gc,heap     ] GC(861) Humongous regions: 3->3
[2025-07-30T16:38:19.159+0800][44.985s][info][gc,metaspace] GC(861) Metaspace: 7224K(7552K)->7224K(7552K) NonClass: 6500K(6656K)->6500K(6656K) Class: 724K(896K)->724K(896K)
[2025-07-30T16:38:19.159+0800][44.985s][info][gc          ] GC(861) Pause Young (Normal) (G1 Evacuation Pause) 1726M->708M(2048M) 15.124ms
[2025-07-30T16:38:19.159+0800][44.985s][info][gc,cpu      ] GC(861) User=0.02s Sys=0.00s Real=0.01s
[2025-07-30T16:38:19.159+0800][44.985s][info][safepoint   ] Safepoint "G1CollectForAllocation", Time since last: 36614200 ns, Reaching safepoint: 2400 ns, Cleanup: 3900 ns, At safepoint: 15161100 ns, Total: 15167400 ns
[2025-07-30T16:38:19.195+0800][45.021s][info][gc,start    ] GC(862) Pause Young (Normal) (G1 Evacuation Pause)
[2025-07-30T16:38:19.195+0800][45.021s][info][gc,task     ] GC(862) Using 1 workers of 1 for evacuation
[2025-07-30T16:38:19.210+0800][45.036s][info][gc,phases   ] GC(862)   Pre Evacuate Collection Set: 0.4ms
[2025-07-30T16:38:19.210+0800][45.036s][info][gc,phases   ] GC(862)   Merge Heap Roots: 0.1ms
[2025-07-30T16:38:19.210+0800][45.036s][info][gc,phases   ] GC(862)   Evacuate Collection Set: 14.1ms
[2025-07-30T16:38:19.210+0800][45.036s][info][gc,phases   ] GC(862)   Post Evacuate Collection Set: 0.7ms
[2025-07-30T16:38:19.210+0800][45.036s][info][gc,phases   ] GC(862)   Other: 0.1ms
[2025-07-30T16:38:19.210+0800][45.036s][info][gc,heap     ] GC(862) Eden regions: 1018->0(1017)
[2025-07-30T16:38:19.210+0800][45.036s][info][gc,heap     ] GC(862) Survivor regions: 146->146(146)
[2025-07-30T16:38:19.210+0800][45.036s][info][gc,heap     ] GC(862) Old regions: 561->561
[2025-07-30T16:38:19.210+0800][45.036s][info][gc,heap     ] GC(862) Humongous regions: 3->3
[2025-07-30T16:38:19.210+0800][45.036s][info][gc,metaspace] GC(862) Metaspace: 7224K(7552K)->7224K(7552K) NonClass: 6500K(6656K)->6500K(6656K) Class: 724K(896K)->724K(896K)
[2025-07-30T16:38:19.210+0800][45.036s][info][gc          ] GC(862) Pause Young (Normal) (G1 Evacuation Pause) 1726M->709M(2048M) 15.440ms
[2025-07-30T16:38:19.210+0800][45.036s][info][gc,cpu      ] GC(862) User=0.02s Sys=0.00s Real=0.02s
[2025-07-30T16:38:19.210+0800][45.036s][info][safepoint   ] Safepoint "G1CollectForAllocation", Time since last: 36280200 ns, Reaching safepoint: 3200 ns, Cleanup: 2500 ns, At safepoint: 15487800 ns, Total: 15493500 ns
[2025-07-30T16:38:19.247+0800][45.073s][info][gc,start    ] GC(863) Pause Young (Normal) (G1 Evacuation Pause)
[2025-07-30T16:38:19.247+0800][45.073s][info][gc,task     ] GC(863) Using 1 workers of 1 for evacuation
[2025-07-30T16:38:19.262+0800][45.088s][info][gc,phases   ] GC(863)   Pre Evacuate Collection Set: 0.4ms
[2025-07-30T16:38:19.262+0800][45.088s][info][gc,phases   ] GC(863)   Merge Heap Roots: 0.1ms
[2025-07-30T16:38:19.262+0800][45.088s][info][gc,phases   ] GC(863)   Evacuate Collection Set: 13.7ms
[2025-07-30T16:38:19.262+0800][45.088s][info][gc,phases   ] GC(863)   Post Evacuate Collection Set: 0.7ms
[2025-07-30T16:38:19.262+0800][45.088s][info][gc,phases   ] GC(863)   Other: 0.1ms
[2025-07-30T16:38:19.262+0800][45.088s][info][gc,heap     ] GC(863) Eden regions: 1017->0(1019)
[2025-07-30T16:38:19.262+0800][45.088s][info][gc,heap     ] GC(863) Survivor regions: 146->145(146)
[2025-07-30T16:38:19.262+0800][45.088s][info][gc,heap     ] GC(863) Old regions: 561->561
[2025-07-30T16:38:19.262+0800][45.088s][info][gc,heap     ] GC(863) Humongous regions: 3->3
[2025-07-30T16:38:19.262+0800][45.088s][info][gc,metaspace] GC(863) Metaspace: 7224K(7552K)->7224K(7552K) NonClass: 6500K(6656K)->6500K(6656K) Class: 724K(896K)->724K(896K)
[2025-07-30T16:38:19.262+0800][45.088s][info][gc          ] GC(863) Pause Young (Normal) (G1 Evacuation Pause) 1726M->708M(2048M) 15.083ms
[2025-07-30T16:38:19.262+0800][45.088s][info][gc,cpu      ] GC(863) User=0.02s Sys=0.00s Real=0.02s
[2025-07-30T16:38:19.262+0800][45.088s][info][safepoint   ] Safepoint "G1CollectForAllocation", Time since last: 36435300 ns, Reaching safepoint: 3000 ns, Cleanup: 3700 ns, At safepoint: 15125500 ns, Total: 15132200 ns
[2025-07-30T16:38:19.299+0800][45.125s][info][gc,start    ] GC(864) Pause Young (Normal) (G1 Evacuation Pause)
[2025-07-30T16:38:19.299+0800][45.125s][info][gc,task     ] GC(864) Using 1 workers of 1 for evacuation
[2025-07-30T16:38:19.314+0800][45.140s][info][gc,phases   ] GC(864)   Pre Evacuate Collection Set: 0.4ms
[2025-07-30T16:38:19.315+0800][45.140s][info][gc,phases   ] GC(864)   Merge Heap Roots: 0.1ms
[2025-07-30T16:38:19.315+0800][45.140s][info][gc,phases   ] GC(864)   Evacuate Collection Set: 14.1ms
[2025-07-30T16:38:19.315+0800][45.140s][info][gc,phases   ] GC(864)   Post Evacuate Collection Set: 0.6ms
[2025-07-30T16:38:19.315+0800][45.140s][info][gc,phases   ] GC(864)   Other: 0.1ms
[2025-07-30T16:38:19.315+0800][45.140s][info][gc,heap     ] GC(864) Eden regions: 1019->0(1017)
[2025-07-30T16:38:19.315+0800][45.140s][info][gc,heap     ] GC(864) Survivor regions: 145->146(146)
[2025-07-30T16:38:19.315+0800][45.140s][info][gc,heap     ] GC(864) Old regions: 561->561
[2025-07-30T16:38:19.315+0800][45.140s][info][gc,heap     ] GC(864) Humongous regions: 3->3
[2025-07-30T16:38:19.315+0800][45.140s][info][gc,metaspace] GC(864) Metaspace: 7224K(7552K)->7224K(7552K) NonClass: 6500K(6656K)->6500K(6656K) Class: 724K(896K)->724K(896K)
[2025-07-30T16:38:19.315+0800][45.140s][info][gc          ] GC(864) Pause Young (Normal) (G1 Evacuation Pause) 1727M->709M(2048M) 15.387ms
[2025-07-30T16:38:19.315+0800][45.140s][info][gc,cpu      ] GC(864) User=0.02s Sys=0.00s Real=0.02s
[2025-07-30T16:38:19.315+0800][45.140s][info][safepoint   ] Safepoint "G1CollectForAllocation", Time since last: 36694600 ns, Reaching safepoint: 2500 ns, Cleanup: 2800 ns, At safepoint: 15424700 ns, Total: 15430000 ns
[2025-07-30T16:38:19.351+0800][45.177s][info][gc,start    ] GC(865) Pause Young (Normal) (G1 Evacuation Pause)
[2025-07-30T16:38:19.351+0800][45.177s][info][gc,task     ] GC(865) Using 1 workers of 1 for evacuation
[2025-07-30T16:38:19.369+0800][45.195s][info][gc,phases   ] GC(865)   Pre Evacuate Collection Set: 0.3ms
[2025-07-30T16:38:19.369+0800][45.195s][info][gc,phases   ] GC(865)   Merge Heap Roots: 0.0ms
[2025-07-30T16:38:19.369+0800][45.195s][info][gc,phases   ] GC(865)   Evacuate Collection Set: 17.3ms
[2025-07-30T16:38:19.369+0800][45.195s][info][gc,phases   ] GC(865)   Post Evacuate Collection Set: 0.7ms
[2025-07-30T16:38:19.369+0800][45.195s][info][gc,phases   ] GC(865)   Other: 0.1ms
[2025-07-30T16:38:19.369+0800][45.195s][info][gc,heap     ] GC(865) Eden regions: 1017->0(1019)
[2025-07-30T16:38:19.369+0800][45.195s][info][gc,heap     ] GC(865) Survivor regions: 146->145(146)
[2025-07-30T16:38:19.369+0800][45.195s][info][gc,heap     ] GC(865) Old regions: 561->561
[2025-07-30T16:38:19.369+0800][45.195s][info][gc,heap     ] GC(865) Humongous regions: 3->3
[2025-07-30T16:38:19.369+0800][45.195s][info][gc,metaspace] GC(865) Metaspace: 7224K(7552K)->7224K(7552K) NonClass: 6500K(6656K)->6500K(6656K) Class: 724K(896K)->724K(896K)
[2025-07-30T16:38:19.370+0800][45.195s][info][gc          ] GC(865) Pause Young (Normal) (G1 Evacuation Pause) 1726M->708M(2048M) 18.596ms
[2025-07-30T16:38:19.370+0800][45.195s][info][gc,cpu      ] GC(865) User=0.02s Sys=0.00s Real=0.02s
[2025-07-30T16:38:19.370+0800][45.195s][info][safepoint   ] Safepoint "G1CollectForAllocation", Time since last: 36378500 ns, Reaching safepoint: 2100 ns, Cleanup: 2700 ns, At safepoint: 18633700 ns, Total: 18638500 ns
[2025-07-30T16:38:19.413+0800][45.239s][info][gc,start    ] GC(866) Pause Young (Normal) (G1 Evacuation Pause)
[2025-07-30T16:38:19.413+0800][45.239s][info][gc,task     ] GC(866) Using 1 workers of 1 for evacuation
[2025-07-30T16:38:19.434+0800][45.260s][info][gc,phases   ] GC(866)   Pre Evacuate Collection Set: 0.6ms
[2025-07-30T16:38:19.435+0800][45.260s][info][gc,phases   ] GC(866)   Merge Heap Roots: 0.1ms
[2025-07-30T16:38:19.435+0800][45.260s][info][gc,phases   ] GC(866)   Evacuate Collection Set: 19.5ms
[2025-07-30T16:38:19.435+0800][45.260s][info][gc,phases   ] GC(866)   Post Evacuate Collection Set: 0.8ms
[2025-07-30T16:38:19.435+0800][45.260s][info][gc,phases   ] GC(866)   Other: 0.1ms
[2025-07-30T16:38:19.435+0800][45.260s][info][gc,heap     ] GC(866) Eden regions: 1019->0(1017)
[2025-07-30T16:38:19.435+0800][45.260s][info][gc,heap     ] GC(866) Survivor regions: 145->146(146)
[2025-07-30T16:38:19.435+0800][45.260s][info][gc,heap     ] GC(866) Old regions: 561->561
[2025-07-30T16:38:19.435+0800][45.260s][info][gc,heap     ] GC(866) Humongous regions: 3->3
[2025-07-30T16:38:19.435+0800][45.260s][info][gc,metaspace] GC(866) Metaspace: 7224K(7552K)->7224K(7552K) NonClass: 6500K(6656K)->6500K(6656K) Class: 724K(896K)->724K(896K)
[2025-07-30T16:38:19.435+0800][45.260s][info][gc          ] GC(866) Pause Young (Normal) (G1 Evacuation Pause) 1727M->709M(2048M) 21.285ms
[2025-07-30T16:38:19.435+0800][45.260s][info][gc,cpu      ] GC(866) User=0.02s Sys=0.00s Real=0.02s
[2025-07-30T16:38:19.435+0800][45.260s][info][safepoint   ] Safepoint "G1CollectForAllocation", Time since last: 43485600 ns, Reaching safepoint: 5600 ns, Cleanup: 5400 ns, At safepoint: 21339200 ns, Total: 21350200 ns
[2025-07-30T16:38:19.477+0800][45.303s][info][gc,start    ] GC(867) Pause Young (Normal) (G1 Evacuation Pause)
[2025-07-30T16:38:19.477+0800][45.303s][info][gc,task     ] GC(867) Using 1 workers of 1 for evacuation
[2025-07-30T16:38:19.494+0800][45.320s][info][gc,phases   ] GC(867)   Pre Evacuate Collection Set: 0.5ms
[2025-07-30T16:38:19.494+0800][45.320s][info][gc,phases   ] GC(867)   Merge Heap Roots: 0.1ms
[2025-07-30T16:38:19.494+0800][45.320s][info][gc,phases   ] GC(867)   Evacuate Collection Set: 15.5ms
[2025-07-30T16:38:19.494+0800][45.320s][info][gc,phases   ] GC(867)   Post Evacuate Collection Set: 0.7ms
[2025-07-30T16:38:19.494+0800][45.320s][info][gc,phases   ] GC(867)   Other: 0.1ms
[2025-07-30T16:38:19.494+0800][45.320s][info][gc,heap     ] GC(867) Eden regions: 1017->0(1017)
[2025-07-30T16:38:19.494+0800][45.320s][info][gc,heap     ] GC(867) Survivor regions: 146->146(146)
[2025-07-30T16:38:19.494+0800][45.320s][info][gc,heap     ] GC(867) Old regions: 561->561
[2025-07-30T16:38:19.494+0800][45.320s][info][gc,heap     ] GC(867) Humongous regions: 3->3
[2025-07-30T16:38:19.494+0800][45.320s][info][gc,metaspace] GC(867) Metaspace: 7224K(7552K)->7224K(7552K) NonClass: 6500K(6656K)->6500K(6656K) Class: 724K(896K)->724K(896K)
[2025-07-30T16:38:19.494+0800][45.320s][info][gc          ] GC(867) Pause Young (Normal) (G1 Evacuation Pause) 1726M->708M(2048M) 17.124ms
[2025-07-30T16:38:19.494+0800][45.320s][info][gc,cpu      ] GC(867) User=0.02s Sys=0.00s Real=0.02s
[2025-07-30T16:38:19.494+0800][45.320s][info][safepoint   ] Safepoint "G1CollectForAllocation", Time since last: 42679900 ns, Reaching safepoint: 3800 ns, Cleanup: 5400 ns, At safepoint: 17165600 ns, Total: 17174800 ns
[2025-07-30T16:38:19.533+0800][45.359s][info][gc,start    ] GC(868) Pause Young (Normal) (G1 Evacuation Pause)
[2025-07-30T16:38:19.533+0800][45.359s][info][gc,task     ] GC(868) Using 1 workers of 1 for evacuation
[2025-07-30T16:38:19.551+0800][45.377s][info][gc,phases   ] GC(868)   Pre Evacuate Collection Set: 0.5ms
[2025-07-30T16:38:19.551+0800][45.377s][info][gc,phases   ] GC(868)   Merge Heap Roots: 0.1ms
[2025-07-30T16:38:19.551+0800][45.377s][info][gc,phases   ] GC(868)   Evacuate Collection Set: 16.1ms
[2025-07-30T16:38:19.551+0800][45.377s][info][gc,phases   ] GC(868)   Post Evacuate Collection Set: 0.7ms
[2025-07-30T16:38:19.551+0800][45.377s][info][gc,phases   ] GC(868)   Other: 0.1ms
[2025-07-30T16:38:19.551+0800][45.377s][info][gc,heap     ] GC(868) Eden regions: 1017->0(1019)
[2025-07-30T16:38:19.551+0800][45.377s][info][gc,heap     ] GC(868) Survivor regions: 146->145(146)
[2025-07-30T16:38:19.551+0800][45.377s][info][gc,heap     ] GC(868) Old regions: 561->561
[2025-07-30T16:38:19.551+0800][45.377s][info][gc,heap     ] GC(868) Humongous regions: 3->3
[2025-07-30T16:38:19.551+0800][45.377s][info][gc,metaspace] GC(868) Metaspace: 7224K(7552K)->7224K(7552K) NonClass: 6500K(6656K)->6500K(6656K) Class: 724K(896K)->724K(896K)
[2025-07-30T16:38:19.551+0800][45.377s][info][gc          ] GC(868) Pause Young (Normal) (G1 Evacuation Pause) 1725M->707M(2048M) 17.678ms
[2025-07-30T16:38:19.551+0800][45.377s][info][gc,cpu      ] GC(868) User=0.02s Sys=0.00s Real=0.02s
[2025-07-30T16:38:19.551+0800][45.377s][info][safepoint   ] Safepoint "G1CollectForAllocation", Time since last: 39109300 ns, Reaching safepoint: 4300 ns, Cleanup: 4600 ns, At safepoint: 17720700 ns, Total: 17729600 ns
[2025-07-30T16:38:19.593+0800][45.419s][info][gc,start    ] GC(869) Pause Young (Normal) (G1 Evacuation Pause)
[2025-07-30T16:38:19.594+0800][45.419s][info][gc,task     ] GC(869) Using 1 workers of 1 for evacuation
[2025-07-30T16:38:19.610+0800][45.435s][info][gc,phases   ] GC(869)   Pre Evacuate Collection Set: 0.6ms
[2025-07-30T16:38:19.610+0800][45.435s][info][gc,phases   ] GC(869)   Merge Heap Roots: 0.1ms
[2025-07-30T16:38:19.610+0800][45.435s][info][gc,phases   ] GC(869)   Evacuate Collection Set: 14.5ms
[2025-07-30T16:38:19.610+0800][45.435s][info][gc,phases   ] GC(869)   Post Evacuate Collection Set: 0.7ms
[2025-07-30T16:38:19.610+0800][45.435s][info][gc,phases   ] GC(869)   Other: 0.1ms
[2025-07-30T16:38:19.610+0800][45.435s][info][gc,heap     ] GC(869) Eden regions: 1019->0(1018)
[2025-07-30T16:38:19.610+0800][45.435s][info][gc,heap     ] GC(869) Survivor regions: 145->146(146)
[2025-07-30T16:38:19.610+0800][45.435s][info][gc,heap     ] GC(869) Old regions: 561->561
[2025-07-30T16:38:19.610+0800][45.435s][info][gc,heap     ] GC(869) Humongous regions: 3->3
[2025-07-30T16:38:19.610+0800][45.435s][info][gc,metaspace] GC(869) Metaspace: 7227K(7552K)->7227K(7552K) NonClass: 6502K(6656K)->6502K(6656K) Class: 725K(896K)->725K(896K)
[2025-07-30T16:38:19.610+0800][45.435s][info][gc          ] GC(869) Pause Young (Normal) (G1 Evacuation Pause) 1726M->708M(2048M) 16.277ms
[2025-07-30T16:38:19.610+0800][45.435s][info][gc,cpu      ] GC(869) User=0.02s Sys=0.02s Real=0.02s
[2025-07-30T16:38:19.610+0800][45.435s][info][safepoint   ] Safepoint "G1CollectForAllocation", Time since last: 42288400 ns, Reaching safepoint: 4600 ns, Cleanup: 6400 ns, At safepoint: 16330300 ns, Total: 16341300 ns
[2025-07-30T16:38:19.648+0800][45.474s][info][gc,start    ] GC(870) Pause Young (Normal) (G1 Evacuation Pause)
[2025-07-30T16:38:19.648+0800][45.474s][info][gc,task     ] GC(870) Using 1 workers of 1 for evacuation
[2025-07-30T16:38:19.665+0800][45.491s][info][gc,phases   ] GC(870)   Pre Evacuate Collection Set: 0.5ms
[2025-07-30T16:38:19.665+0800][45.491s][info][gc,phases   ] GC(870)   Merge Heap Roots: 0.1ms
[2025-07-30T16:38:19.665+0800][45.491s][info][gc,phases   ] GC(870)   Evacuate Collection Set: 15.7ms
[2025-07-30T16:38:19.665+0800][45.491s][info][gc,phases   ] GC(870)   Post Evacuate Collection Set: 0.8ms
[2025-07-30T16:38:19.665+0800][45.491s][info][gc,phases   ] GC(870)   Other: 0.1ms
[2025-07-30T16:38:19.665+0800][45.491s][info][gc,heap     ] GC(870) Eden regions: 1018->0(1018)
[2025-07-30T16:38:19.665+0800][45.491s][info][gc,heap     ] GC(870) Survivor regions: 146->146(146)
[2025-07-30T16:38:19.665+0800][45.491s][info][gc,heap     ] GC(870) Old regions: 561->561
[2025-07-30T16:38:19.665+0800][45.491s][info][gc,heap     ] GC(870) Humongous regions: 3->3
[2025-07-30T16:38:19.665+0800][45.491s][info][gc,metaspace] GC(870) Metaspace: 7229K(7552K)->7229K(7552K) NonClass: 6503K(6656K)->6503K(6656K) Class: 725K(896K)->725K(896K)
[2025-07-30T16:38:19.665+0800][45.491s][info][gc          ] GC(870) Pause Young (Normal) (G1 Evacuation Pause) 1726M->708M(2048M) 17.340ms
[2025-07-30T16:38:19.665+0800][45.491s][info][gc,cpu      ] GC(870) User=0.02s Sys=0.00s Real=0.02s
[2025-07-30T16:38:19.665+0800][45.491s][info][safepoint   ] Safepoint "G1CollectForAllocation", Time since last: 38361700 ns, Reaching safepoint: 4300 ns, Cleanup: 4900 ns, At safepoint: 17383800 ns, Total: 17393000 ns
[2025-07-30T16:38:19.703+0800][45.529s][info][gc,start    ] GC(871) Pause Young (Normal) (G1 Evacuation Pause)
[2025-07-30T16:38:19.704+0800][45.529s][info][gc,task     ] GC(871) Using 1 workers of 1 for evacuation
[2025-07-30T16:38:19.719+0800][45.544s][info][gc,phases   ] GC(871)   Pre Evacuate Collection Set: 0.4ms
[2025-07-30T16:38:19.719+0800][45.544s][info][gc,phases   ] GC(871)   Merge Heap Roots: 0.1ms
[2025-07-30T16:38:19.719+0800][45.545s][info][gc,phases   ] GC(871)   Evacuate Collection Set: 14.5ms
[2025-07-30T16:38:19.719+0800][45.545s][info][gc,phases   ] GC(871)   Post Evacuate Collection Set: 0.7ms
[2025-07-30T16:38:19.719+0800][45.545s][info][gc,phases   ] GC(871)   Other: 0.1ms
[2025-07-30T16:38:19.719+0800][45.545s][info][gc,heap     ] GC(871) Eden regions: 1018->0(1017)
[2025-07-30T16:38:19.719+0800][45.545s][info][gc,heap     ] GC(871) Survivor regions: 146->146(146)
[2025-07-30T16:38:19.719+0800][45.545s][info][gc,heap     ] GC(871) Old regions: 561->561
[2025-07-30T16:38:19.719+0800][45.545s][info][gc,heap     ] GC(871) Humongous regions: 3->3
[2025-07-30T16:38:19.719+0800][45.545s][info][gc,metaspace] GC(871) Metaspace: 7229K(7552K)->7229K(7552K) NonClass: 6503K(6656K)->6503K(6656K) Class: 725K(896K)->725K(896K)
[2025-07-30T16:38:19.719+0800][45.545s][info][gc          ] GC(871) Pause Young (Normal) (G1 Evacuation Pause) 1726M->708M(2048M) 16.025ms
[2025-07-30T16:38:19.719+0800][45.545s][info][gc,cpu      ] GC(871) User=0.02s Sys=0.00s Real=0.02s
[2025-07-30T16:38:19.720+0800][45.545s][info][safepoint   ] Safepoint "G1CollectForAllocation", Time since last: 37503200 ns, Reaching safepoint: 3200 ns, Cleanup: 4500 ns, At safepoint: 16074700 ns, Total: 16082400 ns
[2025-07-30T16:38:19.757+0800][45.582s][info][gc,start    ] GC(872) Pause Young (Normal) (G1 Evacuation Pause)
[2025-07-30T16:38:19.757+0800][45.582s][info][gc,task     ] GC(872) Using 1 workers of 1 for evacuation
[2025-07-30T16:38:19.773+0800][45.598s][info][gc,phases   ] GC(872)   Pre Evacuate Collection Set: 0.4ms
[2025-07-30T16:38:19.773+0800][45.598s][info][gc,phases   ] GC(872)   Merge Heap Roots: 0.1ms
[2025-07-30T16:38:19.773+0800][45.598s][info][gc,phases   ] GC(872)   Evacuate Collection Set: 14.6ms
[2025-07-30T16:38:19.773+0800][45.598s][info][gc,phases   ] GC(872)   Post Evacuate Collection Set: 0.8ms
[2025-07-30T16:38:19.773+0800][45.598s][info][gc,phases   ] GC(872)   Other: 0.1ms
[2025-07-30T16:38:19.773+0800][45.598s][info][gc,heap     ] GC(872) Eden regions: 1017->0(1019)
[2025-07-30T16:38:19.773+0800][45.598s][info][gc,heap     ] GC(872) Survivor regions: 146->145(146)
[2025-07-30T16:38:19.773+0800][45.598s][info][gc,heap     ] GC(872) Old regions: 561->561
[2025-07-30T16:38:19.773+0800][45.598s][info][gc,heap     ] GC(872) Humongous regions: 3->3
[2025-07-30T16:38:19.773+0800][45.598s][info][gc,metaspace] GC(872) Metaspace: 7229K(7552K)->7229K(7552K) NonClass: 6503K(6656K)->6503K(6656K) Class: 725K(896K)->725K(896K)
[2025-07-30T16:38:19.773+0800][45.598s][info][gc          ] GC(872) Pause Young (Normal) (G1 Evacuation Pause) 1725M->708M(2048M) 16.140ms
[2025-07-30T16:38:19.774+0800][45.598s][info][gc,cpu      ] GC(872) User=0.02s Sys=0.00s Real=0.02s
[2025-07-30T16:38:19.774+0800][45.598s][info][safepoint   ] Safepoint "G1CollectForAllocation", Time since last: 37602900 ns, Reaching safepoint: 3300 ns, Cleanup: 3500 ns, At safepoint: 16183200 ns, Total: 16190000 ns
[2025-07-30T16:38:19.811+0800][45.636s][info][gc,start    ] GC(873) Pause Young (Normal) (G1 Evacuation Pause)
[2025-07-30T16:38:19.811+0800][45.636s][info][gc,task     ] GC(873) Using 1 workers of 1 for evacuation
[2025-07-30T16:38:19.827+0800][45.652s][info][gc,phases   ] GC(873)   Pre Evacuate Collection Set: 0.4ms
[2025-07-30T16:38:19.827+0800][45.652s][info][gc,phases   ] GC(873)   Merge Heap Roots: 0.1ms
[2025-07-30T16:38:19.827+0800][45.652s][info][gc,phases   ] GC(873)   Evacuate Collection Set: 14.4ms
[2025-07-30T16:38:19.827+0800][45.652s][info][gc,phases   ] GC(873)   Post Evacuate Collection Set: 0.7ms
[2025-07-30T16:38:19.827+0800][45.652s][info][gc,phases   ] GC(873)   Other: 0.1ms
[2025-07-30T16:38:19.827+0800][45.652s][info][gc,heap     ] GC(873) Eden regions: 1019->0(1017)
[2025-07-30T16:38:19.827+0800][45.652s][info][gc,heap     ] GC(873) Survivor regions: 145->146(146)
[2025-07-30T16:38:19.827+0800][45.652s][info][gc,heap     ] GC(873) Old regions: 561->561
[2025-07-30T16:38:19.827+0800][45.652s][info][gc,heap     ] GC(873) Humongous regions: 3->3
[2025-07-30T16:38:19.827+0800][45.652s][info][gc,metaspace] GC(873) Metaspace: 7229K(7552K)->7229K(7552K) NonClass: 6503K(6656K)->6503K(6656K) Class: 725K(896K)->725K(896K)
[2025-07-30T16:38:19.827+0800][45.652s][info][gc          ] GC(873) Pause Young (Normal) (G1 Evacuation Pause) 1727M->709M(2048M) 15.856ms
[2025-07-30T16:38:19.827+0800][45.652s][info][gc,cpu      ] GC(873) User=0.02s Sys=0.00s Real=0.02s
[2025-07-30T16:38:19.827+0800][45.652s][info][safepoint   ] Safepoint "G1CollectForAllocation", Time since last: 37875500 ns, Reaching safepoint: 3200 ns, Cleanup: 4100 ns, At safepoint: 15898100 ns, Total: 15905400 ns
[2025-07-30T16:38:19.867+0800][45.692s][info][gc,start    ] GC(874) Pause Young (Normal) (G1 Evacuation Pause)
[2025-07-30T16:38:19.867+0800][45.692s][info][gc,task     ] GC(874) Using 1 workers of 1 for evacuation
[2025-07-30T16:38:19.883+0800][45.708s][info][gc,phases   ] GC(874)   Pre Evacuate Collection Set: 0.4ms
[2025-07-30T16:38:19.883+0800][45.708s][info][gc,phases   ] GC(874)   Merge Heap Roots: 0.1ms
[2025-07-30T16:38:19.883+0800][45.708s][info][gc,phases   ] GC(874)   Evacuate Collection Set: 14.5ms
[2025-07-30T16:38:19.883+0800][45.708s][info][gc,phases   ] GC(874)   Post Evacuate Collection Set: 0.7ms
[2025-07-30T16:38:19.883+0800][45.708s][info][gc,phases   ] GC(874)   Other: 0.1ms
[2025-07-30T16:38:19.883+0800][45.708s][info][gc,heap     ] GC(874) Eden regions: 1017->0(1019)
[2025-07-30T16:38:19.883+0800][45.708s][info][gc,heap     ] GC(874) Survivor regions: 146->145(146)
[2025-07-30T16:38:19.883+0800][45.708s][info][gc,heap     ] GC(874) Old regions: 561->561
[2025-07-30T16:38:19.883+0800][45.708s][info][gc,heap     ] GC(874) Humongous regions: 3->3
[2025-07-30T16:38:19.883+0800][45.708s][info][gc,metaspace] GC(874) Metaspace: 7229K(7552K)->7229K(7552K) NonClass: 6503K(6656K)->6503K(6656K) Class: 725K(896K)->725K(896K)
[2025-07-30T16:38:19.883+0800][45.708s][info][gc          ] GC(874) Pause Young (Normal) (G1 Evacuation Pause) 1726M->708M(2048M) 16.029ms
[2025-07-30T16:38:19.883+0800][45.708s][info][gc,cpu      ] GC(874) User=0.02s Sys=0.00s Real=0.02s
[2025-07-30T16:38:19.883+0800][45.708s][info][safepoint   ] Safepoint "G1CollectForAllocation", Time since last: 39690500 ns, Reaching safepoint: 4300 ns, Cleanup: 4600 ns, At safepoint: 16072500 ns, Total: 16081400 ns
[2025-07-30T16:38:19.920+0800][45.747s][info][gc,start    ] GC(875) Pause Young (Normal) (G1 Evacuation Pause)
[2025-07-30T16:38:19.920+0800][45.747s][info][gc,task     ] GC(875) Using 1 workers of 1 for evacuation
[2025-07-30T16:38:19.937+0800][45.763s][info][gc,phases   ] GC(875)   Pre Evacuate Collection Set: 0.4ms
[2025-07-30T16:38:19.937+0800][45.763s][info][gc,phases   ] GC(875)   Merge Heap Roots: 0.1ms
[2025-07-30T16:38:19.937+0800][45.763s][info][gc,phases   ] GC(875)   Evacuate Collection Set: 14.8ms
[2025-07-30T16:38:19.937+0800][45.763s][info][gc,phases   ] GC(875)   Post Evacuate Collection Set: 0.9ms
[2025-07-30T16:38:19.937+0800][45.763s][info][gc,phases   ] GC(875)   Other: 0.1ms
[2025-07-30T16:38:19.937+0800][45.763s][info][gc,heap     ] GC(875) Eden regions: 1019->0(1017)
[2025-07-30T16:38:19.937+0800][45.763s][info][gc,heap     ] GC(875) Survivor regions: 145->146(146)
[2025-07-30T16:38:19.937+0800][45.763s][info][gc,heap     ] GC(875) Old regions: 561->561
[2025-07-30T16:38:19.937+0800][45.763s][info][gc,heap     ] GC(875) Humongous regions: 3->3
[2025-07-30T16:38:19.937+0800][45.763s][info][gc,metaspace] GC(875) Metaspace: 7229K(7552K)->7229K(7552K) NonClass: 6503K(6656K)->6503K(6656K) Class: 725K(896K)->725K(896K)
[2025-07-30T16:38:19.937+0800][45.763s][info][gc          ] GC(875) Pause Young (Normal) (G1 Evacuation Pause) 1727M->709M(2048M) 16.479ms
[2025-07-30T16:38:19.937+0800][45.763s][info][gc,cpu      ] GC(875) User=0.02s Sys=0.00s Real=0.02s
[2025-07-30T16:38:19.937+0800][45.763s][info][safepoint   ] Safepoint "G1CollectForAllocation", Time since last: 38471000 ns, Reaching safepoint: 3600 ns, Cleanup: 4100 ns, At safepoint: 16518700 ns, Total: 16526400 ns
[2025-07-30T16:38:19.973+0800][45.799s][info][gc,start    ] GC(876) Pause Young (Normal) (G1 Evacuation Pause)
[2025-07-30T16:38:19.973+0800][45.799s][info][gc,task     ] GC(876) Using 1 workers of 1 for evacuation
[2025-07-30T16:38:19.989+0800][45.815s][info][gc,phases   ] GC(876)   Pre Evacuate Collection Set: 0.4ms
[2025-07-30T16:38:19.989+0800][45.815s][info][gc,phases   ] GC(876)   Merge Heap Roots: 0.1ms
[2025-07-30T16:38:19.989+0800][45.815s][info][gc,phases   ] GC(876)   Evacuate Collection Set: 14.2ms
[2025-07-30T16:38:19.989+0800][45.815s][info][gc,phases   ] GC(876)   Post Evacuate Collection Set: 0.7ms
[2025-07-30T16:38:19.990+0800][45.815s][info][gc,phases   ] GC(876)   Other: 0.1ms
[2025-07-30T16:38:19.990+0800][45.815s][info][gc,heap     ] GC(876) Eden regions: 1017->0(1017)
[2025-07-30T16:38:19.990+0800][45.815s][info][gc,heap     ] GC(876) Survivor regions: 146->146(146)
[2025-07-30T16:38:19.990+0800][45.815s][info][gc,heap     ] GC(876) Old regions: 561->561
[2025-07-30T16:38:19.990+0800][45.815s][info][gc,heap     ] GC(876) Humongous regions: 3->3
[2025-07-30T16:38:19.990+0800][45.815s][info][gc,metaspace] GC(876) Metaspace: 7229K(7552K)->7229K(7552K) NonClass: 6503K(6656K)->6503K(6656K) Class: 725K(896K)->725K(896K)
[2025-07-30T16:38:19.990+0800][45.815s][info][gc          ] GC(876) Pause Young (Normal) (G1 Evacuation Pause) 1726M->708M(2048M) 15.698ms
[2025-07-30T16:38:19.990+0800][45.815s][info][gc,cpu      ] GC(876) User=0.02s Sys=0.00s Real=0.02s
[2025-07-30T16:38:19.990+0800][45.815s][info][safepoint   ] Safepoint "G1CollectForAllocation", Time since last: 36129300 ns, Reaching safepoint: 3600 ns, Cleanup: 4000 ns, At safepoint: 15742200 ns, Total: 15749800 ns
[2025-07-30T16:38:20.027+0800][45.852s][info][gc,start    ] GC(877) Pause Young (Normal) (G1 Evacuation Pause)
[2025-07-30T16:38:20.027+0800][45.852s][info][gc,task     ] GC(877) Using 1 workers of 1 for evacuation
[2025-07-30T16:38:20.042+0800][45.868s][info][gc,phases   ] GC(877)   Pre Evacuate Collection Set: 0.4ms
[2025-07-30T16:38:20.042+0800][45.868s][info][gc,phases   ] GC(877)   Merge Heap Roots: 0.1ms
[2025-07-30T16:38:20.042+0800][45.868s][info][gc,phases   ] GC(877)   Evacuate Collection Set: 14.5ms
[2025-07-30T16:38:20.042+0800][45.868s][info][gc,phases   ] GC(877)   Post Evacuate Collection Set: 0.6ms
[2025-07-30T16:38:20.042+0800][45.868s][info][gc,phases   ] GC(877)   Other: 0.1ms
[2025-07-30T16:38:20.042+0800][45.868s][info][gc,heap     ] GC(877) Eden regions: 1017->0(1019)
[2025-07-30T16:38:20.042+0800][45.868s][info][gc,heap     ] GC(877) Survivor regions: 146->145(146)
[2025-07-30T16:38:20.042+0800][45.868s][info][gc,heap     ] GC(877) Old regions: 561->561
[2025-07-30T16:38:20.042+0800][45.868s][info][gc,heap     ] GC(877) Humongous regions: 3->3
[2025-07-30T16:38:20.042+0800][45.868s][info][gc,metaspace] GC(877) Metaspace: 7229K(7552K)->7229K(7552K) NonClass: 6503K(6656K)->6503K(6656K) Class: 725K(896K)->725K(896K)
[2025-07-30T16:38:20.042+0800][45.868s][info][gc          ] GC(877) Pause Young (Normal) (G1 Evacuation Pause) 1725M->707M(2048M) 15.908ms
[2025-07-30T16:38:20.042+0800][45.868s][info][gc,cpu      ] GC(877) User=0.02s Sys=0.00s Real=0.02s
[2025-07-30T16:38:20.042+0800][45.868s][info][safepoint   ] Safepoint "G1CollectForAllocation", Time since last: 36965500 ns, Reaching safepoint: 2300 ns, Cleanup: 3400 ns, At safepoint: 15947600 ns, Total: 15953300 ns
[2025-07-30T16:38:20.079+0800][45.904s][info][gc,start    ] GC(878) Pause Young (Normal) (G1 Evacuation Pause)
[2025-07-30T16:38:20.079+0800][45.904s][info][gc,task     ] GC(878) Using 1 workers of 1 for evacuation
[2025-07-30T16:38:20.094+0800][45.920s][info][gc,phases   ] GC(878)   Pre Evacuate Collection Set: 0.4ms
[2025-07-30T16:38:20.094+0800][45.920s][info][gc,phases   ] GC(878)   Merge Heap Roots: 0.1ms
[2025-07-30T16:38:20.094+0800][45.920s][info][gc,phases   ] GC(878)   Evacuate Collection Set: 14.2ms
[2025-07-30T16:38:20.094+0800][45.920s][info][gc,phases   ] GC(878)   Post Evacuate Collection Set: 0.7ms
[2025-07-30T16:38:20.094+0800][45.920s][info][gc,phases   ] GC(878)   Other: 0.1ms
[2025-07-30T16:38:20.094+0800][45.920s][info][gc,heap     ] GC(878) Eden regions: 1019->0(1018)
[2025-07-30T16:38:20.094+0800][45.920s][info][gc,heap     ] GC(878) Survivor regions: 145->146(146)
[2025-07-30T16:38:20.094+0800][45.920s][info][gc,heap     ] GC(878) Old regions: 561->561
[2025-07-30T16:38:20.094+0800][45.920s][info][gc,heap     ] GC(878) Humongous regions: 3->3
[2025-07-30T16:38:20.094+0800][45.920s][info][gc,metaspace] GC(878) Metaspace: 7229K(7552K)->7229K(7552K) NonClass: 6503K(6656K)->6503K(6656K) Class: 725K(896K)->725K(896K)
[2025-07-30T16:38:20.094+0800][45.920s][info][gc          ] GC(878) Pause Young (Normal) (G1 Evacuation Pause) 1726M->708M(2048M) 15.529ms
[2025-07-30T16:38:20.094+0800][45.920s][info][gc,cpu      ] GC(878) User=0.02s Sys=0.00s Real=0.02s
[2025-07-30T16:38:20.094+0800][45.920s][info][safepoint   ] Safepoint "G1CollectForAllocation", Time since last: 36575600 ns, Reaching safepoint: 2700 ns, Cleanup: 3700 ns, At safepoint: 15570300 ns, Total: 15576700 ns
[2025-07-30T16:38:20.132+0800][45.957s][info][gc,start    ] GC(879) Pause Young (Normal) (G1 Evacuation Pause)
[2025-07-30T16:38:20.133+0800][45.958s][info][gc,task     ] GC(879) Using 1 workers of 1 for evacuation
[2025-07-30T16:38:20.153+0800][45.978s][info][gc,phases   ] GC(879)   Pre Evacuate Collection Set: 0.4ms
[2025-07-30T16:38:20.153+0800][45.978s][info][gc,phases   ] GC(879)   Merge Heap Roots: 0.1ms
[2025-07-30T16:38:20.153+0800][45.978s][info][gc,phases   ] GC(879)   Evacuate Collection Set: 19.5ms
[2025-07-30T16:38:20.153+0800][45.978s][info][gc,phases   ] GC(879)   Post Evacuate Collection Set: 0.7ms
[2025-07-30T16:38:20.153+0800][45.978s][info][gc,phases   ] GC(879)   Other: 0.1ms
[2025-07-30T16:38:20.153+0800][45.978s][info][gc,heap     ] GC(879) Eden regions: 1018->0(1018)
[2025-07-30T16:38:20.153+0800][45.978s][info][gc,heap     ] GC(879) Survivor regions: 146->146(146)
[2025-07-30T16:38:20.153+0800][45.978s][info][gc,heap     ] GC(879) Old regions: 561->561
[2025-07-30T16:38:20.153+0800][45.978s][info][gc,heap     ] GC(879) Humongous regions: 3->3
[2025-07-30T16:38:20.153+0800][45.978s][info][gc,metaspace] GC(879) Metaspace: 7229K(7552K)->7229K(7552K) NonClass: 6503K(6656K)->6503K(6656K) Class: 725K(896K)->725K(896K)
[2025-07-30T16:38:20.153+0800][45.978s][info][gc          ] GC(879) Pause Young (Normal) (G1 Evacuation Pause) 1726M->708M(2048M) 21.016ms
[2025-07-30T16:38:20.153+0800][45.978s][info][gc,cpu      ] GC(879) User=0.02s Sys=0.00s Real=0.02s
[2025-07-30T16:38:20.154+0800][45.978s][info][safepoint   ] Safepoint "G1CollectForAllocation", Time since last: 37451200 ns, Reaching safepoint: 3900 ns, Cleanup: 4400 ns, At safepoint: 21062200 ns, Total: 21070500 ns
[2025-07-30T16:38:20.192+0800][46.017s][info][gc,start    ] GC(880) Pause Young (Normal) (G1 Evacuation Pause)
[2025-07-30T16:38:20.192+0800][46.017s][info][gc,task     ] GC(880) Using 1 workers of 1 for evacuation
[2025-07-30T16:38:20.211+0800][46.036s][info][gc,phases   ] GC(880)   Pre Evacuate Collection Set: 0.5ms
[2025-07-30T16:38:20.211+0800][46.036s][info][gc,phases   ] GC(880)   Merge Heap Roots: 0.1ms
[2025-07-30T16:38:20.211+0800][46.036s][info][gc,phases   ] GC(880)   Evacuate Collection Set: 17.1ms
[2025-07-30T16:38:20.211+0800][46.036s][info][gc,phases   ] GC(880)   Post Evacuate Collection Set: 1.0ms
[2025-07-30T16:38:20.211+0800][46.036s][info][gc,phases   ] GC(880)   Other: 0.1ms
[2025-07-30T16:38:20.211+0800][46.036s][info][gc,heap     ] GC(880) Eden regions: 1018->0(1018)
[2025-07-30T16:38:20.211+0800][46.036s][info][gc,heap     ] GC(880) Survivor regions: 146->146(146)
[2025-07-30T16:38:20.211+0800][46.036s][info][gc,heap     ] GC(880) Old regions: 561->561
[2025-07-30T16:38:20.211+0800][46.036s][info][gc,heap     ] GC(880) Humongous regions: 3->3
[2025-07-30T16:38:20.211+0800][46.036s][info][gc,metaspace] GC(880) Metaspace: 7229K(7552K)->7229K(7552K) NonClass: 6503K(6656K)->6503K(6656K) Class: 725K(896K)->725K(896K)
[2025-07-30T16:38:20.211+0800][46.036s][info][gc          ] GC(880) Pause Young (Normal) (G1 Evacuation Pause) 1726M->708M(2048M) 19.079ms
[2025-07-30T16:38:20.211+0800][46.036s][info][gc,cpu      ] GC(880) User=0.02s Sys=0.00s Real=0.02s
[2025-07-30T16:38:20.211+0800][46.036s][info][safepoint   ] Safepoint "G1CollectForAllocation", Time since last: 38785100 ns, Reaching safepoint: 4100 ns, Cleanup: 4700 ns, At safepoint: 19127300 ns, Total: 19136100 ns
[2025-07-30T16:38:20.251+0800][46.075s][info][gc,start    ] GC(881) Pause Young (Normal) (G1 Evacuation Pause)
[2025-07-30T16:38:20.251+0800][46.076s][info][gc,task     ] GC(881) Using 1 workers of 1 for evacuation
[2025-07-30T16:38:20.267+0800][46.093s][info][gc,phases   ] GC(881)   Pre Evacuate Collection Set: 0.5ms
[2025-07-30T16:38:20.267+0800][46.093s][info][gc,phases   ] GC(881)   Merge Heap Roots: 0.1ms
[2025-07-30T16:38:20.267+0800][46.093s][info][gc,phases   ] GC(881)   Evacuate Collection Set: 15.9ms
[2025-07-30T16:38:20.267+0800][46.093s][info][gc,phases   ] GC(881)   Post Evacuate Collection Set: 0.7ms
[2025-07-30T16:38:20.267+0800][46.093s][info][gc,phases   ] GC(881)   Other: 0.1ms
[2025-07-30T16:38:20.267+0800][46.093s][info][gc,heap     ] GC(881) Eden regions: 1018->0(1017)
[2025-07-30T16:38:20.267+0800][46.093s][info][gc,heap     ] GC(881) Survivor regions: 146->146(146)
[2025-07-30T16:38:20.267+0800][46.093s][info][gc,heap     ] GC(881) Old regions: 561->561
[2025-07-30T16:38:20.267+0800][46.093s][info][gc,heap     ] GC(881) Humongous regions: 3->3
[2025-07-30T16:38:20.267+0800][46.093s][info][gc,metaspace] GC(881) Metaspace: 7229K(7552K)->7229K(7552K) NonClass: 6503K(6656K)->6503K(6656K) Class: 725K(896K)->725K(896K)
[2025-07-30T16:38:20.267+0800][46.093s][info][gc          ] GC(881) Pause Young (Normal) (G1 Evacuation Pause) 1726M->709M(2048M) 17.518ms
[2025-07-30T16:38:20.267+0800][46.093s][info][gc,cpu      ] GC(881) User=0.02s Sys=0.00s Real=0.02s
[2025-07-30T16:38:20.267+0800][46.093s][info][safepoint   ] Safepoint "G1CollectForAllocation", Time since last: 39051200 ns, Reaching safepoint: 5900 ns, Cleanup: 6000 ns, At safepoint: 17608200 ns, Total: 17620100 ns
[2025-07-30T16:38:20.306+0800][46.131s][info][gc,start    ] GC(882) Pause Young (Normal) (G1 Evacuation Pause)
[2025-07-30T16:38:20.306+0800][46.131s][info][gc,task     ] GC(882) Using 1 workers of 1 for evacuation
[2025-07-30T16:38:20.322+0800][46.148s][info][gc,phases   ] GC(882)   Pre Evacuate Collection Set: 0.4ms
[2025-07-30T16:38:20.322+0800][46.148s][info][gc,phases   ] GC(882)   Merge Heap Roots: 0.1ms
[2025-07-30T16:38:20.322+0800][46.148s][info][gc,phases   ] GC(882)   Evacuate Collection Set: 15.0ms
[2025-07-30T16:38:20.322+0800][46.148s][info][gc,phases   ] GC(882)   Post Evacuate Collection Set: 0.8ms
[2025-07-30T16:38:20.322+0800][46.148s][info][gc,phases   ] GC(882)   Other: 0.1ms
[2025-07-30T16:38:20.322+0800][46.148s][info][gc,heap     ] GC(882) Eden regions: 1017->0(1019)
[2025-07-30T16:38:20.322+0800][46.148s][info][gc,heap     ] GC(882) Survivor regions: 146->145(146)
[2025-07-30T16:38:20.322+0800][46.148s][info][gc,heap     ] GC(882) Old regions: 561->561
[2025-07-30T16:38:20.322+0800][46.148s][info][gc,heap     ] GC(882) Humongous regions: 3->3
[2025-07-30T16:38:20.322+0800][46.148s][info][gc,metaspace] GC(882) Metaspace: 7229K(7552K)->7229K(7552K) NonClass: 6503K(6656K)->6503K(6656K) Class: 725K(896K)->725K(896K)
[2025-07-30T16:38:20.322+0800][46.148s][info][gc          ] GC(882) Pause Young (Normal) (G1 Evacuation Pause) 1726M->708M(2048M) 16.547ms
[2025-07-30T16:38:20.322+0800][46.148s][info][gc,cpu      ] GC(882) User=0.02s Sys=0.00s Real=0.02s
[2025-07-30T16:38:20.322+0800][46.148s][info][safepoint   ] Safepoint "G1CollectForAllocation", Time since last: 38156000 ns, Reaching safepoint: 3500 ns, Cleanup: 3300 ns, At safepoint: 16588200 ns, Total: 16595000 ns
[2025-07-30T16:38:20.362+0800][46.187s][info][gc,start    ] GC(883) Pause Young (Normal) (G1 Evacuation Pause)
[2025-07-30T16:38:20.362+0800][46.187s][info][gc,task     ] GC(883) Using 1 workers of 1 for evacuation
[2025-07-30T16:38:20.378+0800][46.204s][info][gc,phases   ] GC(883)   Pre Evacuate Collection Set: 0.5ms
[2025-07-30T16:38:20.378+0800][46.204s][info][gc,phases   ] GC(883)   Merge Heap Roots: 0.1ms
[2025-07-30T16:38:20.378+0800][46.204s][info][gc,phases   ] GC(883)   Evacuate Collection Set: 15.6ms
[2025-07-30T16:38:20.378+0800][46.204s][info][gc,phases   ] GC(883)   Post Evacuate Collection Set: 0.7ms
[2025-07-30T16:38:20.378+0800][46.204s][info][gc,phases   ] GC(883)   Other: 0.1ms
[2025-07-30T16:38:20.378+0800][46.204s][info][gc,heap     ] GC(883) Eden regions: 1019->0(1017)
[2025-07-30T16:38:20.378+0800][46.204s][info][gc,heap     ] GC(883) Survivor regions: 145->146(146)
[2025-07-30T16:38:20.378+0800][46.204s][info][gc,heap     ] GC(883) Old regions: 561->561
[2025-07-30T16:38:20.378+0800][46.204s][info][gc,heap     ] GC(883) Humongous regions: 3->3
[2025-07-30T16:38:20.378+0800][46.204s][info][gc,metaspace] GC(883) Metaspace: 7229K(7552K)->7229K(7552K) NonClass: 6503K(6656K)->6503K(6656K) Class: 725K(896K)->725K(896K)
[2025-07-30T16:38:20.378+0800][46.204s][info][gc          ] GC(883) Pause Young (Normal) (G1 Evacuation Pause) 1727M->709M(2048M) 17.185ms
[2025-07-30T16:38:20.378+0800][46.204s][info][gc,cpu      ] GC(883) User=0.02s Sys=0.00s Real=0.02s
[2025-07-30T16:38:20.378+0800][46.204s][info][safepoint   ] Safepoint "G1CollectForAllocation", Time since last: 38778500 ns, Reaching safepoint: 3600 ns, Cleanup: 5400 ns, At safepoint: 17226300 ns, Total: 17235300 ns
[2025-07-30T16:38:20.420+0800][46.245s][info][gc,start    ] GC(884) Pause Young (Normal) (G1 Evacuation Pause)
[2025-07-30T16:38:20.420+0800][46.245s][info][gc,task     ] GC(884) Using 1 workers of 1 for evacuation
[2025-07-30T16:38:20.438+0800][46.263s][info][gc,phases   ] GC(884)   Pre Evacuate Collection Set: 0.5ms
[2025-07-30T16:38:20.438+0800][46.263s][info][gc,phases   ] GC(884)   Merge Heap Roots: 0.1ms
[2025-07-30T16:38:20.438+0800][46.263s][info][gc,phases   ] GC(884)   Evacuate Collection Set: 16.1ms
[2025-07-30T16:38:20.438+0800][46.263s][info][gc,phases   ] GC(884)   Post Evacuate Collection Set: 0.7ms
[2025-07-30T16:38:20.438+0800][46.263s][info][gc,phases   ] GC(884)   Other: 0.1ms
[2025-07-30T16:38:20.438+0800][46.263s][info][gc,heap     ] GC(884) Eden regions: 1017->0(1019)
[2025-07-30T16:38:20.438+0800][46.263s][info][gc,heap     ] GC(884) Survivor regions: 146->145(146)
[2025-07-30T16:38:20.438+0800][46.263s][info][gc,heap     ] GC(884) Old regions: 561->561
[2025-07-30T16:38:20.438+0800][46.263s][info][gc,heap     ] GC(884) Humongous regions: 3->3
[2025-07-30T16:38:20.438+0800][46.263s][info][gc,metaspace] GC(884) Metaspace: 7229K(7552K)->7229K(7552K) NonClass: 6503K(6656K)->6503K(6656K) Class: 725K(896K)->725K(896K)
[2025-07-30T16:38:20.438+0800][46.263s][info][gc          ] GC(884) Pause Young (Normal) (G1 Evacuation Pause) 1726M->708M(2048M) 17.688ms
[2025-07-30T16:38:20.438+0800][46.263s][info][gc,cpu      ] GC(884) User=0.03s Sys=0.00s Real=0.02s
[2025-07-30T16:38:20.438+0800][46.263s][info][safepoint   ] Safepoint "G1CollectForAllocation", Time since last: 41494800 ns, Reaching safepoint: 4100 ns, Cleanup: 5400 ns, At safepoint: 17730300 ns, Total: 17739800 ns
[2025-07-30T16:38:20.479+0800][46.304s][info][gc,start    ] GC(885) Pause Young (Normal) (G1 Evacuation Pause)
[2025-07-30T16:38:20.479+0800][46.305s][info][gc,task     ] GC(885) Using 1 workers of 1 for evacuation
[2025-07-30T16:38:20.495+0800][46.321s][info][gc,phases   ] GC(885)   Pre Evacuate Collection Set: 0.4ms
[2025-07-30T16:38:20.495+0800][46.321s][info][gc,phases   ] GC(885)   Merge Heap Roots: 0.1ms
[2025-07-30T16:38:20.495+0800][46.321s][info][gc,phases   ] GC(885)   Evacuate Collection Set: 14.7ms
[2025-07-30T16:38:20.495+0800][46.321s][info][gc,phases   ] GC(885)   Post Evacuate Collection Set: 0.7ms
[2025-07-30T16:38:20.495+0800][46.321s][info][gc,phases   ] GC(885)   Other: 0.1ms
[2025-07-30T16:38:20.495+0800][46.321s][info][gc,heap     ] GC(885) Eden regions: 1019->0(1017)
[2025-07-30T16:38:20.495+0800][46.321s][info][gc,heap     ] GC(885) Survivor regions: 145->146(146)
[2025-07-30T16:38:20.495+0800][46.321s][info][gc,heap     ] GC(885) Old regions: 561->561
[2025-07-30T16:38:20.495+0800][46.321s][info][gc,heap     ] GC(885) Humongous regions: 3->3
[2025-07-30T16:38:20.495+0800][46.321s][info][gc,metaspace] GC(885) Metaspace: 7229K(7552K)->7229K(7552K) NonClass: 6503K(6656K)->6503K(6656K) Class: 725K(896K)->725K(896K)
[2025-07-30T16:38:20.495+0800][46.321s][info][gc          ] GC(885) Pause Young (Normal) (G1 Evacuation Pause) 1727M->709M(2048M) 16.206ms
[2025-07-30T16:38:20.495+0800][46.321s][info][gc,cpu      ] GC(885) User=0.02s Sys=0.00s Real=0.02s
[2025-07-30T16:38:20.495+0800][46.321s][info][safepoint   ] Safepoint "G1CollectForAllocation", Time since last: 41371400 ns, Reaching safepoint: 3700 ns, Cleanup: 4400 ns, At safepoint: 16246700 ns, Total: 16254800 ns
[2025-07-30T16:38:20.534+0800][46.359s][info][gc,start    ] GC(886) Pause Young (Normal) (G1 Evacuation Pause)
[2025-07-30T16:38:20.534+0800][46.359s][info][gc,task     ] GC(886) Using 1 workers of 1 for evacuation
[2025-07-30T16:38:20.550+0800][46.376s][info][gc,phases   ] GC(886)   Pre Evacuate Collection Set: 0.4ms
[2025-07-30T16:38:20.550+0800][46.377s][info][gc,phases   ] GC(886)   Merge Heap Roots: 0.1ms
[2025-07-30T16:38:20.550+0800][46.377s][info][gc,phases   ] GC(886)   Evacuate Collection Set: 15.9ms
[2025-07-30T16:38:20.550+0800][46.377s][info][gc,phases   ] GC(886)   Post Evacuate Collection Set: 0.7ms
[2025-07-30T16:38:20.550+0800][46.377s][info][gc,phases   ] GC(886)   Other: 0.1ms
[2025-07-30T16:38:20.550+0800][46.377s][info][gc,heap     ] GC(886) Eden regions: 1017->0(1017)
[2025-07-30T16:38:20.550+0800][46.377s][info][gc,heap     ] GC(886) Survivor regions: 146->146(146)
[2025-07-30T16:38:20.550+0800][46.377s][info][gc,heap     ] GC(886) Old regions: 561->561
[2025-07-30T16:38:20.550+0800][46.377s][info][gc,heap     ] GC(886) Humongous regions: 3->3
[2025-07-30T16:38:20.550+0800][46.377s][info][gc,metaspace] GC(886) Metaspace: 7229K(7552K)->7229K(7552K) NonClass: 6503K(6656K)->6503K(6656K) Class: 725K(896K)->725K(896K)
[2025-07-30T16:38:20.550+0800][46.377s][info][gc          ] GC(886) Pause Young (Normal) (G1 Evacuation Pause) 1726M->708M(2048M) 17.416ms
[2025-07-30T16:38:20.552+0800][46.377s][info][gc,cpu      ] GC(886) User=0.02s Sys=0.00s Real=0.02s
[2025-07-30T16:38:20.552+0800][46.377s][info][safepoint   ] Safepoint "G1CollectForAllocation", Time since last: 38511900 ns, Reaching safepoint: 3400 ns, Cleanup: 4300 ns, At safepoint: 17457300 ns, Total: 17465000 ns
[2025-07-30T16:38:20.590+0800][46.416s][info][gc,start    ] GC(887) Pause Young (Normal) (G1 Evacuation Pause)
[2025-07-30T16:38:20.590+0800][46.416s][info][gc,task     ] GC(887) Using 1 workers of 1 for evacuation
[2025-07-30T16:38:20.606+0800][46.432s][info][gc,phases   ] GC(887)   Pre Evacuate Collection Set: 0.5ms
[2025-07-30T16:38:20.607+0800][46.432s][info][gc,phases   ] GC(887)   Merge Heap Roots: 0.1ms
[2025-07-30T16:38:20.607+0800][46.432s][info][gc,phases   ] GC(887)   Evacuate Collection Set: 14.6ms
[2025-07-30T16:38:20.607+0800][46.432s][info][gc,phases   ] GC(887)   Post Evacuate Collection Set: 0.7ms
[2025-07-30T16:38:20.607+0800][46.432s][info][gc,phases   ] GC(887)   Other: 0.1ms
[2025-07-30T16:38:20.607+0800][46.432s][info][gc,heap     ] GC(887) Eden regions: 1017->0(1019)
[2025-07-30T16:38:20.607+0800][46.432s][info][gc,heap     ] GC(887) Survivor regions: 146->145(146)
[2025-07-30T16:38:20.607+0800][46.432s][info][gc,heap     ] GC(887) Old regions: 561->561
[2025-07-30T16:38:20.607+0800][46.432s][info][gc,heap     ] GC(887) Humongous regions: 3->3
[2025-07-30T16:38:20.607+0800][46.432s][info][gc,metaspace] GC(887) Metaspace: 7229K(7552K)->7229K(7552K) NonClass: 6503K(6656K)->6503K(6656K) Class: 725K(896K)->725K(896K)
[2025-07-30T16:38:20.607+0800][46.432s][info][gc          ] GC(887) Pause Young (Normal) (G1 Evacuation Pause) 1725M->707M(2048M) 16.098ms
[2025-07-30T16:38:20.607+0800][46.432s][info][gc,cpu      ] GC(887) User=0.02s Sys=0.00s Real=0.02s
[2025-07-30T16:38:20.607+0800][46.432s][info][safepoint   ] Safepoint "G1CollectForAllocation", Time since last: 39062400 ns, Reaching safepoint: 3900 ns, Cleanup: 4500 ns, At safepoint: 16140000 ns, Total: 16148400 ns
[2025-07-30T16:38:20.644+0800][46.470s][info][gc,start    ] GC(888) Pause Young (Normal) (G1 Evacuation Pause)
[2025-07-30T16:38:20.644+0800][46.470s][info][gc,task     ] GC(888) Using 1 workers of 1 for evacuation
[2025-07-30T16:38:20.661+0800][46.486s][info][gc,phases   ] GC(888)   Pre Evacuate Collection Set: 0.4ms
[2025-07-30T16:38:20.661+0800][46.486s][info][gc,phases   ] GC(888)   Merge Heap Roots: 0.1ms
[2025-07-30T16:38:20.661+0800][46.486s][info][gc,phases   ] GC(888)   Evacuate Collection Set: 14.6ms
[2025-07-30T16:38:20.661+0800][46.486s][info][gc,phases   ] GC(888)   Post Evacuate Collection Set: 0.7ms
[2025-07-30T16:38:20.661+0800][46.486s][info][gc,phases   ] GC(888)   Other: 0.1ms
[2025-07-30T16:38:20.661+0800][46.486s][info][gc,heap     ] GC(888) Eden regions: 1019->0(1018)
[2025-07-30T16:38:20.661+0800][46.486s][info][gc,heap     ] GC(888) Survivor regions: 145->146(146)
[2025-07-30T16:38:20.661+0800][46.486s][info][gc,heap     ] GC(888) Old regions: 561->561
[2025-07-30T16:38:20.661+0800][46.486s][info][gc,heap     ] GC(888) Humongous regions: 3->3
[2025-07-30T16:38:20.661+0800][46.486s][info][gc,metaspace] GC(888) Metaspace: 7229K(7552K)->7229K(7552K) NonClass: 6503K(6656K)->6503K(6656K) Class: 725K(896K)->725K(896K)
[2025-07-30T16:38:20.661+0800][46.486s][info][gc          ] GC(888) Pause Young (Normal) (G1 Evacuation Pause) 1726M->708M(2048M) 16.100ms
[2025-07-30T16:38:20.661+0800][46.486s][info][gc,cpu      ] GC(888) User=0.02s Sys=0.00s Real=0.02s
[2025-07-30T16:38:20.661+0800][46.486s][info][safepoint   ] Safepoint "G1CollectForAllocation", Time since last: 38144900 ns, Reaching safepoint: 3400 ns, Cleanup: 3000 ns, At safepoint: 16183800 ns, Total: 16190200 ns
[2025-07-30T16:38:20.699+0800][46.524s][info][gc,start    ] GC(889) Pause Young (Normal) (G1 Evacuation Pause)
[2025-07-30T16:38:20.699+0800][46.524s][info][gc,task     ] GC(889) Using 1 workers of 1 for evacuation
[2025-07-30T16:38:20.715+0800][46.540s][info][gc,phases   ] GC(889)   Pre Evacuate Collection Set: 0.4ms
[2025-07-30T16:38:20.715+0800][46.540s][info][gc,phases   ] GC(889)   Merge Heap Roots: 0.1ms
[2025-07-30T16:38:20.715+0800][46.540s][info][gc,phases   ] GC(889)   Evacuate Collection Set: 14.5ms
[2025-07-30T16:38:20.715+0800][46.540s][info][gc,phases   ] GC(889)   Post Evacuate Collection Set: 0.7ms
[2025-07-30T16:38:20.715+0800][46.540s][info][gc,phases   ] GC(889)   Other: 0.1ms
[2025-07-30T16:38:20.715+0800][46.540s][info][gc,heap     ] GC(889) Eden regions: 1018->0(1018)
[2025-07-30T16:38:20.715+0800][46.540s][info][gc,heap     ] GC(889) Survivor regions: 146->146(146)
[2025-07-30T16:38:20.715+0800][46.540s][info][gc,heap     ] GC(889) Old regions: 561->561
[2025-07-30T16:38:20.715+0800][46.540s][info][gc,heap     ] GC(889) Humongous regions: 3->3
[2025-07-30T16:38:20.715+0800][46.540s][info][gc,metaspace] GC(889) Metaspace: 7229K(7552K)->7229K(7552K) NonClass: 6503K(6656K)->6503K(6656K) Class: 725K(896K)->725K(896K)
[2025-07-30T16:38:20.715+0800][46.540s][info][gc          ] GC(889) Pause Young (Normal) (G1 Evacuation Pause) 1726M->708M(2048M) 16.019ms
[2025-07-30T16:38:20.715+0800][46.540s][info][gc,cpu      ] GC(889) User=0.00s Sys=0.00s Real=0.02s
[2025-07-30T16:38:20.715+0800][46.540s][info][safepoint   ] Safepoint "G1CollectForAllocation", Time since last: 37888200 ns, Reaching safepoint: 3300 ns, Cleanup: 4000 ns, At safepoint: 16058900 ns, Total: 16066200 ns
[2025-07-30T16:38:20.755+0800][46.581s][info][gc,start    ] GC(890) Pause Young (Normal) (G1 Evacuation Pause)
[2025-07-30T16:38:20.756+0800][46.581s][info][gc,task     ] GC(890) Using 1 workers of 1 for evacuation
[2025-07-30T16:38:20.772+0800][46.597s][info][gc,phases   ] GC(890)   Pre Evacuate Collection Set: 0.5ms
[2025-07-30T16:38:20.772+0800][46.597s][info][gc,phases   ] GC(890)   Merge Heap Roots: 0.1ms
[2025-07-30T16:38:20.772+0800][46.597s][info][gc,phases   ] GC(890)   Evacuate Collection Set: 14.8ms
[2025-07-30T16:38:20.772+0800][46.597s][info][gc,phases   ] GC(890)   Post Evacuate Collection Set: 0.7ms
[2025-07-30T16:38:20.772+0800][46.597s][info][gc,phases   ] GC(890)   Other: 0.1ms
[2025-07-30T16:38:20.772+0800][46.597s][info][gc,heap     ] GC(890) Eden regions: 1018->0(1018)
[2025-07-30T16:38:20.772+0800][46.597s][info][gc,heap     ] GC(890) Survivor regions: 146->146(146)
[2025-07-30T16:38:20.772+0800][46.597s][info][gc,heap     ] GC(890) Old regions: 561->561
[2025-07-30T16:38:20.772+0800][46.597s][info][gc,heap     ] GC(890) Humongous regions: 3->3
[2025-07-30T16:38:20.772+0800][46.597s][info][gc,metaspace] GC(890) Metaspace: 7229K(7552K)->7229K(7552K) NonClass: 6503K(6656K)->6503K(6656K) Class: 725K(896K)->725K(896K)
[2025-07-30T16:38:20.772+0800][46.597s][info][gc          ] GC(890) Pause Young (Normal) (G1 Evacuation Pause) 1726M->708M(2048M) 16.455ms
[2025-07-30T16:38:20.772+0800][46.597s][info][gc,cpu      ] GC(890) User=0.02s Sys=0.00s Real=0.02s
[2025-07-30T16:38:20.772+0800][46.597s][info][safepoint   ] Safepoint "G1CollectForAllocation", Time since last: 40574100 ns, Reaching safepoint: 4000 ns, Cleanup: 5400 ns, At safepoint: 16496000 ns, Total: 16505400 ns
[2025-07-30T16:38:20.811+0800][46.636s][info][gc,start    ] GC(891) Pause Young (Normal) (G1 Evacuation Pause)
[2025-07-30T16:38:20.811+0800][46.636s][info][gc,task     ] GC(891) Using 1 workers of 1 for evacuation
[2025-07-30T16:38:20.831+0800][46.657s][info][gc,phases   ] GC(891)   Pre Evacuate Collection Set: 0.6ms
[2025-07-30T16:38:20.831+0800][46.657s][info][gc,phases   ] GC(891)   Merge Heap Roots: 0.1ms
[2025-07-30T16:38:20.831+0800][46.657s][info][gc,phases   ] GC(891)   Evacuate Collection Set: 18.7ms
[2025-07-30T16:38:20.831+0800][46.657s][info][gc,phases   ] GC(891)   Post Evacuate Collection Set: 0.7ms
[2025-07-30T16:38:20.831+0800][46.657s][info][gc,phases   ] GC(891)   Other: 0.1ms
[2025-07-30T16:38:20.831+0800][46.657s][info][gc,heap     ] GC(891) Eden regions: 1018->0(1017)
[2025-07-30T16:38:20.831+0800][46.657s][info][gc,heap     ] GC(891) Survivor regions: 146->146(146)
[2025-07-30T16:38:20.831+0800][46.657s][info][gc,heap     ] GC(891) Old regions: 561->561
[2025-07-30T16:38:20.831+0800][46.657s][info][gc,heap     ] GC(891) Humongous regions: 3->3
[2025-07-30T16:38:20.831+0800][46.657s][info][gc,metaspace] GC(891) Metaspace: 7229K(7552K)->7229K(7552K) NonClass: 6503K(6656K)->6503K(6656K) Class: 725K(896K)->725K(896K)
[2025-07-30T16:38:20.831+0800][46.657s][info][gc          ] GC(891) Pause Young (Normal) (G1 Evacuation Pause) 1726M->709M(2048M) 20.410ms
[2025-07-30T16:38:20.831+0800][46.657s][info][gc,cpu      ] GC(891) User=0.03s Sys=0.00s Real=0.02s
[2025-07-30T16:38:20.831+0800][46.657s][info][safepoint   ] Safepoint "G1CollectForAllocation", Time since last: 39098600 ns, Reaching safepoint: 4200 ns, Cleanup: 5400 ns, At safepoint: 20451000 ns, Total: 20460600 ns
[2025-07-30T16:38:20.869+0800][46.695s][info][gc,start    ] GC(892) Pause Young (Normal) (G1 Evacuation Pause)
[2025-07-30T16:38:20.869+0800][46.695s][info][gc,task     ] GC(892) Using 1 workers of 1 for evacuation
[2025-07-30T16:38:20.887+0800][46.713s][info][gc,phases   ] GC(892)   Pre Evacuate Collection Set: 0.4ms
[2025-07-30T16:38:20.887+0800][46.713s][info][gc,phases   ] GC(892)   Merge Heap Roots: 0.1ms
[2025-07-30T16:38:20.887+0800][46.713s][info][gc,phases   ] GC(892)   Evacuate Collection Set: 16.6ms
[2025-07-30T16:38:20.887+0800][46.713s][info][gc,phases   ] GC(892)   Post Evacuate Collection Set: 0.8ms
[2025-07-30T16:38:20.887+0800][46.713s][info][gc,phases   ] GC(892)   Other: 0.1ms
[2025-07-30T16:38:20.887+0800][46.713s][info][gc,heap     ] GC(892) Eden regions: 1017->0(1019)
[2025-07-30T16:38:20.887+0800][46.713s][info][gc,heap     ] GC(892) Survivor regions: 146->145(146)
[2025-07-30T16:38:20.887+0800][46.713s][info][gc,heap     ] GC(892) Old regions: 561->561
[2025-07-30T16:38:20.887+0800][46.713s][info][gc,heap     ] GC(892) Humongous regions: 3->3
[2025-07-30T16:38:20.887+0800][46.713s][info][gc,metaspace] GC(892) Metaspace: 7229K(7552K)->7229K(7552K) NonClass: 6503K(6656K)->6503K(6656K) Class: 725K(896K)->725K(896K)
[2025-07-30T16:38:20.887+0800][46.713s][info][gc          ] GC(892) Pause Young (Normal) (G1 Evacuation Pause) 1726M->708M(2048M) 18.126ms
[2025-07-30T16:38:20.887+0800][46.713s][info][gc,cpu      ] GC(892) User=0.02s Sys=0.00s Real=0.02s
[2025-07-30T16:38:20.887+0800][46.713s][info][safepoint   ] Safepoint "G1CollectForAllocation", Time since last: 37864300 ns, Reaching safepoint: 4200 ns, Cleanup: 5100 ns, At safepoint: 18168400 ns, Total: 18177700 ns
[2025-07-30T16:38:20.925+0800][46.751s][info][gc,start    ] GC(893) Pause Young (Normal) (G1 Evacuation Pause)
[2025-07-30T16:38:20.925+0800][46.751s][info][gc,task     ] GC(893) Using 1 workers of 1 for evacuation
[2025-07-30T16:38:20.942+0800][46.767s][info][gc,phases   ] GC(893)   Pre Evacuate Collection Set: 0.4ms
[2025-07-30T16:38:20.942+0800][46.767s][info][gc,phases   ] GC(893)   Merge Heap Roots: 0.1ms
[2025-07-30T16:38:20.942+0800][46.767s][info][gc,phases   ] GC(893)   Evacuate Collection Set: 14.9ms
[2025-07-30T16:38:20.942+0800][46.767s][info][gc,phases   ] GC(893)   Post Evacuate Collection Set: 0.7ms
[2025-07-30T16:38:20.942+0800][46.767s][info][gc,phases   ] GC(893)   Other: 0.1ms
[2025-07-30T16:38:20.942+0800][46.767s][info][gc,heap     ] GC(893) Eden regions: 1019->0(1017)
[2025-07-30T16:38:20.942+0800][46.767s][info][gc,heap     ] GC(893) Survivor regions: 145->146(146)
[2025-07-30T16:38:20.942+0800][46.767s][info][gc,heap     ] GC(893) Old regions: 561->561
[2025-07-30T16:38:20.942+0800][46.767s][info][gc,heap     ] GC(893) Humongous regions: 3->3
[2025-07-30T16:38:20.942+0800][46.767s][info][gc,metaspace] GC(893) Metaspace: 7229K(7552K)->7229K(7552K) NonClass: 6503K(6656K)->6503K(6656K) Class: 725K(896K)->725K(896K)
[2025-07-30T16:38:20.942+0800][46.767s][info][gc          ] GC(893) Pause Young (Normal) (G1 Evacuation Pause) 1727M->709M(2048M) 16.317ms
[2025-07-30T16:38:20.942+0800][46.767s][info][gc,cpu      ] GC(893) User=0.02s Sys=0.00s Real=0.02s
[2025-07-30T16:38:20.942+0800][46.767s][info][safepoint   ] Safepoint "G1CollectForAllocation", Time since last: 37910400 ns, Reaching safepoint: 2800 ns, Cleanup: 3700 ns, At safepoint: 16358000 ns, Total: 16364500 ns
[2025-07-30T16:38:20.981+0800][46.806s][info][gc,start    ] GC(894) Pause Young (Normal) (G1 Evacuation Pause)
[2025-07-30T16:38:20.981+0800][46.806s][info][gc,task     ] GC(894) Using 1 workers of 1 for evacuation
[2025-07-30T16:38:20.997+0800][46.822s][info][gc,phases   ] GC(894)   Pre Evacuate Collection Set: 0.5ms
[2025-07-30T16:38:20.997+0800][46.822s][info][gc,phases   ] GC(894)   Merge Heap Roots: 0.1ms
[2025-07-30T16:38:20.997+0800][46.822s][info][gc,phases   ] GC(894)   Evacuate Collection Set: 15.0ms
[2025-07-30T16:38:20.997+0800][46.822s][info][gc,phases   ] GC(894)   Post Evacuate Collection Set: 0.7ms
[2025-07-30T16:38:20.997+0800][46.822s][info][gc,phases   ] GC(894)   Other: 0.1ms
[2025-07-30T16:38:20.997+0800][46.822s][info][gc,heap     ] GC(894) Eden regions: 1017->0(1019)
[2025-07-30T16:38:20.997+0800][46.822s][info][gc,heap     ] GC(894) Survivor regions: 146->145(146)
[2025-07-30T16:38:20.997+0800][46.822s][info][gc,heap     ] GC(894) Old regions: 561->561
[2025-07-30T16:38:20.997+0800][46.822s][info][gc,heap     ] GC(894) Humongous regions: 3->3
[2025-07-30T16:38:20.997+0800][46.822s][info][gc,metaspace] GC(894) Metaspace: 7229K(7552K)->7229K(7552K) NonClass: 6503K(6656K)->6503K(6656K) Class: 725K(896K)->725K(896K)
[2025-07-30T16:38:20.997+0800][46.822s][info][gc          ] GC(894) Pause Young (Normal) (G1 Evacuation Pause) 1726M->708M(2048M) 16.567ms
[2025-07-30T16:38:20.997+0800][46.822s][info][gc,cpu      ] GC(894) User=0.02s Sys=0.00s Real=0.02s
[2025-07-30T16:38:20.997+0800][46.822s][info][safepoint   ] Safepoint "G1CollectForAllocation", Time since last: 38705100 ns, Reaching safepoint: 3700 ns, Cleanup: 5100 ns, At safepoint: 16608200 ns, Total: 16617000 ns
[2025-07-30T16:38:21.037+0800][46.863s][info][gc,start    ] GC(895) Pause Young (Normal) (G1 Evacuation Pause)
[2025-07-30T16:38:21.037+0800][46.863s][info][gc,task     ] GC(895) Using 1 workers of 1 for evacuation
[2025-07-30T16:38:21.054+0800][46.880s][info][gc,phases   ] GC(895)   Pre Evacuate Collection Set: 0.5ms
[2025-07-30T16:38:21.054+0800][46.880s][info][gc,phases   ] GC(895)   Merge Heap Roots: 0.1ms
[2025-07-30T16:38:21.054+0800][46.880s][info][gc,phases   ] GC(895)   Evacuate Collection Set: 15.0ms
[2025-07-30T16:38:21.054+0800][46.880s][info][gc,phases   ] GC(895)   Post Evacuate Collection Set: 0.8ms
[2025-07-30T16:38:21.054+0800][46.880s][info][gc,phases   ] GC(895)   Other: 0.1ms
[2025-07-30T16:38:21.054+0800][46.880s][info][gc,heap     ] GC(895) Eden regions: 1019->0(1017)
[2025-07-30T16:38:21.054+0800][46.880s][info][gc,heap     ] GC(895) Survivor regions: 145->146(146)
[2025-07-30T16:38:21.054+0800][46.880s][info][gc,heap     ] GC(895) Old regions: 561->561
[2025-07-30T16:38:21.054+0800][46.880s][info][gc,heap     ] GC(895) Humongous regions: 3->3
[2025-07-30T16:38:21.054+0800][46.880s][info][gc,metaspace] GC(895) Metaspace: 7229K(7552K)->7229K(7552K) NonClass: 6503K(6656K)->6503K(6656K) Class: 725K(896K)->725K(896K)
[2025-07-30T16:38:21.054+0800][46.880s][info][gc          ] GC(895) Pause Young (Normal) (G1 Evacuation Pause) 1727M->709M(2048M) 16.610ms
[2025-07-30T16:38:21.054+0800][46.880s][info][gc,cpu      ] GC(895) User=0.02s Sys=0.00s Real=0.02s
[2025-07-30T16:38:21.054+0800][46.880s][info][safepoint   ] Safepoint "G1CollectForAllocation", Time since last: 40570500 ns, Reaching safepoint: 3900 ns, Cleanup: 4900 ns, At safepoint: 16650500 ns, Total: 16659300 ns
[2025-07-30T16:38:21.092+0800][46.918s][info][gc,start    ] GC(896) Pause Young (Normal) (G1 Evacuation Pause)
[2025-07-30T16:38:21.093+0800][46.918s][info][gc,task     ] GC(896) Using 1 workers of 1 for evacuation
[2025-07-30T16:38:21.109+0800][46.934s][info][gc,phases   ] GC(896)   Pre Evacuate Collection Set: 0.5ms
[2025-07-30T16:38:21.109+0800][46.934s][info][gc,phases   ] GC(896)   Merge Heap Roots: 0.1ms
[2025-07-30T16:38:21.109+0800][46.934s][info][gc,phases   ] GC(896)   Evacuate Collection Set: 14.8ms
[2025-07-30T16:38:21.109+0800][46.934s][info][gc,phases   ] GC(896)   Post Evacuate Collection Set: 0.8ms
[2025-07-30T16:38:21.109+0800][46.934s][info][gc,phases   ] GC(896)   Other: 0.1ms
[2025-07-30T16:38:21.109+0800][46.934s][info][gc,heap     ] GC(896) Eden regions: 1017->0(1017)
[2025-07-30T16:38:21.109+0800][46.934s][info][gc,heap     ] GC(896) Survivor regions: 146->146(146)
[2025-07-30T16:38:21.109+0800][46.934s][info][gc,heap     ] GC(896) Old regions: 561->561
[2025-07-30T16:38:21.109+0800][46.934s][info][gc,heap     ] GC(896) Humongous regions: 3->3
[2025-07-30T16:38:21.109+0800][46.934s][info][gc,metaspace] GC(896) Metaspace: 7229K(7552K)->7229K(7552K) NonClass: 6503K(6656K)->6503K(6656K) Class: 725K(896K)->725K(896K)
[2025-07-30T16:38:21.109+0800][46.934s][info][gc          ] GC(896) Pause Young (Normal) (G1 Evacuation Pause) 1726M->708M(2048M) 16.439ms
[2025-07-30T16:38:21.109+0800][46.934s][info][gc,cpu      ] GC(896) User=0.02s Sys=0.00s Real=0.02s
[2025-07-30T16:38:21.109+0800][46.934s][info][safepoint   ] Safepoint "G1CollectForAllocation", Time since last: 37837200 ns, Reaching safepoint: 4200 ns, Cleanup: 5500 ns, At safepoint: 16480700 ns, Total: 16490400 ns
[2025-07-30T16:38:21.149+0800][46.974s][info][gc,start    ] GC(897) Pause Young (Normal) (G1 Evacuation Pause)
[2025-07-30T16:38:21.149+0800][46.974s][info][gc,task     ] GC(897) Using 1 workers of 1 for evacuation
[2025-07-30T16:38:21.168+0800][46.994s][info][gc,phases   ] GC(897)   Pre Evacuate Collection Set: 0.6ms
[2025-07-30T16:38:21.168+0800][46.994s][info][gc,phases   ] GC(897)   Merge Heap Roots: 0.1ms
[2025-07-30T16:38:21.168+0800][46.994s][info][gc,phases   ] GC(897)   Evacuate Collection Set: 18.0ms
[2025-07-30T16:38:21.168+0800][46.994s][info][gc,phases   ] GC(897)   Post Evacuate Collection Set: 0.8ms
[2025-07-30T16:38:21.168+0800][46.994s][info][gc,phases   ] GC(897)   Other: 0.1ms
[2025-07-30T16:38:21.168+0800][46.994s][info][gc,heap     ] GC(897) Eden regions: 1017->0(1019)
[2025-07-30T16:38:21.168+0800][46.994s][info][gc,heap     ] GC(897) Survivor regions: 146->145(146)
[2025-07-30T16:38:21.168+0800][46.994s][info][gc,heap     ] GC(897) Old regions: 561->561
[2025-07-30T16:38:21.168+0800][46.994s][info][gc,heap     ] GC(897) Humongous regions: 3->3
[2025-07-30T16:38:21.168+0800][46.994s][info][gc,metaspace] GC(897) Metaspace: 7229K(7552K)->7229K(7552K) NonClass: 6503K(6656K)->6503K(6656K) Class: 725K(896K)->725K(896K)
[2025-07-30T16:38:21.168+0800][46.994s][info][gc          ] GC(897) Pause Young (Normal) (G1 Evacuation Pause) 1725M->707M(2048M) 19.695ms
[2025-07-30T16:38:21.168+0800][46.994s][info][gc,cpu      ] GC(897) User=0.02s Sys=0.00s Real=0.02s
[2025-07-30T16:38:21.168+0800][46.994s][info][safepoint   ] Safepoint "G1CollectForAllocation", Time since last: 40231200 ns, Reaching safepoint: 4300 ns, Cleanup: 4600 ns, At safepoint: 19739800 ns, Total: 19748700 ns
[2025-07-30T16:38:21.208+0800][47.033s][info][gc,start    ] GC(898) Pause Young (Normal) (G1 Evacuation Pause)
[2025-07-30T16:38:21.208+0800][47.033s][info][gc,task     ] GC(898) Using 1 workers of 1 for evacuation
[2025-07-30T16:38:21.224+0800][47.049s][info][gc,phases   ] GC(898)   Pre Evacuate Collection Set: 0.4ms
[2025-07-30T16:38:21.224+0800][47.049s][info][gc,phases   ] GC(898)   Merge Heap Roots: 0.1ms
[2025-07-30T16:38:21.224+0800][47.049s][info][gc,phases   ] GC(898)   Evacuate Collection Set: 14.6ms
[2025-07-30T16:38:21.224+0800][47.049s][info][gc,phases   ] GC(898)   Post Evacuate Collection Set: 0.7ms
[2025-07-30T16:38:21.224+0800][47.049s][info][gc,phases   ] GC(898)   Other: 0.1ms
[2025-07-30T16:38:21.224+0800][47.049s][info][gc,heap     ] GC(898) Eden regions: 1019->0(1018)
[2025-07-30T16:38:21.224+0800][47.049s][info][gc,heap     ] GC(898) Survivor regions: 145->146(146)
[2025-07-30T16:38:21.224+0800][47.049s][info][gc,heap     ] GC(898) Old regions: 561->561
[2025-07-30T16:38:21.224+0800][47.049s][info][gc,heap     ] GC(898) Humongous regions: 3->3
[2025-07-30T16:38:21.224+0800][47.049s][info][gc,metaspace] GC(898) Metaspace: 7229K(7552K)->7229K(7552K) NonClass: 6503K(6656K)->6503K(6656K) Class: 725K(896K)->725K(896K)
[2025-07-30T16:38:21.224+0800][47.049s][info][gc          ] GC(898) Pause Young (Normal) (G1 Evacuation Pause) 1726M->708M(2048M) 16.129ms
[2025-07-30T16:38:21.224+0800][47.049s][info][gc,cpu      ] GC(898) User=0.02s Sys=0.00s Real=0.02s
[2025-07-30T16:38:21.224+0800][47.049s][info][safepoint   ] Safepoint "G1CollectForAllocation", Time since last: 39048500 ns, Reaching safepoint: 3300 ns, Cleanup: 3500 ns, At safepoint: 16170900 ns, Total: 16177700 ns
[2025-07-30T16:38:21.267+0800][47.093s][info][gc,start    ] GC(899) Pause Young (Normal) (G1 Evacuation Pause)
[2025-07-30T16:38:21.268+0800][47.093s][info][gc,task     ] GC(899) Using 1 workers of 1 for evacuation
[2025-07-30T16:38:21.284+0800][47.109s][info][gc,phases   ] GC(899)   Pre Evacuate Collection Set: 0.4ms
[2025-07-30T16:38:21.284+0800][47.109s][info][gc,phases   ] GC(899)   Merge Heap Roots: 0.1ms
[2025-07-30T16:38:21.284+0800][47.109s][info][gc,phases   ] GC(899)   Evacuate Collection Set: 15.0ms
[2025-07-30T16:38:21.284+0800][47.109s][info][gc,phases   ] GC(899)   Post Evacuate Collection Set: 0.8ms
[2025-07-30T16:38:21.284+0800][47.109s][info][gc,phases   ] GC(899)   Other: 0.1ms
[2025-07-30T16:38:21.284+0800][47.109s][info][gc,heap     ] GC(899) Eden regions: 1018->0(1017)
[2025-07-30T16:38:21.284+0800][47.109s][info][gc,heap     ] GC(899) Survivor regions: 146->146(146)
[2025-07-30T16:38:21.284+0800][47.109s][info][gc,heap     ] GC(899) Old regions: 561->561
[2025-07-30T16:38:21.284+0800][47.109s][info][gc,heap     ] GC(899) Humongous regions: 3->3
[2025-07-30T16:38:21.284+0800][47.109s][info][gc,metaspace] GC(899) Metaspace: 7229K(7552K)->7229K(7552K) NonClass: 6503K(6656K)->6503K(6656K) Class: 725K(896K)->725K(896K)
[2025-07-30T16:38:21.284+0800][47.109s][info][gc          ] GC(899) Pause Young (Normal) (G1 Evacuation Pause) 1726M->708M(2048M) 16.609ms
[2025-07-30T16:38:21.284+0800][47.109s][info][gc,cpu      ] GC(899) User=0.02s Sys=0.00s Real=0.02s
[2025-07-30T16:38:21.284+0800][47.109s][info][safepoint   ] Safepoint "G1CollectForAllocation", Time since last: 43546600 ns, Reaching safepoint: 3800 ns, Cleanup: 5100 ns, At safepoint: 16651400 ns, Total: 16660300 ns
[2025-07-30T16:38:21.321+0800][47.147s][info][gc,start    ] GC(900) Pause Young (Normal) (G1 Evacuation Pause)
[2025-07-30T16:38:21.321+0800][47.147s][info][gc,task     ] GC(900) Using 1 workers of 1 for evacuation
[2025-07-30T16:38:21.337+0800][47.162s][info][gc,phases   ] GC(900)   Pre Evacuate Collection Set: 0.3ms
[2025-07-30T16:38:21.337+0800][47.162s][info][gc,phases   ] GC(900)   Merge Heap Roots: 0.1ms
[2025-07-30T16:38:21.337+0800][47.162s][info][gc,phases   ] GC(900)   Evacuate Collection Set: 14.1ms
[2025-07-30T16:38:21.337+0800][47.162s][info][gc,phases   ] GC(900)   Post Evacuate Collection Set: 0.6ms
[2025-07-30T16:38:21.337+0800][47.162s][info][gc,phases   ] GC(900)   Other: 0.1ms
[2025-07-30T16:38:21.337+0800][47.162s][info][gc,heap     ] GC(900) Eden regions: 1017->0(1019)
[2025-07-30T16:38:21.337+0800][47.162s][info][gc,heap     ] GC(900) Survivor regions: 146->145(146)
[2025-07-30T16:38:21.337+0800][47.162s][info][gc,heap     ] GC(900) Old regions: 561->561
[2025-07-30T16:38:21.337+0800][47.162s][info][gc,heap     ] GC(900) Humongous regions: 3->3
[2025-07-30T16:38:21.337+0800][47.162s][info][gc,metaspace] GC(900) Metaspace: 7229K(7552K)->7229K(7552K) NonClass: 6503K(6656K)->6503K(6656K) Class: 725K(896K)->725K(896K)
[2025-07-30T16:38:21.338+0800][47.163s][info][gc          ] GC(900) Pause Young (Normal) (G1 Evacuation Pause) 1725M->708M(2048M) 15.908ms
[2025-07-30T16:38:21.338+0800][47.163s][info][gc,cpu      ] GC(900) User=0.02s Sys=0.00s Real=0.02s
[2025-07-30T16:38:21.338+0800][47.163s][info][safepoint   ] Safepoint "G1CollectForAllocation", Time since last: 37433600 ns, Reaching safepoint: 2700 ns, Cleanup: 3200 ns, At safepoint: 15966600 ns, Total: 15972500 ns
[2025-07-30T16:38:21.375+0800][47.200s][info][gc,start    ] GC(901) Pause Young (Normal) (G1 Evacuation Pause)
[2025-07-30T16:38:21.375+0800][47.200s][info][gc,task     ] GC(901) Using 1 workers of 1 for evacuation
[2025-07-30T16:38:21.392+0800][47.217s][info][gc,phases   ] GC(901)   Pre Evacuate Collection Set: 0.4ms
[2025-07-30T16:38:21.392+0800][47.217s][info][gc,phases   ] GC(901)   Merge Heap Roots: 0.1ms
[2025-07-30T16:38:21.392+0800][47.217s][info][gc,phases   ] GC(901)   Evacuate Collection Set: 14.9ms
[2025-07-30T16:38:21.392+0800][47.217s][info][gc,phases   ] GC(901)   Post Evacuate Collection Set: 0.7ms
[2025-07-30T16:38:21.392+0800][47.217s][info][gc,phases   ] GC(901)   Other: 0.1ms
[2025-07-30T16:38:21.392+0800][47.217s][info][gc,heap     ] GC(901) Eden regions: 1019->0(1017)
[2025-07-30T16:38:21.392+0800][47.217s][info][gc,heap     ] GC(901) Survivor regions: 145->146(146)
[2025-07-30T16:38:21.392+0800][47.217s][info][gc,heap     ] GC(901) Old regions: 561->561
[2025-07-30T16:38:21.392+0800][47.217s][info][gc,heap     ] GC(901) Humongous regions: 3->3
[2025-07-30T16:38:21.392+0800][47.217s][info][gc,metaspace] GC(901) Metaspace: 7229K(7552K)->7229K(7552K) NonClass: 6503K(6656K)->6503K(6656K) Class: 725K(896K)->725K(896K)
[2025-07-30T16:38:21.392+0800][47.217s][info][gc          ] GC(901) Pause Young (Normal) (G1 Evacuation Pause) 1727M->709M(2048M) 16.294ms
[2025-07-30T16:38:21.392+0800][47.217s][info][gc,cpu      ] GC(901) User=0.02s Sys=0.02s Real=0.02s
[2025-07-30T16:38:21.392+0800][47.217s][info][safepoint   ] Safepoint "G1CollectForAllocation", Time since last: 37559500 ns, Reaching safepoint: 2800 ns, Cleanup: 3300 ns, At safepoint: 16334300 ns, Total: 16340400 ns
[2025-07-30T16:38:21.431+0800][47.256s][info][gc,start    ] GC(902) Pause Young (Normal) (G1 Evacuation Pause)
[2025-07-30T16:38:21.431+0800][47.256s][info][gc,task     ] GC(902) Using 1 workers of 1 for evacuation
[2025-07-30T16:38:21.446+0800][47.271s][info][gc,phases   ] GC(902)   Pre Evacuate Collection Set: 0.4ms
[2025-07-30T16:38:21.446+0800][47.271s][info][gc,phases   ] GC(902)   Merge Heap Roots: 0.1ms
[2025-07-30T16:38:21.446+0800][47.271s][info][gc,phases   ] GC(902)   Evacuate Collection Set: 14.4ms
[2025-07-30T16:38:21.446+0800][47.271s][info][gc,phases   ] GC(902)   Post Evacuate Collection Set: 0.8ms
[2025-07-30T16:38:21.446+0800][47.271s][info][gc,phases   ] GC(902)   Other: 0.1ms
[2025-07-30T16:38:21.446+0800][47.271s][info][gc,heap     ] GC(902) Eden regions: 1017->0(1019)
[2025-07-30T16:38:21.446+0800][47.271s][info][gc,heap     ] GC(902) Survivor regions: 146->145(146)
[2025-07-30T16:38:21.446+0800][47.271s][info][gc,heap     ] GC(902) Old regions: 561->561
[2025-07-30T16:38:21.446+0800][47.272s][info][gc,heap     ] GC(902) Humongous regions: 3->3
[2025-07-30T16:38:21.446+0800][47.272s][info][gc,metaspace] GC(902) Metaspace: 7229K(7552K)->7229K(7552K) NonClass: 6503K(6656K)->6503K(6656K) Class: 725K(896K)->725K(896K)
[2025-07-30T16:38:21.446+0800][47.272s][info][gc          ] GC(902) Pause Young (Normal) (G1 Evacuation Pause) 1726M->708M(2048M) 15.968ms
[2025-07-30T16:38:21.446+0800][47.272s][info][gc,cpu      ] GC(902) User=0.02s Sys=0.00s Real=0.02s
[2025-07-30T16:38:21.446+0800][47.272s][info][safepoint   ] Safepoint "G1CollectForAllocation", Time since last: 38810200 ns, Reaching safepoint: 3700 ns, Cleanup: 4700 ns, At safepoint: 16010800 ns, Total: 16019200 ns
[2025-07-30T16:38:21.485+0800][47.311s][info][gc,start    ] GC(903) Pause Young (Normal) (G1 Evacuation Pause)
[2025-07-30T16:38:21.485+0800][47.311s][info][gc,task     ] GC(903) Using 1 workers of 1 for evacuation
[2025-07-30T16:38:21.502+0800][47.327s][info][gc,phases   ] GC(903)   Pre Evacuate Collection Set: 0.4ms
[2025-07-30T16:38:21.502+0800][47.327s][info][gc,phases   ] GC(903)   Merge Heap Roots: 0.1ms
[2025-07-30T16:38:21.502+0800][47.327s][info][gc,phases   ] GC(903)   Evacuate Collection Set: 15.3ms
[2025-07-30T16:38:21.502+0800][47.327s][info][gc,phases   ] GC(903)   Post Evacuate Collection Set: 0.6ms
[2025-07-30T16:38:21.502+0800][47.327s][info][gc,phases   ] GC(903)   Other: 0.1ms
[2025-07-30T16:38:21.502+0800][47.327s][info][gc,heap     ] GC(903) Eden regions: 1019->0(1017)
[2025-07-30T16:38:21.502+0800][47.327s][info][gc,heap     ] GC(903) Survivor regions: 145->146(146)
[2025-07-30T16:38:21.502+0800][47.327s][info][gc,heap     ] GC(903) Old regions: 561->561
[2025-07-30T16:38:21.502+0800][47.327s][info][gc,heap     ] GC(903) Humongous regions: 3->3
[2025-07-30T16:38:21.502+0800][47.327s][info][gc,metaspace] GC(903) Metaspace: 7229K(7552K)->7229K(7552K) NonClass: 6503K(6656K)->6503K(6656K) Class: 725K(896K)->725K(896K)
[2025-07-30T16:38:21.502+0800][47.327s][info][gc          ] GC(903) Pause Young (Normal) (G1 Evacuation Pause) 1727M->709M(2048M) 16.732ms
[2025-07-30T16:38:21.502+0800][47.327s][info][gc,cpu      ] GC(903) User=0.02s Sys=0.00s Real=0.02s
[2025-07-30T16:38:21.502+0800][47.327s][info][safepoint   ] Safepoint "G1CollectForAllocation", Time since last: 38922000 ns, Reaching safepoint: 3800 ns, Cleanup: 4700 ns, At safepoint: 16774200 ns, Total: 16782700 ns
[2025-07-30T16:38:21.540+0800][47.365s][info][gc,start    ] GC(904) Pause Young (Normal) (G1 Evacuation Pause)
[2025-07-30T16:38:21.540+0800][47.365s][info][gc,task     ] GC(904) Using 1 workers of 1 for evacuation
[2025-07-30T16:38:21.555+0800][47.380s][info][gc,phases   ] GC(904)   Pre Evacuate Collection Set: 0.4ms
[2025-07-30T16:38:21.555+0800][47.380s][info][gc,phases   ] GC(904)   Merge Heap Roots: 0.1ms
[2025-07-30T16:38:21.555+0800][47.380s][info][gc,phases   ] GC(904)   Evacuate Collection Set: 14.2ms
[2025-07-30T16:38:21.555+0800][47.380s][info][gc,phases   ] GC(904)   Post Evacuate Collection Set: 0.6ms
[2025-07-30T16:38:21.555+0800][47.380s][info][gc,phases   ] GC(904)   Other: 0.1ms
[2025-07-30T16:38:21.555+0800][47.380s][info][gc,heap     ] GC(904) Eden regions: 1017->0(1019)
[2025-07-30T16:38:21.555+0800][47.380s][info][gc,heap     ] GC(904) Survivor regions: 146->145(146)
[2025-07-30T16:38:21.555+0800][47.380s][info][gc,heap     ] GC(904) Old regions: 561->561
[2025-07-30T16:38:21.555+0800][47.380s][info][gc,heap     ] GC(904) Humongous regions: 3->3
[2025-07-30T16:38:21.555+0800][47.380s][info][gc,metaspace] GC(904) Metaspace: 7229K(7552K)->7229K(7552K) NonClass: 6503K(6656K)->6503K(6656K) Class: 725K(896K)->725K(896K)
[2025-07-30T16:38:21.555+0800][47.380s][info][gc          ] GC(904) Pause Young (Normal) (G1 Evacuation Pause) 1726M->708M(2048M) 15.545ms
[2025-07-30T16:38:21.555+0800][47.381s][info][gc,cpu      ] GC(904) User=0.02s Sys=0.00s Real=0.02s
[2025-07-30T16:38:21.555+0800][47.381s][info][safepoint   ] Safepoint "G1CollectForAllocation", Time since last: 37656200 ns, Reaching safepoint: 3100 ns, Cleanup: 3200 ns, At safepoint: 15584300 ns, Total: 15590600 ns
[2025-07-30T16:38:21.592+0800][47.418s][info][gc,start    ] GC(905) Pause Young (Normal) (G1 Evacuation Pause)
[2025-07-30T16:38:21.592+0800][47.418s][info][gc,task     ] GC(905) Using 1 workers of 1 for evacuation
[2025-07-30T16:38:21.608+0800][47.433s][info][gc,phases   ] GC(905)   Pre Evacuate Collection Set: 0.4ms
[2025-07-30T16:38:21.608+0800][47.433s][info][gc,phases   ] GC(905)   Merge Heap Roots: 0.1ms
[2025-07-30T16:38:21.608+0800][47.433s][info][gc,phases   ] GC(905)   Evacuate Collection Set: 14.4ms
[2025-07-30T16:38:21.608+0800][47.433s][info][gc,phases   ] GC(905)   Post Evacuate Collection Set: 0.7ms
[2025-07-30T16:38:21.608+0800][47.433s][info][gc,phases   ] GC(905)   Other: 0.1ms
[2025-07-30T16:38:21.608+0800][47.433s][info][gc,heap     ] GC(905) Eden regions: 1019->0(1017)
[2025-07-30T16:38:21.608+0800][47.433s][info][gc,heap     ] GC(905) Survivor regions: 145->146(146)
[2025-07-30T16:38:21.608+0800][47.433s][info][gc,heap     ] GC(905) Old regions: 561->561
[2025-07-30T16:38:21.608+0800][47.433s][info][gc,heap     ] GC(905) Humongous regions: 3->3
[2025-07-30T16:38:21.608+0800][47.433s][info][gc,metaspace] GC(905) Metaspace: 7229K(7552K)->7229K(7552K) NonClass: 6503K(6656K)->6503K(6656K) Class: 725K(896K)->725K(896K)
[2025-07-30T16:38:21.608+0800][47.433s][info][gc          ] GC(905) Pause Young (Normal) (G1 Evacuation Pause) 1727M->709M(2048M) 15.824ms
[2025-07-30T16:38:21.608+0800][47.433s][info][gc,cpu      ] GC(905) User=0.02s Sys=0.00s Real=0.02s
[2025-07-30T16:38:21.608+0800][47.433s][info][safepoint   ] Safepoint "G1CollectForAllocation", Time since last: 37020700 ns, Reaching safepoint: 2700 ns, Cleanup: 3300 ns, At safepoint: 15864000 ns, Total: 15870000 ns
[2025-07-30T16:38:21.645+0800][47.471s][info][gc,start    ] GC(906) Pause Young (Normal) (G1 Evacuation Pause)
[2025-07-30T16:38:21.646+0800][47.471s][info][gc,task     ] GC(906) Using 1 workers of 1 for evacuation
[2025-07-30T16:38:21.662+0800][47.487s][info][gc,phases   ] GC(906)   Pre Evacuate Collection Set: 0.5ms
[2025-07-30T16:38:21.662+0800][47.487s][info][gc,phases   ] GC(906)   Merge Heap Roots: 0.1ms
[2025-07-30T16:38:21.662+0800][47.487s][info][gc,phases   ] GC(906)   Evacuate Collection Set: 15.2ms
[2025-07-30T16:38:21.662+0800][47.487s][info][gc,phases   ] GC(906)   Post Evacuate Collection Set: 0.8ms
[2025-07-30T16:38:21.662+0800][47.487s][info][gc,phases   ] GC(906)   Other: 0.1ms
[2025-07-30T16:38:21.662+0800][47.487s][info][gc,heap     ] GC(906) Eden regions: 1017->0(1017)
[2025-07-30T16:38:21.662+0800][47.487s][info][gc,heap     ] GC(906) Survivor regions: 146->146(146)
[2025-07-30T16:38:21.662+0800][47.487s][info][gc,heap     ] GC(906) Old regions: 561->561
[2025-07-30T16:38:21.662+0800][47.488s][info][gc,heap     ] GC(906) Humongous regions: 3->3
[2025-07-30T16:38:21.662+0800][47.488s][info][gc,metaspace] GC(906) Metaspace: 7230K(7552K)->7230K(7552K) NonClass: 6505K(6656K)->6505K(6656K) Class: 725K(896K)->725K(896K)
[2025-07-30T16:38:21.662+0800][47.488s][info][gc          ] GC(906) Pause Young (Normal) (G1 Evacuation Pause) 1726M->708M(2048M) 16.938ms
[2025-07-30T16:38:21.662+0800][47.488s][info][gc,cpu      ] GC(906) User=0.02s Sys=0.02s Real=0.02s
[2025-07-30T16:38:21.662+0800][47.488s][info][safepoint   ] Safepoint "G1CollectForAllocation", Time since last: 37167700 ns, Reaching safepoint: 4100 ns, Cleanup: 4200 ns, At safepoint: 16981300 ns, Total: 16989600 ns
[2025-07-30T16:38:21.700+0800][47.525s][info][gc,start    ] GC(907) Pause Young (Normal) (G1 Evacuation Pause)
[2025-07-30T16:38:21.700+0800][47.525s][info][gc,task     ] GC(907) Using 1 workers of 1 for evacuation
[2025-07-30T16:38:21.715+0800][47.540s][info][gc,phases   ] GC(907)   Pre Evacuate Collection Set: 0.4ms
[2025-07-30T16:38:21.715+0800][47.540s][info][gc,phases   ] GC(907)   Merge Heap Roots: 0.1ms
[2025-07-30T16:38:21.715+0800][47.540s][info][gc,phases   ] GC(907)   Evacuate Collection Set: 13.9ms
[2025-07-30T16:38:21.715+0800][47.540s][info][gc,phases   ] GC(907)   Post Evacuate Collection Set: 0.7ms
[2025-07-30T16:38:21.715+0800][47.540s][info][gc,phases   ] GC(907)   Other: 0.1ms
[2025-07-30T16:38:21.715+0800][47.540s][info][gc,heap     ] GC(907) Eden regions: 1017->0(1019)
[2025-07-30T16:38:21.715+0800][47.540s][info][gc,heap     ] GC(907) Survivor regions: 146->145(146)
[2025-07-30T16:38:21.715+0800][47.540s][info][gc,heap     ] GC(907) Old regions: 561->561
[2025-07-30T16:38:21.715+0800][47.540s][info][gc,heap     ] GC(907) Humongous regions: 3->3
[2025-07-30T16:38:21.715+0800][47.540s][info][gc,metaspace] GC(907) Metaspace: 7240K(7552K)->7240K(7552K) NonClass: 6514K(6656K)->6514K(6656K) Class: 725K(896K)->725K(896K)
[2025-07-30T16:38:21.715+0800][47.540s][info][gc          ] GC(907) Pause Young (Normal) (G1 Evacuation Pause) 1725M->707M(2048M) 15.383ms
[2025-07-30T16:38:21.715+0800][47.540s][info][gc,cpu      ] GC(907) User=0.02s Sys=0.00s Real=0.01s
[2025-07-30T16:38:21.715+0800][47.540s][info][safepoint   ] Safepoint "G1CollectForAllocation", Time since last: 37234900 ns, Reaching safepoint: 2800 ns, Cleanup: 6900 ns, At safepoint: 15458400 ns, Total: 15468100 ns
[2025-07-30T16:38:21.753+0800][47.578s][info][gc,start    ] GC(908) Pause Young (Normal) (G1 Evacuation Pause)
[2025-07-30T16:38:21.753+0800][47.578s][info][gc,task     ] GC(908) Using 1 workers of 1 for evacuation
[2025-07-30T16:38:21.769+0800][47.594s][info][gc,phases   ] GC(908)   Pre Evacuate Collection Set: 0.5ms
[2025-07-30T16:38:21.769+0800][47.594s][info][gc,phases   ] GC(908)   Merge Heap Roots: 0.1ms
[2025-07-30T16:38:21.769+0800][47.594s][info][gc,phases   ] GC(908)   Evacuate Collection Set: 14.6ms
[2025-07-30T16:38:21.769+0800][47.594s][info][gc,phases   ] GC(908)   Post Evacuate Collection Set: 0.7ms
[2025-07-30T16:38:21.769+0800][47.594s][info][gc,phases   ] GC(908)   Other: 0.1ms
[2025-07-30T16:38:21.769+0800][47.594s][info][gc,heap     ] GC(908) Eden regions: 1019->0(1018)
[2025-07-30T16:38:21.769+0800][47.594s][info][gc,heap     ] GC(908) Survivor regions: 145->146(146)
[2025-07-30T16:38:21.769+0800][47.594s][info][gc,heap     ] GC(908) Old regions: 561->561
[2025-07-30T16:38:21.769+0800][47.594s][info][gc,heap     ] GC(908) Humongous regions: 3->3
[2025-07-30T16:38:21.769+0800][47.594s][info][gc,metaspace] GC(908) Metaspace: 7240K(7552K)->7240K(7552K) NonClass: 6514K(6656K)->6514K(6656K) Class: 725K(896K)->725K(896K)
[2025-07-30T16:38:21.769+0800][47.594s][info][gc          ] GC(908) Pause Young (Normal) (G1 Evacuation Pause) 1726M->708M(2048M) 16.092ms
[2025-07-30T16:38:21.769+0800][47.594s][info][gc,cpu      ] GC(908) User=0.02s Sys=0.00s Real=0.02s
[2025-07-30T16:38:21.769+0800][47.594s][info][safepoint   ] Safepoint "G1CollectForAllocation", Time since last: 37560300 ns, Reaching safepoint: 3700 ns, Cleanup: 4900 ns, At safepoint: 16133100 ns, Total: 16141700 ns
[2025-07-30T16:38:21.806+0800][47.632s][info][gc,start    ] GC(909) Pause Young (Normal) (G1 Evacuation Pause)
[2025-07-30T16:38:21.806+0800][47.632s][info][gc,task     ] GC(909) Using 1 workers of 1 for evacuation
[2025-07-30T16:38:21.823+0800][47.648s][info][gc,phases   ] GC(909)   Pre Evacuate Collection Set: 0.4ms
[2025-07-30T16:38:21.823+0800][47.648s][info][gc,phases   ] GC(909)   Merge Heap Roots: 0.1ms
[2025-07-30T16:38:21.823+0800][47.648s][info][gc,phases   ] GC(909)   Evacuate Collection Set: 15.2ms
[2025-07-30T16:38:21.823+0800][47.648s][info][gc,phases   ] GC(909)   Post Evacuate Collection Set: 0.8ms
[2025-07-30T16:38:21.823+0800][47.648s][info][gc,phases   ] GC(909)   Other: 0.1ms
[2025-07-30T16:38:21.823+0800][47.648s][info][gc,heap     ] GC(909) Eden regions: 1018->0(1017)
[2025-07-30T16:38:21.823+0800][47.648s][info][gc,heap     ] GC(909) Survivor regions: 146->146(146)
[2025-07-30T16:38:21.823+0800][47.648s][info][gc,heap     ] GC(909) Old regions: 561->561
[2025-07-30T16:38:21.823+0800][47.648s][info][gc,heap     ] GC(909) Humongous regions: 3->3
[2025-07-30T16:38:21.823+0800][47.648s][info][gc,metaspace] GC(909) Metaspace: 7240K(7552K)->7240K(7552K) NonClass: 6514K(6656K)->6514K(6656K) Class: 725K(896K)->725K(896K)
[2025-07-30T16:38:21.823+0800][47.648s][info][gc          ] GC(909) Pause Young (Normal) (G1 Evacuation Pause) 1726M->708M(2048M) 16.786ms
[2025-07-30T16:38:21.823+0800][47.648s][info][gc,cpu      ] GC(909) User=0.02s Sys=0.00s Real=0.02s
[2025-07-30T16:38:21.823+0800][47.648s][info][safepoint   ] Safepoint "G1CollectForAllocation", Time since last: 37596600 ns, Reaching safepoint: 2900 ns, Cleanup: 3800 ns, At safepoint: 16827100 ns, Total: 16833800 ns
[2025-07-30T16:38:21.862+0800][47.688s][info][gc,start    ] GC(910) Pause Young (Normal) (G1 Evacuation Pause)
[2025-07-30T16:38:21.862+0800][47.688s][info][gc,task     ] GC(910) Using 1 workers of 1 for evacuation
[2025-07-30T16:38:21.879+0800][47.704s][info][gc,phases   ] GC(910)   Pre Evacuate Collection Set: 0.6ms
[2025-07-30T16:38:21.879+0800][47.704s][info][gc,phases   ] GC(910)   Merge Heap Roots: 0.1ms
[2025-07-30T16:38:21.879+0800][47.704s][info][gc,phases   ] GC(910)   Evacuate Collection Set: 14.8ms
[2025-07-30T16:38:21.879+0800][47.704s][info][gc,phases   ] GC(910)   Post Evacuate Collection Set: 0.8ms
[2025-07-30T16:38:21.879+0800][47.704s][info][gc,phases   ] GC(910)   Other: 0.1ms
[2025-07-30T16:38:21.879+0800][47.704s][info][gc,heap     ] GC(910) Eden regions: 1017->0(1019)
[2025-07-30T16:38:21.879+0800][47.704s][info][gc,heap     ] GC(910) Survivor regions: 146->145(146)
[2025-07-30T16:38:21.879+0800][47.704s][info][gc,heap     ] GC(910) Old regions: 561->561
[2025-07-30T16:38:21.879+0800][47.704s][info][gc,heap     ] GC(910) Humongous regions: 3->3
[2025-07-30T16:38:21.879+0800][47.704s][info][gc,metaspace] GC(910) Metaspace: 7240K(7552K)->7240K(7552K) NonClass: 6514K(6656K)->6514K(6656K) Class: 725K(896K)->725K(896K)
[2025-07-30T16:38:21.879+0800][47.704s][info][gc          ] GC(910) Pause Young (Normal) (G1 Evacuation Pause) 1725M->708M(2048M) 16.519ms
[2025-07-30T16:38:21.879+0800][47.705s][info][gc,cpu      ] GC(910) User=0.02s Sys=0.00s Real=0.02s
[2025-07-30T16:38:21.879+0800][47.705s][info][safepoint   ] Safepoint "G1CollectForAllocation", Time since last: 39547400 ns, Reaching safepoint: 4300 ns, Cleanup: 5400 ns, At safepoint: 16566400 ns, Total: 16576100 ns
[2025-07-30T16:38:21.922+0800][47.747s][info][gc,start    ] GC(911) Pause Young (Normal) (G1 Evacuation Pause)
[2025-07-30T16:38:21.922+0800][47.747s][info][gc,task     ] GC(911) Using 1 workers of 1 for evacuation
[2025-07-30T16:38:21.938+0800][47.763s][info][gc,phases   ] GC(911)   Pre Evacuate Collection Set: 0.5ms
[2025-07-30T16:38:21.938+0800][47.763s][info][gc,phases   ] GC(911)   Merge Heap Roots: 0.1ms
[2025-07-30T16:38:21.938+0800][47.763s][info][gc,phases   ] GC(911)   Evacuate Collection Set: 14.5ms
[2025-07-30T16:38:21.938+0800][47.763s][info][gc,phases   ] GC(911)   Post Evacuate Collection Set: 0.7ms
[2025-07-30T16:38:21.938+0800][47.763s][info][gc,phases   ] GC(911)   Other: 0.1ms
[2025-07-30T16:38:21.938+0800][47.763s][info][gc,heap     ] GC(911) Eden regions: 1019->0(1017)
[2025-07-30T16:38:21.938+0800][47.763s][info][gc,heap     ] GC(911) Survivor regions: 145->146(146)
[2025-07-30T16:38:21.938+0800][47.763s][info][gc,heap     ] GC(911) Old regions: 561->561
[2025-07-30T16:38:21.938+0800][47.763s][info][gc,heap     ] GC(911) Humongous regions: 3->3
[2025-07-30T16:38:21.938+0800][47.763s][info][gc,metaspace] GC(911) Metaspace: 7240K(7552K)->7240K(7552K) NonClass: 6514K(6656K)->6514K(6656K) Class: 725K(896K)->725K(896K)
[2025-07-30T16:38:21.938+0800][47.763s][info][gc          ] GC(911) Pause Young (Normal) (G1 Evacuation Pause) 1727M->709M(2048M) 16.104ms
[2025-07-30T16:38:21.938+0800][47.763s][info][gc,cpu      ] GC(911) User=0.03s Sys=0.00s Real=0.02s
[2025-07-30T16:38:21.938+0800][47.763s][info][safepoint   ] Safepoint "G1CollectForAllocation", Time since last: 42617700 ns, Reaching safepoint: 4000 ns, Cleanup: 5700 ns, At safepoint: 16148000 ns, Total: 16157700 ns
[2025-07-30T16:38:21.977+0800][47.803s][info][gc,start    ] GC(912) Pause Young (Normal) (G1 Evacuation Pause)
[2025-07-30T16:38:21.977+0800][47.803s][info][gc,task     ] GC(912) Using 1 workers of 1 for evacuation
[2025-07-30T16:38:21.993+0800][47.818s][info][gc,phases   ] GC(912)   Pre Evacuate Collection Set: 0.4ms
[2025-07-30T16:38:21.993+0800][47.819s][info][gc,phases   ] GC(912)   Merge Heap Roots: 0.1ms
[2025-07-30T16:38:21.993+0800][47.819s][info][gc,phases   ] GC(912)   Evacuate Collection Set: 14.5ms
[2025-07-30T16:38:21.993+0800][47.819s][info][gc,phases   ] GC(912)   Post Evacuate Collection Set: 0.7ms
[2025-07-30T16:38:21.993+0800][47.819s][info][gc,phases   ] GC(912)   Other: 0.1ms
[2025-07-30T16:38:21.993+0800][47.819s][info][gc,heap     ] GC(912) Eden regions: 1017->0(1019)
[2025-07-30T16:38:21.993+0800][47.819s][info][gc,heap     ] GC(912) Survivor regions: 146->145(146)
[2025-07-30T16:38:21.993+0800][47.819s][info][gc,heap     ] GC(912) Old regions: 561->561
[2025-07-30T16:38:21.993+0800][47.819s][info][gc,heap     ] GC(912) Humongous regions: 3->3
[2025-07-30T16:38:21.993+0800][47.819s][info][gc,metaspace] GC(912) Metaspace: 7240K(7552K)->7240K(7552K) NonClass: 6514K(6656K)->6514K(6656K) Class: 725K(896K)->725K(896K)
[2025-07-30T16:38:21.993+0800][47.819s][info][gc          ] GC(912) Pause Young (Normal) (G1 Evacuation Pause) 1726M->708M(2048M) 16.015ms
[2025-07-30T16:38:21.993+0800][47.819s][info][gc,cpu      ] GC(912) User=0.02s Sys=0.00s Real=0.02s
[2025-07-30T16:38:21.993+0800][47.819s][info][safepoint   ] Safepoint "G1CollectForAllocation", Time since last: 39277500 ns, Reaching safepoint: 4300 ns, Cleanup: 4900 ns, At safepoint: 16060700 ns, Total: 16069900 ns
[2025-07-30T16:38:22.032+0800][47.857s][info][gc,start    ] GC(913) Pause Young (Normal) (G1 Evacuation Pause)
[2025-07-30T16:38:22.032+0800][47.857s][info][gc,task     ] GC(913) Using 1 workers of 1 for evacuation
[2025-07-30T16:38:22.047+0800][47.872s][info][gc,phases   ] GC(913)   Pre Evacuate Collection Set: 0.3ms
[2025-07-30T16:38:22.047+0800][47.872s][info][gc,phases   ] GC(913)   Merge Heap Roots: 0.1ms
[2025-07-30T16:38:22.047+0800][47.872s][info][gc,phases   ] GC(913)   Evacuate Collection Set: 14.2ms
[2025-07-30T16:38:22.047+0800][47.872s][info][gc,phases   ] GC(913)   Post Evacuate Collection Set: 0.6ms
[2025-07-30T16:38:22.047+0800][47.873s][info][gc,phases   ] GC(913)   Other: 0.1ms
[2025-07-30T16:38:22.047+0800][47.873s][info][gc,heap     ] GC(913) Eden regions: 1019->0(1017)
[2025-07-30T16:38:22.047+0800][47.873s][info][gc,heap     ] GC(913) Survivor regions: 145->146(146)
[2025-07-30T16:38:22.047+0800][47.873s][info][gc,heap     ] GC(913) Old regions: 561->561
[2025-07-30T16:38:22.047+0800][47.873s][info][gc,heap     ] GC(913) Humongous regions: 3->3
[2025-07-30T16:38:22.047+0800][47.873s][info][gc,metaspace] GC(913) Metaspace: 7240K(7552K)->7240K(7552K) NonClass: 6514K(6656K)->6514K(6656K) Class: 725K(896K)->725K(896K)
[2025-07-30T16:38:22.047+0800][47.873s][info][gc          ] GC(913) Pause Young (Normal) (G1 Evacuation Pause) 1727M->709M(2048M) 15.461ms
[2025-07-30T16:38:22.047+0800][47.873s][info][gc,cpu      ] GC(913) User=0.02s Sys=0.00s Real=0.01s
[2025-07-30T16:38:22.047+0800][47.873s][info][safepoint   ] Safepoint "G1CollectForAllocation", Time since last: 38453100 ns, Reaching safepoint: 2700 ns, Cleanup: 3000 ns, At safepoint: 15500800 ns, Total: 15506500 ns
[2025-07-30T16:38:22.085+0800][47.911s][info][gc,start    ] GC(914) Pause Young (Normal) (G1 Evacuation Pause)
[2025-07-30T16:38:22.085+0800][47.911s][info][gc,task     ] GC(914) Using 1 workers of 1 for evacuation
[2025-07-30T16:38:22.102+0800][47.927s][info][gc,phases   ] GC(914)   Pre Evacuate Collection Set: 0.4ms
[2025-07-30T16:38:22.102+0800][47.927s][info][gc,phases   ] GC(914)   Merge Heap Roots: 0.1ms
[2025-07-30T16:38:22.102+0800][47.927s][info][gc,phases   ] GC(914)   Evacuate Collection Set: 14.5ms
[2025-07-30T16:38:22.102+0800][47.927s][info][gc,phases   ] GC(914)   Post Evacuate Collection Set: 0.6ms
[2025-07-30T16:38:22.102+0800][47.927s][info][gc,phases   ] GC(914)   Other: 0.1ms
[2025-07-30T16:38:22.102+0800][47.927s][info][gc,heap     ] GC(914) Eden regions: 1017->0(1017)
[2025-07-30T16:38:22.102+0800][47.927s][info][gc,heap     ] GC(914) Survivor regions: 146->146(146)
[2025-07-30T16:38:22.102+0800][47.927s][info][gc,heap     ] GC(914) Old regions: 561->561
[2025-07-30T16:38:22.102+0800][47.927s][info][gc,heap     ] GC(914) Humongous regions: 3->3
[2025-07-30T16:38:22.102+0800][47.927s][info][gc,metaspace] GC(914) Metaspace: 7240K(7552K)->7240K(7552K) NonClass: 6514K(6656K)->6514K(6656K) Class: 725K(896K)->725K(896K)
[2025-07-30T16:38:22.102+0800][47.927s][info][gc          ] GC(914) Pause Young (Normal) (G1 Evacuation Pause) 1726M->708M(2048M) 15.932ms
[2025-07-30T16:38:22.102+0800][47.927s][info][gc,cpu      ] GC(914) User=0.02s Sys=0.00s Real=0.02s
[2025-07-30T16:38:22.102+0800][47.927s][info][safepoint   ] Safepoint "G1CollectForAllocation", Time since last: 38515900 ns, Reaching safepoint: 3400 ns, Cleanup: 3500 ns, At safepoint: 15971000 ns, Total: 15977900 ns
[2025-07-30T16:38:22.139+0800][47.964s][info][gc,start    ] GC(915) Pause Young (Normal) (G1 Evacuation Pause)
[2025-07-30T16:38:22.139+0800][47.964s][info][gc,task     ] GC(915) Using 1 workers of 1 for evacuation
[2025-07-30T16:38:22.154+0800][47.979s][info][gc,phases   ] GC(915)   Pre Evacuate Collection Set: 0.4ms
[2025-07-30T16:38:22.154+0800][47.979s][info][gc,phases   ] GC(915)   Merge Heap Roots: 0.1ms
[2025-07-30T16:38:22.154+0800][47.979s][info][gc,phases   ] GC(915)   Evacuate Collection Set: 14.0ms
[2025-07-30T16:38:22.154+0800][47.979s][info][gc,phases   ] GC(915)   Post Evacuate Collection Set: 0.6ms
[2025-07-30T16:38:22.154+0800][47.979s][info][gc,phases   ] GC(915)   Other: 0.1ms
[2025-07-30T16:38:22.154+0800][47.979s][info][gc,heap     ] GC(915) Eden regions: 1017->0(1019)
[2025-07-30T16:38:22.154+0800][47.979s][info][gc,heap     ] GC(915) Survivor regions: 146->145(146)
[2025-07-30T16:38:22.154+0800][47.979s][info][gc,heap     ] GC(915) Old regions: 561->561
[2025-07-30T16:38:22.154+0800][47.979s][info][gc,heap     ] GC(915) Humongous regions: 3->3
[2025-07-30T16:38:22.154+0800][47.979s][info][gc,metaspace] GC(915) Metaspace: 7240K(7552K)->7240K(7552K) NonClass: 6514K(6656K)->6514K(6656K) Class: 725K(896K)->725K(896K)
[2025-07-30T16:38:22.154+0800][47.979s][info][gc          ] GC(915) Pause Young (Normal) (G1 Evacuation Pause) 1725M->707M(2048M) 15.355ms
[2025-07-30T16:38:22.154+0800][47.979s][info][gc,cpu      ] GC(915) User=0.02s Sys=0.00s Real=0.02s
[2025-07-30T16:38:22.154+0800][47.979s][info][safepoint   ] Safepoint "G1CollectForAllocation", Time since last: 36431900 ns, Reaching safepoint: 3300 ns, Cleanup: 4000 ns, At safepoint: 15396800 ns, Total: 15404100 ns
[2025-07-30T16:38:22.193+0800][48.018s][info][gc,start    ] GC(916) Pause Young (Normal) (G1 Evacuation Pause)
[2025-07-30T16:38:22.193+0800][48.018s][info][gc,task     ] GC(916) Using 1 workers of 1 for evacuation
[2025-07-30T16:38:22.207+0800][48.033s][info][gc,phases   ] GC(916)   Pre Evacuate Collection Set: 0.4ms
[2025-07-30T16:38:22.208+0800][48.033s][info][gc,phases   ] GC(916)   Merge Heap Roots: 0.0ms
[2025-07-30T16:38:22.208+0800][48.033s][info][gc,phases   ] GC(916)   Evacuate Collection Set: 13.8ms
[2025-07-30T16:38:22.208+0800][48.033s][info][gc,phases   ] GC(916)   Post Evacuate Collection Set: 0.7ms
[2025-07-30T16:38:22.208+0800][48.033s][info][gc,phases   ] GC(916)   Other: 0.1ms
[2025-07-30T16:38:22.208+0800][48.033s][info][gc,heap     ] GC(916) Eden regions: 1019->0(1018)
[2025-07-30T16:38:22.208+0800][48.033s][info][gc,heap     ] GC(916) Survivor regions: 145->146(146)
[2025-07-30T16:38:22.208+0800][48.033s][info][gc,heap     ] GC(916) Old regions: 561->561
[2025-07-30T16:38:22.208+0800][48.033s][info][gc,heap     ] GC(916) Humongous regions: 3->3
[2025-07-30T16:38:22.208+0800][48.033s][info][gc,metaspace] GC(916) Metaspace: 7240K(7552K)->7240K(7552K) NonClass: 6514K(6656K)->6514K(6656K) Class: 725K(896K)->725K(896K)
[2025-07-30T16:38:22.208+0800][48.033s][info][gc          ] GC(916) Pause Young (Normal) (G1 Evacuation Pause) 1726M->708M(2048M) 15.137ms
[2025-07-30T16:38:22.208+0800][48.033s][info][gc,cpu      ] GC(916) User=0.02s Sys=0.00s Real=0.02s
[2025-07-30T16:38:22.208+0800][48.033s][info][safepoint   ] Safepoint "G1CollectForAllocation", Time since last: 39067200 ns, Reaching safepoint: 2800 ns, Cleanup: 3100 ns, At safepoint: 15178200 ns, Total: 15184100 ns
[2025-07-30T16:38:22.246+0800][48.072s][info][gc,start    ] GC(917) Pause Young (Normal) (G1 Evacuation Pause)
[2025-07-30T16:38:22.246+0800][48.072s][info][gc,task     ] GC(917) Using 1 workers of 1 for evacuation
[2025-07-30T16:38:22.261+0800][48.087s][info][gc,phases   ] GC(917)   Pre Evacuate Collection Set: 0.3ms
[2025-07-30T16:38:22.261+0800][48.087s][info][gc,phases   ] GC(917)   Merge Heap Roots: 0.0ms
[2025-07-30T16:38:22.261+0800][48.087s][info][gc,phases   ] GC(917)   Evacuate Collection Set: 13.9ms
[2025-07-30T16:38:22.261+0800][48.087s][info][gc,phases   ] GC(917)   Post Evacuate Collection Set: 0.6ms
[2025-07-30T16:38:22.261+0800][48.087s][info][gc,phases   ] GC(917)   Other: 0.1ms
[2025-07-30T16:38:22.261+0800][48.087s][info][gc,heap     ] GC(917) Eden regions: 1018->0(1018)
[2025-07-30T16:38:22.261+0800][48.087s][info][gc,heap     ] GC(917) Survivor regions: 146->146(146)
[2025-07-30T16:38:22.261+0800][48.087s][info][gc,heap     ] GC(917) Old regions: 561->561
[2025-07-30T16:38:22.261+0800][48.087s][info][gc,heap     ] GC(917) Humongous regions: 3->3
[2025-07-30T16:38:22.261+0800][48.087s][info][gc,metaspace] GC(917) Metaspace: 7240K(7552K)->7240K(7552K) NonClass: 6514K(6656K)->6514K(6656K) Class: 725K(896K)->725K(896K)
[2025-07-30T16:38:22.262+0800][48.087s][info][gc          ] GC(917) Pause Young (Normal) (G1 Evacuation Pause) 1726M->708M(2048M) 15.096ms
[2025-07-30T16:38:22.262+0800][48.087s][info][gc,cpu      ] GC(917) User=0.02s Sys=0.00s Real=0.02s
[2025-07-30T16:38:22.262+0800][48.087s][info][safepoint   ] Safepoint "G1CollectForAllocation", Time since last: 38414200 ns, Reaching safepoint: 2700 ns, Cleanup: 2300 ns, At safepoint: 15133700 ns, Total: 15138700 ns
[2025-07-30T16:38:22.298+0800][48.123s][info][gc,start    ] GC(918) Pause Young (Normal) (G1 Evacuation Pause)
[2025-07-30T16:38:22.298+0800][48.123s][info][gc,task     ] GC(918) Using 1 workers of 1 for evacuation
[2025-07-30T16:38:22.313+0800][48.139s][info][gc,phases   ] GC(918)   Pre Evacuate Collection Set: 0.3ms
[2025-07-30T16:38:22.313+0800][48.139s][info][gc,phases   ] GC(918)   Merge Heap Roots: 0.0ms
[2025-07-30T16:38:22.313+0800][48.139s][info][gc,phases   ] GC(918)   Evacuate Collection Set: 14.6ms
[2025-07-30T16:38:22.313+0800][48.139s][info][gc,phases   ] GC(918)   Post Evacuate Collection Set: 0.6ms
[2025-07-30T16:38:22.313+0800][48.139s][info][gc,phases   ] GC(918)   Other: 0.1ms
[2025-07-30T16:38:22.313+0800][48.139s][info][gc,heap     ] GC(918) Eden regions: 1018->0(1018)
[2025-07-30T16:38:22.313+0800][48.139s][info][gc,heap     ] GC(918) Survivor regions: 146->146(146)
[2025-07-30T16:38:22.313+0800][48.139s][info][gc,heap     ] GC(918) Old regions: 561->561
[2025-07-30T16:38:22.313+0800][48.139s][info][gc,heap     ] GC(918) Humongous regions: 3->3
[2025-07-30T16:38:22.313+0800][48.139s][info][gc,metaspace] GC(918) Metaspace: 7240K(7552K)->7240K(7552K) NonClass: 6514K(6656K)->6514K(6656K) Class: 725K(896K)->725K(896K)
[2025-07-30T16:38:22.313+0800][48.139s][info][gc          ] GC(918) Pause Young (Normal) (G1 Evacuation Pause) 1726M->708M(2048M) 15.863ms
[2025-07-30T16:38:22.313+0800][48.139s][info][gc,cpu      ] GC(918) User=0.02s Sys=0.00s Real=0.01s
[2025-07-30T16:38:22.313+0800][48.139s][info][safepoint   ] Safepoint "G1CollectForAllocation", Time since last: 36307100 ns, Reaching safepoint: 2100 ns, Cleanup: 2800 ns, At safepoint: 15900800 ns, Total: 15905700 ns
[2025-07-30T16:38:22.351+0800][48.176s][info][gc,start    ] GC(919) Pause Young (Normal) (G1 Evacuation Pause)
[2025-07-30T16:38:22.351+0800][48.176s][info][gc,task     ] GC(919) Using 1 workers of 1 for evacuation
[2025-07-30T16:38:22.365+0800][48.191s][info][gc,phases   ] GC(919)   Pre Evacuate Collection Set: 0.3ms
[2025-07-30T16:38:22.365+0800][48.191s][info][gc,phases   ] GC(919)   Merge Heap Roots: 0.1ms
[2025-07-30T16:38:22.365+0800][48.191s][info][gc,phases   ] GC(919)   Evacuate Collection Set: 13.8ms
[2025-07-30T16:38:22.365+0800][48.191s][info][gc,phases   ] GC(919)   Post Evacuate Collection Set: 0.6ms
[2025-07-30T16:38:22.365+0800][48.191s][info][gc,phases   ] GC(919)   Other: 0.1ms
[2025-07-30T16:38:22.365+0800][48.191s][info][gc,heap     ] GC(919) Eden regions: 1018->0(1017)
[2025-07-30T16:38:22.365+0800][48.191s][info][gc,heap     ] GC(919) Survivor regions: 146->146(146)
[2025-07-30T16:38:22.365+0800][48.191s][info][gc,heap     ] GC(919) Old regions: 561->561
[2025-07-30T16:38:22.365+0800][48.191s][info][gc,heap     ] GC(919) Humongous regions: 3->3
[2025-07-30T16:38:22.365+0800][48.191s][info][gc,metaspace] GC(919) Metaspace: 7240K(7552K)->7240K(7552K) NonClass: 6514K(6656K)->6514K(6656K) Class: 725K(896K)->725K(896K)
[2025-07-30T16:38:22.365+0800][48.191s][info][gc          ] GC(919) Pause Young (Normal) (G1 Evacuation Pause) 1726M->709M(2048M) 15.002ms
[2025-07-30T16:38:22.366+0800][48.191s][info][gc,cpu      ] GC(919) User=0.02s Sys=0.00s Real=0.01s
[2025-07-30T16:38:22.366+0800][48.191s][info][safepoint   ] Safepoint "G1CollectForAllocation", Time since last: 36791600 ns, Reaching safepoint: 2200 ns, Cleanup: 2700 ns, At safepoint: 15038600 ns, Total: 15043500 ns
[2025-07-30T16:38:22.401+0800][48.226s][info][gc,start    ] GC(920) Pause Young (Normal) (G1 Evacuation Pause)
[2025-07-30T16:38:22.401+0800][48.227s][info][gc,task     ] GC(920) Using 1 workers of 1 for evacuation
[2025-07-30T16:38:22.415+0800][48.241s][info][gc,phases   ] GC(920)   Pre Evacuate Collection Set: 0.3ms
[2025-07-30T16:38:22.416+0800][48.241s][info][gc,phases   ] GC(920)   Merge Heap Roots: 0.0ms
[2025-07-30T16:38:22.416+0800][48.241s][info][gc,phases   ] GC(920)   Evacuate Collection Set: 13.9ms
[2025-07-30T16:38:22.416+0800][48.241s][info][gc,phases   ] GC(920)   Post Evacuate Collection Set: 0.6ms
[2025-07-30T16:38:22.416+0800][48.241s][info][gc,phases   ] GC(920)   Other: 0.1ms
[2025-07-30T16:38:22.416+0800][48.241s][info][gc,heap     ] GC(920) Eden regions: 1017->0(1019)
[2025-07-30T16:38:22.416+0800][48.241s][info][gc,heap     ] GC(920) Survivor regions: 146->145(146)
[2025-07-30T16:38:22.416+0800][48.241s][info][gc,heap     ] GC(920) Old regions: 561->561
[2025-07-30T16:38:22.416+0800][48.241s][info][gc,heap     ] GC(920) Humongous regions: 3->3
[2025-07-30T16:38:22.416+0800][48.241s][info][gc,metaspace] GC(920) Metaspace: 7240K(7552K)->7240K(7552K) NonClass: 6514K(6656K)->6514K(6656K) Class: 725K(896K)->725K(896K)
[2025-07-30T16:38:22.416+0800][48.242s][info][gc          ] GC(920) Pause Young (Normal) (G1 Evacuation Pause) 1726M->708M(2048M) 15.050ms
[2025-07-30T16:38:22.416+0800][48.242s][info][gc,cpu      ] GC(920) User=0.02s Sys=0.00s Real=0.01s
[2025-07-30T16:38:22.416+0800][48.242s][info][safepoint   ] Safepoint "G1CollectForAllocation", Time since last: 35651100 ns, Reaching safepoint: 2500 ns, Cleanup: 3100 ns, At safepoint: 15088400 ns, Total: 15094000 ns
[2025-07-30T16:38:22.452+0800][48.278s][info][gc,start    ] GC(921) Pause Young (Normal) (G1 Evacuation Pause)
[2025-07-30T16:38:22.452+0800][48.278s][info][gc,task     ] GC(921) Using 1 workers of 1 for evacuation
[2025-07-30T16:38:22.468+0800][48.293s][info][gc,phases   ] GC(921)   Pre Evacuate Collection Set: 0.4ms
[2025-07-30T16:38:22.468+0800][48.293s][info][gc,phases   ] GC(921)   Merge Heap Roots: 0.1ms
[2025-07-30T16:38:22.468+0800][48.293s][info][gc,phases   ] GC(921)   Evacuate Collection Set: 13.8ms
[2025-07-30T16:38:22.468+0800][48.293s][info][gc,phases   ] GC(921)   Post Evacuate Collection Set: 0.7ms
[2025-07-30T16:38:22.468+0800][48.293s][info][gc,phases   ] GC(921)   Other: 0.1ms
[2025-07-30T16:38:22.468+0800][48.293s][info][gc,heap     ] GC(921) Eden regions: 1019->0(1017)
[2025-07-30T16:38:22.468+0800][48.293s][info][gc,heap     ] GC(921) Survivor regions: 145->146(146)
[2025-07-30T16:38:22.468+0800][48.293s][info][gc,heap     ] GC(921) Old regions: 561->561
[2025-07-30T16:38:22.468+0800][48.293s][info][gc,heap     ] GC(921) Humongous regions: 3->3
[2025-07-30T16:38:22.468+0800][48.293s][info][gc,metaspace] GC(921) Metaspace: 7240K(7552K)->7240K(7552K) NonClass: 6514K(6656K)->6514K(6656K) Class: 725K(896K)->725K(896K)
[2025-07-30T16:38:22.468+0800][48.293s][info][gc          ] GC(921) Pause Young (Normal) (G1 Evacuation Pause) 1727M->709M(2048M) 15.155ms
[2025-07-30T16:38:22.468+0800][48.293s][info][gc,cpu      ] GC(921) User=0.02s Sys=0.00s Real=0.02s
[2025-07-30T16:38:22.468+0800][48.293s][info][safepoint   ] Safepoint "G1CollectForAllocation", Time since last: 36671400 ns, Reaching safepoint: 2600 ns, Cleanup: 3100 ns, At safepoint: 15197200 ns, Total: 15202900 ns
[2025-07-30T16:38:22.506+0800][48.331s][info][gc,start    ] GC(922) Pause Young (Normal) (G1 Evacuation Pause)
[2025-07-30T16:38:22.506+0800][48.331s][info][gc,task     ] GC(922) Using 1 workers of 1 for evacuation
[2025-07-30T16:38:22.520+0800][48.347s][info][gc,phases   ] GC(922)   Pre Evacuate Collection Set: 0.3ms
[2025-07-30T16:38:22.520+0800][48.347s][info][gc,phases   ] GC(922)   Merge Heap Roots: 0.0ms
[2025-07-30T16:38:22.520+0800][48.347s][info][gc,phases   ] GC(922)   Evacuate Collection Set: 14.1ms
[2025-07-30T16:38:22.520+0800][48.347s][info][gc,phases   ] GC(922)   Post Evacuate Collection Set: 0.6ms
[2025-07-30T16:38:22.520+0800][48.347s][info][gc,phases   ] GC(922)   Other: 0.1ms
[2025-07-30T16:38:22.520+0800][48.347s][info][gc,heap     ] GC(922) Eden regions: 1017->0(1019)
[2025-07-30T16:38:22.520+0800][48.347s][info][gc,heap     ] GC(922) Survivor regions: 146->145(146)
[2025-07-30T16:38:22.520+0800][48.347s][info][gc,heap     ] GC(922) Old regions: 561->561
[2025-07-30T16:38:22.520+0800][48.347s][info][gc,heap     ] GC(922) Humongous regions: 3->3
[2025-07-30T16:38:22.520+0800][48.347s][info][gc,metaspace] GC(922) Metaspace: 7240K(7552K)->7240K(7552K) NonClass: 6514K(6656K)->6514K(6656K) Class: 725K(896K)->725K(896K)
[2025-07-30T16:38:22.520+0800][48.347s][info][gc          ] GC(922) Pause Young (Normal) (G1 Evacuation Pause) 1726M->708M(2048M) 15.310ms
[2025-07-30T16:38:22.520+0800][48.347s][info][gc,cpu      ] GC(922) User=0.02s Sys=0.00s Real=0.01s
[2025-07-30T16:38:22.520+0800][48.347s][info][safepoint   ] Safepoint "G1CollectForAllocation", Time since last: 37957800 ns, Reaching safepoint: 2800 ns, Cleanup: 2600 ns, At safepoint: 15348300 ns, Total: 15353700 ns
[2025-07-30T16:38:22.558+0800][48.384s][info][gc,start    ] GC(923) Pause Young (Normal) (G1 Evacuation Pause)
[2025-07-30T16:38:22.558+0800][48.384s][info][gc,task     ] GC(923) Using 1 workers of 1 for evacuation
[2025-07-30T16:38:22.573+0800][48.399s][info][gc,phases   ] GC(923)   Pre Evacuate Collection Set: 0.4ms
[2025-07-30T16:38:22.573+0800][48.399s][info][gc,phases   ] GC(923)   Merge Heap Roots: 0.1ms
[2025-07-30T16:38:22.573+0800][48.399s][info][gc,phases   ] GC(923)   Evacuate Collection Set: 14.0ms
[2025-07-30T16:38:22.573+0800][48.399s][info][gc,phases   ] GC(923)   Post Evacuate Collection Set: 0.6ms
[2025-07-30T16:38:22.573+0800][48.399s][info][gc,phases   ] GC(923)   Other: 0.1ms
[2025-07-30T16:38:22.573+0800][48.399s][info][gc,heap     ] GC(923) Eden regions: 1019->0(1017)
[2025-07-30T16:38:22.573+0800][48.399s][info][gc,heap     ] GC(923) Survivor regions: 145->146(146)
[2025-07-30T16:38:22.573+0800][48.399s][info][gc,heap     ] GC(923) Old regions: 561->561
[2025-07-30T16:38:22.573+0800][48.399s][info][gc,heap     ] GC(923) Humongous regions: 3->3
[2025-07-30T16:38:22.573+0800][48.399s][info][gc,metaspace] GC(923) Metaspace: 7240K(7552K)->7240K(7552K) NonClass: 6514K(6656K)->6514K(6656K) Class: 725K(896K)->725K(896K)
[2025-07-30T16:38:22.573+0800][48.399s][info][gc          ] GC(923) Pause Young (Normal) (G1 Evacuation Pause) 1727M->709M(2048M) 15.297ms
[2025-07-30T16:38:22.573+0800][48.399s][info][gc,cpu      ] GC(923) User=0.02s Sys=0.00s Real=0.01s
[2025-07-30T16:38:22.573+0800][48.399s][info][safepoint   ] Safepoint "G1CollectForAllocation", Time since last: 37049800 ns, Reaching safepoint: 2500 ns, Cleanup: 3300 ns, At safepoint: 15337500 ns, Total: 15343300 ns
[2025-07-30T16:38:22.613+0800][48.439s][info][gc,start    ] GC(924) Pause Young (Normal) (G1 Evacuation Pause)
[2025-07-30T16:38:22.614+0800][48.439s][info][gc,task     ] GC(924) Using 1 workers of 1 for evacuation
[2025-07-30T16:38:22.630+0800][48.455s][info][gc,phases   ] GC(924)   Pre Evacuate Collection Set: 0.4ms
[2025-07-30T16:38:22.630+0800][48.455s][info][gc,phases   ] GC(924)   Merge Heap Roots: 0.1ms
[2025-07-30T16:38:22.630+0800][48.455s][info][gc,phases   ] GC(924)   Evacuate Collection Set: 14.5ms
[2025-07-30T16:38:22.630+0800][48.455s][info][gc,phases   ] GC(924)   Post Evacuate Collection Set: 0.7ms
[2025-07-30T16:38:22.630+0800][48.455s][info][gc,phases   ] GC(924)   Other: 0.1ms
[2025-07-30T16:38:22.630+0800][48.455s][info][gc,heap     ] GC(924) Eden regions: 1017->0(1017)
[2025-07-30T16:38:22.630+0800][48.455s][info][gc,heap     ] GC(924) Survivor regions: 146->146(146)
[2025-07-30T16:38:22.630+0800][48.455s][info][gc,heap     ] GC(924) Old regions: 561->561
[2025-07-30T16:38:22.630+0800][48.455s][info][gc,heap     ] GC(924) Humongous regions: 3->3
[2025-07-30T16:38:22.630+0800][48.455s][info][gc,metaspace] GC(924) Metaspace: 7240K(7552K)->7240K(7552K) NonClass: 6514K(6656K)->6514K(6656K) Class: 725K(896K)->725K(896K)
[2025-07-30T16:38:22.630+0800][48.455s][info][gc          ] GC(924) Pause Young (Normal) (G1 Evacuation Pause) 1726M->708M(2048M) 15.923ms
[2025-07-30T16:38:22.630+0800][48.455s][info][gc,cpu      ] GC(924) User=0.02s Sys=0.00s Real=0.02s
[2025-07-30T16:38:22.630+0800][48.455s][info][safepoint   ] Safepoint "G1CollectForAllocation", Time since last: 39879400 ns, Reaching safepoint: 3500 ns, Cleanup: 3500 ns, At safepoint: 15965500 ns, Total: 15972500 ns
[2025-07-30T16:38:22.666+0800][48.491s][info][gc,start    ] GC(925) Pause Young (Normal) (G1 Evacuation Pause)
[2025-07-30T16:38:22.666+0800][48.491s][info][gc,task     ] GC(925) Using 1 workers of 1 for evacuation
[2025-07-30T16:38:22.681+0800][48.506s][info][gc,phases   ] GC(925)   Pre Evacuate Collection Set: 0.5ms
[2025-07-30T16:38:22.681+0800][48.506s][info][gc,phases   ] GC(925)   Merge Heap Roots: 0.1ms
[2025-07-30T16:38:22.681+0800][48.506s][info][gc,phases   ] GC(925)   Evacuate Collection Set: 13.9ms
[2025-07-30T16:38:22.681+0800][48.506s][info][gc,phases   ] GC(925)   Post Evacuate Collection Set: 0.7ms
[2025-07-30T16:38:22.681+0800][48.506s][info][gc,phases   ] GC(925)   Other: 0.1ms
[2025-07-30T16:38:22.681+0800][48.506s][info][gc,heap     ] GC(925) Eden regions: 1017->0(1019)
[2025-07-30T16:38:22.681+0800][48.506s][info][gc,heap     ] GC(925) Survivor regions: 146->145(146)
[2025-07-30T16:38:22.681+0800][48.507s][info][gc,heap     ] GC(925) Old regions: 561->561
[2025-07-30T16:38:22.681+0800][48.507s][info][gc,heap     ] GC(925) Humongous regions: 3->3
[2025-07-30T16:38:22.681+0800][48.507s][info][gc,metaspace] GC(925) Metaspace: 7240K(7552K)->7240K(7552K) NonClass: 6514K(6656K)->6514K(6656K) Class: 725K(896K)->725K(896K)
[2025-07-30T16:38:22.681+0800][48.507s][info][gc          ] GC(925) Pause Young (Normal) (G1 Evacuation Pause) 1725M->707M(2048M) 15.440ms
[2025-07-30T16:38:22.681+0800][48.507s][info][gc,cpu      ] GC(925) User=0.02s Sys=0.00s Real=0.02s
[2025-07-30T16:38:22.681+0800][48.507s][info][safepoint   ] Safepoint "G1CollectForAllocation", Time since last: 36106700 ns, Reaching safepoint: 14100 ns, Cleanup: 3500 ns, At safepoint: 15488100 ns, Total: 15505700 ns
[2025-07-30T16:38:22.719+0800][48.544s][info][gc,start    ] GC(926) Pause Young (Normal) (G1 Evacuation Pause)
[2025-07-30T16:38:22.719+0800][48.544s][info][gc,task     ] GC(926) Using 1 workers of 1 for evacuation
[2025-07-30T16:38:22.734+0800][48.559s][info][gc,phases   ] GC(926)   Pre Evacuate Collection Set: 0.4ms
[2025-07-30T16:38:22.734+0800][48.559s][info][gc,phases   ] GC(926)   Merge Heap Roots: 0.1ms
[2025-07-30T16:38:22.734+0800][48.559s][info][gc,phases   ] GC(926)   Evacuate Collection Set: 13.9ms
[2025-07-30T16:38:22.734+0800][48.559s][info][gc,phases   ] GC(926)   Post Evacuate Collection Set: 0.6ms
[2025-07-30T16:38:22.734+0800][48.559s][info][gc,phases   ] GC(926)   Other: 0.1ms
[2025-07-30T16:38:22.734+0800][48.559s][info][gc,heap     ] GC(926) Eden regions: 1019->0(1018)
[2025-07-30T16:38:22.734+0800][48.559s][info][gc,heap     ] GC(926) Survivor regions: 145->146(146)
[2025-07-30T16:38:22.734+0800][48.559s][info][gc,heap     ] GC(926) Old regions: 561->561
[2025-07-30T16:38:22.734+0800][48.559s][info][gc,heap     ] GC(926) Humongous regions: 3->3
[2025-07-30T16:38:22.734+0800][48.559s][info][gc,metaspace] GC(926) Metaspace: 7240K(7552K)->7240K(7552K) NonClass: 6515K(6656K)->6515K(6656K) Class: 725K(896K)->725K(896K)
[2025-07-30T16:38:22.734+0800][48.560s][info][gc          ] GC(926) Pause Young (Normal) (G1 Evacuation Pause) 1726M->708M(2048M) 15.191ms
[2025-07-30T16:38:22.734+0800][48.560s][info][gc,cpu      ] GC(926) User=0.00s Sys=0.02s Real=0.01s
[2025-07-30T16:38:22.734+0800][48.560s][info][safepoint   ] Safepoint "G1CollectForAllocation", Time since last: 37727500 ns, Reaching safepoint: 2400 ns, Cleanup: 2900 ns, At safepoint: 15237700 ns, Total: 15243000 ns
[2025-07-30T16:38:22.770+0800][48.597s][info][gc,start    ] GC(927) Pause Young (Normal) (G1 Evacuation Pause)
[2025-07-30T16:38:22.770+0800][48.597s][info][gc,task     ] GC(927) Using 1 workers of 1 for evacuation
[2025-07-30T16:38:22.786+0800][48.612s][info][gc,phases   ] GC(927)   Pre Evacuate Collection Set: 0.4ms
[2025-07-30T16:38:22.786+0800][48.612s][info][gc,phases   ] GC(927)   Merge Heap Roots: 0.1ms
[2025-07-30T16:38:22.786+0800][48.612s][info][gc,phases   ] GC(927)   Evacuate Collection Set: 13.8ms
[2025-07-30T16:38:22.786+0800][48.612s][info][gc,phases   ] GC(927)   Post Evacuate Collection Set: 0.6ms
[2025-07-30T16:38:22.786+0800][48.612s][info][gc,phases   ] GC(927)   Other: 0.1ms
[2025-07-30T16:38:22.786+0800][48.612s][info][gc,heap     ] GC(927) Eden regions: 1018->0(1018)
[2025-07-30T16:38:22.786+0800][48.612s][info][gc,heap     ] GC(927) Survivor regions: 146->146(146)
[2025-07-30T16:38:22.786+0800][48.612s][info][gc,heap     ] GC(927) Old regions: 561->561
[2025-07-30T16:38:22.786+0800][48.612s][info][gc,heap     ] GC(927) Humongous regions: 3->3
[2025-07-30T16:38:22.786+0800][48.612s][info][gc,metaspace] GC(927) Metaspace: 7247K(7552K)->7247K(7552K) NonClass: 6522K(6656K)->6522K(6656K) Class: 725K(896K)->725K(896K)
[2025-07-30T16:38:22.786+0800][48.612s][info][gc          ] GC(927) Pause Young (Normal) (G1 Evacuation Pause) 1726M->708M(2048M) 15.116ms
[2025-07-30T16:38:22.786+0800][48.612s][info][gc,cpu      ] GC(927) User=0.02s Sys=0.00s Real=0.02s
[2025-07-30T16:38:22.786+0800][48.612s][info][safepoint   ] Safepoint "G1CollectForAllocation", Time since last: 37122600 ns, Reaching safepoint: 2200 ns, Cleanup: 5600 ns, At safepoint: 15155300 ns, Total: 15163100 ns
[2025-07-30T16:38:22.824+0800][48.649s][info][gc,start    ] GC(928) Pause Young (Normal) (G1 Evacuation Pause)
[2025-07-30T16:38:22.824+0800][48.649s][info][gc,task     ] GC(928) Using 1 workers of 1 for evacuation
[2025-07-30T16:38:22.839+0800][48.664s][info][gc,phases   ] GC(928)   Pre Evacuate Collection Set: 0.4ms
[2025-07-30T16:38:22.839+0800][48.665s][info][gc,phases   ] GC(928)   Merge Heap Roots: 0.1ms
[2025-07-30T16:38:22.839+0800][48.665s][info][gc,phases   ] GC(928)   Evacuate Collection Set: 14.3ms
[2025-07-30T16:38:22.839+0800][48.665s][info][gc,phases   ] GC(928)   Post Evacuate Collection Set: 0.7ms
[2025-07-30T16:38:22.839+0800][48.665s][info][gc,phases   ] GC(928)   Other: 0.1ms
[2025-07-30T16:38:22.839+0800][48.665s][info][gc,heap     ] GC(928) Eden regions: 1018->0(1017)
[2025-07-30T16:38:22.839+0800][48.665s][info][gc,heap     ] GC(928) Survivor regions: 146->146(146)
[2025-07-30T16:38:22.839+0800][48.665s][info][gc,heap     ] GC(928) Old regions: 561->561
[2025-07-30T16:38:22.839+0800][48.665s][info][gc,heap     ] GC(928) Humongous regions: 3->3
[2025-07-30T16:38:22.839+0800][48.665s][info][gc,metaspace] GC(928) Metaspace: 7247K(7552K)->7247K(7552K) NonClass: 6522K(6656K)->6522K(6656K) Class: 725K(896K)->725K(896K)
[2025-07-30T16:38:22.839+0800][48.665s][info][gc          ] GC(928) Pause Young (Normal) (G1 Evacuation Pause) 1726M->709M(2048M) 15.742ms
[2025-07-30T16:38:22.839+0800][48.665s][info][gc,cpu      ] GC(928) User=0.02s Sys=0.00s Real=0.02s
[2025-07-30T16:38:22.839+0800][48.665s][info][safepoint   ] Safepoint "G1CollectForAllocation", Time since last: 37037500 ns, Reaching safepoint: 3800 ns, Cleanup: 3900 ns, At safepoint: 15787100 ns, Total: 15794800 ns
[2025-07-30T16:38:22.876+0800][48.701s][info][gc,start    ] GC(929) Pause Young (Normal) (G1 Evacuation Pause)
[2025-07-30T16:38:22.876+0800][48.701s][info][gc,task     ] GC(929) Using 1 workers of 1 for evacuation
[2025-07-30T16:38:22.890+0800][48.717s][info][gc,phases   ] GC(929)   Pre Evacuate Collection Set: 0.5ms
[2025-07-30T16:38:22.890+0800][48.717s][info][gc,phases   ] GC(929)   Merge Heap Roots: 0.1ms
[2025-07-30T16:38:22.890+0800][48.717s][info][gc,phases   ] GC(929)   Evacuate Collection Set: 13.8ms
[2025-07-30T16:38:22.890+0800][48.717s][info][gc,phases   ] GC(929)   Post Evacuate Collection Set: 0.7ms
[2025-07-30T16:38:22.892+0800][48.717s][info][gc,phases   ] GC(929)   Other: 0.1ms
[2025-07-30T16:38:22.892+0800][48.717s][info][gc,heap     ] GC(929) Eden regions: 1017->0(1019)
[2025-07-30T16:38:22.892+0800][48.717s][info][gc,heap     ] GC(929) Survivor regions: 146->145(146)
[2025-07-30T16:38:22.892+0800][48.717s][info][gc,heap     ] GC(929) Old regions: 561->561
[2025-07-30T16:38:22.892+0800][48.717s][info][gc,heap     ] GC(929) Humongous regions: 3->3
[2025-07-30T16:38:22.892+0800][48.717s][info][gc,metaspace] GC(929) Metaspace: 7247K(7552K)->7247K(7552K) NonClass: 6522K(6656K)->6522K(6656K) Class: 725K(896K)->725K(896K)
[2025-07-30T16:38:22.892+0800][48.717s][info][gc          ] GC(929) Pause Young (Normal) (G1 Evacuation Pause) 1726M->708M(2048M) 15.397ms
[2025-07-30T16:38:22.892+0800][48.717s][info][gc,cpu      ] GC(929) User=0.02s Sys=0.00s Real=0.02s
[2025-07-30T16:38:22.892+0800][48.717s][info][safepoint   ] Safepoint "G1CollectForAllocation", Time since last: 36682000 ns, Reaching safepoint: 3600 ns, Cleanup: 4500 ns, At safepoint: 15444600 ns, Total: 15452700 ns
[2025-07-30T16:38:22.928+0800][48.754s][info][gc,start    ] GC(930) Pause Young (Normal) (G1 Evacuation Pause)
[2025-07-30T16:38:22.928+0800][48.754s][info][gc,task     ] GC(930) Using 1 workers of 1 for evacuation
[2025-07-30T16:38:22.944+0800][48.769s][info][gc,phases   ] GC(930)   Pre Evacuate Collection Set: 0.4ms
[2025-07-30T16:38:22.944+0800][48.769s][info][gc,phases   ] GC(930)   Merge Heap Roots: 0.1ms
[2025-07-30T16:38:22.944+0800][48.769s][info][gc,phases   ] GC(930)   Evacuate Collection Set: 14.2ms
[2025-07-30T16:38:22.944+0800][48.769s][info][gc,phases   ] GC(930)   Post Evacuate Collection Set: 0.7ms
[2025-07-30T16:38:22.944+0800][48.769s][info][gc,phases   ] GC(930)   Other: 0.1ms
[2025-07-30T16:38:22.944+0800][48.769s][info][gc,heap     ] GC(930) Eden regions: 1019->0(1017)
[2025-07-30T16:38:22.944+0800][48.769s][info][gc,heap     ] GC(930) Survivor regions: 145->146(146)
[2025-07-30T16:38:22.944+0800][48.769s][info][gc,heap     ] GC(930) Old regions: 561->561
[2025-07-30T16:38:22.944+0800][48.769s][info][gc,heap     ] GC(930) Humongous regions: 3->3
[2025-07-30T16:38:22.944+0800][48.769s][info][gc,metaspace] GC(930) Metaspace: 7247K(7552K)->7247K(7552K) NonClass: 6522K(6656K)->6522K(6656K) Class: 725K(896K)->725K(896K)
[2025-07-30T16:38:22.944+0800][48.769s][info][gc          ] GC(930) Pause Young (Normal) (G1 Evacuation Pause) 1727M->709M(2048M) 15.685ms
[2025-07-30T16:38:22.944+0800][48.769s][info][gc,cpu      ] GC(930) User=0.02s Sys=0.00s Real=0.02s
[2025-07-30T16:38:22.944+0800][48.769s][info][safepoint   ] Safepoint "G1CollectForAllocation", Time since last: 36885100 ns, Reaching safepoint: 3800 ns, Cleanup: 4400 ns, At safepoint: 15730700 ns, Total: 15738900 ns
[2025-07-30T16:38:22.980+0800][48.806s][info][gc,start    ] GC(931) Pause Young (Normal) (G1 Evacuation Pause)
[2025-07-30T16:38:22.980+0800][48.806s][info][gc,task     ] GC(931) Using 1 workers of 1 for evacuation
[2025-07-30T16:38:22.997+0800][48.822s][info][gc,phases   ] GC(931)   Pre Evacuate Collection Set: 0.4ms
[2025-07-30T16:38:22.997+0800][48.822s][info][gc,phases   ] GC(931)   Merge Heap Roots: 0.1ms
[2025-07-30T16:38:22.997+0800][48.822s][info][gc,phases   ] GC(931)   Evacuate Collection Set: 15.0ms
[2025-07-30T16:38:22.997+0800][48.822s][info][gc,phases   ] GC(931)   Post Evacuate Collection Set: 0.6ms
[2025-07-30T16:38:22.997+0800][48.822s][info][gc,phases   ] GC(931)   Other: 0.1ms
[2025-07-30T16:38:22.997+0800][48.822s][info][gc,heap     ] GC(931) Eden regions: 1017->0(1019)
[2025-07-30T16:38:22.997+0800][48.822s][info][gc,heap     ] GC(931) Survivor regions: 146->145(146)
[2025-07-30T16:38:22.997+0800][48.822s][info][gc,heap     ] GC(931) Old regions: 561->561
[2025-07-30T16:38:22.997+0800][48.822s][info][gc,heap     ] GC(931) Humongous regions: 3->3
[2025-07-30T16:38:22.997+0800][48.822s][info][gc,metaspace] GC(931) Metaspace: 7247K(7552K)->7247K(7552K) NonClass: 6522K(6656K)->6522K(6656K) Class: 725K(896K)->725K(896K)
[2025-07-30T16:38:22.997+0800][48.822s][info][gc          ] GC(931) Pause Young (Normal) (G1 Evacuation Pause) 1726M->708M(2048M) 16.381ms
[2025-07-30T16:38:22.997+0800][48.822s][info][gc,cpu      ] GC(931) User=0.02s Sys=0.00s Real=0.02s
[2025-07-30T16:38:22.997+0800][48.822s][info][safepoint   ] Safepoint "G1CollectForAllocation", Time since last: 36627200 ns, Reaching safepoint: 3400 ns, Cleanup: 3600 ns, At safepoint: 16424100 ns, Total: 16431100 ns
[2025-07-30T16:38:23.034+0800][48.859s][info][gc,start    ] GC(932) Pause Young (Normal) (G1 Evacuation Pause)
[2025-07-30T16:38:23.034+0800][48.859s][info][gc,task     ] GC(932) Using 1 workers of 1 for evacuation
[2025-07-30T16:38:23.050+0800][48.875s][info][gc,phases   ] GC(932)   Pre Evacuate Collection Set: 0.4ms
[2025-07-30T16:38:23.050+0800][48.875s][info][gc,phases   ] GC(932)   Merge Heap Roots: 0.1ms
[2025-07-30T16:38:23.050+0800][48.875s][info][gc,phases   ] GC(932)   Evacuate Collection Set: 14.5ms
[2025-07-30T16:38:23.050+0800][48.875s][info][gc,phases   ] GC(932)   Post Evacuate Collection Set: 0.8ms
[2025-07-30T16:38:23.050+0800][48.875s][info][gc,phases   ] GC(932)   Other: 0.1ms
[2025-07-30T16:38:23.050+0800][48.875s][info][gc,heap     ] GC(932) Eden regions: 1019->0(1017)
[2025-07-30T16:38:23.050+0800][48.875s][info][gc,heap     ] GC(932) Survivor regions: 145->146(146)
[2025-07-30T16:38:23.050+0800][48.875s][info][gc,heap     ] GC(932) Old regions: 561->561
[2025-07-30T16:38:23.050+0800][48.875s][info][gc,heap     ] GC(932) Humongous regions: 3->3
[2025-07-30T16:38:23.050+0800][48.875s][info][gc,metaspace] GC(932) Metaspace: 7247K(7552K)->7247K(7552K) NonClass: 6522K(6656K)->6522K(6656K) Class: 725K(896K)->725K(896K)
[2025-07-30T16:38:23.050+0800][48.875s][info][gc          ] GC(932) Pause Young (Normal) (G1 Evacuation Pause) 1727M->709M(2048M) 15.999ms
[2025-07-30T16:38:23.050+0800][48.875s][info][gc,cpu      ] GC(932) User=0.02s Sys=0.00s Real=0.02s
[2025-07-30T16:38:23.050+0800][48.875s][info][safepoint   ] Safepoint "G1CollectForAllocation", Time since last: 36740600 ns, Reaching safepoint: 2500 ns, Cleanup: 3200 ns, At safepoint: 16039100 ns, Total: 16044800 ns
[2025-07-30T16:38:23.087+0800][48.912s][info][gc,start    ] GC(933) Pause Young (Normal) (G1 Evacuation Pause)
[2025-07-30T16:38:23.087+0800][48.912s][info][gc,task     ] GC(933) Using 1 workers of 1 for evacuation
[2025-07-30T16:38:23.105+0800][48.930s][info][gc,phases   ] GC(933)   Pre Evacuate Collection Set: 0.4ms
[2025-07-30T16:38:23.105+0800][48.930s][info][gc,phases   ] GC(933)   Merge Heap Roots: 0.1ms
[2025-07-30T16:38:23.105+0800][48.930s][info][gc,phases   ] GC(933)   Evacuate Collection Set: 17.0ms
[2025-07-30T16:38:23.105+0800][48.930s][info][gc,phases   ] GC(933)   Post Evacuate Collection Set: 0.7ms
[2025-07-30T16:38:23.105+0800][48.930s][info][gc,phases   ] GC(933)   Other: 0.1ms
[2025-07-30T16:38:23.105+0800][48.930s][info][gc,heap     ] GC(933) Eden regions: 1017->0(1017)
[2025-07-30T16:38:23.105+0800][48.930s][info][gc,heap     ] GC(933) Survivor regions: 146->146(146)
[2025-07-30T16:38:23.105+0800][48.930s][info][gc,heap     ] GC(933) Old regions: 561->561
[2025-07-30T16:38:23.105+0800][48.931s][info][gc,heap     ] GC(933) Humongous regions: 3->3
[2025-07-30T16:38:23.105+0800][48.931s][info][gc,metaspace] GC(933) Metaspace: 7247K(7552K)->7247K(7552K) NonClass: 6522K(6656K)->6522K(6656K) Class: 725K(896K)->725K(896K)
[2025-07-30T16:38:23.105+0800][48.931s][info][gc          ] GC(933) Pause Young (Normal) (G1 Evacuation Pause) 1726M->708M(2048M) 18.309ms
[2025-07-30T16:38:23.105+0800][48.931s][info][gc,cpu      ] GC(933) User=0.02s Sys=0.00s Real=0.02s
[2025-07-30T16:38:23.105+0800][48.931s][info][safepoint   ] Safepoint "G1CollectForAllocation", Time since last: 36941000 ns, Reaching safepoint: 2300 ns, Cleanup: 2900 ns, At safepoint: 18354900 ns, Total: 18360100 ns
[2025-07-30T16:38:23.142+0800][48.968s][info][gc,start    ] GC(934) Pause Young (Normal) (G1 Evacuation Pause)
[2025-07-30T16:38:23.142+0800][48.968s][info][gc,task     ] GC(934) Using 1 workers of 1 for evacuation
[2025-07-30T16:38:23.156+0800][48.982s][info][gc,phases   ] GC(934)   Pre Evacuate Collection Set: 0.3ms
[2025-07-30T16:38:23.156+0800][48.982s][info][gc,phases   ] GC(934)   Merge Heap Roots: 0.1ms
[2025-07-30T16:38:23.156+0800][48.982s][info][gc,phases   ] GC(934)   Evacuate Collection Set: 13.5ms
[2025-07-30T16:38:23.156+0800][48.982s][info][gc,phases   ] GC(934)   Post Evacuate Collection Set: 0.6ms
[2025-07-30T16:38:23.156+0800][48.982s][info][gc,phases   ] GC(934)   Other: 0.1ms
[2025-07-30T16:38:23.156+0800][48.982s][info][gc,heap     ] GC(934) Eden regions: 1017->0(1019)
[2025-07-30T16:38:23.157+0800][48.982s][info][gc,heap     ] GC(934) Survivor regions: 146->145(146)
[2025-07-30T16:38:23.157+0800][48.982s][info][gc,heap     ] GC(934) Old regions: 561->561
[2025-07-30T16:38:23.157+0800][48.982s][info][gc,heap     ] GC(934) Humongous regions: 3->3
[2025-07-30T16:38:23.157+0800][48.982s][info][gc,metaspace] GC(934) Metaspace: 7247K(7552K)->7247K(7552K) NonClass: 6522K(6656K)->6522K(6656K) Class: 725K(896K)->725K(896K)
[2025-07-30T16:38:23.157+0800][48.982s][info][gc          ] GC(934) Pause Young (Normal) (G1 Evacuation Pause) 1725M->707M(2048M) 14.727ms
[2025-07-30T16:38:23.157+0800][48.982s][info][gc,cpu      ] GC(934) User=0.02s Sys=0.00s Real=0.02s
[2025-07-30T16:38:23.157+0800][48.982s][info][safepoint   ] Safepoint "G1CollectForAllocation", Time since last: 36915000 ns, Reaching safepoint: 2700 ns, Cleanup: 2700 ns, At safepoint: 14791900 ns, Total: 14797300 ns
[2025-07-30T16:38:23.193+0800][49.019s][info][gc,start    ] GC(935) Pause Young (Normal) (G1 Evacuation Pause)
[2025-07-30T16:38:23.193+0800][49.019s][info][gc,task     ] GC(935) Using 1 workers of 1 for evacuation
[2025-07-30T16:38:23.211+0800][49.036s][info][gc,phases   ] GC(935)   Pre Evacuate Collection Set: 0.4ms
[2025-07-30T16:38:23.211+0800][49.036s][info][gc,phases   ] GC(935)   Merge Heap Roots: 0.1ms
[2025-07-30T16:38:23.211+0800][49.036s][info][gc,phases   ] GC(935)   Evacuate Collection Set: 16.1ms
[2025-07-30T16:38:23.211+0800][49.036s][info][gc,phases   ] GC(935)   Post Evacuate Collection Set: 0.6ms
[2025-07-30T16:38:23.211+0800][49.036s][info][gc,phases   ] GC(935)   Other: 0.1ms
[2025-07-30T16:38:23.211+0800][49.036s][info][gc,heap     ] GC(935) Eden regions: 1019->0(1018)
[2025-07-30T16:38:23.211+0800][49.036s][info][gc,heap     ] GC(935) Survivor regions: 145->146(146)
[2025-07-30T16:38:23.211+0800][49.036s][info][gc,heap     ] GC(935) Old regions: 561->561
[2025-07-30T16:38:23.211+0800][49.036s][info][gc,heap     ] GC(935) Humongous regions: 3->3
[2025-07-30T16:38:23.211+0800][49.036s][info][gc,metaspace] GC(935) Metaspace: 7247K(7552K)->7247K(7552K) NonClass: 6522K(6656K)->6522K(6656K) Class: 725K(896K)->725K(896K)
[2025-07-30T16:38:23.211+0800][49.036s][info][gc          ] GC(935) Pause Young (Normal) (G1 Evacuation Pause) 1726M->708M(2048M) 17.448ms
[2025-07-30T16:38:23.211+0800][49.036s][info][gc,cpu      ] GC(935) User=0.02s Sys=0.00s Real=0.02s
[2025-07-30T16:38:23.211+0800][49.036s][info][safepoint   ] Safepoint "G1CollectForAllocation", Time since last: 36634200 ns, Reaching safepoint: 3100 ns, Cleanup: 3700 ns, At safepoint: 17490500 ns, Total: 17497300 ns
[2025-07-30T16:38:23.248+0800][49.074s][info][gc,start    ] GC(936) Pause Young (Normal) (G1 Evacuation Pause)
[2025-07-30T16:38:23.248+0800][49.074s][info][gc,task     ] GC(936) Using 1 workers of 1 for evacuation
[2025-07-30T16:38:23.264+0800][49.089s][info][gc,phases   ] GC(936)   Pre Evacuate Collection Set: 0.5ms
[2025-07-30T16:38:23.264+0800][49.089s][info][gc,phases   ] GC(936)   Merge Heap Roots: 0.1ms
[2025-07-30T16:38:23.264+0800][49.090s][info][gc,phases   ] GC(936)   Evacuate Collection Set: 14.5ms
[2025-07-30T16:38:23.264+0800][49.090s][info][gc,phases   ] GC(936)   Post Evacuate Collection Set: 0.7ms
[2025-07-30T16:38:23.264+0800][49.090s][info][gc,phases   ] GC(936)   Other: 0.1ms
[2025-07-30T16:38:23.264+0800][49.090s][info][gc,heap     ] GC(936) Eden regions: 1018->0(1018)
[2025-07-30T16:38:23.264+0800][49.090s][info][gc,heap     ] GC(936) Survivor regions: 146->146(146)
[2025-07-30T16:38:23.264+0800][49.090s][info][gc,heap     ] GC(936) Old regions: 561->561
[2025-07-30T16:38:23.264+0800][49.090s][info][gc,heap     ] GC(936) Humongous regions: 3->3
[2025-07-30T16:38:23.264+0800][49.090s][info][gc,metaspace] GC(936) Metaspace: 7247K(7552K)->7247K(7552K) NonClass: 6522K(6656K)->6522K(6656K) Class: 725K(896K)->725K(896K)
[2025-07-30T16:38:23.264+0800][49.090s][info][gc          ] GC(936) Pause Young (Normal) (G1 Evacuation Pause) 1726M->708M(2048M) 16.030ms
[2025-07-30T16:38:23.264+0800][49.090s][info][gc,cpu      ] GC(936) User=0.02s Sys=0.00s Real=0.02s
[2025-07-30T16:38:23.264+0800][49.090s][info][safepoint   ] Safepoint "G1CollectForAllocation", Time since last: 37129000 ns, Reaching safepoint: 4900 ns, Cleanup: 5600 ns, At safepoint: 16077900 ns, Total: 16088400 ns
[2025-07-30T16:38:23.301+0800][49.127s][info][gc,start    ] GC(937) Pause Young (Normal) (G1 Evacuation Pause)
[2025-07-30T16:38:23.301+0800][49.127s][info][gc,task     ] GC(937) Using 1 workers of 1 for evacuation
[2025-07-30T16:38:23.316+0800][49.142s][info][gc,phases   ] GC(937)   Pre Evacuate Collection Set: 0.4ms
[2025-07-30T16:38:23.316+0800][49.142s][info][gc,phases   ] GC(937)   Merge Heap Roots: 0.1ms
[2025-07-30T16:38:23.316+0800][49.142s][info][gc,phases   ] GC(937)   Evacuate Collection Set: 14.0ms
[2025-07-30T16:38:23.316+0800][49.142s][info][gc,phases   ] GC(937)   Post Evacuate Collection Set: 0.7ms
[2025-07-30T16:38:23.316+0800][49.142s][info][gc,phases   ] GC(937)   Other: 0.1ms
[2025-07-30T16:38:23.316+0800][49.142s][info][gc,heap     ] GC(937) Eden regions: 1018->0(1018)
[2025-07-30T16:38:23.316+0800][49.142s][info][gc,heap     ] GC(937) Survivor regions: 146->146(146)
[2025-07-30T16:38:23.316+0800][49.142s][info][gc,heap     ] GC(937) Old regions: 561->561
[2025-07-30T16:38:23.317+0800][49.142s][info][gc,heap     ] GC(937) Humongous regions: 3->3
[2025-07-30T16:38:23.317+0800][49.142s][info][gc,metaspace] GC(937) Metaspace: 7247K(7552K)->7247K(7552K) NonClass: 6522K(6656K)->6522K(6656K) Class: 725K(896K)->725K(896K)
[2025-07-30T16:38:23.317+0800][49.142s][info][gc          ] GC(937) Pause Young (Normal) (G1 Evacuation Pause) 1726M->708M(2048M) 15.532ms
[2025-07-30T16:38:23.317+0800][49.142s][info][gc,cpu      ] GC(937) User=0.02s Sys=0.00s Real=0.02s
[2025-07-30T16:38:23.317+0800][49.142s][info][safepoint   ] Safepoint "G1CollectForAllocation", Time since last: 36862500 ns, Reaching safepoint: 2600 ns, Cleanup: 3600 ns, At safepoint: 15598900 ns, Total: 15605100 ns
[2025-07-30T16:38:23.354+0800][49.179s][info][gc,start    ] GC(938) Pause Young (Normal) (G1 Evacuation Pause)
[2025-07-30T16:38:23.354+0800][49.179s][info][gc,task     ] GC(938) Using 1 workers of 1 for evacuation
[2025-07-30T16:38:23.369+0800][49.194s][info][gc,phases   ] GC(938)   Pre Evacuate Collection Set: 0.3ms
[2025-07-30T16:38:23.369+0800][49.194s][info][gc,phases   ] GC(938)   Merge Heap Roots: 0.0ms
[2025-07-30T16:38:23.369+0800][49.194s][info][gc,phases   ] GC(938)   Evacuate Collection Set: 14.4ms
[2025-07-30T16:38:23.369+0800][49.194s][info][gc,phases   ] GC(938)   Post Evacuate Collection Set: 0.7ms
[2025-07-30T16:38:23.369+0800][49.194s][info][gc,phases   ] GC(938)   Other: 0.1ms
[2025-07-30T16:38:23.369+0800][49.194s][info][gc,heap     ] GC(938) Eden regions: 1018->0(1017)
[2025-07-30T16:38:23.369+0800][49.194s][info][gc,heap     ] GC(938) Survivor regions: 146->146(146)
[2025-07-30T16:38:23.369+0800][49.194s][info][gc,heap     ] GC(938) Old regions: 561->561
[2025-07-30T16:38:23.369+0800][49.194s][info][gc,heap     ] GC(938) Humongous regions: 3->3
[2025-07-30T16:38:23.369+0800][49.194s][info][gc,metaspace] GC(938) Metaspace: 7247K(7552K)->7247K(7552K) NonClass: 6522K(6656K)->6522K(6656K) Class: 725K(896K)->725K(896K)
[2025-07-30T16:38:23.369+0800][49.194s][info][gc          ] GC(938) Pause Young (Normal) (G1 Evacuation Pause) 1726M->709M(2048M) 15.754ms
[2025-07-30T16:38:23.369+0800][49.194s][info][gc,cpu      ] GC(938) User=0.02s Sys=0.00s Real=0.01s
[2025-07-30T16:38:23.369+0800][49.195s][info][safepoint   ] Safepoint "G1CollectForAllocation", Time since last: 36597300 ns, Reaching safepoint: 2200 ns, Cleanup: 3000 ns, At safepoint: 15796800 ns, Total: 15802000 ns
[2025-07-30T16:38:23.406+0800][49.231s][info][gc,start    ] GC(939) Pause Young (Normal) (G1 Evacuation Pause)
[2025-07-30T16:38:23.406+0800][49.231s][info][gc,task     ] GC(939) Using 1 workers of 1 for evacuation
[2025-07-30T16:38:23.423+0800][49.248s][info][gc,phases   ] GC(939)   Pre Evacuate Collection Set: 0.4ms
[2025-07-30T16:38:23.423+0800][49.248s][info][gc,phases   ] GC(939)   Merge Heap Roots: 0.1ms
[2025-07-30T16:38:23.423+0800][49.248s][info][gc,phases   ] GC(939)   Evacuate Collection Set: 15.5ms
[2025-07-30T16:38:23.423+0800][49.248s][info][gc,phases   ] GC(939)   Post Evacuate Collection Set: 0.9ms
[2025-07-30T16:38:23.423+0800][49.249s][info][gc,phases   ] GC(939)   Other: 0.1ms
[2025-07-30T16:38:23.423+0800][49.249s][info][gc,heap     ] GC(939) Eden regions: 1017->0(1019)
[2025-07-30T16:38:23.423+0800][49.249s][info][gc,heap     ] GC(939) Survivor regions: 146->145(146)
[2025-07-30T16:38:23.423+0800][49.249s][info][gc,heap     ] GC(939) Old regions: 561->561
[2025-07-30T16:38:23.423+0800][49.249s][info][gc,heap     ] GC(939) Humongous regions: 3->3
[2025-07-30T16:38:23.423+0800][49.249s][info][gc,metaspace] GC(939) Metaspace: 7247K(7552K)->7247K(7552K) NonClass: 6522K(6656K)->6522K(6656K) Class: 725K(896K)->725K(896K)
[2025-07-30T16:38:23.424+0800][49.249s][info][gc          ] GC(939) Pause Young (Normal) (G1 Evacuation Pause) 1726M->708M(2048M) 17.155ms
[2025-07-30T16:38:23.424+0800][49.249s][info][gc,cpu      ] GC(939) User=0.03s Sys=0.00s Real=0.02s
[2025-07-30T16:38:23.424+0800][49.249s][info][safepoint   ] Safepoint "G1CollectForAllocation", Time since last: 36915400 ns, Reaching safepoint: 3000 ns, Cleanup: 3200 ns, At safepoint: 17205500 ns, Total: 17211700 ns
[2025-07-30T16:38:23.464+0800][49.289s][info][gc,start    ] GC(940) Pause Young (Normal) (G1 Evacuation Pause)
[2025-07-30T16:38:23.464+0800][49.290s][info][gc,task     ] GC(940) Using 1 workers of 1 for evacuation
[2025-07-30T16:38:23.480+0800][49.306s][info][gc,phases   ] GC(940)   Pre Evacuate Collection Set: 0.5ms
[2025-07-30T16:38:23.480+0800][49.306s][info][gc,phases   ] GC(940)   Merge Heap Roots: 0.1ms
[2025-07-30T16:38:23.480+0800][49.306s][info][gc,phases   ] GC(940)   Evacuate Collection Set: 14.8ms
[2025-07-30T16:38:23.480+0800][49.306s][info][gc,phases   ] GC(940)   Post Evacuate Collection Set: 0.7ms
[2025-07-30T16:38:23.480+0800][49.306s][info][gc,phases   ] GC(940)   Other: 0.1ms
[2025-07-30T16:38:23.480+0800][49.306s][info][gc,heap     ] GC(940) Eden regions: 1019->0(1017)
[2025-07-30T16:38:23.480+0800][49.306s][info][gc,heap     ] GC(940) Survivor regions: 145->146(146)
[2025-07-30T16:38:23.480+0800][49.306s][info][gc,heap     ] GC(940) Old regions: 561->561
[2025-07-30T16:38:23.480+0800][49.306s][info][gc,heap     ] GC(940) Humongous regions: 3->3
[2025-07-30T16:38:23.480+0800][49.306s][info][gc,metaspace] GC(940) Metaspace: 7247K(7552K)->7247K(7552K) NonClass: 6522K(6656K)->6522K(6656K) Class: 725K(896K)->725K(896K)
[2025-07-30T16:38:23.480+0800][49.306s][info][gc          ] GC(940) Pause Young (Normal) (G1 Evacuation Pause) 1727M->709M(2048M) 16.405ms
[2025-07-30T16:38:23.480+0800][49.306s][info][gc,cpu      ] GC(940) User=0.02s Sys=0.00s Real=0.02s
[2025-07-30T16:38:23.480+0800][49.306s][info][safepoint   ] Safepoint "G1CollectForAllocation", Time since last: 40812300 ns, Reaching safepoint: 4400 ns, Cleanup: 5200 ns, At safepoint: 16446600 ns, Total: 16456200 ns
[2025-07-30T16:38:23.520+0800][49.345s][info][gc,start    ] GC(941) Pause Young (Normal) (G1 Evacuation Pause)
[2025-07-30T16:38:23.520+0800][49.345s][info][gc,task     ] GC(941) Using 1 workers of 1 for evacuation
[2025-07-30T16:38:23.536+0800][49.361s][info][gc,phases   ] GC(941)   Pre Evacuate Collection Set: 0.5ms
[2025-07-30T16:38:23.536+0800][49.361s][info][gc,phases   ] GC(941)   Merge Heap Roots: 0.1ms
[2025-07-30T16:38:23.536+0800][49.361s][info][gc,phases   ] GC(941)   Evacuate Collection Set: 14.8ms
[2025-07-30T16:38:23.536+0800][49.361s][info][gc,phases   ] GC(941)   Post Evacuate Collection Set: 0.7ms
[2025-07-30T16:38:23.536+0800][49.361s][info][gc,phases   ] GC(941)   Other: 0.1ms
[2025-07-30T16:38:23.536+0800][49.361s][info][gc,heap     ] GC(941) Eden regions: 1017->0(1019)
[2025-07-30T16:38:23.536+0800][49.361s][info][gc,heap     ] GC(941) Survivor regions: 146->145(146)
[2025-07-30T16:38:23.536+0800][49.361s][info][gc,heap     ] GC(941) Old regions: 561->561
[2025-07-30T16:38:23.536+0800][49.361s][info][gc,heap     ] GC(941) Humongous regions: 3->3
[2025-07-30T16:38:23.536+0800][49.361s][info][gc,metaspace] GC(941) Metaspace: 7247K(7552K)->7247K(7552K) NonClass: 6522K(6656K)->6522K(6656K) Class: 725K(896K)->725K(896K)
[2025-07-30T16:38:23.536+0800][49.361s][info][gc          ] GC(941) Pause Young (Normal) (G1 Evacuation Pause) 1726M->708M(2048M) 16.398ms
[2025-07-30T16:38:23.536+0800][49.361s][info][gc,cpu      ] GC(941) User=0.02s Sys=0.00s Real=0.02s
[2025-07-30T16:38:23.536+0800][49.361s][info][safepoint   ] Safepoint "G1CollectForAllocation", Time since last: 39055900 ns, Reaching safepoint: 4100 ns, Cleanup: 4500 ns, At safepoint: 16439200 ns, Total: 16447800 ns
[2025-07-30T16:38:23.577+0800][49.402s][info][gc,start    ] GC(942) Pause Young (Normal) (G1 Evacuation Pause)
[2025-07-30T16:38:23.577+0800][49.402s][info][gc,task     ] GC(942) Using 1 workers of 1 for evacuation
[2025-07-30T16:38:23.593+0800][49.418s][info][gc,phases   ] GC(942)   Pre Evacuate Collection Set: 0.4ms
[2025-07-30T16:38:23.593+0800][49.418s][info][gc,phases   ] GC(942)   Merge Heap Roots: 0.1ms
[2025-07-30T16:38:23.593+0800][49.418s][info][gc,phases   ] GC(942)   Evacuate Collection Set: 14.8ms
[2025-07-30T16:38:23.593+0800][49.418s][info][gc,phases   ] GC(942)   Post Evacuate Collection Set: 0.7ms
[2025-07-30T16:38:23.593+0800][49.418s][info][gc,phases   ] GC(942)   Other: 0.1ms
[2025-07-30T16:38:23.593+0800][49.418s][info][gc,heap     ] GC(942) Eden regions: 1019->0(1017)
[2025-07-30T16:38:23.593+0800][49.418s][info][gc,heap     ] GC(942) Survivor regions: 145->146(146)
[2025-07-30T16:38:23.593+0800][49.418s][info][gc,heap     ] GC(942) Old regions: 561->561
[2025-07-30T16:38:23.593+0800][49.418s][info][gc,heap     ] GC(942) Humongous regions: 3->3
[2025-07-30T16:38:23.593+0800][49.418s][info][gc,metaspace] GC(942) Metaspace: 7247K(7552K)->7247K(7552K) NonClass: 6522K(6656K)->6522K(6656K) Class: 725K(896K)->725K(896K)
[2025-07-30T16:38:23.593+0800][49.418s][info][gc          ] GC(942) Pause Young (Normal) (G1 Evacuation Pause) 1727M->709M(2048M) 16.346ms
[2025-07-30T16:38:23.593+0800][49.418s][info][gc,cpu      ] GC(942) User=0.02s Sys=0.00s Real=0.02s
[2025-07-30T16:38:23.593+0800][49.418s][info][safepoint   ] Safepoint "G1CollectForAllocation", Time since last: 40430500 ns, Reaching safepoint: 3800 ns, Cleanup: 4900 ns, At safepoint: 16387200 ns, Total: 16395900 ns
[2025-07-30T16:38:23.630+0800][49.457s][info][gc,start    ] GC(943) Pause Young (Normal) (G1 Evacuation Pause)
[2025-07-30T16:38:23.630+0800][49.457s][info][gc,task     ] GC(943) Using 1 workers of 1 for evacuation
[2025-07-30T16:38:23.646+0800][49.472s][info][gc,phases   ] GC(943)   Pre Evacuate Collection Set: 0.4ms
[2025-07-30T16:38:23.646+0800][49.472s][info][gc,phases   ] GC(943)   Merge Heap Roots: 0.1ms
[2025-07-30T16:38:23.647+0800][49.472s][info][gc,phases   ] GC(943)   Evacuate Collection Set: 14.4ms
[2025-07-30T16:38:23.647+0800][49.472s][info][gc,phases   ] GC(943)   Post Evacuate Collection Set: 0.7ms
[2025-07-30T16:38:23.647+0800][49.472s][info][gc,phases   ] GC(943)   Other: 0.1ms
[2025-07-30T16:38:23.647+0800][49.472s][info][gc,heap     ] GC(943) Eden regions: 1017->0(1017)
[2025-07-30T16:38:23.647+0800][49.472s][info][gc,heap     ] GC(943) Survivor regions: 146->146(146)
[2025-07-30T16:38:23.647+0800][49.472s][info][gc,heap     ] GC(943) Old regions: 561->561
[2025-07-30T16:38:23.647+0800][49.472s][info][gc,heap     ] GC(943) Humongous regions: 3->3
[2025-07-30T16:38:23.647+0800][49.472s][info][gc,metaspace] GC(943) Metaspace: 7247K(7552K)->7247K(7552K) NonClass: 6522K(6656K)->6522K(6656K) Class: 725K(896K)->725K(896K)
[2025-07-30T16:38:23.647+0800][49.472s][info][gc          ] GC(943) Pause Young (Normal) (G1 Evacuation Pause) 1726M->708M(2048M) 15.812ms
[2025-07-30T16:38:23.647+0800][49.472s][info][gc,cpu      ] GC(943) User=0.02s Sys=0.00s Real=0.02s
[2025-07-30T16:38:23.647+0800][49.472s][info][safepoint   ] Safepoint "G1CollectForAllocation", Time since last: 38302700 ns, Reaching safepoint: 3000 ns, Cleanup: 3100 ns, At safepoint: 15855200 ns, Total: 15861300 ns
[2025-07-30T16:38:23.688+0800][49.514s][info][gc,start    ] GC(944) Pause Young (Normal) (G1 Evacuation Pause)
[2025-07-30T16:38:23.688+0800][49.514s][info][gc,task     ] GC(944) Using 1 workers of 1 for evacuation
[2025-07-30T16:38:23.706+0800][49.532s][info][gc,phases   ] GC(944)   Pre Evacuate Collection Set: 0.5ms
[2025-07-30T16:38:23.706+0800][49.532s][info][gc,phases   ] GC(944)   Merge Heap Roots: 0.1ms
[2025-07-30T16:38:23.706+0800][49.532s][info][gc,phases   ] GC(944)   Evacuate Collection Set: 16.2ms
[2025-07-30T16:38:23.706+0800][49.532s][info][gc,phases   ] GC(944)   Post Evacuate Collection Set: 0.8ms
[2025-07-30T16:38:23.706+0800][49.532s][info][gc,phases   ] GC(944)   Other: 0.1ms
[2025-07-30T16:38:23.706+0800][49.532s][info][gc,heap     ] GC(944) Eden regions: 1017->0(1019)
[2025-07-30T16:38:23.706+0800][49.532s][info][gc,heap     ] GC(944) Survivor regions: 146->145(146)
[2025-07-30T16:38:23.706+0800][49.532s][info][gc,heap     ] GC(944) Old regions: 561->561
[2025-07-30T16:38:23.706+0800][49.532s][info][gc,heap     ] GC(944) Humongous regions: 3->3
[2025-07-30T16:38:23.706+0800][49.532s][info][gc,metaspace] GC(944) Metaspace: 7247K(7552K)->7247K(7552K) NonClass: 6522K(6656K)->6522K(6656K) Class: 725K(896K)->725K(896K)
[2025-07-30T16:38:23.707+0800][49.532s][info][gc          ] GC(944) Pause Young (Normal) (G1 Evacuation Pause) 1725M->707M(2048M) 17.910ms
[2025-07-30T16:38:23.707+0800][49.532s][info][gc,cpu      ] GC(944) User=0.02s Sys=0.00s Real=0.02s
[2025-07-30T16:38:23.707+0800][49.532s][info][safepoint   ] Safepoint "G1CollectForAllocation", Time since last: 41516300 ns, Reaching safepoint: 5100 ns, Cleanup: 5600 ns, At safepoint: 17951500 ns, Total: 17962200 ns
[2025-07-30T16:38:23.747+0800][49.572s][info][gc,start    ] GC(945) Pause Young (Normal) (G1 Evacuation Pause)
[2025-07-30T16:38:23.747+0800][49.572s][info][gc,task     ] GC(945) Using 1 workers of 1 for evacuation
[2025-07-30T16:38:23.766+0800][49.591s][info][gc,phases   ] GC(945)   Pre Evacuate Collection Set: 0.6ms
[2025-07-30T16:38:23.766+0800][49.591s][info][gc,phases   ] GC(945)   Merge Heap Roots: 0.1ms
[2025-07-30T16:38:23.766+0800][49.591s][info][gc,phases   ] GC(945)   Evacuate Collection Set: 17.0ms
[2025-07-30T16:38:23.766+0800][49.591s][info][gc,phases   ] GC(945)   Post Evacuate Collection Set: 0.8ms
[2025-07-30T16:38:23.766+0800][49.591s][info][gc,phases   ] GC(945)   Other: 0.1ms
[2025-07-30T16:38:23.766+0800][49.591s][info][gc,heap     ] GC(945) Eden regions: 1019->0(1018)
[2025-07-30T16:38:23.766+0800][49.591s][info][gc,heap     ] GC(945) Survivor regions: 145->146(146)
[2025-07-30T16:38:23.766+0800][49.591s][info][gc,heap     ] GC(945) Old regions: 561->561
[2025-07-30T16:38:23.766+0800][49.591s][info][gc,heap     ] GC(945) Humongous regions: 3->3
[2025-07-30T16:38:23.766+0800][49.591s][info][gc,metaspace] GC(945) Metaspace: 7247K(7552K)->7247K(7552K) NonClass: 6522K(6656K)->6522K(6656K) Class: 725K(896K)->725K(896K)
[2025-07-30T16:38:23.766+0800][49.591s][info][gc          ] GC(945) Pause Young (Normal) (G1 Evacuation Pause) 1726M->708M(2048M) 18.903ms
[2025-07-30T16:38:23.766+0800][49.591s][info][gc,cpu      ] GC(945) User=0.05s Sys=0.00s Real=0.02s
[2025-07-30T16:38:23.766+0800][49.591s][info][safepoint   ] Safepoint "G1CollectForAllocation", Time since last: 40471200 ns, Reaching safepoint: 3500 ns, Cleanup: 4200 ns, At safepoint: 18953600 ns, Total: 18961300 ns
[2025-07-30T16:38:23.808+0800][49.634s][info][gc,start    ] GC(946) Pause Young (Normal) (G1 Evacuation Pause)
[2025-07-30T16:38:23.808+0800][49.634s][info][gc,task     ] GC(946) Using 1 workers of 1 for evacuation
[2025-07-30T16:38:23.828+0800][49.653s][info][gc,phases   ] GC(946)   Pre Evacuate Collection Set: 0.6ms
[2025-07-30T16:38:23.828+0800][49.653s][info][gc,phases   ] GC(946)   Merge Heap Roots: 0.1ms
[2025-07-30T16:38:23.828+0800][49.653s][info][gc,phases   ] GC(946)   Evacuate Collection Set: 17.1ms
[2025-07-30T16:38:23.828+0800][49.653s][info][gc,phases   ] GC(946)   Post Evacuate Collection Set: 0.7ms
[2025-07-30T16:38:23.828+0800][49.653s][info][gc,phases   ] GC(946)   Other: 0.1ms
[2025-07-30T16:38:23.828+0800][49.653s][info][gc,heap     ] GC(946) Eden regions: 1018->0(1018)
[2025-07-30T16:38:23.828+0800][49.653s][info][gc,heap     ] GC(946) Survivor regions: 146->146(146)
[2025-07-30T16:38:23.828+0800][49.653s][info][gc,heap     ] GC(946) Old regions: 561->561
[2025-07-30T16:38:23.828+0800][49.653s][info][gc,heap     ] GC(946) Humongous regions: 3->3
[2025-07-30T16:38:23.828+0800][49.653s][info][gc,metaspace] GC(946) Metaspace: 7247K(7552K)->7247K(7552K) NonClass: 6522K(6656K)->6522K(6656K) Class: 725K(896K)->725K(896K)
[2025-07-30T16:38:23.828+0800][49.653s][info][gc          ] GC(946) Pause Young (Normal) (G1 Evacuation Pause) 1726M->708M(2048M) 18.770ms
[2025-07-30T16:38:23.828+0800][49.653s][info][gc,cpu      ] GC(946) User=0.02s Sys=0.00s Real=0.02s
[2025-07-30T16:38:23.828+0800][49.653s][info][safepoint   ] Safepoint "G1CollectForAllocation", Time since last: 42573500 ns, Reaching safepoint: 5500 ns, Cleanup: 6000 ns, At safepoint: 18816800 ns, Total: 18828300 ns
[2025-07-30T16:38:23.866+0800][49.692s][info][gc,start    ] GC(947) Pause Young (Normal) (G1 Evacuation Pause)
[2025-07-30T16:38:23.866+0800][49.692s][info][gc,task     ] GC(947) Using 1 workers of 1 for evacuation
[2025-07-30T16:38:23.883+0800][49.708s][info][gc,phases   ] GC(947)   Pre Evacuate Collection Set: 0.4ms
[2025-07-30T16:38:23.883+0800][49.708s][info][gc,phases   ] GC(947)   Merge Heap Roots: 0.1ms
[2025-07-30T16:38:23.883+0800][49.708s][info][gc,phases   ] GC(947)   Evacuate Collection Set: 15.2ms
[2025-07-30T16:38:23.883+0800][49.708s][info][gc,phases   ] GC(947)   Post Evacuate Collection Set: 0.8ms
[2025-07-30T16:38:23.883+0800][49.708s][info][gc,phases   ] GC(947)   Other: 0.1ms
[2025-07-30T16:38:23.883+0800][49.708s][info][gc,heap     ] GC(947) Eden regions: 1018->0(1017)
[2025-07-30T16:38:23.883+0800][49.708s][info][gc,heap     ] GC(947) Survivor regions: 146->146(146)
[2025-07-30T16:38:23.883+0800][49.708s][info][gc,heap     ] GC(947) Old regions: 561->561
[2025-07-30T16:38:23.883+0800][49.708s][info][gc,heap     ] GC(947) Humongous regions: 3->3
[2025-07-30T16:38:23.883+0800][49.708s][info][gc,metaspace] GC(947) Metaspace: 7247K(7552K)->7247K(7552K) NonClass: 6522K(6656K)->6522K(6656K) Class: 725K(896K)->725K(896K)
[2025-07-30T16:38:23.883+0800][49.708s][info][gc          ] GC(947) Pause Young (Normal) (G1 Evacuation Pause) 1726M->709M(2048M) 16.801ms
[2025-07-30T16:38:23.883+0800][49.708s][info][gc,cpu      ] GC(947) User=0.02s Sys=0.00s Real=0.02s
[2025-07-30T16:38:23.883+0800][49.709s][info][safepoint   ] Safepoint "G1CollectForAllocation", Time since last: 38957700 ns, Reaching safepoint: 3600 ns, Cleanup: 4700 ns, At safepoint: 16842100 ns, Total: 16850400 ns
[2025-07-30T16:38:23.926+0800][49.751s][info][gc,start    ] GC(948) Pause Young (Normal) (G1 Evacuation Pause)
[2025-07-30T16:38:23.926+0800][49.751s][info][gc,task     ] GC(948) Using 1 workers of 1 for evacuation
[2025-07-30T16:38:23.942+0800][49.768s][info][gc,phases   ] GC(948)   Pre Evacuate Collection Set: 0.5ms
[2025-07-30T16:38:23.943+0800][49.768s][info][gc,phases   ] GC(948)   Merge Heap Roots: 0.1ms
[2025-07-30T16:38:23.943+0800][49.768s][info][gc,phases   ] GC(948)   Evacuate Collection Set: 15.0ms
[2025-07-30T16:38:23.943+0800][49.768s][info][gc,phases   ] GC(948)   Post Evacuate Collection Set: 0.8ms
[2025-07-30T16:38:23.943+0800][49.768s][info][gc,phases   ] GC(948)   Other: 0.1ms
[2025-07-30T16:38:23.943+0800][49.768s][info][gc,heap     ] GC(948) Eden regions: 1017->0(1019)
[2025-07-30T16:38:23.943+0800][49.768s][info][gc,heap     ] GC(948) Survivor regions: 146->145(146)
[2025-07-30T16:38:23.943+0800][49.768s][info][gc,heap     ] GC(948) Old regions: 561->561
[2025-07-30T16:38:23.943+0800][49.768s][info][gc,heap     ] GC(948) Humongous regions: 3->3
[2025-07-30T16:38:23.943+0800][49.768s][info][gc,metaspace] GC(948) Metaspace: 7247K(7552K)->7247K(7552K) NonClass: 6522K(6656K)->6522K(6656K) Class: 725K(896K)->725K(896K)
[2025-07-30T16:38:23.943+0800][49.768s][info][gc          ] GC(948) Pause Young (Normal) (G1 Evacuation Pause) 1726M->708M(2048M) 16.729ms
[2025-07-30T16:38:23.943+0800][49.768s][info][gc,cpu      ] GC(948) User=0.02s Sys=0.00s Real=0.02s
[2025-07-30T16:38:23.943+0800][49.768s][info][safepoint   ] Safepoint "G1CollectForAllocation", Time since last: 42748700 ns, Reaching safepoint: 4300 ns, Cleanup: 5800 ns, At safepoint: 16771700 ns, Total: 16781800 ns
[2025-07-30T16:38:23.983+0800][49.809s][info][gc,start    ] GC(949) Pause Young (Normal) (G1 Evacuation Pause)
[2025-07-30T16:38:23.983+0800][49.809s][info][gc,task     ] GC(949) Using 1 workers of 1 for evacuation
[2025-07-30T16:38:23.999+0800][49.825s][info][gc,phases   ] GC(949)   Pre Evacuate Collection Set: 0.5ms
[2025-07-30T16:38:23.999+0800][49.825s][info][gc,phases   ] GC(949)   Merge Heap Roots: 0.1ms
[2025-07-30T16:38:23.999+0800][49.825s][info][gc,phases   ] GC(949)   Evacuate Collection Set: 14.8ms
[2025-07-30T16:38:23.999+0800][49.825s][info][gc,phases   ] GC(949)   Post Evacuate Collection Set: 0.7ms
[2025-07-30T16:38:23.999+0800][49.825s][info][gc,phases   ] GC(949)   Other: 0.1ms
[2025-07-30T16:38:23.999+0800][49.825s][info][gc,heap     ] GC(949) Eden regions: 1019->0(1017)
[2025-07-30T16:38:23.999+0800][49.825s][info][gc,heap     ] GC(949) Survivor regions: 145->146(146)
[2025-07-30T16:38:23.999+0800][49.825s][info][gc,heap     ] GC(949) Old regions: 561->561
[2025-07-30T16:38:23.999+0800][49.825s][info][gc,heap     ] GC(949) Humongous regions: 3->3
[2025-07-30T16:38:23.999+0800][49.825s][info][gc,metaspace] GC(949) Metaspace: 7247K(7552K)->7247K(7552K) NonClass: 6522K(6656K)->6522K(6656K) Class: 725K(896K)->725K(896K)
[2025-07-30T16:38:23.999+0800][49.825s][info][gc          ] GC(949) Pause Young (Normal) (G1 Evacuation Pause) 1727M->709M(2048M) 16.353ms
[2025-07-30T16:38:23.999+0800][49.825s][info][gc,cpu      ] GC(949) User=0.02s Sys=0.00s Real=0.02s
[2025-07-30T16:38:23.999+0800][49.825s][info][safepoint   ] Safepoint "G1CollectForAllocation", Time since last: 40689500 ns, Reaching safepoint: 4600 ns, Cleanup: 5100 ns, At safepoint: 16394100 ns, Total: 16403800 ns
[2025-07-30T16:38:24.039+0800][49.865s][info][gc,start    ] GC(950) Pause Young (Normal) (G1 Evacuation Pause)
[2025-07-30T16:38:24.039+0800][49.865s][info][gc,task     ] GC(950) Using 1 workers of 1 for evacuation
[2025-07-30T16:38:24.056+0800][49.882s][info][gc,phases   ] GC(950)   Pre Evacuate Collection Set: 0.6ms
[2025-07-30T16:38:24.056+0800][49.882s][info][gc,phases   ] GC(950)   Merge Heap Roots: 0.1ms
[2025-07-30T16:38:24.056+0800][49.882s][info][gc,phases   ] GC(950)   Evacuate Collection Set: 15.4ms
[2025-07-30T16:38:24.056+0800][49.882s][info][gc,phases   ] GC(950)   Post Evacuate Collection Set: 0.7ms
[2025-07-30T16:38:24.056+0800][49.882s][info][gc,phases   ] GC(950)   Other: 0.1ms
[2025-07-30T16:38:24.056+0800][49.882s][info][gc,heap     ] GC(950) Eden regions: 1017->0(1019)
[2025-07-30T16:38:24.056+0800][49.882s][info][gc,heap     ] GC(950) Survivor regions: 146->145(146)
[2025-07-30T16:38:24.056+0800][49.882s][info][gc,heap     ] GC(950) Old regions: 561->561
[2025-07-30T16:38:24.056+0800][49.882s][info][gc,heap     ] GC(950) Humongous regions: 3->3
[2025-07-30T16:38:24.056+0800][49.882s][info][gc,metaspace] GC(950) Metaspace: 7247K(7552K)->7247K(7552K) NonClass: 6522K(6656K)->6522K(6656K) Class: 725K(896K)->725K(896K)
[2025-07-30T16:38:24.056+0800][49.882s][info][gc          ] GC(950) Pause Young (Normal) (G1 Evacuation Pause) 1726M->708M(2048M) 17.112ms
[2025-07-30T16:38:24.056+0800][49.882s][info][gc,cpu      ] GC(950) User=0.02s Sys=0.00s Real=0.02s
[2025-07-30T16:38:24.056+0800][49.882s][info][safepoint   ] Safepoint "G1CollectForAllocation", Time since last: 39871100 ns, Reaching safepoint: 5100 ns, Cleanup: 6100 ns, At safepoint: 17153800 ns, Total: 17165000 ns
[2025-07-30T16:38:24.099+0800][49.925s][info][gc,start    ] GC(951) Pause Young (Normal) (G1 Evacuation Pause)
[2025-07-30T16:38:24.099+0800][49.925s][info][gc,task     ] GC(951) Using 1 workers of 1 for evacuation
[2025-07-30T16:38:24.116+0800][49.941s][info][gc,phases   ] GC(951)   Pre Evacuate Collection Set: 0.5ms
[2025-07-30T16:38:24.116+0800][49.941s][info][gc,phases   ] GC(951)   Merge Heap Roots: 0.1ms
[2025-07-30T16:38:24.116+0800][49.941s][info][gc,phases   ] GC(951)   Evacuate Collection Set: 14.4ms
[2025-07-30T16:38:24.116+0800][49.941s][info][gc,phases   ] GC(951)   Post Evacuate Collection Set: 0.7ms
[2025-07-30T16:38:24.116+0800][49.941s][info][gc,phases   ] GC(951)   Other: 0.1ms
[2025-07-30T16:38:24.116+0800][49.941s][info][gc,heap     ] GC(951) Eden regions: 1019->0(1017)
[2025-07-30T16:38:24.116+0800][49.941s][info][gc,heap     ] GC(951) Survivor regions: 145->146(146)
[2025-07-30T16:38:24.116+0800][49.941s][info][gc,heap     ] GC(951) Old regions: 561->561
[2025-07-30T16:38:24.116+0800][49.941s][info][gc,heap     ] GC(951) Humongous regions: 3->3
[2025-07-30T16:38:24.116+0800][49.941s][info][gc,metaspace] GC(951) Metaspace: 7247K(7552K)->7247K(7552K) NonClass: 6522K(6656K)->6522K(6656K) Class: 725K(896K)->725K(896K)
[2025-07-30T16:38:24.116+0800][49.941s][info][gc          ] GC(951) Pause Young (Normal) (G1 Evacuation Pause) 1727M->709M(2048M) 15.972ms
[2025-07-30T16:38:24.116+0800][49.941s][info][gc,cpu      ] GC(951) User=0.02s Sys=0.00s Real=0.02s
[2025-07-30T16:38:24.116+0800][49.941s][info][safepoint   ] Safepoint "G1CollectForAllocation", Time since last: 42863500 ns, Reaching safepoint: 4200 ns, Cleanup: 4900 ns, At safepoint: 16011600 ns, Total: 16020700 ns
[2025-07-30T16:38:24.155+0800][49.980s][info][gc,start    ] GC(952) Pause Young (Normal) (G1 Evacuation Pause)
[2025-07-30T16:38:24.155+0800][49.980s][info][gc,task     ] GC(952) Using 1 workers of 1 for evacuation
[2025-07-30T16:38:24.171+0800][49.996s][info][gc,phases   ] GC(952)   Pre Evacuate Collection Set: 0.4ms
[2025-07-30T16:38:24.171+0800][49.996s][info][gc,phases   ] GC(952)   Merge Heap Roots: 0.1ms
[2025-07-30T16:38:24.171+0800][49.996s][info][gc,phases   ] GC(952)   Evacuate Collection Set: 14.6ms
[2025-07-30T16:38:24.171+0800][49.996s][info][gc,phases   ] GC(952)   Post Evacuate Collection Set: 0.7ms
[2025-07-30T16:38:24.171+0800][49.996s][info][gc,phases   ] GC(952)   Other: 0.1ms
[2025-07-30T16:38:24.171+0800][49.996s][info][gc,heap     ] GC(952) Eden regions: 1017->0(1017)
[2025-07-30T16:38:24.171+0800][49.996s][info][gc,heap     ] GC(952) Survivor regions: 146->146(146)
[2025-07-30T16:38:24.171+0800][49.996s][info][gc,heap     ] GC(952) Old regions: 561->561
[2025-07-30T16:38:24.171+0800][49.996s][info][gc,heap     ] GC(952) Humongous regions: 3->3
[2025-07-30T16:38:24.171+0800][49.996s][info][gc,metaspace] GC(952) Metaspace: 7247K(7552K)->7247K(7552K) NonClass: 6522K(6656K)->6522K(6656K) Class: 725K(896K)->725K(896K)
[2025-07-30T16:38:24.171+0800][49.996s][info][gc          ] GC(952) Pause Young (Normal) (G1 Evacuation Pause) 1726M->708M(2048M) 16.111ms
[2025-07-30T16:38:24.171+0800][49.996s][info][gc,cpu      ] GC(952) User=0.02s Sys=0.00s Real=0.02s
[2025-07-30T16:38:24.171+0800][49.996s][info][safepoint   ] Safepoint "G1CollectForAllocation", Time since last: 38662800 ns, Reaching safepoint: 3700 ns, Cleanup: 3400 ns, At safepoint: 16193600 ns, Total: 16200700 ns
[2025-07-30T16:38:24.210+0800][50.035s][info][gc,start    ] GC(953) Pause Young (Normal) (G1 Evacuation Pause)
[2025-07-30T16:38:24.210+0800][50.035s][info][gc,task     ] GC(953) Using 1 workers of 1 for evacuation
[2025-07-30T16:38:24.226+0800][50.051s][info][gc,phases   ] GC(953)   Pre Evacuate Collection Set: 0.4ms
[2025-07-30T16:38:24.226+0800][50.051s][info][gc,phases   ] GC(953)   Merge Heap Roots: 0.1ms
[2025-07-30T16:38:24.226+0800][50.051s][info][gc,phases   ] GC(953)   Evacuate Collection Set: 14.3ms
[2025-07-30T16:38:24.226+0800][50.051s][info][gc,phases   ] GC(953)   Post Evacuate Collection Set: 0.7ms
[2025-07-30T16:38:24.226+0800][50.051s][info][gc,phases   ] GC(953)   Other: 0.1ms
[2025-07-30T16:38:24.226+0800][50.051s][info][gc,heap     ] GC(953) Eden regions: 1017->0(1019)
[2025-07-30T16:38:24.226+0800][50.051s][info][gc,heap     ] GC(953) Survivor regions: 146->145(146)
[2025-07-30T16:38:24.226+0800][50.051s][info][gc,heap     ] GC(953) Old regions: 561->561
[2025-07-30T16:38:24.226+0800][50.051s][info][gc,heap     ] GC(953) Humongous regions: 3->3
[2025-07-30T16:38:24.226+0800][50.051s][info][gc,metaspace] GC(953) Metaspace: 7247K(7552K)->7247K(7552K) NonClass: 6522K(6656K)->6522K(6656K) Class: 725K(896K)->725K(896K)
[2025-07-30T16:38:24.226+0800][50.051s][info][gc          ] GC(953) Pause Young (Normal) (G1 Evacuation Pause) 1725M->707M(2048M) 15.747ms
[2025-07-30T16:38:24.226+0800][50.051s][info][gc,cpu      ] GC(953) User=0.02s Sys=0.00s Real=0.02s
[2025-07-30T16:38:24.226+0800][50.051s][info][safepoint   ] Safepoint "G1CollectForAllocation", Time since last: 39009400 ns, Reaching safepoint: 2700 ns, Cleanup: 3400 ns, At safepoint: 15787500 ns, Total: 15793600 ns
[2025-07-30T16:38:24.263+0800][50.088s][info][gc,start    ] GC(954) Pause Young (Normal) (G1 Evacuation Pause)
[2025-07-30T16:38:24.263+0800][50.088s][info][gc,task     ] GC(954) Using 1 workers of 1 for evacuation
[2025-07-30T16:38:24.279+0800][50.105s][info][gc,phases   ] GC(954)   Pre Evacuate Collection Set: 0.4ms
[2025-07-30T16:38:24.279+0800][50.105s][info][gc,phases   ] GC(954)   Merge Heap Roots: 0.1ms
[2025-07-30T16:38:24.279+0800][50.105s][info][gc,phases   ] GC(954)   Evacuate Collection Set: 15.5ms
[2025-07-30T16:38:24.279+0800][50.105s][info][gc,phases   ] GC(954)   Post Evacuate Collection Set: 0.7ms
[2025-07-30T16:38:24.279+0800][50.105s][info][gc,phases   ] GC(954)   Other: 0.1ms
[2025-07-30T16:38:24.279+0800][50.105s][info][gc,heap     ] GC(954) Eden regions: 1019->0(1018)
[2025-07-30T16:38:24.279+0800][50.105s][info][gc,heap     ] GC(954) Survivor regions: 145->146(146)
[2025-07-30T16:38:24.279+0800][50.105s][info][gc,heap     ] GC(954) Old regions: 561->561
[2025-07-30T16:38:24.279+0800][50.105s][info][gc,heap     ] GC(954) Humongous regions: 3->3
[2025-07-30T16:38:24.279+0800][50.105s][info][gc,metaspace] GC(954) Metaspace: 7247K(7552K)->7247K(7552K) NonClass: 6522K(6656K)->6522K(6656K) Class: 725K(896K)->725K(896K)
[2025-07-30T16:38:24.280+0800][50.105s][info][gc          ] GC(954) Pause Young (Normal) (G1 Evacuation Pause) 1726M->708M(2048M) 16.984ms
[2025-07-30T16:38:24.280+0800][50.105s][info][gc,cpu      ] GC(954) User=0.02s Sys=0.00s Real=0.02s
[2025-07-30T16:38:24.280+0800][50.105s][info][safepoint   ] Safepoint "G1CollectForAllocation", Time since last: 37300800 ns, Reaching safepoint: 3000 ns, Cleanup: 3400 ns, At safepoint: 17025900 ns, Total: 17032300 ns
[2025-07-30T16:38:24.317+0800][50.143s][info][gc,start    ] GC(955) Pause Young (Normal) (G1 Evacuation Pause)
[2025-07-30T16:38:24.317+0800][50.143s][info][gc,task     ] GC(955) Using 1 workers of 1 for evacuation
[2025-07-30T16:38:24.334+0800][50.160s][info][gc,phases   ] GC(955)   Pre Evacuate Collection Set: 0.5ms
[2025-07-30T16:38:24.336+0800][50.162s][info][gc,phases   ] GC(955)   Merge Heap Roots: 0.1ms
[2025-07-30T16:38:24.336+0800][50.162s][info][gc,phases   ] GC(955)   Evacuate Collection Set: 15.3ms
[2025-07-30T16:38:24.336+0800][50.162s][info][gc,phases   ] GC(955)   Post Evacuate Collection Set: 0.7ms
[2025-07-30T16:38:24.336+0800][50.162s][info][gc,phases   ] GC(955)   Other: 0.1ms
[2025-07-30T16:38:24.336+0800][50.162s][info][gc,heap     ] GC(955) Eden regions: 1018->0(1018)
[2025-07-30T16:38:24.336+0800][50.162s][info][gc,heap     ] GC(955) Survivor regions: 146->146(146)
[2025-07-30T16:38:24.336+0800][50.162s][info][gc,heap     ] GC(955) Old regions: 561->561
[2025-07-30T16:38:24.336+0800][50.162s][info][gc,heap     ] GC(955) Humongous regions: 3->3
[2025-07-30T16:38:24.336+0800][50.162s][info][gc,metaspace] GC(955) Metaspace: 7247K(7552K)->7247K(7552K) NonClass: 6522K(6656K)->6522K(6656K) Class: 725K(896K)->725K(896K)
[2025-07-30T16:38:24.336+0800][50.162s][info][gc          ] GC(955) Pause Young (Normal) (G1 Evacuation Pause) 1726M->708M(2048M) 18.627ms
[2025-07-30T16:38:24.336+0800][50.162s][info][gc,cpu      ] GC(955) User=0.02s Sys=0.00s Real=0.02s
[2025-07-30T16:38:24.336+0800][50.162s][info][safepoint   ] Safepoint "G1CollectForAllocation", Time since last: 38257800 ns, Reaching safepoint: 4100 ns, Cleanup: 5100 ns, At safepoint: 18671300 ns, Total: 18680500 ns
[2025-07-30T16:38:24.376+0800][50.202s][info][gc,start    ] GC(956) Pause Young (Normal) (G1 Evacuation Pause)
[2025-07-30T16:38:24.376+0800][50.202s][info][gc,task     ] GC(956) Using 1 workers of 1 for evacuation
[2025-07-30T16:38:24.393+0800][50.218s][info][gc,phases   ] GC(956)   Pre Evacuate Collection Set: 0.4ms
[2025-07-30T16:38:24.393+0800][50.218s][info][gc,phases   ] GC(956)   Merge Heap Roots: 0.1ms
[2025-07-30T16:38:24.393+0800][50.218s][info][gc,phases   ] GC(956)   Evacuate Collection Set: 15.1ms
[2025-07-30T16:38:24.393+0800][50.218s][info][gc,phases   ] GC(956)   Post Evacuate Collection Set: 0.8ms
[2025-07-30T16:38:24.393+0800][50.218s][info][gc,phases   ] GC(956)   Other: 0.1ms
[2025-07-30T16:38:24.393+0800][50.218s][info][gc,heap     ] GC(956) Eden regions: 1018->0(1018)
[2025-07-30T16:38:24.393+0800][50.218s][info][gc,heap     ] GC(956) Survivor regions: 146->146(146)
[2025-07-30T16:38:24.393+0800][50.218s][info][gc,heap     ] GC(956) Old regions: 561->561
[2025-07-30T16:38:24.393+0800][50.218s][info][gc,heap     ] GC(956) Humongous regions: 3->3
[2025-07-30T16:38:24.393+0800][50.218s][info][gc,metaspace] GC(956) Metaspace: 7247K(7552K)->7247K(7552K) NonClass: 6522K(6656K)->6522K(6656K) Class: 725K(896K)->725K(896K)
[2025-07-30T16:38:24.393+0800][50.219s][info][gc          ] GC(956) Pause Young (Normal) (G1 Evacuation Pause) 1726M->708M(2048M) 16.681ms
[2025-07-30T16:38:24.393+0800][50.219s][info][gc,cpu      ] GC(956) User=0.02s Sys=0.00s Real=0.02s
[2025-07-30T16:38:24.393+0800][50.219s][info][safepoint   ] Safepoint "G1CollectForAllocation", Time since last: 39803300 ns, Reaching safepoint: 4400 ns, Cleanup: 5000 ns, At safepoint: 16724600 ns, Total: 16734000 ns
[2025-07-30T16:38:24.431+0800][50.256s][info][gc,start    ] GC(957) Pause Young (Normal) (G1 Evacuation Pause)
[2025-07-30T16:38:24.431+0800][50.256s][info][gc,task     ] GC(957) Using 1 workers of 1 for evacuation
[2025-07-30T16:38:24.447+0800][50.272s][info][gc,phases   ] GC(957)   Pre Evacuate Collection Set: 0.5ms
[2025-07-30T16:38:24.447+0800][50.272s][info][gc,phases   ] GC(957)   Merge Heap Roots: 0.1ms
[2025-07-30T16:38:24.447+0800][50.272s][info][gc,phases   ] GC(957)   Evacuate Collection Set: 14.6ms
[2025-07-30T16:38:24.447+0800][50.272s][info][gc,phases   ] GC(957)   Post Evacuate Collection Set: 0.7ms
[2025-07-30T16:38:24.447+0800][50.272s][info][gc,phases   ] GC(957)   Other: 0.1ms
[2025-07-30T16:38:24.447+0800][50.272s][info][gc,heap     ] GC(957) Eden regions: 1018->0(1017)
[2025-07-30T16:38:24.447+0800][50.272s][info][gc,heap     ] GC(957) Survivor regions: 146->146(146)
[2025-07-30T16:38:24.447+0800][50.272s][info][gc,heap     ] GC(957) Old regions: 561->561
[2025-07-30T16:38:24.447+0800][50.272s][info][gc,heap     ] GC(957) Humongous regions: 3->3
[2025-07-30T16:38:24.447+0800][50.272s][info][gc,metaspace] GC(957) Metaspace: 7247K(7552K)->7247K(7552K) NonClass: 6522K(6656K)->6522K(6656K) Class: 725K(896K)->725K(896K)
[2025-07-30T16:38:24.447+0800][50.272s][info][gc          ] GC(957) Pause Young (Normal) (G1 Evacuation Pause) 1726M->709M(2048M) 16.187ms
[2025-07-30T16:38:24.447+0800][50.272s][info][gc,cpu      ] GC(957) User=0.02s Sys=0.00s Real=0.02s
[2025-07-30T16:38:24.447+0800][50.272s][info][safepoint   ] Safepoint "G1CollectForAllocation", Time since last: 37676600 ns, Reaching safepoint: 4500 ns, Cleanup: 5400 ns, At safepoint: 16228700 ns, Total: 16238600 ns
[2025-07-30T16:38:24.487+0800][50.312s][info][gc,start    ] GC(958) Pause Young (Normal) (G1 Evacuation Pause)
[2025-07-30T16:38:24.487+0800][50.312s][info][gc,task     ] GC(958) Using 1 workers of 1 for evacuation
[2025-07-30T16:38:24.503+0800][50.328s][info][gc,phases   ] GC(958)   Pre Evacuate Collection Set: 0.4ms
[2025-07-30T16:38:24.503+0800][50.328s][info][gc,phases   ] GC(958)   Merge Heap Roots: 0.1ms
[2025-07-30T16:38:24.503+0800][50.328s][info][gc,phases   ] GC(958)   Evacuate Collection Set: 14.8ms
[2025-07-30T16:38:24.503+0800][50.328s][info][gc,phases   ] GC(958)   Post Evacuate Collection Set: 0.7ms
[2025-07-30T16:38:24.503+0800][50.328s][info][gc,phases   ] GC(958)   Other: 0.1ms
[2025-07-30T16:38:24.503+0800][50.328s][info][gc,heap     ] GC(958) Eden regions: 1017->0(1019)
[2025-07-30T16:38:24.503+0800][50.328s][info][gc,heap     ] GC(958) Survivor regions: 146->145(146)
[2025-07-30T16:38:24.503+0800][50.328s][info][gc,heap     ] GC(958) Old regions: 561->561
[2025-07-30T16:38:24.503+0800][50.328s][info][gc,heap     ] GC(958) Humongous regions: 3->3
[2025-07-30T16:38:24.503+0800][50.328s][info][gc,metaspace] GC(958) Metaspace: 7247K(7552K)->7247K(7552K) NonClass: 6522K(6656K)->6522K(6656K) Class: 725K(896K)->725K(896K)
[2025-07-30T16:38:24.503+0800][50.328s][info][gc          ] GC(958) Pause Young (Normal) (G1 Evacuation Pause) 1726M->708M(2048M) 16.239ms
[2025-07-30T16:38:24.503+0800][50.329s][info][gc,cpu      ] GC(958) User=0.02s Sys=0.00s Real=0.02s
[2025-07-30T16:38:24.503+0800][50.329s][info][safepoint   ] Safepoint "G1CollectForAllocation", Time since last: 39782500 ns, Reaching safepoint: 3900 ns, Cleanup: 5300 ns, At safepoint: 16279300 ns, Total: 16288500 ns
[2025-07-30T16:38:24.541+0800][50.366s][info][gc,start    ] GC(959) Pause Young (Normal) (G1 Evacuation Pause)
[2025-07-30T16:38:24.541+0800][50.366s][info][gc,task     ] GC(959) Using 1 workers of 1 for evacuation
[2025-07-30T16:38:24.557+0800][50.382s][info][gc,phases   ] GC(959)   Pre Evacuate Collection Set: 0.5ms
[2025-07-30T16:38:24.557+0800][50.382s][info][gc,phases   ] GC(959)   Merge Heap Roots: 0.1ms
[2025-07-30T16:38:24.557+0800][50.382s][info][gc,phases   ] GC(959)   Evacuate Collection Set: 14.9ms
[2025-07-30T16:38:24.557+0800][50.383s][info][gc,phases   ] GC(959)   Post Evacuate Collection Set: 0.7ms
[2025-07-30T16:38:24.557+0800][50.383s][info][gc,phases   ] GC(959)   Other: 0.1ms
[2025-07-30T16:38:24.557+0800][50.383s][info][gc,heap     ] GC(959) Eden regions: 1019->0(1017)
[2025-07-30T16:38:24.557+0800][50.383s][info][gc,heap     ] GC(959) Survivor regions: 145->146(146)
[2025-07-30T16:38:24.557+0800][50.383s][info][gc,heap     ] GC(959) Old regions: 561->561
[2025-07-30T16:38:24.557+0800][50.383s][info][gc,heap     ] GC(959) Humongous regions: 3->3
[2025-07-30T16:38:24.557+0800][50.383s][info][gc,metaspace] GC(959) Metaspace: 7247K(7552K)->7247K(7552K) NonClass: 6522K(6656K)->6522K(6656K) Class: 725K(896K)->725K(896K)
[2025-07-30T16:38:24.557+0800][50.383s][info][gc          ] GC(959) Pause Young (Normal) (G1 Evacuation Pause) 1727M->709M(2048M) 16.466ms
[2025-07-30T16:38:24.557+0800][50.383s][info][gc,cpu      ] GC(959) User=0.02s Sys=0.00s Real=0.02s
[2025-07-30T16:38:24.557+0800][50.383s][info][safepoint   ] Safepoint "G1CollectForAllocation", Time since last: 37593500 ns, Reaching safepoint: 4200 ns, Cleanup: 4100 ns, At safepoint: 16505500 ns, Total: 16513800 ns
[2025-07-30T16:38:24.598+0800][50.423s][info][gc,start    ] GC(960) Pause Young (Normal) (G1 Evacuation Pause)
[2025-07-30T16:38:24.598+0800][50.423s][info][gc,task     ] GC(960) Using 1 workers of 1 for evacuation
[2025-07-30T16:38:24.613+0800][50.439s][info][gc,phases   ] GC(960)   Pre Evacuate Collection Set: 0.4ms
[2025-07-30T16:38:24.613+0800][50.439s][info][gc,phases   ] GC(960)   Merge Heap Roots: 0.1ms
[2025-07-30T16:38:24.613+0800][50.439s][info][gc,phases   ] GC(960)   Evacuate Collection Set: 14.6ms
[2025-07-30T16:38:24.613+0800][50.439s][info][gc,phases   ] GC(960)   Post Evacuate Collection Set: 0.7ms
[2025-07-30T16:38:24.613+0800][50.439s][info][gc,phases   ] GC(960)   Other: 0.1ms
[2025-07-30T16:38:24.613+0800][50.439s][info][gc,heap     ] GC(960) Eden regions: 1017->0(1019)
[2025-07-30T16:38:24.613+0800][50.439s][info][gc,heap     ] GC(960) Survivor regions: 146->145(146)
[2025-07-30T16:38:24.613+0800][50.439s][info][gc,heap     ] GC(960) Old regions: 561->561
[2025-07-30T16:38:24.613+0800][50.439s][info][gc,heap     ] GC(960) Humongous regions: 3->3
[2025-07-30T16:38:24.613+0800][50.439s][info][gc,metaspace] GC(960) Metaspace: 7247K(7552K)->7247K(7552K) NonClass: 6522K(6656K)->6522K(6656K) Class: 725K(896K)->725K(896K)
[2025-07-30T16:38:24.613+0800][50.439s][info][gc          ] GC(960) Pause Young (Normal) (G1 Evacuation Pause) 1726M->708M(2048M) 16.100ms
[2025-07-30T16:38:24.613+0800][50.439s][info][gc,cpu      ] GC(960) User=0.02s Sys=0.00s Real=0.01s
[2025-07-30T16:38:24.613+0800][50.439s][info][safepoint   ] Safepoint "G1CollectForAllocation", Time since last: 40021000 ns, Reaching safepoint: 3900 ns, Cleanup: 4100 ns, At safepoint: 16139500 ns, Total: 16147500 ns
[2025-07-30T16:38:24.652+0800][50.477s][info][gc,start    ] GC(961) Pause Young (Normal) (G1 Evacuation Pause)
[2025-07-30T16:38:24.652+0800][50.477s][info][gc,task     ] GC(961) Using 1 workers of 1 for evacuation
[2025-07-30T16:38:24.668+0800][50.494s][info][gc,phases   ] GC(961)   Pre Evacuate Collection Set: 0.4ms
[2025-07-30T16:38:24.668+0800][50.494s][info][gc,phases   ] GC(961)   Merge Heap Roots: 0.1ms
[2025-07-30T16:38:24.668+0800][50.494s][info][gc,phases   ] GC(961)   Evacuate Collection Set: 15.7ms
[2025-07-30T16:38:24.668+0800][50.494s][info][gc,phases   ] GC(961)   Post Evacuate Collection Set: 0.7ms
[2025-07-30T16:38:24.668+0800][50.494s][info][gc,phases   ] GC(961)   Other: 0.1ms
[2025-07-30T16:38:24.668+0800][50.494s][info][gc,heap     ] GC(961) Eden regions: 1019->0(1017)
[2025-07-30T16:38:24.669+0800][50.494s][info][gc,heap     ] GC(961) Survivor regions: 145->146(146)
[2025-07-30T16:38:24.669+0800][50.494s][info][gc,heap     ] GC(961) Old regions: 561->561
[2025-07-30T16:38:24.669+0800][50.494s][info][gc,heap     ] GC(961) Humongous regions: 3->3
[2025-07-30T16:38:24.669+0800][50.494s][info][gc,metaspace] GC(961) Metaspace: 7247K(7552K)->7247K(7552K) NonClass: 6522K(6656K)->6522K(6656K) Class: 725K(896K)->725K(896K)
[2025-07-30T16:38:24.669+0800][50.494s][info][gc          ] GC(961) Pause Young (Normal) (G1 Evacuation Pause) 1727M->709M(2048M) 17.183ms
[2025-07-30T16:38:24.669+0800][50.494s][info][gc,cpu      ] GC(961) User=0.02s Sys=0.00s Real=0.02s
[2025-07-30T16:38:24.669+0800][50.494s][info][safepoint   ] Safepoint "G1CollectForAllocation", Time since last: 38138500 ns, Reaching safepoint: 3900 ns, Cleanup: 4500 ns, At safepoint: 17224800 ns, Total: 17233200 ns
[2025-07-30T16:38:24.707+0800][50.532s][info][gc,start    ] GC(962) Pause Young (Normal) (G1 Evacuation Pause)
[2025-07-30T16:38:24.707+0800][50.532s][info][gc,task     ] GC(962) Using 1 workers of 1 for evacuation
[2025-07-30T16:38:24.723+0800][50.549s][info][gc,phases   ] GC(962)   Pre Evacuate Collection Set: 0.9ms
[2025-07-30T16:38:24.723+0800][50.549s][info][gc,phases   ] GC(962)   Merge Heap Roots: 0.2ms
[2025-07-30T16:38:24.723+0800][50.549s][info][gc,phases   ] GC(962)   Evacuate Collection Set: 14.6ms
[2025-07-30T16:38:24.723+0800][50.549s][info][gc,phases   ] GC(962)   Post Evacuate Collection Set: 0.8ms
[2025-07-30T16:38:24.723+0800][50.549s][info][gc,phases   ] GC(962)   Other: 0.1ms
[2025-07-30T16:38:24.723+0800][50.549s][info][gc,heap     ] GC(962) Eden regions: 1017->0(1017)
[2025-07-30T16:38:24.723+0800][50.549s][info][gc,heap     ] GC(962) Survivor regions: 146->146(146)
[2025-07-30T16:38:24.723+0800][50.549s][info][gc,heap     ] GC(962) Old regions: 561->561
[2025-07-30T16:38:24.723+0800][50.549s][info][gc,heap     ] GC(962) Humongous regions: 3->3
[2025-07-30T16:38:24.723+0800][50.549s][info][gc,metaspace] GC(962) Metaspace: 7247K(7552K)->7247K(7552K) NonClass: 6522K(6656K)->6522K(6656K) Class: 725K(896K)->725K(896K)
[2025-07-30T16:38:24.723+0800][50.549s][info][gc          ] GC(962) Pause Young (Normal) (G1 Evacuation Pause) 1726M->708M(2048M) 16.709ms
[2025-07-30T16:38:24.723+0800][50.549s][info][gc,cpu      ] GC(962) User=0.02s Sys=0.00s Real=0.02s
[2025-07-30T16:38:24.723+0800][50.549s][info][safepoint   ] Safepoint "G1CollectForAllocation", Time since last: 38082400 ns, Reaching safepoint: 3900 ns, Cleanup: 4500 ns, At safepoint: 16750300 ns, Total: 16758700 ns
[2025-07-30T16:38:24.761+0800][50.587s][info][gc,start    ] GC(963) Pause Young (Normal) (G1 Evacuation Pause)
[2025-07-30T16:38:24.761+0800][50.587s][info][gc,task     ] GC(963) Using 1 workers of 1 for evacuation
[2025-07-30T16:38:24.779+0800][50.604s][info][gc,phases   ] GC(963)   Pre Evacuate Collection Set: 0.4ms
[2025-07-30T16:38:24.779+0800][50.604s][info][gc,phases   ] GC(963)   Merge Heap Roots: 0.1ms
[2025-07-30T16:38:24.779+0800][50.604s][info][gc,phases   ] GC(963)   Evacuate Collection Set: 15.9ms
[2025-07-30T16:38:24.779+0800][50.604s][info][gc,phases   ] GC(963)   Post Evacuate Collection Set: 0.7ms
[2025-07-30T16:38:24.779+0800][50.604s][info][gc,phases   ] GC(963)   Other: 0.1ms
[2025-07-30T16:38:24.779+0800][50.604s][info][gc,heap     ] GC(963) Eden regions: 1017->0(1019)
[2025-07-30T16:38:24.779+0800][50.604s][info][gc,heap     ] GC(963) Survivor regions: 146->145(146)
[2025-07-30T16:38:24.779+0800][50.604s][info][gc,heap     ] GC(963) Old regions: 561->561
[2025-07-30T16:38:24.779+0800][50.604s][info][gc,heap     ] GC(963) Humongous regions: 3->3
[2025-07-30T16:38:24.779+0800][50.604s][info][gc,metaspace] GC(963) Metaspace: 7247K(7552K)->7247K(7552K) NonClass: 6522K(6656K)->6522K(6656K) Class: 725K(896K)->725K(896K)
[2025-07-30T16:38:24.779+0800][50.604s][info][gc          ] GC(963) Pause Young (Normal) (G1 Evacuation Pause) 1725M->707M(2048M) 17.249ms
[2025-07-30T16:38:24.779+0800][50.604s][info][gc,cpu      ] GC(963) User=0.02s Sys=0.00s Real=0.02s
[2025-07-30T16:38:24.779+0800][50.604s][info][safepoint   ] Safepoint "G1CollectForAllocation", Time since last: 37708600 ns, Reaching safepoint: 2700 ns, Cleanup: 3600 ns, At safepoint: 17290900 ns, Total: 17297200 ns
[2025-07-30T16:38:24.818+0800][50.644s][info][gc,start    ] GC(964) Pause Young (Normal) (G1 Evacuation Pause)
[2025-07-30T16:38:24.819+0800][50.644s][info][gc,task     ] GC(964) Using 1 workers of 1 for evacuation
[2025-07-30T16:38:24.836+0800][50.661s][info][gc,phases   ] GC(964)   Pre Evacuate Collection Set: 0.5ms
[2025-07-30T16:38:24.836+0800][50.661s][info][gc,phases   ] GC(964)   Merge Heap Roots: 0.1ms
[2025-07-30T16:38:24.836+0800][50.661s][info][gc,phases   ] GC(964)   Evacuate Collection Set: 15.3ms
[2025-07-30T16:38:24.836+0800][50.661s][info][gc,phases   ] GC(964)   Post Evacuate Collection Set: 0.7ms
[2025-07-30T16:38:24.836+0800][50.661s][info][gc,phases   ] GC(964)   Other: 0.1ms
[2025-07-30T16:38:24.836+0800][50.661s][info][gc,heap     ] GC(964) Eden regions: 1019->0(1018)
[2025-07-30T16:38:24.836+0800][50.661s][info][gc,heap     ] GC(964) Survivor regions: 145->146(146)
[2025-07-30T16:38:24.836+0800][50.661s][info][gc,heap     ] GC(964) Old regions: 561->561
[2025-07-30T16:38:24.836+0800][50.661s][info][gc,heap     ] GC(964) Humongous regions: 3->3
[2025-07-30T16:38:24.836+0800][50.661s][info][gc,metaspace] GC(964) Metaspace: 7247K(7552K)->7247K(7552K) NonClass: 6522K(6656K)->6522K(6656K) Class: 725K(896K)->725K(896K)
[2025-07-30T16:38:24.836+0800][50.661s][info][gc          ] GC(964) Pause Young (Normal) (G1 Evacuation Pause) 1726M->708M(2048M) 16.877ms
[2025-07-30T16:38:24.836+0800][50.661s][info][gc,cpu      ] GC(964) User=0.02s Sys=0.00s Real=0.02s
[2025-07-30T16:38:24.836+0800][50.661s][info][safepoint   ] Safepoint "G1CollectForAllocation", Time since last: 40182900 ns, Reaching safepoint: 4000 ns, Cleanup: 4600 ns, At safepoint: 16920400 ns, Total: 16929000 ns
[2025-07-30T16:38:24.874+0800][50.699s][info][gc,start    ] GC(965) Pause Young (Normal) (G1 Evacuation Pause)
[2025-07-30T16:38:24.874+0800][50.699s][info][gc,task     ] GC(965) Using 1 workers of 1 for evacuation
[2025-07-30T16:38:24.889+0800][50.715s][info][gc,phases   ] GC(965)   Pre Evacuate Collection Set: 0.4ms
[2025-07-30T16:38:24.889+0800][50.715s][info][gc,phases   ] GC(965)   Merge Heap Roots: 0.1ms
[2025-07-30T16:38:24.889+0800][50.715s][info][gc,phases   ] GC(965)   Evacuate Collection Set: 14.6ms
[2025-07-30T16:38:24.889+0800][50.715s][info][gc,phases   ] GC(965)   Post Evacuate Collection Set: 0.7ms
[2025-07-30T16:38:24.889+0800][50.715s][info][gc,phases   ] GC(965)   Other: 0.1ms
[2025-07-30T16:38:24.889+0800][50.715s][info][gc,heap     ] GC(965) Eden regions: 1018->0(1018)
[2025-07-30T16:38:24.889+0800][50.715s][info][gc,heap     ] GC(965) Survivor regions: 146->146(146)
[2025-07-30T16:38:24.889+0800][50.715s][info][gc,heap     ] GC(965) Old regions: 561->561
[2025-07-30T16:38:24.889+0800][50.715s][info][gc,heap     ] GC(965) Humongous regions: 3->3
[2025-07-30T16:38:24.889+0800][50.715s][info][gc,metaspace] GC(965) Metaspace: 7247K(7552K)->7247K(7552K) NonClass: 6522K(6656K)->6522K(6656K) Class: 725K(896K)->725K(896K)
[2025-07-30T16:38:24.889+0800][50.715s][info][gc          ] GC(965) Pause Young (Normal) (G1 Evacuation Pause) 1726M->708M(2048M) 16.039ms
[2025-07-30T16:38:24.889+0800][50.715s][info][gc,cpu      ] GC(965) User=0.02s Sys=0.00s Real=0.01s
[2025-07-30T16:38:24.889+0800][50.715s][info][safepoint   ] Safepoint "G1CollectForAllocation", Time since last: 37554700 ns, Reaching safepoint: 3900 ns, Cleanup: 4700 ns, At safepoint: 16079600 ns, Total: 16088200 ns
[2025-07-30T16:38:24.927+0800][50.753s][info][gc,start    ] GC(966) Pause Young (Normal) (G1 Evacuation Pause)
[2025-07-30T16:38:24.927+0800][50.753s][info][gc,task     ] GC(966) Using 1 workers of 1 for evacuation
[2025-07-30T16:38:24.943+0800][50.768s][info][gc,phases   ] GC(966)   Pre Evacuate Collection Set: 0.4ms
[2025-07-30T16:38:24.943+0800][50.768s][info][gc,phases   ] GC(966)   Merge Heap Roots: 0.1ms
[2025-07-30T16:38:24.943+0800][50.768s][info][gc,phases   ] GC(966)   Evacuate Collection Set: 14.2ms
[2025-07-30T16:38:24.943+0800][50.768s][info][gc,phases   ] GC(966)   Post Evacuate Collection Set: 0.7ms
[2025-07-30T16:38:24.943+0800][50.768s][info][gc,phases   ] GC(966)   Other: 0.1ms
[2025-07-30T16:38:24.943+0800][50.768s][info][gc,heap     ] GC(966) Eden regions: 1018->0(1017)
[2025-07-30T16:38:24.943+0800][50.768s][info][gc,heap     ] GC(966) Survivor regions: 146->146(146)
[2025-07-30T16:38:24.943+0800][50.768s][info][gc,heap     ] GC(966) Old regions: 561->561
[2025-07-30T16:38:24.943+0800][50.768s][info][gc,heap     ] GC(966) Humongous regions: 3->3
[2025-07-30T16:38:24.943+0800][50.768s][info][gc,metaspace] GC(966) Metaspace: 7247K(7552K)->7247K(7552K) NonClass: 6522K(6656K)->6522K(6656K) Class: 725K(896K)->725K(896K)
[2025-07-30T16:38:24.943+0800][50.768s][info][gc          ] GC(966) Pause Young (Normal) (G1 Evacuation Pause) 1726M->709M(2048M) 15.584ms
[2025-07-30T16:38:24.943+0800][50.768s][info][gc,cpu      ] GC(966) User=0.02s Sys=0.00s Real=0.02s
[2025-07-30T16:38:24.943+0800][50.768s][info][safepoint   ] Safepoint "G1CollectForAllocation", Time since last: 37968000 ns, Reaching safepoint: 2900 ns, Cleanup: 3500 ns, At safepoint: 15623100 ns, Total: 15629500 ns
[2025-07-30T16:38:24.981+0800][50.807s][info][gc,start    ] GC(967) Pause Young (Normal) (G1 Evacuation Pause)
[2025-07-30T16:38:24.981+0800][50.807s][info][gc,task     ] GC(967) Using 1 workers of 1 for evacuation
[2025-07-30T16:38:24.997+0800][50.822s][info][gc,phases   ] GC(967)   Pre Evacuate Collection Set: 0.4ms
[2025-07-30T16:38:24.997+0800][50.822s][info][gc,phases   ] GC(967)   Merge Heap Roots: 0.1ms
[2025-07-30T16:38:24.997+0800][50.822s][info][gc,phases   ] GC(967)   Evacuate Collection Set: 14.5ms
[2025-07-30T16:38:24.997+0800][50.822s][info][gc,phases   ] GC(967)   Post Evacuate Collection Set: 0.7ms
[2025-07-30T16:38:24.997+0800][50.822s][info][gc,phases   ] GC(967)   Other: 0.1ms
[2025-07-30T16:38:24.997+0800][50.823s][info][gc,heap     ] GC(967) Eden regions: 1017->0(1019)
[2025-07-30T16:38:24.997+0800][50.823s][info][gc,heap     ] GC(967) Survivor regions: 146->145(146)
[2025-07-30T16:38:24.997+0800][50.823s][info][gc,heap     ] GC(967) Old regions: 561->561
[2025-07-30T16:38:24.997+0800][50.823s][info][gc,heap     ] GC(967) Humongous regions: 3->3
[2025-07-30T16:38:24.997+0800][50.823s][info][gc,metaspace] GC(967) Metaspace: 7247K(7552K)->7247K(7552K) NonClass: 6522K(6656K)->6522K(6656K) Class: 725K(896K)->725K(896K)
[2025-07-30T16:38:24.997+0800][50.823s][info][gc          ] GC(967) Pause Young (Normal) (G1 Evacuation Pause) 1726M->708M(2048M) 15.988ms
[2025-07-30T16:38:24.997+0800][50.823s][info][gc,cpu      ] GC(967) User=0.02s Sys=0.00s Real=0.02s
[2025-07-30T16:38:24.997+0800][50.823s][info][safepoint   ] Safepoint "G1CollectForAllocation", Time since last: 38195300 ns, Reaching safepoint: 3400 ns, Cleanup: 4300 ns, At safepoint: 16028700 ns, Total: 16036400 ns
[2025-07-30T16:38:25.035+0800][50.861s][info][gc,start    ] GC(968) Pause Young (Normal) (G1 Evacuation Pause)
[2025-07-30T16:38:25.035+0800][50.861s][info][gc,task     ] GC(968) Using 1 workers of 1 for evacuation
[2025-07-30T16:38:25.051+0800][50.877s][info][gc,phases   ] GC(968)   Pre Evacuate Collection Set: 0.4ms
[2025-07-30T16:38:25.051+0800][50.877s][info][gc,phases   ] GC(968)   Merge Heap Roots: 0.1ms
[2025-07-30T16:38:25.051+0800][50.877s][info][gc,phases   ] GC(968)   Evacuate Collection Set: 14.5ms
[2025-07-30T16:38:25.051+0800][50.877s][info][gc,phases   ] GC(968)   Post Evacuate Collection Set: 0.7ms
[2025-07-30T16:38:25.051+0800][50.877s][info][gc,phases   ] GC(968)   Other: 0.1ms
[2025-07-30T16:38:25.051+0800][50.877s][info][gc,heap     ] GC(968) Eden regions: 1019->0(1017)
[2025-07-30T16:38:25.051+0800][50.877s][info][gc,heap     ] GC(968) Survivor regions: 145->146(146)
[2025-07-30T16:38:25.051+0800][50.877s][info][gc,heap     ] GC(968) Old regions: 561->561
[2025-07-30T16:38:25.052+0800][50.877s][info][gc,heap     ] GC(968) Humongous regions: 3->3
[2025-07-30T16:38:25.052+0800][50.877s][info][gc,metaspace] GC(968) Metaspace: 7247K(7552K)->7247K(7552K) NonClass: 6522K(6656K)->6522K(6656K) Class: 725K(896K)->725K(896K)
[2025-07-30T16:38:25.052+0800][50.877s][info][gc          ] GC(968) Pause Young (Normal) (G1 Evacuation Pause) 1727M->709M(2048M) 15.827ms
[2025-07-30T16:38:25.052+0800][50.877s][info][gc,cpu      ] GC(968) User=0.02s Sys=0.00s Real=0.02s
[2025-07-30T16:38:25.052+0800][50.877s][info][safepoint   ] Safepoint "G1CollectForAllocation", Time since last: 38449400 ns, Reaching safepoint: 2700 ns, Cleanup: 3100 ns, At safepoint: 15866800 ns, Total: 15872600 ns
[2025-07-30T16:38:25.089+0800][50.915s][info][gc,start    ] GC(969) Pause Young (Normal) (G1 Evacuation Pause)
[2025-07-30T16:38:25.089+0800][50.915s][info][gc,task     ] GC(969) Using 1 workers of 1 for evacuation
[2025-07-30T16:38:25.106+0800][50.932s][info][gc,phases   ] GC(969)   Pre Evacuate Collection Set: 0.4ms
[2025-07-30T16:38:25.106+0800][50.932s][info][gc,phases   ] GC(969)   Merge Heap Roots: 0.1ms
[2025-07-30T16:38:25.106+0800][50.932s][info][gc,phases   ] GC(969)   Evacuate Collection Set: 15.8ms
[2025-07-30T16:38:25.106+0800][50.932s][info][gc,phases   ] GC(969)   Post Evacuate Collection Set: 0.7ms
[2025-07-30T16:38:25.106+0800][50.932s][info][gc,phases   ] GC(969)   Other: 0.1ms
[2025-07-30T16:38:25.106+0800][50.932s][info][gc,heap     ] GC(969) Eden regions: 1017->0(1019)
[2025-07-30T16:38:25.106+0800][50.932s][info][gc,heap     ] GC(969) Survivor regions: 146->145(146)
[2025-07-30T16:38:25.106+0800][50.932s][info][gc,heap     ] GC(969) Old regions: 561->561
[2025-07-30T16:38:25.106+0800][50.932s][info][gc,heap     ] GC(969) Humongous regions: 3->3
[2025-07-30T16:38:25.107+0800][50.932s][info][gc,metaspace] GC(969) Metaspace: 7247K(7552K)->7247K(7552K) NonClass: 6522K(6656K)->6522K(6656K) Class: 725K(896K)->725K(896K)
[2025-07-30T16:38:25.107+0800][50.932s][info][gc          ] GC(969) Pause Young (Normal) (G1 Evacuation Pause) 1726M->708M(2048M) 17.194ms
[2025-07-30T16:38:25.107+0800][50.932s][info][gc,cpu      ] GC(969) User=0.02s Sys=0.00s Real=0.02s
[2025-07-30T16:38:25.107+0800][50.932s][info][safepoint   ] Safepoint "G1CollectForAllocation", Time since last: 37873700 ns, Reaching safepoint: 3300 ns, Cleanup: 3900 ns, At safepoint: 17234600 ns, Total: 17241800 ns
[2025-07-30T16:38:25.149+0800][50.974s][info][gc,start    ] GC(970) Pause Young (Normal) (G1 Evacuation Pause)
[2025-07-30T16:38:25.149+0800][50.974s][info][gc,task     ] GC(970) Using 1 workers of 1 for evacuation
[2025-07-30T16:38:25.167+0800][50.992s][info][gc,phases   ] GC(970)   Pre Evacuate Collection Set: 0.4ms
[2025-07-30T16:38:25.167+0800][50.992s][info][gc,phases   ] GC(970)   Merge Heap Roots: 0.1ms
[2025-07-30T16:38:25.167+0800][50.992s][info][gc,phases   ] GC(970)   Evacuate Collection Set: 16.4ms
[2025-07-30T16:38:25.167+0800][50.992s][info][gc,phases   ] GC(970)   Post Evacuate Collection Set: 1.1ms
[2025-07-30T16:38:25.167+0800][50.992s][info][gc,phases   ] GC(970)   Other: 0.1ms
[2025-07-30T16:38:25.167+0800][50.992s][info][gc,heap     ] GC(970) Eden regions: 1019->0(1017)
[2025-07-30T16:38:25.167+0800][50.992s][info][gc,heap     ] GC(970) Survivor regions: 145->146(146)
[2025-07-30T16:38:25.167+0800][50.992s][info][gc,heap     ] GC(970) Old regions: 561->561
[2025-07-30T16:38:25.167+0800][50.992s][info][gc,heap     ] GC(970) Humongous regions: 3->3
[2025-07-30T16:38:25.167+0800][50.992s][info][gc,metaspace] GC(970) Metaspace: 7247K(7552K)->7247K(7552K) NonClass: 6522K(6656K)->6522K(6656K) Class: 725K(896K)->725K(896K)
[2025-07-30T16:38:25.167+0800][50.992s][info][gc          ] GC(970) Pause Young (Normal) (G1 Evacuation Pause) 1727M->709M(2048M) 18.290ms
[2025-07-30T16:38:25.167+0800][50.992s][info][gc,cpu      ] GC(970) User=0.02s Sys=0.00s Real=0.02s
[2025-07-30T16:38:25.167+0800][50.992s][info][safepoint   ] Safepoint "G1CollectForAllocation", Time since last: 41735500 ns, Reaching safepoint: 3200 ns, Cleanup: 3600 ns, At safepoint: 18330400 ns, Total: 18337200 ns
[2025-07-30T16:38:25.203+0800][51.029s][info][gc,start    ] GC(971) Pause Young (Normal) (G1 Evacuation Pause)
[2025-07-30T16:38:25.203+0800][51.029s][info][gc,task     ] GC(971) Using 1 workers of 1 for evacuation
[2025-07-30T16:38:25.218+0800][51.044s][info][gc,phases   ] GC(971)   Pre Evacuate Collection Set: 0.3ms
[2025-07-30T16:38:25.218+0800][51.044s][info][gc,phases   ] GC(971)   Merge Heap Roots: 0.0ms
[2025-07-30T16:38:25.218+0800][51.044s][info][gc,phases   ] GC(971)   Evacuate Collection Set: 13.7ms
[2025-07-30T16:38:25.218+0800][51.044s][info][gc,phases   ] GC(971)   Post Evacuate Collection Set: 0.6ms
[2025-07-30T16:38:25.218+0800][51.044s][info][gc,phases   ] GC(971)   Other: 0.1ms
[2025-07-30T16:38:25.218+0800][51.044s][info][gc,heap     ] GC(971) Eden regions: 1017->0(1017)
[2025-07-30T16:38:25.218+0800][51.044s][info][gc,heap     ] GC(971) Survivor regions: 146->146(146)
[2025-07-30T16:38:25.218+0800][51.044s][info][gc,heap     ] GC(971) Old regions: 561->561
[2025-07-30T16:38:25.218+0800][51.044s][info][gc,heap     ] GC(971) Humongous regions: 3->3
[2025-07-30T16:38:25.218+0800][51.044s][info][gc,metaspace] GC(971) Metaspace: 7247K(7552K)->7247K(7552K) NonClass: 6522K(6656K)->6522K(6656K) Class: 725K(896K)->725K(896K)
[2025-07-30T16:38:25.218+0800][51.044s][info][gc          ] GC(971) Pause Young (Normal) (G1 Evacuation Pause) 1726M->708M(2048M) 14.986ms
[2025-07-30T16:38:25.218+0800][51.044s][info][gc,cpu      ] GC(971) User=0.00s Sys=0.00s Real=0.01s
[2025-07-30T16:38:25.218+0800][51.044s][info][safepoint   ] Safepoint "G1CollectForAllocation", Time since last: 36580900 ns, Reaching safepoint: 2400 ns, Cleanup: 2800 ns, At safepoint: 15038800 ns, Total: 15044000 ns
[2025-07-30T16:38:25.255+0800][51.080s][info][gc,start    ] GC(972) Pause Young (Normal) (G1 Evacuation Pause)
[2025-07-30T16:38:25.255+0800][51.080s][info][gc,task     ] GC(972) Using 1 workers of 1 for evacuation
[2025-07-30T16:38:25.270+0800][51.095s][info][gc,phases   ] GC(972)   Pre Evacuate Collection Set: 0.4ms
[2025-07-30T16:38:25.270+0800][51.095s][info][gc,phases   ] GC(972)   Merge Heap Roots: 0.1ms
[2025-07-30T16:38:25.270+0800][51.095s][info][gc,phases   ] GC(972)   Evacuate Collection Set: 13.9ms
[2025-07-30T16:38:25.270+0800][51.095s][info][gc,phases   ] GC(972)   Post Evacuate Collection Set: 0.6ms
[2025-07-30T16:38:25.270+0800][51.095s][info][gc,phases   ] GC(972)   Other: 0.1ms
[2025-07-30T16:38:25.270+0800][51.095s][info][gc,heap     ] GC(972) Eden regions: 1017->0(1019)
[2025-07-30T16:38:25.270+0800][51.096s][info][gc,heap     ] GC(972) Survivor regions: 146->145(146)
[2025-07-30T16:38:25.270+0800][51.096s][info][gc,heap     ] GC(972) Old regions: 561->561
[2025-07-30T16:38:25.270+0800][51.096s][info][gc,heap     ] GC(972) Humongous regions: 3->3
[2025-07-30T16:38:25.270+0800][51.096s][info][gc,metaspace] GC(972) Metaspace: 7247K(7552K)->7247K(7552K) NonClass: 6522K(6656K)->6522K(6656K) Class: 725K(896K)->725K(896K)
[2025-07-30T16:38:25.270+0800][51.096s][info][gc          ] GC(972) Pause Young (Normal) (G1 Evacuation Pause) 1725M->707M(2048M) 15.191ms
[2025-07-30T16:38:25.270+0800][51.096s][info][gc,cpu      ] GC(972) User=0.02s Sys=0.00s Real=0.01s
[2025-07-30T16:38:25.270+0800][51.096s][info][safepoint   ] Safepoint "G1CollectForAllocation", Time since last: 36615700 ns, Reaching safepoint: 2800 ns, Cleanup: 3400 ns, At safepoint: 15231200 ns, Total: 15237400 ns
[2025-07-30T16:38:25.307+0800][51.132s][info][gc,start    ] GC(973) Pause Young (Normal) (G1 Evacuation Pause)
[2025-07-30T16:38:25.307+0800][51.132s][info][gc,task     ] GC(973) Using 1 workers of 1 for evacuation
[2025-07-30T16:38:25.322+0800][51.148s][info][gc,phases   ] GC(973)   Pre Evacuate Collection Set: 0.3ms
[2025-07-30T16:38:25.322+0800][51.148s][info][gc,phases   ] GC(973)   Merge Heap Roots: 0.0ms
[2025-07-30T16:38:25.322+0800][51.148s][info][gc,phases   ] GC(973)   Evacuate Collection Set: 14.1ms
[2025-07-30T16:38:25.322+0800][51.148s][info][gc,phases   ] GC(973)   Post Evacuate Collection Set: 0.6ms
[2025-07-30T16:38:25.322+0800][51.148s][info][gc,phases   ] GC(973)   Other: 0.1ms
[2025-07-30T16:38:25.322+0800][51.148s][info][gc,heap     ] GC(973) Eden regions: 1019->0(1018)
[2025-07-30T16:38:25.322+0800][51.148s][info][gc,heap     ] GC(973) Survivor regions: 145->146(146)
[2025-07-30T16:38:25.322+0800][51.148s][info][gc,heap     ] GC(973) Old regions: 561->561
[2025-07-30T16:38:25.322+0800][51.148s][info][gc,heap     ] GC(973) Humongous regions: 3->3
[2025-07-30T16:38:25.322+0800][51.148s][info][gc,metaspace] GC(973) Metaspace: 7247K(7552K)->7247K(7552K) NonClass: 6522K(6656K)->6522K(6656K) Class: 725K(896K)->725K(896K)
[2025-07-30T16:38:25.322+0800][51.148s][info][gc          ] GC(973) Pause Young (Normal) (G1 Evacuation Pause) 1726M->708M(2048M) 15.335ms
[2025-07-30T16:38:25.322+0800][51.148s][info][gc,cpu      ] GC(973) User=0.02s Sys=0.00s Real=0.02s
[2025-07-30T16:38:25.322+0800][51.148s][info][safepoint   ] Safepoint "G1CollectForAllocation", Time since last: 36737300 ns, Reaching safepoint: 2800 ns, Cleanup: 3100 ns, At safepoint: 15374500 ns, Total: 15380400 ns
[2025-07-30T16:38:25.359+0800][51.184s][info][gc,start    ] GC(974) Pause Young (Normal) (G1 Evacuation Pause)
[2025-07-30T16:38:25.359+0800][51.184s][info][gc,task     ] GC(974) Using 1 workers of 1 for evacuation
[2025-07-30T16:38:25.373+0800][51.199s][info][gc,phases   ] GC(974)   Pre Evacuate Collection Set: 0.4ms
[2025-07-30T16:38:25.373+0800][51.199s][info][gc,phases   ] GC(974)   Merge Heap Roots: 0.1ms
[2025-07-30T16:38:25.373+0800][51.199s][info][gc,phases   ] GC(974)   Evacuate Collection Set: 13.6ms
[2025-07-30T16:38:25.373+0800][51.199s][info][gc,phases   ] GC(974)   Post Evacuate Collection Set: 0.6ms
[2025-07-30T16:38:25.373+0800][51.199s][info][gc,phases   ] GC(974)   Other: 0.1ms
[2025-07-30T16:38:25.373+0800][51.199s][info][gc,heap     ] GC(974) Eden regions: 1018->0(1018)
[2025-07-30T16:38:25.373+0800][51.199s][info][gc,heap     ] GC(974) Survivor regions: 146->146(146)
[2025-07-30T16:38:25.373+0800][51.199s][info][gc,heap     ] GC(974) Old regions: 561->561
[2025-07-30T16:38:25.373+0800][51.199s][info][gc,heap     ] GC(974) Humongous regions: 3->3
[2025-07-30T16:38:25.373+0800][51.199s][info][gc,metaspace] GC(974) Metaspace: 7247K(7552K)->7247K(7552K) NonClass: 6522K(6656K)->6522K(6656K) Class: 725K(896K)->725K(896K)
[2025-07-30T16:38:25.373+0800][51.199s][info][gc          ] GC(974) Pause Young (Normal) (G1 Evacuation Pause) 1726M->708M(2048M) 14.925ms
[2025-07-30T16:38:25.373+0800][51.199s][info][gc,cpu      ] GC(974) User=0.02s Sys=0.00s Real=0.01s
[2025-07-30T16:38:25.373+0800][51.199s][info][safepoint   ] Safepoint "G1CollectForAllocation", Time since last: 36244700 ns, Reaching safepoint: 3500 ns, Cleanup: 4300 ns, At safepoint: 14966200 ns, Total: 14974000 ns
[2025-07-30T16:38:25.410+0800][51.235s][info][gc,start    ] GC(975) Pause Young (Normal) (G1 Evacuation Pause)
[2025-07-30T16:38:25.410+0800][51.235s][info][gc,task     ] GC(975) Using 1 workers of 1 for evacuation
[2025-07-30T16:38:25.425+0800][51.250s][info][gc,phases   ] GC(975)   Pre Evacuate Collection Set: 0.3ms
[2025-07-30T16:38:25.425+0800][51.250s][info][gc,phases   ] GC(975)   Merge Heap Roots: 0.0ms
[2025-07-30T16:38:25.425+0800][51.250s][info][gc,phases   ] GC(975)   Evacuate Collection Set: 14.0ms
[2025-07-30T16:38:25.425+0800][51.250s][info][gc,phases   ] GC(975)   Post Evacuate Collection Set: 0.6ms
[2025-07-30T16:38:25.425+0800][51.250s][info][gc,phases   ] GC(975)   Other: 0.1ms
[2025-07-30T16:38:25.425+0800][51.250s][info][gc,heap     ] GC(975) Eden regions: 1018->0(1018)
[2025-07-30T16:38:25.425+0800][51.250s][info][gc,heap     ] GC(975) Survivor regions: 146->146(146)
[2025-07-30T16:38:25.425+0800][51.250s][info][gc,heap     ] GC(975) Old regions: 561->561
[2025-07-30T16:38:25.425+0800][51.250s][info][gc,heap     ] GC(975) Humongous regions: 3->3
[2025-07-30T16:38:25.425+0800][51.250s][info][gc,metaspace] GC(975) Metaspace: 7247K(7552K)->7247K(7552K) NonClass: 6522K(6656K)->6522K(6656K) Class: 725K(896K)->725K(896K)
[2025-07-30T16:38:25.425+0800][51.250s][info][gc          ] GC(975) Pause Young (Normal) (G1 Evacuation Pause) 1726M->708M(2048M) 15.238ms
[2025-07-30T16:38:25.425+0800][51.250s][info][gc,cpu      ] GC(975) User=0.02s Sys=0.00s Real=0.01s
[2025-07-30T16:38:25.425+0800][51.251s][info][safepoint   ] Safepoint "G1CollectForAllocation", Time since last: 36298500 ns, Reaching safepoint: 2100 ns, Cleanup: 2800 ns, At safepoint: 15277600 ns, Total: 15282500 ns
[2025-07-30T16:38:25.461+0800][51.287s][info][gc,start    ] GC(976) Pause Young (Normal) (G1 Evacuation Pause)
[2025-07-30T16:38:25.461+0800][51.287s][info][gc,task     ] GC(976) Using 1 workers of 1 for evacuation
[2025-07-30T16:38:25.476+0800][51.301s][info][gc,phases   ] GC(976)   Pre Evacuate Collection Set: 0.3ms
[2025-07-30T16:38:25.476+0800][51.301s][info][gc,phases   ] GC(976)   Merge Heap Roots: 0.0ms
[2025-07-30T16:38:25.476+0800][51.301s][info][gc,phases   ] GC(976)   Evacuate Collection Set: 13.8ms
[2025-07-30T16:38:25.476+0800][51.301s][info][gc,phases   ] GC(976)   Post Evacuate Collection Set: 0.5ms
[2025-07-30T16:38:25.476+0800][51.301s][info][gc,phases   ] GC(976)   Other: 0.1ms
[2025-07-30T16:38:25.476+0800][51.301s][info][gc,heap     ] GC(976) Eden regions: 1018->0(1017)
[2025-07-30T16:38:25.476+0800][51.301s][info][gc,heap     ] GC(976) Survivor regions: 146->146(146)
[2025-07-30T16:38:25.476+0800][51.301s][info][gc,heap     ] GC(976) Old regions: 561->561
[2025-07-30T16:38:25.476+0800][51.301s][info][gc,heap     ] GC(976) Humongous regions: 3->3
[2025-07-30T16:38:25.476+0800][51.301s][info][gc,metaspace] GC(976) Metaspace: 7247K(7552K)->7247K(7552K) NonClass: 6522K(6656K)->6522K(6656K) Class: 725K(896K)->725K(896K)
[2025-07-30T16:38:25.476+0800][51.301s][info][gc          ] GC(976) Pause Young (Normal) (G1 Evacuation Pause) 1726M->709M(2048M) 14.976ms
[2025-07-30T16:38:25.476+0800][51.301s][info][gc,cpu      ] GC(976) User=0.02s Sys=0.00s Real=0.02s
[2025-07-30T16:38:25.476+0800][51.302s][info][safepoint   ] Safepoint "G1CollectForAllocation", Time since last: 35984600 ns, Reaching safepoint: 2100 ns, Cleanup: 3000 ns, At safepoint: 15012900 ns, Total: 15018000 ns
[2025-07-30T16:38:25.513+0800][51.339s][info][gc,start    ] GC(977) Pause Young (Normal) (G1 Evacuation Pause)
[2025-07-30T16:38:25.513+0800][51.339s][info][gc,task     ] GC(977) Using 1 workers of 1 for evacuation
[2025-07-30T16:38:25.528+0800][51.353s][info][gc,phases   ] GC(977)   Pre Evacuate Collection Set: 0.3ms
[2025-07-30T16:38:25.528+0800][51.353s][info][gc,phases   ] GC(977)   Merge Heap Roots: 0.0ms
[2025-07-30T16:38:25.528+0800][51.353s][info][gc,phases   ] GC(977)   Evacuate Collection Set: 13.8ms
[2025-07-30T16:38:25.528+0800][51.353s][info][gc,phases   ] GC(977)   Post Evacuate Collection Set: 0.6ms
[2025-07-30T16:38:25.528+0800][51.353s][info][gc,phases   ] GC(977)   Other: 0.1ms
[2025-07-30T16:38:25.528+0800][51.353s][info][gc,heap     ] GC(977) Eden regions: 1017->0(1019)
[2025-07-30T16:38:25.528+0800][51.353s][info][gc,heap     ] GC(977) Survivor regions: 146->145(146)
[2025-07-30T16:38:25.528+0800][51.353s][info][gc,heap     ] GC(977) Old regions: 561->561
[2025-07-30T16:38:25.528+0800][51.353s][info][gc,heap     ] GC(977) Humongous regions: 3->3
[2025-07-30T16:38:25.528+0800][51.353s][info][gc,metaspace] GC(977) Metaspace: 7247K(7552K)->7247K(7552K) NonClass: 6522K(6656K)->6522K(6656K) Class: 725K(896K)->725K(896K)
[2025-07-30T16:38:25.528+0800][51.353s][info][gc          ] GC(977) Pause Young (Normal) (G1 Evacuation Pause) 1726M->708M(2048M) 14.896ms
[2025-07-30T16:38:25.528+0800][51.353s][info][gc,cpu      ] GC(977) User=0.02s Sys=0.00s Real=0.02s
[2025-07-30T16:38:25.528+0800][51.353s][info][safepoint   ] Safepoint "G1CollectForAllocation", Time since last: 37011200 ns, Reaching safepoint: 2200 ns, Cleanup: 2500 ns, At safepoint: 14932100 ns, Total: 14936800 ns
[2025-07-30T16:38:25.565+0800][51.390s][info][gc,start    ] GC(978) Pause Young (Normal) (G1 Evacuation Pause)
[2025-07-30T16:38:25.565+0800][51.390s][info][gc,task     ] GC(978) Using 1 workers of 1 for evacuation
[2025-07-30T16:38:25.580+0800][51.406s][info][gc,phases   ] GC(978)   Pre Evacuate Collection Set: 0.3ms
[2025-07-30T16:38:25.580+0800][51.406s][info][gc,phases   ] GC(978)   Merge Heap Roots: 0.1ms
[2025-07-30T16:38:25.580+0800][51.406s][info][gc,phases   ] GC(978)   Evacuate Collection Set: 14.4ms
[2025-07-30T16:38:25.580+0800][51.406s][info][gc,phases   ] GC(978)   Post Evacuate Collection Set: 0.6ms
[2025-07-30T16:38:25.580+0800][51.406s][info][gc,phases   ] GC(978)   Other: 0.1ms
[2025-07-30T16:38:25.580+0800][51.406s][info][gc,heap     ] GC(978) Eden regions: 1019->0(1017)
[2025-07-30T16:38:25.580+0800][51.406s][info][gc,heap     ] GC(978) Survivor regions: 145->146(146)
[2025-07-30T16:38:25.580+0800][51.406s][info][gc,heap     ] GC(978) Old regions: 561->561
[2025-07-30T16:38:25.580+0800][51.406s][info][gc,heap     ] GC(978) Humongous regions: 3->3
[2025-07-30T16:38:25.580+0800][51.406s][info][gc,metaspace] GC(978) Metaspace: 7247K(7552K)->7247K(7552K) NonClass: 6522K(6656K)->6522K(6656K) Class: 725K(896K)->725K(896K)
[2025-07-30T16:38:25.580+0800][51.406s][info][gc          ] GC(978) Pause Young (Normal) (G1 Evacuation Pause) 1727M->709M(2048M) 15.542ms
[2025-07-30T16:38:25.580+0800][51.406s][info][gc,cpu      ] GC(978) User=0.02s Sys=0.00s Real=0.01s
[2025-07-30T16:38:25.580+0800][51.406s][info][safepoint   ] Safepoint "G1CollectForAllocation", Time since last: 36863200 ns, Reaching safepoint: 1900 ns, Cleanup: 2800 ns, At safepoint: 15583800 ns, Total: 15588500 ns
[2025-07-30T16:38:25.618+0800][51.443s][info][gc,start    ] GC(979) Pause Young (Normal) (G1 Evacuation Pause)
[2025-07-30T16:38:25.618+0800][51.443s][info][gc,task     ] GC(979) Using 1 workers of 1 for evacuation
[2025-07-30T16:38:25.633+0800][51.458s][info][gc,phases   ] GC(979)   Pre Evacuate Collection Set: 0.4ms
[2025-07-30T16:38:25.633+0800][51.458s][info][gc,phases   ] GC(979)   Merge Heap Roots: 0.1ms
[2025-07-30T16:38:25.633+0800][51.458s][info][gc,phases   ] GC(979)   Evacuate Collection Set: 14.0ms
[2025-07-30T16:38:25.633+0800][51.458s][info][gc,phases   ] GC(979)   Post Evacuate Collection Set: 0.7ms
[2025-07-30T16:38:25.633+0800][51.458s][info][gc,phases   ] GC(979)   Other: 0.1ms
[2025-07-30T16:38:25.633+0800][51.458s][info][gc,heap     ] GC(979) Eden regions: 1017->0(1019)
[2025-07-30T16:38:25.633+0800][51.458s][info][gc,heap     ] GC(979) Survivor regions: 146->145(146)
[2025-07-30T16:38:25.633+0800][51.458s][info][gc,heap     ] GC(979) Old regions: 561->561
[2025-07-30T16:38:25.633+0800][51.458s][info][gc,heap     ] GC(979) Humongous regions: 3->3
[2025-07-30T16:38:25.633+0800][51.458s][info][gc,metaspace] GC(979) Metaspace: 7247K(7552K)->7247K(7552K) NonClass: 6522K(6656K)->6522K(6656K) Class: 725K(896K)->725K(896K)
[2025-07-30T16:38:25.633+0800][51.458s][info][gc          ] GC(979) Pause Young (Normal) (G1 Evacuation Pause) 1726M->708M(2048M) 15.425ms
[2025-07-30T16:38:25.633+0800][51.458s][info][gc,cpu      ] GC(979) User=0.02s Sys=0.00s Real=0.01s
[2025-07-30T16:38:25.633+0800][51.458s][info][safepoint   ] Safepoint "G1CollectForAllocation", Time since last: 36899300 ns, Reaching safepoint: 2500 ns, Cleanup: 3700 ns, At safepoint: 15469100 ns, Total: 15475300 ns
[2025-07-30T16:38:25.672+0800][51.498s][info][gc,start    ] GC(980) Pause Young (Normal) (G1 Evacuation Pause)
[2025-07-30T16:38:25.672+0800][51.498s][info][gc,task     ] GC(980) Using 1 workers of 1 for evacuation
[2025-07-30T16:38:25.688+0800][51.513s][info][gc,phases   ] GC(980)   Pre Evacuate Collection Set: 0.5ms
[2025-07-30T16:38:25.688+0800][51.513s][info][gc,phases   ] GC(980)   Merge Heap Roots: 0.1ms
[2025-07-30T16:38:25.688+0800][51.513s][info][gc,phases   ] GC(980)   Evacuate Collection Set: 14.2ms
[2025-07-30T16:38:25.688+0800][51.513s][info][gc,phases   ] GC(980)   Post Evacuate Collection Set: 0.7ms
[2025-07-30T16:38:25.688+0800][51.513s][info][gc,phases   ] GC(980)   Other: 0.1ms
[2025-07-30T16:38:25.688+0800][51.513s][info][gc,heap     ] GC(980) Eden regions: 1019->0(1017)
[2025-07-30T16:38:25.688+0800][51.513s][info][gc,heap     ] GC(980) Survivor regions: 145->146(146)
[2025-07-30T16:38:25.688+0800][51.513s][info][gc,heap     ] GC(980) Old regions: 561->561
[2025-07-30T16:38:25.688+0800][51.513s][info][gc,heap     ] GC(980) Humongous regions: 3->3
[2025-07-30T16:38:25.688+0800][51.513s][info][gc,metaspace] GC(980) Metaspace: 7247K(7552K)->7247K(7552K) NonClass: 6522K(6656K)->6522K(6656K) Class: 725K(896K)->725K(896K)
[2025-07-30T16:38:25.688+0800][51.513s][info][gc          ] GC(980) Pause Young (Normal) (G1 Evacuation Pause) 1727M->709M(2048M) 15.785ms
[2025-07-30T16:38:25.688+0800][51.514s][info][gc,cpu      ] GC(980) User=0.02s Sys=0.00s Real=0.02s
[2025-07-30T16:38:25.688+0800][51.514s][info][safepoint   ] Safepoint "G1CollectForAllocation", Time since last: 39408100 ns, Reaching safepoint: 4400 ns, Cleanup: 5500 ns, At safepoint: 15833400 ns, Total: 15843300 ns
[2025-07-30T16:38:25.724+0800][51.550s][info][gc,start    ] GC(981) Pause Young (Normal) (G1 Evacuation Pause)
[2025-07-30T16:38:25.724+0800][51.550s][info][gc,task     ] GC(981) Using 1 workers of 1 for evacuation
[2025-07-30T16:38:25.741+0800][51.567s][info][gc,phases   ] GC(981)   Pre Evacuate Collection Set: 0.4ms
[2025-07-30T16:38:25.742+0800][51.567s][info][gc,phases   ] GC(981)   Merge Heap Roots: 0.1ms
[2025-07-30T16:38:25.742+0800][51.567s][info][gc,phases   ] GC(981)   Evacuate Collection Set: 14.9ms
[2025-07-30T16:38:25.742+0800][51.567s][info][gc,phases   ] GC(981)   Post Evacuate Collection Set: 1.0ms
[2025-07-30T16:38:25.742+0800][51.567s][info][gc,phases   ] GC(981)   Other: 0.1ms
[2025-07-30T16:38:25.742+0800][51.567s][info][gc,heap     ] GC(981) Eden regions: 1017->0(1017)
[2025-07-30T16:38:25.742+0800][51.567s][info][gc,heap     ] GC(981) Survivor regions: 146->146(146)
[2025-07-30T16:38:25.742+0800][51.567s][info][gc,heap     ] GC(981) Old regions: 561->561
[2025-07-30T16:38:25.742+0800][51.567s][info][gc,heap     ] GC(981) Humongous regions: 3->3
[2025-07-30T16:38:25.742+0800][51.567s][info][gc,metaspace] GC(981) Metaspace: 7247K(7552K)->7247K(7552K) NonClass: 6522K(6656K)->6522K(6656K) Class: 725K(896K)->725K(896K)
[2025-07-30T16:38:25.742+0800][51.567s][info][gc          ] GC(981) Pause Young (Normal) (G1 Evacuation Pause) 1726M->708M(2048M) 16.729ms
[2025-07-30T16:38:25.742+0800][51.567s][info][gc,cpu      ] GC(981) User=0.02s Sys=0.00s Real=0.02s
[2025-07-30T16:38:25.742+0800][51.567s][info][safepoint   ] Safepoint "G1CollectForAllocation", Time since last: 36816400 ns, Reaching safepoint: 3400 ns, Cleanup: 5000 ns, At safepoint: 16772800 ns, Total: 16781200 ns
[2025-07-30T16:38:25.777+0800][51.603s][info][gc,start    ] GC(982) Pause Young (Normal) (G1 Evacuation Pause)
[2025-07-30T16:38:25.777+0800][51.603s][info][gc,task     ] GC(982) Using 1 workers of 1 for evacuation
[2025-07-30T16:38:25.792+0800][51.618s][info][gc,phases   ] GC(982)   Pre Evacuate Collection Set: 0.4ms
[2025-07-30T16:38:25.792+0800][51.618s][info][gc,phases   ] GC(982)   Merge Heap Roots: 0.1ms
[2025-07-30T16:38:25.792+0800][51.618s][info][gc,phases   ] GC(982)   Evacuate Collection Set: 13.3ms
[2025-07-30T16:38:25.792+0800][51.618s][info][gc,phases   ] GC(982)   Post Evacuate Collection Set: 0.7ms
[2025-07-30T16:38:25.792+0800][51.618s][info][gc,phases   ] GC(982)   Other: 0.1ms
[2025-07-30T16:38:25.792+0800][51.618s][info][gc,heap     ] GC(982) Eden regions: 1017->0(1019)
[2025-07-30T16:38:25.792+0800][51.618s][info][gc,heap     ] GC(982) Survivor regions: 146->145(146)
[2025-07-30T16:38:25.792+0800][51.618s][info][gc,heap     ] GC(982) Old regions: 561->561
[2025-07-30T16:38:25.792+0800][51.618s][info][gc,heap     ] GC(982) Humongous regions: 3->3
[2025-07-30T16:38:25.792+0800][51.618s][info][gc,metaspace] GC(982) Metaspace: 7247K(7552K)->7247K(7552K) NonClass: 6522K(6656K)->6522K(6656K) Class: 725K(896K)->725K(896K)
[2025-07-30T16:38:25.792+0800][51.618s][info][gc          ] GC(982) Pause Young (Normal) (G1 Evacuation Pause) 1725M->707M(2048M) 14.730ms
[2025-07-30T16:38:25.792+0800][51.618s][info][gc,cpu      ] GC(982) User=0.02s Sys=0.00s Real=0.02s
[2025-07-30T16:38:25.792+0800][51.618s][info][safepoint   ] Safepoint "G1CollectForAllocation", Time since last: 35887000 ns, Reaching safepoint: 2100 ns, Cleanup: 2600 ns, At safepoint: 14767300 ns, Total: 14772000 ns
[2025-07-30T16:38:25.830+0800][51.655s][info][gc,start    ] GC(983) Pause Young (Normal) (G1 Evacuation Pause)
[2025-07-30T16:38:25.830+0800][51.655s][info][gc,task     ] GC(983) Using 1 workers of 1 for evacuation
[2025-07-30T16:38:25.846+0800][51.671s][info][gc,phases   ] GC(983)   Pre Evacuate Collection Set: 0.3ms
[2025-07-30T16:38:25.846+0800][51.671s][info][gc,phases   ] GC(983)   Merge Heap Roots: 0.1ms
[2025-07-30T16:38:25.846+0800][51.671s][info][gc,phases   ] GC(983)   Evacuate Collection Set: 14.9ms
[2025-07-30T16:38:25.846+0800][51.671s][info][gc,phases   ] GC(983)   Post Evacuate Collection Set: 0.7ms
[2025-07-30T16:38:25.846+0800][51.671s][info][gc,phases   ] GC(983)   Other: 0.1ms
[2025-07-30T16:38:25.846+0800][51.671s][info][gc,heap     ] GC(983) Eden regions: 1019->0(1018)
[2025-07-30T16:38:25.846+0800][51.671s][info][gc,heap     ] GC(983) Survivor regions: 145->146(146)
[2025-07-30T16:38:25.846+0800][51.671s][info][gc,heap     ] GC(983) Old regions: 561->561
[2025-07-30T16:38:25.846+0800][51.671s][info][gc,heap     ] GC(983) Humongous regions: 3->3
[2025-07-30T16:38:25.846+0800][51.671s][info][gc,metaspace] GC(983) Metaspace: 7247K(7552K)->7247K(7552K) NonClass: 6522K(6656K)->6522K(6656K) Class: 725K(896K)->725K(896K)
[2025-07-30T16:38:25.846+0800][51.671s][info][gc          ] GC(983) Pause Young (Normal) (G1 Evacuation Pause) 1726M->708M(2048M) 16.302ms
[2025-07-30T16:38:25.846+0800][51.671s][info][gc,cpu      ] GC(983) User=0.02s Sys=0.03s Real=0.02s
[2025-07-30T16:38:25.846+0800][51.671s][info][safepoint   ] Safepoint "G1CollectForAllocation", Time since last: 37192200 ns, Reaching safepoint: 2500 ns, Cleanup: 2700 ns, At safepoint: 16341600 ns, Total: 16346800 ns
[2025-07-30T16:38:25.885+0800][51.710s][info][gc,start    ] GC(984) Pause Young (Normal) (G1 Evacuation Pause)
[2025-07-30T16:38:25.885+0800][51.710s][info][gc,task     ] GC(984) Using 1 workers of 1 for evacuation
[2025-07-30T16:38:25.900+0800][51.726s][info][gc,phases   ] GC(984)   Pre Evacuate Collection Set: 0.5ms
[2025-07-30T16:38:25.900+0800][51.726s][info][gc,phases   ] GC(984)   Merge Heap Roots: 0.1ms
[2025-07-30T16:38:25.900+0800][51.726s][info][gc,phases   ] GC(984)   Evacuate Collection Set: 14.9ms
[2025-07-30T16:38:25.900+0800][51.726s][info][gc,phases   ] GC(984)   Post Evacuate Collection Set: 0.7ms
[2025-07-30T16:38:25.900+0800][51.726s][info][gc,phases   ] GC(984)   Other: 0.1ms
[2025-07-30T16:38:25.900+0800][51.726s][info][gc,heap     ] GC(984) Eden regions: 1018->0(1018)
[2025-07-30T16:38:25.900+0800][51.726s][info][gc,heap     ] GC(984) Survivor regions: 146->146(146)
[2025-07-30T16:38:25.900+0800][51.726s][info][gc,heap     ] GC(984) Old regions: 561->561
[2025-07-30T16:38:25.900+0800][51.726s][info][gc,heap     ] GC(984) Humongous regions: 3->3
[2025-07-30T16:38:25.900+0800][51.726s][info][gc,metaspace] GC(984) Metaspace: 7247K(7552K)->7247K(7552K) NonClass: 6522K(6656K)->6522K(6656K) Class: 725K(896K)->725K(896K)
[2025-07-30T16:38:25.900+0800][51.726s][info][gc          ] GC(984) Pause Young (Normal) (G1 Evacuation Pause) 1726M->708M(2048M) 16.375ms
[2025-07-30T16:38:25.900+0800][51.726s][info][gc,cpu      ] GC(984) User=0.02s Sys=0.00s Real=0.02s
[2025-07-30T16:38:25.900+0800][51.726s][info][safepoint   ] Safepoint "G1CollectForAllocation", Time since last: 38571900 ns, Reaching safepoint: 3300 ns, Cleanup: 3800 ns, At safepoint: 16416000 ns, Total: 16423100 ns
[2025-07-30T16:38:25.937+0800][51.763s][info][gc,start    ] GC(985) Pause Young (Normal) (G1 Evacuation Pause)
[2025-07-30T16:38:25.937+0800][51.763s][info][gc,task     ] GC(985) Using 1 workers of 1 for evacuation
[2025-07-30T16:38:25.954+0800][51.779s][info][gc,phases   ] GC(985)   Pre Evacuate Collection Set: 0.3ms
[2025-07-30T16:38:25.954+0800][51.779s][info][gc,phases   ] GC(985)   Merge Heap Roots: 0.1ms
[2025-07-30T16:38:25.954+0800][51.779s][info][gc,phases   ] GC(985)   Evacuate Collection Set: 14.7ms
[2025-07-30T16:38:25.954+0800][51.779s][info][gc,phases   ] GC(985)   Post Evacuate Collection Set: 0.7ms
[2025-07-30T16:38:25.954+0800][51.779s][info][gc,phases   ] GC(985)   Other: 0.1ms
[2025-07-30T16:38:25.954+0800][51.779s][info][gc,heap     ] GC(985) Eden regions: 1018->0(1017)
[2025-07-30T16:38:25.954+0800][51.779s][info][gc,heap     ] GC(985) Survivor regions: 146->146(146)
[2025-07-30T16:38:25.954+0800][51.779s][info][gc,heap     ] GC(985) Old regions: 561->561
[2025-07-30T16:38:25.954+0800][51.779s][info][gc,heap     ] GC(985) Humongous regions: 3->3
[2025-07-30T16:38:25.954+0800][51.779s][info][gc,metaspace] GC(985) Metaspace: 7247K(7552K)->7247K(7552K) NonClass: 6522K(6656K)->6522K(6656K) Class: 725K(896K)->725K(896K)
[2025-07-30T16:38:25.954+0800][51.779s][info][gc          ] GC(985) Pause Young (Normal) (G1 Evacuation Pause) 1726M->709M(2048M) 16.032ms
[2025-07-30T16:38:25.954+0800][51.779s][info][gc,cpu      ] GC(985) User=0.03s Sys=0.00s Real=0.02s
[2025-07-30T16:38:25.954+0800][51.779s][info][safepoint   ] Safepoint "G1CollectForAllocation", Time since last: 36565300 ns, Reaching safepoint: 2400 ns, Cleanup: 2600 ns, At safepoint: 16071700 ns, Total: 16076700 ns
[2025-07-30T16:38:25.990+0800][51.817s][info][gc,start    ] GC(986) Pause Young (Normal) (G1 Evacuation Pause)
[2025-07-30T16:38:25.990+0800][51.817s][info][gc,task     ] GC(986) Using 1 workers of 1 for evacuation
[2025-07-30T16:38:26.006+0800][51.832s][info][gc,phases   ] GC(986)   Pre Evacuate Collection Set: 0.4ms
[2025-07-30T16:38:26.006+0800][51.832s][info][gc,phases   ] GC(986)   Merge Heap Roots: 0.1ms
[2025-07-30T16:38:26.006+0800][51.832s][info][gc,phases   ] GC(986)   Evacuate Collection Set: 14.2ms
[2025-07-30T16:38:26.006+0800][51.832s][info][gc,phases   ] GC(986)   Post Evacuate Collection Set: 0.6ms
[2025-07-30T16:38:26.006+0800][51.832s][info][gc,phases   ] GC(986)   Other: 0.1ms
[2025-07-30T16:38:26.006+0800][51.832s][info][gc,heap     ] GC(986) Eden regions: 1017->0(1019)
[2025-07-30T16:38:26.006+0800][51.832s][info][gc,heap     ] GC(986) Survivor regions: 146->145(146)
[2025-07-30T16:38:26.006+0800][51.832s][info][gc,heap     ] GC(986) Old regions: 561->561
[2025-07-30T16:38:26.006+0800][51.832s][info][gc,heap     ] GC(986) Humongous regions: 3->3
[2025-07-30T16:38:26.006+0800][51.832s][info][gc,metaspace] GC(986) Metaspace: 7247K(7552K)->7247K(7552K) NonClass: 6522K(6656K)->6522K(6656K) Class: 725K(896K)->725K(896K)
[2025-07-30T16:38:26.006+0800][51.832s][info][gc          ] GC(986) Pause Young (Normal) (G1 Evacuation Pause) 1726M->708M(2048M) 15.547ms
[2025-07-30T16:38:26.006+0800][51.832s][info][gc,cpu      ] GC(986) User=0.02s Sys=0.00s Real=0.02s
[2025-07-30T16:38:26.006+0800][51.832s][info][safepoint   ] Safepoint "G1CollectForAllocation", Time since last: 37521400 ns, Reaching safepoint: 3300 ns, Cleanup: 3700 ns, At safepoint: 15588600 ns, Total: 15595600 ns
[2025-07-30T16:38:26.044+0800][51.869s][info][gc,start    ] GC(987) Pause Young (Normal) (G1 Evacuation Pause)
[2025-07-30T16:38:26.044+0800][51.870s][info][gc,task     ] GC(987) Using 1 workers of 1 for evacuation
[2025-07-30T16:38:26.059+0800][51.884s][info][gc,phases   ] GC(987)   Pre Evacuate Collection Set: 0.3ms
[2025-07-30T16:38:26.059+0800][51.884s][info][gc,phases   ] GC(987)   Merge Heap Roots: 0.0ms
[2025-07-30T16:38:26.059+0800][51.884s][info][gc,phases   ] GC(987)   Evacuate Collection Set: 13.9ms
[2025-07-30T16:38:26.059+0800][51.884s][info][gc,phases   ] GC(987)   Post Evacuate Collection Set: 0.6ms
[2025-07-30T16:38:26.059+0800][51.885s][info][gc,phases   ] GC(987)   Other: 0.1ms
[2025-07-30T16:38:26.059+0800][51.885s][info][gc,heap     ] GC(987) Eden regions: 1019->0(1017)
[2025-07-30T16:38:26.059+0800][51.885s][info][gc,heap     ] GC(987) Survivor regions: 145->146(146)
[2025-07-30T16:38:26.059+0800][51.885s][info][gc,heap     ] GC(987) Old regions: 561->561
[2025-07-30T16:38:26.059+0800][51.885s][info][gc,heap     ] GC(987) Humongous regions: 3->3
[2025-07-30T16:38:26.059+0800][51.885s][info][gc,metaspace] GC(987) Metaspace: 7247K(7552K)->7247K(7552K) NonClass: 6522K(6656K)->6522K(6656K) Class: 725K(896K)->725K(896K)
[2025-07-30T16:38:26.059+0800][51.885s][info][gc          ] GC(987) Pause Young (Normal) (G1 Evacuation Pause) 1727M->709M(2048M) 15.111ms
[2025-07-30T16:38:26.059+0800][51.885s][info][gc,cpu      ] GC(987) User=0.02s Sys=0.00s Real=0.02s
[2025-07-30T16:38:26.059+0800][51.885s][info][safepoint   ] Safepoint "G1CollectForAllocation", Time since last: 37374100 ns, Reaching safepoint: 2200 ns, Cleanup: 2600 ns, At safepoint: 15148800 ns, Total: 15153600 ns
[2025-07-30T16:38:26.096+0800][51.921s][info][gc,start    ] GC(988) Pause Young (Normal) (G1 Evacuation Pause)
[2025-07-30T16:38:26.096+0800][51.921s][info][gc,task     ] GC(988) Using 1 workers of 1 for evacuation
[2025-07-30T16:38:26.111+0800][51.936s][info][gc,phases   ] GC(988)   Pre Evacuate Collection Set: 0.4ms
[2025-07-30T16:38:26.111+0800][51.936s][info][gc,phases   ] GC(988)   Merge Heap Roots: 0.1ms
[2025-07-30T16:38:26.111+0800][51.936s][info][gc,phases   ] GC(988)   Evacuate Collection Set: 13.9ms
[2025-07-30T16:38:26.111+0800][51.936s][info][gc,phases   ] GC(988)   Post Evacuate Collection Set: 0.6ms
[2025-07-30T16:38:26.111+0800][51.936s][info][gc,phases   ] GC(988)   Other: 0.1ms
[2025-07-30T16:38:26.111+0800][51.936s][info][gc,heap     ] GC(988) Eden regions: 1017->0(1019)
[2025-07-30T16:38:26.111+0800][51.936s][info][gc,heap     ] GC(988) Survivor regions: 146->145(146)
[2025-07-30T16:38:26.111+0800][51.936s][info][gc,heap     ] GC(988) Old regions: 561->561
[2025-07-30T16:38:26.111+0800][51.936s][info][gc,heap     ] GC(988) Humongous regions: 3->3
[2025-07-30T16:38:26.111+0800][51.936s][info][gc,metaspace] GC(988) Metaspace: 7247K(7552K)->7247K(7552K) NonClass: 6522K(6656K)->6522K(6656K) Class: 725K(896K)->725K(896K)
[2025-07-30T16:38:26.111+0800][51.936s][info][gc          ] GC(988) Pause Young (Normal) (G1 Evacuation Pause) 1726M->708M(2048M) 15.226ms
[2025-07-30T16:38:26.111+0800][51.936s][info][gc,cpu      ] GC(988) User=0.02s Sys=0.00s Real=0.02s
[2025-07-30T16:38:26.111+0800][51.936s][info][safepoint   ] Safepoint "G1CollectForAllocation", Time since last: 36137400 ns, Reaching safepoint: 2800 ns, Cleanup: 3500 ns, At safepoint: 15266200 ns, Total: 15272500 ns
[2025-07-30T16:38:26.147+0800][51.972s][info][gc,start    ] GC(989) Pause Young (Normal) (G1 Evacuation Pause)
[2025-07-30T16:38:26.147+0800][51.972s][info][gc,task     ] GC(989) Using 1 workers of 1 for evacuation
[2025-07-30T16:38:26.162+0800][51.988s][info][gc,phases   ] GC(989)   Pre Evacuate Collection Set: 0.3ms
[2025-07-30T16:38:26.162+0800][51.988s][info][gc,phases   ] GC(989)   Merge Heap Roots: 0.1ms
[2025-07-30T16:38:26.162+0800][51.988s][info][gc,phases   ] GC(989)   Evacuate Collection Set: 14.5ms
[2025-07-30T16:38:26.162+0800][51.988s][info][gc,phases   ] GC(989)   Post Evacuate Collection Set: 0.6ms
[2025-07-30T16:38:26.162+0800][51.988s][info][gc,phases   ] GC(989)   Other: 0.1ms
[2025-07-30T16:38:26.162+0800][51.988s][info][gc,heap     ] GC(989) Eden regions: 1019->0(1017)
[2025-07-30T16:38:26.162+0800][51.988s][info][gc,heap     ] GC(989) Survivor regions: 145->146(146)
[2025-07-30T16:38:26.162+0800][51.988s][info][gc,heap     ] GC(989) Old regions: 561->561
[2025-07-30T16:38:26.162+0800][51.988s][info][gc,heap     ] GC(989) Humongous regions: 3->3
[2025-07-30T16:38:26.162+0800][51.988s][info][gc,metaspace] GC(989) Metaspace: 7247K(7552K)->7247K(7552K) NonClass: 6522K(6656K)->6522K(6656K) Class: 725K(896K)->725K(896K)
[2025-07-30T16:38:26.162+0800][51.988s][info][gc          ] GC(989) Pause Young (Normal) (G1 Evacuation Pause) 1727M->709M(2048M) 15.702ms
[2025-07-30T16:38:26.162+0800][51.988s][info][gc,cpu      ] GC(989) User=0.02s Sys=0.00s Real=0.01s
[2025-07-30T16:38:26.162+0800][51.988s][info][safepoint   ] Safepoint "G1CollectForAllocation", Time since last: 36172700 ns, Reaching safepoint: 1900 ns, Cleanup: 3000 ns, At safepoint: 15740700 ns, Total: 15745600 ns
[2025-07-30T16:38:26.199+0800][52.024s][info][gc,start    ] GC(990) Pause Young (Normal) (G1 Evacuation Pause)
[2025-07-30T16:38:26.199+0800][52.024s][info][gc,task     ] GC(990) Using 1 workers of 1 for evacuation
[2025-07-30T16:38:26.214+0800][52.039s][info][gc,phases   ] GC(990)   Pre Evacuate Collection Set: 0.3ms
[2025-07-30T16:38:26.214+0800][52.039s][info][gc,phases   ] GC(990)   Merge Heap Roots: 0.1ms
[2025-07-30T16:38:26.214+0800][52.039s][info][gc,phases   ] GC(990)   Evacuate Collection Set: 13.8ms
[2025-07-30T16:38:26.214+0800][52.039s][info][gc,phases   ] GC(990)   Post Evacuate Collection Set: 0.6ms
[2025-07-30T16:38:26.214+0800][52.039s][info][gc,phases   ] GC(990)   Other: 0.1ms
[2025-07-30T16:38:26.214+0800][52.039s][info][gc,heap     ] GC(990) Eden regions: 1017->0(1017)
[2025-07-30T16:38:26.214+0800][52.039s][info][gc,heap     ] GC(990) Survivor regions: 146->146(146)
[2025-07-30T16:38:26.214+0800][52.039s][info][gc,heap     ] GC(990) Old regions: 561->561
[2025-07-30T16:38:26.214+0800][52.039s][info][gc,heap     ] GC(990) Humongous regions: 3->3
[2025-07-30T16:38:26.214+0800][52.039s][info][gc,metaspace] GC(990) Metaspace: 7247K(7552K)->7247K(7552K) NonClass: 6522K(6656K)->6522K(6656K) Class: 725K(896K)->725K(896K)
[2025-07-30T16:38:26.214+0800][52.039s][info][gc          ] GC(990) Pause Young (Normal) (G1 Evacuation Pause) 1726M->708M(2048M) 14.948ms
[2025-07-30T16:38:26.214+0800][52.039s][info][gc,cpu      ] GC(990) User=0.02s Sys=0.00s Real=0.02s
[2025-07-30T16:38:26.214+0800][52.039s][info][safepoint   ] Safepoint "G1CollectForAllocation", Time since last: 36256800 ns, Reaching safepoint: 2200 ns, Cleanup: 2800 ns, At safepoint: 14988600 ns, Total: 14993600 ns
[2025-07-30T16:38:26.250+0800][52.075s][info][gc,start    ] GC(991) Pause Young (Normal) (G1 Evacuation Pause)
[2025-07-30T16:38:26.250+0800][52.075s][info][gc,task     ] GC(991) Using 1 workers of 1 for evacuation
[2025-07-30T16:38:26.264+0800][52.090s][info][gc,phases   ] GC(991)   Pre Evacuate Collection Set: 0.3ms
[2025-07-30T16:38:26.264+0800][52.090s][info][gc,phases   ] GC(991)   Merge Heap Roots: 0.0ms
[2025-07-30T16:38:26.264+0800][52.090s][info][gc,phases   ] GC(991)   Evacuate Collection Set: 13.6ms
[2025-07-30T16:38:26.264+0800][52.090s][info][gc,phases   ] GC(991)   Post Evacuate Collection Set: 0.5ms
[2025-07-30T16:38:26.264+0800][52.090s][info][gc,phases   ] GC(991)   Other: 0.1ms
[2025-07-30T16:38:26.264+0800][52.090s][info][gc,heap     ] GC(991) Eden regions: 1017->0(1019)
[2025-07-30T16:38:26.264+0800][52.090s][info][gc,heap     ] GC(991) Survivor regions: 146->145(146)
[2025-07-30T16:38:26.264+0800][52.090s][info][gc,heap     ] GC(991) Old regions: 561->561
[2025-07-30T16:38:26.264+0800][52.090s][info][gc,heap     ] GC(991) Humongous regions: 3->3
[2025-07-30T16:38:26.264+0800][52.090s][info][gc,metaspace] GC(991) Metaspace: 7247K(7552K)->7247K(7552K) NonClass: 6522K(6656K)->6522K(6656K) Class: 725K(896K)->725K(896K)
[2025-07-30T16:38:26.264+0800][52.090s][info][gc          ] GC(991) Pause Young (Normal) (G1 Evacuation Pause) 1725M->707M(2048M) 14.697ms
[2025-07-30T16:38:26.264+0800][52.090s][info][gc,cpu      ] GC(991) User=0.00s Sys=0.02s Real=0.01s
[2025-07-30T16:38:26.264+0800][52.090s][info][safepoint   ] Safepoint "G1CollectForAllocation", Time since last: 36170200 ns, Reaching safepoint: 2000 ns, Cleanup: 2700 ns, At safepoint: 14734000 ns, Total: 14738700 ns
[2025-07-30T16:38:26.301+0800][52.127s][info][gc,start    ] GC(992) Pause Young (Normal) (G1 Evacuation Pause)
[2025-07-30T16:38:26.301+0800][52.127s][info][gc,task     ] GC(992) Using 1 workers of 1 for evacuation
[2025-07-30T16:38:26.316+0800][52.141s][info][gc,phases   ] GC(992)   Pre Evacuate Collection Set: 0.3ms
[2025-07-30T16:38:26.316+0800][52.141s][info][gc,phases   ] GC(992)   Merge Heap Roots: 0.0ms
[2025-07-30T16:38:26.316+0800][52.142s][info][gc,phases   ] GC(992)   Evacuate Collection Set: 13.9ms
[2025-07-30T16:38:26.316+0800][52.142s][info][gc,phases   ] GC(992)   Post Evacuate Collection Set: 0.6ms
[2025-07-30T16:38:26.316+0800][52.142s][info][gc,phases   ] GC(992)   Other: 0.1ms
[2025-07-30T16:38:26.316+0800][52.142s][info][gc,heap     ] GC(992) Eden regions: 1019->0(1018)
[2025-07-30T16:38:26.316+0800][52.142s][info][gc,heap     ] GC(992) Survivor regions: 145->146(146)
[2025-07-30T16:38:26.316+0800][52.142s][info][gc,heap     ] GC(992) Old regions: 561->561
[2025-07-30T16:38:26.316+0800][52.142s][info][gc,heap     ] GC(992) Humongous regions: 3->3
[2025-07-30T16:38:26.316+0800][52.142s][info][gc,metaspace] GC(992) Metaspace: 7247K(7552K)->7247K(7552K) NonClass: 6522K(6656K)->6522K(6656K) Class: 725K(896K)->725K(896K)
[2025-07-30T16:38:26.317+0800][52.142s][info][gc          ] GC(992) Pause Young (Normal) (G1 Evacuation Pause) 1726M->708M(2048M) 15.182ms
[2025-07-30T16:38:26.317+0800][52.142s][info][gc,cpu      ] GC(992) User=0.02s Sys=0.00s Real=0.02s
[2025-07-30T16:38:26.317+0800][52.142s][info][safepoint   ] Safepoint "G1CollectForAllocation", Time since last: 36403800 ns, Reaching safepoint: 2000 ns, Cleanup: 2500 ns, At safepoint: 15246800 ns, Total: 15251300 ns
[2025-07-30T16:38:26.352+0800][52.178s][info][gc,start    ] GC(993) Pause Young (Normal) (G1 Evacuation Pause)
[2025-07-30T16:38:26.352+0800][52.178s][info][gc,task     ] GC(993) Using 1 workers of 1 for evacuation
[2025-07-30T16:38:26.368+0800][52.193s][info][gc,phases   ] GC(993)   Pre Evacuate Collection Set: 0.3ms
[2025-07-30T16:38:26.368+0800][52.193s][info][gc,phases   ] GC(993)   Merge Heap Roots: 0.1ms
[2025-07-30T16:38:26.368+0800][52.193s][info][gc,phases   ] GC(993)   Evacuate Collection Set: 13.7ms
[2025-07-30T16:38:26.368+0800][52.193s][info][gc,phases   ] GC(993)   Post Evacuate Collection Set: 0.6ms
[2025-07-30T16:38:26.368+0800][52.193s][info][gc,phases   ] GC(993)   Other: 0.1ms
[2025-07-30T16:38:26.368+0800][52.193s][info][gc,heap     ] GC(993) Eden regions: 1018->0(1018)
[2025-07-30T16:38:26.368+0800][52.193s][info][gc,heap     ] GC(993) Survivor regions: 146->146(146)
[2025-07-30T16:38:26.368+0800][52.193s][info][gc,heap     ] GC(993) Old regions: 561->561
[2025-07-30T16:38:26.368+0800][52.193s][info][gc,heap     ] GC(993) Humongous regions: 3->3
[2025-07-30T16:38:26.368+0800][52.193s][info][gc,metaspace] GC(993) Metaspace: 7247K(7552K)->7247K(7552K) NonClass: 6522K(6656K)->6522K(6656K) Class: 725K(896K)->725K(896K)
[2025-07-30T16:38:26.368+0800][52.193s][info][gc          ] GC(993) Pause Young (Normal) (G1 Evacuation Pause) 1726M->708M(2048M) 14.883ms
[2025-07-30T16:38:26.368+0800][52.193s][info][gc,cpu      ] GC(993) User=0.02s Sys=0.00s Real=0.02s
[2025-07-30T16:38:26.368+0800][52.193s][info][safepoint   ] Safepoint "G1CollectForAllocation", Time since last: 36264800 ns, Reaching safepoint: 2000 ns, Cleanup: 2400 ns, At safepoint: 14921400 ns, Total: 14925800 ns
[2025-07-30T16:38:26.404+0800][52.230s][info][gc,start    ] GC(994) Pause Young (Normal) (G1 Evacuation Pause)
[2025-07-30T16:38:26.404+0800][52.230s][info][gc,task     ] GC(994) Using 1 workers of 1 for evacuation
[2025-07-30T16:38:26.420+0800][52.245s][info][gc,phases   ] GC(994)   Pre Evacuate Collection Set: 0.4ms
[2025-07-30T16:38:26.420+0800][52.245s][info][gc,phases   ] GC(994)   Merge Heap Roots: 0.1ms
[2025-07-30T16:38:26.420+0800][52.245s][info][gc,phases   ] GC(994)   Evacuate Collection Set: 14.0ms
[2025-07-30T16:38:26.420+0800][52.245s][info][gc,phases   ] GC(994)   Post Evacuate Collection Set: 0.6ms
[2025-07-30T16:38:26.420+0800][52.245s][info][gc,phases   ] GC(994)   Other: 0.1ms
[2025-07-30T16:38:26.420+0800][52.245s][info][gc,heap     ] GC(994) Eden regions: 1018->0(1017)
[2025-07-30T16:38:26.420+0800][52.245s][info][gc,heap     ] GC(994) Survivor regions: 146->146(146)
[2025-07-30T16:38:26.420+0800][52.245s][info][gc,heap     ] GC(994) Old regions: 561->561
[2025-07-30T16:38:26.420+0800][52.245s][info][gc,heap     ] GC(994) Humongous regions: 3->3
[2025-07-30T16:38:26.420+0800][52.245s][info][gc,metaspace] GC(994) Metaspace: 7247K(7552K)->7247K(7552K) NonClass: 6522K(6656K)->6522K(6656K) Class: 725K(896K)->725K(896K)
[2025-07-30T16:38:26.420+0800][52.245s][info][gc          ] GC(994) Pause Young (Normal) (G1 Evacuation Pause) 1726M->708M(2048M) 15.434ms
[2025-07-30T16:38:26.420+0800][52.245s][info][gc,cpu      ] GC(994) User=0.02s Sys=0.00s Real=0.02s
[2025-07-30T16:38:26.420+0800][52.245s][info][safepoint   ] Safepoint "G1CollectForAllocation", Time since last: 36876400 ns, Reaching safepoint: 3100 ns, Cleanup: 3700 ns, At safepoint: 15475400 ns, Total: 15482200 ns
[2025-07-30T16:38:26.459+0800][52.284s][info][gc,start    ] GC(995) Pause Young (Normal) (G1 Evacuation Pause)
[2025-07-30T16:38:26.459+0800][52.284s][info][gc,task     ] GC(995) Using 1 workers of 1 for evacuation
[2025-07-30T16:38:26.474+0800][52.299s][info][gc,phases   ] GC(995)   Pre Evacuate Collection Set: 0.4ms
[2025-07-30T16:38:26.474+0800][52.299s][info][gc,phases   ] GC(995)   Merge Heap Roots: 0.1ms
[2025-07-30T16:38:26.474+0800][52.299s][info][gc,phases   ] GC(995)   Evacuate Collection Set: 14.1ms
[2025-07-30T16:38:26.474+0800][52.299s][info][gc,phases   ] GC(995)   Post Evacuate Collection Set: 0.7ms
[2025-07-30T16:38:26.474+0800][52.299s][info][gc,phases   ] GC(995)   Other: 0.1ms
[2025-07-30T16:38:26.474+0800][52.299s][info][gc,heap     ] GC(995) Eden regions: 1017->0(1019)
[2025-07-30T16:38:26.474+0800][52.299s][info][gc,heap     ] GC(995) Survivor regions: 146->145(146)
[2025-07-30T16:38:26.474+0800][52.299s][info][gc,heap     ] GC(995) Old regions: 561->561
[2025-07-30T16:38:26.474+0800][52.299s][info][gc,heap     ] GC(995) Humongous regions: 3->3
[2025-07-30T16:38:26.474+0800][52.299s][info][gc,metaspace] GC(995) Metaspace: 7247K(7552K)->7247K(7552K) NonClass: 6522K(6656K)->6522K(6656K) Class: 725K(896K)->725K(896K)
[2025-07-30T16:38:26.475+0800][52.299s][info][gc          ] GC(995) Pause Young (Normal) (G1 Evacuation Pause) 1725M->708M(2048M) 15.514ms
[2025-07-30T16:38:26.475+0800][52.299s][info][gc,cpu      ] GC(995) User=0.02s Sys=0.00s Real=0.02s
[2025-07-30T16:38:26.475+0800][52.299s][info][safepoint   ] Safepoint "G1CollectForAllocation", Time since last: 38628400 ns, Reaching safepoint: 3300 ns, Cleanup: 4300 ns, At safepoint: 15559100 ns, Total: 15566700 ns
[2025-07-30T16:38:26.511+0800][52.337s][info][gc,start    ] GC(996) Pause Young (Normal) (G1 Evacuation Pause)
[2025-07-30T16:38:26.511+0800][52.337s][info][gc,task     ] GC(996) Using 1 workers of 1 for evacuation
[2025-07-30T16:38:26.526+0800][52.352s][info][gc,phases   ] GC(996)   Pre Evacuate Collection Set: 0.4ms
[2025-07-30T16:38:26.526+0800][52.352s][info][gc,phases   ] GC(996)   Merge Heap Roots: 0.1ms
[2025-07-30T16:38:26.526+0800][52.352s][info][gc,phases   ] GC(996)   Evacuate Collection Set: 14.1ms
[2025-07-30T16:38:26.526+0800][52.352s][info][gc,phases   ] GC(996)   Post Evacuate Collection Set: 0.7ms
[2025-07-30T16:38:26.527+0800][52.352s][info][gc,phases   ] GC(996)   Other: 0.1ms
[2025-07-30T16:38:26.527+0800][52.352s][info][gc,heap     ] GC(996) Eden regions: 1019->0(1017)
[2025-07-30T16:38:26.527+0800][52.352s][info][gc,heap     ] GC(996) Survivor regions: 145->146(146)
[2025-07-30T16:38:26.527+0800][52.352s][info][gc,heap     ] GC(996) Old regions: 561->561
[2025-07-30T16:38:26.527+0800][52.352s][info][gc,heap     ] GC(996) Humongous regions: 3->3
[2025-07-30T16:38:26.527+0800][52.352s][info][gc,metaspace] GC(996) Metaspace: 7247K(7552K)->7247K(7552K) NonClass: 6522K(6656K)->6522K(6656K) Class: 725K(896K)->725K(896K)
[2025-07-30T16:38:26.527+0800][52.352s][info][gc          ] GC(996) Pause Young (Normal) (G1 Evacuation Pause) 1727M->709M(2048M) 15.541ms
[2025-07-30T16:38:26.527+0800][52.352s][info][gc,cpu      ] GC(996) User=0.02s Sys=0.00s Real=0.02s
[2025-07-30T16:38:26.527+0800][52.352s][info][safepoint   ] Safepoint "G1CollectForAllocation", Time since last: 37381100 ns, Reaching safepoint: 2700 ns, Cleanup: 3900 ns, At safepoint: 15582000 ns, Total: 15588600 ns
[2025-07-30T16:38:26.564+0800][52.390s][info][gc,start    ] GC(997) Pause Young (Normal) (G1 Evacuation Pause)
[2025-07-30T16:38:26.564+0800][52.390s][info][gc,task     ] GC(997) Using 1 workers of 1 for evacuation
[2025-07-30T16:38:26.580+0800][52.405s][info][gc,phases   ] GC(997)   Pre Evacuate Collection Set: 0.4ms
[2025-07-30T16:38:26.580+0800][52.405s][info][gc,phases   ] GC(997)   Merge Heap Roots: 0.1ms
[2025-07-30T16:38:26.580+0800][52.405s][info][gc,phases   ] GC(997)   Evacuate Collection Set: 14.4ms
[2025-07-30T16:38:26.580+0800][52.405s][info][gc,phases   ] GC(997)   Post Evacuate Collection Set: 0.6ms
[2025-07-30T16:38:26.580+0800][52.405s][info][gc,phases   ] GC(997)   Other: 0.1ms
[2025-07-30T16:38:26.580+0800][52.405s][info][gc,heap     ] GC(997) Eden regions: 1017->0(1019)
[2025-07-30T16:38:26.580+0800][52.405s][info][gc,heap     ] GC(997) Survivor regions: 146->145(146)
[2025-07-30T16:38:26.580+0800][52.405s][info][gc,heap     ] GC(997) Old regions: 561->561
[2025-07-30T16:38:26.580+0800][52.405s][info][gc,heap     ] GC(997) Humongous regions: 3->3
[2025-07-30T16:38:26.580+0800][52.405s][info][gc,metaspace] GC(997) Metaspace: 7247K(7552K)->7247K(7552K) NonClass: 6522K(6656K)->6522K(6656K) Class: 725K(896K)->725K(896K)
[2025-07-30T16:38:26.580+0800][52.405s][info][gc          ] GC(997) Pause Young (Normal) (G1 Evacuation Pause) 1726M->708M(2048M) 15.705ms
[2025-07-30T16:38:26.580+0800][52.405s][info][gc,cpu      ] GC(997) User=0.02s Sys=0.00s Real=0.02s
[2025-07-30T16:38:26.580+0800][52.405s][info][safepoint   ] Safepoint "G1CollectForAllocation", Time since last: 37253800 ns, Reaching safepoint: 3000 ns, Cleanup: 2800 ns, At safepoint: 15748600 ns, Total: 15754400 ns
[2025-07-30T16:38:26.617+0800][52.443s][info][gc,start    ] GC(998) Pause Young (Normal) (G1 Evacuation Pause)
[2025-07-30T16:38:26.617+0800][52.443s][info][gc,task     ] GC(998) Using 1 workers of 1 for evacuation
[2025-07-30T16:38:26.633+0800][52.458s][info][gc,phases   ] GC(998)   Pre Evacuate Collection Set: 0.4ms
[2025-07-30T16:38:26.634+0800][52.460s][info][gc,phases   ] GC(998)   Merge Heap Roots: 0.1ms
[2025-07-30T16:38:26.635+0800][52.460s][info][gc,phases   ] GC(998)   Evacuate Collection Set: 14.7ms
[2025-07-30T16:38:26.635+0800][52.460s][info][gc,phases   ] GC(998)   Post Evacuate Collection Set: 0.7ms
[2025-07-30T16:38:26.635+0800][52.460s][info][gc,phases   ] GC(998)   Other: 0.1ms
[2025-07-30T16:38:26.635+0800][52.460s][info][gc,heap     ] GC(998) Eden regions: 1019->0(1017)
[2025-07-30T16:38:26.635+0800][52.460s][info][gc,heap     ] GC(998) Survivor regions: 145->146(146)
[2025-07-30T16:38:26.635+0800][52.460s][info][gc,heap     ] GC(998) Old regions: 561->561
[2025-07-30T16:38:26.635+0800][52.460s][info][gc,heap     ] GC(998) Humongous regions: 3->3
[2025-07-30T16:38:26.635+0800][52.460s][info][gc,metaspace] GC(998) Metaspace: 7247K(7552K)->7247K(7552K) NonClass: 6522K(6656K)->6522K(6656K) Class: 725K(896K)->725K(896K)
[2025-07-30T16:38:26.635+0800][52.460s][info][gc          ] GC(998) Pause Young (Normal) (G1 Evacuation Pause) 1727M->709M(2048M) 17.531ms
[2025-07-30T16:38:26.635+0800][52.460s][info][gc,cpu      ] GC(998) User=0.02s Sys=0.00s Real=0.02s
[2025-07-30T16:38:26.635+0800][52.460s][info][safepoint   ] Safepoint "G1CollectForAllocation", Time since last: 37051200 ns, Reaching safepoint: 2600 ns, Cleanup: 2800 ns, At safepoint: 17573300 ns, Total: 17578700 ns
[2025-07-30T16:38:26.671+0800][52.497s][info][gc,start    ] GC(999) Pause Young (Normal) (G1 Evacuation Pause)
[2025-07-30T16:38:26.671+0800][52.497s][info][gc,task     ] GC(999) Using 1 workers of 1 for evacuation
[2025-07-30T16:38:26.686+0800][52.511s][info][gc,phases   ] GC(999)   Pre Evacuate Collection Set: 0.3ms
[2025-07-30T16:38:26.686+0800][52.511s][info][gc,phases   ] GC(999)   Merge Heap Roots: 0.0ms
[2025-07-30T16:38:26.687+0800][52.512s][info][gc,phases   ] GC(999)   Evacuate Collection Set: 13.9ms
[2025-07-30T16:38:26.687+0800][52.512s][info][gc,phases   ] GC(999)   Post Evacuate Collection Set: 0.6ms
[2025-07-30T16:38:26.687+0800][52.512s][info][gc,phases   ] GC(999)   Other: 0.1ms
[2025-07-30T16:38:26.687+0800][52.512s][info][gc,heap     ] GC(999) Eden regions: 1017->0(1017)
[2025-07-30T16:38:26.687+0800][52.512s][info][gc,heap     ] GC(999) Survivor regions: 146->146(146)
[2025-07-30T16:38:26.687+0800][52.512s][info][gc,heap     ] GC(999) Old regions: 561->561
[2025-07-30T16:38:26.687+0800][52.512s][info][gc,heap     ] GC(999) Humongous regions: 3->3
[2025-07-30T16:38:26.687+0800][52.512s][info][gc,metaspace] GC(999) Metaspace: 7247K(7552K)->7247K(7552K) NonClass: 6522K(6656K)->6522K(6656K) Class: 725K(896K)->725K(896K)
[2025-07-30T16:38:26.687+0800][52.512s][info][gc          ] GC(999) Pause Young (Normal) (G1 Evacuation Pause) 1726M->708M(2048M) 15.079ms
[2025-07-30T16:38:26.687+0800][52.512s][info][gc,cpu      ] GC(999) User=0.02s Sys=0.00s Real=0.02s
[2025-07-30T16:38:26.687+0800][52.512s][info][safepoint   ] Safepoint "G1CollectForAllocation", Time since last: 36405200 ns, Reaching safepoint: 2600 ns, Cleanup: 2700 ns, At safepoint: 15117100 ns, Total: 15122400 ns
[2025-07-30T16:38:26.723+0800][52.548s][info][gc,start    ] GC(1000) Pause Young (Normal) (G1 Evacuation Pause)
[2025-07-30T16:38:26.723+0800][52.548s][info][gc,task     ] GC(1000) Using 1 workers of 1 for evacuation
[2025-07-30T16:38:26.738+0800][52.564s][info][gc,phases   ] GC(1000)   Pre Evacuate Collection Set: 0.3ms
[2025-07-30T16:38:26.738+0800][52.564s][info][gc,phases   ] GC(1000)   Merge Heap Roots: 0.0ms
[2025-07-30T16:38:26.738+0800][52.564s][info][gc,phases   ] GC(1000)   Evacuate Collection Set: 14.3ms
[2025-07-30T16:38:26.738+0800][52.564s][info][gc,phases   ] GC(1000)   Post Evacuate Collection Set: 0.6ms
[2025-07-30T16:38:26.738+0800][52.564s][info][gc,phases   ] GC(1000)   Other: 0.1ms
[2025-07-30T16:38:26.738+0800][52.564s][info][gc,heap     ] GC(1000) Eden regions: 1017->0(1019)
[2025-07-30T16:38:26.738+0800][52.564s][info][gc,heap     ] GC(1000) Survivor regions: 146->145(146)
[2025-07-30T16:38:26.738+0800][52.564s][info][gc,heap     ] GC(1000) Old regions: 561->561
[2025-07-30T16:38:26.738+0800][52.564s][info][gc,heap     ] GC(1000) Humongous regions: 3->3
[2025-07-30T16:38:26.738+0800][52.564s][info][gc,metaspace] GC(1000) Metaspace: 7247K(7552K)->7247K(7552K) NonClass: 6522K(6656K)->6522K(6656K) Class: 725K(896K)->725K(896K)
[2025-07-30T16:38:26.738+0800][52.564s][info][gc          ] GC(1000) Pause Young (Normal) (G1 Evacuation Pause) 1725M->707M(2048M) 15.514ms
[2025-07-30T16:38:26.738+0800][52.564s][info][gc,cpu      ] GC(1000) User=0.02s Sys=0.00s Real=0.01s
[2025-07-30T16:38:26.738+0800][52.564s][info][safepoint   ] Safepoint "G1CollectForAllocation", Time since last: 36507000 ns, Reaching safepoint: 2300 ns, Cleanup: 2600 ns, At safepoint: 15552300 ns, Total: 15557200 ns
[2025-07-30T16:38:26.775+0800][52.601s][info][gc,start    ] GC(1001) Pause Young (Normal) (G1 Evacuation Pause)
[2025-07-30T16:38:26.775+0800][52.601s][info][gc,task     ] GC(1001) Using 1 workers of 1 for evacuation
[2025-07-30T16:38:26.791+0800][52.616s][info][gc,phases   ] GC(1001)   Pre Evacuate Collection Set: 0.4ms
[2025-07-30T16:38:26.791+0800][52.616s][info][gc,phases   ] GC(1001)   Merge Heap Roots: 0.1ms
[2025-07-30T16:38:26.791+0800][52.616s][info][gc,phases   ] GC(1001)   Evacuate Collection Set: 13.9ms
[2025-07-30T16:38:26.791+0800][52.616s][info][gc,phases   ] GC(1001)   Post Evacuate Collection Set: 0.6ms
[2025-07-30T16:38:26.791+0800][52.616s][info][gc,phases   ] GC(1001)   Other: 0.1ms
[2025-07-30T16:38:26.791+0800][52.616s][info][gc,heap     ] GC(1001) Eden regions: 1019->0(1018)
[2025-07-30T16:38:26.791+0800][52.616s][info][gc,heap     ] GC(1001) Survivor regions: 145->146(146)
[2025-07-30T16:38:26.791+0800][52.616s][info][gc,heap     ] GC(1001) Old regions: 561->561
[2025-07-30T16:38:26.791+0800][52.616s][info][gc,heap     ] GC(1001) Humongous regions: 3->3
[2025-07-30T16:38:26.791+0800][52.616s][info][gc,metaspace] GC(1001) Metaspace: 7247K(7552K)->7247K(7552K) NonClass: 6522K(6656K)->6522K(6656K) Class: 725K(896K)->725K(896K)
[2025-07-30T16:38:26.791+0800][52.616s][info][gc          ] GC(1001) Pause Young (Normal) (G1 Evacuation Pause) 1726M->708M(2048M) 15.207ms
[2025-07-30T16:38:26.791+0800][52.616s][info][gc,cpu      ] GC(1001) User=0.02s Sys=0.00s Real=0.02s
[2025-07-30T16:38:26.791+0800][52.616s][info][safepoint   ] Safepoint "G1CollectForAllocation", Time since last: 37119600 ns, Reaching safepoint: 3100 ns, Cleanup: 3600 ns, At safepoint: 15249800 ns, Total: 15256500 ns
[2025-07-30T16:38:26.828+0800][52.653s][info][gc,start    ] GC(1002) Pause Young (Normal) (G1 Evacuation Pause)
[2025-07-30T16:38:26.828+0800][52.653s][info][gc,task     ] GC(1002) Using 1 workers of 1 for evacuation
[2025-07-30T16:38:26.843+0800][52.669s][info][gc,phases   ] GC(1002)   Pre Evacuate Collection Set: 0.4ms
[2025-07-30T16:38:26.843+0800][52.669s][info][gc,phases   ] GC(1002)   Merge Heap Roots: 0.1ms
[2025-07-30T16:38:26.843+0800][52.669s][info][gc,phases   ] GC(1002)   Evacuate Collection Set: 14.6ms
[2025-07-30T16:38:26.843+0800][52.669s][info][gc,phases   ] GC(1002)   Post Evacuate Collection Set: 0.6ms
[2025-07-30T16:38:26.843+0800][52.669s][info][gc,phases   ] GC(1002)   Other: 0.1ms
[2025-07-30T16:38:26.843+0800][52.669s][info][gc,heap     ] GC(1002) Eden regions: 1018->0(1018)
[2025-07-30T16:38:26.843+0800][52.669s][info][gc,heap     ] GC(1002) Survivor regions: 146->146(146)
[2025-07-30T16:38:26.843+0800][52.669s][info][gc,heap     ] GC(1002) Old regions: 561->561
[2025-07-30T16:38:26.843+0800][52.669s][info][gc,heap     ] GC(1002) Humongous regions: 3->3
[2025-07-30T16:38:26.843+0800][52.669s][info][gc,metaspace] GC(1002) Metaspace: 7247K(7552K)->7247K(7552K) NonClass: 6522K(6656K)->6522K(6656K) Class: 725K(896K)->725K(896K)
[2025-07-30T16:38:26.843+0800][52.669s][info][gc          ] GC(1002) Pause Young (Normal) (G1 Evacuation Pause) 1726M->708M(2048M) 15.923ms
[2025-07-30T16:38:26.843+0800][52.669s][info][gc,cpu      ] GC(1002) User=0.02s Sys=0.00s Real=0.01s
[2025-07-30T16:38:26.843+0800][52.669s][info][safepoint   ] Safepoint "G1CollectForAllocation", Time since last: 36851600 ns, Reaching safepoint: 3200 ns, Cleanup: 4200 ns, At safepoint: 15964400 ns, Total: 15971800 ns
[2025-07-30T16:38:26.879+0800][52.705s][info][gc,start    ] GC(1003) Pause Young (Normal) (G1 Evacuation Pause)
[2025-07-30T16:38:26.880+0800][52.705s][info][gc,task     ] GC(1003) Using 1 workers of 1 for evacuation
[2025-07-30T16:38:26.894+0800][52.720s][info][gc,phases   ] GC(1003)   Pre Evacuate Collection Set: 0.3ms
[2025-07-30T16:38:26.894+0800][52.720s][info][gc,phases   ] GC(1003)   Merge Heap Roots: 0.1ms
[2025-07-30T16:38:26.894+0800][52.720s][info][gc,phases   ] GC(1003)   Evacuate Collection Set: 13.9ms
[2025-07-30T16:38:26.894+0800][52.720s][info][gc,phases   ] GC(1003)   Post Evacuate Collection Set: 0.6ms
[2025-07-30T16:38:26.894+0800][52.720s][info][gc,phases   ] GC(1003)   Other: 0.1ms
[2025-07-30T16:38:26.895+0800][52.720s][info][gc,heap     ] GC(1003) Eden regions: 1018->0(1018)
[2025-07-30T16:38:26.895+0800][52.720s][info][gc,heap     ] GC(1003) Survivor regions: 146->146(146)
[2025-07-30T16:38:26.895+0800][52.720s][info][gc,heap     ] GC(1003) Old regions: 561->561
[2025-07-30T16:38:26.895+0800][52.720s][info][gc,heap     ] GC(1003) Humongous regions: 3->3
[2025-07-30T16:38:26.895+0800][52.720s][info][gc,metaspace] GC(1003) Metaspace: 7247K(7552K)->7247K(7552K) NonClass: 6522K(6656K)->6522K(6656K) Class: 725K(896K)->725K(896K)
[2025-07-30T16:38:26.895+0800][52.720s][info][gc          ] GC(1003) Pause Young (Normal) (G1 Evacuation Pause) 1726M->708M(2048M) 15.129ms
[2025-07-30T16:38:26.895+0800][52.720s][info][gc,cpu      ] GC(1003) User=0.02s Sys=0.00s Real=0.02s
[2025-07-30T16:38:26.895+0800][52.720s][info][safepoint   ] Safepoint "G1CollectForAllocation", Time since last: 35959500 ns, Reaching safepoint: 2900 ns, Cleanup: 3100 ns, At safepoint: 15198300 ns, Total: 15204300 ns
[2025-07-30T16:38:26.932+0800][52.757s][info][gc,start    ] GC(1004) Pause Young (Normal) (G1 Evacuation Pause)
[2025-07-30T16:38:26.932+0800][52.757s][info][gc,task     ] GC(1004) Using 1 workers of 1 for evacuation
[2025-07-30T16:38:26.948+0800][52.773s][info][gc,phases   ] GC(1004)   Pre Evacuate Collection Set: 0.5ms
[2025-07-30T16:38:26.948+0800][52.773s][info][gc,phases   ] GC(1004)   Merge Heap Roots: 0.1ms
[2025-07-30T16:38:26.948+0800][52.773s][info][gc,phases   ] GC(1004)   Evacuate Collection Set: 14.6ms
[2025-07-30T16:38:26.948+0800][52.773s][info][gc,phases   ] GC(1004)   Post Evacuate Collection Set: 0.7ms
[2025-07-30T16:38:26.948+0800][52.773s][info][gc,phases   ] GC(1004)   Other: 0.1ms
[2025-07-30T16:38:26.948+0800][52.773s][info][gc,heap     ] GC(1004) Eden regions: 1018->0(1017)
[2025-07-30T16:38:26.948+0800][52.773s][info][gc,heap     ] GC(1004) Survivor regions: 146->146(146)
[2025-07-30T16:38:26.948+0800][52.773s][info][gc,heap     ] GC(1004) Old regions: 561->561
[2025-07-30T16:38:26.948+0800][52.773s][info][gc,heap     ] GC(1004) Humongous regions: 3->3
[2025-07-30T16:38:26.948+0800][52.773s][info][gc,metaspace] GC(1004) Metaspace: 7247K(7552K)->7247K(7552K) NonClass: 6522K(6656K)->6522K(6656K) Class: 725K(896K)->725K(896K)
[2025-07-30T16:38:26.948+0800][52.773s][info][gc          ] GC(1004) Pause Young (Normal) (G1 Evacuation Pause) 1726M->709M(2048M) 16.127ms
[2025-07-30T16:38:26.948+0800][52.773s][info][gc,cpu      ] GC(1004) User=0.02s Sys=0.02s Real=0.02s
[2025-07-30T16:38:26.948+0800][52.774s][info][safepoint   ] Safepoint "G1CollectForAllocation", Time since last: 37278200 ns, Reaching safepoint: 3600 ns, Cleanup: 4200 ns, At safepoint: 16167700 ns, Total: 16175500 ns
[2025-07-30T16:38:26.985+0800][52.810s][info][gc,start    ] GC(1005) Pause Young (Normal) (G1 Evacuation Pause)
[2025-07-30T16:38:26.985+0800][52.810s][info][gc,task     ] GC(1005) Using 1 workers of 1 for evacuation
[2025-07-30T16:38:26.999+0800][52.825s][info][gc,phases   ] GC(1005)   Pre Evacuate Collection Set: 0.4ms
[2025-07-30T16:38:26.999+0800][52.825s][info][gc,phases   ] GC(1005)   Merge Heap Roots: 0.1ms
[2025-07-30T16:38:26.999+0800][52.825s][info][gc,phases   ] GC(1005)   Evacuate Collection Set: 13.8ms
[2025-07-30T16:38:26.999+0800][52.825s][info][gc,phases   ] GC(1005)   Post Evacuate Collection Set: 0.6ms
[2025-07-30T16:38:26.999+0800][52.825s][info][gc,phases   ] GC(1005)   Other: 0.1ms
[2025-07-30T16:38:26.999+0800][52.825s][info][gc,heap     ] GC(1005) Eden regions: 1017->0(1019)
[2025-07-30T16:38:26.999+0800][52.825s][info][gc,heap     ] GC(1005) Survivor regions: 146->145(146)
[2025-07-30T16:38:26.999+0800][52.825s][info][gc,heap     ] GC(1005) Old regions: 561->561
[2025-07-30T16:38:26.999+0800][52.825s][info][gc,heap     ] GC(1005) Humongous regions: 3->3
[2025-07-30T16:38:26.999+0800][52.825s][info][gc,metaspace] GC(1005) Metaspace: 7247K(7552K)->7247K(7552K) NonClass: 6522K(6656K)->6522K(6656K) Class: 725K(896K)->725K(896K)
[2025-07-30T16:38:26.999+0800][52.825s][info][gc          ] GC(1005) Pause Young (Normal) (G1 Evacuation Pause) 1726M->708M(2048M) 15.169ms
[2025-07-30T16:38:26.999+0800][52.825s][info][gc,cpu      ] GC(1005) User=0.00s Sys=0.00s Real=0.01s
[2025-07-30T16:38:27.000+0800][52.825s][info][safepoint   ] Safepoint "G1CollectForAllocation", Time since last: 36728600 ns, Reaching safepoint: 2300 ns, Cleanup: 2900 ns, At safepoint: 15210400 ns, Total: 15215600 ns
[2025-07-30T16:38:27.038+0800][52.863s][info][gc,start    ] GC(1006) Pause Young (Normal) (G1 Evacuation Pause)
[2025-07-30T16:38:27.038+0800][52.863s][info][gc,task     ] GC(1006) Using 1 workers of 1 for evacuation
[2025-07-30T16:38:27.053+0800][52.879s][info][gc,phases   ] GC(1006)   Pre Evacuate Collection Set: 0.4ms
[2025-07-30T16:38:27.053+0800][52.879s][info][gc,phases   ] GC(1006)   Merge Heap Roots: 0.1ms
[2025-07-30T16:38:27.053+0800][52.879s][info][gc,phases   ] GC(1006)   Evacuate Collection Set: 14.4ms
[2025-07-30T16:38:27.053+0800][52.879s][info][gc,phases   ] GC(1006)   Post Evacuate Collection Set: 0.7ms
[2025-07-30T16:38:27.053+0800][52.879s][info][gc,phases   ] GC(1006)   Other: 0.1ms
[2025-07-30T16:38:27.053+0800][52.879s][info][gc,heap     ] GC(1006) Eden regions: 1019->0(1017)
[2025-07-30T16:38:27.053+0800][52.879s][info][gc,heap     ] GC(1006) Survivor regions: 145->146(146)
[2025-07-30T16:38:27.053+0800][52.879s][info][gc,heap     ] GC(1006) Old regions: 561->561
[2025-07-30T16:38:27.053+0800][52.879s][info][gc,heap     ] GC(1006) Humongous regions: 3->3
[2025-07-30T16:38:27.053+0800][52.879s][info][gc,metaspace] GC(1006) Metaspace: 7247K(7552K)->7247K(7552K) NonClass: 6522K(6656K)->6522K(6656K) Class: 725K(896K)->725K(896K)
[2025-07-30T16:38:27.053+0800][52.879s][info][gc          ] GC(1006) Pause Young (Normal) (G1 Evacuation Pause) 1727M->709M(2048M) 15.780ms
[2025-07-30T16:38:27.053+0800][52.879s][info][gc,cpu      ] GC(1006) User=0.02s Sys=0.00s Real=0.01s
[2025-07-30T16:38:27.053+0800][52.879s][info][safepoint   ] Safepoint "G1CollectForAllocation", Time since last: 37579200 ns, Reaching safepoint: 2300 ns, Cleanup: 2900 ns, At safepoint: 15819000 ns, Total: 15824200 ns
[2025-07-30T16:38:27.091+0800][52.917s][info][gc,start    ] GC(1007) Pause Young (Normal) (G1 Evacuation Pause)
[2025-07-30T16:38:27.091+0800][52.917s][info][gc,task     ] GC(1007) Using 1 workers of 1 for evacuation
[2025-07-30T16:38:27.106+0800][52.931s][info][gc,phases   ] GC(1007)   Pre Evacuate Collection Set: 0.3ms
[2025-07-30T16:38:27.106+0800][52.932s][info][gc,phases   ] GC(1007)   Merge Heap Roots: 0.1ms
[2025-07-30T16:38:27.106+0800][52.932s][info][gc,phases   ] GC(1007)   Evacuate Collection Set: 13.8ms
[2025-07-30T16:38:27.106+0800][52.932s][info][gc,phases   ] GC(1007)   Post Evacuate Collection Set: 0.6ms
[2025-07-30T16:38:27.106+0800][52.932s][info][gc,phases   ] GC(1007)   Other: 0.1ms
[2025-07-30T16:38:27.106+0800][52.932s][info][gc,heap     ] GC(1007) Eden regions: 1017->0(1019)
[2025-07-30T16:38:27.106+0800][52.932s][info][gc,heap     ] GC(1007) Survivor regions: 146->145(146)
[2025-07-30T16:38:27.106+0800][52.932s][info][gc,heap     ] GC(1007) Old regions: 561->561
[2025-07-30T16:38:27.106+0800][52.932s][info][gc,heap     ] GC(1007) Humongous regions: 3->3
[2025-07-30T16:38:27.106+0800][52.932s][info][gc,metaspace] GC(1007) Metaspace: 7247K(7552K)->7247K(7552K) NonClass: 6522K(6656K)->6522K(6656K) Class: 725K(896K)->725K(896K)
[2025-07-30T16:38:27.106+0800][52.932s][info][gc          ] GC(1007) Pause Young (Normal) (G1 Evacuation Pause) 1726M->708M(2048M) 15.048ms
[2025-07-30T16:38:27.106+0800][52.932s][info][gc,cpu      ] GC(1007) User=0.02s Sys=0.00s Real=0.01s
[2025-07-30T16:38:27.106+0800][52.932s][info][safepoint   ] Safepoint "G1CollectForAllocation", Time since last: 37713300 ns, Reaching safepoint: 3200 ns, Cleanup: 3100 ns, At safepoint: 15086900 ns, Total: 15093200 ns
[2025-07-30T16:38:27.145+0800][52.971s][info][gc,start    ] GC(1008) Pause Young (Normal) (G1 Evacuation Pause)
[2025-07-30T16:38:27.145+0800][52.971s][info][gc,task     ] GC(1008) Using 1 workers of 1 for evacuation
[2025-07-30T16:38:27.161+0800][52.987s][info][gc,phases   ] GC(1008)   Pre Evacuate Collection Set: 0.4ms
[2025-07-30T16:38:27.161+0800][52.987s][info][gc,phases   ] GC(1008)   Merge Heap Roots: 0.1ms
[2025-07-30T16:38:27.161+0800][52.987s][info][gc,phases   ] GC(1008)   Evacuate Collection Set: 14.6ms
[2025-07-30T16:38:27.161+0800][52.987s][info][gc,phases   ] GC(1008)   Post Evacuate Collection Set: 0.6ms
[2025-07-30T16:38:27.161+0800][52.987s][info][gc,phases   ] GC(1008)   Other: 0.1ms
[2025-07-30T16:38:27.162+0800][52.987s][info][gc,heap     ] GC(1008) Eden regions: 1019->0(1017)
[2025-07-30T16:38:27.162+0800][52.987s][info][gc,heap     ] GC(1008) Survivor regions: 145->146(146)
[2025-07-30T16:38:27.162+0800][52.987s][info][gc,heap     ] GC(1008) Old regions: 561->561
[2025-07-30T16:38:27.162+0800][52.987s][info][gc,heap     ] GC(1008) Humongous regions: 3->3
[2025-07-30T16:38:27.162+0800][52.987s][info][gc,metaspace] GC(1008) Metaspace: 7247K(7552K)->7247K(7552K) NonClass: 6522K(6656K)->6522K(6656K) Class: 725K(896K)->725K(896K)
[2025-07-30T16:38:27.162+0800][52.987s][info][gc          ] GC(1008) Pause Young (Normal) (G1 Evacuation Pause) 1727M->709M(2048M) 15.883ms
[2025-07-30T16:38:27.162+0800][52.987s][info][gc,cpu      ] GC(1008) User=0.02s Sys=0.00s Real=0.02s
[2025-07-30T16:38:27.162+0800][52.987s][info][safepoint   ] Safepoint "G1CollectForAllocation", Time since last: 39324900 ns, Reaching safepoint: 3000 ns, Cleanup: 2800 ns, At safepoint: 15924700 ns, Total: 15930500 ns
[2025-07-30T16:38:27.197+0800][53.023s][info][gc,start    ] GC(1009) Pause Young (Normal) (G1 Evacuation Pause)
[2025-07-30T16:38:27.198+0800][53.023s][info][gc,task     ] GC(1009) Using 1 workers of 1 for evacuation
[2025-07-30T16:38:27.213+0800][53.039s][info][gc,phases   ] GC(1009)   Pre Evacuate Collection Set: 0.3ms
[2025-07-30T16:38:27.213+0800][53.039s][info][gc,phases   ] GC(1009)   Merge Heap Roots: 0.1ms
[2025-07-30T16:38:27.213+0800][53.039s][info][gc,phases   ] GC(1009)   Evacuate Collection Set: 14.2ms
[2025-07-30T16:38:27.213+0800][53.039s][info][gc,phases   ] GC(1009)   Post Evacuate Collection Set: 0.7ms
[2025-07-30T16:38:27.213+0800][53.039s][info][gc,phases   ] GC(1009)   Other: 0.1ms
[2025-07-30T16:38:27.213+0800][53.039s][info][gc,heap     ] GC(1009) Eden regions: 1017->0(1017)
[2025-07-30T16:38:27.213+0800][53.039s][info][gc,heap     ] GC(1009) Survivor regions: 146->146(146)
[2025-07-30T16:38:27.213+0800][53.039s][info][gc,heap     ] GC(1009) Old regions: 561->561
[2025-07-30T16:38:27.213+0800][53.039s][info][gc,heap     ] GC(1009) Humongous regions: 3->3
[2025-07-30T16:38:27.213+0800][53.039s][info][gc,metaspace] GC(1009) Metaspace: 7247K(7552K)->7247K(7552K) NonClass: 6522K(6656K)->6522K(6656K) Class: 725K(896K)->725K(896K)
[2025-07-30T16:38:27.214+0800][53.039s][info][gc          ] GC(1009) Pause Young (Normal) (G1 Evacuation Pause) 1726M->708M(2048M) 15.550ms
[2025-07-30T16:38:27.214+0800][53.039s][info][gc,cpu      ] GC(1009) User=0.02s Sys=0.00s Real=0.02s
[2025-07-30T16:38:27.214+0800][53.039s][info][safepoint   ] Safepoint "G1CollectForAllocation", Time since last: 36451700 ns, Reaching safepoint: 2800 ns, Cleanup: 2800 ns, At safepoint: 15591100 ns, Total: 15596700 ns
[2025-07-30T16:38:27.250+0800][53.076s][info][gc,start    ] GC(1010) Pause Young (Normal) (G1 Evacuation Pause)
[2025-07-30T16:38:27.250+0800][53.076s][info][gc,task     ] GC(1010) Using 1 workers of 1 for evacuation
[2025-07-30T16:38:27.265+0800][53.091s][info][gc,phases   ] GC(1010)   Pre Evacuate Collection Set: 0.4ms
[2025-07-30T16:38:27.266+0800][53.091s][info][gc,phases   ] GC(1010)   Merge Heap Roots: 0.1ms
[2025-07-30T16:38:27.266+0800][53.091s][info][gc,phases   ] GC(1010)   Evacuate Collection Set: 14.3ms
[2025-07-30T16:38:27.266+0800][53.091s][info][gc,phases   ] GC(1010)   Post Evacuate Collection Set: 0.6ms
[2025-07-30T16:38:27.266+0800][53.091s][info][gc,phases   ] GC(1010)   Other: 0.1ms
[2025-07-30T16:38:27.266+0800][53.091s][info][gc,heap     ] GC(1010) Eden regions: 1017->0(1019)
[2025-07-30T16:38:27.266+0800][53.091s][info][gc,heap     ] GC(1010) Survivor regions: 146->145(146)
[2025-07-30T16:38:27.266+0800][53.091s][info][gc,heap     ] GC(1010) Old regions: 561->561
[2025-07-30T16:38:27.266+0800][53.091s][info][gc,heap     ] GC(1010) Humongous regions: 3->3
[2025-07-30T16:38:27.266+0800][53.091s][info][gc,metaspace] GC(1010) Metaspace: 7247K(7552K)->7247K(7552K) NonClass: 6522K(6656K)->6522K(6656K) Class: 725K(896K)->725K(896K)
[2025-07-30T16:38:27.266+0800][53.091s][info][gc          ] GC(1010) Pause Young (Normal) (G1 Evacuation Pause) 1725M->707M(2048M) 15.709ms
[2025-07-30T16:38:27.266+0800][53.091s][info][gc,cpu      ] GC(1010) User=0.02s Sys=0.00s Real=0.02s
[2025-07-30T16:38:27.266+0800][53.091s][info][safepoint   ] Safepoint "G1CollectForAllocation", Time since last: 36632200 ns, Reaching safepoint: 3400 ns, Cleanup: 4900 ns, At safepoint: 15752800 ns, Total: 15761100 ns
[2025-07-30T16:38:27.302+0800][53.128s][info][gc,start    ] GC(1011) Pause Young (Normal) (G1 Evacuation Pause)
[2025-07-30T16:38:27.302+0800][53.128s][info][gc,task     ] GC(1011) Using 1 workers of 1 for evacuation
[2025-07-30T16:38:27.319+0800][53.144s][info][gc,phases   ] GC(1011)   Pre Evacuate Collection Set: 0.4ms
[2025-07-30T16:38:27.319+0800][53.144s][info][gc,phases   ] GC(1011)   Merge Heap Roots: 0.1ms
[2025-07-30T16:38:27.319+0800][53.144s][info][gc,phases   ] GC(1011)   Evacuate Collection Set: 14.7ms
[2025-07-30T16:38:27.319+0800][53.144s][info][gc,phases   ] GC(1011)   Post Evacuate Collection Set: 0.6ms
[2025-07-30T16:38:27.319+0800][53.144s][info][gc,phases   ] GC(1011)   Other: 0.1ms
[2025-07-30T16:38:27.319+0800][53.144s][info][gc,heap     ] GC(1011) Eden regions: 1019->0(1018)
[2025-07-30T16:38:27.319+0800][53.144s][info][gc,heap     ] GC(1011) Survivor regions: 145->146(146)
[2025-07-30T16:38:27.319+0800][53.144s][info][gc,heap     ] GC(1011) Old regions: 561->561
[2025-07-30T16:38:27.319+0800][53.144s][info][gc,heap     ] GC(1011) Humongous regions: 3->3
[2025-07-30T16:38:27.319+0800][53.144s][info][gc,metaspace] GC(1011) Metaspace: 7247K(7552K)->7247K(7552K) NonClass: 6522K(6656K)->6522K(6656K) Class: 725K(896K)->725K(896K)
[2025-07-30T16:38:27.319+0800][53.144s][info][gc          ] GC(1011) Pause Young (Normal) (G1 Evacuation Pause) 1726M->708M(2048M) 16.054ms
[2025-07-30T16:38:27.319+0800][53.144s][info][gc,cpu      ] GC(1011) User=0.02s Sys=0.00s Real=0.02s
[2025-07-30T16:38:27.319+0800][53.144s][info][safepoint   ] Safepoint "G1CollectForAllocation", Time since last: 36980600 ns, Reaching safepoint: 3300 ns, Cleanup: 4000 ns, At safepoint: 16096500 ns, Total: 16103800 ns
[2025-07-30T16:38:27.355+0800][53.180s][info][gc,start    ] GC(1012) Pause Young (Normal) (G1 Evacuation Pause)
[2025-07-30T16:38:27.355+0800][53.180s][info][gc,task     ] GC(1012) Using 1 workers of 1 for evacuation
[2025-07-30T16:38:27.371+0800][53.196s][info][gc,phases   ] GC(1012)   Pre Evacuate Collection Set: 0.4ms
[2025-07-30T16:38:27.371+0800][53.196s][info][gc,phases   ] GC(1012)   Merge Heap Roots: 0.1ms
[2025-07-30T16:38:27.371+0800][53.196s][info][gc,phases   ] GC(1012)   Evacuate Collection Set: 14.0ms
[2025-07-30T16:38:27.371+0800][53.196s][info][gc,phases   ] GC(1012)   Post Evacuate Collection Set: 0.7ms
[2025-07-30T16:38:27.371+0800][53.196s][info][gc,phases   ] GC(1012)   Other: 0.1ms
[2025-07-30T16:38:27.371+0800][53.196s][info][gc,heap     ] GC(1012) Eden regions: 1018->0(1018)
[2025-07-30T16:38:27.371+0800][53.196s][info][gc,heap     ] GC(1012) Survivor regions: 146->146(146)
[2025-07-30T16:38:27.371+0800][53.196s][info][gc,heap     ] GC(1012) Old regions: 561->561
[2025-07-30T16:38:27.371+0800][53.196s][info][gc,heap     ] GC(1012) Humongous regions: 3->3
[2025-07-30T16:38:27.371+0800][53.196s][info][gc,metaspace] GC(1012) Metaspace: 7247K(7552K)->7247K(7552K) NonClass: 6522K(6656K)->6522K(6656K) Class: 725K(896K)->725K(896K)
[2025-07-30T16:38:27.371+0800][53.196s][info][gc          ] GC(1012) Pause Young (Normal) (G1 Evacuation Pause) 1726M->708M(2048M) 15.365ms
[2025-07-30T16:38:27.371+0800][53.196s][info][gc,cpu      ] GC(1012) User=0.02s Sys=0.00s Real=0.02s
[2025-07-30T16:38:27.371+0800][53.196s][info][safepoint   ] Safepoint "G1CollectForAllocation", Time since last: 35841800 ns, Reaching safepoint: 2500 ns, Cleanup: 3400 ns, At safepoint: 15407200 ns, Total: 15413100 ns
[2025-07-30T16:38:27.407+0800][53.233s][info][gc,start    ] GC(1013) Pause Young (Normal) (G1 Evacuation Pause)
[2025-07-30T16:38:27.407+0800][53.233s][info][gc,task     ] GC(1013) Using 1 workers of 1 for evacuation
[2025-07-30T16:38:27.422+0800][53.248s][info][gc,phases   ] GC(1013)   Pre Evacuate Collection Set: 0.4ms
[2025-07-30T16:38:27.422+0800][53.248s][info][gc,phases   ] GC(1013)   Merge Heap Roots: 0.1ms
[2025-07-30T16:38:27.423+0800][53.248s][info][gc,phases   ] GC(1013)   Evacuate Collection Set: 14.0ms
[2025-07-30T16:38:27.423+0800][53.248s][info][gc,phases   ] GC(1013)   Post Evacuate Collection Set: 0.9ms
[2025-07-30T16:38:27.423+0800][53.248s][info][gc,phases   ] GC(1013)   Other: 0.1ms
[2025-07-30T16:38:27.423+0800][53.248s][info][gc,heap     ] GC(1013) Eden regions: 1018->0(1017)
[2025-07-30T16:38:27.423+0800][53.248s][info][gc,heap     ] GC(1013) Survivor regions: 146->146(146)
[2025-07-30T16:38:27.423+0800][53.248s][info][gc,heap     ] GC(1013) Old regions: 561->561
[2025-07-30T16:38:27.423+0800][53.248s][info][gc,heap     ] GC(1013) Humongous regions: 3->3
[2025-07-30T16:38:27.423+0800][53.248s][info][gc,metaspace] GC(1013) Metaspace: 7247K(7552K)->7247K(7552K) NonClass: 6522K(6656K)->6522K(6656K) Class: 725K(896K)->725K(896K)
[2025-07-30T16:38:27.423+0800][53.248s][info][gc          ] GC(1013) Pause Young (Normal) (G1 Evacuation Pause) 1726M->709M(2048M) 15.568ms
[2025-07-30T16:38:27.423+0800][53.248s][info][gc,cpu      ] GC(1013) User=0.00s Sys=0.02s Real=0.02s
[2025-07-30T16:38:27.423+0800][53.248s][info][safepoint   ] Safepoint "G1CollectForAllocation", Time since last: 36875800 ns, Reaching safepoint: 3100 ns, Cleanup: 3400 ns, At safepoint: 15610200 ns, Total: 15616700 ns
[2025-07-30T16:38:27.459+0800][53.285s][info][gc,start    ] GC(1014) Pause Young (Normal) (G1 Evacuation Pause)
[2025-07-30T16:38:27.459+0800][53.285s][info][gc,task     ] GC(1014) Using 1 workers of 1 for evacuation
[2025-07-30T16:38:27.474+0800][53.300s][info][gc,phases   ] GC(1014)   Pre Evacuate Collection Set: 0.3ms
[2025-07-30T16:38:27.474+0800][53.300s][info][gc,phases   ] GC(1014)   Merge Heap Roots: 0.0ms
[2025-07-30T16:38:27.474+0800][53.300s][info][gc,phases   ] GC(1014)   Evacuate Collection Set: 14.2ms
[2025-07-30T16:38:27.474+0800][53.300s][info][gc,phases   ] GC(1014)   Post Evacuate Collection Set: 0.6ms
[2025-07-30T16:38:27.474+0800][53.300s][info][gc,phases   ] GC(1014)   Other: 0.1ms
[2025-07-30T16:38:27.474+0800][53.300s][info][gc,heap     ] GC(1014) Eden regions: 1017->0(1019)
[2025-07-30T16:38:27.474+0800][53.300s][info][gc,heap     ] GC(1014) Survivor regions: 146->145(146)
[2025-07-30T16:38:27.474+0800][53.300s][info][gc,heap     ] GC(1014) Old regions: 561->561
[2025-07-30T16:38:27.474+0800][53.300s][info][gc,heap     ] GC(1014) Humongous regions: 3->3
[2025-07-30T16:38:27.474+0800][53.300s][info][gc,metaspace] GC(1014) Metaspace: 7247K(7552K)->7247K(7552K) NonClass: 6522K(6656K)->6522K(6656K) Class: 725K(896K)->725K(896K)
[2025-07-30T16:38:27.474+0800][53.300s][info][gc          ] GC(1014) Pause Young (Normal) (G1 Evacuation Pause) 1726M->708M(2048M) 15.475ms
[2025-07-30T16:38:27.474+0800][53.300s][info][gc,cpu      ] GC(1014) User=0.02s Sys=0.00s Real=0.01s
[2025-07-30T16:38:27.474+0800][53.300s][info][safepoint   ] Safepoint "G1CollectForAllocation", Time since last: 36412000 ns, Reaching safepoint: 2500 ns, Cleanup: 2700 ns, At safepoint: 15514000 ns, Total: 15519200 ns
[2025-07-30T16:38:27.510+0800][53.337s][info][gc,start    ] GC(1015) Pause Young (Normal) (G1 Evacuation Pause)
[2025-07-30T16:38:27.510+0800][53.337s][info][gc,task     ] GC(1015) Using 1 workers of 1 for evacuation
[2025-07-30T16:38:27.525+0800][53.351s][info][gc,phases   ] GC(1015)   Pre Evacuate Collection Set: 0.3ms
[2025-07-30T16:38:27.526+0800][53.351s][info][gc,phases   ] GC(1015)   Merge Heap Roots: 0.0ms
[2025-07-30T16:38:27.526+0800][53.351s][info][gc,phases   ] GC(1015)   Evacuate Collection Set: 13.7ms
[2025-07-30T16:38:27.526+0800][53.351s][info][gc,phases   ] GC(1015)   Post Evacuate Collection Set: 0.6ms
[2025-07-30T16:38:27.526+0800][53.351s][info][gc,phases   ] GC(1015)   Other: 0.1ms
[2025-07-30T16:38:27.526+0800][53.351s][info][gc,heap     ] GC(1015) Eden regions: 1019->0(1017)
[2025-07-30T16:38:27.526+0800][53.351s][info][gc,heap     ] GC(1015) Survivor regions: 145->146(146)
[2025-07-30T16:38:27.526+0800][53.351s][info][gc,heap     ] GC(1015) Old regions: 561->561
[2025-07-30T16:38:27.526+0800][53.351s][info][gc,heap     ] GC(1015) Humongous regions: 3->3
[2025-07-30T16:38:27.526+0800][53.351s][info][gc,metaspace] GC(1015) Metaspace: 7247K(7552K)->7247K(7552K) NonClass: 6522K(6656K)->6522K(6656K) Class: 725K(896K)->725K(896K)
[2025-07-30T16:38:27.526+0800][53.351s][info][gc          ] GC(1015) Pause Young (Normal) (G1 Evacuation Pause) 1727M->709M(2048M) 14.889ms
[2025-07-30T16:38:27.526+0800][53.351s][info][gc,cpu      ] GC(1015) User=0.02s Sys=0.00s Real=0.02s
[2025-07-30T16:38:27.526+0800][53.351s][info][safepoint   ] Safepoint "G1CollectForAllocation", Time since last: 36408200 ns, Reaching safepoint: 2400 ns, Cleanup: 3000 ns, At safepoint: 14926600 ns, Total: 14932000 ns
[2025-07-30T16:38:27.563+0800][53.388s][info][gc,start    ] GC(1016) Pause Young (Normal) (G1 Evacuation Pause)
[2025-07-30T16:38:27.563+0800][53.389s][info][gc,task     ] GC(1016) Using 1 workers of 1 for evacuation
[2025-07-30T16:38:27.578+0800][53.403s][info][gc,phases   ] GC(1016)   Pre Evacuate Collection Set: 0.3ms
[2025-07-30T16:38:27.578+0800][53.403s][info][gc,phases   ] GC(1016)   Merge Heap Roots: 0.1ms
[2025-07-30T16:38:27.578+0800][53.403s][info][gc,phases   ] GC(1016)   Evacuate Collection Set: 13.8ms
[2025-07-30T16:38:27.578+0800][53.403s][info][gc,phases   ] GC(1016)   Post Evacuate Collection Set: 0.6ms
[2025-07-30T16:38:27.578+0800][53.403s][info][gc,phases   ] GC(1016)   Other: 0.1ms
[2025-07-30T16:38:27.578+0800][53.403s][info][gc,heap     ] GC(1016) Eden regions: 1017->0(1019)
[2025-07-30T16:38:27.578+0800][53.403s][info][gc,heap     ] GC(1016) Survivor regions: 146->145(146)
[2025-07-30T16:38:27.578+0800][53.403s][info][gc,heap     ] GC(1016) Old regions: 561->561
[2025-07-30T16:38:27.578+0800][53.403s][info][gc,heap     ] GC(1016) Humongous regions: 3->3
[2025-07-30T16:38:27.578+0800][53.403s][info][gc,metaspace] GC(1016) Metaspace: 7247K(7552K)->7247K(7552K) NonClass: 6522K(6656K)->6522K(6656K) Class: 725K(896K)->725K(896K)
[2025-07-30T16:38:27.578+0800][53.404s][info][gc          ] GC(1016) Pause Young (Normal) (G1 Evacuation Pause) 1726M->708M(2048M) 15.041ms
[2025-07-30T16:38:27.578+0800][53.404s][info][gc,cpu      ] GC(1016) User=0.00s Sys=0.00s Real=0.02s
[2025-07-30T16:38:27.578+0800][53.404s][info][safepoint   ] Safepoint "G1CollectForAllocation", Time since last: 36996700 ns, Reaching safepoint: 2000 ns, Cleanup: 2800 ns, At safepoint: 15081300 ns, Total: 15086100 ns
[2025-07-30T16:38:27.616+0800][53.441s][info][gc,start    ] GC(1017) Pause Young (Normal) (G1 Evacuation Pause)
[2025-07-30T16:38:27.616+0800][53.441s][info][gc,task     ] GC(1017) Using 1 workers of 1 for evacuation
[2025-07-30T16:38:27.630+0800][53.456s][info][gc,phases   ] GC(1017)   Pre Evacuate Collection Set: 0.3ms
[2025-07-30T16:38:27.631+0800][53.456s][info][gc,phases   ] GC(1017)   Merge Heap Roots: 0.2ms
[2025-07-30T16:38:27.631+0800][53.456s][info][gc,phases   ] GC(1017)   Evacuate Collection Set: 13.9ms
[2025-07-30T16:38:27.631+0800][53.456s][info][gc,phases   ] GC(1017)   Post Evacuate Collection Set: 0.6ms
[2025-07-30T16:38:27.631+0800][53.456s][info][gc,phases   ] GC(1017)   Other: 0.1ms
[2025-07-30T16:38:27.631+0800][53.456s][info][gc,heap     ] GC(1017) Eden regions: 1019->0(1017)
[2025-07-30T16:38:27.631+0800][53.456s][info][gc,heap     ] GC(1017) Survivor regions: 145->146(146)
[2025-07-30T16:38:27.631+0800][53.456s][info][gc,heap     ] GC(1017) Old regions: 561->561
[2025-07-30T16:38:27.631+0800][53.456s][info][gc,heap     ] GC(1017) Humongous regions: 3->3
[2025-07-30T16:38:27.631+0800][53.456s][info][gc,metaspace] GC(1017) Metaspace: 7247K(7552K)->7247K(7552K) NonClass: 6522K(6656K)->6522K(6656K) Class: 725K(896K)->725K(896K)
[2025-07-30T16:38:27.631+0800][53.456s][info][gc          ] GC(1017) Pause Young (Normal) (G1 Evacuation Pause) 1727M->709M(2048M) 15.255ms
[2025-07-30T16:38:27.631+0800][53.456s][info][gc,cpu      ] GC(1017) User=0.02s Sys=0.00s Real=0.02s
[2025-07-30T16:38:27.631+0800][53.456s][info][safepoint   ] Safepoint "G1CollectForAllocation", Time since last: 37241500 ns, Reaching safepoint: 2200 ns, Cleanup: 3200 ns, At safepoint: 15293200 ns, Total: 15298600 ns
[2025-07-30T16:38:27.668+0800][53.493s][info][gc,start    ] GC(1018) Pause Young (Normal) (G1 Evacuation Pause)
[2025-07-30T16:38:27.668+0800][53.493s][info][gc,task     ] GC(1018) Using 1 workers of 1 for evacuation
[2025-07-30T16:38:27.682+0800][53.508s][info][gc,phases   ] GC(1018)   Pre Evacuate Collection Set: 0.3ms
[2025-07-30T16:38:27.682+0800][53.508s][info][gc,phases   ] GC(1018)   Merge Heap Roots: 0.1ms
[2025-07-30T16:38:27.682+0800][53.508s][info][gc,phases   ] GC(1018)   Evacuate Collection Set: 13.8ms
[2025-07-30T16:38:27.682+0800][53.508s][info][gc,phases   ] GC(1018)   Post Evacuate Collection Set: 0.6ms
[2025-07-30T16:38:27.682+0800][53.508s][info][gc,phases   ] GC(1018)   Other: 0.1ms
[2025-07-30T16:38:27.682+0800][53.508s][info][gc,heap     ] GC(1018) Eden regions: 1017->0(1017)
[2025-07-30T16:38:27.682+0800][53.508s][info][gc,heap     ] GC(1018) Survivor regions: 146->146(146)
[2025-07-30T16:38:27.682+0800][53.508s][info][gc,heap     ] GC(1018) Old regions: 561->561
[2025-07-30T16:38:27.682+0800][53.508s][info][gc,heap     ] GC(1018) Humongous regions: 3->3
[2025-07-30T16:38:27.682+0800][53.508s][info][gc,metaspace] GC(1018) Metaspace: 7247K(7552K)->7247K(7552K) NonClass: 6522K(6656K)->6522K(6656K) Class: 725K(896K)->725K(896K)
[2025-07-30T16:38:27.682+0800][53.508s][info][gc          ] GC(1018) Pause Young (Normal) (G1 Evacuation Pause) 1726M->708M(2048M) 15.107ms
[2025-07-30T16:38:27.682+0800][53.508s][info][gc,cpu      ] GC(1018) User=0.02s Sys=0.00s Real=0.01s
[2025-07-30T16:38:27.682+0800][53.508s][info][safepoint   ] Safepoint "G1CollectForAllocation", Time since last: 36430600 ns, Reaching safepoint: 3000 ns, Cleanup: 3500 ns, At safepoint: 15149200 ns, Total: 15155700 ns
[2025-07-30T16:38:27.719+0800][53.544s][info][gc,start    ] GC(1019) Pause Young (Normal) (G1 Evacuation Pause)
[2025-07-30T16:38:27.719+0800][53.544s][info][gc,task     ] GC(1019) Using 1 workers of 1 for evacuation
[2025-07-30T16:38:27.734+0800][53.560s][info][gc,phases   ] GC(1019)   Pre Evacuate Collection Set: 0.3ms
[2025-07-30T16:38:27.734+0800][53.560s][info][gc,phases   ] GC(1019)   Merge Heap Roots: 0.1ms
[2025-07-30T16:38:27.734+0800][53.560s][info][gc,phases   ] GC(1019)   Evacuate Collection Set: 14.6ms
[2025-07-30T16:38:27.734+0800][53.560s][info][gc,phases   ] GC(1019)   Post Evacuate Collection Set: 0.7ms
[2025-07-30T16:38:27.734+0800][53.560s][info][gc,phases   ] GC(1019)   Other: 0.1ms
[2025-07-30T16:38:27.734+0800][53.560s][info][gc,heap     ] GC(1019) Eden regions: 1017->0(1019)
[2025-07-30T16:38:27.734+0800][53.560s][info][gc,heap     ] GC(1019) Survivor regions: 146->145(146)
[2025-07-30T16:38:27.734+0800][53.560s][info][gc,heap     ] GC(1019) Old regions: 561->561
[2025-07-30T16:38:27.734+0800][53.560s][info][gc,heap     ] GC(1019) Humongous regions: 3->3
[2025-07-30T16:38:27.734+0800][53.560s][info][gc,metaspace] GC(1019) Metaspace: 7247K(7552K)->7247K(7552K) NonClass: 6522K(6656K)->6522K(6656K) Class: 725K(896K)->725K(896K)
[2025-07-30T16:38:27.734+0800][53.560s][info][gc          ] GC(1019) Pause Young (Normal) (G1 Evacuation Pause) 1725M->707M(2048M) 15.906ms
[2025-07-30T16:38:27.734+0800][53.560s][info][gc,cpu      ] GC(1019) User=0.02s Sys=0.02s Real=0.01s
[2025-07-30T16:38:27.734+0800][53.560s][info][safepoint   ] Safepoint "G1CollectForAllocation", Time since last: 36452000 ns, Reaching safepoint: 2200 ns, Cleanup: 2600 ns, At safepoint: 15944700 ns, Total: 15949500 ns
[2025-07-30T16:38:27.772+0800][53.597s][info][gc,start    ] GC(1020) Pause Young (Normal) (G1 Evacuation Pause)
[2025-07-30T16:38:27.772+0800][53.597s][info][gc,task     ] GC(1020) Using 1 workers of 1 for evacuation
[2025-07-30T16:38:27.787+0800][53.612s][info][gc,phases   ] GC(1020)   Pre Evacuate Collection Set: 0.3ms
[2025-07-30T16:38:27.787+0800][53.612s][info][gc,phases   ] GC(1020)   Merge Heap Roots: 0.0ms
[2025-07-30T16:38:27.787+0800][53.612s][info][gc,phases   ] GC(1020)   Evacuate Collection Set: 14.0ms
[2025-07-30T16:38:27.787+0800][53.612s][info][gc,phases   ] GC(1020)   Post Evacuate Collection Set: 0.6ms
[2025-07-30T16:38:27.787+0800][53.612s][info][gc,phases   ] GC(1020)   Other: 0.1ms
[2025-07-30T16:38:27.787+0800][53.612s][info][gc,heap     ] GC(1020) Eden regions: 1019->0(1018)
[2025-07-30T16:38:27.787+0800][53.612s][info][gc,heap     ] GC(1020) Survivor regions: 145->146(146)
[2025-07-30T16:38:27.787+0800][53.612s][info][gc,heap     ] GC(1020) Old regions: 561->561
[2025-07-30T16:38:27.787+0800][53.612s][info][gc,heap     ] GC(1020) Humongous regions: 3->3
[2025-07-30T16:38:27.787+0800][53.612s][info][gc,metaspace] GC(1020) Metaspace: 7247K(7552K)->7247K(7552K) NonClass: 6522K(6656K)->6522K(6656K) Class: 725K(896K)->725K(896K)
[2025-07-30T16:38:27.787+0800][53.612s][info][gc          ] GC(1020) Pause Young (Normal) (G1 Evacuation Pause) 1726M->708M(2048M) 15.175ms
[2025-07-30T16:38:27.787+0800][53.612s][info][gc,cpu      ] GC(1020) User=0.02s Sys=0.00s Real=0.01s
[2025-07-30T16:38:27.787+0800][53.612s][info][safepoint   ] Safepoint "G1CollectForAllocation", Time since last: 37071800 ns, Reaching safepoint: 2100 ns, Cleanup: 2800 ns, At safepoint: 15212900 ns, Total: 15217800 ns
[2025-07-30T16:38:27.824+0800][53.649s][info][gc,start    ] GC(1021) Pause Young (Normal) (G1 Evacuation Pause)
[2025-07-30T16:38:27.824+0800][53.649s][info][gc,task     ] GC(1021) Using 1 workers of 1 for evacuation
[2025-07-30T16:38:27.840+0800][53.665s][info][gc,phases   ] GC(1021)   Pre Evacuate Collection Set: 0.3ms
[2025-07-30T16:38:27.840+0800][53.665s][info][gc,phases   ] GC(1021)   Merge Heap Roots: 0.0ms
[2025-07-30T16:38:27.840+0800][53.665s][info][gc,phases   ] GC(1021)   Evacuate Collection Set: 14.5ms
[2025-07-30T16:38:27.840+0800][53.665s][info][gc,phases   ] GC(1021)   Post Evacuate Collection Set: 0.6ms
[2025-07-30T16:38:27.840+0800][53.665s][info][gc,phases   ] GC(1021)   Other: 0.1ms
[2025-07-30T16:38:27.840+0800][53.665s][info][gc,heap     ] GC(1021) Eden regions: 1018->0(1018)
[2025-07-30T16:38:27.840+0800][53.665s][info][gc,heap     ] GC(1021) Survivor regions: 146->146(146)
[2025-07-30T16:38:27.840+0800][53.665s][info][gc,heap     ] GC(1021) Old regions: 561->561
[2025-07-30T16:38:27.840+0800][53.665s][info][gc,heap     ] GC(1021) Humongous regions: 3->3
[2025-07-30T16:38:27.840+0800][53.665s][info][gc,metaspace] GC(1021) Metaspace: 7247K(7552K)->7247K(7552K) NonClass: 6522K(6656K)->6522K(6656K) Class: 725K(896K)->725K(896K)
[2025-07-30T16:38:27.840+0800][53.665s][info][gc          ] GC(1021) Pause Young (Normal) (G1 Evacuation Pause) 1726M->708M(2048M) 15.634ms
[2025-07-30T16:38:27.840+0800][53.665s][info][gc,cpu      ] GC(1021) User=0.02s Sys=0.00s Real=0.02s
[2025-07-30T16:38:27.840+0800][53.665s][info][safepoint   ] Safepoint "G1CollectForAllocation", Time since last: 36984500 ns, Reaching safepoint: 2200 ns, Cleanup: 2700 ns, At safepoint: 15673300 ns, Total: 15678200 ns
[2025-07-30T16:38:27.876+0800][53.702s][info][gc,start    ] GC(1022) Pause Young (Normal) (G1 Evacuation Pause)
[2025-07-30T16:38:27.876+0800][53.702s][info][gc,task     ] GC(1022) Using 1 workers of 1 for evacuation
[2025-07-30T16:38:27.892+0800][53.717s][info][gc,phases   ] GC(1022)   Pre Evacuate Collection Set: 0.3ms
[2025-07-30T16:38:27.892+0800][53.717s][info][gc,phases   ] GC(1022)   Merge Heap Roots: 0.0ms
[2025-07-30T16:38:27.892+0800][53.717s][info][gc,phases   ] GC(1022)   Evacuate Collection Set: 14.0ms
[2025-07-30T16:38:27.892+0800][53.717s][info][gc,phases   ] GC(1022)   Post Evacuate Collection Set: 0.7ms
[2025-07-30T16:38:27.892+0800][53.717s][info][gc,phases   ] GC(1022)   Other: 0.1ms
[2025-07-30T16:38:27.892+0800][53.717s][info][gc,heap     ] GC(1022) Eden regions: 1018->0(1018)
[2025-07-30T16:38:27.892+0800][53.717s][info][gc,heap     ] GC(1022) Survivor regions: 146->146(146)
[2025-07-30T16:38:27.892+0800][53.717s][info][gc,heap     ] GC(1022) Old regions: 561->561
[2025-07-30T16:38:27.892+0800][53.717s][info][gc,heap     ] GC(1022) Humongous regions: 3->3
[2025-07-30T16:38:27.892+0800][53.717s][info][gc,metaspace] GC(1022) Metaspace: 7247K(7552K)->7247K(7552K) NonClass: 6522K(6656K)->6522K(6656K) Class: 725K(896K)->725K(896K)
[2025-07-30T16:38:27.892+0800][53.717s][info][gc          ] GC(1022) Pause Young (Normal) (G1 Evacuation Pause) 1726M->708M(2048M) 15.329ms
[2025-07-30T16:38:27.892+0800][53.717s][info][gc,cpu      ] GC(1022) User=0.02s Sys=0.00s Real=0.02s
[2025-07-30T16:38:27.892+0800][53.717s][info][safepoint   ] Safepoint "G1CollectForAllocation", Time since last: 36687600 ns, Reaching safepoint: 2100 ns, Cleanup: 3100 ns, At safepoint: 15370600 ns, Total: 15375800 ns
[2025-07-30T16:38:27.929+0800][53.754s][info][gc,start    ] GC(1023) Pause Young (Normal) (G1 Evacuation Pause)
[2025-07-30T16:38:27.929+0800][53.754s][info][gc,task     ] GC(1023) Using 1 workers of 1 for evacuation
[2025-07-30T16:38:27.944+0800][53.769s][info][gc,phases   ] GC(1023)   Pre Evacuate Collection Set: 0.4ms
[2025-07-30T16:38:27.944+0800][53.770s][info][gc,phases   ] GC(1023)   Merge Heap Roots: 0.1ms
[2025-07-30T16:38:27.944+0800][53.770s][info][gc,phases   ] GC(1023)   Evacuate Collection Set: 14.0ms
[2025-07-30T16:38:27.944+0800][53.770s][info][gc,phases   ] GC(1023)   Post Evacuate Collection Set: 0.7ms
[2025-07-30T16:38:27.944+0800][53.770s][info][gc,phases   ] GC(1023)   Other: 0.1ms
[2025-07-30T16:38:27.944+0800][53.770s][info][gc,heap     ] GC(1023) Eden regions: 1018->0(1017)
[2025-07-30T16:38:27.944+0800][53.770s][info][gc,heap     ] GC(1023) Survivor regions: 146->146(146)
[2025-07-30T16:38:27.944+0800][53.770s][info][gc,heap     ] GC(1023) Old regions: 561->561
[2025-07-30T16:38:27.944+0800][53.770s][info][gc,heap     ] GC(1023) Humongous regions: 3->3
[2025-07-30T16:38:27.944+0800][53.770s][info][gc,metaspace] GC(1023) Metaspace: 7247K(7552K)->7247K(7552K) NonClass: 6522K(6656K)->6522K(6656K) Class: 725K(896K)->725K(896K)
[2025-07-30T16:38:27.944+0800][53.770s][info][gc          ] GC(1023) Pause Young (Normal) (G1 Evacuation Pause) 1726M->709M(2048M) 15.522ms
[2025-07-30T16:38:27.944+0800][53.770s][info][gc,cpu      ] GC(1023) User=0.02s Sys=0.00s Real=0.02s
[2025-07-30T16:38:27.944+0800][53.770s][info][safepoint   ] Safepoint "G1CollectForAllocation", Time since last: 37045000 ns, Reaching safepoint: 4100 ns, Cleanup: 4500 ns, At safepoint: 15572600 ns, Total: 15581200 ns
[2025-07-30T16:38:27.982+0800][53.808s][info][gc,start    ] GC(1024) Pause Young (Normal) (G1 Evacuation Pause)
[2025-07-30T16:38:27.982+0800][53.808s][info][gc,task     ] GC(1024) Using 1 workers of 1 for evacuation
[2025-07-30T16:38:27.998+0800][53.824s][info][gc,phases   ] GC(1024)   Pre Evacuate Collection Set: 0.4ms
[2025-07-30T16:38:27.998+0800][53.824s][info][gc,phases   ] GC(1024)   Merge Heap Roots: 0.1ms
[2025-07-30T16:38:27.998+0800][53.824s][info][gc,phases   ] GC(1024)   Evacuate Collection Set: 14.8ms
[2025-07-30T16:38:27.998+0800][53.824s][info][gc,phases   ] GC(1024)   Post Evacuate Collection Set: 0.7ms
[2025-07-30T16:38:27.998+0800][53.824s][info][gc,phases   ] GC(1024)   Other: 0.1ms
[2025-07-30T16:38:27.998+0800][53.824s][info][gc,heap     ] GC(1024) Eden regions: 1017->0(1019)
[2025-07-30T16:38:27.998+0800][53.824s][info][gc,heap     ] GC(1024) Survivor regions: 146->145(146)
[2025-07-30T16:38:27.998+0800][53.824s][info][gc,heap     ] GC(1024) Old regions: 561->561
[2025-07-30T16:38:27.998+0800][53.824s][info][gc,heap     ] GC(1024) Humongous regions: 3->3
[2025-07-30T16:38:27.998+0800][53.824s][info][gc,metaspace] GC(1024) Metaspace: 7247K(7552K)->7247K(7552K) NonClass: 6522K(6656K)->6522K(6656K) Class: 725K(896K)->725K(896K)
[2025-07-30T16:38:27.998+0800][53.824s][info][gc          ] GC(1024) Pause Young (Normal) (G1 Evacuation Pause) 1726M->708M(2048M) 16.295ms
[2025-07-30T16:38:27.998+0800][53.824s][info][gc,cpu      ] GC(1024) User=0.02s Sys=0.02s Real=0.02s
[2025-07-30T16:38:27.998+0800][53.824s][info][safepoint   ] Safepoint "G1CollectForAllocation", Time since last: 37924900 ns, Reaching safepoint: 3200 ns, Cleanup: 3300 ns, At safepoint: 16338900 ns, Total: 16345400 ns
[2025-07-30T16:38:28.035+0800][53.861s][info][gc,start    ] GC(1025) Pause Young (Normal) (G1 Evacuation Pause)
[2025-07-30T16:38:28.035+0800][53.861s][info][gc,task     ] GC(1025) Using 1 workers of 1 for evacuation
[2025-07-30T16:38:28.052+0800][53.877s][info][gc,phases   ] GC(1025)   Pre Evacuate Collection Set: 0.4ms
[2025-07-30T16:38:28.052+0800][53.877s][info][gc,phases   ] GC(1025)   Merge Heap Roots: 0.1ms
[2025-07-30T16:38:28.052+0800][53.877s][info][gc,phases   ] GC(1025)   Evacuate Collection Set: 14.8ms
[2025-07-30T16:38:28.052+0800][53.877s][info][gc,phases   ] GC(1025)   Post Evacuate Collection Set: 0.7ms
[2025-07-30T16:38:28.052+0800][53.877s][info][gc,phases   ] GC(1025)   Other: 0.1ms
[2025-07-30T16:38:28.052+0800][53.877s][info][gc,heap     ] GC(1025) Eden regions: 1019->0(1017)
[2025-07-30T16:38:28.052+0800][53.877s][info][gc,heap     ] GC(1025) Survivor regions: 145->146(146)
[2025-07-30T16:38:28.052+0800][53.877s][info][gc,heap     ] GC(1025) Old regions: 561->561
[2025-07-30T16:38:28.052+0800][53.877s][info][gc,heap     ] GC(1025) Humongous regions: 3->3
[2025-07-30T16:38:28.052+0800][53.877s][info][gc,metaspace] GC(1025) Metaspace: 7247K(7552K)->7247K(7552K) NonClass: 6522K(6656K)->6522K(6656K) Class: 725K(896K)->725K(896K)
[2025-07-30T16:38:28.052+0800][53.877s][info][gc          ] GC(1025) Pause Young (Normal) (G1 Evacuation Pause) 1727M->709M(2048M) 16.224ms
[2025-07-30T16:38:28.052+0800][53.877s][info][gc,cpu      ] GC(1025) User=0.02s Sys=0.00s Real=0.02s
[2025-07-30T16:38:28.052+0800][53.877s][info][safepoint   ] Safepoint "G1CollectForAllocation", Time since last: 36808700 ns, Reaching safepoint: 3500 ns, Cleanup: 3800 ns, At safepoint: 16266800 ns, Total: 16274100 ns
[2025-07-30T16:38:28.089+0800][53.914s][info][gc,start    ] GC(1026) Pause Young (Normal) (G1 Evacuation Pause)
[2025-07-30T16:38:28.089+0800][53.914s][info][gc,task     ] GC(1026) Using 1 workers of 1 for evacuation
[2025-07-30T16:38:28.104+0800][53.929s][info][gc,phases   ] GC(1026)   Pre Evacuate Collection Set: 0.5ms
[2025-07-30T16:38:28.104+0800][53.929s][info][gc,phases   ] GC(1026)   Merge Heap Roots: 0.1ms
[2025-07-30T16:38:28.104+0800][53.929s][info][gc,phases   ] GC(1026)   Evacuate Collection Set: 13.9ms
[2025-07-30T16:38:28.104+0800][53.929s][info][gc,phases   ] GC(1026)   Post Evacuate Collection Set: 0.7ms
[2025-07-30T16:38:28.104+0800][53.929s][info][gc,phases   ] GC(1026)   Other: 0.1ms
[2025-07-30T16:38:28.104+0800][53.929s][info][gc,heap     ] GC(1026) Eden regions: 1017->0(1019)
[2025-07-30T16:38:28.104+0800][53.929s][info][gc,heap     ] GC(1026) Survivor regions: 146->145(146)
[2025-07-30T16:38:28.104+0800][53.930s][info][gc,heap     ] GC(1026) Old regions: 561->561
[2025-07-30T16:38:28.104+0800][53.930s][info][gc,heap     ] GC(1026) Humongous regions: 3->3
[2025-07-30T16:38:28.104+0800][53.930s][info][gc,metaspace] GC(1026) Metaspace: 7247K(7552K)->7247K(7552K) NonClass: 6522K(6656K)->6522K(6656K) Class: 725K(896K)->725K(896K)
[2025-07-30T16:38:28.104+0800][53.930s][info][gc          ] GC(1026) Pause Young (Normal) (G1 Evacuation Pause) 1726M->708M(2048M) 15.480ms
[2025-07-30T16:38:28.104+0800][53.930s][info][gc,cpu      ] GC(1026) User=0.02s Sys=0.00s Real=0.02s
[2025-07-30T16:38:28.104+0800][53.930s][info][safepoint   ] Safepoint "G1CollectForAllocation", Time since last: 36969700 ns, Reaching safepoint: 3800 ns, Cleanup: 5000 ns, At safepoint: 15527100 ns, Total: 15535900 ns
[2025-07-30T16:38:28.141+0800][53.966s][info][gc,start    ] GC(1027) Pause Young (Normal) (G1 Evacuation Pause)
[2025-07-30T16:38:28.141+0800][53.966s][info][gc,task     ] GC(1027) Using 1 workers of 1 for evacuation
[2025-07-30T16:38:28.156+0800][53.982s][info][gc,phases   ] GC(1027)   Pre Evacuate Collection Set: 0.4ms
[2025-07-30T16:38:28.156+0800][53.982s][info][gc,phases   ] GC(1027)   Merge Heap Roots: 0.1ms
[2025-07-30T16:38:28.156+0800][53.982s][info][gc,phases   ] GC(1027)   Evacuate Collection Set: 14.1ms
[2025-07-30T16:38:28.156+0800][53.982s][info][gc,phases   ] GC(1027)   Post Evacuate Collection Set: 0.7ms
[2025-07-30T16:38:28.156+0800][53.982s][info][gc,phases   ] GC(1027)   Other: 0.1ms
[2025-07-30T16:38:28.156+0800][53.982s][info][gc,heap     ] GC(1027) Eden regions: 1019->0(1017)
[2025-07-30T16:38:28.156+0800][53.982s][info][gc,heap     ] GC(1027) Survivor regions: 145->146(146)
[2025-07-30T16:38:28.156+0800][53.982s][info][gc,heap     ] GC(1027) Old regions: 561->561
[2025-07-30T16:38:28.156+0800][53.982s][info][gc,heap     ] GC(1027) Humongous regions: 3->3
[2025-07-30T16:38:28.156+0800][53.982s][info][gc,metaspace] GC(1027) Metaspace: 7247K(7552K)->7247K(7552K) NonClass: 6522K(6656K)->6522K(6656K) Class: 725K(896K)->725K(896K)
[2025-07-30T16:38:28.156+0800][53.982s][info][gc          ] GC(1027) Pause Young (Normal) (G1 Evacuation Pause) 1727M->709M(2048M) 15.605ms
[2025-07-30T16:38:28.156+0800][53.982s][info][gc,cpu      ] GC(1027) User=0.02s Sys=0.00s Real=0.01s
[2025-07-30T16:38:28.156+0800][53.982s][info][safepoint   ] Safepoint "G1CollectForAllocation", Time since last: 36755600 ns, Reaching safepoint: 4300 ns, Cleanup: 3400 ns, At safepoint: 15651300 ns, Total: 15659000 ns
[2025-07-30T16:38:28.193+0800][54.019s][info][gc,start    ] GC(1028) Pause Young (Normal) (G1 Evacuation Pause)
[2025-07-30T16:38:28.193+0800][54.019s][info][gc,task     ] GC(1028) Using 1 workers of 1 for evacuation
[2025-07-30T16:38:28.208+0800][54.034s][info][gc,phases   ] GC(1028)   Pre Evacuate Collection Set: 0.4ms
[2025-07-30T16:38:28.208+0800][54.034s][info][gc,phases   ] GC(1028)   Merge Heap Roots: 0.1ms
[2025-07-30T16:38:28.208+0800][54.034s][info][gc,phases   ] GC(1028)   Evacuate Collection Set: 13.8ms
[2025-07-30T16:38:28.208+0800][54.034s][info][gc,phases   ] GC(1028)   Post Evacuate Collection Set: 0.7ms
[2025-07-30T16:38:28.208+0800][54.034s][info][gc,phases   ] GC(1028)   Other: 0.1ms
[2025-07-30T16:38:28.208+0800][54.034s][info][gc,heap     ] GC(1028) Eden regions: 1017->0(1017)
[2025-07-30T16:38:28.208+0800][54.034s][info][gc,heap     ] GC(1028) Survivor regions: 146->146(146)
[2025-07-30T16:38:28.208+0800][54.034s][info][gc,heap     ] GC(1028) Old regions: 561->561
[2025-07-30T16:38:28.208+0800][54.034s][info][gc,heap     ] GC(1028) Humongous regions: 3->3
[2025-07-30T16:38:28.208+0800][54.034s][info][gc,metaspace] GC(1028) Metaspace: 7247K(7552K)->7247K(7552K) NonClass: 6522K(6656K)->6522K(6656K) Class: 725K(896K)->725K(896K)
[2025-07-30T16:38:28.208+0800][54.034s][info][gc          ] GC(1028) Pause Young (Normal) (G1 Evacuation Pause) 1726M->708M(2048M) 15.259ms
[2025-07-30T16:38:28.208+0800][54.034s][info][gc,cpu      ] GC(1028) User=0.00s Sys=0.02s Real=0.01s
[2025-07-30T16:38:28.208+0800][54.034s][info][safepoint   ] Safepoint "G1CollectForAllocation", Time since last: 36719500 ns, Reaching safepoint: 3000 ns, Cleanup: 3000 ns, At safepoint: 15302600 ns, Total: 15308600 ns
[2025-07-30T16:38:28.245+0800][54.071s][info][gc,start    ] GC(1029) Pause Young (Normal) (G1 Evacuation Pause)
[2025-07-30T16:38:28.245+0800][54.071s][info][gc,task     ] GC(1029) Using 1 workers of 1 for evacuation
[2025-07-30T16:38:28.260+0800][54.086s][info][gc,phases   ] GC(1029)   Pre Evacuate Collection Set: 0.3ms
[2025-07-30T16:38:28.260+0800][54.086s][info][gc,phases   ] GC(1029)   Merge Heap Roots: 0.1ms
[2025-07-30T16:38:28.260+0800][54.086s][info][gc,phases   ] GC(1029)   Evacuate Collection Set: 13.7ms
[2025-07-30T16:38:28.260+0800][54.086s][info][gc,phases   ] GC(1029)   Post Evacuate Collection Set: 0.6ms
[2025-07-30T16:38:28.260+0800][54.086s][info][gc,phases   ] GC(1029)   Other: 0.1ms
[2025-07-30T16:38:28.260+0800][54.086s][info][gc,heap     ] GC(1029) Eden regions: 1017->0(1019)
[2025-07-30T16:38:28.261+0800][54.086s][info][gc,heap     ] GC(1029) Survivor regions: 146->145(146)
[2025-07-30T16:38:28.261+0800][54.086s][info][gc,heap     ] GC(1029) Old regions: 561->561
[2025-07-30T16:38:28.261+0800][54.086s][info][gc,heap     ] GC(1029) Humongous regions: 3->3
[2025-07-30T16:38:28.261+0800][54.086s][info][gc,metaspace] GC(1029) Metaspace: 7247K(7552K)->7247K(7552K) NonClass: 6522K(6656K)->6522K(6656K) Class: 725K(896K)->725K(896K)
[2025-07-30T16:38:28.261+0800][54.086s][info][gc          ] GC(1029) Pause Young (Normal) (G1 Evacuation Pause) 1725M->707M(2048M) 15.024ms
[2025-07-30T16:38:28.261+0800][54.086s][info][gc,cpu      ] GC(1029) User=0.02s Sys=0.00s Real=0.02s
[2025-07-30T16:38:28.261+0800][54.086s][info][safepoint   ] Safepoint "G1CollectForAllocation", Time since last: 36730100 ns, Reaching safepoint: 2500 ns, Cleanup: 2500 ns, At safepoint: 15065500 ns, Total: 15070500 ns
[2025-07-30T16:38:28.298+0800][54.123s][info][gc,start    ] GC(1030) Pause Young (Normal) (G1 Evacuation Pause)
[2025-07-30T16:38:28.298+0800][54.123s][info][gc,task     ] GC(1030) Using 1 workers of 1 for evacuation
[2025-07-30T16:38:28.314+0800][54.139s][info][gc,phases   ] GC(1030)   Pre Evacuate Collection Set: 0.4ms
[2025-07-30T16:38:28.314+0800][54.139s][info][gc,phases   ] GC(1030)   Merge Heap Roots: 0.1ms
[2025-07-30T16:38:28.314+0800][54.139s][info][gc,phases   ] GC(1030)   Evacuate Collection Set: 14.2ms
[2025-07-30T16:38:28.314+0800][54.139s][info][gc,phases   ] GC(1030)   Post Evacuate Collection Set: 0.7ms
[2025-07-30T16:38:28.314+0800][54.139s][info][gc,phases   ] GC(1030)   Other: 0.1ms
[2025-07-30T16:38:28.314+0800][54.139s][info][gc,heap     ] GC(1030) Eden regions: 1019->0(1018)
[2025-07-30T16:38:28.314+0800][54.139s][info][gc,heap     ] GC(1030) Survivor regions: 145->146(146)
[2025-07-30T16:38:28.314+0800][54.139s][info][gc,heap     ] GC(1030) Old regions: 561->561
[2025-07-30T16:38:28.314+0800][54.139s][info][gc,heap     ] GC(1030) Humongous regions: 3->3
[2025-07-30T16:38:28.314+0800][54.139s][info][gc,metaspace] GC(1030) Metaspace: 7247K(7552K)->7247K(7552K) NonClass: 6522K(6656K)->6522K(6656K) Class: 725K(896K)->725K(896K)
[2025-07-30T16:38:28.314+0800][54.139s][info][gc          ] GC(1030) Pause Young (Normal) (G1 Evacuation Pause) 1726M->708M(2048M) 15.585ms
[2025-07-30T16:38:28.314+0800][54.139s][info][gc,cpu      ] GC(1030) User=0.02s Sys=0.00s Real=0.02s
[2025-07-30T16:38:28.314+0800][54.139s][info][safepoint   ] Safepoint "G1CollectForAllocation", Time since last: 37571500 ns, Reaching safepoint: 6500 ns, Cleanup: 4000 ns, At safepoint: 15679500 ns, Total: 15690000 ns
[2025-07-30T16:38:28.350+0800][54.176s][info][gc,start    ] GC(1031) Pause Young (Normal) (G1 Evacuation Pause)
[2025-07-30T16:38:28.350+0800][54.176s][info][gc,task     ] GC(1031) Using 1 workers of 1 for evacuation
[2025-07-30T16:38:28.366+0800][54.192s][info][gc,phases   ] GC(1031)   Pre Evacuate Collection Set: 0.4ms
[2025-07-30T16:38:28.366+0800][54.192s][info][gc,phases   ] GC(1031)   Merge Heap Roots: 0.1ms
[2025-07-30T16:38:28.366+0800][54.192s][info][gc,phases   ] GC(1031)   Evacuate Collection Set: 14.7ms
[2025-07-30T16:38:28.366+0800][54.192s][info][gc,phases   ] GC(1031)   Post Evacuate Collection Set: 0.6ms
[2025-07-30T16:38:28.366+0800][54.192s][info][gc,phases   ] GC(1031)   Other: 0.1ms
[2025-07-30T16:38:28.366+0800][54.192s][info][gc,heap     ] GC(1031) Eden regions: 1018->0(1018)
[2025-07-30T16:38:28.366+0800][54.192s][info][gc,heap     ] GC(1031) Survivor regions: 146->146(146)
[2025-07-30T16:38:28.366+0800][54.192s][info][gc,heap     ] GC(1031) Old regions: 561->561
[2025-07-30T16:38:28.366+0800][54.192s][info][gc,heap     ] GC(1031) Humongous regions: 3->3
[2025-07-30T16:38:28.366+0800][54.192s][info][gc,metaspace] GC(1031) Metaspace: 7247K(7552K)->7247K(7552K) NonClass: 6522K(6656K)->6522K(6656K) Class: 725K(896K)->725K(896K)
[2025-07-30T16:38:28.366+0800][54.192s][info][gc          ] GC(1031) Pause Young (Normal) (G1 Evacuation Pause) 1726M->708M(2048M) 15.991ms
[2025-07-30T16:38:28.366+0800][54.192s][info][gc,cpu      ] GC(1031) User=0.02s Sys=0.00s Real=0.02s
[2025-07-30T16:38:28.366+0800][54.192s][info][safepoint   ] Safepoint "G1CollectForAllocation", Time since last: 36692800 ns, Reaching safepoint: 2900 ns, Cleanup: 3700 ns, At safepoint: 16032800 ns, Total: 16039400 ns
[2025-07-30T16:38:28.404+0800][54.229s][info][gc,start    ] GC(1032) Pause Young (Normal) (G1 Evacuation Pause)
[2025-07-30T16:38:28.404+0800][54.229s][info][gc,task     ] GC(1032) Using 1 workers of 1 for evacuation
[2025-07-30T16:38:28.420+0800][54.246s][info][gc,phases   ] GC(1032)   Pre Evacuate Collection Set: 0.4ms
[2025-07-30T16:38:28.420+0800][54.246s][info][gc,phases   ] GC(1032)   Merge Heap Roots: 0.1ms
[2025-07-30T16:38:28.420+0800][54.246s][info][gc,phases   ] GC(1032)   Evacuate Collection Set: 15.9ms
[2025-07-30T16:38:28.420+0800][54.247s][info][gc,phases   ] GC(1032)   Post Evacuate Collection Set: 0.7ms
[2025-07-30T16:38:28.420+0800][54.247s][info][gc,phases   ] GC(1032)   Other: 0.1ms
[2025-07-30T16:38:28.420+0800][54.247s][info][gc,heap     ] GC(1032) Eden regions: 1018->0(1017)
[2025-07-30T16:38:28.420+0800][54.247s][info][gc,heap     ] GC(1032) Survivor regions: 146->146(146)
[2025-07-30T16:38:28.420+0800][54.247s][info][gc,heap     ] GC(1032) Old regions: 561->561
[2025-07-30T16:38:28.420+0800][54.247s][info][gc,heap     ] GC(1032) Humongous regions: 3->3
[2025-07-30T16:38:28.420+0800][54.247s][info][gc,metaspace] GC(1032) Metaspace: 7247K(7552K)->7247K(7552K) NonClass: 6522K(6656K)->6522K(6656K) Class: 725K(896K)->725K(896K)
[2025-07-30T16:38:28.420+0800][54.247s][info][gc          ] GC(1032) Pause Young (Normal) (G1 Evacuation Pause) 1726M->709M(2048M) 17.354ms
[2025-07-30T16:38:28.420+0800][54.247s][info][gc,cpu      ] GC(1032) User=0.02s Sys=0.00s Real=0.02s
[2025-07-30T16:38:28.420+0800][54.247s][info][safepoint   ] Safepoint "G1CollectForAllocation", Time since last: 37406600 ns, Reaching safepoint: 2800 ns, Cleanup: 3200 ns, At safepoint: 17395600 ns, Total: 17401600 ns
[2025-07-30T16:38:28.459+0800][54.284s][info][gc,start    ] GC(1033) Pause Young (Normal) (G1 Evacuation Pause)
[2025-07-30T16:38:28.459+0800][54.284s][info][gc,task     ] GC(1033) Using 1 workers of 1 for evacuation
[2025-07-30T16:38:28.475+0800][54.300s][info][gc,phases   ] GC(1033)   Pre Evacuate Collection Set: 0.4ms
[2025-07-30T16:38:28.475+0800][54.300s][info][gc,phases   ] GC(1033)   Merge Heap Roots: 0.1ms
[2025-07-30T16:38:28.475+0800][54.300s][info][gc,phases   ] GC(1033)   Evacuate Collection Set: 14.4ms
[2025-07-30T16:38:28.475+0800][54.300s][info][gc,phases   ] GC(1033)   Post Evacuate Collection Set: 0.6ms
[2025-07-30T16:38:28.475+0800][54.300s][info][gc,phases   ] GC(1033)   Other: 0.2ms
[2025-07-30T16:38:28.475+0800][54.300s][info][gc,heap     ] GC(1033) Eden regions: 1017->0(1019)
[2025-07-30T16:38:28.475+0800][54.300s][info][gc,heap     ] GC(1033) Survivor regions: 146->145(146)
[2025-07-30T16:38:28.475+0800][54.300s][info][gc,heap     ] GC(1033) Old regions: 561->561
[2025-07-30T16:38:28.475+0800][54.300s][info][gc,heap     ] GC(1033) Humongous regions: 3->3
[2025-07-30T16:38:28.475+0800][54.300s][info][gc,metaspace] GC(1033) Metaspace: 7247K(7552K)->7247K(7552K) NonClass: 6522K(6656K)->6522K(6656K) Class: 725K(896K)->725K(896K)
[2025-07-30T16:38:28.475+0800][54.300s][info][gc          ] GC(1033) Pause Young (Normal) (G1 Evacuation Pause) 1726M->708M(2048M) 15.776ms
[2025-07-30T16:38:28.475+0800][54.300s][info][gc,cpu      ] GC(1033) User=0.02s Sys=0.00s Real=0.02s
[2025-07-30T16:38:28.475+0800][54.300s][info][safepoint   ] Safepoint "G1CollectForAllocation", Time since last: 37291800 ns, Reaching safepoint: 3600 ns, Cleanup: 4100 ns, At safepoint: 15818800 ns, Total: 15826500 ns
[2025-07-30T16:38:28.511+0800][54.337s][info][gc,start    ] GC(1034) Pause Young (Normal) (G1 Evacuation Pause)
[2025-07-30T16:38:28.511+0800][54.337s][info][gc,task     ] GC(1034) Using 1 workers of 1 for evacuation
[2025-07-30T16:38:28.526+0800][54.352s][info][gc,phases   ] GC(1034)   Pre Evacuate Collection Set: 0.4ms
[2025-07-30T16:38:28.526+0800][54.352s][info][gc,phases   ] GC(1034)   Merge Heap Roots: 0.1ms
[2025-07-30T16:38:28.526+0800][54.352s][info][gc,phases   ] GC(1034)   Evacuate Collection Set: 14.0ms
[2025-07-30T16:38:28.526+0800][54.352s][info][gc,phases   ] GC(1034)   Post Evacuate Collection Set: 0.7ms
[2025-07-30T16:38:28.526+0800][54.352s][info][gc,phases   ] GC(1034)   Other: 0.1ms
[2025-07-30T16:38:28.526+0800][54.352s][info][gc,heap     ] GC(1034) Eden regions: 1019->0(1017)
[2025-07-30T16:38:28.526+0800][54.352s][info][gc,heap     ] GC(1034) Survivor regions: 145->146(146)
[2025-07-30T16:38:28.526+0800][54.352s][info][gc,heap     ] GC(1034) Old regions: 561->561
[2025-07-30T16:38:28.526+0800][54.352s][info][gc,heap     ] GC(1034) Humongous regions: 3->3
[2025-07-30T16:38:28.526+0800][54.352s][info][gc,metaspace] GC(1034) Metaspace: 7247K(7552K)->7247K(7552K) NonClass: 6522K(6656K)->6522K(6656K) Class: 725K(896K)->725K(896K)
[2025-07-30T16:38:28.526+0800][54.352s][info][gc          ] GC(1034) Pause Young (Normal) (G1 Evacuation Pause) 1727M->709M(2048M) 15.423ms
[2025-07-30T16:38:28.527+0800][54.352s][info][gc,cpu      ] GC(1034) User=0.02s Sys=0.00s Real=0.02s
[2025-07-30T16:38:28.527+0800][54.352s][info][safepoint   ] Safepoint "G1CollectForAllocation", Time since last: 36910000 ns, Reaching safepoint: 3400 ns, Cleanup: 4000 ns, At safepoint: 15469400 ns, Total: 15476800 ns
[2025-07-30T16:38:28.563+0800][54.389s][info][gc,start    ] GC(1035) Pause Young (Normal) (G1 Evacuation Pause)
[2025-07-30T16:38:28.563+0800][54.389s][info][gc,task     ] GC(1035) Using 1 workers of 1 for evacuation
[2025-07-30T16:38:28.580+0800][54.405s][info][gc,phases   ] GC(1035)   Pre Evacuate Collection Set: 0.4ms
[2025-07-30T16:38:28.580+0800][54.405s][info][gc,phases   ] GC(1035)   Merge Heap Roots: 0.1ms
[2025-07-30T16:38:28.580+0800][54.405s][info][gc,phases   ] GC(1035)   Evacuate Collection Set: 15.0ms
[2025-07-30T16:38:28.580+0800][54.405s][info][gc,phases   ] GC(1035)   Post Evacuate Collection Set: 0.7ms
[2025-07-30T16:38:28.580+0800][54.405s][info][gc,phases   ] GC(1035)   Other: 0.1ms
[2025-07-30T16:38:28.580+0800][54.405s][info][gc,heap     ] GC(1035) Eden regions: 1017->0(1019)
[2025-07-30T16:38:28.580+0800][54.405s][info][gc,heap     ] GC(1035) Survivor regions: 146->145(146)
[2025-07-30T16:38:28.580+0800][54.405s][info][gc,heap     ] GC(1035) Old regions: 561->561
[2025-07-30T16:38:28.580+0800][54.405s][info][gc,heap     ] GC(1035) Humongous regions: 3->3
[2025-07-30T16:38:28.580+0800][54.405s][info][gc,metaspace] GC(1035) Metaspace: 7247K(7552K)->7247K(7552K) NonClass: 6522K(6656K)->6522K(6656K) Class: 725K(896K)->725K(896K)
[2025-07-30T16:38:28.580+0800][54.405s][info][gc          ] GC(1035) Pause Young (Normal) (G1 Evacuation Pause) 1726M->708M(2048M) 16.475ms
[2025-07-30T16:38:28.580+0800][54.405s][info][gc,cpu      ] GC(1035) User=0.02s Sys=0.00s Real=0.02s
[2025-07-30T16:38:28.580+0800][54.405s][info][safepoint   ] Safepoint "G1CollectForAllocation", Time since last: 36699200 ns, Reaching safepoint: 3000 ns, Cleanup: 4000 ns, At safepoint: 16517200 ns, Total: 16524200 ns
[2025-07-30T16:38:28.617+0800][54.443s][info][gc,start    ] GC(1036) Pause Young (Normal) (G1 Evacuation Pause)
[2025-07-30T16:38:28.617+0800][54.443s][info][gc,task     ] GC(1036) Using 1 workers of 1 for evacuation
[2025-07-30T16:38:28.632+0800][54.458s][info][gc,phases   ] GC(1036)   Pre Evacuate Collection Set: 0.3ms
[2025-07-30T16:38:28.632+0800][54.458s][info][gc,phases   ] GC(1036)   Merge Heap Roots: 0.0ms
[2025-07-30T16:38:28.632+0800][54.458s][info][gc,phases   ] GC(1036)   Evacuate Collection Set: 13.9ms
[2025-07-30T16:38:28.632+0800][54.458s][info][gc,phases   ] GC(1036)   Post Evacuate Collection Set: 0.6ms
[2025-07-30T16:38:28.632+0800][54.458s][info][gc,phases   ] GC(1036)   Other: 0.1ms
[2025-07-30T16:38:28.632+0800][54.458s][info][gc,heap     ] GC(1036) Eden regions: 1019->0(1017)
[2025-07-30T16:38:28.632+0800][54.458s][info][gc,heap     ] GC(1036) Survivor regions: 145->146(146)
[2025-07-30T16:38:28.632+0800][54.458s][info][gc,heap     ] GC(1036) Old regions: 561->561
[2025-07-30T16:38:28.632+0800][54.458s][info][gc,heap     ] GC(1036) Humongous regions: 3->3
[2025-07-30T16:38:28.632+0800][54.458s][info][gc,metaspace] GC(1036) Metaspace: 7247K(7552K)->7247K(7552K) NonClass: 6522K(6656K)->6522K(6656K) Class: 725K(896K)->725K(896K)
[2025-07-30T16:38:28.632+0800][54.458s][info][gc          ] GC(1036) Pause Young (Normal) (G1 Evacuation Pause) 1727M->709M(2048M) 15.144ms
[2025-07-30T16:38:28.632+0800][54.458s][info][gc,cpu      ] GC(1036) User=0.02s Sys=0.00s Real=0.01s
[2025-07-30T16:38:28.632+0800][54.458s][info][safepoint   ] Safepoint "G1CollectForAllocation", Time since last: 37139200 ns, Reaching safepoint: 2500 ns, Cleanup: 3200 ns, At safepoint: 15181800 ns, Total: 15187500 ns
[2025-07-30T16:38:28.669+0800][54.495s][info][gc,start    ] GC(1037) Pause Young (Normal) (G1 Evacuation Pause)
[2025-07-30T16:38:28.669+0800][54.495s][info][gc,task     ] GC(1037) Using 1 workers of 1 for evacuation
[2025-07-30T16:38:28.685+0800][54.510s][info][gc,phases   ] GC(1037)   Pre Evacuate Collection Set: 0.4ms
[2025-07-30T16:38:28.685+0800][54.510s][info][gc,phases   ] GC(1037)   Merge Heap Roots: 0.1ms
[2025-07-30T16:38:28.685+0800][54.510s][info][gc,phases   ] GC(1037)   Evacuate Collection Set: 14.1ms
[2025-07-30T16:38:28.685+0800][54.510s][info][gc,phases   ] GC(1037)   Post Evacuate Collection Set: 0.7ms
[2025-07-30T16:38:28.685+0800][54.510s][info][gc,phases   ] GC(1037)   Other: 0.1ms
[2025-07-30T16:38:28.685+0800][54.510s][info][gc,heap     ] GC(1037) Eden regions: 1017->0(1017)
[2025-07-30T16:38:28.685+0800][54.510s][info][gc,heap     ] GC(1037) Survivor regions: 146->146(146)
[2025-07-30T16:38:28.685+0800][54.510s][info][gc,heap     ] GC(1037) Old regions: 561->561
[2025-07-30T16:38:28.685+0800][54.510s][info][gc,heap     ] GC(1037) Humongous regions: 3->3
[2025-07-30T16:38:28.685+0800][54.510s][info][gc,metaspace] GC(1037) Metaspace: 7247K(7552K)->7247K(7552K) NonClass: 6522K(6656K)->6522K(6656K) Class: 725K(896K)->725K(896K)
[2025-07-30T16:38:28.685+0800][54.510s][info][gc          ] GC(1037) Pause Young (Normal) (G1 Evacuation Pause) 1726M->708M(2048M) 15.557ms
[2025-07-30T16:38:28.685+0800][54.510s][info][gc,cpu      ] GC(1037) User=0.02s Sys=0.00s Real=0.02s
[2025-07-30T16:38:28.685+0800][54.510s][info][safepoint   ] Safepoint "G1CollectForAllocation", Time since last: 36897200 ns, Reaching safepoint: 2900 ns, Cleanup: 3800 ns, At safepoint: 15653400 ns, Total: 15660100 ns
[2025-07-30T16:38:28.721+0800][54.547s][info][gc,start    ] GC(1038) Pause Young (Normal) (G1 Evacuation Pause)
[2025-07-30T16:38:28.721+0800][54.547s][info][gc,task     ] GC(1038) Using 1 workers of 1 for evacuation
[2025-07-30T16:38:28.736+0800][54.562s][info][gc,phases   ] GC(1038)   Pre Evacuate Collection Set: 0.4ms
[2025-07-30T16:38:28.737+0800][54.562s][info][gc,phases   ] GC(1038)   Merge Heap Roots: 0.1ms
[2025-07-30T16:38:28.737+0800][54.562s][info][gc,phases   ] GC(1038)   Evacuate Collection Set: 14.1ms
[2025-07-30T16:38:28.737+0800][54.562s][info][gc,phases   ] GC(1038)   Post Evacuate Collection Set: 0.7ms
[2025-07-30T16:38:28.737+0800][54.562s][info][gc,phases   ] GC(1038)   Other: 0.1ms
[2025-07-30T16:38:28.737+0800][54.562s][info][gc,heap     ] GC(1038) Eden regions: 1017->0(1019)
[2025-07-30T16:38:28.737+0800][54.562s][info][gc,heap     ] GC(1038) Survivor regions: 146->145(146)
[2025-07-30T16:38:28.737+0800][54.562s][info][gc,heap     ] GC(1038) Old regions: 561->561
[2025-07-30T16:38:28.737+0800][54.562s][info][gc,heap     ] GC(1038) Humongous regions: 3->3
[2025-07-30T16:38:28.737+0800][54.562s][info][gc,metaspace] GC(1038) Metaspace: 7247K(7552K)->7247K(7552K) NonClass: 6522K(6656K)->6522K(6656K) Class: 725K(896K)->725K(896K)
[2025-07-30T16:38:28.737+0800][54.562s][info][gc          ] GC(1038) Pause Young (Normal) (G1 Evacuation Pause) 1725M->707M(2048M) 15.518ms
[2025-07-30T16:38:28.737+0800][54.562s][info][gc,cpu      ] GC(1038) User=0.02s Sys=0.00s Real=0.02s
[2025-07-30T16:38:28.737+0800][54.562s][info][safepoint   ] Safepoint "G1CollectForAllocation", Time since last: 36341600 ns, Reaching safepoint: 3500 ns, Cleanup: 4200 ns, At safepoint: 15561900 ns, Total: 15569600 ns
[2025-07-30T16:38:28.774+0800][54.599s][info][gc,start    ] GC(1039) Pause Young (Normal) (G1 Evacuation Pause)
[2025-07-30T16:38:28.774+0800][54.599s][info][gc,task     ] GC(1039) Using 1 workers of 1 for evacuation
[2025-07-30T16:38:28.789+0800][54.614s][info][gc,phases   ] GC(1039)   Pre Evacuate Collection Set: 0.4ms
[2025-07-30T16:38:28.789+0800][54.614s][info][gc,phases   ] GC(1039)   Merge Heap Roots: 0.1ms
[2025-07-30T16:38:28.789+0800][54.615s][info][gc,phases   ] GC(1039)   Evacuate Collection Set: 14.3ms
[2025-07-30T16:38:28.789+0800][54.615s][info][gc,phases   ] GC(1039)   Post Evacuate Collection Set: 0.7ms
[2025-07-30T16:38:28.789+0800][54.615s][info][gc,phases   ] GC(1039)   Other: 0.1ms
[2025-07-30T16:38:28.789+0800][54.615s][info][gc,heap     ] GC(1039) Eden regions: 1019->0(1018)
[2025-07-30T16:38:28.789+0800][54.615s][info][gc,heap     ] GC(1039) Survivor regions: 145->146(146)
[2025-07-30T16:38:28.789+0800][54.615s][info][gc,heap     ] GC(1039) Old regions: 561->561
[2025-07-30T16:38:28.789+0800][54.615s][info][gc,heap     ] GC(1039) Humongous regions: 3->3
[2025-07-30T16:38:28.789+0800][54.615s][info][gc,metaspace] GC(1039) Metaspace: 7247K(7552K)->7247K(7552K) NonClass: 6522K(6656K)->6522K(6656K) Class: 725K(896K)->725K(896K)
[2025-07-30T16:38:28.789+0800][54.615s][info][gc          ] GC(1039) Pause Young (Normal) (G1 Evacuation Pause) 1726M->708M(2048M) 15.865ms
[2025-07-30T16:38:28.789+0800][54.615s][info][gc,cpu      ] GC(1039) User=0.02s Sys=0.00s Real=0.02s
[2025-07-30T16:38:28.789+0800][54.615s][info][safepoint   ] Safepoint "G1CollectForAllocation", Time since last: 36565900 ns, Reaching safepoint: 4000 ns, Cleanup: 4400 ns, At safepoint: 15912300 ns, Total: 15920700 ns
[2025-07-30T16:38:28.827+0800][54.652s][info][gc,start    ] GC(1040) Pause Young (Normal) (G1 Evacuation Pause)
[2025-07-30T16:38:28.827+0800][54.652s][info][gc,task     ] GC(1040) Using 1 workers of 1 for evacuation
[2025-07-30T16:38:28.842+0800][54.667s][info][gc,phases   ] GC(1040)   Pre Evacuate Collection Set: 0.3ms
[2025-07-30T16:38:28.842+0800][54.667s][info][gc,phases   ] GC(1040)   Merge Heap Roots: 0.0ms
[2025-07-30T16:38:28.842+0800][54.667s][info][gc,phases   ] GC(1040)   Evacuate Collection Set: 13.8ms
[2025-07-30T16:38:28.842+0800][54.667s][info][gc,phases   ] GC(1040)   Post Evacuate Collection Set: 0.7ms
[2025-07-30T16:38:28.842+0800][54.667s][info][gc,phases   ] GC(1040)   Other: 0.1ms
[2025-07-30T16:38:28.842+0800][54.667s][info][gc,heap     ] GC(1040) Eden regions: 1018->0(1018)
[2025-07-30T16:38:28.842+0800][54.667s][info][gc,heap     ] GC(1040) Survivor regions: 146->146(146)
[2025-07-30T16:38:28.842+0800][54.667s][info][gc,heap     ] GC(1040) Old regions: 561->561
[2025-07-30T16:38:28.842+0800][54.667s][info][gc,heap     ] GC(1040) Humongous regions: 3->3
[2025-07-30T16:38:28.842+0800][54.667s][info][gc,metaspace] GC(1040) Metaspace: 7247K(7552K)->7247K(7552K) NonClass: 6522K(6656K)->6522K(6656K) Class: 725K(896K)->725K(896K)
[2025-07-30T16:38:28.842+0800][54.667s][info][gc          ] GC(1040) Pause Young (Normal) (G1 Evacuation Pause) 1726M->708M(2048M) 15.236ms
[2025-07-30T16:38:28.842+0800][54.667s][info][gc,cpu      ] GC(1040) User=0.02s Sys=0.00s Real=0.02s
[2025-07-30T16:38:28.842+0800][54.667s][info][safepoint   ] Safepoint "G1CollectForAllocation", Time since last: 37326700 ns, Reaching safepoint: 2600 ns, Cleanup: 3000 ns, At safepoint: 15278300 ns, Total: 15283900 ns
[2025-07-30T16:38:28.878+0800][54.704s][info][gc,start    ] GC(1041) Pause Young (Normal) (G1 Evacuation Pause)
[2025-07-30T16:38:28.878+0800][54.704s][info][gc,task     ] GC(1041) Using 1 workers of 1 for evacuation
[2025-07-30T16:38:28.894+0800][54.719s][info][gc,phases   ] GC(1041)   Pre Evacuate Collection Set: 0.3ms
[2025-07-30T16:38:28.894+0800][54.719s][info][gc,phases   ] GC(1041)   Merge Heap Roots: 0.0ms
[2025-07-30T16:38:28.894+0800][54.719s][info][gc,phases   ] GC(1041)   Evacuate Collection Set: 14.0ms
[2025-07-30T16:38:28.894+0800][54.719s][info][gc,phases   ] GC(1041)   Post Evacuate Collection Set: 0.6ms
[2025-07-30T16:38:28.894+0800][54.719s][info][gc,phases   ] GC(1041)   Other: 0.1ms
[2025-07-30T16:38:28.894+0800][54.719s][info][gc,heap     ] GC(1041) Eden regions: 1018->0(1018)
[2025-07-30T16:38:28.894+0800][54.719s][info][gc,heap     ] GC(1041) Survivor regions: 146->146(146)
[2025-07-30T16:38:28.894+0800][54.719s][info][gc,heap     ] GC(1041) Old regions: 561->561
[2025-07-30T16:38:28.894+0800][54.719s][info][gc,heap     ] GC(1041) Humongous regions: 3->3
[2025-07-30T16:38:28.894+0800][54.719s][info][gc,metaspace] GC(1041) Metaspace: 7247K(7552K)->7247K(7552K) NonClass: 6522K(6656K)->6522K(6656K) Class: 725K(896K)->725K(896K)
[2025-07-30T16:38:28.894+0800][54.719s][info][gc          ] GC(1041) Pause Young (Normal) (G1 Evacuation Pause) 1726M->708M(2048M) 15.230ms
[2025-07-30T16:38:28.894+0800][54.719s][info][gc,cpu      ] GC(1041) User=0.02s Sys=0.00s Real=0.02s
[2025-07-30T16:38:28.894+0800][54.719s][info][safepoint   ] Safepoint "G1CollectForAllocation", Time since last: 36595200 ns, Reaching safepoint: 2500 ns, Cleanup: 2800 ns, At safepoint: 15268200 ns, Total: 15273500 ns
[2025-07-30T16:38:28.930+0800][54.756s][info][gc,start    ] GC(1042) Pause Young (Normal) (G1 Evacuation Pause)
[2025-07-30T16:38:28.930+0800][54.756s][info][gc,task     ] GC(1042) Using 1 workers of 1 for evacuation
[2025-07-30T16:38:28.945+0800][54.770s][info][gc,phases   ] GC(1042)   Pre Evacuate Collection Set: 0.3ms
[2025-07-30T16:38:28.945+0800][54.770s][info][gc,phases   ] GC(1042)   Merge Heap Roots: 0.0ms
[2025-07-30T16:38:28.945+0800][54.770s][info][gc,phases   ] GC(1042)   Evacuate Collection Set: 13.7ms
[2025-07-30T16:38:28.945+0800][54.770s][info][gc,phases   ] GC(1042)   Post Evacuate Collection Set: 0.7ms
[2025-07-30T16:38:28.945+0800][54.770s][info][gc,phases   ] GC(1042)   Other: 0.1ms
[2025-07-30T16:38:28.945+0800][54.771s][info][gc,heap     ] GC(1042) Eden regions: 1018->0(1017)
[2025-07-30T16:38:28.945+0800][54.771s][info][gc,heap     ] GC(1042) Survivor regions: 146->146(146)
[2025-07-30T16:38:28.945+0800][54.771s][info][gc,heap     ] GC(1042) Old regions: 561->561
[2025-07-30T16:38:28.945+0800][54.771s][info][gc,heap     ] GC(1042) Humongous regions: 3->3
[2025-07-30T16:38:28.945+0800][54.771s][info][gc,metaspace] GC(1042) Metaspace: 7247K(7552K)->7247K(7552K) NonClass: 6522K(6656K)->6522K(6656K) Class: 725K(896K)->725K(896K)
[2025-07-30T16:38:28.945+0800][54.771s][info][gc          ] GC(1042) Pause Young (Normal) (G1 Evacuation Pause) 1726M->709M(2048M) 15.122ms
[2025-07-30T16:38:28.945+0800][54.771s][info][gc,cpu      ] GC(1042) User=0.02s Sys=0.00s Real=0.01s
[2025-07-30T16:38:28.945+0800][54.771s][info][safepoint   ] Safepoint "G1CollectForAllocation", Time since last: 36449000 ns, Reaching safepoint: 2200 ns, Cleanup: 2800 ns, At safepoint: 15192700 ns, Total: 15197700 ns
[2025-07-30T16:38:28.983+0800][54.808s][info][gc,start    ] GC(1043) Pause Young (Normal) (G1 Evacuation Pause)
[2025-07-30T16:38:28.983+0800][54.808s][info][gc,task     ] GC(1043) Using 1 workers of 1 for evacuation
[2025-07-30T16:38:28.999+0800][54.825s][info][gc,phases   ] GC(1043)   Pre Evacuate Collection Set: 0.3ms
[2025-07-30T16:38:28.999+0800][54.825s][info][gc,phases   ] GC(1043)   Merge Heap Roots: 0.0ms
[2025-07-30T16:38:28.999+0800][54.825s][info][gc,phases   ] GC(1043)   Evacuate Collection Set: 15.2ms
[2025-07-30T16:38:28.999+0800][54.825s][info][gc,phases   ] GC(1043)   Post Evacuate Collection Set: 0.6ms
[2025-07-30T16:38:28.999+0800][54.825s][info][gc,phases   ] GC(1043)   Other: 0.1ms
[2025-07-30T16:38:28.999+0800][54.825s][info][gc,heap     ] GC(1043) Eden regions: 1017->0(1019)
[2025-07-30T16:38:28.999+0800][54.825s][info][gc,heap     ] GC(1043) Survivor regions: 146->145(146)
[2025-07-30T16:38:28.999+0800][54.825s][info][gc,heap     ] GC(1043) Old regions: 561->561
[2025-07-30T16:38:28.999+0800][54.825s][info][gc,heap     ] GC(1043) Humongous regions: 3->3
[2025-07-30T16:38:28.999+0800][54.825s][info][gc,metaspace] GC(1043) Metaspace: 7247K(7552K)->7247K(7552K) NonClass: 6522K(6656K)->6522K(6656K) Class: 725K(896K)->725K(896K)
[2025-07-30T16:38:28.999+0800][54.825s][info][gc          ] GC(1043) Pause Young (Normal) (G1 Evacuation Pause) 1726M->708M(2048M) 16.337ms
[2025-07-30T16:38:28.999+0800][54.825s][info][gc,cpu      ] GC(1043) User=0.02s Sys=0.00s Real=0.02s
[2025-07-30T16:38:28.999+0800][54.825s][info][safepoint   ] Safepoint "G1CollectForAllocation", Time since last: 37582900 ns, Reaching safepoint: 2200 ns, Cleanup: 3000 ns, At safepoint: 16374200 ns, Total: 16379400 ns
[2025-07-30T16:38:29.037+0800][54.863s][info][gc,start    ] GC(1044) Pause Young (Normal) (G1 Evacuation Pause)
[2025-07-30T16:38:29.037+0800][54.863s][info][gc,task     ] GC(1044) Using 1 workers of 1 for evacuation
[2025-07-30T16:38:29.052+0800][54.878s][info][gc,phases   ] GC(1044)   Pre Evacuate Collection Set: 0.3ms
[2025-07-30T16:38:29.052+0800][54.878s][info][gc,phases   ] GC(1044)   Merge Heap Roots: 0.1ms
[2025-07-30T16:38:29.052+0800][54.878s][info][gc,phases   ] GC(1044)   Evacuate Collection Set: 14.0ms
[2025-07-30T16:38:29.052+0800][54.878s][info][gc,phases   ] GC(1044)   Post Evacuate Collection Set: 0.6ms
[2025-07-30T16:38:29.052+0800][54.878s][info][gc,phases   ] GC(1044)   Other: 0.1ms
[2025-07-30T16:38:29.052+0800][54.878s][info][gc,heap     ] GC(1044) Eden regions: 1019->0(1017)
[2025-07-30T16:38:29.052+0800][54.878s][info][gc,heap     ] GC(1044) Survivor regions: 145->146(146)
[2025-07-30T16:38:29.052+0800][54.878s][info][gc,heap     ] GC(1044) Old regions: 561->561
[2025-07-30T16:38:29.052+0800][54.878s][info][gc,heap     ] GC(1044) Humongous regions: 3->3
[2025-07-30T16:38:29.052+0800][54.878s][info][gc,metaspace] GC(1044) Metaspace: 7247K(7552K)->7247K(7552K) NonClass: 6522K(6656K)->6522K(6656K) Class: 725K(896K)->725K(896K)
[2025-07-30T16:38:29.052+0800][54.878s][info][gc          ] GC(1044) Pause Young (Normal) (G1 Evacuation Pause) 1727M->709M(2048M) 15.250ms
[2025-07-30T16:38:29.052+0800][54.878s][info][gc,cpu      ] GC(1044) User=0.02s Sys=0.00s Real=0.02s
[2025-07-30T16:38:29.052+0800][54.878s][info][safepoint   ] Safepoint "G1CollectForAllocation", Time since last: 37805900 ns, Reaching safepoint: 2100 ns, Cleanup: 3000 ns, At safepoint: 15344900 ns, Total: 15350000 ns
[2025-07-30T16:38:29.090+0800][54.915s][info][gc,start    ] GC(1045) Pause Young (Normal) (G1 Evacuation Pause)
[2025-07-30T16:38:29.090+0800][54.915s][info][gc,task     ] GC(1045) Using 1 workers of 1 for evacuation
[2025-07-30T16:38:29.104+0800][54.930s][info][gc,phases   ] GC(1045)   Pre Evacuate Collection Set: 0.3ms
[2025-07-30T16:38:29.104+0800][54.930s][info][gc,phases   ] GC(1045)   Merge Heap Roots: 0.1ms
[2025-07-30T16:38:29.104+0800][54.930s][info][gc,phases   ] GC(1045)   Evacuate Collection Set: 13.5ms
[2025-07-30T16:38:29.104+0800][54.930s][info][gc,phases   ] GC(1045)   Post Evacuate Collection Set: 0.6ms
[2025-07-30T16:38:29.104+0800][54.930s][info][gc,phases   ] GC(1045)   Other: 0.1ms
[2025-07-30T16:38:29.104+0800][54.930s][info][gc,heap     ] GC(1045) Eden regions: 1017->0(1019)
[2025-07-30T16:38:29.104+0800][54.930s][info][gc,heap     ] GC(1045) Survivor regions: 146->145(146)
[2025-07-30T16:38:29.104+0800][54.930s][info][gc,heap     ] GC(1045) Old regions: 561->561
[2025-07-30T16:38:29.104+0800][54.930s][info][gc,heap     ] GC(1045) Humongous regions: 3->3
[2025-07-30T16:38:29.104+0800][54.930s][info][gc,metaspace] GC(1045) Metaspace: 7247K(7552K)->7247K(7552K) NonClass: 6522K(6656K)->6522K(6656K) Class: 725K(896K)->725K(896K)
[2025-07-30T16:38:29.104+0800][54.930s][info][gc          ] GC(1045) Pause Young (Normal) (G1 Evacuation Pause) 1726M->708M(2048M) 14.764ms
[2025-07-30T16:38:29.104+0800][54.930s][info][gc,cpu      ] GC(1045) User=0.02s Sys=0.00s Real=0.01s
[2025-07-30T16:38:29.104+0800][54.930s][info][safepoint   ] Safepoint "G1CollectForAllocation", Time since last: 37159000 ns, Reaching safepoint: 2100 ns, Cleanup: 2900 ns, At safepoint: 14804400 ns, Total: 14809400 ns
[2025-07-30T16:38:29.141+0800][54.966s][info][gc,start    ] GC(1046) Pause Young (Normal) (G1 Evacuation Pause)
[2025-07-30T16:38:29.141+0800][54.966s][info][gc,task     ] GC(1046) Using 1 workers of 1 for evacuation
[2025-07-30T16:38:29.156+0800][54.981s][info][gc,phases   ] GC(1046)   Pre Evacuate Collection Set: 0.3ms
[2025-07-30T16:38:29.156+0800][54.981s][info][gc,phases   ] GC(1046)   Merge Heap Roots: 0.0ms
[2025-07-30T16:38:29.156+0800][54.981s][info][gc,phases   ] GC(1046)   Evacuate Collection Set: 14.0ms
[2025-07-30T16:38:29.156+0800][54.981s][info][gc,phases   ] GC(1046)   Post Evacuate Collection Set: 0.6ms
[2025-07-30T16:38:29.156+0800][54.981s][info][gc,phases   ] GC(1046)   Other: 0.1ms
[2025-07-30T16:38:29.156+0800][54.981s][info][gc,heap     ] GC(1046) Eden regions: 1019->0(1017)
[2025-07-30T16:38:29.156+0800][54.981s][info][gc,heap     ] GC(1046) Survivor regions: 145->146(146)
[2025-07-30T16:38:29.156+0800][54.981s][info][gc,heap     ] GC(1046) Old regions: 561->561
[2025-07-30T16:38:29.156+0800][54.981s][info][gc,heap     ] GC(1046) Humongous regions: 3->3
[2025-07-30T16:38:29.156+0800][54.981s][info][gc,metaspace] GC(1046) Metaspace: 7247K(7552K)->7247K(7552K) NonClass: 6522K(6656K)->6522K(6656K) Class: 725K(896K)->725K(896K)
[2025-07-30T16:38:29.156+0800][54.981s][info][gc          ] GC(1046) Pause Young (Normal) (G1 Evacuation Pause) 1727M->709M(2048M) 15.217ms
[2025-07-30T16:38:29.156+0800][54.981s][info][gc,cpu      ] GC(1046) User=0.00s Sys=0.00s Real=0.01s
[2025-07-30T16:38:29.156+0800][54.981s][info][safepoint   ] Safepoint "G1CollectForAllocation", Time since last: 36319800 ns, Reaching safepoint: 2500 ns, Cleanup: 3500 ns, At safepoint: 15256000 ns, Total: 15262000 ns
[2025-07-30T16:38:29.193+0800][55.018s][info][gc,start    ] GC(1047) Pause Young (Normal) (G1 Evacuation Pause)
[2025-07-30T16:38:29.193+0800][55.019s][info][gc,task     ] GC(1047) Using 1 workers of 1 for evacuation
[2025-07-30T16:38:29.208+0800][55.034s][info][gc,phases   ] GC(1047)   Pre Evacuate Collection Set: 0.4ms
[2025-07-30T16:38:29.209+0800][55.034s][info][gc,phases   ] GC(1047)   Merge Heap Roots: 0.1ms
[2025-07-30T16:38:29.209+0800][55.034s][info][gc,phases   ] GC(1047)   Evacuate Collection Set: 14.0ms
[2025-07-30T16:38:29.209+0800][55.034s][info][gc,phases   ] GC(1047)   Post Evacuate Collection Set: 0.7ms
[2025-07-30T16:38:29.209+0800][55.034s][info][gc,phases   ] GC(1047)   Other: 0.1ms
[2025-07-30T16:38:29.209+0800][55.034s][info][gc,heap     ] GC(1047) Eden regions: 1017->0(1017)
[2025-07-30T16:38:29.209+0800][55.034s][info][gc,heap     ] GC(1047) Survivor regions: 146->146(146)
[2025-07-30T16:38:29.209+0800][55.034s][info][gc,heap     ] GC(1047) Old regions: 561->561
[2025-07-30T16:38:29.209+0800][55.034s][info][gc,heap     ] GC(1047) Humongous regions: 3->3
[2025-07-30T16:38:29.209+0800][55.034s][info][gc,metaspace] GC(1047) Metaspace: 7247K(7552K)->7247K(7552K) NonClass: 6522K(6656K)->6522K(6656K) Class: 725K(896K)->725K(896K)
[2025-07-30T16:38:29.209+0800][55.034s][info][gc          ] GC(1047) Pause Young (Normal) (G1 Evacuation Pause) 1726M->708M(2048M) 15.551ms
[2025-07-30T16:38:29.209+0800][55.034s][info][gc,cpu      ] GC(1047) User=0.02s Sys=0.00s Real=0.02s
[2025-07-30T16:38:29.209+0800][55.034s][info][safepoint   ] Safepoint "G1CollectForAllocation", Time since last: 37004400 ns, Reaching safepoint: 3500 ns, Cleanup: 4600 ns, At safepoint: 15596500 ns, Total: 15604600 ns
[2025-07-30T16:38:29.246+0800][55.071s][info][gc,start    ] GC(1048) Pause Young (Normal) (G1 Evacuation Pause)
[2025-07-30T16:38:29.246+0800][55.071s][info][gc,task     ] GC(1048) Using 1 workers of 1 for evacuation
[2025-07-30T16:38:29.260+0800][55.087s][info][gc,phases   ] GC(1048)   Pre Evacuate Collection Set: 0.5ms
[2025-07-30T16:38:29.260+0800][55.087s][info][gc,phases   ] GC(1048)   Merge Heap Roots: 0.1ms
[2025-07-30T16:38:29.260+0800][55.087s][info][gc,phases   ] GC(1048)   Evacuate Collection Set: 14.3ms
[2025-07-30T16:38:29.260+0800][55.087s][info][gc,phases   ] GC(1048)   Post Evacuate Collection Set: 0.7ms
[2025-07-30T16:38:29.260+0800][55.087s][info][gc,phases   ] GC(1048)   Other: 0.1ms
[2025-07-30T16:38:29.262+0800][55.087s][info][gc,heap     ] GC(1048) Eden regions: 1017->0(1019)
[2025-07-30T16:38:29.262+0800][55.087s][info][gc,heap     ] GC(1048) Survivor regions: 146->145(146)
[2025-07-30T16:38:29.262+0800][55.087s][info][gc,heap     ] GC(1048) Old regions: 561->561
[2025-07-30T16:38:29.262+0800][55.087s][info][gc,heap     ] GC(1048) Humongous regions: 3->3
[2025-07-30T16:38:29.262+0800][55.087s][info][gc,metaspace] GC(1048) Metaspace: 7247K(7552K)->7247K(7552K) NonClass: 6522K(6656K)->6522K(6656K) Class: 725K(896K)->725K(896K)
[2025-07-30T16:38:29.262+0800][55.087s][info][gc          ] GC(1048) Pause Young (Normal) (G1 Evacuation Pause) 1725M->707M(2048M) 15.843ms
[2025-07-30T16:38:29.262+0800][55.087s][info][gc,cpu      ] GC(1048) User=0.02s Sys=0.00s Real=0.02s
[2025-07-30T16:38:29.262+0800][55.087s][info][safepoint   ] Safepoint "G1CollectForAllocation", Time since last: 37118100 ns, Reaching safepoint: 4200 ns, Cleanup: 5400 ns, At safepoint: 15893100 ns, Total: 15902700 ns
[2025-07-30T16:38:29.298+0800][55.124s][info][gc,start    ] GC(1049) Pause Young (Normal) (G1 Evacuation Pause)
[2025-07-30T16:38:29.298+0800][55.124s][info][gc,task     ] GC(1049) Using 1 workers of 1 for evacuation
[2025-07-30T16:38:29.315+0800][55.140s][info][gc,phases   ] GC(1049)   Pre Evacuate Collection Set: 0.3ms
[2025-07-30T16:38:29.315+0800][55.140s][info][gc,phases   ] GC(1049)   Merge Heap Roots: 0.1ms
[2025-07-30T16:38:29.315+0800][55.140s][info][gc,phases   ] GC(1049)   Evacuate Collection Set: 15.0ms
[2025-07-30T16:38:29.315+0800][55.140s][info][gc,phases   ] GC(1049)   Post Evacuate Collection Set: 0.6ms
[2025-07-30T16:38:29.315+0800][55.140s][info][gc,phases   ] GC(1049)   Other: 0.1ms
[2025-07-30T16:38:29.315+0800][55.140s][info][gc,heap     ] GC(1049) Eden regions: 1019->0(1018)
[2025-07-30T16:38:29.315+0800][55.140s][info][gc,heap     ] GC(1049) Survivor regions: 145->146(146)
[2025-07-30T16:38:29.315+0800][55.140s][info][gc,heap     ] GC(1049) Old regions: 561->561
[2025-07-30T16:38:29.315+0800][55.140s][info][gc,heap     ] GC(1049) Humongous regions: 3->3
[2025-07-30T16:38:29.315+0800][55.140s][info][gc,metaspace] GC(1049) Metaspace: 7247K(7552K)->7247K(7552K) NonClass: 6522K(6656K)->6522K(6656K) Class: 725K(896K)->725K(896K)
[2025-07-30T16:38:29.315+0800][55.140s][info][gc          ] GC(1049) Pause Young (Normal) (G1 Evacuation Pause) 1726M->708M(2048M) 16.321ms
[2025-07-30T16:38:29.315+0800][55.140s][info][gc,cpu      ] GC(1049) User=0.02s Sys=0.00s Real=0.02s
[2025-07-30T16:38:29.315+0800][55.140s][info][safepoint   ] Safepoint "G1CollectForAllocation", Time since last: 36700900 ns, Reaching safepoint: 2200 ns, Cleanup: 3200 ns, At safepoint: 16362000 ns, Total: 16367400 ns
[2025-07-30T16:38:29.352+0800][55.177s][info][gc,start    ] GC(1050) Pause Young (Normal) (G1 Evacuation Pause)
[2025-07-30T16:38:29.352+0800][55.177s][info][gc,task     ] GC(1050) Using 1 workers of 1 for evacuation
[2025-07-30T16:38:29.367+0800][55.192s][info][gc,phases   ] GC(1050)   Pre Evacuate Collection Set: 0.3ms
[2025-07-30T16:38:29.367+0800][55.192s][info][gc,phases   ] GC(1050)   Merge Heap Roots: 0.1ms
[2025-07-30T16:38:29.367+0800][55.192s][info][gc,phases   ] GC(1050)   Evacuate Collection Set: 14.0ms
[2025-07-30T16:38:29.367+0800][55.192s][info][gc,phases   ] GC(1050)   Post Evacuate Collection Set: 0.6ms
[2025-07-30T16:38:29.367+0800][55.192s][info][gc,phases   ] GC(1050)   Other: 0.1ms
[2025-07-30T16:38:29.367+0800][55.192s][info][gc,heap     ] GC(1050) Eden regions: 1018->0(1018)
[2025-07-30T16:38:29.367+0800][55.192s][info][gc,heap     ] GC(1050) Survivor regions: 146->146(146)
[2025-07-30T16:38:29.367+0800][55.192s][info][gc,heap     ] GC(1050) Old regions: 561->561
[2025-07-30T16:38:29.367+0800][55.192s][info][gc,heap     ] GC(1050) Humongous regions: 3->3
[2025-07-30T16:38:29.367+0800][55.192s][info][gc,metaspace] GC(1050) Metaspace: 7247K(7552K)->7247K(7552K) NonClass: 6522K(6656K)->6522K(6656K) Class: 725K(896K)->725K(896K)
[2025-07-30T16:38:29.367+0800][55.192s][info][gc          ] GC(1050) Pause Young (Normal) (G1 Evacuation Pause) 1726M->708M(2048M) 15.240ms
[2025-07-30T16:38:29.367+0800][55.192s][info][gc,cpu      ] GC(1050) User=0.02s Sys=0.00s Real=0.02s
[2025-07-30T16:38:29.367+0800][55.192s][info][safepoint   ] Safepoint "G1CollectForAllocation", Time since last: 37014800 ns, Reaching safepoint: 2000 ns, Cleanup: 2700 ns, At safepoint: 15277500 ns, Total: 15282200 ns
[2025-07-30T16:38:29.404+0800][55.229s][info][gc,start    ] GC(1051) Pause Young (Normal) (G1 Evacuation Pause)
[2025-07-30T16:38:29.405+0800][55.229s][info][gc,task     ] GC(1051) Using 1 workers of 1 for evacuation
[2025-07-30T16:38:29.420+0800][55.245s][info][gc,phases   ] GC(1051)   Pre Evacuate Collection Set: 0.4ms
[2025-07-30T16:38:29.420+0800][55.245s][info][gc,phases   ] GC(1051)   Merge Heap Roots: 0.1ms
[2025-07-30T16:38:29.420+0800][55.245s][info][gc,phases   ] GC(1051)   Evacuate Collection Set: 14.3ms
[2025-07-30T16:38:29.420+0800][55.245s][info][gc,phases   ] GC(1051)   Post Evacuate Collection Set: 0.6ms
[2025-07-30T16:38:29.420+0800][55.245s][info][gc,phases   ] GC(1051)   Other: 0.1ms
[2025-07-30T16:38:29.420+0800][55.245s][info][gc,heap     ] GC(1051) Eden regions: 1018->0(1017)
[2025-07-30T16:38:29.420+0800][55.245s][info][gc,heap     ] GC(1051) Survivor regions: 146->146(146)
[2025-07-30T16:38:29.420+0800][55.245s][info][gc,heap     ] GC(1051) Old regions: 561->561
[2025-07-30T16:38:29.420+0800][55.245s][info][gc,heap     ] GC(1051) Humongous regions: 3->3
[2025-07-30T16:38:29.420+0800][55.245s][info][gc,metaspace] GC(1051) Metaspace: 7247K(7552K)->7247K(7552K) NonClass: 6522K(6656K)->6522K(6656K) Class: 725K(896K)->725K(896K)
[2025-07-30T16:38:29.420+0800][55.245s][info][gc          ] GC(1051) Pause Young (Normal) (G1 Evacuation Pause) 1726M->709M(2048M) 15.523ms
[2025-07-30T16:38:29.420+0800][55.245s][info][gc,cpu      ] GC(1051) User=0.02s Sys=0.00s Real=0.02s
[2025-07-30T16:38:29.420+0800][55.245s][info][safepoint   ] Safepoint "G1CollectForAllocation", Time since last: 36977400 ns, Reaching safepoint: 2700 ns, Cleanup: 3500 ns, At safepoint: 15562800 ns, Total: 15569000 ns
[2025-07-30T16:38:29.456+0800][55.281s][info][gc,start    ] GC(1052) Pause Young (Normal) (G1 Evacuation Pause)
[2025-07-30T16:38:29.456+0800][55.281s][info][gc,task     ] GC(1052) Using 1 workers of 1 for evacuation
[2025-07-30T16:38:29.471+0800][55.296s][info][gc,phases   ] GC(1052)   Pre Evacuate Collection Set: 0.3ms
[2025-07-30T16:38:29.471+0800][55.296s][info][gc,phases   ] GC(1052)   Merge Heap Roots: 0.0ms
[2025-07-30T16:38:29.471+0800][55.296s][info][gc,phases   ] GC(1052)   Evacuate Collection Set: 13.8ms
[2025-07-30T16:38:29.471+0800][55.296s][info][gc,phases   ] GC(1052)   Post Evacuate Collection Set: 0.6ms
[2025-07-30T16:38:29.471+0800][55.296s][info][gc,phases   ] GC(1052)   Other: 0.1ms
[2025-07-30T16:38:29.471+0800][55.296s][info][gc,heap     ] GC(1052) Eden regions: 1017->0(1019)
[2025-07-30T16:38:29.471+0800][55.296s][info][gc,heap     ] GC(1052) Survivor regions: 146->145(146)
[2025-07-30T16:38:29.471+0800][55.296s][info][gc,heap     ] GC(1052) Old regions: 561->561
[2025-07-30T16:38:29.471+0800][55.296s][info][gc,heap     ] GC(1052) Humongous regions: 3->3
[2025-07-30T16:38:29.471+0800][55.296s][info][gc,metaspace] GC(1052) Metaspace: 7247K(7552K)->7247K(7552K) NonClass: 6522K(6656K)->6522K(6656K) Class: 725K(896K)->725K(896K)
[2025-07-30T16:38:29.471+0800][55.296s][info][gc          ] GC(1052) Pause Young (Normal) (G1 Evacuation Pause) 1726M->708M(2048M) 14.964ms
[2025-07-30T16:38:29.471+0800][55.296s][info][gc,cpu      ] GC(1052) User=0.02s Sys=0.00s Real=0.01s
[2025-07-30T16:38:29.471+0800][55.296s][info][safepoint   ] Safepoint "G1CollectForAllocation", Time since last: 36320300 ns, Reaching safepoint: 2000 ns, Cleanup: 2900 ns, At safepoint: 15002300 ns, Total: 15007200 ns
[2025-07-30T16:38:29.507+0800][55.332s][info][gc,start    ] GC(1053) Pause Young (Normal) (G1 Evacuation Pause)
[2025-07-30T16:38:29.507+0800][55.332s][info][gc,task     ] GC(1053) Using 1 workers of 1 for evacuation
[2025-07-30T16:38:29.522+0800][55.348s][info][gc,phases   ] GC(1053)   Pre Evacuate Collection Set: 0.3ms
[2025-07-30T16:38:29.522+0800][55.348s][info][gc,phases   ] GC(1053)   Merge Heap Roots: 0.0ms
[2025-07-30T16:38:29.522+0800][55.348s][info][gc,phases   ] GC(1053)   Evacuate Collection Set: 14.1ms
[2025-07-30T16:38:29.522+0800][55.348s][info][gc,phases   ] GC(1053)   Post Evacuate Collection Set: 0.6ms
[2025-07-30T16:38:29.522+0800][55.348s][info][gc,phases   ] GC(1053)   Other: 0.1ms
[2025-07-30T16:38:29.522+0800][55.348s][info][gc,heap     ] GC(1053) Eden regions: 1019->0(1017)
[2025-07-30T16:38:29.522+0800][55.348s][info][gc,heap     ] GC(1053) Survivor regions: 145->146(146)
[2025-07-30T16:38:29.522+0800][55.348s][info][gc,heap     ] GC(1053) Old regions: 561->561
[2025-07-30T16:38:29.522+0800][55.348s][info][gc,heap     ] GC(1053) Humongous regions: 3->3
[2025-07-30T16:38:29.522+0800][55.348s][info][gc,metaspace] GC(1053) Metaspace: 7247K(7552K)->7247K(7552K) NonClass: 6522K(6656K)->6522K(6656K) Class: 725K(896K)->725K(896K)
[2025-07-30T16:38:29.522+0800][55.348s][info][gc          ] GC(1053) Pause Young (Normal) (G1 Evacuation Pause) 1727M->709M(2048M) 15.288ms
[2025-07-30T16:38:29.522+0800][55.348s][info][gc,cpu      ] GC(1053) User=0.02s Sys=0.00s Real=0.02s
[2025-07-30T16:38:29.522+0800][55.348s][info][safepoint   ] Safepoint "G1CollectForAllocation", Time since last: 36050100 ns, Reaching safepoint: 2300 ns, Cleanup: 2900 ns, At safepoint: 15325500 ns, Total: 15330700 ns
[2025-07-30T16:38:29.559+0800][55.384s][info][gc,start    ] GC(1054) Pause Young (Normal) (G1 Evacuation Pause)
[2025-07-30T16:38:29.559+0800][55.384s][info][gc,task     ] GC(1054) Using 1 workers of 1 for evacuation
[2025-07-30T16:38:29.574+0800][55.399s][info][gc,phases   ] GC(1054)   Pre Evacuate Collection Set: 0.3ms
[2025-07-30T16:38:29.574+0800][55.399s][info][gc,phases   ] GC(1054)   Merge Heap Roots: 0.1ms
[2025-07-30T16:38:29.574+0800][55.399s][info][gc,phases   ] GC(1054)   Evacuate Collection Set: 13.9ms
[2025-07-30T16:38:29.574+0800][55.399s][info][gc,phases   ] GC(1054)   Post Evacuate Collection Set: 0.6ms
[2025-07-30T16:38:29.574+0800][55.400s][info][gc,phases   ] GC(1054)   Other: 0.1ms
[2025-07-30T16:38:29.574+0800][55.400s][info][gc,heap     ] GC(1054) Eden regions: 1017->0(1019)
[2025-07-30T16:38:29.574+0800][55.400s][info][gc,heap     ] GC(1054) Survivor regions: 146->145(146)
[2025-07-30T16:38:29.574+0800][55.400s][info][gc,heap     ] GC(1054) Old regions: 561->561
[2025-07-30T16:38:29.574+0800][55.400s][info][gc,heap     ] GC(1054) Humongous regions: 3->3
[2025-07-30T16:38:29.574+0800][55.400s][info][gc,metaspace] GC(1054) Metaspace: 7247K(7552K)->7247K(7552K) NonClass: 6522K(6656K)->6522K(6656K) Class: 725K(896K)->725K(896K)
[2025-07-30T16:38:29.574+0800][55.400s][info][gc          ] GC(1054) Pause Young (Normal) (G1 Evacuation Pause) 1726M->708M(2048M) 15.178ms
[2025-07-30T16:38:29.574+0800][55.400s][info][gc,cpu      ] GC(1054) User=0.02s Sys=0.00s Real=0.01s
[2025-07-30T16:38:29.574+0800][55.400s][info][safepoint   ] Safepoint "G1CollectForAllocation", Time since last: 36705200 ns, Reaching safepoint: 2600 ns, Cleanup: 3400 ns, At safepoint: 15217100 ns, Total: 15223100 ns
[2025-07-30T16:38:29.611+0800][55.436s][info][gc,start    ] GC(1055) Pause Young (Normal) (G1 Evacuation Pause)
[2025-07-30T16:38:29.611+0800][55.436s][info][gc,task     ] GC(1055) Using 1 workers of 1 for evacuation
[2025-07-30T16:38:29.627+0800][55.452s][info][gc,phases   ] GC(1055)   Pre Evacuate Collection Set: 0.3ms
[2025-07-30T16:38:29.627+0800][55.452s][info][gc,phases   ] GC(1055)   Merge Heap Roots: 0.0ms
[2025-07-30T16:38:29.627+0800][55.452s][info][gc,phases   ] GC(1055)   Evacuate Collection Set: 14.5ms
[2025-07-30T16:38:29.627+0800][55.452s][info][gc,phases   ] GC(1055)   Post Evacuate Collection Set: 0.8ms
[2025-07-30T16:38:29.627+0800][55.452s][info][gc,phases   ] GC(1055)   Other: 0.1ms
[2025-07-30T16:38:29.627+0800][55.452s][info][gc,heap     ] GC(1055) Eden regions: 1019->0(1017)
[2025-07-30T16:38:29.627+0800][55.452s][info][gc,heap     ] GC(1055) Survivor regions: 145->146(146)
[2025-07-30T16:38:29.627+0800][55.452s][info][gc,heap     ] GC(1055) Old regions: 561->561
[2025-07-30T16:38:29.627+0800][55.452s][info][gc,heap     ] GC(1055) Humongous regions: 3->3
[2025-07-30T16:38:29.627+0800][55.452s][info][gc,metaspace] GC(1055) Metaspace: 7247K(7552K)->7247K(7552K) NonClass: 6522K(6656K)->6522K(6656K) Class: 725K(896K)->725K(896K)
[2025-07-30T16:38:29.627+0800][55.452s][info][gc          ] GC(1055) Pause Young (Normal) (G1 Evacuation Pause) 1727M->709M(2048M) 15.891ms
[2025-07-30T16:38:29.627+0800][55.452s][info][gc,cpu      ] GC(1055) User=0.02s Sys=0.00s Real=0.02s
[2025-07-30T16:38:29.627+0800][55.452s][info][safepoint   ] Safepoint "G1CollectForAllocation", Time since last: 36744500 ns, Reaching safepoint: 2300 ns, Cleanup: 2900 ns, At safepoint: 15928100 ns, Total: 15933300 ns
[2025-07-30T16:38:29.663+0800][55.488s][info][gc,start    ] GC(1056) Pause Young (Normal) (G1 Evacuation Pause)
[2025-07-30T16:38:29.663+0800][55.488s][info][gc,task     ] GC(1056) Using 1 workers of 1 for evacuation
[2025-07-30T16:38:29.678+0800][55.503s][info][gc,phases   ] GC(1056)   Pre Evacuate Collection Set: 0.4ms
[2025-07-30T16:38:29.678+0800][55.503s][info][gc,phases   ] GC(1056)   Merge Heap Roots: 0.1ms
[2025-07-30T16:38:29.678+0800][55.504s][info][gc,phases   ] GC(1056)   Evacuate Collection Set: 14.2ms
[2025-07-30T16:38:29.678+0800][55.504s][info][gc,phases   ] GC(1056)   Post Evacuate Collection Set: 0.6ms
[2025-07-30T16:38:29.678+0800][55.504s][info][gc,phases   ] GC(1056)   Other: 0.1ms
[2025-07-30T16:38:29.678+0800][55.504s][info][gc,heap     ] GC(1056) Eden regions: 1017->0(1017)
[2025-07-30T16:38:29.678+0800][55.504s][info][gc,heap     ] GC(1056) Survivor regions: 146->146(146)
[2025-07-30T16:38:29.678+0800][55.504s][info][gc,heap     ] GC(1056) Old regions: 561->561
[2025-07-30T16:38:29.678+0800][55.504s][info][gc,heap     ] GC(1056) Humongous regions: 3->3
[2025-07-30T16:38:29.678+0800][55.504s][info][gc,metaspace] GC(1056) Metaspace: 7247K(7552K)->7247K(7552K) NonClass: 6522K(6656K)->6522K(6656K) Class: 725K(896K)->725K(896K)
[2025-07-30T16:38:29.678+0800][55.504s][info][gc          ] GC(1056) Pause Young (Normal) (G1 Evacuation Pause) 1726M->708M(2048M) 15.601ms
[2025-07-30T16:38:29.678+0800][55.504s][info][gc,cpu      ] GC(1056) User=0.02s Sys=0.00s Real=0.01s
[2025-07-30T16:38:29.678+0800][55.504s][info][safepoint   ] Safepoint "G1CollectForAllocation", Time since last: 35787000 ns, Reaching safepoint: 3100 ns, Cleanup: 3700 ns, At safepoint: 15670000 ns, Total: 15676800 ns
[2025-07-30T16:38:29.715+0800][55.541s][info][gc,start    ] GC(1057) Pause Young (Normal) (G1 Evacuation Pause)
[2025-07-30T16:38:29.715+0800][55.541s][info][gc,task     ] GC(1057) Using 1 workers of 1 for evacuation
[2025-07-30T16:38:29.730+0800][55.555s][info][gc,phases   ] GC(1057)   Pre Evacuate Collection Set: 0.3ms
[2025-07-30T16:38:29.730+0800][55.555s][info][gc,phases   ] GC(1057)   Merge Heap Roots: 0.0ms
[2025-07-30T16:38:29.730+0800][55.556s][info][gc,phases   ] GC(1057)   Evacuate Collection Set: 13.7ms
[2025-07-30T16:38:29.730+0800][55.556s][info][gc,phases   ] GC(1057)   Post Evacuate Collection Set: 0.6ms
[2025-07-30T16:38:29.730+0800][55.556s][info][gc,phases   ] GC(1057)   Other: 0.1ms
[2025-07-30T16:38:29.730+0800][55.556s][info][gc,heap     ] GC(1057) Eden regions: 1017->0(1019)
[2025-07-30T16:38:29.730+0800][55.556s][info][gc,heap     ] GC(1057) Survivor regions: 146->145(146)
[2025-07-30T16:38:29.730+0800][55.556s][info][gc,heap     ] GC(1057) Old regions: 561->561
[2025-07-30T16:38:29.730+0800][55.556s][info][gc,heap     ] GC(1057) Humongous regions: 3->3
[2025-07-30T16:38:29.730+0800][55.556s][info][gc,metaspace] GC(1057) Metaspace: 7247K(7552K)->7247K(7552K) NonClass: 6522K(6656K)->6522K(6656K) Class: 725K(896K)->725K(896K)
[2025-07-30T16:38:29.730+0800][55.556s][info][gc          ] GC(1057) Pause Young (Normal) (G1 Evacuation Pause) 1725M->707M(2048M) 14.871ms
[2025-07-30T16:38:29.730+0800][55.556s][info][gc,cpu      ] GC(1057) User=0.02s Sys=0.00s Real=0.02s
[2025-07-30T16:38:29.730+0800][55.556s][info][safepoint   ] Safepoint "G1CollectForAllocation", Time since last: 36966000 ns, Reaching safepoint: 2300 ns, Cleanup: 2600 ns, At safepoint: 14909600 ns, Total: 14914500 ns
[2025-07-30T16:38:29.767+0800][55.593s][info][gc,start    ] GC(1058) Pause Young (Normal) (G1 Evacuation Pause)
[2025-07-30T16:38:29.767+0800][55.593s][info][gc,task     ] GC(1058) Using 1 workers of 1 for evacuation
[2025-07-30T16:38:29.782+0800][55.608s][info][gc,phases   ] GC(1058)   Pre Evacuate Collection Set: 0.3ms
[2025-07-30T16:38:29.782+0800][55.608s][info][gc,phases   ] GC(1058)   Merge Heap Roots: 0.0ms
[2025-07-30T16:38:29.782+0800][55.608s][info][gc,phases   ] GC(1058)   Evacuate Collection Set: 13.8ms
[2025-07-30T16:38:29.782+0800][55.608s][info][gc,phases   ] GC(1058)   Post Evacuate Collection Set: 0.6ms
[2025-07-30T16:38:29.782+0800][55.608s][info][gc,phases   ] GC(1058)   Other: 0.1ms
[2025-07-30T16:38:29.782+0800][55.608s][info][gc,heap     ] GC(1058) Eden regions: 1019->0(1018)
[2025-07-30T16:38:29.782+0800][55.608s][info][gc,heap     ] GC(1058) Survivor regions: 145->146(146)
[2025-07-30T16:38:29.782+0800][55.608s][info][gc,heap     ] GC(1058) Old regions: 561->561
[2025-07-30T16:38:29.782+0800][55.608s][info][gc,heap     ] GC(1058) Humongous regions: 3->3
[2025-07-30T16:38:29.782+0800][55.608s][info][gc,metaspace] GC(1058) Metaspace: 7247K(7552K)->7247K(7552K) NonClass: 6522K(6656K)->6522K(6656K) Class: 725K(896K)->725K(896K)
[2025-07-30T16:38:29.782+0800][55.608s][info][gc          ] GC(1058) Pause Young (Normal) (G1 Evacuation Pause) 1726M->708M(2048M) 15.013ms
[2025-07-30T16:38:29.782+0800][55.608s][info][gc,cpu      ] GC(1058) User=0.02s Sys=0.00s Real=0.02s
[2025-07-30T16:38:29.782+0800][55.608s][info][safepoint   ] Safepoint "G1CollectForAllocation", Time since last: 37065000 ns, Reaching safepoint: 2400 ns, Cleanup: 2700 ns, At safepoint: 15050400 ns, Total: 15055500 ns
[2025-07-30T16:38:29.819+0800][55.644s][info][gc,start    ] GC(1059) Pause Young (Normal) (G1 Evacuation Pause)
[2025-07-30T16:38:29.819+0800][55.644s][info][gc,task     ] GC(1059) Using 1 workers of 1 for evacuation
[2025-07-30T16:38:29.834+0800][55.659s][info][gc,phases   ] GC(1059)   Pre Evacuate Collection Set: 0.3ms
[2025-07-30T16:38:29.834+0800][55.659s][info][gc,phases   ] GC(1059)   Merge Heap Roots: 0.0ms
[2025-07-30T16:38:29.834+0800][55.659s][info][gc,phases   ] GC(1059)   Evacuate Collection Set: 13.8ms
[2025-07-30T16:38:29.834+0800][55.659s][info][gc,phases   ] GC(1059)   Post Evacuate Collection Set: 0.5ms
[2025-07-30T16:38:29.834+0800][55.659s][info][gc,phases   ] GC(1059)   Other: 0.1ms
[2025-07-30T16:38:29.834+0800][55.659s][info][gc,heap     ] GC(1059) Eden regions: 1018->0(1018)
[2025-07-30T16:38:29.834+0800][55.659s][info][gc,heap     ] GC(1059) Survivor regions: 146->146(146)
[2025-07-30T16:38:29.834+0800][55.659s][info][gc,heap     ] GC(1059) Old regions: 561->561
[2025-07-30T16:38:29.834+0800][55.659s][info][gc,heap     ] GC(1059) Humongous regions: 3->3
[2025-07-30T16:38:29.834+0800][55.659s][info][gc,metaspace] GC(1059) Metaspace: 7247K(7552K)->7247K(7552K) NonClass: 6522K(6656K)->6522K(6656K) Class: 725K(896K)->725K(896K)
[2025-07-30T16:38:29.834+0800][55.659s][info][gc          ] GC(1059) Pause Young (Normal) (G1 Evacuation Pause) 1726M->708M(2048M) 14.932ms
[2025-07-30T16:38:29.834+0800][55.659s][info][gc,cpu      ] GC(1059) User=0.02s Sys=0.00s Real=0.02s
[2025-07-30T16:38:29.834+0800][55.659s][info][safepoint   ] Safepoint "G1CollectForAllocation", Time since last: 36275300 ns, Reaching safepoint: 2200 ns, Cleanup: 2600 ns, At safepoint: 14969300 ns, Total: 14974100 ns
[2025-07-30T16:38:29.870+0800][55.695s][info][gc,start    ] GC(1060) Pause Young (Normal) (G1 Evacuation Pause)
[2025-07-30T16:38:29.870+0800][55.695s][info][gc,task     ] GC(1060) Using 1 workers of 1 for evacuation
[2025-07-30T16:38:29.885+0800][55.710s][info][gc,phases   ] GC(1060)   Pre Evacuate Collection Set: 0.3ms
[2025-07-30T16:38:29.885+0800][55.710s][info][gc,phases   ] GC(1060)   Merge Heap Roots: 0.1ms
[2025-07-30T16:38:29.885+0800][55.711s][info][gc,phases   ] GC(1060)   Evacuate Collection Set: 14.0ms
[2025-07-30T16:38:29.885+0800][55.711s][info][gc,phases   ] GC(1060)   Post Evacuate Collection Set: 0.6ms
[2025-07-30T16:38:29.885+0800][55.711s][info][gc,phases   ] GC(1060)   Other: 0.1ms
[2025-07-30T16:38:29.885+0800][55.711s][info][gc,heap     ] GC(1060) Eden regions: 1018->0(1018)
[2025-07-30T16:38:29.885+0800][55.711s][info][gc,heap     ] GC(1060) Survivor regions: 146->146(146)
[2025-07-30T16:38:29.885+0800][55.711s][info][gc,heap     ] GC(1060) Old regions: 561->561
[2025-07-30T16:38:29.885+0800][55.711s][info][gc,heap     ] GC(1060) Humongous regions: 3->3
[2025-07-30T16:38:29.885+0800][55.711s][info][gc,metaspace] GC(1060) Metaspace: 7247K(7552K)->7247K(7552K) NonClass: 6522K(6656K)->6522K(6656K) Class: 725K(896K)->725K(896K)
[2025-07-30T16:38:29.885+0800][55.711s][info][gc          ] GC(1060) Pause Young (Normal) (G1 Evacuation Pause) 1726M->708M(2048M) 15.248ms
[2025-07-30T16:38:29.885+0800][55.711s][info][gc,cpu      ] GC(1060) User=0.02s Sys=0.00s Real=0.02s
[2025-07-30T16:38:29.885+0800][55.711s][info][safepoint   ] Safepoint "G1CollectForAllocation", Time since last: 36332600 ns, Reaching safepoint: 2500 ns, Cleanup: 3300 ns, At safepoint: 15288000 ns, Total: 15293800 ns
[2025-07-30T16:38:29.922+0800][55.747s][info][gc,start    ] GC(1061) Pause Young (Normal) (G1 Evacuation Pause)
[2025-07-30T16:38:29.922+0800][55.747s][info][gc,task     ] GC(1061) Using 1 workers of 1 for evacuation
[2025-07-30T16:38:29.937+0800][55.762s][info][gc,phases   ] GC(1061)   Pre Evacuate Collection Set: 0.3ms
[2025-07-30T16:38:29.937+0800][55.762s][info][gc,phases   ] GC(1061)   Merge Heap Roots: 0.0ms
[2025-07-30T16:38:29.937+0800][55.762s][info][gc,phases   ] GC(1061)   Evacuate Collection Set: 14.0ms
[2025-07-30T16:38:29.937+0800][55.762s][info][gc,phases   ] GC(1061)   Post Evacuate Collection Set: 0.6ms
[2025-07-30T16:38:29.937+0800][55.762s][info][gc,phases   ] GC(1061)   Other: 0.1ms
[2025-07-30T16:38:29.937+0800][55.762s][info][gc,heap     ] GC(1061) Eden regions: 1018->0(1017)
[2025-07-30T16:38:29.937+0800][55.762s][info][gc,heap     ] GC(1061) Survivor regions: 146->146(146)
[2025-07-30T16:38:29.937+0800][55.762s][info][gc,heap     ] GC(1061) Old regions: 561->561
[2025-07-30T16:38:29.937+0800][55.762s][info][gc,heap     ] GC(1061) Humongous regions: 3->3
[2025-07-30T16:38:29.937+0800][55.762s][info][gc,metaspace] GC(1061) Metaspace: 7247K(7552K)->7247K(7552K) NonClass: 6522K(6656K)->6522K(6656K) Class: 725K(896K)->725K(896K)
[2025-07-30T16:38:29.937+0800][55.762s][info][gc          ] GC(1061) Pause Young (Normal) (G1 Evacuation Pause) 1726M->709M(2048M) 15.208ms
[2025-07-30T16:38:29.937+0800][55.762s][info][gc,cpu      ] GC(1061) User=0.02s Sys=0.00s Real=0.02s
[2025-07-30T16:38:29.937+0800][55.762s][info][safepoint   ] Safepoint "G1CollectForAllocation", Time since last: 36416200 ns, Reaching safepoint: 2700 ns, Cleanup: 3000 ns, At safepoint: 15245900 ns, Total: 15251600 ns
[2025-07-30T16:38:29.973+0800][55.799s][info][gc,start    ] GC(1062) Pause Young (Normal) (G1 Evacuation Pause)
[2025-07-30T16:38:29.973+0800][55.799s][info][gc,task     ] GC(1062) Using 1 workers of 1 for evacuation
[2025-07-30T16:38:29.989+0800][55.814s][info][gc,phases   ] GC(1062)   Pre Evacuate Collection Set: 0.3ms
[2025-07-30T16:38:29.989+0800][55.814s][info][gc,phases   ] GC(1062)   Merge Heap Roots: 0.1ms
[2025-07-30T16:38:29.989+0800][55.814s][info][gc,phases   ] GC(1062)   Evacuate Collection Set: 13.6ms
[2025-07-30T16:38:29.989+0800][55.814s][info][gc,phases   ] GC(1062)   Post Evacuate Collection Set: 0.7ms
[2025-07-30T16:38:29.989+0800][55.814s][info][gc,phases   ] GC(1062)   Other: 0.1ms
[2025-07-30T16:38:29.989+0800][55.814s][info][gc,heap     ] GC(1062) Eden regions: 1017->0(1019)
[2025-07-30T16:38:29.989+0800][55.814s][info][gc,heap     ] GC(1062) Survivor regions: 146->145(146)
[2025-07-30T16:38:29.989+0800][55.814s][info][gc,heap     ] GC(1062) Old regions: 561->561
[2025-07-30T16:38:29.989+0800][55.814s][info][gc,heap     ] GC(1062) Humongous regions: 3->3
[2025-07-30T16:38:29.989+0800][55.814s][info][gc,metaspace] GC(1062) Metaspace: 7247K(7552K)->7247K(7552K) NonClass: 6522K(6656K)->6522K(6656K) Class: 725K(896K)->725K(896K)
[2025-07-30T16:38:29.989+0800][55.814s][info][gc          ] GC(1062) Pause Young (Normal) (G1 Evacuation Pause) 1726M->708M(2048M) 14.985ms
[2025-07-30T16:38:29.989+0800][55.814s][info][gc,cpu      ] GC(1062) User=0.02s Sys=0.00s Real=0.02s
[2025-07-30T16:38:29.989+0800][55.814s][info][safepoint   ] Safepoint "G1CollectForAllocation", Time since last: 36869600 ns, Reaching safepoint: 2200 ns, Cleanup: 2900 ns, At safepoint: 15025400 ns, Total: 15030500 ns
[2025-07-30T16:38:30.026+0800][55.852s][info][gc,start    ] GC(1063) Pause Young (Normal) (G1 Evacuation Pause)
[2025-07-30T16:38:30.026+0800][55.852s][info][gc,task     ] GC(1063) Using 1 workers of 1 for evacuation
[2025-07-30T16:38:30.042+0800][55.867s][info][gc,phases   ] GC(1063)   Pre Evacuate Collection Set: 0.6ms
[2025-07-30T16:38:30.042+0800][55.867s][info][gc,phases   ] GC(1063)   Merge Heap Roots: 0.1ms
[2025-07-30T16:38:30.042+0800][55.867s][info][gc,phases   ] GC(1063)   Evacuate Collection Set: 14.1ms
[2025-07-30T16:38:30.042+0800][55.867s][info][gc,phases   ] GC(1063)   Post Evacuate Collection Set: 0.6ms
[2025-07-30T16:38:30.042+0800][55.867s][info][gc,phases   ] GC(1063)   Other: 0.1ms
[2025-07-30T16:38:30.042+0800][55.867s][info][gc,heap     ] GC(1063) Eden regions: 1019->0(1017)
[2025-07-30T16:38:30.042+0800][55.867s][info][gc,heap     ] GC(1063) Survivor regions: 145->146(146)
[2025-07-30T16:38:30.042+0800][55.867s][info][gc,heap     ] GC(1063) Old regions: 561->561
[2025-07-30T16:38:30.042+0800][55.867s][info][gc,heap     ] GC(1063) Humongous regions: 3->3
[2025-07-30T16:38:30.042+0800][55.867s][info][gc,metaspace] GC(1063) Metaspace: 7247K(7552K)->7247K(7552K) NonClass: 6522K(6656K)->6522K(6656K) Class: 725K(896K)->725K(896K)
[2025-07-30T16:38:30.042+0800][55.867s][info][gc          ] GC(1063) Pause Young (Normal) (G1 Evacuation Pause) 1727M->709M(2048M) 15.616ms
[2025-07-30T16:38:30.042+0800][55.867s][info][gc,cpu      ] GC(1063) User=0.02s Sys=0.00s Real=0.02s
[2025-07-30T16:38:30.042+0800][55.867s][info][safepoint   ] Safepoint "G1CollectForAllocation", Time since last: 37380900 ns, Reaching safepoint: 2700 ns, Cleanup: 2900 ns, At safepoint: 15655100 ns, Total: 15660700 ns
[2025-07-30T16:38:30.079+0800][55.905s][info][gc,start    ] GC(1064) Pause Young (Normal) (G1 Evacuation Pause)
[2025-07-30T16:38:30.079+0800][55.905s][info][gc,task     ] GC(1064) Using 1 workers of 1 for evacuation
[2025-07-30T16:38:30.097+0800][55.922s][info][gc,phases   ] GC(1064)   Pre Evacuate Collection Set: 0.4ms
[2025-07-30T16:38:30.097+0800][55.922s][info][gc,phases   ] GC(1064)   Merge Heap Roots: 0.1ms
[2025-07-30T16:38:30.097+0800][55.922s][info][gc,phases   ] GC(1064)   Evacuate Collection Set: 16.0ms
[2025-07-30T16:38:30.097+0800][55.922s][info][gc,phases   ] GC(1064)   Post Evacuate Collection Set: 0.7ms
[2025-07-30T16:38:30.097+0800][55.922s][info][gc,phases   ] GC(1064)   Other: 0.1ms
[2025-07-30T16:38:30.097+0800][55.922s][info][gc,heap     ] GC(1064) Eden regions: 1017->0(1019)
[2025-07-30T16:38:30.097+0800][55.922s][info][gc,heap     ] GC(1064) Survivor regions: 146->145(146)
[2025-07-30T16:38:30.097+0800][55.922s][info][gc,heap     ] GC(1064) Old regions: 561->561
[2025-07-30T16:38:30.097+0800][55.922s][info][gc,heap     ] GC(1064) Humongous regions: 3->3
[2025-07-30T16:38:30.097+0800][55.922s][info][gc,metaspace] GC(1064) Metaspace: 7247K(7552K)->7247K(7552K) NonClass: 6522K(6656K)->6522K(6656K) Class: 725K(896K)->725K(896K)
[2025-07-30T16:38:30.097+0800][55.922s][info][gc          ] GC(1064) Pause Young (Normal) (G1 Evacuation Pause) 1726M->708M(2048M) 17.389ms
[2025-07-30T16:38:30.097+0800][55.922s][info][gc,cpu      ] GC(1064) User=0.02s Sys=0.02s Real=0.02s
[2025-07-30T16:38:30.097+0800][55.922s][info][safepoint   ] Safepoint "G1CollectForAllocation", Time since last: 37820200 ns, Reaching safepoint: 2500 ns, Cleanup: 2800 ns, At safepoint: 17429700 ns, Total: 17435000 ns
[2025-07-30T16:38:30.134+0800][55.959s][info][gc,start    ] GC(1065) Pause Young (Normal) (G1 Evacuation Pause)
[2025-07-30T16:38:30.134+0800][55.959s][info][gc,task     ] GC(1065) Using 1 workers of 1 for evacuation
[2025-07-30T16:38:30.154+0800][55.980s][info][gc,phases   ] GC(1065)   Pre Evacuate Collection Set: 0.4ms
[2025-07-30T16:38:30.154+0800][55.980s][info][gc,phases   ] GC(1065)   Merge Heap Roots: 0.1ms
[2025-07-30T16:38:30.154+0800][55.980s][info][gc,phases   ] GC(1065)   Evacuate Collection Set: 19.5ms
[2025-07-30T16:38:30.154+0800][55.980s][info][gc,phases   ] GC(1065)   Post Evacuate Collection Set: 0.7ms
[2025-07-30T16:38:30.154+0800][55.980s][info][gc,phases   ] GC(1065)   Other: 0.1ms
[2025-07-30T16:38:30.154+0800][55.980s][info][gc,heap     ] GC(1065) Eden regions: 1019->0(1017)
[2025-07-30T16:38:30.154+0800][55.980s][info][gc,heap     ] GC(1065) Survivor regions: 145->146(146)
[2025-07-30T16:38:30.154+0800][55.980s][info][gc,heap     ] GC(1065) Old regions: 561->561
[2025-07-30T16:38:30.154+0800][55.980s][info][gc,heap     ] GC(1065) Humongous regions: 3->3
[2025-07-30T16:38:30.154+0800][55.980s][info][gc,metaspace] GC(1065) Metaspace: 7247K(7552K)->7247K(7552K) NonClass: 6522K(6656K)->6522K(6656K) Class: 725K(896K)->725K(896K)
[2025-07-30T16:38:30.154+0800][55.980s][info][gc          ] GC(1065) Pause Young (Normal) (G1 Evacuation Pause) 1727M->709M(2048M) 20.874ms
[2025-07-30T16:38:30.154+0800][55.980s][info][gc,cpu      ] GC(1065) User=0.02s Sys=0.00s Real=0.02s
[2025-07-30T16:38:30.154+0800][55.980s][info][safepoint   ] Safepoint "G1CollectForAllocation", Time since last: 36501900 ns, Reaching safepoint: 2600 ns, Cleanup: 3100 ns, At safepoint: 20917400 ns, Total: 20923100 ns
[2025-07-30T16:38:30.191+0800][56.017s][info][gc,start    ] GC(1066) Pause Young (Normal) (G1 Evacuation Pause)
[2025-07-30T16:38:30.191+0800][56.017s][info][gc,task     ] GC(1066) Using 1 workers of 1 for evacuation
[2025-07-30T16:38:30.207+0800][56.032s][info][gc,phases   ] GC(1066)   Pre Evacuate Collection Set: 0.4ms
[2025-07-30T16:38:30.207+0800][56.032s][info][gc,phases   ] GC(1066)   Merge Heap Roots: 0.1ms
[2025-07-30T16:38:30.207+0800][56.032s][info][gc,phases   ] GC(1066)   Evacuate Collection Set: 14.2ms
[2025-07-30T16:38:30.207+0800][56.032s][info][gc,phases   ] GC(1066)   Post Evacuate Collection Set: 0.7ms
[2025-07-30T16:38:30.207+0800][56.032s][info][gc,phases   ] GC(1066)   Other: 0.1ms
[2025-07-30T16:38:30.207+0800][56.033s][info][gc,heap     ] GC(1066) Eden regions: 1017->0(1017)
[2025-07-30T16:38:30.207+0800][56.033s][info][gc,heap     ] GC(1066) Survivor regions: 146->146(146)
[2025-07-30T16:38:30.207+0800][56.033s][info][gc,heap     ] GC(1066) Old regions: 561->561
[2025-07-30T16:38:30.207+0800][56.033s][info][gc,heap     ] GC(1066) Humongous regions: 3->3
[2025-07-30T16:38:30.207+0800][56.033s][info][gc,metaspace] GC(1066) Metaspace: 7247K(7552K)->7247K(7552K) NonClass: 6522K(6656K)->6522K(6656K) Class: 725K(896K)->725K(896K)
[2025-07-30T16:38:30.207+0800][56.033s][info][gc          ] GC(1066) Pause Young (Normal) (G1 Evacuation Pause) 1726M->708M(2048M) 15.597ms
[2025-07-30T16:38:30.207+0800][56.033s][info][gc,cpu      ] GC(1066) User=0.02s Sys=0.00s Real=0.02s
[2025-07-30T16:38:30.207+0800][56.033s][info][safepoint   ] Safepoint "G1CollectForAllocation", Time since last: 37036400 ns, Reaching safepoint: 4100 ns, Cleanup: 5400 ns, At safepoint: 15642900 ns, Total: 15652400 ns
[2025-07-30T16:38:30.244+0800][56.069s][info][gc,start    ] GC(1067) Pause Young (Normal) (G1 Evacuation Pause)
[2025-07-30T16:38:30.244+0800][56.069s][info][gc,task     ] GC(1067) Using 1 workers of 1 for evacuation
[2025-07-30T16:38:30.259+0800][56.084s][info][gc,phases   ] GC(1067)   Pre Evacuate Collection Set: 0.3ms
[2025-07-30T16:38:30.259+0800][56.084s][info][gc,phases   ] GC(1067)   Merge Heap Roots: 0.0ms
[2025-07-30T16:38:30.259+0800][56.084s][info][gc,phases   ] GC(1067)   Evacuate Collection Set: 13.8ms
[2025-07-30T16:38:30.259+0800][56.084s][info][gc,phases   ] GC(1067)   Post Evacuate Collection Set: 0.6ms
[2025-07-30T16:38:30.259+0800][56.084s][info][gc,phases   ] GC(1067)   Other: 0.1ms
[2025-07-30T16:38:30.259+0800][56.084s][info][gc,heap     ] GC(1067) Eden regions: 1017->0(1019)
[2025-07-30T16:38:30.259+0800][56.084s][info][gc,heap     ] GC(1067) Survivor regions: 146->145(146)
[2025-07-30T16:38:30.259+0800][56.084s][info][gc,heap     ] GC(1067) Old regions: 561->561
[2025-07-30T16:38:30.259+0800][56.084s][info][gc,heap     ] GC(1067) Humongous regions: 3->3
[2025-07-30T16:38:30.259+0800][56.084s][info][gc,metaspace] GC(1067) Metaspace: 7247K(7552K)->7247K(7552K) NonClass: 6522K(6656K)->6522K(6656K) Class: 725K(896K)->725K(896K)
[2025-07-30T16:38:30.259+0800][56.084s][info][gc          ] GC(1067) Pause Young (Normal) (G1 Evacuation Pause) 1725M->707M(2048M) 15.027ms
[2025-07-30T16:38:30.259+0800][56.084s][info][gc,cpu      ] GC(1067) User=0.02s Sys=0.00s Real=0.02s
[2025-07-30T16:38:30.259+0800][56.084s][info][safepoint   ] Safepoint "G1CollectForAllocation", Time since last: 36460600 ns, Reaching safepoint: 2400 ns, Cleanup: 3000 ns, At safepoint: 15065100 ns, Total: 15070500 ns
[2025-07-30T16:38:30.296+0800][56.121s][info][gc,start    ] GC(1068) Pause Young (Normal) (G1 Evacuation Pause)
[2025-07-30T16:38:30.297+0800][56.121s][info][gc,task     ] GC(1068) Using 1 workers of 1 for evacuation
[2025-07-30T16:38:30.313+0800][56.138s][info][gc,phases   ] GC(1068)   Pre Evacuate Collection Set: 0.5ms
[2025-07-30T16:38:30.313+0800][56.138s][info][gc,phases   ] GC(1068)   Merge Heap Roots: 0.1ms
[2025-07-30T16:38:30.313+0800][56.138s][info][gc,phases   ] GC(1068)   Evacuate Collection Set: 15.3ms
[2025-07-30T16:38:30.313+0800][56.138s][info][gc,phases   ] GC(1068)   Post Evacuate Collection Set: 0.7ms
[2025-07-30T16:38:30.313+0800][56.138s][info][gc,phases   ] GC(1068)   Other: 0.1ms
[2025-07-30T16:38:30.313+0800][56.138s][info][gc,heap     ] GC(1068) Eden regions: 1019->0(1018)
[2025-07-30T16:38:30.313+0800][56.138s][info][gc,heap     ] GC(1068) Survivor regions: 145->146(146)
[2025-07-30T16:38:30.313+0800][56.138s][info][gc,heap     ] GC(1068) Old regions: 561->561
[2025-07-30T16:38:30.313+0800][56.138s][info][gc,heap     ] GC(1068) Humongous regions: 3->3
[2025-07-30T16:38:30.313+0800][56.138s][info][gc,metaspace] GC(1068) Metaspace: 7247K(7552K)->7247K(7552K) NonClass: 6522K(6656K)->6522K(6656K) Class: 725K(896K)->725K(896K)
[2025-07-30T16:38:30.313+0800][56.138s][info][gc          ] GC(1068) Pause Young (Normal) (G1 Evacuation Pause) 1726M->708M(2048M) 16.885ms
[2025-07-30T16:38:30.313+0800][56.138s][info][gc,cpu      ] GC(1068) User=0.03s Sys=0.00s Real=0.02s
[2025-07-30T16:38:30.313+0800][56.138s][info][safepoint   ] Safepoint "G1CollectForAllocation", Time since last: 37275300 ns, Reaching safepoint: 3900 ns, Cleanup: 4500 ns, At safepoint: 16929800 ns, Total: 16938200 ns
[2025-07-30T16:38:30.350+0800][56.175s][info][gc,start    ] GC(1069) Pause Young (Normal) (G1 Evacuation Pause)
[2025-07-30T16:38:30.350+0800][56.175s][info][gc,task     ] GC(1069) Using 1 workers of 1 for evacuation
[2025-07-30T16:38:30.366+0800][56.191s][info][gc,phases   ] GC(1069)   Pre Evacuate Collection Set: 0.4ms
[2025-07-30T16:38:30.366+0800][56.191s][info][gc,phases   ] GC(1069)   Merge Heap Roots: 0.1ms
[2025-07-30T16:38:30.366+0800][56.191s][info][gc,phases   ] GC(1069)   Evacuate Collection Set: 15.0ms
[2025-07-30T16:38:30.366+0800][56.191s][info][gc,phases   ] GC(1069)   Post Evacuate Collection Set: 0.6ms
[2025-07-30T16:38:30.366+0800][56.191s][info][gc,phases   ] GC(1069)   Other: 0.1ms
[2025-07-30T16:38:30.366+0800][56.191s][info][gc,heap     ] GC(1069) Eden regions: 1018->0(1018)
[2025-07-30T16:38:30.366+0800][56.191s][info][gc,heap     ] GC(1069) Survivor regions: 146->146(146)
[2025-07-30T16:38:30.366+0800][56.191s][info][gc,heap     ] GC(1069) Old regions: 561->561
[2025-07-30T16:38:30.366+0800][56.191s][info][gc,heap     ] GC(1069) Humongous regions: 3->3
[2025-07-30T16:38:30.366+0800][56.191s][info][gc,metaspace] GC(1069) Metaspace: 7247K(7552K)->7247K(7552K) NonClass: 6522K(6656K)->6522K(6656K) Class: 725K(896K)->725K(896K)
[2025-07-30T16:38:30.366+0800][56.191s][info][gc          ] GC(1069) Pause Young (Normal) (G1 Evacuation Pause) 1726M->708M(2048M) 16.368ms
[2025-07-30T16:38:30.366+0800][56.191s][info][gc,cpu      ] GC(1069) User=0.02s Sys=0.00s Real=0.02s
[2025-07-30T16:38:30.366+0800][56.191s][info][safepoint   ] Safepoint "G1CollectForAllocation", Time since last: 36716000 ns, Reaching safepoint: 4100 ns, Cleanup: 3800 ns, At safepoint: 16409600 ns, Total: 16417500 ns
[2025-07-30T16:38:30.403+0800][56.228s][info][gc,start    ] GC(1070) Pause Young (Normal) (G1 Evacuation Pause)
[2025-07-30T16:38:30.403+0800][56.228s][info][gc,task     ] GC(1070) Using 1 workers of 1 for evacuation
[2025-07-30T16:38:30.418+0800][56.243s][info][gc,phases   ] GC(1070)   Pre Evacuate Collection Set: 0.3ms
[2025-07-30T16:38:30.418+0800][56.243s][info][gc,phases   ] GC(1070)   Merge Heap Roots: 0.0ms
[2025-07-30T16:38:30.418+0800][56.243s][info][gc,phases   ] GC(1070)   Evacuate Collection Set: 13.9ms
[2025-07-30T16:38:30.418+0800][56.243s][info][gc,phases   ] GC(1070)   Post Evacuate Collection Set: 0.6ms
[2025-07-30T16:38:30.418+0800][56.243s][info][gc,phases   ] GC(1070)   Other: 0.1ms
[2025-07-30T16:38:30.418+0800][56.243s][info][gc,heap     ] GC(1070) Eden regions: 1018->0(1017)
[2025-07-30T16:38:30.418+0800][56.243s][info][gc,heap     ] GC(1070) Survivor regions: 146->146(146)
[2025-07-30T16:38:30.418+0800][56.243s][info][gc,heap     ] GC(1070) Old regions: 561->561
[2025-07-30T16:38:30.418+0800][56.243s][info][gc,heap     ] GC(1070) Humongous regions: 3->3
[2025-07-30T16:38:30.418+0800][56.243s][info][gc,metaspace] GC(1070) Metaspace: 7247K(7552K)->7247K(7552K) NonClass: 6522K(6656K)->6522K(6656K) Class: 725K(896K)->725K(896K)
[2025-07-30T16:38:30.418+0800][56.243s][info][gc          ] GC(1070) Pause Young (Normal) (G1 Evacuation Pause) 1726M->709M(2048M) 15.078ms
[2025-07-30T16:38:30.418+0800][56.243s][info][gc,cpu      ] GC(1070) User=0.00s Sys=0.02s Real=0.01s
[2025-07-30T16:38:30.418+0800][56.243s][info][safepoint   ] Safepoint "G1CollectForAllocation", Time since last: 36614400 ns, Reaching safepoint: 2100 ns, Cleanup: 2500 ns, At safepoint: 15116100 ns, Total: 15120700 ns
[2025-07-30T16:38:30.454+0800][56.279s][info][gc,start    ] GC(1071) Pause Young (Normal) (G1 Evacuation Pause)
[2025-07-30T16:38:30.454+0800][56.279s][info][gc,task     ] GC(1071) Using 1 workers of 1 for evacuation
[2025-07-30T16:38:30.469+0800][56.294s][info][gc,phases   ] GC(1071)   Pre Evacuate Collection Set: 0.3ms
[2025-07-30T16:38:30.469+0800][56.294s][info][gc,phases   ] GC(1071)   Merge Heap Roots: 0.0ms
[2025-07-30T16:38:30.469+0800][56.294s][info][gc,phases   ] GC(1071)   Evacuate Collection Set: 13.9ms
[2025-07-30T16:38:30.469+0800][56.294s][info][gc,phases   ] GC(1071)   Post Evacuate Collection Set: 0.6ms
[2025-07-30T16:38:30.469+0800][56.294s][info][gc,phases   ] GC(1071)   Other: 0.1ms
[2025-07-30T16:38:30.469+0800][56.294s][info][gc,heap     ] GC(1071) Eden regions: 1017->0(1019)
[2025-07-30T16:38:30.469+0800][56.294s][info][gc,heap     ] GC(1071) Survivor regions: 146->145(146)
[2025-07-30T16:38:30.469+0800][56.294s][info][gc,heap     ] GC(1071) Old regions: 561->561
[2025-07-30T16:38:30.469+0800][56.294s][info][gc,heap     ] GC(1071) Humongous regions: 3->3
[2025-07-30T16:38:30.469+0800][56.294s][info][gc,metaspace] GC(1071) Metaspace: 7247K(7552K)->7247K(7552K) NonClass: 6522K(6656K)->6522K(6656K) Class: 725K(896K)->725K(896K)
[2025-07-30T16:38:30.469+0800][56.294s][info][gc          ] GC(1071) Pause Young (Normal) (G1 Evacuation Pause) 1726M->708M(2048M) 15.079ms
[2025-07-30T16:38:30.469+0800][56.294s][info][gc,cpu      ] GC(1071) User=0.02s Sys=0.00s Real=0.02s
[2025-07-30T16:38:30.469+0800][56.294s][info][safepoint   ] Safepoint "G1CollectForAllocation", Time since last: 36119900 ns, Reaching safepoint: 2200 ns, Cleanup: 2600 ns, At safepoint: 15117400 ns, Total: 15122200 ns
[2025-07-30T16:38:30.506+0800][56.331s][info][gc,start    ] GC(1072) Pause Young (Normal) (G1 Evacuation Pause)
[2025-07-30T16:38:30.506+0800][56.331s][info][gc,task     ] GC(1072) Using 1 workers of 1 for evacuation
[2025-07-30T16:38:30.520+0800][56.346s][info][gc,phases   ] GC(1072)   Pre Evacuate Collection Set: 0.3ms
[2025-07-30T16:38:30.521+0800][56.346s][info][gc,phases   ] GC(1072)   Merge Heap Roots: 0.0ms
[2025-07-30T16:38:30.521+0800][56.346s][info][gc,phases   ] GC(1072)   Evacuate Collection Set: 13.9ms
[2025-07-30T16:38:30.521+0800][56.346s][info][gc,phases   ] GC(1072)   Post Evacuate Collection Set: 0.5ms
[2025-07-30T16:38:30.521+0800][56.346s][info][gc,phases   ] GC(1072)   Other: 0.1ms
[2025-07-30T16:38:30.521+0800][56.346s][info][gc,heap     ] GC(1072) Eden regions: 1019->0(1017)
[2025-07-30T16:38:30.521+0800][56.346s][info][gc,heap     ] GC(1072) Survivor regions: 145->146(146)
[2025-07-30T16:38:30.521+0800][56.346s][info][gc,heap     ] GC(1072) Old regions: 561->561
[2025-07-30T16:38:30.521+0800][56.346s][info][gc,heap     ] GC(1072) Humongous regions: 3->3
[2025-07-30T16:38:30.521+0800][56.346s][info][gc,metaspace] GC(1072) Metaspace: 7247K(7552K)->7247K(7552K) NonClass: 6522K(6656K)->6522K(6656K) Class: 725K(896K)->725K(896K)
[2025-07-30T16:38:30.521+0800][56.346s][info][gc          ] GC(1072) Pause Young (Normal) (G1 Evacuation Pause) 1727M->709M(2048M) 15.001ms
[2025-07-30T16:38:30.521+0800][56.346s][info][gc,cpu      ] GC(1072) User=0.02s Sys=0.00s Real=0.01s
[2025-07-30T16:38:30.521+0800][56.346s][info][safepoint   ] Safepoint "G1CollectForAllocation", Time since last: 36459900 ns, Reaching safepoint: 2400 ns, Cleanup: 2800 ns, At safepoint: 15038500 ns, Total: 15043700 ns
[2025-07-30T16:38:30.557+0800][56.382s][info][gc,start    ] GC(1073) Pause Young (Normal) (G1 Evacuation Pause)
[2025-07-30T16:38:30.557+0800][56.382s][info][gc,task     ] GC(1073) Using 1 workers of 1 for evacuation
[2025-07-30T16:38:30.576+0800][56.401s][info][gc,phases   ] GC(1073)   Pre Evacuate Collection Set: 0.5ms
[2025-07-30T16:38:30.576+0800][56.401s][info][gc,phases   ] GC(1073)   Merge Heap Roots: 0.1ms
[2025-07-30T16:38:30.576+0800][56.401s][info][gc,phases   ] GC(1073)   Evacuate Collection Set: 17.2ms
[2025-07-30T16:38:30.576+0800][56.401s][info][gc,phases   ] GC(1073)   Post Evacuate Collection Set: 0.7ms
[2025-07-30T16:38:30.576+0800][56.401s][info][gc,phases   ] GC(1073)   Other: 0.1ms
[2025-07-30T16:38:30.576+0800][56.401s][info][gc,heap     ] GC(1073) Eden regions: 1017->0(1019)
[2025-07-30T16:38:30.576+0800][56.401s][info][gc,heap     ] GC(1073) Survivor regions: 146->145(146)
[2025-07-30T16:38:30.576+0800][56.401s][info][gc,heap     ] GC(1073) Old regions: 561->561
[2025-07-30T16:38:30.576+0800][56.401s][info][gc,heap     ] GC(1073) Humongous regions: 3->3
[2025-07-30T16:38:30.576+0800][56.401s][info][gc,metaspace] GC(1073) Metaspace: 7247K(7552K)->7247K(7552K) NonClass: 6522K(6656K)->6522K(6656K) Class: 725K(896K)->725K(896K)
[2025-07-30T16:38:30.576+0800][56.401s][info][gc          ] GC(1073) Pause Young (Normal) (G1 Evacuation Pause) 1726M->708M(2048M) 18.653ms
[2025-07-30T16:38:30.576+0800][56.401s][info][gc,cpu      ] GC(1073) User=0.02s Sys=0.00s Real=0.02s
[2025-07-30T16:38:30.576+0800][56.401s][info][safepoint   ] Safepoint "G1CollectForAllocation", Time since last: 36331200 ns, Reaching safepoint: 4000 ns, Cleanup: 4800 ns, At safepoint: 18698600 ns, Total: 18707400 ns
[2025-07-30T16:38:30.617+0800][56.442s][info][gc,start    ] GC(1074) Pause Young (Normal) (G1 Evacuation Pause)
[2025-07-30T16:38:30.617+0800][56.442s][info][gc,task     ] GC(1074) Using 1 workers of 1 for evacuation
[2025-07-30T16:38:30.633+0800][56.459s][info][gc,phases   ] GC(1074)   Pre Evacuate Collection Set: 0.4ms
[2025-07-30T16:38:30.633+0800][56.459s][info][gc,phases   ] GC(1074)   Merge Heap Roots: 0.1ms
[2025-07-30T16:38:30.633+0800][56.459s][info][gc,phases   ] GC(1074)   Evacuate Collection Set: 15.4ms
[2025-07-30T16:38:30.633+0800][56.459s][info][gc,phases   ] GC(1074)   Post Evacuate Collection Set: 0.8ms
[2025-07-30T16:38:30.633+0800][56.459s][info][gc,phases   ] GC(1074)   Other: 0.1ms
[2025-07-30T16:38:30.633+0800][56.459s][info][gc,heap     ] GC(1074) Eden regions: 1019->0(1017)
[2025-07-30T16:38:30.633+0800][56.459s][info][gc,heap     ] GC(1074) Survivor regions: 145->146(146)
[2025-07-30T16:38:30.633+0800][56.459s][info][gc,heap     ] GC(1074) Old regions: 561->561
[2025-07-30T16:38:30.633+0800][56.459s][info][gc,heap     ] GC(1074) Humongous regions: 3->3
[2025-07-30T16:38:30.633+0800][56.459s][info][gc,metaspace] GC(1074) Metaspace: 7247K(7552K)->7247K(7552K) NonClass: 6522K(6656K)->6522K(6656K) Class: 725K(896K)->725K(896K)
[2025-07-30T16:38:30.633+0800][56.459s][info][gc          ] GC(1074) Pause Young (Normal) (G1 Evacuation Pause) 1727M->709M(2048M) 16.831ms
[2025-07-30T16:38:30.633+0800][56.459s][info][gc,cpu      ] GC(1074) User=0.02s Sys=0.00s Real=0.02s
[2025-07-30T16:38:30.634+0800][56.459s][info][safepoint   ] Safepoint "G1CollectForAllocation", Time since last: 41249300 ns, Reaching safepoint: 3400 ns, Cleanup: 4100 ns, At safepoint: 16880300 ns, Total: 16887800 ns
[2025-07-30T16:38:30.673+0800][56.498s][info][gc,start    ] GC(1075) Pause Young (Normal) (G1 Evacuation Pause)
[2025-07-30T16:38:30.673+0800][56.498s][info][gc,task     ] GC(1075) Using 1 workers of 1 for evacuation
[2025-07-30T16:38:30.687+0800][56.513s][info][gc,phases   ] GC(1075)   Pre Evacuate Collection Set: 0.3ms
[2025-07-30T16:38:30.687+0800][56.513s][info][gc,phases   ] GC(1075)   Merge Heap Roots: 0.1ms
[2025-07-30T16:38:30.687+0800][56.513s][info][gc,phases   ] GC(1075)   Evacuate Collection Set: 13.9ms
[2025-07-30T16:38:30.687+0800][56.513s][info][gc,phases   ] GC(1075)   Post Evacuate Collection Set: 0.7ms
[2025-07-30T16:38:30.687+0800][56.513s][info][gc,phases   ] GC(1075)   Other: 0.1ms
[2025-07-30T16:38:30.687+0800][56.513s][info][gc,heap     ] GC(1075) Eden regions: 1017->0(1017)
[2025-07-30T16:38:30.687+0800][56.513s][info][gc,heap     ] GC(1075) Survivor regions: 146->146(146)
[2025-07-30T16:38:30.687+0800][56.513s][info][gc,heap     ] GC(1075) Old regions: 561->561
[2025-07-30T16:38:30.687+0800][56.513s][info][gc,heap     ] GC(1075) Humongous regions: 3->3
[2025-07-30T16:38:30.687+0800][56.513s][info][gc,metaspace] GC(1075) Metaspace: 7247K(7552K)->7247K(7552K) NonClass: 6522K(6656K)->6522K(6656K) Class: 725K(896K)->725K(896K)
[2025-07-30T16:38:30.687+0800][56.513s][info][gc          ] GC(1075) Pause Young (Normal) (G1 Evacuation Pause) 1726M->708M(2048M) 15.229ms
[2025-07-30T16:38:30.687+0800][56.513s][info][gc,cpu      ] GC(1075) User=0.00s Sys=0.00s Real=0.01s
[2025-07-30T16:38:30.687+0800][56.513s][info][safepoint   ] Safepoint "G1CollectForAllocation", Time since last: 38596700 ns, Reaching safepoint: 2500 ns, Cleanup: 2600 ns, At safepoint: 15270400 ns, Total: 15275500 ns
[2025-07-30T16:38:30.724+0800][56.550s][info][gc,start    ] GC(1076) Pause Young (Normal) (G1 Evacuation Pause)
[2025-07-30T16:38:30.724+0800][56.550s][info][gc,task     ] GC(1076) Using 1 workers of 1 for evacuation
[2025-07-30T16:38:30.740+0800][56.565s][info][gc,phases   ] GC(1076)   Pre Evacuate Collection Set: 0.4ms
[2025-07-30T16:38:30.740+0800][56.566s][info][gc,phases   ] GC(1076)   Merge Heap Roots: 0.1ms
[2025-07-30T16:38:30.740+0800][56.566s][info][gc,phases   ] GC(1076)   Evacuate Collection Set: 14.6ms
[2025-07-30T16:38:30.740+0800][56.566s][info][gc,phases   ] GC(1076)   Post Evacuate Collection Set: 0.6ms
[2025-07-30T16:38:30.740+0800][56.566s][info][gc,phases   ] GC(1076)   Other: 0.1ms
[2025-07-30T16:38:30.740+0800][56.566s][info][gc,heap     ] GC(1076) Eden regions: 1017->0(1019)
[2025-07-30T16:38:30.740+0800][56.566s][info][gc,heap     ] GC(1076) Survivor regions: 146->145(146)
[2025-07-30T16:38:30.740+0800][56.566s][info][gc,heap     ] GC(1076) Old regions: 561->561
[2025-07-30T16:38:30.740+0800][56.566s][info][gc,heap     ] GC(1076) Humongous regions: 3->3
[2025-07-30T16:38:30.740+0800][56.566s][info][gc,metaspace] GC(1076) Metaspace: 7247K(7552K)->7247K(7552K) NonClass: 6522K(6656K)->6522K(6656K) Class: 725K(896K)->725K(896K)
[2025-07-30T16:38:30.740+0800][56.566s][info][gc          ] GC(1076) Pause Young (Normal) (G1 Evacuation Pause) 1725M->707M(2048M) 16.111ms
[2025-07-30T16:38:30.740+0800][56.566s][info][gc,cpu      ] GC(1076) User=0.02s Sys=0.00s Real=0.02s
[2025-07-30T16:38:30.740+0800][56.566s][info][safepoint   ] Safepoint "G1CollectForAllocation", Time since last: 36599900 ns, Reaching safepoint: 3500 ns, Cleanup: 4000 ns, At safepoint: 16179000 ns, Total: 16186500 ns
[2025-07-30T16:38:30.778+0800][56.604s][info][gc,start    ] GC(1077) Pause Young (Normal) (G1 Evacuation Pause)
[2025-07-30T16:38:30.779+0800][56.604s][info][gc,task     ] GC(1077) Using 1 workers of 1 for evacuation
[2025-07-30T16:38:30.794+0800][56.620s][info][gc,phases   ] GC(1077)   Pre Evacuate Collection Set: 0.4ms
[2025-07-30T16:38:30.794+0800][56.620s][info][gc,phases   ] GC(1077)   Merge Heap Roots: 0.1ms
[2025-07-30T16:38:30.794+0800][56.620s][info][gc,phases   ] GC(1077)   Evacuate Collection Set: 15.4ms
[2025-07-30T16:38:30.795+0800][56.620s][info][gc,phases   ] GC(1077)   Post Evacuate Collection Set: 0.6ms
[2025-07-30T16:38:30.795+0800][56.620s][info][gc,phases   ] GC(1077)   Other: 0.1ms
[2025-07-30T16:38:30.795+0800][56.620s][info][gc,heap     ] GC(1077) Eden regions: 1019->0(1018)
[2025-07-30T16:38:30.795+0800][56.620s][info][gc,heap     ] GC(1077) Survivor regions: 145->146(146)
[2025-07-30T16:38:30.795+0800][56.620s][info][gc,heap     ] GC(1077) Old regions: 561->561
[2025-07-30T16:38:30.795+0800][56.620s][info][gc,heap     ] GC(1077) Humongous regions: 3->3
[2025-07-30T16:38:30.795+0800][56.620s][info][gc,metaspace] GC(1077) Metaspace: 7247K(7552K)->7247K(7552K) NonClass: 6522K(6656K)->6522K(6656K) Class: 725K(896K)->725K(896K)
[2025-07-30T16:38:30.795+0800][56.620s][info][gc          ] GC(1077) Pause Young (Normal) (G1 Evacuation Pause) 1726M->708M(2048M) 16.672ms
[2025-07-30T16:38:30.795+0800][56.620s][info][gc,cpu      ] GC(1077) User=0.02s Sys=0.00s Real=0.02s
[2025-07-30T16:38:30.795+0800][56.620s][info][safepoint   ] Safepoint "G1CollectForAllocation", Time since last: 37718100 ns, Reaching safepoint: 2700 ns, Cleanup: 3500 ns, At safepoint: 16716400 ns, Total: 16722600 ns
[2025-07-30T16:38:30.834+0800][56.659s][info][gc,start    ] GC(1078) Pause Young (Normal) (G1 Evacuation Pause)
[2025-07-30T16:38:30.834+0800][56.659s][info][gc,task     ] GC(1078) Using 1 workers of 1 for evacuation
[2025-07-30T16:38:30.849+0800][56.674s][info][gc,phases   ] GC(1078)   Pre Evacuate Collection Set: 0.3ms
[2025-07-30T16:38:30.849+0800][56.674s][info][gc,phases   ] GC(1078)   Merge Heap Roots: 0.0ms
[2025-07-30T16:38:30.849+0800][56.674s][info][gc,phases   ] GC(1078)   Evacuate Collection Set: 14.3ms
[2025-07-30T16:38:30.849+0800][56.674s][info][gc,phases   ] GC(1078)   Post Evacuate Collection Set: 0.6ms
[2025-07-30T16:38:30.849+0800][56.674s][info][gc,phases   ] GC(1078)   Other: 0.1ms
[2025-07-30T16:38:30.849+0800][56.674s][info][gc,heap     ] GC(1078) Eden regions: 1018->0(1018)
[2025-07-30T16:38:30.849+0800][56.674s][info][gc,heap     ] GC(1078) Survivor regions: 146->146(146)
[2025-07-30T16:38:30.849+0800][56.674s][info][gc,heap     ] GC(1078) Old regions: 561->561
[2025-07-30T16:38:30.849+0800][56.674s][info][gc,heap     ] GC(1078) Humongous regions: 3->3
[2025-07-30T16:38:30.849+0800][56.674s][info][gc,metaspace] GC(1078) Metaspace: 7247K(7552K)->7247K(7552K) NonClass: 6522K(6656K)->6522K(6656K) Class: 725K(896K)->725K(896K)
[2025-07-30T16:38:30.849+0800][56.674s][info][gc          ] GC(1078) Pause Young (Normal) (G1 Evacuation Pause) 1726M->708M(2048M) 15.502ms
[2025-07-30T16:38:30.849+0800][56.674s][info][gc,cpu      ] GC(1078) User=0.02s Sys=0.00s Real=0.01s
[2025-07-30T16:38:30.849+0800][56.674s][info][safepoint   ] Safepoint "G1CollectForAllocation", Time since last: 38591800 ns, Reaching safepoint: 2400 ns, Cleanup: 2900 ns, At safepoint: 15544900 ns, Total: 15550200 ns
[2025-07-30T16:38:30.887+0800][56.712s][info][gc,start    ] GC(1079) Pause Young (Normal) (G1 Evacuation Pause)
[2025-07-30T16:38:30.887+0800][56.712s][info][gc,task     ] GC(1079) Using 1 workers of 1 for evacuation
[2025-07-30T16:38:30.901+0800][56.727s][info][gc,phases   ] GC(1079)   Pre Evacuate Collection Set: 0.3ms
[2025-07-30T16:38:30.901+0800][56.727s][info][gc,phases   ] GC(1079)   Merge Heap Roots: 0.0ms
[2025-07-30T16:38:30.901+0800][56.727s][info][gc,phases   ] GC(1079)   Evacuate Collection Set: 14.0ms
[2025-07-30T16:38:30.901+0800][56.727s][info][gc,phases   ] GC(1079)   Post Evacuate Collection Set: 0.6ms
[2025-07-30T16:38:30.901+0800][56.727s][info][gc,phases   ] GC(1079)   Other: 0.1ms
[2025-07-30T16:38:30.901+0800][56.727s][info][gc,heap     ] GC(1079) Eden regions: 1018->0(1017)
[2025-07-30T16:38:30.901+0800][56.727s][info][gc,heap     ] GC(1079) Survivor regions: 146->146(146)
[2025-07-30T16:38:30.901+0800][56.727s][info][gc,heap     ] GC(1079) Old regions: 561->561
[2025-07-30T16:38:30.901+0800][56.727s][info][gc,heap     ] GC(1079) Humongous regions: 3->3
[2025-07-30T16:38:30.901+0800][56.727s][info][gc,metaspace] GC(1079) Metaspace: 7247K(7552K)->7247K(7552K) NonClass: 6522K(6656K)->6522K(6656K) Class: 725K(896K)->725K(896K)
[2025-07-30T16:38:30.901+0800][56.727s][info][gc          ] GC(1079) Pause Young (Normal) (G1 Evacuation Pause) 1726M->708M(2048M) 15.139ms
[2025-07-30T16:38:30.901+0800][56.727s][info][gc,cpu      ] GC(1079) User=0.02s Sys=0.00s Real=0.01s
[2025-07-30T16:38:30.901+0800][56.727s][info][safepoint   ] Safepoint "G1CollectForAllocation", Time since last: 37176600 ns, Reaching safepoint: 2200 ns, Cleanup: 2500 ns, At safepoint: 15176700 ns, Total: 15181400 ns
[2025-07-30T16:38:30.937+0800][56.763s][info][gc,start    ] GC(1080) Pause Young (Normal) (G1 Evacuation Pause)
[2025-07-30T16:38:30.937+0800][56.763s][info][gc,task     ] GC(1080) Using 1 workers of 1 for evacuation
[2025-07-30T16:38:30.952+0800][56.778s][info][gc,phases   ] GC(1080)   Pre Evacuate Collection Set: 0.4ms
[2025-07-30T16:38:30.952+0800][56.778s][info][gc,phases   ] GC(1080)   Merge Heap Roots: 0.1ms
[2025-07-30T16:38:30.952+0800][56.778s][info][gc,phases   ] GC(1080)   Evacuate Collection Set: 13.7ms
[2025-07-30T16:38:30.952+0800][56.778s][info][gc,phases   ] GC(1080)   Post Evacuate Collection Set: 0.6ms
[2025-07-30T16:38:30.952+0800][56.778s][info][gc,phases   ] GC(1080)   Other: 0.1ms
[2025-07-30T16:38:30.952+0800][56.778s][info][gc,heap     ] GC(1080) Eden regions: 1017->0(1019)
[2025-07-30T16:38:30.952+0800][56.778s][info][gc,heap     ] GC(1080) Survivor regions: 146->145(146)
[2025-07-30T16:38:30.952+0800][56.778s][info][gc,heap     ] GC(1080) Old regions: 561->561
[2025-07-30T16:38:30.952+0800][56.778s][info][gc,heap     ] GC(1080) Humongous regions: 3->3
[2025-07-30T16:38:30.952+0800][56.778s][info][gc,metaspace] GC(1080) Metaspace: 7247K(7552K)->7247K(7552K) NonClass: 6522K(6656K)->6522K(6656K) Class: 725K(896K)->725K(896K)
[2025-07-30T16:38:30.952+0800][56.778s][info][gc          ] GC(1080) Pause Young (Normal) (G1 Evacuation Pause) 1725M->708M(2048M) 15.051ms
[2025-07-30T16:38:30.952+0800][56.778s][info][gc,cpu      ] GC(1080) User=0.00s Sys=0.02s Real=0.01s
[2025-07-30T16:38:30.952+0800][56.778s][info][safepoint   ] Safepoint "G1CollectForAllocation", Time since last: 36086400 ns, Reaching safepoint: 3000 ns, Cleanup: 3700 ns, At safepoint: 15093400 ns, Total: 15100100 ns
[2025-07-30T16:38:30.990+0800][56.815s][info][gc,start    ] GC(1081) Pause Young (Normal) (G1 Evacuation Pause)
[2025-07-30T16:38:30.990+0800][56.815s][info][gc,task     ] GC(1081) Using 1 workers of 1 for evacuation
[2025-07-30T16:38:31.005+0800][56.830s][info][gc,phases   ] GC(1081)   Pre Evacuate Collection Set: 0.3ms
[2025-07-30T16:38:31.005+0800][56.830s][info][gc,phases   ] GC(1081)   Merge Heap Roots: 0.0ms
[2025-07-30T16:38:31.005+0800][56.830s][info][gc,phases   ] GC(1081)   Evacuate Collection Set: 14.0ms
[2025-07-30T16:38:31.005+0800][56.830s][info][gc,phases   ] GC(1081)   Post Evacuate Collection Set: 0.6ms
[2025-07-30T16:38:31.005+0800][56.830s][info][gc,phases   ] GC(1081)   Other: 0.1ms
[2025-07-30T16:38:31.005+0800][56.830s][info][gc,heap     ] GC(1081) Eden regions: 1019->0(1017)
[2025-07-30T16:38:31.005+0800][56.830s][info][gc,heap     ] GC(1081) Survivor regions: 145->146(146)
[2025-07-30T16:38:31.005+0800][56.830s][info][gc,heap     ] GC(1081) Old regions: 561->561
[2025-07-30T16:38:31.005+0800][56.830s][info][gc,heap     ] GC(1081) Humongous regions: 3->3
[2025-07-30T16:38:31.005+0800][56.830s][info][gc,metaspace] GC(1081) Metaspace: 7247K(7552K)->7247K(7552K) NonClass: 6522K(6656K)->6522K(6656K) Class: 725K(896K)->725K(896K)
[2025-07-30T16:38:31.005+0800][56.830s][info][gc          ] GC(1081) Pause Young (Normal) (G1 Evacuation Pause) 1727M->709M(2048M) 15.178ms
[2025-07-30T16:38:31.005+0800][56.830s][info][gc,cpu      ] GC(1081) User=0.02s Sys=0.00s Real=0.02s
[2025-07-30T16:38:31.005+0800][56.830s][info][safepoint   ] Safepoint "G1CollectForAllocation", Time since last: 36776700 ns, Reaching safepoint: 2100 ns, Cleanup: 2800 ns, At safepoint: 15216400 ns, Total: 15221300 ns
[2025-07-30T16:38:31.041+0800][56.867s][info][gc,start    ] GC(1082) Pause Young (Normal) (G1 Evacuation Pause)
[2025-07-30T16:38:31.041+0800][56.867s][info][gc,task     ] GC(1082) Using 1 workers of 1 for evacuation
[2025-07-30T16:38:31.057+0800][56.882s][info][gc,phases   ] GC(1082)   Pre Evacuate Collection Set: 0.4ms
[2025-07-30T16:38:31.057+0800][56.882s][info][gc,phases   ] GC(1082)   Merge Heap Roots: 0.1ms
[2025-07-30T16:38:31.057+0800][56.882s][info][gc,phases   ] GC(1082)   Evacuate Collection Set: 14.1ms
[2025-07-30T16:38:31.057+0800][56.882s][info][gc,phases   ] GC(1082)   Post Evacuate Collection Set: 0.6ms
[2025-07-30T16:38:31.057+0800][56.882s][info][gc,phases   ] GC(1082)   Other: 0.1ms
[2025-07-30T16:38:31.057+0800][56.882s][info][gc,heap     ] GC(1082) Eden regions: 1017->0(1019)
[2025-07-30T16:38:31.057+0800][56.882s][info][gc,heap     ] GC(1082) Survivor regions: 146->145(146)
[2025-07-30T16:38:31.057+0800][56.882s][info][gc,heap     ] GC(1082) Old regions: 561->561
[2025-07-30T16:38:31.057+0800][56.882s][info][gc,heap     ] GC(1082) Humongous regions: 3->3
[2025-07-30T16:38:31.057+0800][56.882s][info][gc,metaspace] GC(1082) Metaspace: 7247K(7552K)->7247K(7552K) NonClass: 6522K(6656K)->6522K(6656K) Class: 725K(896K)->725K(896K)
[2025-07-30T16:38:31.057+0800][56.882s][info][gc          ] GC(1082) Pause Young (Normal) (G1 Evacuation Pause) 1726M->708M(2048M) 15.449ms
[2025-07-30T16:38:31.057+0800][56.882s][info][gc,cpu      ] GC(1082) User=0.02s Sys=0.00s Real=0.02s
[2025-07-30T16:38:31.057+0800][56.882s][info][safepoint   ] Safepoint "G1CollectForAllocation", Time since last: 36827900 ns, Reaching safepoint: 2100 ns, Cleanup: 2700 ns, At safepoint: 15486600 ns, Total: 15491400 ns
[2025-07-30T16:38:31.094+0800][56.919s][info][gc,start    ] GC(1083) Pause Young (Normal) (G1 Evacuation Pause)
[2025-07-30T16:38:31.094+0800][56.919s][info][gc,task     ] GC(1083) Using 1 workers of 1 for evacuation
[2025-07-30T16:38:31.109+0800][56.935s][info][gc,phases   ] GC(1083)   Pre Evacuate Collection Set: 0.3ms
[2025-07-30T16:38:31.109+0800][56.935s][info][gc,phases   ] GC(1083)   Merge Heap Roots: 0.1ms
[2025-07-30T16:38:31.109+0800][56.935s][info][gc,phases   ] GC(1083)   Evacuate Collection Set: 14.2ms
[2025-07-30T16:38:31.109+0800][56.935s][info][gc,phases   ] GC(1083)   Post Evacuate Collection Set: 0.6ms
[2025-07-30T16:38:31.109+0800][56.935s][info][gc,phases   ] GC(1083)   Other: 0.1ms
[2025-07-30T16:38:31.109+0800][56.935s][info][gc,heap     ] GC(1083) Eden regions: 1019->0(1017)
[2025-07-30T16:38:31.109+0800][56.935s][info][gc,heap     ] GC(1083) Survivor regions: 145->146(146)
[2025-07-30T16:38:31.109+0800][56.935s][info][gc,heap     ] GC(1083) Old regions: 561->561
[2025-07-30T16:38:31.109+0800][56.935s][info][gc,heap     ] GC(1083) Humongous regions: 3->3
[2025-07-30T16:38:31.110+0800][56.935s][info][gc,metaspace] GC(1083) Metaspace: 7247K(7552K)->7247K(7552K) NonClass: 6522K(6656K)->6522K(6656K) Class: 725K(896K)->725K(896K)
[2025-07-30T16:38:31.110+0800][56.935s][info][gc          ] GC(1083) Pause Young (Normal) (G1 Evacuation Pause) 1727M->709M(2048M) 15.461ms
[2025-07-30T16:38:31.110+0800][56.935s][info][gc,cpu      ] GC(1083) User=0.02s Sys=0.00s Real=0.02s
[2025-07-30T16:38:31.110+0800][56.935s][info][safepoint   ] Safepoint "G1CollectForAllocation", Time since last: 37176000 ns, Reaching safepoint: 2000 ns, Cleanup: 3000 ns, At safepoint: 15502100 ns, Total: 15507100 ns
[2025-07-30T16:38:31.148+0800][56.973s][info][gc,start    ] GC(1084) Pause Young (Normal) (G1 Evacuation Pause)
[2025-07-30T16:38:31.148+0800][56.973s][info][gc,task     ] GC(1084) Using 1 workers of 1 for evacuation
[2025-07-30T16:38:31.163+0800][56.988s][info][gc,phases   ] GC(1084)   Pre Evacuate Collection Set: 0.3ms
[2025-07-30T16:38:31.163+0800][56.988s][info][gc,phases   ] GC(1084)   Merge Heap Roots: 0.1ms
[2025-07-30T16:38:31.163+0800][56.988s][info][gc,phases   ] GC(1084)   Evacuate Collection Set: 14.2ms
[2025-07-30T16:38:31.163+0800][56.988s][info][gc,phases   ] GC(1084)   Post Evacuate Collection Set: 0.6ms
[2025-07-30T16:38:31.163+0800][56.988s][info][gc,phases   ] GC(1084)   Other: 0.1ms
[2025-07-30T16:38:31.163+0800][56.988s][info][gc,heap     ] GC(1084) Eden regions: 1017->0(1017)
[2025-07-30T16:38:31.163+0800][56.988s][info][gc,heap     ] GC(1084) Survivor regions: 146->146(146)
[2025-07-30T16:38:31.163+0800][56.988s][info][gc,heap     ] GC(1084) Old regions: 561->561
[2025-07-30T16:38:31.163+0800][56.988s][info][gc,heap     ] GC(1084) Humongous regions: 3->3
[2025-07-30T16:38:31.163+0800][56.988s][info][gc,metaspace] GC(1084) Metaspace: 7247K(7552K)->7247K(7552K) NonClass: 6522K(6656K)->6522K(6656K) Class: 725K(896K)->725K(896K)
[2025-07-30T16:38:31.163+0800][56.988s][info][gc          ] GC(1084) Pause Young (Normal) (G1 Evacuation Pause) 1726M->708M(2048M) 15.453ms
[2025-07-30T16:38:31.163+0800][56.988s][info][gc,cpu      ] GC(1084) User=0.02s Sys=0.00s Real=0.02s
[2025-07-30T16:38:31.163+0800][56.988s][info][safepoint   ] Safepoint "G1CollectForAllocation", Time since last: 37622000 ns, Reaching safepoint: 2500 ns, Cleanup: 2700 ns, At safepoint: 15497300 ns, Total: 15502500 ns
[2025-07-30T16:38:31.200+0800][57.025s][info][gc,start    ] GC(1085) Pause Young (Normal) (G1 Evacuation Pause)
[2025-07-30T16:38:31.200+0800][57.025s][info][gc,task     ] GC(1085) Using 1 workers of 1 for evacuation
[2025-07-30T16:38:31.214+0800][57.040s][info][gc,phases   ] GC(1085)   Pre Evacuate Collection Set: 0.3ms
[2025-07-30T16:38:31.214+0800][57.040s][info][gc,phases   ] GC(1085)   Merge Heap Roots: 0.1ms
[2025-07-30T16:38:31.214+0800][57.040s][info][gc,phases   ] GC(1085)   Evacuate Collection Set: 13.6ms
[2025-07-30T16:38:31.214+0800][57.040s][info][gc,phases   ] GC(1085)   Post Evacuate Collection Set: 0.6ms
[2025-07-30T16:38:31.214+0800][57.040s][info][gc,phases   ] GC(1085)   Other: 0.1ms
[2025-07-30T16:38:31.214+0800][57.040s][info][gc,heap     ] GC(1085) Eden regions: 1017->0(1019)
[2025-07-30T16:38:31.214+0800][57.040s][info][gc,heap     ] GC(1085) Survivor regions: 146->145(146)
[2025-07-30T16:38:31.214+0800][57.040s][info][gc,heap     ] GC(1085) Old regions: 561->561
[2025-07-30T16:38:31.214+0800][57.040s][info][gc,heap     ] GC(1085) Humongous regions: 3->3
[2025-07-30T16:38:31.214+0800][57.040s][info][gc,metaspace] GC(1085) Metaspace: 7247K(7552K)->7247K(7552K) NonClass: 6522K(6656K)->6522K(6656K) Class: 725K(896K)->725K(896K)
[2025-07-30T16:38:31.214+0800][57.040s][info][gc          ] GC(1085) Pause Young (Normal) (G1 Evacuation Pause) 1725M->707M(2048M) 14.935ms
[2025-07-30T16:38:31.214+0800][57.040s][info][gc,cpu      ] GC(1085) User=0.02s Sys=0.00s Real=0.01s
[2025-07-30T16:38:31.214+0800][57.040s][info][safepoint   ] Safepoint "G1CollectForAllocation", Time since last: 36783300 ns, Reaching safepoint: 2600 ns, Cleanup: 2700 ns, At safepoint: 14975700 ns, Total: 14981000 ns
[2025-07-30T16:38:31.252+0800][57.077s][info][gc,start    ] GC(1086) Pause Young (Normal) (G1 Evacuation Pause)
[2025-07-30T16:38:31.252+0800][57.077s][info][gc,task     ] GC(1086) Using 1 workers of 1 for evacuation
[2025-07-30T16:38:31.267+0800][57.092s][info][gc,phases   ] GC(1086)   Pre Evacuate Collection Set: 0.4ms
[2025-07-30T16:38:31.267+0800][57.092s][info][gc,phases   ] GC(1086)   Merge Heap Roots: 0.1ms
[2025-07-30T16:38:31.267+0800][57.092s][info][gc,phases   ] GC(1086)   Evacuate Collection Set: 14.0ms
[2025-07-30T16:38:31.267+0800][57.092s][info][gc,phases   ] GC(1086)   Post Evacuate Collection Set: 0.8ms
[2025-07-30T16:38:31.267+0800][57.092s][info][gc,phases   ] GC(1086)   Other: 0.1ms
[2025-07-30T16:38:31.267+0800][57.092s][info][gc,heap     ] GC(1086) Eden regions: 1019->0(1018)
[2025-07-30T16:38:31.267+0800][57.092s][info][gc,heap     ] GC(1086) Survivor regions: 145->146(146)
[2025-07-30T16:38:31.267+0800][57.092s][info][gc,heap     ] GC(1086) Old regions: 561->561
[2025-07-30T16:38:31.267+0800][57.092s][info][gc,heap     ] GC(1086) Humongous regions: 3->3
[2025-07-30T16:38:31.267+0800][57.092s][info][gc,metaspace] GC(1086) Metaspace: 7247K(7552K)->7247K(7552K) NonClass: 6522K(6656K)->6522K(6656K) Class: 725K(896K)->725K(896K)
[2025-07-30T16:38:31.267+0800][57.092s][info][gc          ] GC(1086) Pause Young (Normal) (G1 Evacuation Pause) 1726M->708M(2048M) 15.551ms
[2025-07-30T16:38:31.267+0800][57.093s][info][gc,cpu      ] GC(1086) User=0.02s Sys=0.00s Real=0.01s
[2025-07-30T16:38:31.267+0800][57.093s][info][safepoint   ] Safepoint "G1CollectForAllocation", Time since last: 37107900 ns, Reaching safepoint: 3400 ns, Cleanup: 4000 ns, At safepoint: 15594700 ns, Total: 15602100 ns
[2025-07-30T16:38:31.303+0800][57.129s][info][gc,start    ] GC(1087) Pause Young (Normal) (G1 Evacuation Pause)
[2025-07-30T16:38:31.303+0800][57.129s][info][gc,task     ] GC(1087) Using 1 workers of 1 for evacuation
[2025-07-30T16:38:31.319+0800][57.144s][info][gc,phases   ] GC(1087)   Pre Evacuate Collection Set: 0.3ms
[2025-07-30T16:38:31.319+0800][57.144s][info][gc,phases   ] GC(1087)   Merge Heap Roots: 0.1ms
[2025-07-30T16:38:31.319+0800][57.144s][info][gc,phases   ] GC(1087)   Evacuate Collection Set: 13.8ms
[2025-07-30T16:38:31.319+0800][57.144s][info][gc,phases   ] GC(1087)   Post Evacuate Collection Set: 0.6ms
[2025-07-30T16:38:31.319+0800][57.144s][info][gc,phases   ] GC(1087)   Other: 0.1ms
[2025-07-30T16:38:31.319+0800][57.144s][info][gc,heap     ] GC(1087) Eden regions: 1018->0(1018)
[2025-07-30T16:38:31.319+0800][57.144s][info][gc,heap     ] GC(1087) Survivor regions: 146->146(146)
[2025-07-30T16:38:31.319+0800][57.144s][info][gc,heap     ] GC(1087) Old regions: 561->561
[2025-07-30T16:38:31.319+0800][57.144s][info][gc,heap     ] GC(1087) Humongous regions: 3->3
[2025-07-30T16:38:31.319+0800][57.144s][info][gc,metaspace] GC(1087) Metaspace: 7247K(7552K)->7247K(7552K) NonClass: 6522K(6656K)->6522K(6656K) Class: 725K(896K)->725K(896K)
[2025-07-30T16:38:31.319+0800][57.144s][info][gc          ] GC(1087) Pause Young (Normal) (G1 Evacuation Pause) 1726M->708M(2048M) 15.085ms
[2025-07-30T16:38:31.319+0800][57.144s][info][gc,cpu      ] GC(1087) User=0.02s Sys=0.00s Real=0.02s
[2025-07-30T16:38:31.319+0800][57.144s][info][safepoint   ] Safepoint "G1CollectForAllocation", Time since last: 36785100 ns, Reaching safepoint: 2600 ns, Cleanup: 2700 ns, At safepoint: 15125400 ns, Total: 15130700 ns
[2025-07-30T16:38:31.355+0800][57.181s][info][gc,start    ] GC(1088) Pause Young (Normal) (G1 Evacuation Pause)
[2025-07-30T16:38:31.355+0800][57.181s][info][gc,task     ] GC(1088) Using 1 workers of 1 for evacuation
[2025-07-30T16:38:31.371+0800][57.196s][info][gc,phases   ] GC(1088)   Pre Evacuate Collection Set: 0.4ms
[2025-07-30T16:38:31.371+0800][57.196s][info][gc,phases   ] GC(1088)   Merge Heap Roots: 0.1ms
[2025-07-30T16:38:31.371+0800][57.196s][info][gc,phases   ] GC(1088)   Evacuate Collection Set: 14.0ms
[2025-07-30T16:38:31.371+0800][57.196s][info][gc,phases   ] GC(1088)   Post Evacuate Collection Set: 0.7ms
[2025-07-30T16:38:31.371+0800][57.196s][info][gc,phases   ] GC(1088)   Other: 0.1ms
[2025-07-30T16:38:31.371+0800][57.196s][info][gc,heap     ] GC(1088) Eden regions: 1018->0(1018)
[2025-07-30T16:38:31.371+0800][57.196s][info][gc,heap     ] GC(1088) Survivor regions: 146->146(146)
[2025-07-30T16:38:31.371+0800][57.196s][info][gc,heap     ] GC(1088) Old regions: 561->561
[2025-07-30T16:38:31.371+0800][57.196s][info][gc,heap     ] GC(1088) Humongous regions: 3->3
[2025-07-30T16:38:31.371+0800][57.196s][info][gc,metaspace] GC(1088) Metaspace: 7247K(7552K)->7247K(7552K) NonClass: 6522K(6656K)->6522K(6656K) Class: 725K(896K)->725K(896K)
[2025-07-30T16:38:31.371+0800][57.196s][info][gc          ] GC(1088) Pause Young (Normal) (G1 Evacuation Pause) 1726M->708M(2048M) 15.398ms
[2025-07-30T16:38:31.371+0800][57.196s][info][gc,cpu      ] GC(1088) User=0.02s Sys=0.00s Real=0.02s
[2025-07-30T16:38:31.371+0800][57.196s][info][safepoint   ] Safepoint "G1CollectForAllocation", Time since last: 36145500 ns, Reaching safepoint: 2900 ns, Cleanup: 3700 ns, At safepoint: 15441000 ns, Total: 15447600 ns
[2025-07-30T16:38:31.408+0800][57.233s][info][gc,start    ] GC(1089) Pause Young (Normal) (G1 Evacuation Pause)
[2025-07-30T16:38:31.408+0800][57.233s][info][gc,task     ] GC(1089) Using 1 workers of 1 for evacuation
[2025-07-30T16:38:31.423+0800][57.249s][info][gc,phases   ] GC(1089)   Pre Evacuate Collection Set: 0.4ms
[2025-07-30T16:38:31.423+0800][57.249s][info][gc,phases   ] GC(1089)   Merge Heap Roots: 0.1ms
[2025-07-30T16:38:31.423+0800][57.249s][info][gc,phases   ] GC(1089)   Evacuate Collection Set: 14.1ms
[2025-07-30T16:38:31.423+0800][57.249s][info][gc,phases   ] GC(1089)   Post Evacuate Collection Set: 0.6ms
[2025-07-30T16:38:31.423+0800][57.249s][info][gc,phases   ] GC(1089)   Other: 0.1ms
[2025-07-30T16:38:31.423+0800][57.249s][info][gc,heap     ] GC(1089) Eden regions: 1018->0(1017)
[2025-07-30T16:38:31.423+0800][57.249s][info][gc,heap     ] GC(1089) Survivor regions: 146->146(146)
[2025-07-30T16:38:31.423+0800][57.249s][info][gc,heap     ] GC(1089) Old regions: 561->561
[2025-07-30T16:38:31.423+0800][57.249s][info][gc,heap     ] GC(1089) Humongous regions: 3->3
[2025-07-30T16:38:31.423+0800][57.249s][info][gc,metaspace] GC(1089) Metaspace: 7247K(7552K)->7247K(7552K) NonClass: 6522K(6656K)->6522K(6656K) Class: 725K(896K)->725K(896K)
[2025-07-30T16:38:31.423+0800][57.249s][info][gc          ] GC(1089) Pause Young (Normal) (G1 Evacuation Pause) 1726M->709M(2048M) 15.527ms
[2025-07-30T16:38:31.424+0800][57.249s][info][gc,cpu      ] GC(1089) User=0.02s Sys=0.00s Real=0.02s
[2025-07-30T16:38:31.424+0800][57.249s][info][safepoint   ] Safepoint "G1CollectForAllocation", Time since last: 37272200 ns, Reaching safepoint: 4200 ns, Cleanup: 4800 ns, At safepoint: 15577800 ns, Total: 15586800 ns
[2025-07-30T16:38:31.460+0800][57.285s][info][gc,start    ] GC(1090) Pause Young (Normal) (G1 Evacuation Pause)
[2025-07-30T16:38:31.460+0800][57.286s][info][gc,task     ] GC(1090) Using 1 workers of 1 for evacuation
[2025-07-30T16:38:31.476+0800][57.301s][info][gc,phases   ] GC(1090)   Pre Evacuate Collection Set: 0.3ms
[2025-07-30T16:38:31.476+0800][57.301s][info][gc,phases   ] GC(1090)   Merge Heap Roots: 0.1ms
[2025-07-30T16:38:31.476+0800][57.301s][info][gc,phases   ] GC(1090)   Evacuate Collection Set: 14.4ms
[2025-07-30T16:38:31.476+0800][57.301s][info][gc,phases   ] GC(1090)   Post Evacuate Collection Set: 0.6ms
[2025-07-30T16:38:31.476+0800][57.301s][info][gc,phases   ] GC(1090)   Other: 0.1ms
[2025-07-30T16:38:31.476+0800][57.301s][info][gc,heap     ] GC(1090) Eden regions: 1017->0(1019)
[2025-07-30T16:38:31.476+0800][57.301s][info][gc,heap     ] GC(1090) Survivor regions: 146->145(146)
[2025-07-30T16:38:31.476+0800][57.301s][info][gc,heap     ] GC(1090) Old regions: 561->561
[2025-07-30T16:38:31.476+0800][57.301s][info][gc,heap     ] GC(1090) Humongous regions: 3->3
[2025-07-30T16:38:31.476+0800][57.301s][info][gc,metaspace] GC(1090) Metaspace: 7247K(7552K)->7247K(7552K) NonClass: 6522K(6656K)->6522K(6656K) Class: 725K(896K)->725K(896K)
[2025-07-30T16:38:31.476+0800][57.301s][info][gc          ] GC(1090) Pause Young (Normal) (G1 Evacuation Pause) 1726M->708M(2048M) 15.725ms
[2025-07-30T16:38:31.476+0800][57.301s][info][gc,cpu      ] GC(1090) User=0.02s Sys=0.00s Real=0.02s
[2025-07-30T16:38:31.476+0800][57.301s][info][safepoint   ] Safepoint "G1CollectForAllocation", Time since last: 36552900 ns, Reaching safepoint: 2500 ns, Cleanup: 2800 ns, At safepoint: 15766400 ns, Total: 15771700 ns
[2025-07-30T16:38:31.512+0800][57.338s][info][gc,start    ] GC(1091) Pause Young (Normal) (G1 Evacuation Pause)
[2025-07-30T16:38:31.512+0800][57.338s][info][gc,task     ] GC(1091) Using 1 workers of 1 for evacuation
[2025-07-30T16:38:31.528+0800][57.354s][info][gc,phases   ] GC(1091)   Pre Evacuate Collection Set: 0.3ms
[2025-07-30T16:38:31.528+0800][57.354s][info][gc,phases   ] GC(1091)   Merge Heap Roots: 0.1ms
[2025-07-30T16:38:31.528+0800][57.354s][info][gc,phases   ] GC(1091)   Evacuate Collection Set: 14.8ms
[2025-07-30T16:38:31.528+0800][57.354s][info][gc,phases   ] GC(1091)   Post Evacuate Collection Set: 0.6ms
[2025-07-30T16:38:31.528+0800][57.354s][info][gc,phases   ] GC(1091)   Other: 0.1ms
[2025-07-30T16:38:31.529+0800][57.354s][info][gc,heap     ] GC(1091) Eden regions: 1019->0(1017)
[2025-07-30T16:38:31.529+0800][57.354s][info][gc,heap     ] GC(1091) Survivor regions: 145->146(146)
[2025-07-30T16:38:31.529+0800][57.354s][info][gc,heap     ] GC(1091) Old regions: 561->561
[2025-07-30T16:38:31.529+0800][57.354s][info][gc,heap     ] GC(1091) Humongous regions: 3->3
[2025-07-30T16:38:31.529+0800][57.354s][info][gc,metaspace] GC(1091) Metaspace: 7247K(7552K)->7247K(7552K) NonClass: 6522K(6656K)->6522K(6656K) Class: 725K(896K)->725K(896K)
[2025-07-30T16:38:31.529+0800][57.354s][info][gc          ] GC(1091) Pause Young (Normal) (G1 Evacuation Pause) 1727M->709M(2048M) 16.031ms
[2025-07-30T16:38:31.529+0800][57.354s][info][gc,cpu      ] GC(1091) User=0.02s Sys=0.00s Real=0.02s
[2025-07-30T16:38:31.529+0800][57.354s][info][safepoint   ] Safepoint "G1CollectForAllocation", Time since last: 36747300 ns, Reaching safepoint: 2800 ns, Cleanup: 3200 ns, At safepoint: 16076800 ns, Total: 16082800 ns
[2025-07-30T16:38:31.566+0800][57.392s][info][gc,start    ] GC(1092) Pause Young (Normal) (G1 Evacuation Pause)
[2025-07-30T16:38:31.566+0800][57.392s][info][gc,task     ] GC(1092) Using 1 workers of 1 for evacuation
[2025-07-30T16:38:31.582+0800][57.407s][info][gc,phases   ] GC(1092)   Pre Evacuate Collection Set: 0.4ms
[2025-07-30T16:38:31.582+0800][57.407s][info][gc,phases   ] GC(1092)   Merge Heap Roots: 0.1ms
[2025-07-30T16:38:31.582+0800][57.407s][info][gc,phases   ] GC(1092)   Evacuate Collection Set: 14.2ms
[2025-07-30T16:38:31.582+0800][57.407s][info][gc,phases   ] GC(1092)   Post Evacuate Collection Set: 0.7ms
[2025-07-30T16:38:31.582+0800][57.407s][info][gc,phases   ] GC(1092)   Other: 0.1ms
[2025-07-30T16:38:31.582+0800][57.407s][info][gc,heap     ] GC(1092) Eden regions: 1017->0(1019)
[2025-07-30T16:38:31.582+0800][57.407s][info][gc,heap     ] GC(1092) Survivor regions: 146->145(146)
[2025-07-30T16:38:31.582+0800][57.407s][info][gc,heap     ] GC(1092) Old regions: 561->561
[2025-07-30T16:38:31.582+0800][57.407s][info][gc,heap     ] GC(1092) Humongous regions: 3->3
[2025-07-30T16:38:31.582+0800][57.407s][info][gc,metaspace] GC(1092) Metaspace: 7247K(7552K)->7247K(7552K) NonClass: 6522K(6656K)->6522K(6656K) Class: 725K(896K)->725K(896K)
[2025-07-30T16:38:31.582+0800][57.407s][info][gc          ] GC(1092) Pause Young (Normal) (G1 Evacuation Pause) 1726M->708M(2048M) 15.592ms
[2025-07-30T16:38:31.582+0800][57.407s][info][gc,cpu      ] GC(1092) User=0.02s Sys=0.00s Real=0.02s
[2025-07-30T16:38:31.582+0800][57.407s][info][safepoint   ] Safepoint "G1CollectForAllocation", Time since last: 37771100 ns, Reaching safepoint: 4100 ns, Cleanup: 4500 ns, At safepoint: 15633300 ns, Total: 15641900 ns
[2025-07-30T16:38:31.621+0800][57.447s][info][gc,start    ] GC(1093) Pause Young (Normal) (G1 Evacuation Pause)
[2025-07-30T16:38:31.621+0800][57.447s][info][gc,task     ] GC(1093) Using 1 workers of 1 for evacuation
[2025-07-30T16:38:31.637+0800][57.463s][info][gc,phases   ] GC(1093)   Pre Evacuate Collection Set: 0.3ms
[2025-07-30T16:38:31.637+0800][57.463s][info][gc,phases   ] GC(1093)   Merge Heap Roots: 0.1ms
[2025-07-30T16:38:31.637+0800][57.463s][info][gc,phases   ] GC(1093)   Evacuate Collection Set: 15.1ms
[2025-07-30T16:38:31.637+0800][57.463s][info][gc,phases   ] GC(1093)   Post Evacuate Collection Set: 0.7ms
[2025-07-30T16:38:31.637+0800][57.463s][info][gc,phases   ] GC(1093)   Other: 0.1ms
[2025-07-30T16:38:31.637+0800][57.463s][info][gc,heap     ] GC(1093) Eden regions: 1019->0(1017)
[2025-07-30T16:38:31.637+0800][57.463s][info][gc,heap     ] GC(1093) Survivor regions: 145->146(146)
[2025-07-30T16:38:31.637+0800][57.463s][info][gc,heap     ] GC(1093) Old regions: 561->561
[2025-07-30T16:38:31.637+0800][57.463s][info][gc,heap     ] GC(1093) Humongous regions: 3->3
[2025-07-30T16:38:31.637+0800][57.463s][info][gc,metaspace] GC(1093) Metaspace: 7247K(7552K)->7247K(7552K) NonClass: 6522K(6656K)->6522K(6656K) Class: 725K(896K)->725K(896K)
[2025-07-30T16:38:31.637+0800][57.463s][info][gc          ] GC(1093) Pause Young (Normal) (G1 Evacuation Pause) 1727M->709M(2048M) 16.382ms
[2025-07-30T16:38:31.637+0800][57.463s][info][gc,cpu      ] GC(1093) User=0.02s Sys=0.00s Real=0.02s
[2025-07-30T16:38:31.637+0800][57.463s][info][safepoint   ] Safepoint "G1CollectForAllocation", Time since last: 39161200 ns, Reaching safepoint: 3300 ns, Cleanup: 3300 ns, At safepoint: 16421900 ns, Total: 16428500 ns
[2025-07-30T16:38:31.676+0800][57.502s][info][gc,start    ] GC(1094) Pause Young (Normal) (G1 Evacuation Pause)
[2025-07-30T16:38:31.676+0800][57.502s][info][gc,task     ] GC(1094) Using 1 workers of 1 for evacuation
[2025-07-30T16:38:31.693+0800][57.519s][info][gc,phases   ] GC(1094)   Pre Evacuate Collection Set: 0.5ms
[2025-07-30T16:38:31.693+0800][57.519s][info][gc,phases   ] GC(1094)   Merge Heap Roots: 0.1ms
[2025-07-30T16:38:31.693+0800][57.519s][info][gc,phases   ] GC(1094)   Evacuate Collection Set: 15.3ms
[2025-07-30T16:38:31.693+0800][57.519s][info][gc,phases   ] GC(1094)   Post Evacuate Collection Set: 0.7ms
[2025-07-30T16:38:31.693+0800][57.519s][info][gc,phases   ] GC(1094)   Other: 0.1ms
[2025-07-30T16:38:31.693+0800][57.519s][info][gc,heap     ] GC(1094) Eden regions: 1017->0(1017)
[2025-07-30T16:38:31.693+0800][57.519s][info][gc,heap     ] GC(1094) Survivor regions: 146->146(146)
[2025-07-30T16:38:31.693+0800][57.519s][info][gc,heap     ] GC(1094) Old regions: 561->561
[2025-07-30T16:38:31.693+0800][57.519s][info][gc,heap     ] GC(1094) Humongous regions: 3->3
[2025-07-30T16:38:31.693+0800][57.519s][info][gc,metaspace] GC(1094) Metaspace: 7247K(7552K)->7247K(7552K) NonClass: 6522K(6656K)->6522K(6656K) Class: 725K(896K)->725K(896K)
[2025-07-30T16:38:31.693+0800][57.519s][info][gc          ] GC(1094) Pause Young (Normal) (G1 Evacuation Pause) 1726M->708M(2048M) 16.899ms
[2025-07-30T16:38:31.693+0800][57.519s][info][gc,cpu      ] GC(1094) User=0.02s Sys=0.00s Real=0.02s
[2025-07-30T16:38:31.693+0800][57.519s][info][safepoint   ] Safepoint "G1CollectForAllocation", Time since last: 38693800 ns, Reaching safepoint: 4000 ns, Cleanup: 5600 ns, At safepoint: 16942500 ns, Total: 16952100 ns
[2025-07-30T16:38:31.731+0800][57.556s][info][gc,start    ] GC(1095) Pause Young (Normal) (G1 Evacuation Pause)
[2025-07-30T16:38:31.731+0800][57.556s][info][gc,task     ] GC(1095) Using 1 workers of 1 for evacuation
[2025-07-30T16:38:31.746+0800][57.571s][info][gc,phases   ] GC(1095)   Pre Evacuate Collection Set: 0.4ms
[2025-07-30T16:38:31.746+0800][57.571s][info][gc,phases   ] GC(1095)   Merge Heap Roots: 0.0ms
[2025-07-30T16:38:31.746+0800][57.571s][info][gc,phases   ] GC(1095)   Evacuate Collection Set: 14.0ms
[2025-07-30T16:38:31.746+0800][57.571s][info][gc,phases   ] GC(1095)   Post Evacuate Collection Set: 0.6ms
[2025-07-30T16:38:31.746+0800][57.571s][info][gc,phases   ] GC(1095)   Other: 0.1ms
[2025-07-30T16:38:31.746+0800][57.571s][info][gc,heap     ] GC(1095) Eden regions: 1017->0(1019)
[2025-07-30T16:38:31.746+0800][57.571s][info][gc,heap     ] GC(1095) Survivor regions: 146->145(146)
[2025-07-30T16:38:31.746+0800][57.571s][info][gc,heap     ] GC(1095) Old regions: 561->561
[2025-07-30T16:38:31.746+0800][57.571s][info][gc,heap     ] GC(1095) Humongous regions: 3->3
[2025-07-30T16:38:31.746+0800][57.571s][info][gc,metaspace] GC(1095) Metaspace: 7247K(7552K)->7247K(7552K) NonClass: 6522K(6656K)->6522K(6656K) Class: 725K(896K)->725K(896K)
[2025-07-30T16:38:31.746+0800][57.571s][info][gc          ] GC(1095) Pause Young (Normal) (G1 Evacuation Pause) 1725M->707M(2048M) 15.274ms
[2025-07-30T16:38:31.746+0800][57.571s][info][gc,cpu      ] GC(1095) User=0.00s Sys=0.02s Real=0.02s
[2025-07-30T16:38:31.746+0800][57.571s][info][safepoint   ] Safepoint "G1CollectForAllocation", Time since last: 36819400 ns, Reaching safepoint: 2800 ns, Cleanup: 2600 ns, At safepoint: 15314900 ns, Total: 15320300 ns
[2025-07-30T16:38:31.784+0800][57.609s][info][gc,start    ] GC(1096) Pause Young (Normal) (G1 Evacuation Pause)
[2025-07-30T16:38:31.784+0800][57.609s][info][gc,task     ] GC(1096) Using 1 workers of 1 for evacuation
[2025-07-30T16:38:31.800+0800][57.625s][info][gc,phases   ] GC(1096)   Pre Evacuate Collection Set: 0.4ms
[2025-07-30T16:38:31.800+0800][57.625s][info][gc,phases   ] GC(1096)   Merge Heap Roots: 0.1ms
[2025-07-30T16:38:31.800+0800][57.625s][info][gc,phases   ] GC(1096)   Evacuate Collection Set: 14.2ms
[2025-07-30T16:38:31.800+0800][57.625s][info][gc,phases   ] GC(1096)   Post Evacuate Collection Set: 0.7ms
[2025-07-30T16:38:31.800+0800][57.625s][info][gc,phases   ] GC(1096)   Other: 0.1ms
[2025-07-30T16:38:31.800+0800][57.625s][info][gc,heap     ] GC(1096) Eden regions: 1019->0(1018)
[2025-07-30T16:38:31.800+0800][57.625s][info][gc,heap     ] GC(1096) Survivor regions: 145->146(146)
[2025-07-30T16:38:31.800+0800][57.625s][info][gc,heap     ] GC(1096) Old regions: 561->561
[2025-07-30T16:38:31.800+0800][57.625s][info][gc,heap     ] GC(1096) Humongous regions: 3->3
[2025-07-30T16:38:31.800+0800][57.625s][info][gc,metaspace] GC(1096) Metaspace: 7247K(7552K)->7247K(7552K) NonClass: 6522K(6656K)->6522K(6656K) Class: 725K(896K)->725K(896K)
[2025-07-30T16:38:31.800+0800][57.625s][info][gc          ] GC(1096) Pause Young (Normal) (G1 Evacuation Pause) 1726M->708M(2048M) 15.545ms
[2025-07-30T16:38:31.800+0800][57.625s][info][gc,cpu      ] GC(1096) User=0.02s Sys=0.00s Real=0.02s
[2025-07-30T16:38:31.800+0800][57.625s][info][safepoint   ] Safepoint "G1CollectForAllocation", Time since last: 38373400 ns, Reaching safepoint: 2500 ns, Cleanup: 3300 ns, At safepoint: 15586000 ns, Total: 15591800 ns
[2025-07-30T16:38:31.838+0800][57.664s][info][gc,start    ] GC(1097) Pause Young (Normal) (G1 Evacuation Pause)
[2025-07-30T16:38:31.839+0800][57.664s][info][gc,task     ] GC(1097) Using 1 workers of 1 for evacuation
[2025-07-30T16:38:31.854+0800][57.680s][info][gc,phases   ] GC(1097)   Pre Evacuate Collection Set: 0.4ms
[2025-07-30T16:38:31.854+0800][57.680s][info][gc,phases   ] GC(1097)   Merge Heap Roots: 0.1ms
[2025-07-30T16:38:31.854+0800][57.680s][info][gc,phases   ] GC(1097)   Evacuate Collection Set: 14.7ms
[2025-07-30T16:38:31.854+0800][57.680s][info][gc,phases   ] GC(1097)   Post Evacuate Collection Set: 0.6ms
[2025-07-30T16:38:31.854+0800][57.680s][info][gc,phases   ] GC(1097)   Other: 0.1ms
[2025-07-30T16:38:31.854+0800][57.680s][info][gc,heap     ] GC(1097) Eden regions: 1018->0(1018)
[2025-07-30T16:38:31.854+0800][57.680s][info][gc,heap     ] GC(1097) Survivor regions: 146->146(146)
[2025-07-30T16:38:31.854+0800][57.680s][info][gc,heap     ] GC(1097) Old regions: 561->561
[2025-07-30T16:38:31.854+0800][57.680s][info][gc,heap     ] GC(1097) Humongous regions: 3->3
[2025-07-30T16:38:31.854+0800][57.680s][info][gc,metaspace] GC(1097) Metaspace: 7247K(7552K)->7247K(7552K) NonClass: 6522K(6656K)->6522K(6656K) Class: 725K(896K)->725K(896K)
[2025-07-30T16:38:31.854+0800][57.680s][info][gc          ] GC(1097) Pause Young (Normal) (G1 Evacuation Pause) 1726M->708M(2048M) 16.034ms
[2025-07-30T16:38:31.854+0800][57.680s][info][gc,cpu      ] GC(1097) User=0.02s Sys=0.00s Real=0.02s
[2025-07-30T16:38:31.855+0800][57.680s][info][safepoint   ] Safepoint "G1CollectForAllocation", Time since last: 38886000 ns, Reaching safepoint: 3200 ns, Cleanup: 3900 ns, At safepoint: 16075600 ns, Total: 16082700 ns
[2025-07-30T16:38:31.893+0800][57.718s][info][gc,start    ] GC(1098) Pause Young (Normal) (G1 Evacuation Pause)
[2025-07-30T16:38:31.893+0800][57.718s][info][gc,task     ] GC(1098) Using 1 workers of 1 for evacuation
[2025-07-30T16:38:31.909+0800][57.734s][info][gc,phases   ] GC(1098)   Pre Evacuate Collection Set: 0.3ms
[2025-07-30T16:38:31.909+0800][57.734s][info][gc,phases   ] GC(1098)   Merge Heap Roots: 0.1ms
[2025-07-30T16:38:31.909+0800][57.734s][info][gc,phases   ] GC(1098)   Evacuate Collection Set: 14.6ms
[2025-07-30T16:38:31.909+0800][57.734s][info][gc,phases   ] GC(1098)   Post Evacuate Collection Set: 0.8ms
[2025-07-30T16:38:31.909+0800][57.734s][info][gc,phases   ] GC(1098)   Other: 0.1ms
[2025-07-30T16:38:31.909+0800][57.734s][info][gc,heap     ] GC(1098) Eden regions: 1018->0(1017)
[2025-07-30T16:38:31.909+0800][57.734s][info][gc,heap     ] GC(1098) Survivor regions: 146->146(146)
[2025-07-30T16:38:31.909+0800][57.734s][info][gc,heap     ] GC(1098) Old regions: 561->561
[2025-07-30T16:38:31.909+0800][57.734s][info][gc,heap     ] GC(1098) Humongous regions: 3->3
[2025-07-30T16:38:31.909+0800][57.734s][info][gc,metaspace] GC(1098) Metaspace: 7247K(7552K)->7247K(7552K) NonClass: 6522K(6656K)->6522K(6656K) Class: 725K(896K)->725K(896K)
[2025-07-30T16:38:31.909+0800][57.734s][info][gc          ] GC(1098) Pause Young (Normal) (G1 Evacuation Pause) 1726M->709M(2048M) 16.041ms
[2025-07-30T16:38:31.909+0800][57.734s][info][gc,cpu      ] GC(1098) User=0.02s Sys=0.00s Real=0.02s
[2025-07-30T16:38:31.909+0800][57.734s][info][safepoint   ] Safepoint "G1CollectForAllocation", Time since last: 38189000 ns, Reaching safepoint: 2000 ns, Cleanup: 2900 ns, At safepoint: 16079000 ns, Total: 16083900 ns
[2025-07-30T16:38:31.948+0800][57.773s][info][gc,start    ] GC(1099) Pause Young (Normal) (G1 Evacuation Pause)
[2025-07-30T16:38:31.948+0800][57.773s][info][gc,task     ] GC(1099) Using 1 workers of 1 for evacuation
[2025-07-30T16:38:31.963+0800][57.789s][info][gc,phases   ] GC(1099)   Pre Evacuate Collection Set: 0.4ms
[2025-07-30T16:38:31.963+0800][57.789s][info][gc,phases   ] GC(1099)   Merge Heap Roots: 0.1ms
[2025-07-30T16:38:31.963+0800][57.789s][info][gc,phases   ] GC(1099)   Evacuate Collection Set: 14.6ms
[2025-07-30T16:38:31.963+0800][57.789s][info][gc,phases   ] GC(1099)   Post Evacuate Collection Set: 0.7ms
[2025-07-30T16:38:31.964+0800][57.789s][info][gc,phases   ] GC(1099)   Other: 0.1ms
[2025-07-30T16:38:31.964+0800][57.789s][info][gc,heap     ] GC(1099) Eden regions: 1017->0(1019)
[2025-07-30T16:38:31.964+0800][57.789s][info][gc,heap     ] GC(1099) Survivor regions: 146->145(146)
[2025-07-30T16:38:31.964+0800][57.789s][info][gc,heap     ] GC(1099) Old regions: 561->561
[2025-07-30T16:38:31.964+0800][57.789s][info][gc,heap     ] GC(1099) Humongous regions: 3->3
[2025-07-30T16:38:31.964+0800][57.789s][info][gc,metaspace] GC(1099) Metaspace: 7247K(7552K)->7247K(7552K) NonClass: 6522K(6656K)->6522K(6656K) Class: 725K(896K)->725K(896K)
[2025-07-30T16:38:31.964+0800][57.789s][info][gc          ] GC(1099) Pause Young (Normal) (G1 Evacuation Pause) 1726M->708M(2048M) 15.980ms
[2025-07-30T16:38:31.964+0800][57.789s][info][gc,cpu      ] GC(1099) User=0.02s Sys=0.00s Real=0.02s
[2025-07-30T16:38:31.964+0800][57.789s][info][safepoint   ] Safepoint "G1CollectForAllocation", Time since last: 39244000 ns, Reaching safepoint: 3000 ns, Cleanup: 3700 ns, At safepoint: 16022900 ns, Total: 16029600 ns
[2025-07-30T16:38:32.000+0800][57.826s][info][gc,start    ] GC(1100) Pause Young (Normal) (G1 Evacuation Pause)
[2025-07-30T16:38:32.000+0800][57.826s][info][gc,task     ] GC(1100) Using 1 workers of 1 for evacuation
[2025-07-30T16:38:32.016+0800][57.842s][info][gc,phases   ] GC(1100)   Pre Evacuate Collection Set: 0.4ms
[2025-07-30T16:38:32.016+0800][57.842s][info][gc,phases   ] GC(1100)   Merge Heap Roots: 0.1ms
[2025-07-30T16:38:32.016+0800][57.842s][info][gc,phases   ] GC(1100)   Evacuate Collection Set: 14.3ms
[2025-07-30T16:38:32.016+0800][57.842s][info][gc,phases   ] GC(1100)   Post Evacuate Collection Set: 0.7ms
[2025-07-30T16:38:32.016+0800][57.842s][info][gc,phases   ] GC(1100)   Other: 0.1ms
[2025-07-30T16:38:32.016+0800][57.842s][info][gc,heap     ] GC(1100) Eden regions: 1019->0(1017)
[2025-07-30T16:38:32.016+0800][57.842s][info][gc,heap     ] GC(1100) Survivor regions: 145->146(146)
[2025-07-30T16:38:32.016+0800][57.842s][info][gc,heap     ] GC(1100) Old regions: 561->561
[2025-07-30T16:38:32.016+0800][57.842s][info][gc,heap     ] GC(1100) Humongous regions: 3->3
[2025-07-30T16:38:32.016+0800][57.842s][info][gc,metaspace] GC(1100) Metaspace: 7247K(7552K)->7247K(7552K) NonClass: 6522K(6656K)->6522K(6656K) Class: 725K(896K)->725K(896K)
[2025-07-30T16:38:32.016+0800][57.842s][info][gc          ] GC(1100) Pause Young (Normal) (G1 Evacuation Pause) 1727M->709M(2048M) 15.756ms
[2025-07-30T16:38:32.016+0800][57.842s][info][gc,cpu      ] GC(1100) User=0.02s Sys=0.00s Real=0.02s
[2025-07-30T16:38:32.016+0800][57.842s][info][safepoint   ] Safepoint "G1CollectForAllocation", Time since last: 36756000 ns, Reaching safepoint: 3300 ns, Cleanup: 4200 ns, At safepoint: 15799100 ns, Total: 15806600 ns
[2025-07-30T16:38:32.059+0800][57.885s][info][gc,start    ] GC(1101) Pause Young (Normal) (G1 Evacuation Pause)
[2025-07-30T16:38:32.059+0800][57.885s][info][gc,task     ] GC(1101) Using 1 workers of 1 for evacuation
[2025-07-30T16:38:32.075+0800][57.901s][info][gc,phases   ] GC(1101)   Pre Evacuate Collection Set: 0.4ms
[2025-07-30T16:38:32.075+0800][57.901s][info][gc,phases   ] GC(1101)   Merge Heap Roots: 0.1ms
[2025-07-30T16:38:32.075+0800][57.901s][info][gc,phases   ] GC(1101)   Evacuate Collection Set: 14.4ms
[2025-07-30T16:38:32.075+0800][57.901s][info][gc,phases   ] GC(1101)   Post Evacuate Collection Set: 0.7ms
[2025-07-30T16:38:32.075+0800][57.901s][info][gc,phases   ] GC(1101)   Other: 0.1ms
[2025-07-30T16:38:32.075+0800][57.901s][info][gc,heap     ] GC(1101) Eden regions: 1017->0(1019)
[2025-07-30T16:38:32.075+0800][57.901s][info][gc,heap     ] GC(1101) Survivor regions: 146->145(146)
[2025-07-30T16:38:32.075+0800][57.901s][info][gc,heap     ] GC(1101) Old regions: 561->561
[2025-07-30T16:38:32.075+0800][57.901s][info][gc,heap     ] GC(1101) Humongous regions: 3->3
[2025-07-30T16:38:32.075+0800][57.901s][info][gc,metaspace] GC(1101) Metaspace: 7247K(7552K)->7247K(7552K) NonClass: 6522K(6656K)->6522K(6656K) Class: 725K(896K)->725K(896K)
[2025-07-30T16:38:32.075+0800][57.901s][info][gc          ] GC(1101) Pause Young (Normal) (G1 Evacuation Pause) 1726M->708M(2048M) 15.829ms
[2025-07-30T16:38:32.075+0800][57.901s][info][gc,cpu      ] GC(1101) User=0.02s Sys=0.00s Real=0.02s
[2025-07-30T16:38:32.075+0800][57.901s][info][safepoint   ] Safepoint "G1CollectForAllocation", Time since last: 43159600 ns, Reaching safepoint: 2700 ns, Cleanup: 3300 ns, At safepoint: 15876700 ns, Total: 15882700 ns
[2025-07-30T16:38:32.113+0800][57.938s][info][gc,start    ] GC(1102) Pause Young (Normal) (G1 Evacuation Pause)
[2025-07-30T16:38:32.113+0800][57.938s][info][gc,task     ] GC(1102) Using 1 workers of 1 for evacuation
[2025-07-30T16:38:32.130+0800][57.955s][info][gc,phases   ] GC(1102)   Pre Evacuate Collection Set: 0.4ms
[2025-07-30T16:38:32.130+0800][57.955s][info][gc,phases   ] GC(1102)   Merge Heap Roots: 0.1ms
[2025-07-30T16:38:32.130+0800][57.955s][info][gc,phases   ] GC(1102)   Evacuate Collection Set: 15.7ms
[2025-07-30T16:38:32.130+0800][57.955s][info][gc,phases   ] GC(1102)   Post Evacuate Collection Set: 0.7ms
[2025-07-30T16:38:32.130+0800][57.955s][info][gc,phases   ] GC(1102)   Other: 0.1ms
[2025-07-30T16:38:32.130+0800][57.955s][info][gc,heap     ] GC(1102) Eden regions: 1019->0(1017)
[2025-07-30T16:38:32.130+0800][57.955s][info][gc,heap     ] GC(1102) Survivor regions: 145->146(146)
[2025-07-30T16:38:32.130+0800][57.955s][info][gc,heap     ] GC(1102) Old regions: 561->561
[2025-07-30T16:38:32.130+0800][57.955s][info][gc,heap     ] GC(1102) Humongous regions: 3->3
[2025-07-30T16:38:32.130+0800][57.955s][info][gc,metaspace] GC(1102) Metaspace: 7247K(7552K)->7247K(7552K) NonClass: 6522K(6656K)->6522K(6656K) Class: 725K(896K)->725K(896K)
[2025-07-30T16:38:32.130+0800][57.955s][info][gc          ] GC(1102) Pause Young (Normal) (G1 Evacuation Pause) 1727M->709M(2048M) 17.156ms
[2025-07-30T16:38:32.130+0800][57.955s][info][gc,cpu      ] GC(1102) User=0.02s Sys=0.00s Real=0.02s
[2025-07-30T16:38:32.130+0800][57.955s][info][safepoint   ] Safepoint "G1CollectForAllocation", Time since last: 37169400 ns, Reaching safepoint: 3600 ns, Cleanup: 4500 ns, At safepoint: 17196100 ns, Total: 17204200 ns
[2025-07-30T16:38:32.169+0800][57.994s][info][gc,start    ] GC(1103) Pause Young (Normal) (G1 Evacuation Pause)
[2025-07-30T16:38:32.169+0800][57.994s][info][gc,task     ] GC(1103) Using 1 workers of 1 for evacuation
[2025-07-30T16:38:32.185+0800][58.010s][info][gc,phases   ] GC(1103)   Pre Evacuate Collection Set: 0.5ms
[2025-07-30T16:38:32.185+0800][58.010s][info][gc,phases   ] GC(1103)   Merge Heap Roots: 0.1ms
[2025-07-30T16:38:32.185+0800][58.010s][info][gc,phases   ] GC(1103)   Evacuate Collection Set: 14.7ms
[2025-07-30T16:38:32.185+0800][58.010s][info][gc,phases   ] GC(1103)   Post Evacuate Collection Set: 0.7ms
[2025-07-30T16:38:32.185+0800][58.010s][info][gc,phases   ] GC(1103)   Other: 0.1ms
[2025-07-30T16:38:32.185+0800][58.010s][info][gc,heap     ] GC(1103) Eden regions: 1017->0(1017)
[2025-07-30T16:38:32.185+0800][58.010s][info][gc,heap     ] GC(1103) Survivor regions: 146->146(146)
[2025-07-30T16:38:32.185+0800][58.010s][info][gc,heap     ] GC(1103) Old regions: 561->561
[2025-07-30T16:38:32.185+0800][58.010s][info][gc,heap     ] GC(1103) Humongous regions: 3->3
[2025-07-30T16:38:32.185+0800][58.010s][info][gc,metaspace] GC(1103) Metaspace: 7247K(7552K)->7247K(7552K) NonClass: 6522K(6656K)->6522K(6656K) Class: 725K(896K)->725K(896K)
[2025-07-30T16:38:32.185+0800][58.010s][info][gc          ] GC(1103) Pause Young (Normal) (G1 Evacuation Pause) 1726M->708M(2048M) 16.233ms
[2025-07-30T16:38:32.185+0800][58.010s][info][gc,cpu      ] GC(1103) User=0.02s Sys=0.02s Real=0.02s
[2025-07-30T16:38:32.185+0800][58.010s][info][safepoint   ] Safepoint "G1CollectForAllocation", Time since last: 38845900 ns, Reaching safepoint: 3400 ns, Cleanup: 3700 ns, At safepoint: 16273100 ns, Total: 16280200 ns
[2025-07-30T16:38:32.223+0800][58.049s][info][gc,start    ] GC(1104) Pause Young (Normal) (G1 Evacuation Pause)
[2025-07-30T16:38:32.223+0800][58.049s][info][gc,task     ] GC(1104) Using 1 workers of 1 for evacuation
[2025-07-30T16:38:32.239+0800][58.065s][info][gc,phases   ] GC(1104)   Pre Evacuate Collection Set: 0.4ms
[2025-07-30T16:38:32.239+0800][58.065s][info][gc,phases   ] GC(1104)   Merge Heap Roots: 0.1ms
[2025-07-30T16:38:32.239+0800][58.065s][info][gc,phases   ] GC(1104)   Evacuate Collection Set: 14.6ms
[2025-07-30T16:38:32.239+0800][58.065s][info][gc,phases   ] GC(1104)   Post Evacuate Collection Set: 0.7ms
[2025-07-30T16:38:32.239+0800][58.065s][info][gc,phases   ] GC(1104)   Other: 0.1ms
[2025-07-30T16:38:32.239+0800][58.065s][info][gc,heap     ] GC(1104) Eden regions: 1017->0(1019)
[2025-07-30T16:38:32.239+0800][58.065s][info][gc,heap     ] GC(1104) Survivor regions: 146->145(146)
[2025-07-30T16:38:32.239+0800][58.065s][info][gc,heap     ] GC(1104) Old regions: 561->561
[2025-07-30T16:38:32.239+0800][58.065s][info][gc,heap     ] GC(1104) Humongous regions: 3->3
[2025-07-30T16:38:32.239+0800][58.065s][info][gc,metaspace] GC(1104) Metaspace: 7247K(7552K)->7247K(7552K) NonClass: 6522K(6656K)->6522K(6656K) Class: 725K(896K)->725K(896K)
[2025-07-30T16:38:32.239+0800][58.065s][info][gc          ] GC(1104) Pause Young (Normal) (G1 Evacuation Pause) 1725M->707M(2048M) 16.005ms
[2025-07-30T16:38:32.239+0800][58.065s][info][gc,cpu      ] GC(1104) User=0.02s Sys=0.00s Real=0.02s
[2025-07-30T16:38:32.239+0800][58.065s][info][safepoint   ] Safepoint "G1CollectForAllocation", Time since last: 38285400 ns, Reaching safepoint: 3500 ns, Cleanup: 3400 ns, At safepoint: 16047700 ns, Total: 16054600 ns
[2025-07-30T16:38:32.277+0800][58.102s][info][gc,start    ] GC(1105) Pause Young (Normal) (G1 Evacuation Pause)
[2025-07-30T16:38:32.277+0800][58.103s][info][gc,task     ] GC(1105) Using 1 workers of 1 for evacuation
[2025-07-30T16:38:32.292+0800][58.118s][info][gc,phases   ] GC(1105)   Pre Evacuate Collection Set: 0.4ms
[2025-07-30T16:38:32.292+0800][58.118s][info][gc,phases   ] GC(1105)   Merge Heap Roots: 0.1ms
[2025-07-30T16:38:32.292+0800][58.118s][info][gc,phases   ] GC(1105)   Evacuate Collection Set: 14.0ms
[2025-07-30T16:38:32.292+0800][58.118s][info][gc,phases   ] GC(1105)   Post Evacuate Collection Set: 0.7ms
[2025-07-30T16:38:32.292+0800][58.118s][info][gc,phases   ] GC(1105)   Other: 0.1ms
[2025-07-30T16:38:32.292+0800][58.118s][info][gc,heap     ] GC(1105) Eden regions: 1019->0(1018)
[2025-07-30T16:38:32.292+0800][58.118s][info][gc,heap     ] GC(1105) Survivor regions: 145->146(146)
[2025-07-30T16:38:32.292+0800][58.118s][info][gc,heap     ] GC(1105) Old regions: 561->561
[2025-07-30T16:38:32.292+0800][58.118s][info][gc,heap     ] GC(1105) Humongous regions: 3->3
[2025-07-30T16:38:32.292+0800][58.118s][info][gc,metaspace] GC(1105) Metaspace: 7247K(7552K)->7247K(7552K) NonClass: 6522K(6656K)->6522K(6656K) Class: 725K(896K)->725K(896K)
[2025-07-30T16:38:32.292+0800][58.118s][info][gc          ] GC(1105) Pause Young (Normal) (G1 Evacuation Pause) 1726M->708M(2048M) 15.445ms
[2025-07-30T16:38:32.292+0800][58.118s][info][gc,cpu      ] GC(1105) User=0.02s Sys=0.00s Real=0.02s
[2025-07-30T16:38:32.292+0800][58.118s][info][safepoint   ] Safepoint "G1CollectForAllocation", Time since last: 37704200 ns, Reaching safepoint: 4000 ns, Cleanup: 4700 ns, At safepoint: 15490000 ns, Total: 15498700 ns
[2025-07-30T16:38:32.329+0800][58.155s][info][gc,start    ] GC(1106) Pause Young (Normal) (G1 Evacuation Pause)
[2025-07-30T16:38:32.329+0800][58.155s][info][gc,task     ] GC(1106) Using 1 workers of 1 for evacuation
[2025-07-30T16:38:32.345+0800][58.170s][info][gc,phases   ] GC(1106)   Pre Evacuate Collection Set: 0.5ms
[2025-07-30T16:38:32.345+0800][58.170s][info][gc,phases   ] GC(1106)   Merge Heap Roots: 0.1ms
[2025-07-30T16:38:32.345+0800][58.171s][info][gc,phases   ] GC(1106)   Evacuate Collection Set: 14.1ms
[2025-07-30T16:38:32.345+0800][58.171s][info][gc,phases   ] GC(1106)   Post Evacuate Collection Set: 0.7ms
[2025-07-30T16:38:32.345+0800][58.171s][info][gc,phases   ] GC(1106)   Other: 0.1ms
[2025-07-30T16:38:32.345+0800][58.171s][info][gc,heap     ] GC(1106) Eden regions: 1018->0(1018)
[2025-07-30T16:38:32.345+0800][58.171s][info][gc,heap     ] GC(1106) Survivor regions: 146->146(146)
[2025-07-30T16:38:32.345+0800][58.171s][info][gc,heap     ] GC(1106) Old regions: 561->561
[2025-07-30T16:38:32.345+0800][58.171s][info][gc,heap     ] GC(1106) Humongous regions: 3->3
[2025-07-30T16:38:32.345+0800][58.171s][info][gc,metaspace] GC(1106) Metaspace: 7247K(7552K)->7247K(7552K) NonClass: 6522K(6656K)->6522K(6656K) Class: 725K(896K)->725K(896K)
[2025-07-30T16:38:32.345+0800][58.171s][info][gc          ] GC(1106) Pause Young (Normal) (G1 Evacuation Pause) 1726M->708M(2048M) 15.618ms
[2025-07-30T16:38:32.345+0800][58.171s][info][gc,cpu      ] GC(1106) User=0.02s Sys=0.00s Real=0.02s
[2025-07-30T16:38:32.345+0800][58.171s][info][safepoint   ] Safepoint "G1CollectForAllocation", Time since last: 36995200 ns, Reaching safepoint: 3900 ns, Cleanup: 5200 ns, At safepoint: 15665000 ns, Total: 15674100 ns
[2025-07-30T16:38:32.382+0800][58.208s][info][gc,start    ] GC(1107) Pause Young (Normal) (G1 Evacuation Pause)
[2025-07-30T16:38:32.382+0800][58.208s][info][gc,task     ] GC(1107) Using 1 workers of 1 for evacuation
[2025-07-30T16:38:32.398+0800][58.223s][info][gc,phases   ] GC(1107)   Pre Evacuate Collection Set: 0.4ms
[2025-07-30T16:38:32.398+0800][58.223s][info][gc,phases   ] GC(1107)   Merge Heap Roots: 0.1ms
[2025-07-30T16:38:32.398+0800][58.223s][info][gc,phases   ] GC(1107)   Evacuate Collection Set: 14.1ms
[2025-07-30T16:38:32.398+0800][58.223s][info][gc,phases   ] GC(1107)   Post Evacuate Collection Set: 0.7ms
[2025-07-30T16:38:32.398+0800][58.223s][info][gc,phases   ] GC(1107)   Other: 0.1ms
[2025-07-30T16:38:32.398+0800][58.223s][info][gc,heap     ] GC(1107) Eden regions: 1018->0(1018)
[2025-07-30T16:38:32.398+0800][58.223s][info][gc,heap     ] GC(1107) Survivor regions: 146->146(146)
[2025-07-30T16:38:32.398+0800][58.223s][info][gc,heap     ] GC(1107) Old regions: 561->561
[2025-07-30T16:38:32.398+0800][58.223s][info][gc,heap     ] GC(1107) Humongous regions: 3->3
[2025-07-30T16:38:32.398+0800][58.223s][info][gc,metaspace] GC(1107) Metaspace: 7247K(7552K)->7247K(7552K) NonClass: 6522K(6656K)->6522K(6656K) Class: 725K(896K)->725K(896K)
[2025-07-30T16:38:32.398+0800][58.223s][info][gc          ] GC(1107) Pause Young (Normal) (G1 Evacuation Pause) 1726M->708M(2048M) 15.532ms
[2025-07-30T16:38:32.398+0800][58.223s][info][gc,cpu      ] GC(1107) User=0.02s Sys=0.00s Real=0.02s
[2025-07-30T16:38:32.398+0800][58.223s][info][safepoint   ] Safepoint "G1CollectForAllocation", Time since last: 36993700 ns, Reaching safepoint: 2900 ns, Cleanup: 3400 ns, At safepoint: 15573400 ns, Total: 15579700 ns
[2025-07-30T16:38:32.434+0800][58.260s][info][gc,start    ] GC(1108) Pause Young (Normal) (G1 Evacuation Pause)
[2025-07-30T16:38:32.434+0800][58.260s][info][gc,task     ] GC(1108) Using 1 workers of 1 for evacuation
[2025-07-30T16:38:32.449+0800][58.275s][info][gc,phases   ] GC(1108)   Pre Evacuate Collection Set: 0.3ms
[2025-07-30T16:38:32.449+0800][58.275s][info][gc,phases   ] GC(1108)   Merge Heap Roots: 0.1ms
[2025-07-30T16:38:32.449+0800][58.275s][info][gc,phases   ] GC(1108)   Evacuate Collection Set: 14.0ms
[2025-07-30T16:38:32.449+0800][58.275s][info][gc,phases   ] GC(1108)   Post Evacuate Collection Set: 0.6ms
[2025-07-30T16:38:32.449+0800][58.275s][info][gc,phases   ] GC(1108)   Other: 0.1ms
[2025-07-30T16:38:32.449+0800][58.275s][info][gc,heap     ] GC(1108) Eden regions: 1018->0(1017)
[2025-07-30T16:38:32.449+0800][58.275s][info][gc,heap     ] GC(1108) Survivor regions: 146->146(146)
[2025-07-30T16:38:32.449+0800][58.275s][info][gc,heap     ] GC(1108) Old regions: 561->561
[2025-07-30T16:38:32.449+0800][58.275s][info][gc,heap     ] GC(1108) Humongous regions: 3->3
[2025-07-30T16:38:32.449+0800][58.275s][info][gc,metaspace] GC(1108) Metaspace: 7247K(7552K)->7247K(7552K) NonClass: 6522K(6656K)->6522K(6656K) Class: 725K(896K)->725K(896K)
[2025-07-30T16:38:32.449+0800][58.275s][info][gc          ] GC(1108) Pause Young (Normal) (G1 Evacuation Pause) 1726M->709M(2048M) 15.206ms
[2025-07-30T16:38:32.449+0800][58.275s][info][gc,cpu      ] GC(1108) User=0.02s Sys=0.00s Real=0.01s
[2025-07-30T16:38:32.450+0800][58.275s][info][safepoint   ] Safepoint "G1CollectForAllocation", Time since last: 36361500 ns, Reaching safepoint: 2900 ns, Cleanup: 3300 ns, At safepoint: 15250700 ns, Total: 15256900 ns
[2025-07-30T16:38:32.486+0800][58.311s][info][gc,start    ] GC(1109) Pause Young (Normal) (G1 Evacuation Pause)
[2025-07-30T16:38:32.486+0800][58.311s][info][gc,task     ] GC(1109) Using 1 workers of 1 for evacuation
[2025-07-30T16:38:32.500+0800][58.326s][info][gc,phases   ] GC(1109)   Pre Evacuate Collection Set: 0.3ms
[2025-07-30T16:38:32.500+0800][58.326s][info][gc,phases   ] GC(1109)   Merge Heap Roots: 0.0ms
[2025-07-30T16:38:32.500+0800][58.326s][info][gc,phases   ] GC(1109)   Evacuate Collection Set: 14.1ms
[2025-07-30T16:38:32.500+0800][58.326s][info][gc,phases   ] GC(1109)   Post Evacuate Collection Set: 0.6ms
[2025-07-30T16:38:32.500+0800][58.326s][info][gc,phases   ] GC(1109)   Other: 0.1ms
[2025-07-30T16:38:32.500+0800][58.326s][info][gc,heap     ] GC(1109) Eden regions: 1017->0(1019)
[2025-07-30T16:38:32.500+0800][58.326s][info][gc,heap     ] GC(1109) Survivor regions: 146->145(146)
[2025-07-30T16:38:32.500+0800][58.326s][info][gc,heap     ] GC(1109) Old regions: 561->561
[2025-07-30T16:38:32.500+0800][58.326s][info][gc,heap     ] GC(1109) Humongous regions: 3->3
[2025-07-30T16:38:32.500+0800][58.326s][info][gc,metaspace] GC(1109) Metaspace: 7247K(7552K)->7247K(7552K) NonClass: 6522K(6656K)->6522K(6656K) Class: 725K(896K)->725K(896K)
[2025-07-30T16:38:32.500+0800][58.326s][info][gc          ] GC(1109) Pause Young (Normal) (G1 Evacuation Pause) 1726M->708M(2048M) 15.298ms
[2025-07-30T16:38:32.500+0800][58.326s][info][gc,cpu      ] GC(1109) User=0.02s Sys=0.00s Real=0.01s
[2025-07-30T16:38:32.500+0800][58.326s][info][safepoint   ] Safepoint "G1CollectForAllocation", Time since last: 36183300 ns, Reaching safepoint: 1900 ns, Cleanup: 2900 ns, At safepoint: 15335500 ns, Total: 15340300 ns
[2025-07-30T16:38:32.538+0800][58.363s][info][gc,start    ] GC(1110) Pause Young (Normal) (G1 Evacuation Pause)
[2025-07-30T16:38:32.538+0800][58.363s][info][gc,task     ] GC(1110) Using 1 workers of 1 for evacuation
[2025-07-30T16:38:32.553+0800][58.378s][info][gc,phases   ] GC(1110)   Pre Evacuate Collection Set: 0.3ms
[2025-07-30T16:38:32.553+0800][58.378s][info][gc,phases   ] GC(1110)   Merge Heap Roots: 0.0ms
[2025-07-30T16:38:32.553+0800][58.378s][info][gc,phases   ] GC(1110)   Evacuate Collection Set: 13.9ms
[2025-07-30T16:38:32.553+0800][58.378s][info][gc,phases   ] GC(1110)   Post Evacuate Collection Set: 0.6ms
[2025-07-30T16:38:32.553+0800][58.378s][info][gc,phases   ] GC(1110)   Other: 0.1ms
[2025-07-30T16:38:32.553+0800][58.378s][info][gc,heap     ] GC(1110) Eden regions: 1019->0(1017)
[2025-07-30T16:38:32.553+0800][58.378s][info][gc,heap     ] GC(1110) Survivor regions: 145->146(146)
[2025-07-30T16:38:32.553+0800][58.378s][info][gc,heap     ] GC(1110) Old regions: 561->561
[2025-07-30T16:38:32.553+0800][58.378s][info][gc,heap     ] GC(1110) Humongous regions: 3->3
[2025-07-30T16:38:32.553+0800][58.378s][info][gc,metaspace] GC(1110) Metaspace: 7247K(7552K)->7247K(7552K) NonClass: 6522K(6656K)->6522K(6656K) Class: 725K(896K)->725K(896K)
[2025-07-30T16:38:32.553+0800][58.378s][info][gc          ] GC(1110) Pause Young (Normal) (G1 Evacuation Pause) 1727M->709M(2048M) 15.053ms
[2025-07-30T16:38:32.553+0800][58.378s][info][gc,cpu      ] GC(1110) User=0.02s Sys=0.00s Real=0.01s
[2025-07-30T16:38:32.553+0800][58.378s][info][safepoint   ] Safepoint "G1CollectForAllocation", Time since last: 36523400 ns, Reaching safepoint: 1700 ns, Cleanup: 2700 ns, At safepoint: 15093400 ns, Total: 15097800 ns
[2025-07-30T16:38:32.591+0800][58.416s][info][gc,start    ] GC(1111) Pause Young (Normal) (G1 Evacuation Pause)
[2025-07-30T16:38:32.591+0800][58.416s][info][gc,task     ] GC(1111) Using 1 workers of 1 for evacuation
[2025-07-30T16:38:32.605+0800][58.431s][info][gc,phases   ] GC(1111)   Pre Evacuate Collection Set: 0.3ms
[2025-07-30T16:38:32.605+0800][58.431s][info][gc,phases   ] GC(1111)   Merge Heap Roots: 0.0ms
[2025-07-30T16:38:32.605+0800][58.431s][info][gc,phases   ] GC(1111)   Evacuate Collection Set: 13.8ms
[2025-07-30T16:38:32.605+0800][58.431s][info][gc,phases   ] GC(1111)   Post Evacuate Collection Set: 0.6ms
[2025-07-30T16:38:32.605+0800][58.431s][info][gc,phases   ] GC(1111)   Other: 0.1ms
[2025-07-30T16:38:32.605+0800][58.431s][info][gc,heap     ] GC(1111) Eden regions: 1017->0(1019)
[2025-07-30T16:38:32.605+0800][58.431s][info][gc,heap     ] GC(1111) Survivor regions: 146->145(146)
[2025-07-30T16:38:32.605+0800][58.431s][info][gc,heap     ] GC(1111) Old regions: 561->561
[2025-07-30T16:38:32.605+0800][58.431s][info][gc,heap     ] GC(1111) Humongous regions: 3->3
[2025-07-30T16:38:32.605+0800][58.431s][info][gc,metaspace] GC(1111) Metaspace: 7247K(7552K)->7247K(7552K) NonClass: 6522K(6656K)->6522K(6656K) Class: 725K(896K)->725K(896K)
[2025-07-30T16:38:32.605+0800][58.431s][info][gc          ] GC(1111) Pause Young (Normal) (G1 Evacuation Pause) 1726M->708M(2048M) 14.986ms
[2025-07-30T16:38:32.606+0800][58.431s][info][gc,cpu      ] GC(1111) User=0.02s Sys=0.00s Real=0.01s
[2025-07-30T16:38:32.606+0800][58.431s][info][safepoint   ] Safepoint "G1CollectForAllocation", Time since last: 38060300 ns, Reaching safepoint: 2400 ns, Cleanup: 2800 ns, At safepoint: 15024700 ns, Total: 15029900 ns
[2025-07-30T16:38:32.644+0800][58.469s][info][gc,start    ] GC(1112) Pause Young (Normal) (G1 Evacuation Pause)
[2025-07-30T16:38:32.644+0800][58.469s][info][gc,task     ] GC(1112) Using 1 workers of 1 for evacuation
[2025-07-30T16:38:32.658+0800][58.484s][info][gc,phases   ] GC(1112)   Pre Evacuate Collection Set: 0.4ms
[2025-07-30T16:38:32.658+0800][58.484s][info][gc,phases   ] GC(1112)   Merge Heap Roots: 0.1ms
[2025-07-30T16:38:32.658+0800][58.484s][info][gc,phases   ] GC(1112)   Evacuate Collection Set: 13.7ms
[2025-07-30T16:38:32.658+0800][58.484s][info][gc,phases   ] GC(1112)   Post Evacuate Collection Set: 0.7ms
[2025-07-30T16:38:32.658+0800][58.484s][info][gc,phases   ] GC(1112)   Other: 0.1ms
[2025-07-30T16:38:32.658+0800][58.484s][info][gc,heap     ] GC(1112) Eden regions: 1019->0(1017)
[2025-07-30T16:38:32.658+0800][58.484s][info][gc,heap     ] GC(1112) Survivor regions: 145->146(146)
[2025-07-30T16:38:32.658+0800][58.484s][info][gc,heap     ] GC(1112) Old regions: 561->561
[2025-07-30T16:38:32.658+0800][58.484s][info][gc,heap     ] GC(1112) Humongous regions: 3->3
[2025-07-30T16:38:32.658+0800][58.484s][info][gc,metaspace] GC(1112) Metaspace: 7247K(7552K)->7247K(7552K) NonClass: 6522K(6656K)->6522K(6656K) Class: 725K(896K)->725K(896K)
[2025-07-30T16:38:32.658+0800][58.484s][info][gc          ] GC(1112) Pause Young (Normal) (G1 Evacuation Pause) 1727M->709M(2048M) 15.277ms
[2025-07-30T16:38:32.658+0800][58.484s][info][gc,cpu      ] GC(1112) User=0.02s Sys=0.00s Real=0.01s
[2025-07-30T16:38:32.658+0800][58.484s][info][safepoint   ] Safepoint "G1CollectForAllocation", Time since last: 37664700 ns, Reaching safepoint: 4300 ns, Cleanup: 5000 ns, At safepoint: 15322500 ns, Total: 15331800 ns
[2025-07-30T16:38:32.699+0800][58.524s][info][gc,start    ] GC(1113) Pause Young (Normal) (G1 Evacuation Pause)
[2025-07-30T16:38:32.699+0800][58.524s][info][gc,task     ] GC(1113) Using 1 workers of 1 for evacuation
[2025-07-30T16:38:32.715+0800][58.540s][info][gc,phases   ] GC(1113)   Pre Evacuate Collection Set: 0.4ms
[2025-07-30T16:38:32.715+0800][58.540s][info][gc,phases   ] GC(1113)   Merge Heap Roots: 0.1ms
[2025-07-30T16:38:32.715+0800][58.540s][info][gc,phases   ] GC(1113)   Evacuate Collection Set: 14.3ms
[2025-07-30T16:38:32.715+0800][58.540s][info][gc,phases   ] GC(1113)   Post Evacuate Collection Set: 0.7ms
[2025-07-30T16:38:32.715+0800][58.540s][info][gc,phases   ] GC(1113)   Other: 0.1ms
[2025-07-30T16:38:32.715+0800][58.540s][info][gc,heap     ] GC(1113) Eden regions: 1017->0(1017)
[2025-07-30T16:38:32.715+0800][58.540s][info][gc,heap     ] GC(1113) Survivor regions: 146->146(146)
[2025-07-30T16:38:32.715+0800][58.540s][info][gc,heap     ] GC(1113) Old regions: 561->561
[2025-07-30T16:38:32.715+0800][58.540s][info][gc,heap     ] GC(1113) Humongous regions: 3->3
[2025-07-30T16:38:32.715+0800][58.540s][info][gc,metaspace] GC(1113) Metaspace: 7247K(7552K)->7247K(7552K) NonClass: 6522K(6656K)->6522K(6656K) Class: 725K(896K)->725K(896K)
[2025-07-30T16:38:32.715+0800][58.540s][info][gc          ] GC(1113) Pause Young (Normal) (G1 Evacuation Pause) 1726M->708M(2048M) 15.836ms
[2025-07-30T16:38:32.715+0800][58.540s][info][gc,cpu      ] GC(1113) User=0.02s Sys=0.00s Real=0.02s
[2025-07-30T16:38:32.715+0800][58.540s][info][safepoint   ] Safepoint "G1CollectForAllocation", Time since last: 40149500 ns, Reaching safepoint: 3500 ns, Cleanup: 4900 ns, At safepoint: 15885100 ns, Total: 15893500 ns
[2025-07-30T16:38:32.752+0800][58.577s][info][gc,start    ] GC(1114) Pause Young (Normal) (G1 Evacuation Pause)
[2025-07-30T16:38:32.752+0800][58.577s][info][gc,task     ] GC(1114) Using 1 workers of 1 for evacuation
[2025-07-30T16:38:32.766+0800][58.592s][info][gc,phases   ] GC(1114)   Pre Evacuate Collection Set: 0.4ms
[2025-07-30T16:38:32.766+0800][58.592s][info][gc,phases   ] GC(1114)   Merge Heap Roots: 0.1ms
[2025-07-30T16:38:32.766+0800][58.592s][info][gc,phases   ] GC(1114)   Evacuate Collection Set: 13.9ms
[2025-07-30T16:38:32.766+0800][58.592s][info][gc,phases   ] GC(1114)   Post Evacuate Collection Set: 0.7ms
[2025-07-30T16:38:32.766+0800][58.592s][info][gc,phases   ] GC(1114)   Other: 0.1ms
[2025-07-30T16:38:32.766+0800][58.592s][info][gc,heap     ] GC(1114) Eden regions: 1017->0(1019)
[2025-07-30T16:38:32.766+0800][58.592s][info][gc,heap     ] GC(1114) Survivor regions: 146->145(146)
[2025-07-30T16:38:32.766+0800][58.592s][info][gc,heap     ] GC(1114) Old regions: 561->561
[2025-07-30T16:38:32.766+0800][58.592s][info][gc,heap     ] GC(1114) Humongous regions: 3->3
[2025-07-30T16:38:32.766+0800][58.592s][info][gc,metaspace] GC(1114) Metaspace: 7247K(7552K)->7247K(7552K) NonClass: 6522K(6656K)->6522K(6656K) Class: 725K(896K)->725K(896K)
[2025-07-30T16:38:32.766+0800][58.592s][info][gc          ] GC(1114) Pause Young (Normal) (G1 Evacuation Pause) 1725M->707M(2048M) 15.305ms
[2025-07-30T16:38:32.766+0800][58.592s][info][gc,cpu      ] GC(1114) User=0.02s Sys=0.00s Real=0.01s
[2025-07-30T16:38:32.766+0800][58.592s][info][safepoint   ] Safepoint "G1CollectForAllocation", Time since last: 36552800 ns, Reaching safepoint: 2600 ns, Cleanup: 3300 ns, At safepoint: 15347600 ns, Total: 15353500 ns
[2025-07-30T16:38:32.804+0800][58.629s][info][gc,start    ] GC(1115) Pause Young (Normal) (G1 Evacuation Pause)
[2025-07-30T16:38:32.804+0800][58.629s][info][gc,task     ] GC(1115) Using 1 workers of 1 for evacuation
[2025-07-30T16:38:32.819+0800][58.644s][info][gc,phases   ] GC(1115)   Pre Evacuate Collection Set: 0.3ms
[2025-07-30T16:38:32.819+0800][58.644s][info][gc,phases   ] GC(1115)   Merge Heap Roots: 0.0ms
[2025-07-30T16:38:32.819+0800][58.644s][info][gc,phases   ] GC(1115)   Evacuate Collection Set: 14.2ms
[2025-07-30T16:38:32.819+0800][58.644s][info][gc,phases   ] GC(1115)   Post Evacuate Collection Set: 0.6ms
[2025-07-30T16:38:32.819+0800][58.644s][info][gc,phases   ] GC(1115)   Other: 0.1ms
[2025-07-30T16:38:32.819+0800][58.644s][info][gc,heap     ] GC(1115) Eden regions: 1019->0(1018)
[2025-07-30T16:38:32.819+0800][58.645s][info][gc,heap     ] GC(1115) Survivor regions: 145->146(146)
[2025-07-30T16:38:32.819+0800][58.645s][info][gc,heap     ] GC(1115) Old regions: 561->561
[2025-07-30T16:38:32.819+0800][58.645s][info][gc,heap     ] GC(1115) Humongous regions: 3->3
[2025-07-30T16:38:32.819+0800][58.645s][info][gc,metaspace] GC(1115) Metaspace: 7247K(7552K)->7247K(7552K) NonClass: 6522K(6656K)->6522K(6656K) Class: 725K(896K)->725K(896K)
[2025-07-30T16:38:32.819+0800][58.645s][info][gc          ] GC(1115) Pause Young (Normal) (G1 Evacuation Pause) 1726M->708M(2048M) 15.438ms
[2025-07-30T16:38:32.819+0800][58.645s][info][gc,cpu      ] GC(1115) User=0.02s Sys=0.00s Real=0.02s
[2025-07-30T16:38:32.819+0800][58.645s][info][safepoint   ] Safepoint "G1CollectForAllocation", Time since last: 37095200 ns, Reaching safepoint: 2600 ns, Cleanup: 2800 ns, At safepoint: 15475700 ns, Total: 15481100 ns
[2025-07-30T16:38:32.855+0800][58.681s][info][gc,start    ] GC(1116) Pause Young (Normal) (G1 Evacuation Pause)
[2025-07-30T16:38:32.855+0800][58.681s][info][gc,task     ] GC(1116) Using 1 workers of 1 for evacuation
[2025-07-30T16:38:32.871+0800][58.696s][info][gc,phases   ] GC(1116)   Pre Evacuate Collection Set: 0.3ms
[2025-07-30T16:38:32.871+0800][58.696s][info][gc,phases   ] GC(1116)   Merge Heap Roots: 0.0ms
[2025-07-30T16:38:32.871+0800][58.696s][info][gc,phases   ] GC(1116)   Evacuate Collection Set: 13.9ms
[2025-07-30T16:38:32.871+0800][58.696s][info][gc,phases   ] GC(1116)   Post Evacuate Collection Set: 0.6ms
[2025-07-30T16:38:32.871+0800][58.696s][info][gc,phases   ] GC(1116)   Other: 0.1ms
[2025-07-30T16:38:32.871+0800][58.696s][info][gc,heap     ] GC(1116) Eden regions: 1018->0(1018)
[2025-07-30T16:38:32.871+0800][58.696s][info][gc,heap     ] GC(1116) Survivor regions: 146->146(146)
[2025-07-30T16:38:32.871+0800][58.696s][info][gc,heap     ] GC(1116) Old regions: 561->561
[2025-07-30T16:38:32.871+0800][58.696s][info][gc,heap     ] GC(1116) Humongous regions: 3->3
[2025-07-30T16:38:32.871+0800][58.696s][info][gc,metaspace] GC(1116) Metaspace: 7247K(7552K)->7247K(7552K) NonClass: 6522K(6656K)->6522K(6656K) Class: 725K(896K)->725K(896K)
[2025-07-30T16:38:32.871+0800][58.696s][info][gc          ] GC(1116) Pause Young (Normal) (G1 Evacuation Pause) 1726M->708M(2048M) 15.138ms
[2025-07-30T16:38:32.871+0800][58.696s][info][gc,cpu      ] GC(1116) User=0.02s Sys=0.00s Real=0.02s
[2025-07-30T16:38:32.871+0800][58.696s][info][safepoint   ] Safepoint "G1CollectForAllocation", Time since last: 36580100 ns, Reaching safepoint: 2400 ns, Cleanup: 3100 ns, At safepoint: 15176600 ns, Total: 15182100 ns
[2025-07-30T16:38:32.907+0800][58.733s][info][gc,start    ] GC(1117) Pause Young (Normal) (G1 Evacuation Pause)
[2025-07-30T16:38:32.907+0800][58.733s][info][gc,task     ] GC(1117) Using 1 workers of 1 for evacuation
[2025-07-30T16:38:32.923+0800][58.749s][info][gc,phases   ] GC(1117)   Pre Evacuate Collection Set: 0.7ms
[2025-07-30T16:38:32.923+0800][58.749s][info][gc,phases   ] GC(1117)   Merge Heap Roots: 0.1ms
[2025-07-30T16:38:32.923+0800][58.749s][info][gc,phases   ] GC(1117)   Evacuate Collection Set: 14.9ms
[2025-07-30T16:38:32.923+0800][58.749s][info][gc,phases   ] GC(1117)   Post Evacuate Collection Set: 0.6ms
[2025-07-30T16:38:32.923+0800][58.749s][info][gc,phases   ] GC(1117)   Other: 0.1ms
[2025-07-30T16:38:32.923+0800][58.749s][info][gc,heap     ] GC(1117) Eden regions: 1018->0(1017)
[2025-07-30T16:38:32.923+0800][58.749s][info][gc,heap     ] GC(1117) Survivor regions: 146->146(146)
[2025-07-30T16:38:32.923+0800][58.749s][info][gc,heap     ] GC(1117) Old regions: 561->561
[2025-07-30T16:38:32.924+0800][58.749s][info][gc,heap     ] GC(1117) Humongous regions: 3->3
[2025-07-30T16:38:32.924+0800][58.749s][info][gc,metaspace] GC(1117) Metaspace: 7247K(7552K)->7247K(7552K) NonClass: 6522K(6656K)->6522K(6656K) Class: 725K(896K)->725K(896K)
[2025-07-30T16:38:32.924+0800][58.749s][info][gc          ] GC(1117) Pause Young (Normal) (G1 Evacuation Pause) 1726M->709M(2048M) 16.583ms
[2025-07-30T16:38:32.924+0800][58.749s][info][gc,cpu      ] GC(1117) User=0.02s Sys=0.00s Real=0.02s
[2025-07-30T16:38:32.924+0800][58.749s][info][safepoint   ] Safepoint "G1CollectForAllocation", Time since last: 36463500 ns, Reaching safepoint: 3700 ns, Cleanup: 5000 ns, At safepoint: 16632500 ns, Total: 16641200 ns
[2025-07-30T16:38:32.961+0800][58.787s][info][gc,start    ] GC(1118) Pause Young (Normal) (G1 Evacuation Pause)
[2025-07-30T16:38:32.961+0800][58.787s][info][gc,task     ] GC(1118) Using 1 workers of 1 for evacuation
[2025-07-30T16:38:32.977+0800][58.803s][info][gc,phases   ] GC(1118)   Pre Evacuate Collection Set: 0.3ms
[2025-07-30T16:38:32.977+0800][58.803s][info][gc,phases   ] GC(1118)   Merge Heap Roots: 0.1ms
[2025-07-30T16:38:32.977+0800][58.803s][info][gc,phases   ] GC(1118)   Evacuate Collection Set: 14.9ms
[2025-07-30T16:38:32.977+0800][58.803s][info][gc,phases   ] GC(1118)   Post Evacuate Collection Set: 0.6ms
[2025-07-30T16:38:32.977+0800][58.803s][info][gc,phases   ] GC(1118)   Other: 0.1ms
[2025-07-30T16:38:32.977+0800][58.803s][info][gc,heap     ] GC(1118) Eden regions: 1017->0(1019)
[2025-07-30T16:38:32.977+0800][58.803s][info][gc,heap     ] GC(1118) Survivor regions: 146->145(146)
[2025-07-30T16:38:32.977+0800][58.803s][info][gc,heap     ] GC(1118) Old regions: 561->561
[2025-07-30T16:38:32.977+0800][58.803s][info][gc,heap     ] GC(1118) Humongous regions: 3->3
[2025-07-30T16:38:32.977+0800][58.803s][info][gc,metaspace] GC(1118) Metaspace: 7247K(7552K)->7247K(7552K) NonClass: 6522K(6656K)->6522K(6656K) Class: 725K(896K)->725K(896K)
[2025-07-30T16:38:32.977+0800][58.803s][info][gc          ] GC(1118) Pause Young (Normal) (G1 Evacuation Pause) 1726M->708M(2048M) 16.104ms
[2025-07-30T16:38:32.977+0800][58.803s][info][gc,cpu      ] GC(1118) User=0.02s Sys=0.00s Real=0.02s
[2025-07-30T16:38:32.977+0800][58.803s][info][safepoint   ] Safepoint "G1CollectForAllocation", Time since last: 37288200 ns, Reaching safepoint: 2500 ns, Cleanup: 2900 ns, At safepoint: 16142300 ns, Total: 16147700 ns
[2025-07-30T16:38:33.014+0800][58.839s][info][gc,start    ] GC(1119) Pause Young (Normal) (G1 Evacuation Pause)
[2025-07-30T16:38:33.014+0800][58.839s][info][gc,task     ] GC(1119) Using 1 workers of 1 for evacuation
[2025-07-30T16:38:33.030+0800][58.855s][info][gc,phases   ] GC(1119)   Pre Evacuate Collection Set: 0.3ms
[2025-07-30T16:38:33.030+0800][58.855s][info][gc,phases   ] GC(1119)   Merge Heap Roots: 0.1ms
[2025-07-30T16:38:33.030+0800][58.855s][info][gc,phases   ] GC(1119)   Evacuate Collection Set: 14.7ms
[2025-07-30T16:38:33.030+0800][58.855s][info][gc,phases   ] GC(1119)   Post Evacuate Collection Set: 0.7ms
[2025-07-30T16:38:33.030+0800][58.855s][info][gc,phases   ] GC(1119)   Other: 0.1ms
[2025-07-30T16:38:33.030+0800][58.855s][info][gc,heap     ] GC(1119) Eden regions: 1019->0(1017)
[2025-07-30T16:38:33.030+0800][58.855s][info][gc,heap     ] GC(1119) Survivor regions: 145->146(146)
[2025-07-30T16:38:33.030+0800][58.855s][info][gc,heap     ] GC(1119) Old regions: 561->561
[2025-07-30T16:38:33.030+0800][58.855s][info][gc,heap     ] GC(1119) Humongous regions: 3->3
[2025-07-30T16:38:33.030+0800][58.855s][info][gc,metaspace] GC(1119) Metaspace: 7247K(7552K)->7247K(7552K) NonClass: 6522K(6656K)->6522K(6656K) Class: 725K(896K)->725K(896K)
[2025-07-30T16:38:33.030+0800][58.855s][info][gc          ] GC(1119) Pause Young (Normal) (G1 Evacuation Pause) 1727M->709M(2048M) 16.032ms
[2025-07-30T16:38:33.030+0800][58.855s][info][gc,cpu      ] GC(1119) User=0.02s Sys=0.00s Real=0.02s
[2025-07-30T16:38:33.030+0800][58.855s][info][safepoint   ] Safepoint "G1CollectForAllocation", Time since last: 36534400 ns, Reaching safepoint: 3100 ns, Cleanup: 3300 ns, At safepoint: 16072700 ns, Total: 16079100 ns
[2025-07-30T16:38:33.067+0800][58.892s][info][gc,start    ] GC(1120) Pause Young (Normal) (G1 Evacuation Pause)
[2025-07-30T16:38:33.067+0800][58.892s][info][gc,task     ] GC(1120) Using 1 workers of 1 for evacuation
[2025-07-30T16:38:33.082+0800][58.908s][info][gc,phases   ] GC(1120)   Pre Evacuate Collection Set: 0.4ms
[2025-07-30T16:38:33.082+0800][58.908s][info][gc,phases   ] GC(1120)   Merge Heap Roots: 0.1ms
[2025-07-30T16:38:33.082+0800][58.908s][info][gc,phases   ] GC(1120)   Evacuate Collection Set: 14.1ms
[2025-07-30T16:38:33.082+0800][58.908s][info][gc,phases   ] GC(1120)   Post Evacuate Collection Set: 0.7ms
[2025-07-30T16:38:33.083+0800][58.908s][info][gc,phases   ] GC(1120)   Other: 0.1ms
[2025-07-30T16:38:33.083+0800][58.908s][info][gc,heap     ] GC(1120) Eden regions: 1017->0(1019)
[2025-07-30T16:38:33.083+0800][58.908s][info][gc,heap     ] GC(1120) Survivor regions: 146->145(146)
[2025-07-30T16:38:33.083+0800][58.908s][info][gc,heap     ] GC(1120) Old regions: 561->561
[2025-07-30T16:38:33.083+0800][58.908s][info][gc,heap     ] GC(1120) Humongous regions: 3->3
[2025-07-30T16:38:33.083+0800][58.908s][info][gc,metaspace] GC(1120) Metaspace: 7247K(7552K)->7247K(7552K) NonClass: 6522K(6656K)->6522K(6656K) Class: 725K(896K)->725K(896K)
[2025-07-30T16:38:33.083+0800][58.908s][info][gc          ] GC(1120) Pause Young (Normal) (G1 Evacuation Pause) 1726M->708M(2048M) 15.544ms
[2025-07-30T16:38:33.083+0800][58.908s][info][gc,cpu      ] GC(1120) User=0.02s Sys=0.00s Real=0.02s
[2025-07-30T16:38:33.083+0800][58.908s][info][safepoint   ] Safepoint "G1CollectForAllocation", Time since last: 36866700 ns, Reaching safepoint: 3500 ns, Cleanup: 4600 ns, At safepoint: 15592500 ns, Total: 15600600 ns
[2025-07-30T16:38:33.119+0800][58.945s][info][gc,start    ] GC(1121) Pause Young (Normal) (G1 Evacuation Pause)
[2025-07-30T16:38:33.119+0800][58.945s][info][gc,task     ] GC(1121) Using 1 workers of 1 for evacuation
[2025-07-30T16:38:33.137+0800][58.962s][info][gc,phases   ] GC(1121)   Pre Evacuate Collection Set: 0.4ms
[2025-07-30T16:38:33.137+0800][58.962s][info][gc,phases   ] GC(1121)   Merge Heap Roots: 0.1ms
[2025-07-30T16:38:33.137+0800][58.962s][info][gc,phases   ] GC(1121)   Evacuate Collection Set: 15.6ms
[2025-07-30T16:38:33.137+0800][58.962s][info][gc,phases   ] GC(1121)   Post Evacuate Collection Set: 0.7ms
[2025-07-30T16:38:33.137+0800][58.962s][info][gc,phases   ] GC(1121)   Other: 0.1ms
[2025-07-30T16:38:33.137+0800][58.962s][info][gc,heap     ] GC(1121) Eden regions: 1019->0(1017)
[2025-07-30T16:38:33.137+0800][58.962s][info][gc,heap     ] GC(1121) Survivor regions: 145->146(146)
[2025-07-30T16:38:33.137+0800][58.962s][info][gc,heap     ] GC(1121) Old regions: 561->561
[2025-07-30T16:38:33.137+0800][58.962s][info][gc,heap     ] GC(1121) Humongous regions: 3->3
[2025-07-30T16:38:33.137+0800][58.962s][info][gc,metaspace] GC(1121) Metaspace: 7247K(7552K)->7247K(7552K) NonClass: 6522K(6656K)->6522K(6656K) Class: 725K(896K)->725K(896K)
[2025-07-30T16:38:33.137+0800][58.962s][info][gc          ] GC(1121) Pause Young (Normal) (G1 Evacuation Pause) 1727M->709M(2048M) 16.941ms
[2025-07-30T16:38:33.137+0800][58.962s][info][gc,cpu      ] GC(1121) User=0.02s Sys=0.00s Real=0.02s
[2025-07-30T16:38:33.137+0800][58.962s][info][safepoint   ] Safepoint "G1CollectForAllocation", Time since last: 37374000 ns, Reaching safepoint: 3600 ns, Cleanup: 4300 ns, At safepoint: 16981900 ns, Total: 16989800 ns
[2025-07-30T16:38:33.175+0800][59.000s][info][gc,start    ] GC(1122) Pause Young (Normal) (G1 Evacuation Pause)
[2025-07-30T16:38:33.175+0800][59.000s][info][gc,task     ] GC(1122) Using 1 workers of 1 for evacuation
[2025-07-30T16:38:33.190+0800][59.015s][info][gc,phases   ] GC(1122)   Pre Evacuate Collection Set: 0.4ms
[2025-07-30T16:38:33.190+0800][59.015s][info][gc,phases   ] GC(1122)   Merge Heap Roots: 0.1ms
[2025-07-30T16:38:33.190+0800][59.015s][info][gc,phases   ] GC(1122)   Evacuate Collection Set: 13.9ms
[2025-07-30T16:38:33.190+0800][59.015s][info][gc,phases   ] GC(1122)   Post Evacuate Collection Set: 0.7ms
[2025-07-30T16:38:33.190+0800][59.015s][info][gc,phases   ] GC(1122)   Other: 0.1ms
[2025-07-30T16:38:33.190+0800][59.015s][info][gc,heap     ] GC(1122) Eden regions: 1017->0(1017)
[2025-07-30T16:38:33.190+0800][59.015s][info][gc,heap     ] GC(1122) Survivor regions: 146->146(146)
[2025-07-30T16:38:33.190+0800][59.015s][info][gc,heap     ] GC(1122) Old regions: 561->561
[2025-07-30T16:38:33.190+0800][59.015s][info][gc,heap     ] GC(1122) Humongous regions: 3->3
[2025-07-30T16:38:33.190+0800][59.015s][info][gc,metaspace] GC(1122) Metaspace: 7247K(7552K)->7247K(7552K) NonClass: 6522K(6656K)->6522K(6656K) Class: 725K(896K)->725K(896K)
[2025-07-30T16:38:33.190+0800][59.016s][info][gc          ] GC(1122) Pause Young (Normal) (G1 Evacuation Pause) 1726M->708M(2048M) 15.301ms
[2025-07-30T16:38:33.190+0800][59.016s][info][gc,cpu      ] GC(1122) User=0.02s Sys=0.00s Real=0.02s
[2025-07-30T16:38:33.190+0800][59.016s][info][safepoint   ] Safepoint "G1CollectForAllocation", Time since last: 37869200 ns, Reaching safepoint: 3000 ns, Cleanup: 3500 ns, At safepoint: 15342600 ns, Total: 15349100 ns
[2025-07-30T16:38:33.228+0800][59.053s][info][gc,start    ] GC(1123) Pause Young (Normal) (G1 Evacuation Pause)
[2025-07-30T16:38:33.228+0800][59.053s][info][gc,task     ] GC(1123) Using 1 workers of 1 for evacuation
[2025-07-30T16:38:33.244+0800][59.069s][info][gc,phases   ] GC(1123)   Pre Evacuate Collection Set: 0.5ms
[2025-07-30T16:38:33.244+0800][59.069s][info][gc,phases   ] GC(1123)   Merge Heap Roots: 0.1ms
[2025-07-30T16:38:33.244+0800][59.069s][info][gc,phases   ] GC(1123)   Evacuate Collection Set: 14.6ms
[2025-07-30T16:38:33.244+0800][59.069s][info][gc,phases   ] GC(1123)   Post Evacuate Collection Set: 0.7ms
[2025-07-30T16:38:33.244+0800][59.069s][info][gc,phases   ] GC(1123)   Other: 0.1ms
[2025-07-30T16:38:33.244+0800][59.069s][info][gc,heap     ] GC(1123) Eden regions: 1017->0(1019)
[2025-07-30T16:38:33.244+0800][59.069s][info][gc,heap     ] GC(1123) Survivor regions: 146->145(146)
[2025-07-30T16:38:33.244+0800][59.069s][info][gc,heap     ] GC(1123) Old regions: 561->561
[2025-07-30T16:38:33.244+0800][59.069s][info][gc,heap     ] GC(1123) Humongous regions: 3->3
[2025-07-30T16:38:33.244+0800][59.070s][info][gc,metaspace] GC(1123) Metaspace: 7247K(7552K)->7247K(7552K) NonClass: 6522K(6656K)->6522K(6656K) Class: 725K(896K)->725K(896K)
[2025-07-30T16:38:33.245+0800][59.070s][info][gc          ] GC(1123) Pause Young (Normal) (G1 Evacuation Pause) 1725M->707M(2048M) 16.105ms
[2025-07-30T16:38:33.245+0800][59.070s][info][gc,cpu      ] GC(1123) User=0.02s Sys=0.00s Real=0.02s
[2025-07-30T16:38:33.245+0800][59.070s][info][safepoint   ] Safepoint "G1CollectForAllocation", Time since last: 37859300 ns, Reaching safepoint: 3500 ns, Cleanup: 4100 ns, At safepoint: 16146900 ns, Total: 16154500 ns
[2025-07-30T16:38:33.281+0800][59.106s][info][gc,start    ] GC(1124) Pause Young (Normal) (G1 Evacuation Pause)
[2025-07-30T16:38:33.281+0800][59.106s][info][gc,task     ] GC(1124) Using 1 workers of 1 for evacuation
[2025-07-30T16:38:33.296+0800][59.122s][info][gc,phases   ] GC(1124)   Pre Evacuate Collection Set: 0.4ms
[2025-07-30T16:38:33.296+0800][59.122s][info][gc,phases   ] GC(1124)   Merge Heap Roots: 0.0ms
[2025-07-30T16:38:33.296+0800][59.122s][info][gc,phases   ] GC(1124)   Evacuate Collection Set: 14.2ms
[2025-07-30T16:38:33.296+0800][59.122s][info][gc,phases   ] GC(1124)   Post Evacuate Collection Set: 0.6ms
[2025-07-30T16:38:33.296+0800][59.122s][info][gc,phases   ] GC(1124)   Other: 0.1ms
[2025-07-30T16:38:33.296+0800][59.122s][info][gc,heap     ] GC(1124) Eden regions: 1019->0(1018)
[2025-07-30T16:38:33.296+0800][59.122s][info][gc,heap     ] GC(1124) Survivor regions: 145->146(146)
[2025-07-30T16:38:33.296+0800][59.122s][info][gc,heap     ] GC(1124) Old regions: 561->561
[2025-07-30T16:38:33.296+0800][59.122s][info][gc,heap     ] GC(1124) Humongous regions: 3->3
[2025-07-30T16:38:33.296+0800][59.122s][info][gc,metaspace] GC(1124) Metaspace: 7247K(7552K)->7247K(7552K) NonClass: 6522K(6656K)->6522K(6656K) Class: 725K(896K)->725K(896K)
[2025-07-30T16:38:33.296+0800][59.122s][info][gc          ] GC(1124) Pause Young (Normal) (G1 Evacuation Pause) 1726M->708M(2048M) 15.548ms
[2025-07-30T16:38:33.296+0800][59.122s][info][gc,cpu      ] GC(1124) User=0.02s Sys=0.00s Real=0.02s
[2025-07-30T16:38:33.296+0800][59.122s][info][safepoint   ] Safepoint "G1CollectForAllocation", Time since last: 36590700 ns, Reaching safepoint: 2800 ns, Cleanup: 3000 ns, At safepoint: 15596800 ns, Total: 15602600 ns
[2025-07-30T16:38:33.333+0800][59.159s][info][gc,start    ] GC(1125) Pause Young (Normal) (G1 Evacuation Pause)
[2025-07-30T16:38:33.333+0800][59.159s][info][gc,task     ] GC(1125) Using 1 workers of 1 for evacuation
[2025-07-30T16:38:33.349+0800][59.175s][info][gc,phases   ] GC(1125)   Pre Evacuate Collection Set: 0.4ms
[2025-07-30T16:38:33.349+0800][59.175s][info][gc,phases   ] GC(1125)   Merge Heap Roots: 0.1ms
[2025-07-30T16:38:33.349+0800][59.175s][info][gc,phases   ] GC(1125)   Evacuate Collection Set: 14.5ms
[2025-07-30T16:38:33.349+0800][59.175s][info][gc,phases   ] GC(1125)   Post Evacuate Collection Set: 0.7ms
[2025-07-30T16:38:33.349+0800][59.175s][info][gc,phases   ] GC(1125)   Other: 0.1ms
[2025-07-30T16:38:33.349+0800][59.175s][info][gc,heap     ] GC(1125) Eden regions: 1018->0(1018)
[2025-07-30T16:38:33.349+0800][59.175s][info][gc,heap     ] GC(1125) Survivor regions: 146->146(146)
[2025-07-30T16:38:33.349+0800][59.175s][info][gc,heap     ] GC(1125) Old regions: 561->561
[2025-07-30T16:38:33.349+0800][59.175s][info][gc,heap     ] GC(1125) Humongous regions: 3->3
[2025-07-30T16:38:33.349+0800][59.175s][info][gc,metaspace] GC(1125) Metaspace: 7247K(7552K)->7247K(7552K) NonClass: 6522K(6656K)->6522K(6656K) Class: 725K(896K)->725K(896K)
[2025-07-30T16:38:33.349+0800][59.175s][info][gc          ] GC(1125) Pause Young (Normal) (G1 Evacuation Pause) 1726M->708M(2048M) 15.917ms
[2025-07-30T16:38:33.349+0800][59.175s][info][gc,cpu      ] GC(1125) User=0.02s Sys=0.00s Real=0.02s
[2025-07-30T16:38:33.349+0800][59.175s][info][safepoint   ] Safepoint "G1CollectForAllocation", Time since last: 36973300 ns, Reaching safepoint: 4200 ns, Cleanup: 4800 ns, At safepoint: 15962000 ns, Total: 15971000 ns
[2025-07-30T16:38:33.387+0800][59.212s][info][gc,start    ] GC(1126) Pause Young (Normal) (G1 Evacuation Pause)
[2025-07-30T16:38:33.387+0800][59.212s][info][gc,task     ] GC(1126) Using 1 workers of 1 for evacuation
[2025-07-30T16:38:33.402+0800][59.227s][info][gc,phases   ] GC(1126)   Pre Evacuate Collection Set: 0.4ms
[2025-07-30T16:38:33.402+0800][59.227s][info][gc,phases   ] GC(1126)   Merge Heap Roots: 0.1ms
[2025-07-30T16:38:33.402+0800][59.227s][info][gc,phases   ] GC(1126)   Evacuate Collection Set: 14.2ms
[2025-07-30T16:38:33.402+0800][59.227s][info][gc,phases   ] GC(1126)   Post Evacuate Collection Set: 0.7ms
[2025-07-30T16:38:33.402+0800][59.227s][info][gc,phases   ] GC(1126)   Other: 0.1ms
[2025-07-30T16:38:33.402+0800][59.227s][info][gc,heap     ] GC(1126) Eden regions: 1018->0(1018)
[2025-07-30T16:38:33.402+0800][59.227s][info][gc,heap     ] GC(1126) Survivor regions: 146->146(146)
[2025-07-30T16:38:33.402+0800][59.228s][info][gc,heap     ] GC(1126) Old regions: 561->561
[2025-07-30T16:38:33.402+0800][59.228s][info][gc,heap     ] GC(1126) Humongous regions: 3->3
[2025-07-30T16:38:33.402+0800][59.228s][info][gc,metaspace] GC(1126) Metaspace: 7247K(7552K)->7247K(7552K) NonClass: 6522K(6656K)->6522K(6656K) Class: 725K(896K)->725K(896K)
[2025-07-30T16:38:33.402+0800][59.228s][info][gc          ] GC(1126) Pause Young (Normal) (G1 Evacuation Pause) 1726M->708M(2048M) 15.558ms
[2025-07-30T16:38:33.402+0800][59.228s][info][gc,cpu      ] GC(1126) User=0.02s Sys=0.00s Real=0.01s
[2025-07-30T16:38:33.402+0800][59.228s][info][safepoint   ] Safepoint "G1CollectForAllocation", Time since last: 37273500 ns, Reaching safepoint: 3600 ns, Cleanup: 4400 ns, At safepoint: 15600600 ns, Total: 15608600 ns
[2025-07-30T16:38:33.439+0800][59.264s][info][gc,start    ] GC(1127) Pause Young (Normal) (G1 Evacuation Pause)
[2025-07-30T16:38:33.439+0800][59.264s][info][gc,task     ] GC(1127) Using 1 workers of 1 for evacuation
[2025-07-30T16:38:33.454+0800][59.279s][info][gc,phases   ] GC(1127)   Pre Evacuate Collection Set: 0.3ms
[2025-07-30T16:38:33.454+0800][59.279s][info][gc,phases   ] GC(1127)   Merge Heap Roots: 0.0ms
[2025-07-30T16:38:33.454+0800][59.279s][info][gc,phases   ] GC(1127)   Evacuate Collection Set: 14.0ms
[2025-07-30T16:38:33.454+0800][59.279s][info][gc,phases   ] GC(1127)   Post Evacuate Collection Set: 0.6ms
[2025-07-30T16:38:33.454+0800][59.279s][info][gc,phases   ] GC(1127)   Other: 0.1ms
[2025-07-30T16:38:33.454+0800][59.279s][info][gc,heap     ] GC(1127) Eden regions: 1018->0(1017)
[2025-07-30T16:38:33.454+0800][59.279s][info][gc,heap     ] GC(1127) Survivor regions: 146->146(146)
[2025-07-30T16:38:33.454+0800][59.279s][info][gc,heap     ] GC(1127) Old regions: 561->561
[2025-07-30T16:38:33.454+0800][59.279s][info][gc,heap     ] GC(1127) Humongous regions: 3->3
[2025-07-30T16:38:33.454+0800][59.279s][info][gc,metaspace] GC(1127) Metaspace: 7247K(7552K)->7247K(7552K) NonClass: 6522K(6656K)->6522K(6656K) Class: 725K(896K)->725K(896K)
[2025-07-30T16:38:33.454+0800][59.279s][info][gc          ] GC(1127) Pause Young (Normal) (G1 Evacuation Pause) 1726M->709M(2048M) 15.182ms
[2025-07-30T16:38:33.454+0800][59.279s][info][gc,cpu      ] GC(1127) User=0.02s Sys=0.00s Real=0.02s
[2025-07-30T16:38:33.454+0800][59.279s][info][safepoint   ] Safepoint "G1CollectForAllocation", Time since last: 36667600 ns, Reaching safepoint: 2200 ns, Cleanup: 2900 ns, At safepoint: 15220600 ns, Total: 15225700 ns
[2025-07-30T16:38:33.491+0800][59.317s][info][gc,start    ] GC(1128) Pause Young (Normal) (G1 Evacuation Pause)
[2025-07-30T16:38:33.491+0800][59.317s][info][gc,task     ] GC(1128) Using 1 workers of 1 for evacuation
[2025-07-30T16:38:33.507+0800][59.332s][info][gc,phases   ] GC(1128)   Pre Evacuate Collection Set: 0.4ms
[2025-07-30T16:38:33.507+0800][59.332s][info][gc,phases   ] GC(1128)   Merge Heap Roots: 0.1ms
[2025-07-30T16:38:33.507+0800][59.332s][info][gc,phases   ] GC(1128)   Evacuate Collection Set: 14.3ms
[2025-07-30T16:38:33.507+0800][59.332s][info][gc,phases   ] GC(1128)   Post Evacuate Collection Set: 0.8ms
[2025-07-30T16:38:33.507+0800][59.332s][info][gc,phases   ] GC(1128)   Other: 0.1ms
[2025-07-30T16:38:33.507+0800][59.332s][info][gc,heap     ] GC(1128) Eden regions: 1017->0(1019)
[2025-07-30T16:38:33.507+0800][59.332s][info][gc,heap     ] GC(1128) Survivor regions: 146->145(146)
[2025-07-30T16:38:33.507+0800][59.332s][info][gc,heap     ] GC(1128) Old regions: 561->561
[2025-07-30T16:38:33.507+0800][59.332s][info][gc,heap     ] GC(1128) Humongous regions: 3->3
[2025-07-30T16:38:33.507+0800][59.332s][info][gc,metaspace] GC(1128) Metaspace: 7247K(7552K)->7247K(7552K) NonClass: 6522K(6656K)->6522K(6656K) Class: 725K(896K)->725K(896K)
[2025-07-30T16:38:33.507+0800][59.332s][info][gc          ] GC(1128) Pause Young (Normal) (G1 Evacuation Pause) 1726M->708M(2048M) 15.871ms
[2025-07-30T16:38:33.507+0800][59.332s][info][gc,cpu      ] GC(1128) User=0.02s Sys=0.00s Real=0.02s
[2025-07-30T16:38:33.507+0800][59.332s][info][safepoint   ] Safepoint "G1CollectForAllocation", Time since last: 37038500 ns, Reaching safepoint: 2700 ns, Cleanup: 3300 ns, At safepoint: 15911700 ns, Total: 15917700 ns
[2025-07-30T16:38:33.544+0800][59.369s][info][gc,start    ] GC(1129) Pause Young (Normal) (G1 Evacuation Pause)
[2025-07-30T16:38:33.544+0800][59.369s][info][gc,task     ] GC(1129) Using 1 workers of 1 for evacuation
[2025-07-30T16:38:33.559+0800][59.385s][info][gc,phases   ] GC(1129)   Pre Evacuate Collection Set: 0.4ms
[2025-07-30T16:38:33.559+0800][59.385s][info][gc,phases   ] GC(1129)   Merge Heap Roots: 0.1ms
[2025-07-30T16:38:33.559+0800][59.385s][info][gc,phases   ] GC(1129)   Evacuate Collection Set: 14.5ms
[2025-07-30T16:38:33.559+0800][59.385s][info][gc,phases   ] GC(1129)   Post Evacuate Collection Set: 0.7ms
[2025-07-30T16:38:33.559+0800][59.385s][info][gc,phases   ] GC(1129)   Other: 0.1ms
[2025-07-30T16:38:33.559+0800][59.385s][info][gc,heap     ] GC(1129) Eden regions: 1019->0(1017)
[2025-07-30T16:38:33.559+0800][59.385s][info][gc,heap     ] GC(1129) Survivor regions: 145->146(146)
[2025-07-30T16:38:33.559+0800][59.385s][info][gc,heap     ] GC(1129) Old regions: 561->561
[2025-07-30T16:38:33.559+0800][59.385s][info][gc,heap     ] GC(1129) Humongous regions: 3->3
[2025-07-30T16:38:33.559+0800][59.385s][info][gc,metaspace] GC(1129) Metaspace: 7247K(7552K)->7247K(7552K) NonClass: 6522K(6656K)->6522K(6656K) Class: 725K(896K)->725K(896K)
[2025-07-30T16:38:33.559+0800][59.385s][info][gc          ] GC(1129) Pause Young (Normal) (G1 Evacuation Pause) 1727M->709M(2048M) 15.876ms
[2025-07-30T16:38:33.559+0800][59.385s][info][gc,cpu      ] GC(1129) User=0.02s Sys=0.00s Real=0.02s
[2025-07-30T16:38:33.559+0800][59.385s][info][safepoint   ] Safepoint "G1CollectForAllocation", Time since last: 36790200 ns, Reaching safepoint: 3600 ns, Cleanup: 3600 ns, At safepoint: 15919800 ns, Total: 15927000 ns
[2025-07-30T16:38:33.597+0800][59.423s][info][gc,start    ] GC(1130) Pause Young (Normal) (G1 Evacuation Pause)
[2025-07-30T16:38:33.597+0800][59.423s][info][gc,task     ] GC(1130) Using 1 workers of 1 for evacuation
[2025-07-30T16:38:33.612+0800][59.438s][info][gc,phases   ] GC(1130)   Pre Evacuate Collection Set: 0.4ms
[2025-07-30T16:38:33.612+0800][59.438s][info][gc,phases   ] GC(1130)   Merge Heap Roots: 0.1ms
[2025-07-30T16:38:33.612+0800][59.438s][info][gc,phases   ] GC(1130)   Evacuate Collection Set: 13.9ms
[2025-07-30T16:38:33.612+0800][59.438s][info][gc,phases   ] GC(1130)   Post Evacuate Collection Set: 0.7ms
[2025-07-30T16:38:33.612+0800][59.438s][info][gc,phases   ] GC(1130)   Other: 0.1ms
[2025-07-30T16:38:33.612+0800][59.438s][info][gc,heap     ] GC(1130) Eden regions: 1017->0(1019)
[2025-07-30T16:38:33.612+0800][59.438s][info][gc,heap     ] GC(1130) Survivor regions: 146->145(146)
[2025-07-30T16:38:33.612+0800][59.438s][info][gc,heap     ] GC(1130) Old regions: 561->561
[2025-07-30T16:38:33.612+0800][59.438s][info][gc,heap     ] GC(1130) Humongous regions: 3->3
[2025-07-30T16:38:33.612+0800][59.438s][info][gc,metaspace] GC(1130) Metaspace: 7247K(7552K)->7247K(7552K) NonClass: 6522K(6656K)->6522K(6656K) Class: 725K(896K)->725K(896K)
[2025-07-30T16:38:33.612+0800][59.438s][info][gc          ] GC(1130) Pause Young (Normal) (G1 Evacuation Pause) 1726M->708M(2048M) 15.314ms
[2025-07-30T16:38:33.612+0800][59.438s][info][gc,cpu      ] GC(1130) User=0.02s Sys=0.00s Real=0.02s
[2025-07-30T16:38:33.612+0800][59.438s][info][safepoint   ] Safepoint "G1CollectForAllocation", Time since last: 37605000 ns, Reaching safepoint: 2800 ns, Cleanup: 4000 ns, At safepoint: 15356700 ns, Total: 15363500 ns
[2025-07-30T16:38:33.650+0800][59.475s][info][gc,start    ] GC(1131) Pause Young (Normal) (G1 Evacuation Pause)
[2025-07-30T16:38:33.650+0800][59.475s][info][gc,task     ] GC(1131) Using 1 workers of 1 for evacuation
[2025-07-30T16:38:33.665+0800][59.491s][info][gc,phases   ] GC(1131)   Pre Evacuate Collection Set: 0.4ms
[2025-07-30T16:38:33.665+0800][59.491s][info][gc,phases   ] GC(1131)   Merge Heap Roots: 0.0ms
[2025-07-30T16:38:33.665+0800][59.491s][info][gc,phases   ] GC(1131)   Evacuate Collection Set: 14.5ms
[2025-07-30T16:38:33.665+0800][59.491s][info][gc,phases   ] GC(1131)   Post Evacuate Collection Set: 0.6ms
[2025-07-30T16:38:33.665+0800][59.491s][info][gc,phases   ] GC(1131)   Other: 0.1ms
[2025-07-30T16:38:33.665+0800][59.491s][info][gc,heap     ] GC(1131) Eden regions: 1019->0(1017)
[2025-07-30T16:38:33.665+0800][59.491s][info][gc,heap     ] GC(1131) Survivor regions: 145->146(146)
[2025-07-30T16:38:33.665+0800][59.491s][info][gc,heap     ] GC(1131) Old regions: 561->561
[2025-07-30T16:38:33.665+0800][59.491s][info][gc,heap     ] GC(1131) Humongous regions: 3->3
[2025-07-30T16:38:33.665+0800][59.491s][info][gc,metaspace] GC(1131) Metaspace: 7247K(7552K)->7247K(7552K) NonClass: 6522K(6656K)->6522K(6656K) Class: 725K(896K)->725K(896K)
[2025-07-30T16:38:33.665+0800][59.491s][info][gc          ] GC(1131) Pause Young (Normal) (G1 Evacuation Pause) 1727M->709M(2048M) 15.709ms
[2025-07-30T16:38:33.665+0800][59.491s][info][gc,cpu      ] GC(1131) User=0.02s Sys=0.00s Real=0.01s
[2025-07-30T16:38:33.665+0800][59.491s][info][safepoint   ] Safepoint "G1CollectForAllocation", Time since last: 36869200 ns, Reaching safepoint: 2700 ns, Cleanup: 3100 ns, At safepoint: 15756700 ns, Total: 15762500 ns
[2025-07-30T16:38:33.702+0800][59.527s][info][gc,start    ] GC(1132) Pause Young (Normal) (G1 Evacuation Pause)
[2025-07-30T16:38:33.702+0800][59.527s][info][gc,task     ] GC(1132) Using 1 workers of 1 for evacuation
[2025-07-30T16:38:33.717+0800][59.543s][info][gc,phases   ] GC(1132)   Pre Evacuate Collection Set: 0.3ms
[2025-07-30T16:38:33.717+0800][59.543s][info][gc,phases   ] GC(1132)   Merge Heap Roots: 0.1ms
[2025-07-30T16:38:33.717+0800][59.543s][info][gc,phases   ] GC(1132)   Evacuate Collection Set: 14.2ms
[2025-07-30T16:38:33.717+0800][59.543s][info][gc,phases   ] GC(1132)   Post Evacuate Collection Set: 0.6ms
[2025-07-30T16:38:33.717+0800][59.543s][info][gc,phases   ] GC(1132)   Other: 0.1ms
[2025-07-30T16:38:33.717+0800][59.543s][info][gc,heap     ] GC(1132) Eden regions: 1017->0(1017)
[2025-07-30T16:38:33.717+0800][59.543s][info][gc,heap     ] GC(1132) Survivor regions: 146->146(146)
[2025-07-30T16:38:33.717+0800][59.543s][info][gc,heap     ] GC(1132) Old regions: 561->561
[2025-07-30T16:38:33.717+0800][59.543s][info][gc,heap     ] GC(1132) Humongous regions: 3->3
[2025-07-30T16:38:33.717+0800][59.543s][info][gc,metaspace] GC(1132) Metaspace: 7247K(7552K)->7247K(7552K) NonClass: 6522K(6656K)->6522K(6656K) Class: 725K(896K)->725K(896K)
[2025-07-30T16:38:33.717+0800][59.543s][info][gc          ] GC(1132) Pause Young (Normal) (G1 Evacuation Pause) 1726M->708M(2048M) 15.489ms
[2025-07-30T16:38:33.717+0800][59.543s][info][gc,cpu      ] GC(1132) User=0.02s Sys=0.00s Real=0.02s
[2025-07-30T16:38:33.717+0800][59.543s][info][safepoint   ] Safepoint "G1CollectForAllocation", Time since last: 36485800 ns, Reaching safepoint: 2200 ns, Cleanup: 2600 ns, At safepoint: 15526800 ns, Total: 15531600 ns
[2025-07-30T16:38:33.755+0800][59.580s][info][gc,start    ] GC(1133) Pause Young (Normal) (G1 Evacuation Pause)
[2025-07-30T16:38:33.755+0800][59.580s][info][gc,task     ] GC(1133) Using 1 workers of 1 for evacuation
[2025-07-30T16:38:33.769+0800][59.595s][info][gc,phases   ] GC(1133)   Pre Evacuate Collection Set: 0.3ms
[2025-07-30T16:38:33.769+0800][59.595s][info][gc,phases   ] GC(1133)   Merge Heap Roots: 0.0ms
[2025-07-30T16:38:33.769+0800][59.595s][info][gc,phases   ] GC(1133)   Evacuate Collection Set: 13.7ms
[2025-07-30T16:38:33.769+0800][59.595s][info][gc,phases   ] GC(1133)   Post Evacuate Collection Set: 0.6ms
[2025-07-30T16:38:33.769+0800][59.595s][info][gc,phases   ] GC(1133)   Other: 0.1ms
[2025-07-30T16:38:33.769+0800][59.595s][info][gc,heap     ] GC(1133) Eden regions: 1017->0(1019)
[2025-07-30T16:38:33.769+0800][59.595s][info][gc,heap     ] GC(1133) Survivor regions: 146->145(146)
[2025-07-30T16:38:33.769+0800][59.595s][info][gc,heap     ] GC(1133) Old regions: 561->561
[2025-07-30T16:38:33.769+0800][59.595s][info][gc,heap     ] GC(1133) Humongous regions: 3->3
[2025-07-30T16:38:33.769+0800][59.595s][info][gc,metaspace] GC(1133) Metaspace: 7247K(7552K)->7247K(7552K) NonClass: 6522K(6656K)->6522K(6656K) Class: 725K(896K)->725K(896K)
[2025-07-30T16:38:33.769+0800][59.595s][info][gc          ] GC(1133) Pause Young (Normal) (G1 Evacuation Pause) 1725M->707M(2048M) 14.912ms
[2025-07-30T16:38:33.769+0800][59.595s][info][gc,cpu      ] GC(1133) User=0.02s Sys=0.00s Real=0.01s
[2025-07-30T16:38:33.769+0800][59.595s][info][safepoint   ] Safepoint "G1CollectForAllocation", Time since last: 37295100 ns, Reaching safepoint: 2000 ns, Cleanup: 2900 ns, At safepoint: 14949200 ns, Total: 14954100 ns
[2025-07-30T16:38:33.806+0800][59.632s][info][gc,start    ] GC(1134) Pause Young (Normal) (G1 Evacuation Pause)
[2025-07-30T16:38:33.806+0800][59.632s][info][gc,task     ] GC(1134) Using 1 workers of 1 for evacuation
[2025-07-30T16:38:33.822+0800][59.647s][info][gc,phases   ] GC(1134)   Pre Evacuate Collection Set: 0.3ms
[2025-07-30T16:38:33.822+0800][59.647s][info][gc,phases   ] GC(1134)   Merge Heap Roots: 0.1ms
[2025-07-30T16:38:33.822+0800][59.647s][info][gc,phases   ] GC(1134)   Evacuate Collection Set: 14.3ms
[2025-07-30T16:38:33.822+0800][59.647s][info][gc,phases   ] GC(1134)   Post Evacuate Collection Set: 0.7ms
[2025-07-30T16:38:33.822+0800][59.647s][info][gc,phases   ] GC(1134)   Other: 0.1ms
[2025-07-30T16:38:33.822+0800][59.647s][info][gc,heap     ] GC(1134) Eden regions: 1019->0(1018)
[2025-07-30T16:38:33.822+0800][59.647s][info][gc,heap     ] GC(1134) Survivor regions: 145->146(146)
[2025-07-30T16:38:33.822+0800][59.647s][info][gc,heap     ] GC(1134) Old regions: 561->561
[2025-07-30T16:38:33.822+0800][59.647s][info][gc,heap     ] GC(1134) Humongous regions: 3->3
[2025-07-30T16:38:33.822+0800][59.647s][info][gc,metaspace] GC(1134) Metaspace: 7247K(7552K)->7247K(7552K) NonClass: 6522K(6656K)->6522K(6656K) Class: 725K(896K)->725K(896K)
[2025-07-30T16:38:33.822+0800][59.647s][info][gc          ] GC(1134) Pause Young (Normal) (G1 Evacuation Pause) 1726M->708M(2048M) 15.581ms
[2025-07-30T16:38:33.822+0800][59.647s][info][gc,cpu      ] GC(1134) User=0.02s Sys=0.00s Real=0.02s
[2025-07-30T16:38:33.822+0800][59.647s][info][safepoint   ] Safepoint "G1CollectForAllocation", Time since last: 36783700 ns, Reaching safepoint: 3700 ns, Cleanup: 2700 ns, At safepoint: 15621100 ns, Total: 15627500 ns
[2025-07-30T16:38:33.859+0800][59.684s][info][gc,start    ] GC(1135) Pause Young (Normal) (G1 Evacuation Pause)
[2025-07-30T16:38:33.859+0800][59.684s][info][gc,task     ] GC(1135) Using 1 workers of 1 for evacuation
[2025-07-30T16:38:33.874+0800][59.700s][info][gc,phases   ] GC(1135)   Pre Evacuate Collection Set: 0.3ms
[2025-07-30T16:38:33.874+0800][59.700s][info][gc,phases   ] GC(1135)   Merge Heap Roots: 0.0ms
[2025-07-30T16:38:33.874+0800][59.700s][info][gc,phases   ] GC(1135)   Evacuate Collection Set: 14.6ms
[2025-07-30T16:38:33.874+0800][59.700s][info][gc,phases   ] GC(1135)   Post Evacuate Collection Set: 0.6ms
[2025-07-30T16:38:33.875+0800][59.700s][info][gc,phases   ] GC(1135)   Other: 0.1ms
[2025-07-30T16:38:33.875+0800][59.700s][info][gc,heap     ] GC(1135) Eden regions: 1018->0(1018)
[2025-07-30T16:38:33.875+0800][59.700s][info][gc,heap     ] GC(1135) Survivor regions: 146->146(146)
[2025-07-30T16:38:33.875+0800][59.700s][info][gc,heap     ] GC(1135) Old regions: 561->561
[2025-07-30T16:38:33.875+0800][59.700s][info][gc,heap     ] GC(1135) Humongous regions: 3->3
[2025-07-30T16:38:33.875+0800][59.700s][info][gc,metaspace] GC(1135) Metaspace: 7247K(7552K)->7247K(7552K) NonClass: 6522K(6656K)->6522K(6656K) Class: 725K(896K)->725K(896K)
[2025-07-30T16:38:33.875+0800][59.700s][info][gc          ] GC(1135) Pause Young (Normal) (G1 Evacuation Pause) 1726M->708M(2048M) 15.905ms
[2025-07-30T16:38:33.875+0800][59.700s][info][gc,cpu      ] GC(1135) User=0.02s Sys=0.00s Real=0.02s
[2025-07-30T16:38:33.875+0800][59.700s][info][safepoint   ] Safepoint "G1CollectForAllocation", Time since last: 36972100 ns, Reaching safepoint: 2400 ns, Cleanup: 3300 ns, At safepoint: 15969000 ns, Total: 15974700 ns
[2025-07-30T16:38:33.912+0800][59.737s][info][gc,start    ] GC(1136) Pause Young (Normal) (G1 Evacuation Pause)
[2025-07-30T16:38:33.912+0800][59.738s][info][gc,task     ] GC(1136) Using 1 workers of 1 for evacuation
[2025-07-30T16:38:33.927+0800][59.753s][info][gc,phases   ] GC(1136)   Pre Evacuate Collection Set: 0.3ms
[2025-07-30T16:38:33.927+0800][59.753s][info][gc,phases   ] GC(1136)   Merge Heap Roots: 0.1ms
[2025-07-30T16:38:33.927+0800][59.753s][info][gc,phases   ] GC(1136)   Evacuate Collection Set: 14.2ms
[2025-07-30T16:38:33.927+0800][59.753s][info][gc,phases   ] GC(1136)   Post Evacuate Collection Set: 0.6ms
[2025-07-30T16:38:33.927+0800][59.753s][info][gc,phases   ] GC(1136)   Other: 0.1ms
[2025-07-30T16:38:33.927+0800][59.753s][info][gc,heap     ] GC(1136) Eden regions: 1018->0(1017)
[2025-07-30T16:38:33.927+0800][59.753s][info][gc,heap     ] GC(1136) Survivor regions: 146->146(146)
[2025-07-30T16:38:33.927+0800][59.753s][info][gc,heap     ] GC(1136) Old regions: 561->561
[2025-07-30T16:38:33.927+0800][59.753s][info][gc,heap     ] GC(1136) Humongous regions: 3->3
[2025-07-30T16:38:33.927+0800][59.753s][info][gc,metaspace] GC(1136) Metaspace: 7247K(7552K)->7247K(7552K) NonClass: 6522K(6656K)->6522K(6656K) Class: 725K(896K)->725K(896K)
[2025-07-30T16:38:33.927+0800][59.753s][info][gc          ] GC(1136) Pause Young (Normal) (G1 Evacuation Pause) 1726M->709M(2048M) 15.520ms
[2025-07-30T16:38:33.927+0800][59.753s][info][gc,cpu      ] GC(1136) User=0.02s Sys=0.00s Real=0.02s
[2025-07-30T16:38:33.927+0800][59.753s][info][safepoint   ] Safepoint "G1CollectForAllocation", Time since last: 37113300 ns, Reaching safepoint: 2600 ns, Cleanup: 2600 ns, At safepoint: 15558900 ns, Total: 15564100 ns
[2025-07-30T16:38:33.964+0800][59.789s][info][gc,start    ] GC(1137) Pause Young (Normal) (G1 Evacuation Pause)
[2025-07-30T16:38:33.964+0800][59.789s][info][gc,task     ] GC(1137) Using 1 workers of 1 for evacuation
[2025-07-30T16:38:33.979+0800][59.804s][info][gc,phases   ] GC(1137)   Pre Evacuate Collection Set: 0.3ms
[2025-07-30T16:38:33.979+0800][59.804s][info][gc,phases   ] GC(1137)   Merge Heap Roots: 0.1ms
[2025-07-30T16:38:33.979+0800][59.804s][info][gc,phases   ] GC(1137)   Evacuate Collection Set: 14.0ms
[2025-07-30T16:38:33.979+0800][59.804s][info][gc,phases   ] GC(1137)   Post Evacuate Collection Set: 0.6ms
[2025-07-30T16:38:33.979+0800][59.804s][info][gc,phases   ] GC(1137)   Other: 0.1ms
[2025-07-30T16:38:33.979+0800][59.804s][info][gc,heap     ] GC(1137) Eden regions: 1017->0(1019)
[2025-07-30T16:38:33.979+0800][59.804s][info][gc,heap     ] GC(1137) Survivor regions: 146->145(146)
[2025-07-30T16:38:33.979+0800][59.804s][info][gc,heap     ] GC(1137) Old regions: 561->561
[2025-07-30T16:38:33.979+0800][59.804s][info][gc,heap     ] GC(1137) Humongous regions: 3->3
[2025-07-30T16:38:33.979+0800][59.804s][info][gc,metaspace] GC(1137) Metaspace: 7247K(7552K)->7247K(7552K) NonClass: 6522K(6656K)->6522K(6656K) Class: 725K(896K)->725K(896K)
[2025-07-30T16:38:33.979+0800][59.804s][info][gc          ] GC(1137) Pause Young (Normal) (G1 Evacuation Pause) 1726M->708M(2048M) 15.214ms
[2025-07-30T16:38:33.979+0800][59.804s][info][gc,cpu      ] GC(1137) User=0.02s Sys=0.00s Real=0.02s
[2025-07-30T16:38:33.979+0800][59.804s][info][safepoint   ] Safepoint "G1CollectForAllocation", Time since last: 36159000 ns, Reaching safepoint: 2200 ns, Cleanup: 2600 ns, At safepoint: 15250700 ns, Total: 15255500 ns
[2025-07-30T16:38:34.016+0800][59.841s][info][gc,start    ] GC(1138) Pause Young (Normal) (G1 Evacuation Pause)
[2025-07-30T16:38:34.016+0800][59.841s][info][gc,task     ] GC(1138) Using 1 workers of 1 for evacuation
[2025-07-30T16:38:34.031+0800][59.856s][info][gc,phases   ] GC(1138)   Pre Evacuate Collection Set: 0.3ms
[2025-07-30T16:38:34.031+0800][59.856s][info][gc,phases   ] GC(1138)   Merge Heap Roots: 0.1ms
[2025-07-30T16:38:34.031+0800][59.856s][info][gc,phases   ] GC(1138)   Evacuate Collection Set: 13.9ms
[2025-07-30T16:38:34.031+0800][59.856s][info][gc,phases   ] GC(1138)   Post Evacuate Collection Set: 0.6ms
[2025-07-30T16:38:34.031+0800][59.856s][info][gc,phases   ] GC(1138)   Other: 0.1ms
[2025-07-30T16:38:34.031+0800][59.856s][info][gc,heap     ] GC(1138) Eden regions: 1019->0(1017)
[2025-07-30T16:38:34.031+0800][59.856s][info][gc,heap     ] GC(1138) Survivor regions: 145->146(146)
[2025-07-30T16:38:34.031+0800][59.856s][info][gc,heap     ] GC(1138) Old regions: 561->561
[2025-07-30T16:38:34.031+0800][59.856s][info][gc,heap     ] GC(1138) Humongous regions: 3->3
[2025-07-30T16:38:34.031+0800][59.856s][info][gc,metaspace] GC(1138) Metaspace: 7247K(7552K)->7247K(7552K) NonClass: 6522K(6656K)->6522K(6656K) Class: 725K(896K)->725K(896K)
[2025-07-30T16:38:34.031+0800][59.856s][info][gc          ] GC(1138) Pause Young (Normal) (G1 Evacuation Pause) 1727M->709M(2048M) 15.077ms
[2025-07-30T16:38:34.031+0800][59.856s][info][gc,cpu      ] GC(1138) User=0.00s Sys=0.00s Real=0.01s
[2025-07-30T16:38:34.031+0800][59.856s][info][safepoint   ] Safepoint "G1CollectForAllocation", Time since last: 36696100 ns, Reaching safepoint: 2500 ns, Cleanup: 2700 ns, At safepoint: 15157200 ns, Total: 15162400 ns
[2025-07-30T16:38:34.068+0800][59.894s][info][gc,start    ] GC(1139) Pause Young (Normal) (G1 Evacuation Pause)
[2025-07-30T16:38:34.068+0800][59.894s][info][gc,task     ] GC(1139) Using 1 workers of 1 for evacuation
[2025-07-30T16:38:34.083+0800][59.909s][info][gc,phases   ] GC(1139)   Pre Evacuate Collection Set: 0.3ms
[2025-07-30T16:38:34.083+0800][59.909s][info][gc,phases   ] GC(1139)   Merge Heap Roots: 0.0ms
[2025-07-30T16:38:34.083+0800][59.909s][info][gc,phases   ] GC(1139)   Evacuate Collection Set: 14.0ms
[2025-07-30T16:38:34.083+0800][59.909s][info][gc,phases   ] GC(1139)   Post Evacuate Collection Set: 0.6ms
[2025-07-30T16:38:34.083+0800][59.909s][info][gc,phases   ] GC(1139)   Other: 0.1ms
[2025-07-30T16:38:34.083+0800][59.909s][info][gc,heap     ] GC(1139) Eden regions: 1017->0(1019)
[2025-07-30T16:38:34.083+0800][59.909s][info][gc,heap     ] GC(1139) Survivor regions: 146->145(146)
[2025-07-30T16:38:34.083+0800][59.909s][info][gc,heap     ] GC(1139) Old regions: 561->561
[2025-07-30T16:38:34.083+0800][59.909s][info][gc,heap     ] GC(1139) Humongous regions: 3->3
[2025-07-30T16:38:34.083+0800][59.909s][info][gc,metaspace] GC(1139) Metaspace: 7247K(7552K)->7247K(7552K) NonClass: 6522K(6656K)->6522K(6656K) Class: 725K(896K)->725K(896K)
[2025-07-30T16:38:34.083+0800][59.909s][info][gc          ] GC(1139) Pause Young (Normal) (G1 Evacuation Pause) 1726M->708M(2048M) 15.188ms
[2025-07-30T16:38:34.083+0800][59.909s][info][gc,cpu      ] GC(1139) User=0.02s Sys=0.00s Real=0.01s
[2025-07-30T16:38:34.083+0800][59.909s][info][safepoint   ] Safepoint "G1CollectForAllocation", Time since last: 37352800 ns, Reaching safepoint: 1900 ns, Cleanup: 2900 ns, At safepoint: 15225600 ns, Total: 15230400 ns
[2025-07-30T16:38:34.120+0800][59.946s][info][gc,start    ] GC(1140) Pause Young (Normal) (G1 Evacuation Pause)
[2025-07-30T16:38:34.120+0800][59.946s][info][gc,task     ] GC(1140) Using 1 workers of 1 for evacuation
[2025-07-30T16:38:34.135+0800][59.961s][info][gc,phases   ] GC(1140)   Pre Evacuate Collection Set: 0.3ms
[2025-07-30T16:38:34.135+0800][59.961s][info][gc,phases   ] GC(1140)   Merge Heap Roots: 0.0ms
[2025-07-30T16:38:34.135+0800][59.961s][info][gc,phases   ] GC(1140)   Evacuate Collection Set: 14.0ms
[2025-07-30T16:38:34.135+0800][59.961s][info][gc,phases   ] GC(1140)   Post Evacuate Collection Set: 0.6ms
[2025-07-30T16:38:34.135+0800][59.961s][info][gc,phases   ] GC(1140)   Other: 0.1ms
[2025-07-30T16:38:34.135+0800][59.961s][info][gc,heap     ] GC(1140) Eden regions: 1019->0(1017)
[2025-07-30T16:38:34.135+0800][59.961s][info][gc,heap     ] GC(1140) Survivor regions: 145->146(146)
[2025-07-30T16:38:34.135+0800][59.961s][info][gc,heap     ] GC(1140) Old regions: 561->561
[2025-07-30T16:38:34.135+0800][59.961s][info][gc,heap     ] GC(1140) Humongous regions: 3->3
[2025-07-30T16:38:34.135+0800][59.961s][info][gc,metaspace] GC(1140) Metaspace: 7247K(7552K)->7247K(7552K) NonClass: 6522K(6656K)->6522K(6656K) Class: 725K(896K)->725K(896K)
[2025-07-30T16:38:34.135+0800][59.961s][info][gc          ] GC(1140) Pause Young (Normal) (G1 Evacuation Pause) 1727M->709M(2048M) 15.171ms
[2025-07-30T16:38:34.135+0800][59.961s][info][gc,cpu      ] GC(1140) User=0.02s Sys=0.00s Real=0.02s
[2025-07-30T16:38:34.135+0800][59.961s][info][safepoint   ] Safepoint "G1CollectForAllocation", Time since last: 36712200 ns, Reaching safepoint: 2400 ns, Cleanup: 2400 ns, At safepoint: 15208400 ns, Total: 15213200 ns
[2025-07-30T16:38:34.170+0800][59.997s][info][gc,start    ] GC(1141) Pause Young (Normal) (G1 Evacuation Pause)
[2025-07-30T16:38:34.172+0800][59.997s][info][gc,task     ] GC(1141) Using 1 workers of 1 for evacuation
[2025-07-30T16:38:34.186+0800][60.012s][info][gc,phases   ] GC(1141)   Pre Evacuate Collection Set: 0.3ms
[2025-07-30T16:38:34.186+0800][60.012s][info][gc,phases   ] GC(1141)   Merge Heap Roots: 0.1ms
[2025-07-30T16:38:34.186+0800][60.012s][info][gc,phases   ] GC(1141)   Evacuate Collection Set: 14.1ms
[2025-07-30T16:38:34.186+0800][60.012s][info][gc,phases   ] GC(1141)   Post Evacuate Collection Set: 0.6ms
[2025-07-30T16:38:34.186+0800][60.012s][info][gc,phases   ] GC(1141)   Other: 0.1ms
[2025-07-30T16:38:34.186+0800][60.012s][info][gc,heap     ] GC(1141) Eden regions: 1017->0(1017)
[2025-07-30T16:38:34.186+0800][60.012s][info][gc,heap     ] GC(1141) Survivor regions: 146->146(146)
[2025-07-30T16:38:34.186+0800][60.012s][info][gc,heap     ] GC(1141) Old regions: 561->561
[2025-07-30T16:38:34.186+0800][60.012s][info][gc,heap     ] GC(1141) Humongous regions: 3->3
[2025-07-30T16:38:34.186+0800][60.012s][info][gc,metaspace] GC(1141) Metaspace: 7247K(7552K)->7247K(7552K) NonClass: 6522K(6656K)->6522K(6656K) Class: 725K(896K)->725K(896K)
[2025-07-30T16:38:34.186+0800][60.012s][info][gc          ] GC(1141) Pause Young (Normal) (G1 Evacuation Pause) 1726M->708M(2048M) 15.471ms
[2025-07-30T16:38:34.186+0800][60.012s][info][gc,cpu      ] GC(1141) User=0.02s Sys=0.00s Real=0.02s
[2025-07-30T16:38:34.186+0800][60.012s][info][safepoint   ] Safepoint "G1CollectForAllocation", Time since last: 35904500 ns, Reaching safepoint: 3200 ns, Cleanup: 3800 ns, At safepoint: 15511600 ns, Total: 15518600 ns
[2025-07-30T16:38:34.223+0800][60.048s][info][gc,start    ] GC(1142) Pause Young (Normal) (G1 Evacuation Pause)
[2025-07-30T16:38:34.223+0800][60.048s][info][gc,task     ] GC(1142) Using 1 workers of 1 for evacuation
[2025-07-30T16:38:34.238+0800][60.063s][info][gc,phases   ] GC(1142)   Pre Evacuate Collection Set: 0.3ms
[2025-07-30T16:38:34.238+0800][60.063s][info][gc,phases   ] GC(1142)   Merge Heap Roots: 0.0ms
[2025-07-30T16:38:34.238+0800][60.063s][info][gc,phases   ] GC(1142)   Evacuate Collection Set: 13.7ms
[2025-07-30T16:38:34.238+0800][60.063s][info][gc,phases   ] GC(1142)   Post Evacuate Collection Set: 0.6ms
[2025-07-30T16:38:34.238+0800][60.063s][info][gc,phases   ] GC(1142)   Other: 0.1ms
[2025-07-30T16:38:34.238+0800][60.063s][info][gc,heap     ] GC(1142) Eden regions: 1017->0(1019)
[2025-07-30T16:38:34.238+0800][60.063s][info][gc,heap     ] GC(1142) Survivor regions: 146->145(146)
[2025-07-30T16:38:34.238+0800][60.063s][info][gc,heap     ] GC(1142) Old regions: 561->561
[2025-07-30T16:38:34.238+0800][60.063s][info][gc,heap     ] GC(1142) Humongous regions: 3->3
[2025-07-30T16:38:34.238+0800][60.063s][info][gc,metaspace] GC(1142) Metaspace: 7247K(7552K)->7247K(7552K) NonClass: 6522K(6656K)->6522K(6656K) Class: 725K(896K)->725K(896K)
[2025-07-30T16:38:34.238+0800][60.063s][info][gc          ] GC(1142) Pause Young (Normal) (G1 Evacuation Pause) 1725M->707M(2048M) 14.871ms
[2025-07-30T16:38:34.238+0800][60.063s][info][gc,cpu      ] GC(1142) User=0.02s Sys=0.00s Real=0.01s
[2025-07-30T16:38:34.238+0800][60.063s][info][safepoint   ] Safepoint "G1CollectForAllocation", Time since last: 36086800 ns, Reaching safepoint: 1900 ns, Cleanup: 2700 ns, At safepoint: 14908000 ns, Total: 14912600 ns
[2025-07-30T16:38:34.255+0800][60.081s][info][gc,heap,exit] Heap
[2025-07-30T16:38:34.255+0800][60.081s][info][gc,heap,exit]  garbage-first heap   total 2097152K, used 1099764K [0x0000000080000000, 0x0000000100000000)
[2025-07-30T16:38:34.256+0800][60.081s][info][gc,heap,exit]   region size 1024K, 511 young (523264K), 145 survivors (148480K)
[2025-07-30T16:38:34.256+0800][60.081s][info][gc,heap,exit]  Metaspace       used 7306K, committed 7616K, reserved 1114112K
[2025-07-30T16:38:34.256+0800][60.081s][info][gc,heap,exit]   class space    used 729K, committed 896K, reserved 1048576K
